python3 submission_runner.py --framework=jax --workload=librispeech_conformer --submission_path=prize_qualification_baselines/external_tuning/jax_nadamw_full_budget.py --tuning_search_space=prize_qualification_baselines/external_tuning/tuning_search_space.json --data_dir=/data/librispeech --num_tuning_trials=1 --experiment_dir=/experiment_runs --experiment_name=prize_qualification/study_1 --overwrite=true --save_checkpoints=false --num_tuning_trials=5 --rng_seed=2554204701 --max_global_steps=80000 --librispeech_tokenizer_vocab_path=/data/librispeech/spm_model.vocab 2>&1 | tee -a /logs/librispeech_conformer_jax_02-14-2024-02-48-34.log
I0214 02:48:55.473892 140399019657024 logger_utils.py:76] Creating experiment directory at /experiment_runs/prize_qualification/study_1/librispeech_conformer_jax.
I0214 02:48:56.510845 140399019657024 xla_bridge.py:455] Unable to initialize backend 'rocm': NOT_FOUND: Could not find registered platform with name: "rocm". Available platform names are: Interpreter Host CUDA
I0214 02:48:56.511605 140399019657024 xla_bridge.py:455] Unable to initialize backend 'tpu': module 'jaxlib.xla_extension' has no attribute 'get_tpu_client'
I0214 02:48:56.511733 140399019657024 xla_bridge.py:455] Unable to initialize backend 'plugin': xla_extension has no attributes named get_plugin_device_client. Compile TensorFlow with //tensorflow/compiler/xla/python:enable_plugin_device set to true (defaults to false) to enable this.
I0214 02:48:56.512847 140399019657024 submission_runner.py:542] Using RNG seed 2554204701
I0214 02:48:57.672131 140399019657024 submission_runner.py:551] --- Tuning run 1/5 ---
I0214 02:48:57.672340 140399019657024 submission_runner.py:556] Creating tuning directory at /experiment_runs/prize_qualification/study_1/librispeech_conformer_jax/trial_1.
I0214 02:48:57.672754 140399019657024 logger_utils.py:92] Saving hparams to /experiment_runs/prize_qualification/study_1/librispeech_conformer_jax/trial_1/hparams.json.
I0214 02:48:57.859725 140399019657024 submission_runner.py:206] Initializing dataset.
I0214 02:48:57.859950 140399019657024 submission_runner.py:213] Initializing model.
I0214 02:49:02.881759 140399019657024 submission_runner.py:255] Initializing optimizer.
I0214 02:49:04.131569 140399019657024 submission_runner.py:262] Initializing metrics bundle.
I0214 02:49:04.131768 140399019657024 submission_runner.py:280] Initializing checkpoint and logger.
I0214 02:49:04.132947 140399019657024 checkpoints.py:915] Found no checkpoint files in /experiment_runs/prize_qualification/study_1/librispeech_conformer_jax/trial_1 with prefix checkpoint_
I0214 02:49:04.133087 140399019657024 submission_runner.py:300] Saving meta data to /experiment_runs/prize_qualification/study_1/librispeech_conformer_jax/trial_1/meta_data_0.json.
I0214 02:49:04.133292 140399019657024 logger_utils.py:257] Unable to record workload.train_mean information. Continuing without it.
I0214 02:49:04.133357 140399019657024 logger_utils.py:257] Unable to record workload.train_stddev information. Continuing without it.
fatal: detected dubious ownership in repository at '/algorithmic-efficiency'
To add an exception for this directory, call:

	git config --global --add safe.directory /algorithmic-efficiency
I0214 02:49:04.445557 140399019657024 logger_utils.py:220] Unable to record git information. Continuing without it.
I0214 02:49:04.727210 140399019657024 submission_runner.py:304] Saving flags to /experiment_runs/prize_qualification/study_1/librispeech_conformer_jax/trial_1/flags_0.json.
I0214 02:49:04.742677 140399019657024 submission_runner.py:314] Starting training loop.
I0214 02:49:05.045512 140399019657024 input_pipeline.py:20] Loading split = train-clean-100
I0214 02:49:05.083951 140399019657024 input_pipeline.py:20] Loading split = train-clean-360
I0214 02:49:05.506960 140399019657024 input_pipeline.py:20] Loading split = train-other-500
/usr/local/lib/python3.8/dist-packages/jax/_src/interpreters/mlir.py:582: UserWarning: Some donated buffers were not usable: ShapedArray(float32[512]), ShapedArray(float32[512]), ShapedArray(float32[512]), ShapedArray(float32[512]), ShapedArray(float32[512]), ShapedArray(float32[512]), ShapedArray(float32[512]), ShapedArray(float32[512]).
See an explanation at https://jax.readthedocs.io/en/latest/faq.html#buffer-donation.
  warnings.warn(f"Some donated buffers were not usable: {', '.join(unused_donations)}.\n{msg}")
I0214 02:50:06.921607 140224885671680 logging_writer.py:48] [0] global_step=0, grad_norm=46.65699768066406, loss=32.59967803955078
I0214 02:50:06.959966 140399019657024 spec.py:321] Evaluating on the training split.
I0214 02:50:07.128435 140399019657024 input_pipeline.py:20] Loading split = train-clean-100
I0214 02:50:07.163148 140399019657024 input_pipeline.py:20] Loading split = train-clean-360
I0214 02:50:07.555671 140399019657024 input_pipeline.py:20] Loading split = train-other-500
/usr/local/lib/python3.8/dist-packages/jax/_src/ops/scatter.py:92: FutureWarning: scatter inputs have incompatible types: cannot safely cast value from dtype=float32 to dtype=int32. In future JAX releases this will result in an error.
  warnings.warn("scatter inputs have incompatible types: cannot safely cast "
I0214 02:51:26.825319 140399019657024 spec.py:333] Evaluating on the validation split.
I0214 02:51:26.942553 140399019657024 input_pipeline.py:20] Loading split = dev-clean
I0214 02:51:26.947861 140399019657024 input_pipeline.py:20] Loading split = dev-other
I0214 02:52:32.257195 140399019657024 spec.py:349] Evaluating on the test split.
I0214 02:52:32.374637 140399019657024 input_pipeline.py:20] Loading split = test-clean
I0214 02:53:10.660982 140399019657024 submission_runner.py:408] Time since start: 245.92s, 	Step: 1, 	{'train/ctc_loss': Array(32.02916, dtype=float32), 'train/wer': 1.3788965703933531, 'validation/ctc_loss': Array(31.163591, dtype=float32), 'validation/wer': 1.043156299178389, 'validation/num_examples': 5348, 'test/ctc_loss': Array(31.27949, dtype=float32), 'test/wer': 1.0976986980277457, 'test/num_examples': 2472, 'score': 62.217230796813965, 'total_duration': 245.91571712493896, 'accumulated_submission_time': 62.217230796813965, 'accumulated_eval_time': 183.69842910766602, 'accumulated_logging_time': 0}
I0214 02:53:10.689110 140215641433856 logging_writer.py:48] [1] accumulated_eval_time=183.698429, accumulated_logging_time=0, accumulated_submission_time=62.217231, global_step=1, preemption_count=0, score=62.217231, test/ctc_loss=31.279489517211914, test/num_examples=2472, test/wer=1.097699, total_duration=245.915717, train/ctc_loss=32.02915954589844, train/wer=1.378897, validation/ctc_loss=31.163591384887695, validation/num_examples=5348, validation/wer=1.043156
I0214 02:54:50.618914 140226672416512 logging_writer.py:48] [100] global_step=100, grad_norm=23.54883575439453, loss=8.06506633758545
I0214 02:56:08.039816 140226680809216 logging_writer.py:48] [200] global_step=200, grad_norm=2.180469274520874, loss=6.207576274871826
I0214 02:57:25.603695 140226672416512 logging_writer.py:48] [300] global_step=300, grad_norm=1.2001465559005737, loss=5.863913059234619
I0214 02:58:42.770006 140226680809216 logging_writer.py:48] [400] global_step=400, grad_norm=0.3545736074447632, loss=5.814631462097168
I0214 03:00:00.131099 140226672416512 logging_writer.py:48] [500] global_step=500, grad_norm=0.2500763535499573, loss=5.81234073638916
I0214 03:01:25.183382 140226680809216 logging_writer.py:48] [600] global_step=600, grad_norm=0.3027534782886505, loss=5.811140060424805
I0214 03:02:52.991544 140226672416512 logging_writer.py:48] [700] global_step=700, grad_norm=0.8503317832946777, loss=5.817859172821045
I0214 03:04:20.431540 140226680809216 logging_writer.py:48] [800] global_step=800, grad_norm=0.58623868227005, loss=5.80345344543457
I0214 03:05:45.979988 140226672416512 logging_writer.py:48] [900] global_step=900, grad_norm=0.25471779704093933, loss=5.771727085113525
I0214 03:07:14.230871 140226680809216 logging_writer.py:48] [1000] global_step=1000, grad_norm=0.4502325654029846, loss=5.800830841064453
I0214 03:08:37.762127 140227378132736 logging_writer.py:48] [1100] global_step=1100, grad_norm=0.4998590350151062, loss=5.785528182983398
I0214 03:09:54.971991 140227369740032 logging_writer.py:48] [1200] global_step=1200, grad_norm=0.36314165592193604, loss=5.770524024963379
I0214 03:11:13.036307 140227378132736 logging_writer.py:48] [1300] global_step=1300, grad_norm=0.4102992117404938, loss=5.785315036773682
I0214 03:12:30.371334 140227369740032 logging_writer.py:48] [1400] global_step=1400, grad_norm=0.2968561351299286, loss=5.772067070007324
I0214 03:13:48.653253 140227378132736 logging_writer.py:48] [1500] global_step=1500, grad_norm=0.4834307134151459, loss=5.7769317626953125
I0214 03:15:16.481639 140227369740032 logging_writer.py:48] [1600] global_step=1600, grad_norm=0.8626517057418823, loss=5.718222618103027
I0214 03:16:40.243526 140227378132736 logging_writer.py:48] [1700] global_step=1700, grad_norm=0.7020875215530396, loss=5.580896377563477
I0214 03:17:11.322139 140399019657024 spec.py:321] Evaluating on the training split.
I0214 03:17:49.099470 140399019657024 spec.py:333] Evaluating on the validation split.
I0214 03:18:36.168526 140399019657024 spec.py:349] Evaluating on the test split.
I0214 03:18:59.225642 140399019657024 submission_runner.py:408] Time since start: 1794.48s, 	Step: 1738, 	{'train/ctc_loss': Array(6.6277523, dtype=float32), 'train/wer': 0.944635537887994, 'validation/ctc_loss': Array(6.710369, dtype=float32), 'validation/wer': 0.8966179750330672, 'validation/num_examples': 5348, 'test/ctc_loss': Array(6.6806073, dtype=float32), 'test/wer': 0.899579550301627, 'test/num_examples': 2472, 'score': 1502.7666385173798, 'total_duration': 1794.4777307510376, 'accumulated_submission_time': 1502.7666385173798, 'accumulated_eval_time': 291.5967798233032, 'accumulated_logging_time': 0.04290056228637695}
I0214 03:18:59.261282 140228033492736 logging_writer.py:48] [1738] accumulated_eval_time=291.596780, accumulated_logging_time=0.042901, accumulated_submission_time=1502.766639, global_step=1738, preemption_count=0, score=1502.766639, test/ctc_loss=6.680607318878174, test/num_examples=2472, test/wer=0.899580, total_duration=1794.477731, train/ctc_loss=6.627752304077148, train/wer=0.944636, validation/ctc_loss=6.710369110107422, validation/num_examples=5348, validation/wer=0.896618
I0214 03:19:48.771680 140228025100032 logging_writer.py:48] [1800] global_step=1800, grad_norm=2.1735997200012207, loss=5.529717922210693
I0214 03:21:06.199720 140228033492736 logging_writer.py:48] [1900] global_step=1900, grad_norm=0.4659096896648407, loss=5.293018817901611
I0214 03:22:23.684683 140228025100032 logging_writer.py:48] [2000] global_step=2000, grad_norm=1.6944855451583862, loss=4.8540143966674805
I0214 03:23:45.514979 140228688852736 logging_writer.py:48] [2100] global_step=2100, grad_norm=0.7902207970619202, loss=4.220525741577148
I0214 03:25:03.531152 140228680460032 logging_writer.py:48] [2200] global_step=2200, grad_norm=1.165855050086975, loss=3.8382928371429443
I0214 03:26:21.503618 140228688852736 logging_writer.py:48] [2300] global_step=2300, grad_norm=1.1654595136642456, loss=3.554292917251587
I0214 03:27:39.157563 140228680460032 logging_writer.py:48] [2400] global_step=2400, grad_norm=1.1425021886825562, loss=3.4257731437683105
I0214 03:28:57.005121 140228688852736 logging_writer.py:48] [2500] global_step=2500, grad_norm=1.0388069152832031, loss=3.2409708499908447
I0214 03:30:25.073150 140228680460032 logging_writer.py:48] [2600] global_step=2600, grad_norm=0.9944076538085938, loss=3.178326368331909
I0214 03:31:53.351675 140228688852736 logging_writer.py:48] [2700] global_step=2700, grad_norm=1.0505192279815674, loss=3.0551249980926514
I0214 03:33:16.946722 140228680460032 logging_writer.py:48] [2800] global_step=2800, grad_norm=0.9341892600059509, loss=2.9381842613220215
I0214 03:34:43.223911 140228688852736 logging_writer.py:48] [2900] global_step=2900, grad_norm=0.9437026381492615, loss=2.8871500492095947
I0214 03:36:11.264561 140228680460032 logging_writer.py:48] [3000] global_step=3000, grad_norm=1.1566054821014404, loss=2.826350688934326
I0214 03:37:39.167290 140227378132736 logging_writer.py:48] [3100] global_step=3100, grad_norm=0.9622841477394104, loss=2.6967132091522217
I0214 03:38:56.484548 140227369740032 logging_writer.py:48] [3200] global_step=3200, grad_norm=1.1070373058319092, loss=2.6773269176483154
I0214 03:40:13.493927 140227378132736 logging_writer.py:48] [3300] global_step=3300, grad_norm=0.8992457389831543, loss=2.648538827896118
I0214 03:41:30.770630 140227369740032 logging_writer.py:48] [3400] global_step=3400, grad_norm=0.9805911183357239, loss=2.589458465576172
I0214 03:42:49.267888 140227378132736 logging_writer.py:48] [3500] global_step=3500, grad_norm=0.98311847448349, loss=2.492621660232544
I0214 03:42:59.625459 140399019657024 spec.py:321] Evaluating on the training split.
I0214 03:43:50.951192 140399019657024 spec.py:333] Evaluating on the validation split.
I0214 03:44:41.977982 140399019657024 spec.py:349] Evaluating on the test split.
I0214 03:45:07.531507 140399019657024 submission_runner.py:408] Time since start: 3362.78s, 	Step: 3514, 	{'train/ctc_loss': Array(2.9477355, dtype=float32), 'train/wer': 0.6334869349812215, 'validation/ctc_loss': Array(3.3468678, dtype=float32), 'validation/wer': 0.6825936259980497, 'validation/num_examples': 5348, 'test/ctc_loss': Array(3.023245, dtype=float32), 'test/wer': 0.625312290536835, 'test/num_examples': 2472, 'score': 2943.0448310375214, 'total_duration': 3362.7826220989227, 'accumulated_submission_time': 2943.0448310375214, 'accumulated_eval_time': 419.49665999412537, 'accumulated_logging_time': 0.09370923042297363}
I0214 03:45:07.574826 140228033492736 logging_writer.py:48] [3514] accumulated_eval_time=419.496660, accumulated_logging_time=0.093709, accumulated_submission_time=2943.044831, global_step=3514, preemption_count=0, score=2943.044831, test/ctc_loss=3.023245096206665, test/num_examples=2472, test/wer=0.625312, total_duration=3362.782622, train/ctc_loss=2.947735548019409, train/wer=0.633487, validation/ctc_loss=3.346867799758911, validation/num_examples=5348, validation/wer=0.682594
I0214 03:46:14.180166 140228025100032 logging_writer.py:48] [3600] global_step=3600, grad_norm=1.0634602308273315, loss=2.5180745124816895
I0214 03:47:31.143600 140228033492736 logging_writer.py:48] [3700] global_step=3700, grad_norm=1.015724778175354, loss=2.4562056064605713
I0214 03:48:49.138041 140228025100032 logging_writer.py:48] [3800] global_step=3800, grad_norm=1.1646472215652466, loss=2.4087448120117188
I0214 03:50:15.981996 140228033492736 logging_writer.py:48] [3900] global_step=3900, grad_norm=0.979387640953064, loss=2.3711936473846436
I0214 03:51:41.457144 140228025100032 logging_writer.py:48] [4000] global_step=4000, grad_norm=0.8527163863182068, loss=2.3354408740997314
I0214 03:53:10.198735 140228033492736 logging_writer.py:48] [4100] global_step=4100, grad_norm=1.0324324369430542, loss=2.3520140647888184
I0214 03:54:32.388146 140228033492736 logging_writer.py:48] [4200] global_step=4200, grad_norm=0.8242277503013611, loss=2.259089469909668
I0214 03:55:49.277623 140228025100032 logging_writer.py:48] [4300] global_step=4300, grad_norm=0.8164480924606323, loss=2.2601583003997803
I0214 03:57:06.155504 140228033492736 logging_writer.py:48] [4400] global_step=4400, grad_norm=0.8698683381080627, loss=2.1996123790740967
I0214 03:58:23.301828 140228025100032 logging_writer.py:48] [4500] global_step=4500, grad_norm=1.0098106861114502, loss=2.1804351806640625
I0214 03:59:45.766367 140228033492736 logging_writer.py:48] [4600] global_step=4600, grad_norm=1.0828388929367065, loss=2.1094346046447754
I0214 04:01:15.368722 140228025100032 logging_writer.py:48] [4700] global_step=4700, grad_norm=0.927733302116394, loss=2.0849087238311768
I0214 04:02:45.128436 140228033492736 logging_writer.py:48] [4800] global_step=4800, grad_norm=0.8859367370605469, loss=2.069143533706665
I0214 04:04:14.948672 140228025100032 logging_writer.py:48] [4900] global_step=4900, grad_norm=1.005391001701355, loss=2.0766441822052
I0214 04:05:43.018125 140228033492736 logging_writer.py:48] [5000] global_step=5000, grad_norm=0.9979166984558105, loss=2.0405545234680176
I0214 04:07:10.646612 140228025100032 logging_writer.py:48] [5100] global_step=5100, grad_norm=0.8738248348236084, loss=1.9977912902832031
I0214 04:08:35.074309 140228033492736 logging_writer.py:48] [5200] global_step=5200, grad_norm=0.8808873891830444, loss=2.0188167095184326
I0214 04:09:07.789979 140399019657024 spec.py:321] Evaluating on the training split.
I0214 04:10:03.061825 140399019657024 spec.py:333] Evaluating on the validation split.
I0214 04:10:55.816193 140399019657024 spec.py:349] Evaluating on the test split.
I0214 04:11:22.091426 140399019657024 submission_runner.py:408] Time since start: 4937.34s, 	Step: 5244, 	{'train/ctc_loss': Array(0.7954038, dtype=float32), 'train/wer': 0.26949412527476, 'validation/ctc_loss': Array(1.1628219, dtype=float32), 'validation/wer': 0.3323517769388957, 'validation/num_examples': 5348, 'test/ctc_loss': Array(0.86656547, dtype=float32), 'test/wer': 0.2749172303130014, 'test/num_examples': 2472, 'score': 4383.173229217529, 'total_duration': 4937.342960596085, 'accumulated_submission_time': 4383.173229217529, 'accumulated_eval_time': 553.7924075126648, 'accumulated_logging_time': 0.1545546054840088}
I0214 04:11:22.124724 140228688852736 logging_writer.py:48] [5244] accumulated_eval_time=553.792408, accumulated_logging_time=0.154555, accumulated_submission_time=4383.173229, global_step=5244, preemption_count=0, score=4383.173229, test/ctc_loss=0.866565465927124, test/num_examples=2472, test/wer=0.274917, total_duration=4937.342961, train/ctc_loss=0.795403778553009, train/wer=0.269494, validation/ctc_loss=1.162821888923645, validation/num_examples=5348, validation/wer=0.332352
I0214 04:12:06.148302 140228680460032 logging_writer.py:48] [5300] global_step=5300, grad_norm=0.9456565976142883, loss=1.9309417009353638
I0214 04:13:23.116018 140228688852736 logging_writer.py:48] [5400] global_step=5400, grad_norm=0.7732535004615784, loss=1.9237713813781738
I0214 04:14:40.316166 140228680460032 logging_writer.py:48] [5500] global_step=5500, grad_norm=0.7488285303115845, loss=1.9416390657424927
I0214 04:15:57.182223 140228688852736 logging_writer.py:48] [5600] global_step=5600, grad_norm=0.8846495151519775, loss=1.9598321914672852
I0214 04:17:23.880199 140228680460032 logging_writer.py:48] [5700] global_step=5700, grad_norm=0.8924286961555481, loss=1.9251054525375366
I0214 04:18:52.782696 140228688852736 logging_writer.py:48] [5800] global_step=5800, grad_norm=0.7623401284217834, loss=1.8749582767486572
I0214 04:20:20.253909 140228680460032 logging_writer.py:48] [5900] global_step=5900, grad_norm=0.8640207648277283, loss=1.8576534986495972
I0214 04:21:49.451690 140228688852736 logging_writer.py:48] [6000] global_step=6000, grad_norm=1.0296663045883179, loss=1.8836772441864014
I0214 04:23:17.897399 140228680460032 logging_writer.py:48] [6100] global_step=6100, grad_norm=0.8704034090042114, loss=1.9025551080703735
I0214 04:24:47.853679 140228688852736 logging_writer.py:48] [6200] global_step=6200, grad_norm=0.7770646810531616, loss=1.7713923454284668
I0214 04:26:04.458769 140228680460032 logging_writer.py:48] [6300] global_step=6300, grad_norm=0.8187523484230042, loss=1.8574382066726685
I0214 04:27:21.660305 140228688852736 logging_writer.py:48] [6400] global_step=6400, grad_norm=0.7580314874649048, loss=1.8701978921890259
I0214 04:28:40.024996 140228680460032 logging_writer.py:48] [6500] global_step=6500, grad_norm=0.7444121837615967, loss=1.8487305641174316
I0214 04:30:02.940594 140228688852736 logging_writer.py:48] [6600] global_step=6600, grad_norm=0.7696605324745178, loss=1.7808175086975098
I0214 04:31:31.210434 140228680460032 logging_writer.py:48] [6700] global_step=6700, grad_norm=0.8684462904930115, loss=1.8210816383361816
I0214 04:33:00.149870 140228688852736 logging_writer.py:48] [6800] global_step=6800, grad_norm=0.7371543049812317, loss=1.779318928718567
I0214 04:34:25.350571 140228680460032 logging_writer.py:48] [6900] global_step=6900, grad_norm=0.7922670841217041, loss=1.8491774797439575
I0214 04:35:22.396955 140399019657024 spec.py:321] Evaluating on the training split.
I0214 04:36:18.431416 140399019657024 spec.py:333] Evaluating on the validation split.
I0214 04:37:11.310699 140399019657024 spec.py:349] Evaluating on the test split.
I0214 04:37:38.627569 140399019657024 submission_runner.py:408] Time since start: 6513.88s, 	Step: 6967, 	{'train/ctc_loss': Array(0.52575487, dtype=float32), 'train/wer': 0.18291635685785798, 'validation/ctc_loss': Array(0.8364061, dtype=float32), 'validation/wer': 0.2505092829489172, 'validation/num_examples': 5348, 'test/ctc_loss': Array(0.570568, dtype=float32), 'test/wer': 0.19348810757012572, 'test/num_examples': 2472, 'score': 5823.355607032776, 'total_duration': 6513.878301858902, 'accumulated_submission_time': 5823.355607032776, 'accumulated_eval_time': 690.0164759159088, 'accumulated_logging_time': 0.20651555061340332}
I0214 04:37:38.662809 140228688852736 logging_writer.py:48] [6967] accumulated_eval_time=690.016476, accumulated_logging_time=0.206516, accumulated_submission_time=5823.355607, global_step=6967, preemption_count=0, score=5823.355607, test/ctc_loss=0.5705680251121521, test/num_examples=2472, test/wer=0.193488, total_duration=6513.878302, train/ctc_loss=0.5257548689842224, train/wer=0.182916, validation/ctc_loss=0.8364061117172241, validation/num_examples=5348, validation/wer=0.250509
I0214 04:38:04.633390 140228680460032 logging_writer.py:48] [7000] global_step=7000, grad_norm=0.7993415594100952, loss=1.828171730041504
I0214 04:39:21.279666 140228688852736 logging_writer.py:48] [7100] global_step=7100, grad_norm=0.6924585103988647, loss=1.8055068254470825
I0214 04:40:37.951978 140228680460032 logging_writer.py:48] [7200] global_step=7200, grad_norm=0.8903378844261169, loss=1.736720085144043
I0214 04:41:58.302010 140228688852736 logging_writer.py:48] [7300] global_step=7300, grad_norm=0.7369360327720642, loss=1.7603211402893066
I0214 04:43:20.020781 140228680460032 logging_writer.py:48] [7400] global_step=7400, grad_norm=0.8583273887634277, loss=1.732661247253418
I0214 04:44:39.752776 140228688852736 logging_writer.py:48] [7500] global_step=7500, grad_norm=0.7450730204582214, loss=1.7058888673782349
I0214 04:46:01.549637 140228680460032 logging_writer.py:48] [7600] global_step=7600, grad_norm=0.7780295014381409, loss=1.750163197517395
I0214 04:47:30.834124 140228688852736 logging_writer.py:48] [7700] global_step=7700, grad_norm=0.7993589043617249, loss=1.7549914121627808
I0214 04:48:59.613406 140228680460032 logging_writer.py:48] [7800] global_step=7800, grad_norm=1.0684489011764526, loss=1.6730756759643555
I0214 04:50:22.977532 140228688852736 logging_writer.py:48] [7900] global_step=7900, grad_norm=0.8251162767410278, loss=1.769269585609436
I0214 04:51:50.115501 140228680460032 logging_writer.py:48] [8000] global_step=8000, grad_norm=0.8624464869499207, loss=1.725078821182251
I0214 04:53:18.456360 140228688852736 logging_writer.py:48] [8100] global_step=8100, grad_norm=0.7978437542915344, loss=1.7336798906326294
I0214 04:54:47.937378 140228680460032 logging_writer.py:48] [8200] global_step=8200, grad_norm=0.8295857906341553, loss=1.727344274520874
I0214 04:56:12.132926 140228688852736 logging_writer.py:48] [8300] global_step=8300, grad_norm=0.6864697933197021, loss=1.6806832551956177
I0214 04:57:31.058389 140228680460032 logging_writer.py:48] [8400] global_step=8400, grad_norm=0.7035327553749084, loss=1.6759274005889893
I0214 04:58:50.945706 140228688852736 logging_writer.py:48] [8500] global_step=8500, grad_norm=0.728233814239502, loss=1.71537184715271
I0214 05:00:15.747784 140228680460032 logging_writer.py:48] [8600] global_step=8600, grad_norm=0.6827844977378845, loss=1.7282449007034302
I0214 05:01:38.772397 140399019657024 spec.py:321] Evaluating on the training split.
I0214 05:02:33.634300 140399019657024 spec.py:333] Evaluating on the validation split.
I0214 05:03:26.407532 140399019657024 spec.py:349] Evaluating on the test split.
I0214 05:03:53.728701 140399019657024 submission_runner.py:408] Time since start: 8088.98s, 	Step: 8695, 	{'train/ctc_loss': Array(0.4505587, dtype=float32), 'train/wer': 0.160277457652917, 'validation/ctc_loss': Array(0.7544828, dtype=float32), 'validation/wer': 0.2271257132374948, 'validation/num_examples': 5348, 'test/ctc_loss': Array(0.49796993, dtype=float32), 'test/wer': 0.1694595088660045, 'test/num_examples': 2472, 'score': 7263.37749004364, 'total_duration': 8088.980140447617, 'accumulated_submission_time': 7263.37749004364, 'accumulated_eval_time': 824.9669606685638, 'accumulated_logging_time': 0.2596597671508789}
I0214 05:03:53.763207 140228688852736 logging_writer.py:48] [8695] accumulated_eval_time=824.966961, accumulated_logging_time=0.259660, accumulated_submission_time=7263.377490, global_step=8695, preemption_count=0, score=7263.377490, test/ctc_loss=0.49796992540359497, test/num_examples=2472, test/wer=0.169460, total_duration=8088.980140, train/ctc_loss=0.45055869221687317, train/wer=0.160277, validation/ctc_loss=0.7544828057289124, validation/num_examples=5348, validation/wer=0.227126
I0214 05:03:58.445751 140228680460032 logging_writer.py:48] [8700] global_step=8700, grad_norm=0.6476874351501465, loss=1.6563180685043335
I0214 05:05:15.630663 140228688852736 logging_writer.py:48] [8800] global_step=8800, grad_norm=0.8042441010475159, loss=1.6840150356292725
I0214 05:06:32.776675 140228680460032 logging_writer.py:48] [8900] global_step=8900, grad_norm=0.7059640288352966, loss=1.6779561042785645
I0214 05:07:58.057532 140228688852736 logging_writer.py:48] [9000] global_step=9000, grad_norm=0.636300265789032, loss=1.6943012475967407
I0214 05:09:30.442021 140228680460032 logging_writer.py:48] [9100] global_step=9100, grad_norm=0.6720351576805115, loss=1.6531201601028442
I0214 05:11:00.857364 140228688852736 logging_writer.py:48] [9200] global_step=9200, grad_norm=0.734546959400177, loss=1.6081570386886597
I0214 05:12:29.038704 140228688852736 logging_writer.py:48] [9300] global_step=9300, grad_norm=0.6521489024162292, loss=1.572424292564392
I0214 05:13:46.650045 140228680460032 logging_writer.py:48] [9400] global_step=9400, grad_norm=0.7572503685951233, loss=1.6194965839385986
I0214 05:15:03.168916 140228688852736 logging_writer.py:48] [9500] global_step=9500, grad_norm=0.8769221305847168, loss=1.638796329498291
I0214 05:16:25.402251 140228680460032 logging_writer.py:48] [9600] global_step=9600, grad_norm=0.6446064710617065, loss=1.627496361732483
I0214 05:17:50.970927 140228688852736 logging_writer.py:48] [9700] global_step=9700, grad_norm=0.6997306942939758, loss=1.6081194877624512
I0214 05:19:22.517373 140228680460032 logging_writer.py:48] [9800] global_step=9800, grad_norm=0.633395791053772, loss=1.6745364665985107
I0214 05:20:49.538955 140228688852736 logging_writer.py:48] [9900] global_step=9900, grad_norm=0.6059873104095459, loss=1.6402415037155151
I0214 05:22:17.694217 140228680460032 logging_writer.py:48] [10000] global_step=10000, grad_norm=0.7110649943351746, loss=1.6650851964950562
I0214 05:23:44.416655 140228688852736 logging_writer.py:48] [10100] global_step=10100, grad_norm=0.7828207612037659, loss=1.5928210020065308
I0214 05:25:15.306902 140228680460032 logging_writer.py:48] [10200] global_step=10200, grad_norm=0.6598726511001587, loss=1.6514480113983154
I0214 05:26:48.509632 140228688852736 logging_writer.py:48] [10300] global_step=10300, grad_norm=0.720941960811615, loss=1.6413532495498657
I0214 05:27:54.450113 140399019657024 spec.py:321] Evaluating on the training split.
I0214 05:28:49.544203 140399019657024 spec.py:333] Evaluating on the validation split.
I0214 05:29:42.690219 140399019657024 spec.py:349] Evaluating on the test split.
I0214 05:30:10.828229 140399019657024 submission_runner.py:408] Time since start: 9666.08s, 	Step: 10387, 	{'train/ctc_loss': Array(0.4173494, dtype=float32), 'train/wer': 0.14835877109217877, 'validation/ctc_loss': Array(0.68799996, dtype=float32), 'validation/wer': 0.20828948511735232, 'validation/num_examples': 5348, 'test/ctc_loss': Array(0.4417418, dtype=float32), 'test/wer': 0.15079316718461194, 'test/num_examples': 2472, 'score': 8703.979434251785, 'total_duration': 9666.078685045242, 'accumulated_submission_time': 8703.979434251785, 'accumulated_eval_time': 961.3382768630981, 'accumulated_logging_time': 0.31139492988586426}
I0214 05:30:10.863241 140227966932736 logging_writer.py:48] [10387] accumulated_eval_time=961.338277, accumulated_logging_time=0.311395, accumulated_submission_time=8703.979434, global_step=10387, preemption_count=0, score=8703.979434, test/ctc_loss=0.44174179434776306, test/num_examples=2472, test/wer=0.150793, total_duration=9666.078685, train/ctc_loss=0.4173493981361389, train/wer=0.148359, validation/ctc_loss=0.687999963760376, validation/num_examples=5348, validation/wer=0.208289
I0214 05:30:21.592759 140227958540032 logging_writer.py:48] [10400] global_step=10400, grad_norm=0.693935751914978, loss=1.5502588748931885
I0214 05:31:38.036485 140227966932736 logging_writer.py:48] [10500] global_step=10500, grad_norm=0.6216660737991333, loss=1.5944417715072632
I0214 05:32:54.731399 140227958540032 logging_writer.py:48] [10600] global_step=10600, grad_norm=0.849493145942688, loss=1.585759162902832
I0214 05:34:12.012903 140227966932736 logging_writer.py:48] [10700] global_step=10700, grad_norm=0.6385294795036316, loss=1.5828046798706055
I0214 05:35:32.102949 140227958540032 logging_writer.py:48] [10800] global_step=10800, grad_norm=0.7981867790222168, loss=1.5609478950500488
I0214 05:37:01.561617 140227966932736 logging_writer.py:48] [10900] global_step=10900, grad_norm=0.7393890619277954, loss=1.6343344449996948
I0214 05:38:29.569698 140227958540032 logging_writer.py:48] [11000] global_step=11000, grad_norm=0.7219037413597107, loss=1.620275855064392
I0214 05:39:58.134162 140227966932736 logging_writer.py:48] [11100] global_step=11100, grad_norm=0.7184645533561707, loss=1.5634264945983887
I0214 05:41:26.068801 140227958540032 logging_writer.py:48] [11200] global_step=11200, grad_norm=0.6403723359107971, loss=1.5332825183868408
I0214 05:42:56.271104 140227966932736 logging_writer.py:48] [11300] global_step=11300, grad_norm=0.669880211353302, loss=1.5615410804748535
I0214 05:44:18.971245 140227639252736 logging_writer.py:48] [11400] global_step=11400, grad_norm=0.6310568451881409, loss=1.5015066862106323
I0214 05:45:35.919635 140227630860032 logging_writer.py:48] [11500] global_step=11500, grad_norm=0.6301239132881165, loss=1.5370609760284424
I0214 05:46:54.845970 140227639252736 logging_writer.py:48] [11600] global_step=11600, grad_norm=0.6411224603652954, loss=1.5521117448806763
I0214 05:48:19.237337 140227630860032 logging_writer.py:48] [11700] global_step=11700, grad_norm=0.6445788741111755, loss=1.595518708229065
I0214 05:49:45.863349 140227639252736 logging_writer.py:48] [11800] global_step=11800, grad_norm=0.6072559356689453, loss=1.511455774307251
I0214 05:51:14.255003 140227630860032 logging_writer.py:48] [11900] global_step=11900, grad_norm=0.7588467001914978, loss=1.5981223583221436
I0214 05:52:44.453793 140227639252736 logging_writer.py:48] [12000] global_step=12000, grad_norm=0.6901595592498779, loss=1.4694948196411133
I0214 05:54:11.864488 140227630860032 logging_writer.py:48] [12100] global_step=12100, grad_norm=0.6598760485649109, loss=1.5753892660140991
I0214 05:54:11.873092 140399019657024 spec.py:321] Evaluating on the training split.
I0214 05:55:07.801993 140399019657024 spec.py:333] Evaluating on the validation split.
I0214 05:56:02.259902 140399019657024 spec.py:349] Evaluating on the test split.
I0214 05:56:28.623903 140399019657024 submission_runner.py:408] Time since start: 11243.88s, 	Step: 12101, 	{'train/ctc_loss': Array(0.35887453, dtype=float32), 'train/wer': 0.12945355539957032, 'validation/ctc_loss': Array(0.641523, dtype=float32), 'validation/wer': 0.1964142618535003, 'validation/num_examples': 5348, 'test/ctc_loss': Array(0.40709147, dtype=float32), 'test/wer': 0.1400483415595231, 'test/num_examples': 2472, 'score': 10144.905450105667, 'total_duration': 11243.875876426697, 'accumulated_submission_time': 10144.905450105667, 'accumulated_eval_time': 1098.0837564468384, 'accumulated_logging_time': 0.36140894889831543}
I0214 05:56:28.658617 140228397012736 logging_writer.py:48] [12101] accumulated_eval_time=1098.083756, accumulated_logging_time=0.361409, accumulated_submission_time=10144.905450, global_step=12101, preemption_count=0, score=10144.905450, test/ctc_loss=0.4070914685726166, test/num_examples=2472, test/wer=0.140048, total_duration=11243.875876, train/ctc_loss=0.35887452960014343, train/wer=0.129454, validation/ctc_loss=0.641523003578186, validation/num_examples=5348, validation/wer=0.196414
I0214 05:57:45.445981 140228388620032 logging_writer.py:48] [12200] global_step=12200, grad_norm=0.6832861304283142, loss=1.5214917659759521
I0214 05:59:02.028167 140228397012736 logging_writer.py:48] [12300] global_step=12300, grad_norm=0.6515945792198181, loss=1.5187135934829712
I0214 06:00:23.378672 140227741652736 logging_writer.py:48] [12400] global_step=12400, grad_norm=0.6560348868370056, loss=1.5320918560028076
I0214 06:01:40.250899 140227733260032 logging_writer.py:48] [12500] global_step=12500, grad_norm=0.6245310306549072, loss=1.4885573387145996
I0214 06:02:59.888560 140227741652736 logging_writer.py:48] [12600] global_step=12600, grad_norm=0.6519602537155151, loss=1.5200073719024658
I0214 06:04:22.886428 140227733260032 logging_writer.py:48] [12700] global_step=12700, grad_norm=0.6790751814842224, loss=1.5291211605072021
I0214 06:05:47.030161 140227741652736 logging_writer.py:48] [12800] global_step=12800, grad_norm=0.6397795081138611, loss=1.5274379253387451
I0214 06:07:17.747613 140227733260032 logging_writer.py:48] [12900] global_step=12900, grad_norm=0.7114217877388, loss=1.5331764221191406
I0214 06:08:45.781465 140227741652736 logging_writer.py:48] [13000] global_step=13000, grad_norm=0.7419846653938293, loss=1.554247498512268
I0214 06:10:17.376441 140227733260032 logging_writer.py:48] [13100] global_step=13100, grad_norm=0.7424975633621216, loss=1.4529657363891602
I0214 06:11:48.097385 140227741652736 logging_writer.py:48] [13200] global_step=13200, grad_norm=0.6797588467597961, loss=1.4721359014511108
I0214 06:13:15.635770 140227733260032 logging_writer.py:48] [13300] global_step=13300, grad_norm=0.7158635258674622, loss=1.5520590543746948
I0214 06:14:46.343038 140227741652736 logging_writer.py:48] [13400] global_step=13400, grad_norm=0.6507290005683899, loss=1.4791289567947388
I0214 06:16:03.890744 140227733260032 logging_writer.py:48] [13500] global_step=13500, grad_norm=0.5620921850204468, loss=1.5343003273010254
I0214 06:17:22.417224 140227741652736 logging_writer.py:48] [13600] global_step=13600, grad_norm=0.9501355886459351, loss=1.4499832391738892
I0214 06:18:45.030276 140227733260032 logging_writer.py:48] [13700] global_step=13700, grad_norm=0.5635291934013367, loss=1.4920674562454224
I0214 06:20:07.090420 140227741652736 logging_writer.py:48] [13800] global_step=13800, grad_norm=0.5744807720184326, loss=1.4651063680648804
I0214 06:20:29.004336 140399019657024 spec.py:321] Evaluating on the training split.
I0214 06:21:24.739516 140399019657024 spec.py:333] Evaluating on the validation split.
I0214 06:22:18.614458 140399019657024 spec.py:349] Evaluating on the test split.
I0214 06:22:46.248387 140399019657024 submission_runner.py:408] Time since start: 12821.50s, 	Step: 13827, 	{'train/ctc_loss': Array(0.30647576, dtype=float32), 'train/wer': 0.1146051639408201, 'validation/ctc_loss': Array(0.61191267, dtype=float32), 'validation/wer': 0.18591965397723434, 'validation/num_examples': 5348, 'test/ctc_loss': Array(0.38234127, dtype=float32), 'test/wer': 0.13007535596043304, 'test/num_examples': 2472, 'score': 11585.165503025055, 'total_duration': 12821.49998164177, 'accumulated_submission_time': 11585.165503025055, 'accumulated_eval_time': 1235.3221170902252, 'accumulated_logging_time': 0.4123513698577881}
I0214 06:22:46.284898 140227526612736 logging_writer.py:48] [13827] accumulated_eval_time=1235.322117, accumulated_logging_time=0.412351, accumulated_submission_time=11585.165503, global_step=13827, preemption_count=0, score=11585.165503, test/ctc_loss=0.38234126567840576, test/num_examples=2472, test/wer=0.130075, total_duration=12821.499982, train/ctc_loss=0.30647575855255127, train/wer=0.114605, validation/ctc_loss=0.6119126677513123, validation/num_examples=5348, validation/wer=0.185920
I0214 06:23:42.790709 140227518220032 logging_writer.py:48] [13900] global_step=13900, grad_norm=0.6559535264968872, loss=1.5090205669403076
I0214 06:25:00.342976 140227526612736 logging_writer.py:48] [14000] global_step=14000, grad_norm=0.762895405292511, loss=1.459510087966919
I0214 06:26:18.905577 140227518220032 logging_writer.py:48] [14100] global_step=14100, grad_norm=0.6413031816482544, loss=1.488120436668396
I0214 06:27:46.200842 140227526612736 logging_writer.py:48] [14200] global_step=14200, grad_norm=0.6567457914352417, loss=1.5358716249465942
I0214 06:29:16.380008 140227518220032 logging_writer.py:48] [14300] global_step=14300, grad_norm=0.9272944331169128, loss=1.433532476425171
I0214 06:30:45.046858 140227526612736 logging_writer.py:48] [14400] global_step=14400, grad_norm=0.6147965788841248, loss=1.4286142587661743
I0214 06:32:09.889079 140227526612736 logging_writer.py:48] [14500] global_step=14500, grad_norm=0.6773685812950134, loss=1.4477312564849854
I0214 06:33:28.436917 140227518220032 logging_writer.py:48] [14600] global_step=14600, grad_norm=0.6784624457359314, loss=1.4201148748397827
I0214 06:34:46.534992 140227526612736 logging_writer.py:48] [14700] global_step=14700, grad_norm=0.6816737651824951, loss=1.4687366485595703
I0214 06:36:07.569241 140227518220032 logging_writer.py:48] [14800] global_step=14800, grad_norm=0.8660352826118469, loss=1.4478533267974854
I0214 06:37:36.072863 140227526612736 logging_writer.py:48] [14900] global_step=14900, grad_norm=0.6202588677406311, loss=1.4340863227844238
I0214 06:39:04.181990 140227518220032 logging_writer.py:48] [15000] global_step=15000, grad_norm=0.6624699831008911, loss=1.4967519044876099
I0214 06:40:33.499864 140227526612736 logging_writer.py:48] [15100] global_step=15100, grad_norm=0.6075104475021362, loss=1.46157968044281
I0214 06:42:06.148119 140227518220032 logging_writer.py:48] [15200] global_step=15200, grad_norm=0.6630311012268066, loss=1.5192315578460693
I0214 06:43:33.459349 140227526612736 logging_writer.py:48] [15300] global_step=15300, grad_norm=0.6754040122032166, loss=1.4935741424560547
I0214 06:44:58.954094 140227518220032 logging_writer.py:48] [15400] global_step=15400, grad_norm=0.6855206489562988, loss=1.4000130891799927
I0214 06:46:26.460115 140228397012736 logging_writer.py:48] [15500] global_step=15500, grad_norm=0.6636734008789062, loss=1.4496853351593018
I0214 06:46:46.305153 140399019657024 spec.py:321] Evaluating on the training split.
I0214 06:47:42.002868 140399019657024 spec.py:333] Evaluating on the validation split.
I0214 06:48:35.112995 140399019657024 spec.py:349] Evaluating on the test split.
I0214 06:49:02.170306 140399019657024 submission_runner.py:408] Time since start: 14397.42s, 	Step: 15527, 	{'train/ctc_loss': Array(0.2841638, dtype=float32), 'train/wer': 0.10447999404157068, 'validation/ctc_loss': Array(0.58510756, dtype=float32), 'validation/wer': 0.17735597671297681, 'validation/num_examples': 5348, 'test/ctc_loss': Array(0.35999078, dtype=float32), 'test/wer': 0.122214774643024, 'test/num_examples': 2472, 'score': 13025.100800514221, 'total_duration': 14397.421264886856, 'accumulated_submission_time': 13025.100800514221, 'accumulated_eval_time': 1371.180969953537, 'accumulated_logging_time': 0.4650459289550781}
I0214 06:49:02.208589 140228397012736 logging_writer.py:48] [15527] accumulated_eval_time=1371.180970, accumulated_logging_time=0.465046, accumulated_submission_time=13025.100801, global_step=15527, preemption_count=0, score=13025.100801, test/ctc_loss=0.35999077558517456, test/num_examples=2472, test/wer=0.122215, total_duration=14397.421265, train/ctc_loss=0.28416380286216736, train/wer=0.104480, validation/ctc_loss=0.5851075649261475, validation/num_examples=5348, validation/wer=0.177356
I0214 06:49:58.734084 140228388620032 logging_writer.py:48] [15600] global_step=15600, grad_norm=0.7355413436889648, loss=1.5115588903427124
I0214 06:51:15.236190 140228397012736 logging_writer.py:48] [15700] global_step=15700, grad_norm=0.6579475998878479, loss=1.444411039352417
I0214 06:52:32.619718 140228388620032 logging_writer.py:48] [15800] global_step=15800, grad_norm=0.7455279231071472, loss=1.4667352437973022
I0214 06:53:49.684005 140228397012736 logging_writer.py:48] [15900] global_step=15900, grad_norm=0.6703409552574158, loss=1.463489294052124
I0214 06:55:14.163865 140228388620032 logging_writer.py:48] [16000] global_step=16000, grad_norm=0.6373302340507507, loss=1.4149854183197021
I0214 06:56:44.456130 140228397012736 logging_writer.py:48] [16100] global_step=16100, grad_norm=0.6187164187431335, loss=1.4924157857894897
I0214 06:58:15.203479 140228388620032 logging_writer.py:48] [16200] global_step=16200, grad_norm=0.7233363389968872, loss=1.4156334400177002
I0214 06:59:43.553081 140228397012736 logging_writer.py:48] [16300] global_step=16300, grad_norm=0.6054996252059937, loss=1.4215706586837769
I0214 07:01:11.963635 140228388620032 logging_writer.py:48] [16400] global_step=16400, grad_norm=0.731085479259491, loss=1.4677650928497314
I0214 07:02:40.633911 140228069332736 logging_writer.py:48] [16500] global_step=16500, grad_norm=0.7030026912689209, loss=1.4439761638641357
I0214 07:03:57.822459 140228060940032 logging_writer.py:48] [16600] global_step=16600, grad_norm=0.5559350252151489, loss=1.418906569480896
I0214 07:05:14.501071 140228069332736 logging_writer.py:48] [16700] global_step=16700, grad_norm=0.6702251434326172, loss=1.3849306106567383
I0214 07:06:33.142741 140228060940032 logging_writer.py:48] [16800] global_step=16800, grad_norm=1.1302573680877686, loss=1.4298591613769531
I0214 07:07:56.933512 140228069332736 logging_writer.py:48] [16900] global_step=16900, grad_norm=0.7321450710296631, loss=1.4481300115585327
I0214 07:09:25.441229 140228060940032 logging_writer.py:48] [17000] global_step=17000, grad_norm=0.960886538028717, loss=1.4698617458343506
I0214 07:10:53.261569 140228069332736 logging_writer.py:48] [17100] global_step=17100, grad_norm=0.6000177264213562, loss=1.4370447397232056
I0214 07:12:24.655851 140228060940032 logging_writer.py:48] [17200] global_step=17200, grad_norm=0.7038397789001465, loss=1.4562171697616577
I0214 07:13:03.212970 140399019657024 spec.py:321] Evaluating on the training split.
I0214 07:13:58.335242 140399019657024 spec.py:333] Evaluating on the validation split.
I0214 07:14:52.425901 140399019657024 spec.py:349] Evaluating on the test split.
I0214 07:15:19.348045 140399019657024 submission_runner.py:408] Time since start: 15974.60s, 	Step: 17244, 	{'train/ctc_loss': Array(0.27435565, dtype=float32), 'train/wer': 0.10281175757640762, 'validation/ctc_loss': Array(0.569697, dtype=float32), 'validation/wer': 0.17216177336667407, 'validation/num_examples': 5348, 'test/ctc_loss': Array(0.3494229, dtype=float32), 'test/wer': 0.11859931346860846, 'test/num_examples': 2472, 'score': 14466.018681049347, 'total_duration': 15974.599870920181, 'accumulated_submission_time': 14466.018681049347, 'accumulated_eval_time': 1507.310597896576, 'accumulated_logging_time': 0.5201177597045898}
I0214 07:15:19.382946 140227593168640 logging_writer.py:48] [17244] accumulated_eval_time=1507.310598, accumulated_logging_time=0.520118, accumulated_submission_time=14466.018681, global_step=17244, preemption_count=0, score=14466.018681, test/ctc_loss=0.3494229018688202, test/num_examples=2472, test/wer=0.118599, total_duration=15974.599871, train/ctc_loss=0.2743556499481201, train/wer=0.102812, validation/ctc_loss=0.5696970224380493, validation/num_examples=5348, validation/wer=0.172162
I0214 07:16:03.191018 140227584775936 logging_writer.py:48] [17300] global_step=17300, grad_norm=0.6631512641906738, loss=1.4300020933151245
I0214 07:17:20.310113 140227593168640 logging_writer.py:48] [17400] global_step=17400, grad_norm=0.6505115628242493, loss=1.4339663982391357
I0214 07:18:37.738539 140227584775936 logging_writer.py:48] [17500] global_step=17500, grad_norm=0.6247693300247192, loss=1.4459365606307983
I0214 07:19:59.781000 140227593168640 logging_writer.py:48] [17600] global_step=17600, grad_norm=0.6022955775260925, loss=1.4194676876068115
I0214 07:21:19.228444 140227584775936 logging_writer.py:48] [17700] global_step=17700, grad_norm=0.6147547960281372, loss=1.4697962999343872
I0214 07:22:40.168388 140227593168640 logging_writer.py:48] [17800] global_step=17800, grad_norm=0.7068423628807068, loss=1.5104057788848877
I0214 07:24:05.906586 140227584775936 logging_writer.py:48] [17900] global_step=17900, grad_norm=0.6380869150161743, loss=1.5357602834701538
I0214 07:25:32.136868 140227593168640 logging_writer.py:48] [18000] global_step=18000, grad_norm=0.7807178497314453, loss=1.3648059368133545
I0214 07:27:00.614234 140227584775936 logging_writer.py:48] [18100] global_step=18100, grad_norm=0.6783511638641357, loss=1.4194533824920654
I0214 07:28:32.847175 140227593168640 logging_writer.py:48] [18200] global_step=18200, grad_norm=0.7664039134979248, loss=1.4697574377059937
I0214 07:30:03.222264 140227584775936 logging_writer.py:48] [18300] global_step=18300, grad_norm=0.5983495712280273, loss=1.4086371660232544
I0214 07:31:35.454665 140227593168640 logging_writer.py:48] [18400] global_step=18400, grad_norm=0.8369134664535522, loss=1.4390289783477783
I0214 07:33:03.343803 140227584775936 logging_writer.py:48] [18500] global_step=18500, grad_norm=0.7651355266571045, loss=1.4339240789413452
I0214 07:34:27.963610 140227593168640 logging_writer.py:48] [18600] global_step=18600, grad_norm=0.8265707492828369, loss=1.448756217956543
I0214 07:35:45.477213 140227584775936 logging_writer.py:48] [18700] global_step=18700, grad_norm=0.602615237236023, loss=1.3268108367919922
I0214 07:37:04.880438 140227593168640 logging_writer.py:48] [18800] global_step=18800, grad_norm=0.6365854144096375, loss=1.3955751657485962
I0214 07:38:28.116200 140227584775936 logging_writer.py:48] [18900] global_step=18900, grad_norm=0.6265974640846252, loss=1.381296157836914
I0214 07:39:19.598640 140399019657024 spec.py:321] Evaluating on the training split.
I0214 07:40:15.073841 140399019657024 spec.py:333] Evaluating on the validation split.
I0214 07:41:09.483484 140399019657024 spec.py:349] Evaluating on the test split.
I0214 07:41:36.195541 140399019657024 submission_runner.py:408] Time since start: 17551.45s, 	Step: 18961, 	{'train/ctc_loss': Array(0.28704607, dtype=float32), 'train/wer': 0.10458235278563685, 'validation/ctc_loss': Array(0.55894655, dtype=float32), 'validation/wer': 0.170549446305647, 'validation/num_examples': 5348, 'test/ctc_loss': Array(0.34298202, dtype=float32), 'test/wer': 0.11685251762029533, 'test/num_examples': 2472, 'score': 15906.14902305603, 'total_duration': 17551.447067975998, 'accumulated_submission_time': 15906.14902305603, 'accumulated_eval_time': 1643.9017758369446, 'accumulated_logging_time': 0.5702481269836426}
I0214 07:41:36.232915 140227081164544 logging_writer.py:48] [18961] accumulated_eval_time=1643.901776, accumulated_logging_time=0.570248, accumulated_submission_time=15906.149023, global_step=18961, preemption_count=0, score=15906.149023, test/ctc_loss=0.3429820239543915, test/num_examples=2472, test/wer=0.116853, total_duration=17551.447068, train/ctc_loss=0.28704607486724854, train/wer=0.104582, validation/ctc_loss=0.5589465498924255, validation/num_examples=5348, validation/wer=0.170549
I0214 07:42:06.770962 140227072771840 logging_writer.py:48] [19000] global_step=19000, grad_norm=0.7587826251983643, loss=1.3816823959350586
I0214 07:43:23.405350 140227081164544 logging_writer.py:48] [19100] global_step=19100, grad_norm=0.6992226839065552, loss=1.4402902126312256
I0214 07:44:41.392926 140227072771840 logging_writer.py:48] [19200] global_step=19200, grad_norm=0.7441304922103882, loss=1.383013367652893
I0214 07:46:10.090245 140227081164544 logging_writer.py:48] [19300] global_step=19300, grad_norm=0.6517629027366638, loss=1.4168356657028198
I0214 07:47:38.055123 140227072771840 logging_writer.py:48] [19400] global_step=19400, grad_norm=0.618843138217926, loss=1.3863236904144287
I0214 07:49:10.074026 140227081164544 logging_writer.py:48] [19500] global_step=19500, grad_norm=0.6043354868888855, loss=1.3977940082550049
I0214 07:50:40.665777 140227081164544 logging_writer.py:48] [19600] global_step=19600, grad_norm=0.7936393618583679, loss=1.3984053134918213
I0214 07:51:59.192184 140227072771840 logging_writer.py:48] [19700] global_step=19700, grad_norm=0.6498579978942871, loss=1.35548734664917
I0214 07:53:18.018282 140227081164544 logging_writer.py:48] [19800] global_step=19800, grad_norm=0.8777502775192261, loss=1.4205058813095093
I0214 07:54:39.701796 140227072771840 logging_writer.py:48] [19900] global_step=19900, grad_norm=0.6940650343894958, loss=1.4363244771957397
I0214 07:56:04.405991 140227081164544 logging_writer.py:48] [20000] global_step=20000, grad_norm=0.7921505570411682, loss=1.451856017112732
I0214 07:57:34.410056 140227072771840 logging_writer.py:48] [20100] global_step=20100, grad_norm=0.8279311656951904, loss=1.418373942375183
