python3 submission_runner.py --framework=jax --workload=imagenet_resnet --submission_path=prize_qualification_baselines/external_tuning/jax_nadamw_full_budget.py --tuning_search_space=prize_qualification_baselines/external_tuning/tuning_search_space.json --data_dir=/data/imagenet/jax --num_tuning_trials=1 --experiment_dir=/experiment_runs --experiment_name=prize_qualification/study_0 --overwrite=true --save_checkpoints=false --num_tuning_trials=5 --rng_seed=3078694106 --max_global_steps=186666 --imagenet_v2_data_dir=/data/imagenet/jax 2>&1 | tee -a /logs/imagenet_resnet_jax_01-26-2024-19-01-13.log
/usr/local/lib/python3.8/dist-packages/tensorflow_addons/utils/tfa_eol_msg.py:23: UserWarning: 

TensorFlow Addons (TFA) has ended development and introduction of new features.
TFA has entered a minimal maintenance and release mode until a planned end of life in May 2024.
Please modify downstream libraries to take dependencies from other repositories in our TensorFlow community (e.g. Keras, Keras-CV, and Keras-NLP). 

For more information see: https://github.com/tensorflow/addons/issues/2807 

  warnings.warn(
I0126 19:01:34.294003 140027215431488 logger_utils.py:61] Removing existing experiment directory /experiment_runs/prize_qualification/study_0/imagenet_resnet_jax because --overwrite was set.
I0126 19:01:34.297422 140027215431488 logger_utils.py:76] Creating experiment directory at /experiment_runs/prize_qualification/study_0/imagenet_resnet_jax.
I0126 19:01:35.315256 140027215431488 xla_bridge.py:455] Unable to initialize backend 'rocm': NOT_FOUND: Could not find registered platform with name: "rocm". Available platform names are: Host CUDA Interpreter
I0126 19:01:35.316312 140027215431488 xla_bridge.py:455] Unable to initialize backend 'tpu': module 'jaxlib.xla_extension' has no attribute 'get_tpu_client'
I0126 19:01:35.316502 140027215431488 xla_bridge.py:455] Unable to initialize backend 'plugin': xla_extension has no attributes named get_plugin_device_client. Compile TensorFlow with //tensorflow/compiler/xla/python:enable_plugin_device set to true (defaults to false) to enable this.
I0126 19:01:35.317837 140027215431488 submission_runner.py:542] Using RNG seed 3078694106
I0126 19:01:36.451489 140027215431488 submission_runner.py:551] --- Tuning run 1/5 ---
I0126 19:01:36.451778 140027215431488 submission_runner.py:556] Creating tuning directory at /experiment_runs/prize_qualification/study_0/imagenet_resnet_jax/trial_1.
I0126 19:01:36.452351 140027215431488 logger_utils.py:92] Saving hparams to /experiment_runs/prize_qualification/study_0/imagenet_resnet_jax/trial_1/hparams.json.
I0126 19:01:36.633152 140027215431488 submission_runner.py:206] Initializing dataset.
I0126 19:01:36.649070 140027215431488 dataset_info.py:578] Load dataset info from /data/imagenet/jax/imagenet2012/5.1.0
I0126 19:01:36.660140 140027215431488 dataset_info.py:669] Fields info.[splits, supervised_keys] from disk and from code do not match. Keeping the one from code.
I0126 19:01:37.056719 140027215431488 logging_logger.py:49] Constructing tf.data.Dataset imagenet2012 for split train, from /data/imagenet/jax/imagenet2012/5.1.0
I0126 19:01:38.281338 140027215431488 submission_runner.py:213] Initializing model.
I0126 19:01:48.696093 140027215431488 submission_runner.py:255] Initializing optimizer.
I0126 19:01:50.401749 140027215431488 submission_runner.py:262] Initializing metrics bundle.
I0126 19:01:50.401961 140027215431488 submission_runner.py:280] Initializing checkpoint and logger.
I0126 19:01:50.403102 140027215431488 checkpoints.py:915] Found no checkpoint files in /experiment_runs/prize_qualification/study_0/imagenet_resnet_jax/trial_1 with prefix checkpoint_
I0126 19:01:50.403252 140027215431488 submission_runner.py:300] Saving meta data to /experiment_runs/prize_qualification/study_0/imagenet_resnet_jax/trial_1/meta_data_0.json.
fatal: detected dubious ownership in repository at '/algorithmic-efficiency'
To add an exception for this directory, call:

	git config --global --add safe.directory /algorithmic-efficiency
I0126 19:01:50.718555 140027215431488 logger_utils.py:220] Unable to record git information. Continuing without it.
I0126 19:01:51.020132 140027215431488 submission_runner.py:304] Saving flags to /experiment_runs/prize_qualification/study_0/imagenet_resnet_jax/trial_1/flags_0.json.
I0126 19:01:51.030018 140027215431488 submission_runner.py:314] Starting training loop.
I0126 19:02:46.756762 139865651922688 logging_writer.py:48] [0] global_step=0, grad_norm=0.5947058200836182, loss=6.9173197746276855
I0126 19:02:46.772364 140027215431488 spec.py:321] Evaluating on the training split.
I0126 19:02:47.751879 140027215431488 dataset_info.py:578] Load dataset info from /data/imagenet/jax/imagenet2012/5.1.0
I0126 19:02:47.761080 140027215431488 dataset_info.py:669] Fields info.[splits, supervised_keys] from disk and from code do not match. Keeping the one from code.
I0126 19:02:47.845111 140027215431488 logging_logger.py:49] Constructing tf.data.Dataset imagenet2012 for split train, from /data/imagenet/jax/imagenet2012/5.1.0
I0126 19:03:01.280727 140027215431488 spec.py:333] Evaluating on the validation split.
I0126 19:03:02.856331 140027215431488 dataset_info.py:578] Load dataset info from /data/imagenet/jax/imagenet2012/5.1.0
I0126 19:03:02.880289 140027215431488 dataset_info.py:669] Fields info.[splits, supervised_keys] from disk and from code do not match. Keeping the one from code.
I0126 19:03:02.938511 140027215431488 logging_logger.py:49] Constructing tf.data.Dataset imagenet2012 for split validation, from /data/imagenet/jax/imagenet2012/5.1.0
I0126 19:03:19.038320 140027215431488 spec.py:349] Evaluating on the test split.
I0126 19:03:19.842441 140027215431488 dataset_info.py:578] Load dataset info from /data/imagenet/jax/imagenet_v2/matched-frequency/3.0.0
I0126 19:03:19.847306 140027215431488 dataset_builder.py:528] Reusing dataset imagenet_v2 (/data/imagenet/jax/imagenet_v2/matched-frequency/3.0.0)
I0126 19:03:19.885212 140027215431488 logging_logger.py:49] Constructing tf.data.Dataset imagenet_v2 for split test, from /data/imagenet/jax/imagenet_v2/matched-frequency/3.0.0
I0126 19:03:24.133100 140027215431488 submission_runner.py:408] Time since start: 93.10s, 	Step: 1, 	{'train/accuracy': 0.0007573341717943549, 'train/loss': 6.911828994750977, 'validation/accuracy': 0.0006799999973736703, 'validation/loss': 6.912051200866699, 'validation/num_examples': 50000, 'test/accuracy': 0.0013000001199543476, 'test/loss': 6.9117279052734375, 'test/num_examples': 10000, 'score': 55.74225401878357, 'total_duration': 93.10303163528442, 'accumulated_submission_time': 55.74225401878357, 'accumulated_eval_time': 37.360684394836426, 'accumulated_logging_time': 0}
I0126 19:03:24.150724 139841895384832 logging_writer.py:48] [1] accumulated_eval_time=37.360684, accumulated_logging_time=0, accumulated_submission_time=55.742254, global_step=1, preemption_count=0, score=55.742254, test/accuracy=0.001300, test/loss=6.911728, test/num_examples=10000, total_duration=93.103032, train/accuracy=0.000757, train/loss=6.911829, validation/accuracy=0.000680, validation/loss=6.912051, validation/num_examples=50000
I0126 19:03:58.053431 139841886992128 logging_writer.py:48] [100] global_step=100, grad_norm=0.5897785425186157, loss=6.904664993286133
I0126 19:04:32.058275 139841895384832 logging_writer.py:48] [200] global_step=200, grad_norm=0.5946515202522278, loss=6.863030433654785
I0126 19:05:06.103307 139841886992128 logging_writer.py:48] [300] global_step=300, grad_norm=0.6285222172737122, loss=6.792759418487549
I0126 19:05:40.172488 139841895384832 logging_writer.py:48] [400] global_step=400, grad_norm=0.6912412643432617, loss=6.6924662590026855
I0126 19:06:14.213891 139841886992128 logging_writer.py:48] [500] global_step=500, grad_norm=0.7275424003601074, loss=6.603534698486328
I0126 19:06:48.261812 139841895384832 logging_writer.py:48] [600] global_step=600, grad_norm=0.7714500427246094, loss=6.51727294921875
I0126 19:07:22.318661 139841886992128 logging_writer.py:48] [700] global_step=700, grad_norm=0.7807509899139404, loss=6.472713470458984
I0126 19:07:56.393471 139841895384832 logging_writer.py:48] [800] global_step=800, grad_norm=0.8867546916007996, loss=6.3975725173950195
I0126 19:08:30.448606 139841886992128 logging_writer.py:48] [900] global_step=900, grad_norm=2.1269869804382324, loss=6.262697696685791
I0126 19:09:04.564388 139841895384832 logging_writer.py:48] [1000] global_step=1000, grad_norm=1.631439447402954, loss=6.156896591186523
I0126 19:09:38.631809 139841886992128 logging_writer.py:48] [1100] global_step=1100, grad_norm=1.416382908821106, loss=6.125342845916748
I0126 19:10:12.696088 139841895384832 logging_writer.py:48] [1200] global_step=1200, grad_norm=1.5352035760879517, loss=5.994123458862305
I0126 19:10:46.752965 139841886992128 logging_writer.py:48] [1300] global_step=1300, grad_norm=2.484358072280884, loss=5.945635795593262
I0126 19:11:20.819044 139841895384832 logging_writer.py:48] [1400] global_step=1400, grad_norm=2.1613659858703613, loss=5.867789268493652
I0126 19:11:54.302551 140027215431488 spec.py:321] Evaluating on the training split.
I0126 19:12:01.730392 140027215431488 spec.py:333] Evaluating on the validation split.
I0126 19:12:09.903072 140027215431488 spec.py:349] Evaluating on the test split.
I0126 19:12:12.216146 140027215431488 submission_runner.py:408] Time since start: 621.19s, 	Step: 1500, 	{'train/accuracy': 0.07481664419174194, 'train/loss': 5.330939769744873, 'validation/accuracy': 0.06864000111818314, 'validation/loss': 5.407910346984863, 'validation/num_examples': 50000, 'test/accuracy': 0.048100002110004425, 'test/loss': 5.63258171081543, 'test/num_examples': 10000, 'score': 565.8360676765442, 'total_duration': 621.1860675811768, 'accumulated_submission_time': 565.8360676765442, 'accumulated_eval_time': 55.27424716949463, 'accumulated_logging_time': 0.026404380798339844}
I0126 19:12:12.232747 139841903777536 logging_writer.py:48] [1500] accumulated_eval_time=55.274247, accumulated_logging_time=0.026404, accumulated_submission_time=565.836068, global_step=1500, preemption_count=0, score=565.836068, test/accuracy=0.048100, test/loss=5.632582, test/num_examples=10000, total_duration=621.186068, train/accuracy=0.074817, train/loss=5.330940, validation/accuracy=0.068640, validation/loss=5.407910, validation/num_examples=50000
I0126 19:12:12.608013 139841912170240 logging_writer.py:48] [1500] global_step=1500, grad_norm=2.05230975151062, loss=5.844819068908691
I0126 19:12:46.658708 139841903777536 logging_writer.py:48] [1600] global_step=1600, grad_norm=2.986332893371582, loss=5.683002948760986
I0126 19:13:20.736019 139841912170240 logging_writer.py:48] [1700] global_step=1700, grad_norm=2.422471284866333, loss=5.621425151824951
I0126 19:13:54.815859 139841903777536 logging_writer.py:48] [1800] global_step=1800, grad_norm=2.1792802810668945, loss=5.617961883544922
I0126 19:14:28.899274 139841912170240 logging_writer.py:48] [1900] global_step=1900, grad_norm=3.752351760864258, loss=5.60574197769165
I0126 19:15:03.008786 139841903777536 logging_writer.py:48] [2000] global_step=2000, grad_norm=2.9233224391937256, loss=5.4698662757873535
I0126 19:15:37.105419 139841912170240 logging_writer.py:48] [2100] global_step=2100, grad_norm=3.222137689590454, loss=5.392376899719238
I0126 19:16:11.177444 139841903777536 logging_writer.py:48] [2200] global_step=2200, grad_norm=3.0470194816589355, loss=5.3886399269104
I0126 19:16:45.278600 139841912170240 logging_writer.py:48] [2300] global_step=2300, grad_norm=2.265991449356079, loss=5.349082946777344
I0126 19:17:19.350997 139841903777536 logging_writer.py:48] [2400] global_step=2400, grad_norm=3.0803778171539307, loss=5.285293102264404
I0126 19:17:53.434614 139841912170240 logging_writer.py:48] [2500] global_step=2500, grad_norm=3.0570995807647705, loss=5.246421813964844
I0126 19:18:27.511109 139841903777536 logging_writer.py:48] [2600] global_step=2600, grad_norm=4.283740997314453, loss=5.136783599853516
I0126 19:19:01.616799 139841912170240 logging_writer.py:48] [2700] global_step=2700, grad_norm=3.385471820831299, loss=5.27421236038208
I0126 19:19:35.699229 139841903777536 logging_writer.py:48] [2800] global_step=2800, grad_norm=7.6286492347717285, loss=5.1225457191467285
I0126 19:20:09.793159 139841912170240 logging_writer.py:48] [2900] global_step=2900, grad_norm=3.6394553184509277, loss=5.0128912925720215
I0126 19:20:42.257385 140027215431488 spec.py:321] Evaluating on the training split.
I0126 19:20:49.506535 140027215431488 spec.py:333] Evaluating on the validation split.
I0126 19:20:57.932666 140027215431488 spec.py:349] Evaluating on the test split.
I0126 19:21:00.609695 140027215431488 submission_runner.py:408] Time since start: 1149.58s, 	Step: 2997, 	{'train/accuracy': 0.18203921616077423, 'train/loss': 4.255775451660156, 'validation/accuracy': 0.16411998867988586, 'validation/loss': 4.366084098815918, 'validation/num_examples': 50000, 'test/accuracy': 0.12210000306367874, 'test/loss': 4.7546820640563965, 'test/num_examples': 10000, 'score': 1075.7997715473175, 'total_duration': 1149.57959151268, 'accumulated_submission_time': 1075.7997715473175, 'accumulated_eval_time': 73.62649869918823, 'accumulated_logging_time': 0.052556514739990234}
I0126 19:21:00.626679 139866171975424 logging_writer.py:48] [2997] accumulated_eval_time=73.626499, accumulated_logging_time=0.052557, accumulated_submission_time=1075.799772, global_step=2997, preemption_count=0, score=1075.799772, test/accuracy=0.122100, test/loss=4.754682, test/num_examples=10000, total_duration=1149.579592, train/accuracy=0.182039, train/loss=4.255775, validation/accuracy=0.164120, validation/loss=4.366084, validation/num_examples=50000
I0126 19:21:02.003703 139866180368128 logging_writer.py:48] [3000] global_step=3000, grad_norm=5.590938568115234, loss=5.02161979675293
I0126 19:21:36.049746 139866171975424 logging_writer.py:48] [3100] global_step=3100, grad_norm=3.700305938720703, loss=4.976178169250488
I0126 19:22:10.105253 139866180368128 logging_writer.py:48] [3200] global_step=3200, grad_norm=3.254267930984497, loss=4.934547424316406
I0126 19:22:44.168300 139866171975424 logging_writer.py:48] [3300] global_step=3300, grad_norm=3.63081693649292, loss=4.9903740882873535
I0126 19:23:18.219699 139866180368128 logging_writer.py:48] [3400] global_step=3400, grad_norm=4.804769039154053, loss=4.86601448059082
I0126 19:23:52.320254 139866171975424 logging_writer.py:48] [3500] global_step=3500, grad_norm=4.350659370422363, loss=4.832844257354736
I0126 19:24:26.376783 139866180368128 logging_writer.py:48] [3600] global_step=3600, grad_norm=7.870210647583008, loss=4.796961784362793
I0126 19:25:00.477607 139866171975424 logging_writer.py:48] [3700] global_step=3700, grad_norm=5.033082962036133, loss=4.672513008117676
I0126 19:25:34.541561 139866180368128 logging_writer.py:48] [3800] global_step=3800, grad_norm=6.208363056182861, loss=4.695699214935303
I0126 19:26:08.586585 139866171975424 logging_writer.py:48] [3900] global_step=3900, grad_norm=3.6737308502197266, loss=4.60322380065918
I0126 19:26:42.675148 139866180368128 logging_writer.py:48] [4000] global_step=4000, grad_norm=4.466648101806641, loss=4.606625556945801
I0126 19:27:16.755149 139866171975424 logging_writer.py:48] [4100] global_step=4100, grad_norm=6.354639053344727, loss=4.5237507820129395
I0126 19:27:50.848795 139866180368128 logging_writer.py:48] [4200] global_step=4200, grad_norm=8.962296485900879, loss=4.394168853759766
I0126 19:28:24.923992 139866171975424 logging_writer.py:48] [4300] global_step=4300, grad_norm=3.149289846420288, loss=4.490426540374756
I0126 19:28:59.028696 139866180368128 logging_writer.py:48] [4400] global_step=4400, grad_norm=4.597526550292969, loss=4.4484148025512695
I0126 19:29:30.810005 140027215431488 spec.py:321] Evaluating on the training split.
I0126 19:29:37.965582 140027215431488 spec.py:333] Evaluating on the validation split.
I0126 19:29:46.390844 140027215431488 spec.py:349] Evaluating on the test split.
I0126 19:29:48.702998 140027215431488 submission_runner.py:408] Time since start: 1677.67s, 	Step: 4495, 	{'train/accuracy': 0.28310346603393555, 'train/loss': 3.511129856109619, 'validation/accuracy': 0.25633999705314636, 'validation/loss': 3.6584579944610596, 'validation/num_examples': 50000, 'test/accuracy': 0.18560001254081726, 'test/loss': 4.202426910400391, 'test/num_examples': 10000, 'score': 1585.9234120845795, 'total_duration': 1677.6729209423065, 'accumulated_submission_time': 1585.9234120845795, 'accumulated_eval_time': 91.51947140693665, 'accumulated_logging_time': 0.07996487617492676}
I0126 19:29:48.719218 139866054575872 logging_writer.py:48] [4495] accumulated_eval_time=91.519471, accumulated_logging_time=0.079965, accumulated_submission_time=1585.923412, global_step=4495, preemption_count=0, score=1585.923412, test/accuracy=0.185600, test/loss=4.202427, test/num_examples=10000, total_duration=1677.672921, train/accuracy=0.283103, train/loss=3.511130, validation/accuracy=0.256340, validation/loss=3.658458, validation/num_examples=50000
I0126 19:29:50.762294 139866062968576 logging_writer.py:48] [4500] global_step=4500, grad_norm=3.89129638671875, loss=4.474341869354248
I0126 19:30:24.831419 139866054575872 logging_writer.py:48] [4600] global_step=4600, grad_norm=4.899651050567627, loss=4.376626014709473
I0126 19:30:58.853045 139866062968576 logging_writer.py:48] [4700] global_step=4700, grad_norm=4.5735368728637695, loss=4.393108367919922
I0126 19:31:32.911441 139866054575872 logging_writer.py:48] [4800] global_step=4800, grad_norm=5.238992214202881, loss=4.4457855224609375
I0126 19:32:06.971498 139866062968576 logging_writer.py:48] [4900] global_step=4900, grad_norm=4.6857500076293945, loss=4.284969329833984
I0126 19:32:41.048173 139866054575872 logging_writer.py:48] [5000] global_step=5000, grad_norm=5.191555500030518, loss=4.376892566680908
I0126 19:33:15.133927 139866062968576 logging_writer.py:48] [5100] global_step=5100, grad_norm=5.954275608062744, loss=4.199761390686035
I0126 19:33:49.229498 139866054575872 logging_writer.py:48] [5200] global_step=5200, grad_norm=4.917846202850342, loss=4.3182220458984375
I0126 19:34:23.332082 139866062968576 logging_writer.py:48] [5300] global_step=5300, grad_norm=5.443948268890381, loss=4.048494338989258
I0126 19:34:57.403799 139866054575872 logging_writer.py:48] [5400] global_step=5400, grad_norm=5.1872711181640625, loss=4.195636749267578
I0126 19:35:31.445954 139866062968576 logging_writer.py:48] [5500] global_step=5500, grad_norm=7.430347919464111, loss=4.020741939544678
I0126 19:36:05.510655 139866054575872 logging_writer.py:48] [5600] global_step=5600, grad_norm=7.0498948097229, loss=4.044888019561768
I0126 19:36:39.611797 139866062968576 logging_writer.py:48] [5700] global_step=5700, grad_norm=6.823385238647461, loss=3.957829475402832
I0126 19:37:13.666666 139866054575872 logging_writer.py:48] [5800] global_step=5800, grad_norm=4.914869785308838, loss=3.9352097511291504
I0126 19:37:47.730281 139866062968576 logging_writer.py:48] [5900] global_step=5900, grad_norm=5.329785346984863, loss=4.05817174911499
I0126 19:38:18.839065 140027215431488 spec.py:321] Evaluating on the training split.
I0126 19:38:26.028424 140027215431488 spec.py:333] Evaluating on the validation split.
I0126 19:38:34.395334 140027215431488 spec.py:349] Evaluating on the test split.
I0126 19:38:36.745340 140027215431488 submission_runner.py:408] Time since start: 2205.72s, 	Step: 5993, 	{'train/accuracy': 0.37711256742477417, 'train/loss': 2.901236057281494, 'validation/accuracy': 0.3469599783420563, 'validation/loss': 3.06270432472229, 'validation/num_examples': 50000, 'test/accuracy': 0.25780001282691956, 'test/loss': 3.6963891983032227, 'test/num_examples': 10000, 'score': 2095.9836592674255, 'total_duration': 2205.7152502536774, 'accumulated_submission_time': 2095.9836592674255, 'accumulated_eval_time': 109.42569613456726, 'accumulated_logging_time': 0.10534834861755371}
I0126 19:38:36.763203 139866171975424 logging_writer.py:48] [5993] accumulated_eval_time=109.425696, accumulated_logging_time=0.105348, accumulated_submission_time=2095.983659, global_step=5993, preemption_count=0, score=2095.983659, test/accuracy=0.257800, test/loss=3.696389, test/num_examples=10000, total_duration=2205.715250, train/accuracy=0.377113, train/loss=2.901236, validation/accuracy=0.346960, validation/loss=3.062704, validation/num_examples=50000
I0126 19:38:39.498368 139866180368128 logging_writer.py:48] [6000] global_step=6000, grad_norm=6.636725425720215, loss=3.906776189804077
I0126 19:39:13.561289 139866171975424 logging_writer.py:48] [6100] global_step=6100, grad_norm=5.990069389343262, loss=3.9521799087524414
I0126 19:39:47.629025 139866180368128 logging_writer.py:48] [6200] global_step=6200, grad_norm=5.738757610321045, loss=4.009368419647217
I0126 19:40:21.713575 139866171975424 logging_writer.py:48] [6300] global_step=6300, grad_norm=6.8290114402771, loss=3.9513187408447266
I0126 19:40:55.799698 139866180368128 logging_writer.py:48] [6400] global_step=6400, grad_norm=4.581392288208008, loss=3.890519618988037
I0126 19:41:29.893594 139866171975424 logging_writer.py:48] [6500] global_step=6500, grad_norm=4.1918625831604, loss=3.8161754608154297
I0126 19:42:03.970680 139866180368128 logging_writer.py:48] [6600] global_step=6600, grad_norm=4.686832904815674, loss=3.746361255645752
I0126 19:42:38.023526 139866171975424 logging_writer.py:48] [6700] global_step=6700, grad_norm=4.748834133148193, loss=3.816920042037964
I0126 19:43:12.067770 139866180368128 logging_writer.py:48] [6800] global_step=6800, grad_norm=5.022634506225586, loss=3.739455461502075
I0126 19:43:46.130467 139866171975424 logging_writer.py:48] [6900] global_step=6900, grad_norm=4.402507305145264, loss=3.744476079940796
I0126 19:44:20.180490 139866180368128 logging_writer.py:48] [7000] global_step=7000, grad_norm=5.854137897491455, loss=3.8172121047973633
I0126 19:44:54.235397 139866171975424 logging_writer.py:48] [7100] global_step=7100, grad_norm=5.9660420417785645, loss=3.6761512756347656
I0126 19:45:28.295891 139866180368128 logging_writer.py:48] [7200] global_step=7200, grad_norm=7.680814266204834, loss=3.655021905899048
I0126 19:46:02.387937 139866171975424 logging_writer.py:48] [7300] global_step=7300, grad_norm=5.345281600952148, loss=3.6928868293762207
I0126 19:46:36.432240 139866180368128 logging_writer.py:48] [7400] global_step=7400, grad_norm=4.242701530456543, loss=3.5615837574005127
I0126 19:47:06.826805 140027215431488 spec.py:321] Evaluating on the training split.
I0126 19:47:14.025876 140027215431488 spec.py:333] Evaluating on the validation split.
I0126 19:47:22.459473 140027215431488 spec.py:349] Evaluating on the test split.
I0126 19:47:24.779993 140027215431488 submission_runner.py:408] Time since start: 2733.75s, 	Step: 7491, 	{'train/accuracy': 0.437220960855484, 'train/loss': 2.591935873031616, 'validation/accuracy': 0.4038199782371521, 'validation/loss': 2.7630527019500732, 'validation/num_examples': 50000, 'test/accuracy': 0.3150000274181366, 'test/loss': 3.4180727005004883, 'test/num_examples': 10000, 'score': 2605.98605966568, 'total_duration': 2733.749913215637, 'accumulated_submission_time': 2605.98605966568, 'accumulated_eval_time': 127.3788537979126, 'accumulated_logging_time': 0.13325881958007812}
I0126 19:47:24.797773 139866054575872 logging_writer.py:48] [7491] accumulated_eval_time=127.378854, accumulated_logging_time=0.133259, accumulated_submission_time=2605.986060, global_step=7491, preemption_count=0, score=2605.986060, test/accuracy=0.315000, test/loss=3.418073, test/num_examples=10000, total_duration=2733.749913, train/accuracy=0.437221, train/loss=2.591936, validation/accuracy=0.403820, validation/loss=2.763053, validation/num_examples=50000
I0126 19:47:28.203422 139866062968576 logging_writer.py:48] [7500] global_step=7500, grad_norm=5.3935933113098145, loss=3.7178781032562256
I0126 19:48:02.257250 139866054575872 logging_writer.py:48] [7600] global_step=7600, grad_norm=4.797349452972412, loss=3.5542168617248535
I0126 19:48:36.259454 139866062968576 logging_writer.py:48] [7700] global_step=7700, grad_norm=4.926175117492676, loss=3.602637529373169
I0126 19:49:10.305381 139866054575872 logging_writer.py:48] [7800] global_step=7800, grad_norm=3.9583873748779297, loss=3.5876102447509766
I0126 19:49:44.369378 139866062968576 logging_writer.py:48] [7900] global_step=7900, grad_norm=5.679549694061279, loss=3.617227554321289
I0126 19:50:18.423532 139866054575872 logging_writer.py:48] [8000] global_step=8000, grad_norm=6.045203685760498, loss=3.5798118114471436
I0126 19:50:52.463972 139866062968576 logging_writer.py:48] [8100] global_step=8100, grad_norm=6.405930995941162, loss=3.5874013900756836
I0126 19:51:26.489139 139866054575872 logging_writer.py:48] [8200] global_step=8200, grad_norm=4.008140563964844, loss=3.449998140335083
I0126 19:52:00.587002 139866062968576 logging_writer.py:48] [8300] global_step=8300, grad_norm=5.463372707366943, loss=3.4598164558410645
I0126 19:52:34.639581 139866054575872 logging_writer.py:48] [8400] global_step=8400, grad_norm=4.536727428436279, loss=3.49654221534729
I0126 19:53:08.663146 139866062968576 logging_writer.py:48] [8500] global_step=8500, grad_norm=4.618472576141357, loss=3.5871870517730713
I0126 19:53:42.705193 139866054575872 logging_writer.py:48] [8600] global_step=8600, grad_norm=4.765381336212158, loss=3.5143485069274902
I0126 19:54:16.749472 139866062968576 logging_writer.py:48] [8700] global_step=8700, grad_norm=4.630004405975342, loss=3.472400665283203
I0126 19:54:50.787935 139866054575872 logging_writer.py:48] [8800] global_step=8800, grad_norm=5.222556114196777, loss=3.5324594974517822
I0126 19:55:24.828224 139866062968576 logging_writer.py:48] [8900] global_step=8900, grad_norm=3.8463594913482666, loss=3.373746871948242
I0126 19:55:54.874460 140027215431488 spec.py:321] Evaluating on the training split.
I0126 19:56:02.323980 140027215431488 spec.py:333] Evaluating on the validation split.
I0126 19:56:10.770205 140027215431488 spec.py:349] Evaluating on the test split.
I0126 19:56:13.087135 140027215431488 submission_runner.py:408] Time since start: 3262.06s, 	Step: 8990, 	{'train/accuracy': 0.4954759180545807, 'train/loss': 2.285950183868408, 'validation/accuracy': 0.4610599875450134, 'validation/loss': 2.458083391189575, 'validation/num_examples': 50000, 'test/accuracy': 0.35450002551078796, 'test/loss': 3.1170003414154053, 'test/num_examples': 10000, 'score': 3116.0023124217987, 'total_duration': 3262.0570573806763, 'accumulated_submission_time': 3116.0023124217987, 'accumulated_eval_time': 145.59150886535645, 'accumulated_logging_time': 0.16101622581481934}
I0126 19:56:13.104731 139865794500352 logging_writer.py:48] [8990] accumulated_eval_time=145.591509, accumulated_logging_time=0.161016, accumulated_submission_time=3116.002312, global_step=8990, preemption_count=0, score=3116.002312, test/accuracy=0.354500, test/loss=3.117000, test/num_examples=10000, total_duration=3262.057057, train/accuracy=0.495476, train/loss=2.285950, validation/accuracy=0.461060, validation/loss=2.458083, validation/num_examples=50000
I0126 19:56:16.866718 139866163582720 logging_writer.py:48] [9000] global_step=9000, grad_norm=6.754250526428223, loss=3.5909225940704346
I0126 19:56:50.920614 139865794500352 logging_writer.py:48] [9100] global_step=9100, grad_norm=6.751666069030762, loss=3.380505084991455
I0126 19:57:24.945953 139866163582720 logging_writer.py:48] [9200] global_step=9200, grad_norm=7.729611396789551, loss=3.4928126335144043
I0126 19:57:58.961039 139865794500352 logging_writer.py:48] [9300] global_step=9300, grad_norm=4.355314254760742, loss=3.3975486755371094
I0126 19:58:33.122840 139866163582720 logging_writer.py:48] [9400] global_step=9400, grad_norm=5.062829494476318, loss=3.3307600021362305
I0126 19:59:07.136029 139865794500352 logging_writer.py:48] [9500] global_step=9500, grad_norm=3.5728604793548584, loss=3.370016098022461
I0126 19:59:41.177963 139866163582720 logging_writer.py:48] [9600] global_step=9600, grad_norm=4.42012357711792, loss=3.304575204849243
I0126 20:00:15.223343 139865794500352 logging_writer.py:48] [9700] global_step=9700, grad_norm=4.936296463012695, loss=3.3271450996398926
I0126 20:00:49.277387 139866163582720 logging_writer.py:48] [9800] global_step=9800, grad_norm=4.936412334442139, loss=3.31876802444458
I0126 20:01:23.308646 139865794500352 logging_writer.py:48] [9900] global_step=9900, grad_norm=6.283237457275391, loss=3.3286120891571045
I0126 20:01:57.315511 139866163582720 logging_writer.py:48] [10000] global_step=10000, grad_norm=5.109427452087402, loss=3.3304152488708496
I0126 20:02:31.340708 139865794500352 logging_writer.py:48] [10100] global_step=10100, grad_norm=5.102067470550537, loss=3.376965284347534
I0126 20:03:05.334631 139866163582720 logging_writer.py:48] [10200] global_step=10200, grad_norm=4.1643805503845215, loss=3.2862181663513184
I0126 20:03:39.353089 139865794500352 logging_writer.py:48] [10300] global_step=10300, grad_norm=4.984278678894043, loss=3.3384923934936523
I0126 20:04:13.357736 139866163582720 logging_writer.py:48] [10400] global_step=10400, grad_norm=3.125537633895874, loss=3.244198799133301
I0126 20:04:43.186931 140027215431488 spec.py:321] Evaluating on the training split.
I0126 20:04:50.526495 140027215431488 spec.py:333] Evaluating on the validation split.
I0126 20:05:02.812155 140027215431488 spec.py:349] Evaluating on the test split.
I0126 20:05:05.111688 140027215431488 submission_runner.py:408] Time since start: 3794.08s, 	Step: 10489, 	{'train/accuracy': 0.5600087642669678, 'train/loss': 1.9418503046035767, 'validation/accuracy': 0.49837997555732727, 'validation/loss': 2.2500064373016357, 'validation/num_examples': 50000, 'test/accuracy': 0.3785000145435333, 'test/loss': 2.9464919567108154, 'test/num_examples': 10000, 'score': 3626.0225105285645, 'total_duration': 3794.081609249115, 'accumulated_submission_time': 3626.0225105285645, 'accumulated_eval_time': 167.5162229537964, 'accumulated_logging_time': 0.18806004524230957}
I0126 20:05:05.129356 139865794500352 logging_writer.py:48] [10489] accumulated_eval_time=167.516223, accumulated_logging_time=0.188060, accumulated_submission_time=3626.022511, global_step=10489, preemption_count=0, score=3626.022511, test/accuracy=0.378500, test/loss=2.946492, test/num_examples=10000, total_duration=3794.081609, train/accuracy=0.560009, train/loss=1.941850, validation/accuracy=0.498380, validation/loss=2.250006, validation/num_examples=50000
I0126 20:05:09.244295 139865811285760 logging_writer.py:48] [10500] global_step=10500, grad_norm=8.269349098205566, loss=3.315396547317505
I0126 20:05:43.218231 139865794500352 logging_writer.py:48] [10600] global_step=10600, grad_norm=5.054336071014404, loss=3.241335391998291
I0126 20:06:17.228900 139865811285760 logging_writer.py:48] [10700] global_step=10700, grad_norm=4.125518798828125, loss=3.232785224914551
I0126 20:06:51.207978 139865794500352 logging_writer.py:48] [10800] global_step=10800, grad_norm=10.041556358337402, loss=3.2572555541992188
I0126 20:07:25.224665 139865811285760 logging_writer.py:48] [10900] global_step=10900, grad_norm=5.535765647888184, loss=3.3797948360443115
I0126 20:07:59.273572 139865794500352 logging_writer.py:48] [11000] global_step=11000, grad_norm=6.064060688018799, loss=3.325612783432007
I0126 20:08:33.284039 139865811285760 logging_writer.py:48] [11100] global_step=11100, grad_norm=4.2071404457092285, loss=3.1474967002868652
I0126 20:09:07.282285 139865794500352 logging_writer.py:48] [11200] global_step=11200, grad_norm=4.337063789367676, loss=3.208059072494507
I0126 20:09:41.291954 139865811285760 logging_writer.py:48] [11300] global_step=11300, grad_norm=5.387247085571289, loss=3.197551727294922
I0126 20:10:15.310241 139865794500352 logging_writer.py:48] [11400] global_step=11400, grad_norm=5.4184794425964355, loss=3.231735944747925
I0126 20:10:49.326077 139865811285760 logging_writer.py:48] [11500] global_step=11500, grad_norm=7.789032936096191, loss=3.2930920124053955
I0126 20:11:23.356816 139865794500352 logging_writer.py:48] [11600] global_step=11600, grad_norm=4.00344181060791, loss=3.2468791007995605
I0126 20:11:57.396933 139865811285760 logging_writer.py:48] [11700] global_step=11700, grad_norm=3.363957643508911, loss=3.2191500663757324
I0126 20:12:31.395089 139865794500352 logging_writer.py:48] [11800] global_step=11800, grad_norm=6.101145267486572, loss=3.263805389404297
I0126 20:13:05.409086 139865811285760 logging_writer.py:48] [11900] global_step=11900, grad_norm=4.529275894165039, loss=3.241187334060669
I0126 20:13:35.416231 140027215431488 spec.py:321] Evaluating on the training split.
I0126 20:13:42.734171 140027215431488 spec.py:333] Evaluating on the validation split.
I0126 20:13:51.184955 140027215431488 spec.py:349] Evaluating on the test split.
I0126 20:13:53.497574 140027215431488 submission_runner.py:408] Time since start: 4322.47s, 	Step: 11990, 	{'train/accuracy': 0.5775271058082581, 'train/loss': 1.8790894746780396, 'validation/accuracy': 0.5301399827003479, 'validation/loss': 2.1053919792175293, 'validation/num_examples': 50000, 'test/accuracy': 0.406900018453598, 'test/loss': 2.8000824451446533, 'test/num_examples': 10000, 'score': 4136.248651504517, 'total_duration': 4322.467486619949, 'accumulated_submission_time': 4136.248651504517, 'accumulated_eval_time': 185.59751963615417, 'accumulated_logging_time': 0.21561455726623535}
I0126 20:13:53.517328 139865786107648 logging_writer.py:48] [11990] accumulated_eval_time=185.597520, accumulated_logging_time=0.215615, accumulated_submission_time=4136.248652, global_step=11990, preemption_count=0, score=4136.248652, test/accuracy=0.406900, test/loss=2.800082, test/num_examples=10000, total_duration=4322.467487, train/accuracy=0.577527, train/loss=1.879089, validation/accuracy=0.530140, validation/loss=2.105392, validation/num_examples=50000
I0126 20:13:57.257668 139865802893056 logging_writer.py:48] [12000] global_step=12000, grad_norm=5.230744361877441, loss=3.1757664680480957
I0126 20:14:31.224292 139865786107648 logging_writer.py:48] [12100] global_step=12100, grad_norm=3.9678001403808594, loss=3.0888776779174805
I0126 20:15:05.226531 139865802893056 logging_writer.py:48] [12200] global_step=12200, grad_norm=4.156247138977051, loss=3.159257411956787
I0126 20:15:39.241226 139865786107648 logging_writer.py:48] [12300] global_step=12300, grad_norm=5.739269256591797, loss=3.192025661468506
I0126 20:16:13.236739 139865802893056 logging_writer.py:48] [12400] global_step=12400, grad_norm=4.34734582901001, loss=3.118171453475952
I0126 20:16:47.264600 139865786107648 logging_writer.py:48] [12500] global_step=12500, grad_norm=8.349034309387207, loss=3.165196418762207
I0126 20:17:21.287921 139865802893056 logging_writer.py:48] [12600] global_step=12600, grad_norm=5.501214504241943, loss=3.239062786102295
I0126 20:17:55.290759 139865786107648 logging_writer.py:48] [12700] global_step=12700, grad_norm=4.464661121368408, loss=3.1401784420013428
I0126 20:18:29.307920 139865802893056 logging_writer.py:48] [12800] global_step=12800, grad_norm=5.171933650970459, loss=3.1055407524108887
I0126 20:19:03.307512 139865786107648 logging_writer.py:48] [12900] global_step=12900, grad_norm=3.7153446674346924, loss=3.098449230194092
I0126 20:19:37.309293 139865802893056 logging_writer.py:48] [13000] global_step=13000, grad_norm=5.422653675079346, loss=3.0858302116394043
I0126 20:20:11.319383 139865786107648 logging_writer.py:48] [13100] global_step=13100, grad_norm=4.283851146697998, loss=3.119652271270752
I0126 20:20:45.305530 139865802893056 logging_writer.py:48] [13200] global_step=13200, grad_norm=6.779594421386719, loss=3.139528512954712
I0126 20:21:19.316243 139865786107648 logging_writer.py:48] [13300] global_step=13300, grad_norm=5.451035976409912, loss=3.185553789138794
I0126 20:21:53.313439 139865802893056 logging_writer.py:48] [13400] global_step=13400, grad_norm=5.24547815322876, loss=3.15221905708313
I0126 20:22:23.673305 140027215431488 spec.py:321] Evaluating on the training split.
I0126 20:22:30.906471 140027215431488 spec.py:333] Evaluating on the validation split.
I0126 20:22:39.361584 140027215431488 spec.py:349] Evaluating on the test split.
I0126 20:22:41.655200 140027215431488 submission_runner.py:408] Time since start: 4850.63s, 	Step: 13491, 	{'train/accuracy': 0.5838648080825806, 'train/loss': 1.8349441289901733, 'validation/accuracy': 0.5408999919891357, 'validation/loss': 2.0403449535369873, 'validation/num_examples': 50000, 'test/accuracy': 0.42420002818107605, 'test/loss': 2.7253708839416504, 'test/num_examples': 10000, 'score': 4646.346125364304, 'total_duration': 4850.625118970871, 'accumulated_submission_time': 4646.346125364304, 'accumulated_eval_time': 203.5793845653534, 'accumulated_logging_time': 0.24520635604858398}
I0126 20:22:41.677339 139865811285760 logging_writer.py:48] [13491] accumulated_eval_time=203.579385, accumulated_logging_time=0.245206, accumulated_submission_time=4646.346125, global_step=13491, preemption_count=0, score=4646.346125, test/accuracy=0.424200, test/loss=2.725371, test/num_examples=10000, total_duration=4850.625119, train/accuracy=0.583865, train/loss=1.834944, validation/accuracy=0.540900, validation/loss=2.040345, validation/num_examples=50000
I0126 20:22:45.079745 139865819678464 logging_writer.py:48] [13500] global_step=13500, grad_norm=5.219427108764648, loss=3.1473042964935303
I0126 20:23:19.151222 139865811285760 logging_writer.py:48] [13600] global_step=13600, grad_norm=4.931342124938965, loss=3.0503547191619873
I0126 20:23:53.099784 139865819678464 logging_writer.py:48] [13700] global_step=13700, grad_norm=3.5744645595550537, loss=3.003293991088867
I0126 20:24:27.117795 139865811285760 logging_writer.py:48] [13800] global_step=13800, grad_norm=5.145054340362549, loss=3.1245930194854736
I0126 20:25:01.110741 139865819678464 logging_writer.py:48] [13900] global_step=13900, grad_norm=4.532994270324707, loss=3.064148187637329
I0126 20:25:35.136533 139865811285760 logging_writer.py:48] [14000] global_step=14000, grad_norm=5.556020259857178, loss=3.057934284210205
I0126 20:26:09.125831 139865819678464 logging_writer.py:48] [14100] global_step=14100, grad_norm=5.722156047821045, loss=3.0736138820648193
I0126 20:26:43.126260 139865811285760 logging_writer.py:48] [14200] global_step=14200, grad_norm=5.36614465713501, loss=3.0542681217193604
I0126 20:27:17.091395 139865819678464 logging_writer.py:48] [14300] global_step=14300, grad_norm=5.757628440856934, loss=3.1413328647613525
I0126 20:27:51.064502 139865811285760 logging_writer.py:48] [14400] global_step=14400, grad_norm=6.116804122924805, loss=3.0402445793151855
I0126 20:28:25.021026 139865819678464 logging_writer.py:48] [14500] global_step=14500, grad_norm=4.592983722686768, loss=3.0694804191589355
I0126 20:28:58.970608 139865811285760 logging_writer.py:48] [14600] global_step=14600, grad_norm=5.250258922576904, loss=3.0131731033325195
I0126 20:29:33.022755 139865819678464 logging_writer.py:48] [14700] global_step=14700, grad_norm=5.325042247772217, loss=2.963894844055176
I0126 20:30:07.004427 139865811285760 logging_writer.py:48] [14800] global_step=14800, grad_norm=4.325377941131592, loss=3.0798094272613525
I0126 20:30:40.989435 139865819678464 logging_writer.py:48] [14900] global_step=14900, grad_norm=6.493980884552002, loss=3.0476574897766113
I0126 20:31:11.670321 140027215431488 spec.py:321] Evaluating on the training split.
I0126 20:31:19.064689 140027215431488 spec.py:333] Evaluating on the validation split.
I0126 20:31:27.434419 140027215431488 spec.py:349] Evaluating on the test split.
I0126 20:31:29.738742 140027215431488 submission_runner.py:408] Time since start: 5378.71s, 	Step: 14992, 	{'train/accuracy': 0.5969586968421936, 'train/loss': 1.7865535020828247, 'validation/accuracy': 0.5550999641418457, 'validation/loss': 1.9808624982833862, 'validation/num_examples': 50000, 'test/accuracy': 0.43540000915527344, 'test/loss': 2.653869152069092, 'test/num_examples': 10000, 'score': 5156.277529478073, 'total_duration': 5378.708662033081, 'accumulated_submission_time': 5156.277529478073, 'accumulated_eval_time': 221.64778184890747, 'accumulated_logging_time': 0.2781078815460205}
I0126 20:31:29.758099 139865794500352 logging_writer.py:48] [14992] accumulated_eval_time=221.647782, accumulated_logging_time=0.278108, accumulated_submission_time=5156.277529, global_step=14992, preemption_count=0, score=5156.277529, test/accuracy=0.435400, test/loss=2.653869, test/num_examples=10000, total_duration=5378.708662, train/accuracy=0.596959, train/loss=1.786554, validation/accuracy=0.555100, validation/loss=1.980862, validation/num_examples=50000
I0126 20:31:32.861248 139866163582720 logging_writer.py:48] [15000] global_step=15000, grad_norm=6.188420295715332, loss=3.0100176334381104
I0126 20:32:06.804815 139865794500352 logging_writer.py:48] [15100] global_step=15100, grad_norm=3.880401372909546, loss=3.14949369430542
I0126 20:32:40.764349 139866163582720 logging_writer.py:48] [15200] global_step=15200, grad_norm=3.1632463932037354, loss=3.108001708984375
I0126 20:33:14.714221 139865794500352 logging_writer.py:48] [15300] global_step=15300, grad_norm=3.432971954345703, loss=3.0921518802642822
I0126 20:33:48.685482 139866163582720 logging_writer.py:48] [15400] global_step=15400, grad_norm=8.397526741027832, loss=3.1166911125183105
I0126 20:34:22.650111 139865794500352 logging_writer.py:48] [15500] global_step=15500, grad_norm=3.3731634616851807, loss=3.0637340545654297
I0126 20:34:56.598767 139866163582720 logging_writer.py:48] [15600] global_step=15600, grad_norm=4.544257640838623, loss=3.075291156768799
I0126 20:35:30.630131 139865794500352 logging_writer.py:48] [15700] global_step=15700, grad_norm=5.430717468261719, loss=2.9739248752593994
I0126 20:36:04.584216 139866163582720 logging_writer.py:48] [15800] global_step=15800, grad_norm=3.1713833808898926, loss=2.969977855682373
I0126 20:36:38.571117 139865794500352 logging_writer.py:48] [15900] global_step=15900, grad_norm=6.888949871063232, loss=3.0347628593444824
I0126 20:37:12.532075 139866163582720 logging_writer.py:48] [16000] global_step=16000, grad_norm=3.6542751789093018, loss=3.0912697315216064
I0126 20:37:46.521014 139865794500352 logging_writer.py:48] [16100] global_step=16100, grad_norm=4.255438327789307, loss=3.0173630714416504
I0126 20:38:20.482966 139866163582720 logging_writer.py:48] [16200] global_step=16200, grad_norm=5.825980186462402, loss=3.0692334175109863
I0126 20:38:54.444906 139865794500352 logging_writer.py:48] [16300] global_step=16300, grad_norm=4.179112434387207, loss=3.000079870223999
I0126 20:39:28.406031 139866163582720 logging_writer.py:48] [16400] global_step=16400, grad_norm=6.248291969299316, loss=3.1468141078948975
I0126 20:40:00.053174 140027215431488 spec.py:321] Evaluating on the training split.
I0126 20:40:07.488519 140027215431488 spec.py:333] Evaluating on the validation split.
I0126 20:40:15.969656 140027215431488 spec.py:349] Evaluating on the test split.
I0126 20:40:18.242916 140027215431488 submission_runner.py:408] Time since start: 5907.21s, 	Step: 16495, 	{'train/accuracy': 0.5969586968421936, 'train/loss': 1.7959184646606445, 'validation/accuracy': 0.5592600107192993, 'validation/loss': 1.978746771812439, 'validation/num_examples': 50000, 'test/accuracy': 0.4358000159263611, 'test/loss': 2.657799005508423, 'test/num_examples': 10000, 'score': 5666.510581970215, 'total_duration': 5907.21281003952, 'accumulated_submission_time': 5666.510581970215, 'accumulated_eval_time': 239.83745956420898, 'accumulated_logging_time': 0.3100862503051758}
I0126 20:40:18.263419 139865802893056 logging_writer.py:48] [16495] accumulated_eval_time=239.837460, accumulated_logging_time=0.310086, accumulated_submission_time=5666.510582, global_step=16495, preemption_count=0, score=5666.510582, test/accuracy=0.435800, test/loss=2.657799, test/num_examples=10000, total_duration=5907.212810, train/accuracy=0.596959, train/loss=1.795918, validation/accuracy=0.559260, validation/loss=1.978747, validation/num_examples=50000
I0126 20:40:20.311083 139865819678464 logging_writer.py:48] [16500] global_step=16500, grad_norm=5.795391082763672, loss=3.0095715522766113
I0126 20:40:54.265765 139865802893056 logging_writer.py:48] [16600] global_step=16600, grad_norm=7.063298225402832, loss=3.0591845512390137
I0126 20:41:28.223318 139865819678464 logging_writer.py:48] [16700] global_step=16700, grad_norm=4.83107852935791, loss=2.977250337600708
I0126 20:42:02.196946 139865802893056 logging_writer.py:48] [16800] global_step=16800, grad_norm=5.165567874908447, loss=2.9586126804351807
I0126 20:42:36.179339 139865819678464 logging_writer.py:48] [16900] global_step=16900, grad_norm=9.23054027557373, loss=3.1029672622680664
I0126 20:43:10.140315 139865802893056 logging_writer.py:48] [17000] global_step=17000, grad_norm=3.4611833095550537, loss=2.9971446990966797
I0126 20:43:44.051057 139865819678464 logging_writer.py:48] [17100] global_step=17100, grad_norm=5.840898036956787, loss=2.9403557777404785
I0126 20:44:17.999298 139865802893056 logging_writer.py:48] [17200] global_step=17200, grad_norm=3.9219655990600586, loss=3.0277605056762695
I0126 20:44:51.930129 139865819678464 logging_writer.py:48] [17300] global_step=17300, grad_norm=3.5136215686798096, loss=2.9868297576904297
I0126 20:45:25.875922 139865802893056 logging_writer.py:48] [17400] global_step=17400, grad_norm=4.306870460510254, loss=2.99161958694458
I0126 20:45:59.851365 139865819678464 logging_writer.py:48] [17500] global_step=17500, grad_norm=4.217706203460693, loss=3.017280340194702
I0126 20:46:33.805332 139865802893056 logging_writer.py:48] [17600] global_step=17600, grad_norm=3.708049774169922, loss=3.043438196182251
I0126 20:47:07.711421 139865819678464 logging_writer.py:48] [17700] global_step=17700, grad_norm=3.8986637592315674, loss=3.0322377681732178
I0126 20:47:41.681454 139865802893056 logging_writer.py:48] [17800] global_step=17800, grad_norm=4.3481974601745605, loss=3.113626003265381
I0126 20:48:15.632805 139865819678464 logging_writer.py:48] [17900] global_step=17900, grad_norm=3.435002565383911, loss=2.894394874572754
I0126 20:48:48.302753 140027215431488 spec.py:321] Evaluating on the training split.
I0126 20:48:56.394984 140027215431488 spec.py:333] Evaluating on the validation split.
I0126 20:49:05.151700 140027215431488 spec.py:349] Evaluating on the test split.
I0126 20:49:07.477719 140027215431488 submission_runner.py:408] Time since start: 6436.45s, 	Step: 17998, 	{'train/accuracy': 0.5971181392669678, 'train/loss': 1.7574492692947388, 'validation/accuracy': 0.5580799579620361, 'validation/loss': 1.9484416246414185, 'validation/num_examples': 50000, 'test/accuracy': 0.4360000193119049, 'test/loss': 2.6286208629608154, 'test/num_examples': 10000, 'score': 6176.487642765045, 'total_duration': 6436.447620630264, 'accumulated_submission_time': 6176.487642765045, 'accumulated_eval_time': 259.01236724853516, 'accumulated_logging_time': 0.342235803604126}
I0126 20:49:07.510011 139865811285760 logging_writer.py:48] [17998] accumulated_eval_time=259.012367, accumulated_logging_time=0.342236, accumulated_submission_time=6176.487643, global_step=17998, preemption_count=0, score=6176.487643, test/accuracy=0.436000, test/loss=2.628621, test/num_examples=10000, total_duration=6436.447621, train/accuracy=0.597118, train/loss=1.757449, validation/accuracy=0.558080, validation/loss=1.948442, validation/num_examples=50000
I0126 20:49:08.535917 139865819678464 logging_writer.py:48] [18000] global_step=18000, grad_norm=3.5119500160217285, loss=2.9928040504455566
I0126 20:49:42.461745 139865811285760 logging_writer.py:48] [18100] global_step=18100, grad_norm=3.9764230251312256, loss=3.0350117683410645
I0126 20:50:16.419271 139865819678464 logging_writer.py:48] [18200] global_step=18200, grad_norm=4.9752278327941895, loss=3.05686616897583
I0126 20:50:50.353718 139865811285760 logging_writer.py:48] [18300] global_step=18300, grad_norm=6.455244541168213, loss=3.025620460510254
I0126 20:51:24.298162 139865819678464 logging_writer.py:48] [18400] global_step=18400, grad_norm=3.6625359058380127, loss=2.9153575897216797
I0126 20:51:58.224861 139865811285760 logging_writer.py:48] [18500] global_step=18500, grad_norm=5.3109307289123535, loss=3.0346643924713135
I0126 20:52:32.183070 139865819678464 logging_writer.py:48] [18600] global_step=18600, grad_norm=6.230252742767334, loss=3.050051689147949
I0126 20:53:06.129542 139865811285760 logging_writer.py:48] [18700] global_step=18700, grad_norm=4.591784954071045, loss=2.9949049949645996
I0126 20:53:40.064463 139865819678464 logging_writer.py:48] [18800] global_step=18800, grad_norm=3.1748459339141846, loss=3.0093891620635986
I0126 20:54:14.030396 139865811285760 logging_writer.py:48] [18900] global_step=18900, grad_norm=3.110123872756958, loss=2.960434913635254
I0126 20:54:47.945794 139865819678464 logging_writer.py:48] [19000] global_step=19000, grad_norm=3.5039408206939697, loss=2.959526300430298
I0126 20:55:21.901927 139865811285760 logging_writer.py:48] [19100] global_step=19100, grad_norm=3.996878147125244, loss=2.993182897567749
I0126 20:55:55.843494 139865819678464 logging_writer.py:48] [19200] global_step=19200, grad_norm=4.408698558807373, loss=3.0612411499023438
I0126 20:56:29.790136 139865811285760 logging_writer.py:48] [19300] global_step=19300, grad_norm=4.236629009246826, loss=3.0351386070251465
I0126 20:57:03.710097 139865819678464 logging_writer.py:48] [19400] global_step=19400, grad_norm=3.0577406883239746, loss=2.986241579055786
