python3 submission_runner.py --framework=jax --workload=imagenet_vit --submission_path=prize_qualification_baselines/external_tuning/jax_nadamw_full_budget.py --tuning_search_space=prize_qualification_baselines/external_tuning/tuning_search_space.json --data_dir=/data/imagenet/jax --num_tuning_trials=1 --experiment_dir=/experiment_runs --experiment_name=prize_qualification/study_4 --overwrite=true --save_checkpoints=false --num_tuning_trials=5 --rng_seed=1800903789 --max_global_steps=186666 --imagenet_v2_data_dir=/data/imagenet/jax 2>&1 | tee -a /logs/imagenet_vit_jax_01-30-2024-19-56-30.log
/usr/local/lib/python3.8/dist-packages/tensorflow_addons/utils/tfa_eol_msg.py:23: UserWarning: 

TensorFlow Addons (TFA) has ended development and introduction of new features.
TFA has entered a minimal maintenance and release mode until a planned end of life in May 2024.
Please modify downstream libraries to take dependencies from other repositories in our TensorFlow community (e.g. Keras, Keras-CV, and Keras-NLP). 

For more information see: https://github.com/tensorflow/addons/issues/2807 

  warnings.warn(
I0130 19:56:51.169522 140085747812160 logger_utils.py:76] Creating experiment directory at /experiment_runs/prize_qualification/study_4/imagenet_vit_jax.
I0130 19:56:52.243488 140085747812160 xla_bridge.py:455] Unable to initialize backend 'rocm': NOT_FOUND: Could not find registered platform with name: "rocm". Available platform names are: Host CUDA Interpreter
I0130 19:56:52.244478 140085747812160 xla_bridge.py:455] Unable to initialize backend 'tpu': module 'jaxlib.xla_extension' has no attribute 'get_tpu_client'
I0130 19:56:52.244707 140085747812160 xla_bridge.py:455] Unable to initialize backend 'plugin': xla_extension has no attributes named get_plugin_device_client. Compile TensorFlow with //tensorflow/compiler/xla/python:enable_plugin_device set to true (defaults to false) to enable this.
I0130 19:56:52.246140 140085747812160 submission_runner.py:542] Using RNG seed 1800903789
I0130 19:56:57.616092 140085747812160 submission_runner.py:551] --- Tuning run 1/5 ---
I0130 19:56:57.616366 140085747812160 submission_runner.py:556] Creating tuning directory at /experiment_runs/prize_qualification/study_4/imagenet_vit_jax/trial_1.
I0130 19:56:57.616580 140085747812160 logger_utils.py:92] Saving hparams to /experiment_runs/prize_qualification/study_4/imagenet_vit_jax/trial_1/hparams.json.
I0130 19:56:57.804191 140085747812160 submission_runner.py:206] Initializing dataset.
I0130 19:56:57.820453 140085747812160 dataset_info.py:578] Load dataset info from /data/imagenet/jax/imagenet2012/5.1.0
I0130 19:56:57.832784 140085747812160 dataset_info.py:669] Fields info.[splits, supervised_keys] from disk and from code do not match. Keeping the one from code.
I0130 19:56:58.208090 140085747812160 logging_logger.py:49] Constructing tf.data.Dataset imagenet2012 for split train, from /data/imagenet/jax/imagenet2012/5.1.0
I0130 19:57:06.480126 140085747812160 submission_runner.py:213] Initializing model.
I0130 19:57:15.305140 140085747812160 submission_runner.py:255] Initializing optimizer.
I0130 19:57:16.280887 140085747812160 submission_runner.py:262] Initializing metrics bundle.
I0130 19:57:16.281073 140085747812160 submission_runner.py:280] Initializing checkpoint and logger.
I0130 19:57:16.282269 140085747812160 checkpoints.py:915] Found no checkpoint files in /experiment_runs/prize_qualification/study_4/imagenet_vit_jax/trial_1 with prefix checkpoint_
I0130 19:57:16.282414 140085747812160 submission_runner.py:300] Saving meta data to /experiment_runs/prize_qualification/study_4/imagenet_vit_jax/trial_1/meta_data_0.json.
fatal: detected dubious ownership in repository at '/algorithmic-efficiency'
To add an exception for this directory, call:

	git config --global --add safe.directory /algorithmic-efficiency
I0130 19:57:16.705903 140085747812160 logger_utils.py:220] Unable to record git information. Continuing without it.
I0130 19:57:17.100446 140085747812160 submission_runner.py:304] Saving flags to /experiment_runs/prize_qualification/study_4/imagenet_vit_jax/trial_1/flags_0.json.
I0130 19:57:17.110400 140085747812160 submission_runner.py:314] Starting training loop.
2024-01-30 19:58:07.726802: E external/xla/xla/service/rendezvous.cc:31] This thread has been waiting for 10 seconds and may be stuck:
2024-01-30 19:58:11.531602: E external/xla/xla/service/rendezvous.cc:36] Thread is unstuck! Warning above was a false-positive. Perhaps the timeout is too short.
I0130 19:58:13.124081 139923323614976 logging_writer.py:48] [0] global_step=0, grad_norm=0.32910990715026855, loss=6.907756805419922
I0130 19:58:13.141949 140085747812160 spec.py:321] Evaluating on the training split.
I0130 19:58:13.150182 140085747812160 dataset_info.py:578] Load dataset info from /data/imagenet/jax/imagenet2012/5.1.0
I0130 19:58:13.159276 140085747812160 dataset_info.py:669] Fields info.[splits, supervised_keys] from disk and from code do not match. Keeping the one from code.
I0130 19:58:13.244252 140085747812160 logging_logger.py:49] Constructing tf.data.Dataset imagenet2012 for split train, from /data/imagenet/jax/imagenet2012/5.1.0
I0130 19:58:30.567951 140085747812160 spec.py:333] Evaluating on the validation split.
I0130 19:58:30.576202 140085747812160 dataset_info.py:578] Load dataset info from /data/imagenet/jax/imagenet2012/5.1.0
I0130 19:58:30.595969 140085747812160 dataset_info.py:669] Fields info.[splits, supervised_keys] from disk and from code do not match. Keeping the one from code.
I0130 19:58:30.677425 140085747812160 logging_logger.py:49] Constructing tf.data.Dataset imagenet2012 for split validation, from /data/imagenet/jax/imagenet2012/5.1.0
I0130 19:58:48.103980 140085747812160 spec.py:349] Evaluating on the test split.
I0130 19:58:48.113531 140085747812160 dataset_info.py:578] Load dataset info from /data/imagenet/jax/imagenet_v2/matched-frequency/3.0.0
I0130 19:58:48.120181 140085747812160 dataset_builder.py:528] Reusing dataset imagenet_v2 (/data/imagenet/jax/imagenet_v2/matched-frequency/3.0.0)
I0130 19:58:48.174484 140085747812160 logging_logger.py:49] Constructing tf.data.Dataset imagenet_v2 for split test, from /data/imagenet/jax/imagenet_v2/matched-frequency/3.0.0
I0130 19:58:53.456827 140085747812160 submission_runner.py:408] Time since start: 96.35s, 	Step: 1, 	{'train/accuracy': 0.0009179687476716936, 'train/loss': 6.907756328582764, 'validation/accuracy': 0.0009999999310821295, 'validation/loss': 6.9077558517456055, 'validation/num_examples': 50000, 'test/accuracy': 0.0010000000474974513, 'test/loss': 6.907756805419922, 'test/num_examples': 10000, 'score': 56.03143048286438, 'total_duration': 96.34635639190674, 'accumulated_submission_time': 56.03143048286438, 'accumulated_eval_time': 40.31481671333313, 'accumulated_logging_time': 0}
I0130 19:58:53.478810 139884777948928 logging_writer.py:48] [1] accumulated_eval_time=40.314817, accumulated_logging_time=0, accumulated_submission_time=56.031430, global_step=1, preemption_count=0, score=56.031430, test/accuracy=0.001000, test/loss=6.907757, test/num_examples=10000, total_duration=96.346356, train/accuracy=0.000918, train/loss=6.907756, validation/accuracy=0.001000, validation/loss=6.907756, validation/num_examples=50000
I0130 19:59:55.876197 139921452914432 logging_writer.py:48] [100] global_step=100, grad_norm=0.334309458732605, loss=6.906836986541748
I0130 20:00:40.695338 139921461307136 logging_writer.py:48] [200] global_step=200, grad_norm=0.41020020842552185, loss=6.893394947052002
I0130 20:01:26.781437 139921452914432 logging_writer.py:48] [300] global_step=300, grad_norm=0.5273445844650269, loss=6.857131481170654
I0130 20:02:12.666694 139921461307136 logging_writer.py:48] [400] global_step=400, grad_norm=0.6525280475616455, loss=6.807192325592041
I0130 20:02:58.752777 139921452914432 logging_writer.py:48] [500] global_step=500, grad_norm=0.7201225161552429, loss=6.785980224609375
I0130 20:03:44.431086 139921461307136 logging_writer.py:48] [600] global_step=600, grad_norm=1.1000946760177612, loss=6.741386890411377
I0130 20:04:30.249492 139921452914432 logging_writer.py:48] [700] global_step=700, grad_norm=0.9100100994110107, loss=6.810025691986084
I0130 20:05:15.966447 139921461307136 logging_writer.py:48] [800] global_step=800, grad_norm=1.192735195159912, loss=6.656243324279785
I0130 20:05:53.699468 140085747812160 spec.py:321] Evaluating on the training split.
I0130 20:06:05.775009 140085747812160 spec.py:333] Evaluating on the validation split.
I0130 20:06:13.865769 140085747812160 spec.py:349] Evaluating on the test split.
I0130 20:06:15.677981 140085747812160 submission_runner.py:408] Time since start: 538.57s, 	Step: 884, 	{'train/accuracy': 0.015097656287252903, 'train/loss': 6.414700031280518, 'validation/accuracy': 0.014619999565184116, 'validation/loss': 6.424112796783447, 'validation/num_examples': 50000, 'test/accuracy': 0.011200000531971455, 'test/loss': 6.467188358306885, 'test/num_examples': 10000, 'score': 476.19164657592773, 'total_duration': 538.5675106048584, 'accumulated_submission_time': 476.19164657592773, 'accumulated_eval_time': 62.29332900047302, 'accumulated_logging_time': 0.0311734676361084}
I0130 20:06:15.695080 139884786341632 logging_writer.py:48] [884] accumulated_eval_time=62.293329, accumulated_logging_time=0.031173, accumulated_submission_time=476.191647, global_step=884, preemption_count=0, score=476.191647, test/accuracy=0.011200, test/loss=6.467188, test/num_examples=10000, total_duration=538.567511, train/accuracy=0.015098, train/loss=6.414700, validation/accuracy=0.014620, validation/loss=6.424113, validation/num_examples=50000
I0130 20:06:22.397252 139884794734336 logging_writer.py:48] [900] global_step=900, grad_norm=3.1867454051971436, loss=6.574435234069824
I0130 20:07:03.605993 139884786341632 logging_writer.py:48] [1000] global_step=1000, grad_norm=2.533499002456665, loss=6.567874908447266
I0130 20:07:49.383312 139884794734336 logging_writer.py:48] [1100] global_step=1100, grad_norm=2.086824655532837, loss=6.465560436248779
I0130 20:08:35.349672 139884786341632 logging_writer.py:48] [1200] global_step=1200, grad_norm=1.6976290941238403, loss=6.436184883117676
I0130 20:09:21.225186 139884794734336 logging_writer.py:48] [1300] global_step=1300, grad_norm=1.8970184326171875, loss=6.45155143737793
I0130 20:10:06.855949 139884786341632 logging_writer.py:48] [1400] global_step=1400, grad_norm=1.2821145057678223, loss=6.417068004608154
I0130 20:10:52.287611 139884794734336 logging_writer.py:48] [1500] global_step=1500, grad_norm=2.5363595485687256, loss=6.437841415405273
I0130 20:11:37.838331 139884786341632 logging_writer.py:48] [1600] global_step=1600, grad_norm=1.7365093231201172, loss=6.283599853515625
I0130 20:12:23.558209 139884794734336 logging_writer.py:48] [1700] global_step=1700, grad_norm=1.3382030725479126, loss=6.571628570556641
I0130 20:13:09.371489 139884786341632 logging_writer.py:48] [1800] global_step=1800, grad_norm=1.44956636428833, loss=6.499438285827637
I0130 20:13:15.907781 140085747812160 spec.py:321] Evaluating on the training split.
I0130 20:13:27.860535 140085747812160 spec.py:333] Evaluating on the validation split.
I0130 20:13:35.985969 140085747812160 spec.py:349] Evaluating on the test split.
I0130 20:13:37.645561 140085747812160 submission_runner.py:408] Time since start: 980.54s, 	Step: 1816, 	{'train/accuracy': 0.04582031071186066, 'train/loss': 5.830249309539795, 'validation/accuracy': 0.044039998203516006, 'validation/loss': 5.860832214355469, 'validation/num_examples': 50000, 'test/accuracy': 0.03880000114440918, 'test/loss': 5.978135585784912, 'test/num_examples': 10000, 'score': 896.3407437801361, 'total_duration': 980.5350985527039, 'accumulated_submission_time': 896.3407437801361, 'accumulated_eval_time': 84.03109979629517, 'accumulated_logging_time': 0.058878421783447266}
I0130 20:13:37.661880 139884794734336 logging_writer.py:48] [1816] accumulated_eval_time=84.031100, accumulated_logging_time=0.058878, accumulated_submission_time=896.340744, global_step=1816, preemption_count=0, score=896.340744, test/accuracy=0.038800, test/loss=5.978136, test/num_examples=10000, total_duration=980.535099, train/accuracy=0.045820, train/loss=5.830249, validation/accuracy=0.044040, validation/loss=5.860832, validation/num_examples=50000
I0130 20:14:11.202799 139884786341632 logging_writer.py:48] [1900] global_step=1900, grad_norm=2.262904405593872, loss=6.695959091186523
I0130 20:14:56.625486 139884794734336 logging_writer.py:48] [2000] global_step=2000, grad_norm=1.995912790298462, loss=6.1162495613098145
I0130 20:15:42.209331 139884786341632 logging_writer.py:48] [2100] global_step=2100, grad_norm=1.6380743980407715, loss=6.136719703674316
I0130 20:16:27.948692 139884794734336 logging_writer.py:48] [2200] global_step=2200, grad_norm=2.0715973377227783, loss=6.113777160644531
I0130 20:17:13.854548 139884786341632 logging_writer.py:48] [2300] global_step=2300, grad_norm=2.3674516677856445, loss=6.072237491607666
I0130 20:17:59.490392 139884794734336 logging_writer.py:48] [2400] global_step=2400, grad_norm=2.1478984355926514, loss=6.066251754760742
I0130 20:18:45.071586 139884786341632 logging_writer.py:48] [2500] global_step=2500, grad_norm=1.5049723386764526, loss=6.028589248657227
I0130 20:19:30.774880 139884794734336 logging_writer.py:48] [2600] global_step=2600, grad_norm=1.7792006731033325, loss=6.012537002563477
I0130 20:20:16.414747 139884786341632 logging_writer.py:48] [2700] global_step=2700, grad_norm=1.4447225332260132, loss=6.491280555725098
I0130 20:20:37.935918 140085747812160 spec.py:321] Evaluating on the training split.
I0130 20:20:49.965449 140085747812160 spec.py:333] Evaluating on the validation split.
I0130 20:20:58.158975 140085747812160 spec.py:349] Evaluating on the test split.
I0130 20:20:59.820342 140085747812160 submission_runner.py:408] Time since start: 1422.71s, 	Step: 2749, 	{'train/accuracy': 0.07023437321186066, 'train/loss': 5.432772636413574, 'validation/accuracy': 0.06391999870538712, 'validation/loss': 5.477494716644287, 'validation/num_examples': 50000, 'test/accuracy': 0.04910000413656235, 'test/loss': 5.647575378417969, 'test/num_examples': 10000, 'score': 1316.5516102313995, 'total_duration': 1422.709864616394, 'accumulated_submission_time': 1316.5516102313995, 'accumulated_eval_time': 105.91550326347351, 'accumulated_logging_time': 0.08542728424072266}
I0130 20:20:59.838043 139884794734336 logging_writer.py:48] [2749] accumulated_eval_time=105.915503, accumulated_logging_time=0.085427, accumulated_submission_time=1316.551610, global_step=2749, preemption_count=0, score=1316.551610, test/accuracy=0.049100, test/loss=5.647575, test/num_examples=10000, total_duration=1422.709865, train/accuracy=0.070234, train/loss=5.432773, validation/accuracy=0.063920, validation/loss=5.477495, validation/num_examples=50000
I0130 20:21:20.355023 139884786341632 logging_writer.py:48] [2800] global_step=2800, grad_norm=1.777781367301941, loss=5.910261154174805
I0130 20:22:04.142121 139884794734336 logging_writer.py:48] [2900] global_step=2900, grad_norm=2.011845588684082, loss=5.899960041046143
I0130 20:22:49.843495 139884786341632 logging_writer.py:48] [3000] global_step=3000, grad_norm=1.4685583114624023, loss=6.0078887939453125
I0130 20:23:35.505772 139884794734336 logging_writer.py:48] [3100] global_step=3100, grad_norm=1.7601772546768188, loss=5.888437747955322
I0130 20:24:21.224414 139884786341632 logging_writer.py:48] [3200] global_step=3200, grad_norm=1.326470136642456, loss=6.49884033203125
I0130 20:25:06.693746 139884794734336 logging_writer.py:48] [3300] global_step=3300, grad_norm=1.6396442651748657, loss=5.819902420043945
I0130 20:25:52.354833 139884786341632 logging_writer.py:48] [3400] global_step=3400, grad_norm=1.9351850748062134, loss=5.884766101837158
I0130 20:26:38.170699 139884794734336 logging_writer.py:48] [3500] global_step=3500, grad_norm=1.4570884704589844, loss=6.048254013061523
I0130 20:27:23.984834 139884786341632 logging_writer.py:48] [3600] global_step=3600, grad_norm=1.698074460029602, loss=6.408495903015137
I0130 20:28:00.176324 140085747812160 spec.py:321] Evaluating on the training split.
I0130 20:28:12.106464 140085747812160 spec.py:333] Evaluating on the validation split.
I0130 20:28:21.990884 140085747812160 spec.py:349] Evaluating on the test split.
I0130 20:28:23.638471 140085747812160 submission_runner.py:408] Time since start: 1866.53s, 	Step: 3681, 	{'train/accuracy': 0.09486328065395355, 'train/loss': 5.102994441986084, 'validation/accuracy': 0.08893999457359314, 'validation/loss': 5.145900249481201, 'validation/num_examples': 50000, 'test/accuracy': 0.06800000369548798, 'test/loss': 5.371665954589844, 'test/num_examples': 10000, 'score': 1736.8272049427032, 'total_duration': 1866.5280022621155, 'accumulated_submission_time': 1736.8272049427032, 'accumulated_eval_time': 129.37765622138977, 'accumulated_logging_time': 0.11379456520080566}
I0130 20:28:23.655699 139884794734336 logging_writer.py:48] [3681] accumulated_eval_time=129.377656, accumulated_logging_time=0.113795, accumulated_submission_time=1736.827205, global_step=3681, preemption_count=0, score=1736.827205, test/accuracy=0.068000, test/loss=5.371666, test/num_examples=10000, total_duration=1866.528002, train/accuracy=0.094863, train/loss=5.102994, validation/accuracy=0.088940, validation/loss=5.145900, validation/num_examples=50000
I0130 20:28:31.558079 139884786341632 logging_writer.py:48] [3700] global_step=3700, grad_norm=1.537024974822998, loss=5.739633560180664
I0130 20:29:13.681282 139884794734336 logging_writer.py:48] [3800] global_step=3800, grad_norm=1.548625111579895, loss=5.765267372131348
I0130 20:29:59.302460 139884786341632 logging_writer.py:48] [3900] global_step=3900, grad_norm=1.3460654020309448, loss=5.798430442810059
I0130 20:30:45.116384 139884794734336 logging_writer.py:48] [4000] global_step=4000, grad_norm=1.9165420532226562, loss=5.734317779541016
I0130 20:31:30.912320 139884786341632 logging_writer.py:48] [4100] global_step=4100, grad_norm=1.9846426248550415, loss=5.690876007080078
I0130 20:32:16.610844 139884794734336 logging_writer.py:48] [4200] global_step=4200, grad_norm=1.5840680599212646, loss=5.63986349105835
I0130 20:33:02.623459 139884786341632 logging_writer.py:48] [4300] global_step=4300, grad_norm=2.006465435028076, loss=5.615768909454346
I0130 20:33:48.300867 139884794734336 logging_writer.py:48] [4400] global_step=4400, grad_norm=1.1998066902160645, loss=6.424536228179932
I0130 20:34:34.035027 139884786341632 logging_writer.py:48] [4500] global_step=4500, grad_norm=1.9522899389266968, loss=5.549839019775391
I0130 20:35:19.702022 139884794734336 logging_writer.py:48] [4600] global_step=4600, grad_norm=1.745065689086914, loss=5.520509243011475
I0130 20:35:23.931856 140085747812160 spec.py:321] Evaluating on the training split.
I0130 20:35:36.101136 140085747812160 spec.py:333] Evaluating on the validation split.
I0130 20:35:44.492070 140085747812160 spec.py:349] Evaluating on the test split.
I0130 20:35:46.145678 140085747812160 submission_runner.py:408] Time since start: 2309.04s, 	Step: 4611, 	{'train/accuracy': 0.14060546457767487, 'train/loss': 4.725737571716309, 'validation/accuracy': 0.13011999428272247, 'validation/loss': 4.775650501251221, 'validation/num_examples': 50000, 'test/accuracy': 0.09880000352859497, 'test/loss': 5.062837600708008, 'test/num_examples': 10000, 'score': 2157.039966583252, 'total_duration': 2309.0352096557617, 'accumulated_submission_time': 2157.039966583252, 'accumulated_eval_time': 151.5914740562439, 'accumulated_logging_time': 0.14225101470947266}
I0130 20:35:46.162606 139884786341632 logging_writer.py:48] [4611] accumulated_eval_time=151.591474, accumulated_logging_time=0.142251, accumulated_submission_time=2157.039967, global_step=4611, preemption_count=0, score=2157.039967, test/accuracy=0.098800, test/loss=5.062838, test/num_examples=10000, total_duration=2309.035210, train/accuracy=0.140605, train/loss=4.725738, validation/accuracy=0.130120, validation/loss=4.775651, validation/num_examples=50000
I0130 20:36:22.106615 139884794734336 logging_writer.py:48] [4700] global_step=4700, grad_norm=1.7527719736099243, loss=5.5340657234191895
I0130 20:37:07.951454 139884786341632 logging_writer.py:48] [4800] global_step=4800, grad_norm=1.3503634929656982, loss=6.449416160583496
I0130 20:37:53.859384 139884794734336 logging_writer.py:48] [4900] global_step=4900, grad_norm=1.8452932834625244, loss=5.408026218414307
I0130 20:38:40.027152 139884786341632 logging_writer.py:48] [5000] global_step=5000, grad_norm=1.5928312540054321, loss=5.586423873901367
I0130 20:39:25.721481 139884794734336 logging_writer.py:48] [5100] global_step=5100, grad_norm=1.765557885169983, loss=5.456533432006836
I0130 20:40:11.604431 139884786341632 logging_writer.py:48] [5200] global_step=5200, grad_norm=1.864950180053711, loss=5.372303009033203
I0130 20:40:57.681306 139884794734336 logging_writer.py:48] [5300] global_step=5300, grad_norm=1.3584589958190918, loss=6.354146480560303
I0130 20:41:43.355611 139884786341632 logging_writer.py:48] [5400] global_step=5400, grad_norm=1.5860062837600708, loss=6.494044780731201
I0130 20:42:29.286376 139884794734336 logging_writer.py:48] [5500] global_step=5500, grad_norm=1.522041916847229, loss=5.700617790222168
I0130 20:42:46.342606 140085747812160 spec.py:321] Evaluating on the training split.
I0130 20:42:58.439985 140085747812160 spec.py:333] Evaluating on the validation split.
I0130 20:43:06.661814 140085747812160 spec.py:349] Evaluating on the test split.
I0130 20:43:08.321310 140085747812160 submission_runner.py:408] Time since start: 2751.21s, 	Step: 5539, 	{'train/accuracy': 0.18742187321186066, 'train/loss': 4.307502269744873, 'validation/accuracy': 0.16944000124931335, 'validation/loss': 4.408010959625244, 'validation/num_examples': 50000, 'test/accuracy': 0.12810000777244568, 'test/loss': 4.742315292358398, 'test/num_examples': 10000, 'score': 2577.1580624580383, 'total_duration': 2751.210842370987, 'accumulated_submission_time': 2577.1580624580383, 'accumulated_eval_time': 173.5701711177826, 'accumulated_logging_time': 0.1694018840789795}
I0130 20:43:08.338865 139884786341632 logging_writer.py:48] [5539] accumulated_eval_time=173.570171, accumulated_logging_time=0.169402, accumulated_submission_time=2577.158062, global_step=5539, preemption_count=0, score=2577.158062, test/accuracy=0.128100, test/loss=4.742315, test/num_examples=10000, total_duration=2751.210842, train/accuracy=0.187422, train/loss=4.307502, validation/accuracy=0.169440, validation/loss=4.408011, validation/num_examples=50000
I0130 20:43:32.718132 139884794734336 logging_writer.py:48] [5600] global_step=5600, grad_norm=1.6466540098190308, loss=5.2836151123046875
I0130 20:44:17.352089 139884786341632 logging_writer.py:48] [5700] global_step=5700, grad_norm=1.6471450328826904, loss=5.567917346954346
I0130 20:45:03.184332 139884794734336 logging_writer.py:48] [5800] global_step=5800, grad_norm=1.3429315090179443, loss=5.8169050216674805
I0130 20:45:48.952379 139884786341632 logging_writer.py:48] [5900] global_step=5900, grad_norm=1.5587778091430664, loss=5.2847418785095215
I0130 20:46:34.864707 139884794734336 logging_writer.py:48] [6000] global_step=6000, grad_norm=1.9667061567306519, loss=5.573970794677734
I0130 20:47:20.692319 139884786341632 logging_writer.py:48] [6100] global_step=6100, grad_norm=1.7129865884780884, loss=5.0972795486450195
I0130 20:48:07.034807 139884794734336 logging_writer.py:48] [6200] global_step=6200, grad_norm=1.4702239036560059, loss=5.626331806182861
I0130 20:48:53.393335 139884786341632 logging_writer.py:48] [6300] global_step=6300, grad_norm=1.6484748125076294, loss=5.0726141929626465
I0130 20:49:39.755020 139884794734336 logging_writer.py:48] [6400] global_step=6400, grad_norm=1.6401852369308472, loss=5.2614054679870605
I0130 20:50:08.363408 140085747812160 spec.py:321] Evaluating on the training split.
I0130 20:50:20.398272 140085747812160 spec.py:333] Evaluating on the validation split.
I0130 20:50:31.026239 140085747812160 spec.py:349] Evaluating on the test split.
I0130 20:50:32.684708 140085747812160 submission_runner.py:408] Time since start: 3195.57s, 	Step: 6464, 	{'train/accuracy': 0.22345702350139618, 'train/loss': 4.075367450714111, 'validation/accuracy': 0.20885999500751495, 'validation/loss': 4.152421951293945, 'validation/num_examples': 50000, 'test/accuracy': 0.15880000591278076, 'test/loss': 4.514123916625977, 'test/num_examples': 10000, 'score': 2997.1211307048798, 'total_duration': 3195.5742268562317, 'accumulated_submission_time': 2997.1211307048798, 'accumulated_eval_time': 197.8914442062378, 'accumulated_logging_time': 0.19727015495300293}
I0130 20:50:32.709480 139884786341632 logging_writer.py:48] [6464] accumulated_eval_time=197.891444, accumulated_logging_time=0.197270, accumulated_submission_time=2997.121131, global_step=6464, preemption_count=0, score=2997.121131, test/accuracy=0.158800, test/loss=4.514124, test/num_examples=10000, total_duration=3195.574227, train/accuracy=0.223457, train/loss=4.075367, validation/accuracy=0.208860, validation/loss=4.152422, validation/num_examples=50000
I0130 20:50:47.291872 139884794734336 logging_writer.py:48] [6500] global_step=6500, grad_norm=1.5626813173294067, loss=5.306756019592285
I0130 20:51:30.724423 139884786341632 logging_writer.py:48] [6600] global_step=6600, grad_norm=1.5431538820266724, loss=5.578542709350586
I0130 20:52:16.553227 139884794734336 logging_writer.py:48] [6700] global_step=6700, grad_norm=1.0858131647109985, loss=6.381525993347168
I0130 20:53:02.752264 139884786341632 logging_writer.py:48] [6800] global_step=6800, grad_norm=1.6122162342071533, loss=5.297370433807373
I0130 20:53:48.775817 139884794734336 logging_writer.py:48] [6900] global_step=6900, grad_norm=1.8433221578598022, loss=4.941377639770508
I0130 20:54:34.505751 139884786341632 logging_writer.py:48] [7000] global_step=7000, grad_norm=1.4324809312820435, loss=6.397069931030273
I0130 20:55:20.543487 139884794734336 logging_writer.py:48] [7100] global_step=7100, grad_norm=1.426645278930664, loss=6.339537143707275
I0130 20:56:06.480138 139884786341632 logging_writer.py:48] [7200] global_step=7200, grad_norm=1.4725290536880493, loss=6.29453182220459
I0130 20:56:52.649093 139884794734336 logging_writer.py:48] [7300] global_step=7300, grad_norm=1.2776930332183838, loss=6.226548194885254
I0130 20:57:32.919136 140085747812160 spec.py:321] Evaluating on the training split.
I0130 20:57:45.052218 140085747812160 spec.py:333] Evaluating on the validation split.
I0130 20:57:57.430959 140085747812160 spec.py:349] Evaluating on the test split.
I0130 20:57:59.132443 140085747812160 submission_runner.py:408] Time since start: 3642.02s, 	Step: 7389, 	{'train/accuracy': 0.26749998331069946, 'train/loss': 3.717461109161377, 'validation/accuracy': 0.24699999392032623, 'validation/loss': 3.8280117511749268, 'validation/num_examples': 50000, 'test/accuracy': 0.1915000081062317, 'test/loss': 4.239701271057129, 'test/num_examples': 10000, 'score': 3417.268706560135, 'total_duration': 3642.021924495697, 'accumulated_submission_time': 3417.268706560135, 'accumulated_eval_time': 224.10468411445618, 'accumulated_logging_time': 0.23234915733337402}
I0130 20:57:59.164177 139884786341632 logging_writer.py:48] [7389] accumulated_eval_time=224.104684, accumulated_logging_time=0.232349, accumulated_submission_time=3417.268707, global_step=7389, preemption_count=0, score=3417.268707, test/accuracy=0.191500, test/loss=4.239701, test/num_examples=10000, total_duration=3642.021924, train/accuracy=0.267500, train/loss=3.717461, validation/accuracy=0.247000, validation/loss=3.828012, validation/num_examples=50000
I0130 20:58:03.907938 139884794734336 logging_writer.py:48] [7400] global_step=7400, grad_norm=1.6891117095947266, loss=4.762199878692627
I0130 20:58:45.076619 139884786341632 logging_writer.py:48] [7500] global_step=7500, grad_norm=1.4720782041549683, loss=5.4630608558654785
I0130 20:59:30.565694 139884794734336 logging_writer.py:48] [7600] global_step=7600, grad_norm=1.5113028287887573, loss=4.820557594299316
I0130 21:00:16.305080 139884786341632 logging_writer.py:48] [7700] global_step=7700, grad_norm=1.476000428199768, loss=4.812648296356201
I0130 21:01:02.005379 139884794734336 logging_writer.py:48] [7800] global_step=7800, grad_norm=1.8742754459381104, loss=4.840090274810791
I0130 21:01:48.229719 139884786341632 logging_writer.py:48] [7900] global_step=7900, grad_norm=1.2618273496627808, loss=5.61167049407959
I0130 21:02:33.963248 139884794734336 logging_writer.py:48] [8000] global_step=8000, grad_norm=1.6610467433929443, loss=4.667851448059082
I0130 21:03:19.784258 139884786341632 logging_writer.py:48] [8100] global_step=8100, grad_norm=1.5596470832824707, loss=4.754899024963379
I0130 21:04:05.678336 139884794734336 logging_writer.py:48] [8200] global_step=8200, grad_norm=1.1524535417556763, loss=6.229020118713379
I0130 21:04:51.357917 139884786341632 logging_writer.py:48] [8300] global_step=8300, grad_norm=1.6814334392547607, loss=4.8059258460998535
I0130 21:04:59.343264 140085747812160 spec.py:321] Evaluating on the training split.
I0130 21:05:11.500486 140085747812160 spec.py:333] Evaluating on the validation split.
I0130 21:05:27.591231 140085747812160 spec.py:349] Evaluating on the test split.
I0130 21:05:29.240008 140085747812160 submission_runner.py:408] Time since start: 4092.13s, 	Step: 8319, 	{'train/accuracy': 0.30726560950279236, 'train/loss': 3.447201728820801, 'validation/accuracy': 0.2823199927806854, 'validation/loss': 3.5882530212402344, 'validation/num_examples': 50000, 'test/accuracy': 0.21450001001358032, 'test/loss': 4.04166316986084, 'test/num_examples': 10000, 'score': 3837.3803448677063, 'total_duration': 4092.129539489746, 'accumulated_submission_time': 3837.3803448677063, 'accumulated_eval_time': 254.00139904022217, 'accumulated_logging_time': 0.27797937393188477}
I0130 21:05:29.260495 139884794734336 logging_writer.py:48] [8319] accumulated_eval_time=254.001399, accumulated_logging_time=0.277979, accumulated_submission_time=3837.380345, global_step=8319, preemption_count=0, score=3837.380345, test/accuracy=0.214500, test/loss=4.041663, test/num_examples=10000, total_duration=4092.129539, train/accuracy=0.307266, train/loss=3.447202, validation/accuracy=0.282320, validation/loss=3.588253, validation/num_examples=50000
I0130 21:06:01.672216 139884786341632 logging_writer.py:48] [8400] global_step=8400, grad_norm=1.588668942451477, loss=4.629473686218262
I0130 21:06:47.494239 139884794734336 logging_writer.py:48] [8500] global_step=8500, grad_norm=1.6573487520217896, loss=4.632051944732666
I0130 21:07:33.434453 139884786341632 logging_writer.py:48] [8600] global_step=8600, grad_norm=1.6787688732147217, loss=4.746321678161621
I0130 21:08:19.502690 139884794734336 logging_writer.py:48] [8700] global_step=8700, grad_norm=1.4559719562530518, loss=5.1351704597473145
I0130 21:09:05.657332 139884786341632 logging_writer.py:48] [8800] global_step=8800, grad_norm=1.9948889017105103, loss=4.558259963989258
I0130 21:09:51.411707 139884794734336 logging_writer.py:48] [8900] global_step=8900, grad_norm=1.6879791021347046, loss=5.659008502960205
I0130 21:10:37.262997 139884786341632 logging_writer.py:48] [9000] global_step=9000, grad_norm=1.6319952011108398, loss=4.593474864959717
I0130 21:11:23.168628 139884794734336 logging_writer.py:48] [9100] global_step=9100, grad_norm=1.1331517696380615, loss=6.202422618865967
I0130 21:12:09.110821 139884786341632 logging_writer.py:48] [9200] global_step=9200, grad_norm=1.132729172706604, loss=6.141654968261719
I0130 21:12:29.657398 140085747812160 spec.py:321] Evaluating on the training split.
I0130 21:12:42.871447 140085747812160 spec.py:333] Evaluating on the validation split.
I0130 21:13:01.700238 140085747812160 spec.py:349] Evaluating on the test split.
I0130 21:13:03.402623 140085747812160 submission_runner.py:408] Time since start: 4546.29s, 	Step: 9246, 	{'train/accuracy': 0.34611326456069946, 'train/loss': 3.243919849395752, 'validation/accuracy': 0.3188599944114685, 'validation/loss': 3.357321262359619, 'validation/num_examples': 50000, 'test/accuracy': 0.24560001492500305, 'test/loss': 3.852262020111084, 'test/num_examples': 10000, 'score': 4257.711834192276, 'total_duration': 4546.292115211487, 'accumulated_submission_time': 4257.711834192276, 'accumulated_eval_time': 287.7465693950653, 'accumulated_logging_time': 0.3111603260040283}
I0130 21:13:03.430892 139884794734336 logging_writer.py:48] [9246] accumulated_eval_time=287.746569, accumulated_logging_time=0.311160, accumulated_submission_time=4257.711834, global_step=9246, preemption_count=0, score=4257.711834, test/accuracy=0.245600, test/loss=3.852262, test/num_examples=10000, total_duration=4546.292115, train/accuracy=0.346113, train/loss=3.243920, validation/accuracy=0.318860, validation/loss=3.357321, validation/num_examples=50000
I0130 21:13:25.040200 139884786341632 logging_writer.py:48] [9300] global_step=9300, grad_norm=1.18086838722229, loss=5.932537078857422
I0130 21:14:08.727919 139884794734336 logging_writer.py:48] [9400] global_step=9400, grad_norm=1.1117712259292603, loss=6.158563613891602
I0130 21:14:54.556882 139884786341632 logging_writer.py:48] [9500] global_step=9500, grad_norm=1.0278671979904175, loss=6.219107151031494
I0130 21:15:40.300035 139884794734336 logging_writer.py:48] [9600] global_step=9600, grad_norm=1.6878737211227417, loss=4.620962142944336
I0130 21:16:25.992654 139884786341632 logging_writer.py:48] [9700] global_step=9700, grad_norm=1.66873300075531, loss=4.558520317077637
I0130 21:17:11.899382 139884794734336 logging_writer.py:48] [9800] global_step=9800, grad_norm=2.7196667194366455, loss=4.497627258300781
I0130 21:17:57.356319 139884786341632 logging_writer.py:48] [9900] global_step=9900, grad_norm=1.601945161819458, loss=4.456141471862793
I0130 21:18:43.417211 139884794734336 logging_writer.py:48] [10000] global_step=10000, grad_norm=1.4438128471374512, loss=4.527024269104004
I0130 21:19:29.512000 139884786341632 logging_writer.py:48] [10100] global_step=10100, grad_norm=1.524749755859375, loss=5.283027648925781
I0130 21:20:03.592620 140085747812160 spec.py:321] Evaluating on the training split.
I0130 21:20:15.901407 140085747812160 spec.py:333] Evaluating on the validation split.
I0130 21:20:30.802234 140085747812160 spec.py:349] Evaluating on the test split.
I0130 21:20:32.444628 140085747812160 submission_runner.py:408] Time since start: 4995.33s, 	Step: 10176, 	{'train/accuracy': 0.36494138836860657, 'train/loss': 3.0633111000061035, 'validation/accuracy': 0.3436799943447113, 'validation/loss': 3.1808507442474365, 'validation/num_examples': 50000, 'test/accuracy': 0.26250001788139343, 'test/loss': 3.7037575244903564, 'test/num_examples': 10000, 'score': 4677.799368858337, 'total_duration': 4995.334156990051, 'accumulated_submission_time': 4677.799368858337, 'accumulated_eval_time': 316.598552942276, 'accumulated_logging_time': 0.35977983474731445}
I0130 21:20:32.466249 139884794734336 logging_writer.py:48] [10176] accumulated_eval_time=316.598553, accumulated_logging_time=0.359780, accumulated_submission_time=4677.799369, global_step=10176, preemption_count=0, score=4677.799369, test/accuracy=0.262500, test/loss=3.703758, test/num_examples=10000, total_duration=4995.334157, train/accuracy=0.364941, train/loss=3.063311, validation/accuracy=0.343680, validation/loss=3.180851, validation/num_examples=50000
I0130 21:20:42.349401 139884786341632 logging_writer.py:48] [10200] global_step=10200, grad_norm=1.0803195238113403, loss=5.622827529907227
I0130 21:21:24.653720 139884794734336 logging_writer.py:48] [10300] global_step=10300, grad_norm=1.623188853263855, loss=4.4333086013793945
I0130 21:22:10.763481 139884786341632 logging_writer.py:48] [10400] global_step=10400, grad_norm=1.9277244806289673, loss=4.664090633392334
I0130 21:22:56.954889 139884794734336 logging_writer.py:48] [10500] global_step=10500, grad_norm=1.5543205738067627, loss=4.338735580444336
I0130 21:23:42.720862 139884786341632 logging_writer.py:48] [10600] global_step=10600, grad_norm=1.4223601818084717, loss=4.688762187957764
I0130 21:24:28.651856 139884794734336 logging_writer.py:48] [10700] global_step=10700, grad_norm=1.6198804378509521, loss=4.918020725250244
I0130 21:25:14.545737 139884786341632 logging_writer.py:48] [10800] global_step=10800, grad_norm=1.0385596752166748, loss=6.127367973327637
I0130 21:26:00.494984 139884794734336 logging_writer.py:48] [10900] global_step=10900, grad_norm=1.5829188823699951, loss=4.393806457519531
I0130 21:26:46.619380 139884786341632 logging_writer.py:48] [11000] global_step=11000, grad_norm=1.3569800853729248, loss=4.618592739105225
I0130 21:27:32.935416 139884794734336 logging_writer.py:48] [11100] global_step=11100, grad_norm=1.6510075330734253, loss=4.356064319610596
I0130 21:27:32.951754 140085747812160 spec.py:321] Evaluating on the training split.
I0130 21:27:45.713162 140085747812160 spec.py:333] Evaluating on the validation split.
I0130 21:28:01.678366 140085747812160 spec.py:349] Evaluating on the test split.
I0130 21:28:03.340055 140085747812160 submission_runner.py:408] Time since start: 5446.23s, 	Step: 11101, 	{'train/accuracy': 0.3976367115974426, 'train/loss': 2.9350926876068115, 'validation/accuracy': 0.3646000027656555, 'validation/loss': 3.088977336883545, 'validation/num_examples': 50000, 'test/accuracy': 0.2785000205039978, 'test/loss': 3.6206798553466797, 'test/num_examples': 10000, 'score': 5098.2224934101105, 'total_duration': 5446.229580163956, 'accumulated_submission_time': 5098.2224934101105, 'accumulated_eval_time': 346.9868311882019, 'accumulated_logging_time': 0.3919997215270996}
I0130 21:28:03.359188 139884786341632 logging_writer.py:48] [11101] accumulated_eval_time=346.986831, accumulated_logging_time=0.392000, accumulated_submission_time=5098.222493, global_step=11101, preemption_count=0, score=5098.222493, test/accuracy=0.278500, test/loss=3.620680, test/num_examples=10000, total_duration=5446.229580, train/accuracy=0.397637, train/loss=2.935093, validation/accuracy=0.364600, validation/loss=3.088977, validation/num_examples=50000
I0130 21:28:44.529616 139884794734336 logging_writer.py:48] [11200] global_step=11200, grad_norm=0.9642390608787537, loss=5.881104946136475
I0130 21:29:30.550638 139884786341632 logging_writer.py:48] [11300] global_step=11300, grad_norm=1.8593858480453491, loss=4.512618541717529
I0130 21:30:16.343205 139884794734336 logging_writer.py:48] [11400] global_step=11400, grad_norm=1.3111152648925781, loss=5.876743316650391
I0130 21:31:02.024700 139884786341632 logging_writer.py:48] [11500] global_step=11500, grad_norm=1.5711606740951538, loss=4.228761196136475
I0130 21:31:47.984103 139884794734336 logging_writer.py:48] [11600] global_step=11600, grad_norm=1.685486912727356, loss=4.263760566711426
I0130 21:32:34.123525 139884786341632 logging_writer.py:48] [11700] global_step=11700, grad_norm=1.5589702129364014, loss=4.311927318572998
I0130 21:33:20.034815 139884794734336 logging_writer.py:48] [11800] global_step=11800, grad_norm=1.4923192262649536, loss=4.34010124206543
I0130 21:34:06.474105 139884786341632 logging_writer.py:48] [11900] global_step=11900, grad_norm=1.6231695413589478, loss=4.139243125915527
I0130 21:34:52.965812 139884794734336 logging_writer.py:48] [12000] global_step=12000, grad_norm=1.4598290920257568, loss=4.210677146911621
I0130 21:35:03.811680 140085747812160 spec.py:321] Evaluating on the training split.
I0130 21:35:16.089587 140085747812160 spec.py:333] Evaluating on the validation split.
I0130 21:35:27.964993 140085747812160 spec.py:349] Evaluating on the test split.
I0130 21:35:29.626819 140085747812160 submission_runner.py:408] Time since start: 5892.52s, 	Step: 12025, 	{'train/accuracy': 0.4351562261581421, 'train/loss': 2.699234962463379, 'validation/accuracy': 0.3865399956703186, 'validation/loss': 2.927830457687378, 'validation/num_examples': 50000, 'test/accuracy': 0.2924000024795532, 'test/loss': 3.4869821071624756, 'test/num_examples': 10000, 'score': 5518.611259937286, 'total_duration': 5892.516352653503, 'accumulated_submission_time': 5518.611259937286, 'accumulated_eval_time': 372.8019599914551, 'accumulated_logging_time': 0.4224827289581299}
I0130 21:35:29.647168 139884786341632 logging_writer.py:48] [12025] accumulated_eval_time=372.801960, accumulated_logging_time=0.422483, accumulated_submission_time=5518.611260, global_step=12025, preemption_count=0, score=5518.611260, test/accuracy=0.292400, test/loss=3.486982, test/num_examples=10000, total_duration=5892.516353, train/accuracy=0.435156, train/loss=2.699235, validation/accuracy=0.386540, validation/loss=2.927830, validation/num_examples=50000
I0130 21:35:59.511602 139884794734336 logging_writer.py:48] [12100] global_step=12100, grad_norm=1.6456257104873657, loss=4.169549465179443
I0130 21:36:45.213652 139884786341632 logging_writer.py:48] [12200] global_step=12200, grad_norm=1.2103641033172607, loss=5.913884162902832
I0130 21:37:31.069037 139884794734336 logging_writer.py:48] [12300] global_step=12300, grad_norm=1.1635106801986694, loss=5.297341346740723
I0130 21:38:17.038672 139884786341632 logging_writer.py:48] [12400] global_step=12400, grad_norm=1.1336276531219482, loss=5.969995021820068
I0130 21:39:03.133613 139884794734336 logging_writer.py:48] [12500] global_step=12500, grad_norm=1.6688778400421143, loss=4.217840194702148
I0130 21:39:49.150500 139884786341632 logging_writer.py:48] [12600] global_step=12600, grad_norm=1.1335307359695435, loss=6.034396171569824
I0130 21:40:35.248415 139884794734336 logging_writer.py:48] [12700] global_step=12700, grad_norm=1.4787582159042358, loss=4.23126745223999
I0130 21:41:21.572593 139884786341632 logging_writer.py:48] [12800] global_step=12800, grad_norm=1.356152057647705, loss=4.230616569519043
I0130 21:42:08.367094 139884794734336 logging_writer.py:48] [12900] global_step=12900, grad_norm=1.6841148138046265, loss=4.092414379119873
I0130 21:42:29.672440 140085747812160 spec.py:321] Evaluating on the training split.
I0130 21:42:42.152358 140085747812160 spec.py:333] Evaluating on the validation split.
I0130 21:42:55.486048 140085747812160 spec.py:349] Evaluating on the test split.
I0130 21:42:57.190424 140085747812160 submission_runner.py:408] Time since start: 6340.08s, 	Step: 12947, 	{'train/accuracy': 0.42998045682907104, 'train/loss': 2.715768575668335, 'validation/accuracy': 0.3989799916744232, 'validation/loss': 2.8612937927246094, 'validation/num_examples': 50000, 'test/accuracy': 0.31060001254081726, 'test/loss': 3.41860294342041, 'test/num_examples': 10000, 'score': 5938.5728850364685, 'total_duration': 6340.0799124240875, 'accumulated_submission_time': 5938.5728850364685, 'accumulated_eval_time': 400.3198812007904, 'accumulated_logging_time': 0.4549741744995117}
I0130 21:42:57.220416 139884786341632 logging_writer.py:48] [12947] accumulated_eval_time=400.319881, accumulated_logging_time=0.454974, accumulated_submission_time=5938.572885, global_step=12947, preemption_count=0, score=5938.572885, test/accuracy=0.310600, test/loss=3.418603, test/num_examples=10000, total_duration=6340.079912, train/accuracy=0.429980, train/loss=2.715769, validation/accuracy=0.398980, validation/loss=2.861294, validation/num_examples=50000
I0130 21:43:18.457848 139884794734336 logging_writer.py:48] [13000] global_step=13000, grad_norm=0.9236606955528259, loss=6.050308704376221
I0130 21:44:02.004108 139884786341632 logging_writer.py:48] [13100] global_step=13100, grad_norm=1.3215205669403076, loss=4.304862022399902
I0130 21:44:48.318693 139884794734336 logging_writer.py:48] [13200] global_step=13200, grad_norm=1.4519805908203125, loss=4.190070152282715
I0130 21:45:34.555213 139884786341632 logging_writer.py:48] [13300] global_step=13300, grad_norm=1.3251724243164062, loss=4.083017349243164
I0130 21:46:20.699198 139884794734336 logging_writer.py:48] [13400] global_step=13400, grad_norm=1.7520818710327148, loss=4.284337997436523
I0130 21:47:06.584497 139884786341632 logging_writer.py:48] [13500] global_step=13500, grad_norm=1.260362148284912, loss=5.2106451988220215
I0130 21:47:52.506788 139884794734336 logging_writer.py:48] [13600] global_step=13600, grad_norm=1.5705852508544922, loss=4.071067810058594
I0130 21:48:38.782592 139884786341632 logging_writer.py:48] [13700] global_step=13700, grad_norm=1.3978352546691895, loss=4.053632736206055
I0130 21:49:25.371405 139884794734336 logging_writer.py:48] [13800] global_step=13800, grad_norm=1.5643031597137451, loss=4.074389934539795
I0130 21:49:57.530957 140085747812160 spec.py:321] Evaluating on the training split.
I0130 21:50:10.843185 140085747812160 spec.py:333] Evaluating on the validation split.
I0130 21:50:29.704052 140085747812160 spec.py:349] Evaluating on the test split.
I0130 21:50:31.344976 140085747812160 submission_runner.py:408] Time since start: 6794.23s, 	Step: 13871, 	{'train/accuracy': 0.44755858182907104, 'train/loss': 2.601588010787964, 'validation/accuracy': 0.41808000206947327, 'validation/loss': 2.7594058513641357, 'validation/num_examples': 50000, 'test/accuracy': 0.3206000030040741, 'test/loss': 3.336005210876465, 'test/num_examples': 10000, 'score': 6358.816624403, 'total_duration': 6794.234518766403, 'accumulated_submission_time': 6358.816624403, 'accumulated_eval_time': 434.1339132785797, 'accumulated_logging_time': 0.499969482421875}
I0130 21:50:31.361258 139884786341632 logging_writer.py:48] [13871] accumulated_eval_time=434.133913, accumulated_logging_time=0.499969, accumulated_submission_time=6358.816624, global_step=13871, preemption_count=0, score=6358.816624, test/accuracy=0.320600, test/loss=3.336005, test/num_examples=10000, total_duration=6794.234519, train/accuracy=0.447559, train/loss=2.601588, validation/accuracy=0.418080, validation/loss=2.759406, validation/num_examples=50000
I0130 21:50:43.121055 139884794734336 logging_writer.py:48] [13900] global_step=13900, grad_norm=1.1864664554595947, loss=4.874412536621094
I0130 21:51:24.318815 139884786341632 logging_writer.py:48] [14000] global_step=14000, grad_norm=1.5946540832519531, loss=4.374196529388428
I0130 21:52:10.716901 139884794734336 logging_writer.py:48] [14100] global_step=14100, grad_norm=1.5286966562271118, loss=4.075164318084717
I0130 21:52:57.414407 139884786341632 logging_writer.py:48] [14200] global_step=14200, grad_norm=1.646716833114624, loss=3.997131109237671
I0130 21:53:43.865213 139884794734336 logging_writer.py:48] [14300] global_step=14300, grad_norm=1.4210927486419678, loss=4.14578914642334
I0130 21:54:30.272077 139884786341632 logging_writer.py:48] [14400] global_step=14400, grad_norm=0.8995557427406311, loss=5.568204879760742
I0130 21:55:16.642508 139884794734336 logging_writer.py:48] [14500] global_step=14500, grad_norm=1.5422927141189575, loss=4.009584426879883
I0130 21:56:02.550455 139884786341632 logging_writer.py:48] [14600] global_step=14600, grad_norm=1.4897006750106812, loss=3.998483180999756
I0130 21:56:48.550168 139884794734336 logging_writer.py:48] [14700] global_step=14700, grad_norm=0.9604812264442444, loss=5.752114295959473
I0130 21:57:31.472090 140085747812160 spec.py:321] Evaluating on the training split.
I0130 21:57:45.847605 140085747812160 spec.py:333] Evaluating on the validation split.
I0130 21:58:06.436095 140085747812160 spec.py:349] Evaluating on the test split.
I0130 21:58:08.069007 140085747812160 submission_runner.py:408] Time since start: 7250.96s, 	Step: 14794, 	{'train/accuracy': 0.4675585925579071, 'train/loss': 2.4731810092926025, 'validation/accuracy': 0.4262399971485138, 'validation/loss': 2.686066150665283, 'validation/num_examples': 50000, 'test/accuracy': 0.3368000090122223, 'test/loss': 3.2613182067871094, 'test/num_examples': 10000, 'score': 6778.866580486298, 'total_duration': 7250.958543777466, 'accumulated_submission_time': 6778.866580486298, 'accumulated_eval_time': 470.73082447052, 'accumulated_logging_time': 0.5254685878753662}
I0130 21:58:08.085581 139884786341632 logging_writer.py:48] [14794] accumulated_eval_time=470.730824, accumulated_logging_time=0.525469, accumulated_submission_time=6778.866580, global_step=14794, preemption_count=0, score=6778.866580, test/accuracy=0.336800, test/loss=3.261318, test/num_examples=10000, total_duration=7250.958544, train/accuracy=0.467559, train/loss=2.473181, validation/accuracy=0.426240, validation/loss=2.686066, validation/num_examples=50000
I0130 21:58:10.832910 139884794734336 logging_writer.py:48] [14800] global_step=14800, grad_norm=1.5328525304794312, loss=3.9756200313568115
I0130 21:58:50.870781 139884786341632 logging_writer.py:48] [14900] global_step=14900, grad_norm=0.9846097826957703, loss=5.6829094886779785
I0130 21:59:37.354328 139884794734336 logging_writer.py:48] [15000] global_step=15000, grad_norm=0.9518222808837891, loss=5.925132751464844
I0130 22:00:23.815831 139884786341632 logging_writer.py:48] [15100] global_step=15100, grad_norm=1.3863554000854492, loss=3.9816911220550537
I0130 22:01:10.118342 139884794734336 logging_writer.py:48] [15200] global_step=15200, grad_norm=1.4890785217285156, loss=3.8780736923217773
I0130 22:01:56.449187 139884786341632 logging_writer.py:48] [15300] global_step=15300, grad_norm=1.2588679790496826, loss=4.232624530792236
I0130 22:02:42.777081 139884794734336 logging_writer.py:48] [15400] global_step=15400, grad_norm=1.4512782096862793, loss=4.048507213592529
I0130 22:03:29.131769 139884786341632 logging_writer.py:48] [15500] global_step=15500, grad_norm=1.217690110206604, loss=4.342951774597168
I0130 22:04:15.460611 139884794734336 logging_writer.py:48] [15600] global_step=15600, grad_norm=1.5127547979354858, loss=3.9181149005889893
