I0131 17:13:15.725373 140085747812160 submission_runner.py:408] Time since start: 76558.61s, 	Step: 154996, 	{'train/accuracy': 0.8161718845367432, 'train/loss': 0.8130109310150146, 'validation/accuracy': 0.7342199683189392, 'validation/loss': 1.1588497161865234, 'validation/num_examples': 50000, 'test/accuracy': 0.614300012588501, 'test/loss': 1.7606123685836792, 'test/num_examples': 10000, 'score': 71061.22500658035, 'total_duration': 76558.61492061615, 'accumulated_submission_time': 71061.22500658035, 'accumulated_eval_time': 5481.284249305725, 'accumulated_logging_time': 7.567243576049805}
I0131 17:13:15.763734 139884794734336 logging_writer.py:48] [154996] accumulated_eval_time=5481.284249, accumulated_logging_time=7.567244, accumulated_submission_time=71061.225007, global_step=154996, preemption_count=0, score=71061.225007, test/accuracy=0.614300, test/loss=1.760612, test/num_examples=10000, total_duration=76558.614921, train/accuracy=0.816172, train/loss=0.813011, validation/accuracy=0.734220, validation/loss=1.158850, validation/num_examples=50000
I0131 17:13:17.726814 139884786341632 logging_writer.py:48] [155000] global_step=155000, grad_norm=3.828829050064087, loss=2.9394142627716064
I0131 17:13:59.162725 139884794734336 logging_writer.py:48] [155100] global_step=155100, grad_norm=3.99835467338562, loss=2.5353121757507324
I0131 17:14:45.661629 139884786341632 logging_writer.py:48] [155200] global_step=155200, grad_norm=4.210378170013428, loss=2.4285452365875244
I0131 17:15:32.324062 139884794734336 logging_writer.py:48] [155300] global_step=155300, grad_norm=3.787182331085205, loss=2.843395233154297
I0131 17:16:19.036481 139884786341632 logging_writer.py:48] [155400] global_step=155400, grad_norm=4.093016624450684, loss=2.436319589614868
I0131 17:17:05.505838 139884794734336 logging_writer.py:48] [155500] global_step=155500, grad_norm=4.531345844268799, loss=4.448711395263672
I0131 17:17:52.207041 139884786341632 logging_writer.py:48] [155600] global_step=155600, grad_norm=3.717799663543701, loss=2.4211201667785645
I0131 17:18:38.635568 139884794734336 logging_writer.py:48] [155700] global_step=155700, grad_norm=4.006226539611816, loss=3.015172004699707
I0131 17:19:25.203254 139884786341632 logging_writer.py:48] [155800] global_step=155800, grad_norm=3.765045166015625, loss=2.401275396347046
I0131 17:20:11.398706 139884794734336 logging_writer.py:48] [155900] global_step=155900, grad_norm=3.8369245529174805, loss=2.790356159210205
I0131 17:20:16.083808 140085747812160 spec.py:321] Evaluating on the training split.
I0131 17:20:26.217724 140085747812160 spec.py:333] Evaluating on the validation split.
I0131 17:20:47.144513 140085747812160 spec.py:349] Evaluating on the test split.
I0131 17:20:48.782772 140085747812160 submission_runner.py:408] Time since start: 77011.67s, 	Step: 155912, 	{'train/accuracy': 0.8117773532867432, 'train/loss': 0.8497369289398193, 'validation/accuracy': 0.7390799522399902, 'validation/loss': 1.1490964889526367, 'validation/num_examples': 50000, 'test/accuracy': 0.6164000034332275, 'test/loss': 1.7688266038894653, 'test/num_examples': 10000, 'score': 71481.48496103287, 'total_duration': 77011.67231607437, 'accumulated_submission_time': 71481.48496103287, 'accumulated_eval_time': 5513.983215093613, 'accumulated_logging_time': 7.616268157958984}
I0131 17:20:48.821164 139884786341632 logging_writer.py:48] [155912] accumulated_eval_time=5513.983215, accumulated_logging_time=7.616268, accumulated_submission_time=71481.484961, global_step=155912, preemption_count=0, score=71481.484961, test/accuracy=0.616400, test/loss=1.768827, test/num_examples=10000, total_duration=77011.672316, train/accuracy=0.811777, train/loss=0.849737, validation/accuracy=0.739080, validation/loss=1.149096, validation/num_examples=50000
I0131 17:21:24.718541 139884794734336 logging_writer.py:48] [156000] global_step=156000, grad_norm=4.1174397468566895, loss=2.474411964416504
I0131 17:22:11.254150 139884786341632 logging_writer.py:48] [156100] global_step=156100, grad_norm=4.502464294433594, loss=2.4924733638763428
I0131 17:22:58.389639 139884794734336 logging_writer.py:48] [156200] global_step=156200, grad_norm=4.2247209548950195, loss=2.4220728874206543
I0131 17:23:45.138563 139884786341632 logging_writer.py:48] [156300] global_step=156300, grad_norm=4.149582862854004, loss=3.843905448913574
I0131 17:24:31.808136 139884794734336 logging_writer.py:48] [156400] global_step=156400, grad_norm=5.561456203460693, loss=4.486193656921387
I0131 17:25:18.170239 139884786341632 logging_writer.py:48] [156500] global_step=156500, grad_norm=4.057732582092285, loss=2.394543409347534
I0131 17:26:04.814013 139884794734336 logging_writer.py:48] [156600] global_step=156600, grad_norm=4.132514953613281, loss=2.5373239517211914
I0131 17:26:51.309810 139884786341632 logging_writer.py:48] [156700] global_step=156700, grad_norm=4.48155403137207, loss=2.416386842727661
I0131 17:27:37.908690 139884794734336 logging_writer.py:48] [156800] global_step=156800, grad_norm=4.227214813232422, loss=2.3761861324310303
I0131 17:27:48.796535 140085747812160 spec.py:321] Evaluating on the training split.
I0131 17:27:58.954286 140085747812160 spec.py:333] Evaluating on the validation split.
I0131 17:28:19.367783 140085747812160 spec.py:349] Evaluating on the test split.
I0131 17:28:21.012972 140085747812160 submission_runner.py:408] Time since start: 77463.90s, 	Step: 156825, 	{'train/accuracy': 0.8138867020606995, 'train/loss': 0.8235838413238525, 'validation/accuracy': 0.7387599945068359, 'validation/loss': 1.1445491313934326, 'validation/num_examples': 50000, 'test/accuracy': 0.617900013923645, 'test/loss': 1.7345569133758545, 'test/num_examples': 10000, 'score': 71901.40081095695, 'total_duration': 77463.90251994133, 'accumulated_submission_time': 71901.40081095695, 'accumulated_eval_time': 5546.199652433395, 'accumulated_logging_time': 7.663997650146484}
I0131 17:28:21.052283 139884786341632 logging_writer.py:48] [156825] accumulated_eval_time=5546.199652, accumulated_logging_time=7.663998, accumulated_submission_time=71901.400811, global_step=156825, preemption_count=0, score=71901.400811, test/accuracy=0.617900, test/loss=1.734557, test/num_examples=10000, total_duration=77463.902520, train/accuracy=0.813887, train/loss=0.823584, validation/accuracy=0.738760, validation/loss=1.144549, validation/num_examples=50000
I0131 17:28:50.958275 139884794734336 logging_writer.py:48] [156900] global_step=156900, grad_norm=4.378652572631836, loss=2.4892070293426514
I0131 17:29:37.145548 139884786341632 logging_writer.py:48] [157000] global_step=157000, grad_norm=4.6743903160095215, loss=2.296552896499634
I0131 17:30:23.856434 139884794734336 logging_writer.py:48] [157100] global_step=157100, grad_norm=4.108972549438477, loss=2.3834121227264404
I0131 17:31:10.443228 139884786341632 logging_writer.py:48] [157200] global_step=157200, grad_norm=4.056256294250488, loss=3.5382888317108154
I0131 17:31:56.909451 139884794734336 logging_writer.py:48] [157300] global_step=157300, grad_norm=4.5435380935668945, loss=2.4285244941711426
I0131 17:32:43.892938 139884786341632 logging_writer.py:48] [157400] global_step=157400, grad_norm=4.913051128387451, loss=2.36327862739563
I0131 17:33:30.053159 139884794734336 logging_writer.py:48] [157500] global_step=157500, grad_norm=4.924886703491211, loss=2.329599618911743
I0131 17:34:16.804479 139884786341632 logging_writer.py:48] [157600] global_step=157600, grad_norm=4.321388244628906, loss=2.371366262435913
I0131 17:35:03.386001 139884794734336 logging_writer.py:48] [157700] global_step=157700, grad_norm=4.261392593383789, loss=2.34419322013855
I0131 17:35:21.089166 140085747812160 spec.py:321] Evaluating on the training split.
I0131 17:35:31.323322 140085747812160 spec.py:333] Evaluating on the validation split.
I0131 17:35:53.041151 140085747812160 spec.py:349] Evaluating on the test split.
I0131 17:35:54.682627 140085747812160 submission_runner.py:408] Time since start: 77917.57s, 	Step: 157740, 	{'train/accuracy': 0.8207616806030273, 'train/loss': 0.800974428653717, 'validation/accuracy': 0.7397199869155884, 'validation/loss': 1.1447432041168213, 'validation/num_examples': 50000, 'test/accuracy': 0.6212000250816345, 'test/loss': 1.7404789924621582, 'test/num_examples': 10000, 'score': 72321.37640357018, 'total_duration': 77917.57216620445, 'accumulated_submission_time': 72321.37640357018, 'accumulated_eval_time': 5579.793093681335, 'accumulated_logging_time': 7.714296340942383}
I0131 17:35:54.724320 139884786341632 logging_writer.py:48] [157740] accumulated_eval_time=5579.793094, accumulated_logging_time=7.714296, accumulated_submission_time=72321.376404, global_step=157740, preemption_count=0, score=72321.376404, test/accuracy=0.621200, test/loss=1.740479, test/num_examples=10000, total_duration=77917.572166, train/accuracy=0.820762, train/loss=0.800974, validation/accuracy=0.739720, validation/loss=1.144743, validation/num_examples=50000
I0131 17:36:18.666479 139884794734336 logging_writer.py:48] [157800] global_step=157800, grad_norm=4.223545551300049, loss=2.553450584411621
I0131 17:37:03.344031 139884786341632 logging_writer.py:48] [157900] global_step=157900, grad_norm=4.212522506713867, loss=2.453709125518799
I0131 17:37:50.077741 139884794734336 logging_writer.py:48] [158000] global_step=158000, grad_norm=4.233813285827637, loss=2.389967441558838
I0131 17:38:36.994955 139884786341632 logging_writer.py:48] [158100] global_step=158100, grad_norm=4.268279552459717, loss=2.3182373046875
I0131 17:39:23.583286 139884794734336 logging_writer.py:48] [158200] global_step=158200, grad_norm=3.9887561798095703, loss=3.6059134006500244
I0131 17:40:10.640153 139884786341632 logging_writer.py:48] [158300] global_step=158300, grad_norm=4.333523273468018, loss=2.5270297527313232
I0131 17:40:57.026027 139884794734336 logging_writer.py:48] [158400] global_step=158400, grad_norm=4.360614776611328, loss=2.424269199371338
I0131 17:41:43.546351 139884786341632 logging_writer.py:48] [158500] global_step=158500, grad_norm=4.555657386779785, loss=2.595992088317871
I0131 17:42:30.247275 139884794734336 logging_writer.py:48] [158600] global_step=158600, grad_norm=4.909698486328125, loss=4.095012664794922
I0131 17:42:54.700397 140085747812160 spec.py:321] Evaluating on the training split.
I0131 17:43:05.088136 140085747812160 spec.py:333] Evaluating on the validation split.
I0131 17:43:26.805595 140085747812160 spec.py:349] Evaluating on the test split.
I0131 17:43:28.459439 140085747812160 submission_runner.py:408] Time since start: 78371.35s, 	Step: 158654, 	{'train/accuracy': 0.81507807970047, 'train/loss': 0.812286913394928, 'validation/accuracy': 0.7413399815559387, 'validation/loss': 1.1248809099197388, 'validation/num_examples': 50000, 'test/accuracy': 0.625700056552887, 'test/loss': 1.7191606760025024, 'test/num_examples': 10000, 'score': 72741.29397368431, 'total_duration': 78371.34893417358, 'accumulated_submission_time': 72741.29397368431, 'accumulated_eval_time': 5613.552079439163, 'accumulated_logging_time': 7.765320539474487}
I0131 17:43:28.512989 139884786341632 logging_writer.py:48] [158654] accumulated_eval_time=5613.552079, accumulated_logging_time=7.765321, accumulated_submission_time=72741.293974, global_step=158654, preemption_count=0, score=72741.293974, test/accuracy=0.625700, test/loss=1.719161, test/num_examples=10000, total_duration=78371.348934, train/accuracy=0.815078, train/loss=0.812287, validation/accuracy=0.741340, validation/loss=1.124881, validation/num_examples=50000
I0131 17:43:46.957916 139884794734336 logging_writer.py:48] [158700] global_step=158700, grad_norm=4.32756233215332, loss=3.326171398162842
I0131 17:44:31.202552 139884786341632 logging_writer.py:48] [158800] global_step=158800, grad_norm=5.182661056518555, loss=4.010507583618164
I0131 17:45:18.189784 139884794734336 logging_writer.py:48] [158900] global_step=158900, grad_norm=4.250816822052002, loss=3.06392502784729
I0131 17:46:05.104084 139884786341632 logging_writer.py:48] [159000] global_step=159000, grad_norm=4.480186939239502, loss=2.39011549949646
I0131 17:46:51.264357 139884794734336 logging_writer.py:48] [159100] global_step=159100, grad_norm=3.938549757003784, loss=2.7232894897460938
I0131 17:47:38.022714 139884786341632 logging_writer.py:48] [159200] global_step=159200, grad_norm=4.400202751159668, loss=3.1143529415130615
I0131 17:48:24.535411 139884794734336 logging_writer.py:48] [159300] global_step=159300, grad_norm=4.376198768615723, loss=2.4618301391601562
I0131 17:49:11.032929 139884786341632 logging_writer.py:48] [159400] global_step=159400, grad_norm=4.694644451141357, loss=2.431065559387207
I0131 17:49:57.534976 139884794734336 logging_writer.py:48] [159500] global_step=159500, grad_norm=4.411555290222168, loss=2.319305896759033
I0131 17:50:28.877638 140085747812160 spec.py:321] Evaluating on the training split.
I0131 17:50:39.172471 140085747812160 spec.py:333] Evaluating on the validation split.
I0131 17:50:59.318829 140085747812160 spec.py:349] Evaluating on the test split.
I0131 17:51:00.964648 140085747812160 submission_runner.py:408] Time since start: 78823.85s, 	Step: 159569, 	{'train/accuracy': 0.8191210627555847, 'train/loss': 0.8072444200515747, 'validation/accuracy': 0.7432799935340881, 'validation/loss': 1.1267979145050049, 'validation/num_examples': 50000, 'test/accuracy': 0.6260000467300415, 'test/loss': 1.720393419265747, 'test/num_examples': 10000, 'score': 73161.59970808029, 'total_duration': 78823.85418653488, 'accumulated_submission_time': 73161.59970808029, 'accumulated_eval_time': 5645.6390788555145, 'accumulated_logging_time': 7.827660083770752}
I0131 17:51:01.004174 139884786341632 logging_writer.py:48] [159569] accumulated_eval_time=5645.639079, accumulated_logging_time=7.827660, accumulated_submission_time=73161.599708, global_step=159569, preemption_count=0, score=73161.599708, test/accuracy=0.626000, test/loss=1.720393, test/num_examples=10000, total_duration=78823.854187, train/accuracy=0.819121, train/loss=0.807244, validation/accuracy=0.743280, validation/loss=1.126798, validation/num_examples=50000
I0131 17:51:13.596415 139884794734336 logging_writer.py:48] [159600] global_step=159600, grad_norm=4.120426654815674, loss=3.612583875656128
I0131 17:51:56.742152 139884786341632 logging_writer.py:48] [159700] global_step=159700, grad_norm=4.634108066558838, loss=3.7441699504852295
I0131 17:52:43.578859 139884794734336 logging_writer.py:48] [159800] global_step=159800, grad_norm=4.380425453186035, loss=2.321308135986328
I0131 17:53:30.701938 139884786341632 logging_writer.py:48] [159900] global_step=159900, grad_norm=4.627361297607422, loss=3.331549644470215
I0131 17:54:17.231667 139884794734336 logging_writer.py:48] [160000] global_step=160000, grad_norm=4.902771472930908, loss=4.087365627288818
I0131 17:55:03.881834 139884786341632 logging_writer.py:48] [160100] global_step=160100, grad_norm=4.2303547859191895, loss=3.5898499488830566
I0131 17:56:06.591383 139884794734336 logging_writer.py:48] [160200] global_step=160200, grad_norm=4.949488639831543, loss=3.75502347946167
I0131 17:56:55.279727 139884786341632 logging_writer.py:48] [160300] global_step=160300, grad_norm=5.220884323120117, loss=4.226953983306885
I0131 17:57:41.980529 139884794734336 logging_writer.py:48] [160400] global_step=160400, grad_norm=4.442016124725342, loss=2.449759006500244
I0131 17:58:00.999091 140085747812160 spec.py:321] Evaluating on the training split.
I0131 17:58:11.484579 140085747812160 spec.py:333] Evaluating on the validation split.
I0131 17:58:34.082427 140085747812160 spec.py:349] Evaluating on the test split.
I0131 17:58:35.723175 140085747812160 submission_runner.py:408] Time since start: 79278.61s, 	Step: 160442, 	{'train/accuracy': 0.8229101300239563, 'train/loss': 0.7834881544113159, 'validation/accuracy': 0.744659960269928, 'validation/loss': 1.1210800409317017, 'validation/num_examples': 50000, 'test/accuracy': 0.6271000504493713, 'test/loss': 1.7195051908493042, 'test/num_examples': 10000, 'score': 73581.53504562378, 'total_duration': 79278.61271739006, 'accumulated_submission_time': 73581.53504562378, 'accumulated_eval_time': 5680.3631727695465, 'accumulated_logging_time': 7.879194021224976}
I0131 17:58:35.764352 139884786341632 logging_writer.py:48] [160442] accumulated_eval_time=5680.363173, accumulated_logging_time=7.879194, accumulated_submission_time=73581.535046, global_step=160442, preemption_count=0, score=73581.535046, test/accuracy=0.627100, test/loss=1.719505, test/num_examples=10000, total_duration=79278.612717, train/accuracy=0.822910, train/loss=0.783488, validation/accuracy=0.744660, validation/loss=1.121080, validation/num_examples=50000
I0131 17:58:58.907321 139884794734336 logging_writer.py:48] [160500] global_step=160500, grad_norm=4.391048908233643, loss=2.230522632598877
I0131 17:59:44.395971 139884786341632 logging_writer.py:48] [160600] global_step=160600, grad_norm=5.195230960845947, loss=4.134737014770508
I0131 18:00:30.874291 139884794734336 logging_writer.py:48] [160700] global_step=160700, grad_norm=4.8753838539123535, loss=2.451442003250122
I0131 18:01:17.587836 139884786341632 logging_writer.py:48] [160800] global_step=160800, grad_norm=4.7346649169921875, loss=3.7968995571136475
I0131 18:02:04.046670 139884794734336 logging_writer.py:48] [160900] global_step=160900, grad_norm=4.770632743835449, loss=2.584559679031372
I0131 18:02:50.680553 139884786341632 logging_writer.py:48] [161000] global_step=161000, grad_norm=4.768653392791748, loss=2.7071452140808105
I0131 18:03:37.280402 139884794734336 logging_writer.py:48] [161100] global_step=161100, grad_norm=4.53788948059082, loss=2.243035316467285
I0131 18:04:23.880385 139884786341632 logging_writer.py:48] [161200] global_step=161200, grad_norm=4.479496479034424, loss=2.3434834480285645
I0131 18:05:10.144264 139884794734336 logging_writer.py:48] [161300] global_step=161300, grad_norm=4.768067836761475, loss=2.3828368186950684
I0131 18:05:36.105346 140085747812160 spec.py:321] Evaluating on the training split.
I0131 18:05:46.516292 140085747812160 spec.py:333] Evaluating on the validation split.
I0131 18:06:05.854441 140085747812160 spec.py:349] Evaluating on the test split.
I0131 18:06:07.506300 140085747812160 submission_runner.py:408] Time since start: 79730.40s, 	Step: 161358, 	{'train/accuracy': 0.82289057970047, 'train/loss': 0.7732518315315247, 'validation/accuracy': 0.7462199926376343, 'validation/loss': 1.0985074043273926, 'validation/num_examples': 50000, 'test/accuracy': 0.6326000094413757, 'test/loss': 1.683404803276062, 'test/num_examples': 10000, 'score': 74001.81647443771, 'total_duration': 79730.39583301544, 'accumulated_submission_time': 74001.81647443771, 'accumulated_eval_time': 5711.764150619507, 'accumulated_logging_time': 7.929988384246826}
I0131 18:06:07.554995 139884786341632 logging_writer.py:48] [161358] accumulated_eval_time=5711.764151, accumulated_logging_time=7.929988, accumulated_submission_time=74001.816474, global_step=161358, preemption_count=0, score=74001.816474, test/accuracy=0.632600, test/loss=1.683405, test/num_examples=10000, total_duration=79730.395833, train/accuracy=0.822891, train/loss=0.773252, validation/accuracy=0.746220, validation/loss=1.098507, validation/num_examples=50000
I0131 18:06:24.438812 139884794734336 logging_writer.py:48] [161400] global_step=161400, grad_norm=4.196041107177734, loss=2.8996143341064453
I0131 18:07:08.912197 139884786341632 logging_writer.py:48] [161500] global_step=161500, grad_norm=4.24624490737915, loss=3.3354320526123047
I0131 18:07:55.935058 139884794734336 logging_writer.py:48] [161600] global_step=161600, grad_norm=4.53772497177124, loss=2.385517120361328
I0131 18:08:42.721239 139884786341632 logging_writer.py:48] [161700] global_step=161700, grad_norm=4.784184455871582, loss=2.3898205757141113
I0131 18:09:29.137871 139884794734336 logging_writer.py:48] [161800] global_step=161800, grad_norm=4.480059623718262, loss=2.262418270111084
I0131 18:10:15.767251 139884786341632 logging_writer.py:48] [161900] global_step=161900, grad_norm=5.231372356414795, loss=4.058050155639648
I0131 18:11:02.207271 139884794734336 logging_writer.py:48] [162000] global_step=162000, grad_norm=5.040839672088623, loss=2.428605794906616
I0131 18:11:48.658273 139884786341632 logging_writer.py:48] [162100] global_step=162100, grad_norm=6.156623840332031, loss=4.3218536376953125
I0131 18:12:35.462855 139884794734336 logging_writer.py:48] [162200] global_step=162200, grad_norm=4.320743083953857, loss=2.389997959136963
I0131 18:13:07.787756 140085747812160 spec.py:321] Evaluating on the training split.
I0131 18:13:18.410828 140085747812160 spec.py:333] Evaluating on the validation split.
I0131 18:13:38.282536 140085747812160 spec.py:349] Evaluating on the test split.
I0131 18:13:39.934684 140085747812160 submission_runner.py:408] Time since start: 80182.82s, 	Step: 162271, 	{'train/accuracy': 0.8252733945846558, 'train/loss': 0.7839264273643494, 'validation/accuracy': 0.7461000084877014, 'validation/loss': 1.112027645111084, 'validation/num_examples': 50000, 'test/accuracy': 0.632900059223175, 'test/loss': 1.7059128284454346, 'test/num_examples': 10000, 'score': 74421.98902630806, 'total_duration': 80182.82422280312, 'accumulated_submission_time': 74421.98902630806, 'accumulated_eval_time': 5743.91107749939, 'accumulated_logging_time': 7.989051818847656}
I0131 18:13:39.975384 139884786341632 logging_writer.py:48] [162271] accumulated_eval_time=5743.911077, accumulated_logging_time=7.989052, accumulated_submission_time=74421.989026, global_step=162271, preemption_count=0, score=74421.989026, test/accuracy=0.632900, test/loss=1.705913, test/num_examples=10000, total_duration=80182.824223, train/accuracy=0.825273, train/loss=0.783926, validation/accuracy=0.746100, validation/loss=1.112028, validation/num_examples=50000
I0131 18:13:51.744384 139884794734336 logging_writer.py:48] [162300] global_step=162300, grad_norm=5.341925621032715, loss=2.339716911315918
I0131 18:14:34.939866 139884786341632 logging_writer.py:48] [162400] global_step=162400, grad_norm=4.635260581970215, loss=2.323840379714966
I0131 18:15:21.202016 139884794734336 logging_writer.py:48] [162500] global_step=162500, grad_norm=4.869153022766113, loss=2.3675875663757324
I0131 18:16:07.729922 139884786341632 logging_writer.py:48] [162600] global_step=162600, grad_norm=4.6907243728637695, loss=2.323892116546631
I0131 18:16:54.262941 139884794734336 logging_writer.py:48] [162700] global_step=162700, grad_norm=4.924404621124268, loss=2.312532424926758
I0131 18:17:40.802969 139884786341632 logging_writer.py:48] [162800] global_step=162800, grad_norm=5.845522403717041, loss=4.054104328155518
I0131 18:18:27.571763 139884794734336 logging_writer.py:48] [162900] global_step=162900, grad_norm=4.956879615783691, loss=3.6295080184936523
I0131 18:19:14.117509 139884786341632 logging_writer.py:48] [163000] global_step=163000, grad_norm=4.859817981719971, loss=2.338843822479248
I0131 18:20:00.768068 139884794734336 logging_writer.py:48] [163100] global_step=163100, grad_norm=4.318820953369141, loss=3.072408437728882
I0131 18:20:40.165882 140085747812160 spec.py:321] Evaluating on the training split.
I0131 18:20:50.708574 140085747812160 spec.py:333] Evaluating on the validation split.
I0131 18:21:11.631755 140085747812160 spec.py:349] Evaluating on the test split.
I0131 18:21:13.271724 140085747812160 submission_runner.py:408] Time since start: 80636.16s, 	Step: 163186, 	{'train/accuracy': 0.8279882669448853, 'train/loss': 0.7568796277046204, 'validation/accuracy': 0.7485599517822266, 'validation/loss': 1.0927319526672363, 'validation/num_examples': 50000, 'test/accuracy': 0.6315000057220459, 'test/loss': 1.6792042255401611, 'test/num_examples': 10000, 'score': 74842.11705088615, 'total_duration': 80636.16126894951, 'accumulated_submission_time': 74842.11705088615, 'accumulated_eval_time': 5777.016916275024, 'accumulated_logging_time': 8.03922438621521}
I0131 18:21:13.310665 139884786341632 logging_writer.py:48] [163186] accumulated_eval_time=5777.016916, accumulated_logging_time=8.039224, accumulated_submission_time=74842.117051, global_step=163186, preemption_count=0, score=74842.117051, test/accuracy=0.631500, test/loss=1.679204, test/num_examples=10000, total_duration=80636.161269, train/accuracy=0.827988, train/loss=0.756880, validation/accuracy=0.748560, validation/loss=1.092732, validation/num_examples=50000
I0131 18:21:19.192105 139884794734336 logging_writer.py:48] [163200] global_step=163200, grad_norm=4.730288028717041, loss=2.29304575920105
I0131 18:22:01.360072 139884786341632 logging_writer.py:48] [163300] global_step=163300, grad_norm=5.158687591552734, loss=2.4242024421691895
I0131 18:22:48.256410 139884794734336 logging_writer.py:48] [163400] global_step=163400, grad_norm=4.868239402770996, loss=2.3573927879333496
I0131 18:23:34.781840 139884786341632 logging_writer.py:48] [163500] global_step=163500, grad_norm=5.072216033935547, loss=3.5809245109558105
I0131 18:24:21.424125 139884794734336 logging_writer.py:48] [163600] global_step=163600, grad_norm=5.106939792633057, loss=3.9465320110321045
I0131 18:25:07.913799 139884786341632 logging_writer.py:48] [163700] global_step=163700, grad_norm=4.745593547821045, loss=3.1041829586029053
I0131 18:25:54.471284 139884794734336 logging_writer.py:48] [163800] global_step=163800, grad_norm=5.227296352386475, loss=2.3490753173828125
I0131 18:26:41.103242 139884786341632 logging_writer.py:48] [163900] global_step=163900, grad_norm=4.920544624328613, loss=2.3849010467529297
I0131 18:27:27.599060 139884794734336 logging_writer.py:48] [164000] global_step=164000, grad_norm=5.08156681060791, loss=3.559532403945923
I0131 18:28:13.925355 139884786341632 logging_writer.py:48] [164100] global_step=164100, grad_norm=6.056404113769531, loss=4.372023582458496
I0131 18:28:13.939688 140085747812160 spec.py:321] Evaluating on the training split.
I0131 18:28:24.010874 140085747812160 spec.py:333] Evaluating on the validation split.
I0131 18:28:44.551021 140085747812160 spec.py:349] Evaluating on the test split.
I0131 18:28:46.197612 140085747812160 submission_runner.py:408] Time since start: 81089.09s, 	Step: 164101, 	{'train/accuracy': 0.8231250047683716, 'train/loss': 0.784327507019043, 'validation/accuracy': 0.7511199712753296, 'validation/loss': 1.100296974182129, 'validation/num_examples': 50000, 'test/accuracy': 0.6350000500679016, 'test/loss': 1.6938539743423462, 'test/num_examples': 10000, 'score': 75262.68575310707, 'total_duration': 81089.08715343475, 'accumulated_submission_time': 75262.68575310707, 'accumulated_eval_time': 5809.2748148441315, 'accumulated_logging_time': 8.088002920150757}
I0131 18:28:46.240210 139884794734336 logging_writer.py:48] [164101] accumulated_eval_time=5809.274815, accumulated_logging_time=8.088003, accumulated_submission_time=75262.685753, global_step=164101, preemption_count=0, score=75262.685753, test/accuracy=0.635000, test/loss=1.693854, test/num_examples=10000, total_duration=81089.087153, train/accuracy=0.823125, train/loss=0.784328, validation/accuracy=0.751120, validation/loss=1.100297, validation/num_examples=50000
I0131 18:29:27.052345 139884786341632 logging_writer.py:48] [164200] global_step=164200, grad_norm=5.639889240264893, loss=4.287580490112305
I0131 18:30:13.607733 139884794734336 logging_writer.py:48] [164300] global_step=164300, grad_norm=5.2638773918151855, loss=4.013200283050537
I0131 18:31:00.330544 139884786341632 logging_writer.py:48] [164400] global_step=164400, grad_norm=4.870556831359863, loss=2.417146682739258
I0131 18:31:46.704661 139884794734336 logging_writer.py:48] [164500] global_step=164500, grad_norm=4.613019943237305, loss=2.243004560470581
I0131 18:32:33.335026 139884786341632 logging_writer.py:48] [164600] global_step=164600, grad_norm=5.368901252746582, loss=2.312512159347534
I0131 18:33:19.912700 139884794734336 logging_writer.py:48] [164700] global_step=164700, grad_norm=4.918354511260986, loss=3.7023496627807617
I0131 18:34:06.356692 139884786341632 logging_writer.py:48] [164800] global_step=164800, grad_norm=4.5376482009887695, loss=2.7750885486602783
I0131 18:34:52.782275 139884794734336 logging_writer.py:48] [164900] global_step=164900, grad_norm=5.236910343170166, loss=2.519700288772583
I0131 18:35:39.517937 139884786341632 logging_writer.py:48] [165000] global_step=165000, grad_norm=5.042342185974121, loss=2.373418092727661
I0131 18:35:46.602910 140085747812160 spec.py:321] Evaluating on the training split.
I0131 18:35:57.493521 140085747812160 spec.py:333] Evaluating on the validation split.
I0131 18:36:17.482812 140085747812160 spec.py:349] Evaluating on the test split.
I0131 18:36:19.140319 140085747812160 submission_runner.py:408] Time since start: 81542.03s, 	Step: 165017, 	{'train/accuracy': 0.8282421827316284, 'train/loss': 0.7752244472503662, 'validation/accuracy': 0.7502599954605103, 'validation/loss': 1.0974425077438354, 'validation/num_examples': 50000, 'test/accuracy': 0.6292000412940979, 'test/loss': 1.6791881322860718, 'test/num_examples': 10000, 'score': 75682.98915481567, 'total_duration': 81542.0298383236, 'accumulated_submission_time': 75682.98915481567, 'accumulated_eval_time': 5841.812193155289, 'accumulated_logging_time': 8.13952898979187}
I0131 18:36:19.189097 139884794734336 logging_writer.py:48] [165017] accumulated_eval_time=5841.812193, accumulated_logging_time=8.139529, accumulated_submission_time=75682.989155, global_step=165017, preemption_count=0, score=75682.989155, test/accuracy=0.629200, test/loss=1.679188, test/num_examples=10000, total_duration=81542.029838, train/accuracy=0.828242, train/loss=0.775224, validation/accuracy=0.750260, validation/loss=1.097443, validation/num_examples=50000
I0131 18:36:53.163507 139884786341632 logging_writer.py:48] [165100] global_step=165100, grad_norm=4.770753860473633, loss=3.5231504440307617
I0131 18:37:39.311935 139884794734336 logging_writer.py:48] [165200] global_step=165200, grad_norm=4.759608268737793, loss=2.4380221366882324
I0131 18:38:25.815321 139884786341632 logging_writer.py:48] [165300] global_step=165300, grad_norm=4.7342848777771, loss=2.524930953979492
I0131 18:39:12.297463 139884794734336 logging_writer.py:48] [165400] global_step=165400, grad_norm=4.860020160675049, loss=2.3368587493896484
I0131 18:39:58.593371 139884786341632 logging_writer.py:48] [165500] global_step=165500, grad_norm=4.747579574584961, loss=3.2437222003936768
I0131 18:40:44.964335 139884794734336 logging_writer.py:48] [165600] global_step=165600, grad_norm=5.655955791473389, loss=4.256263732910156
I0131 18:41:31.363035 139884786341632 logging_writer.py:48] [165700] global_step=165700, grad_norm=5.577881336212158, loss=2.319122552871704
I0131 18:42:17.812157 139884794734336 logging_writer.py:48] [165800] global_step=165800, grad_norm=5.2219319343566895, loss=2.273172378540039
I0131 18:43:04.489874 139884786341632 logging_writer.py:48] [165900] global_step=165900, grad_norm=4.970115661621094, loss=2.6735434532165527
I0131 18:43:19.504780 140085747812160 spec.py:321] Evaluating on the training split.
I0131 18:43:29.878030 140085747812160 spec.py:333] Evaluating on the validation split.
I0131 18:43:51.608074 140085747812160 spec.py:349] Evaluating on the test split.
I0131 18:43:53.246011 140085747812160 submission_runner.py:408] Time since start: 81996.14s, 	Step: 165934, 	{'train/accuracy': 0.8337695002555847, 'train/loss': 0.7408263087272644, 'validation/accuracy': 0.7530800104141235, 'validation/loss': 1.0839965343475342, 'validation/num_examples': 50000, 'test/accuracy': 0.6335000395774841, 'test/loss': 1.672433853149414, 'test/num_examples': 10000, 'score': 76103.24325037003, 'total_duration': 81996.13554024696, 'accumulated_submission_time': 76103.24325037003, 'accumulated_eval_time': 5875.553389310837, 'accumulated_logging_time': 8.199171781539917}
I0131 18:43:53.290711 139884794734336 logging_writer.py:48] [165934] accumulated_eval_time=5875.553389, accumulated_logging_time=8.199172, accumulated_submission_time=76103.243250, global_step=165934, preemption_count=0, score=76103.243250, test/accuracy=0.633500, test/loss=1.672434, test/num_examples=10000, total_duration=81996.135540, train/accuracy=0.833770, train/loss=0.740826, validation/accuracy=0.753080, validation/loss=1.083997, validation/num_examples=50000
I0131 18:44:19.562918 139884786341632 logging_writer.py:48] [166000] global_step=166000, grad_norm=4.9227447509765625, loss=2.473745346069336
I0131 18:45:04.890437 139884794734336 logging_writer.py:48] [166100] global_step=166100, grad_norm=5.098374366760254, loss=2.737607002258301
I0131 18:45:51.596223 139884786341632 logging_writer.py:48] [166200] global_step=166200, grad_norm=5.122195720672607, loss=2.510587215423584
I0131 18:46:38.151816 139884794734336 logging_writer.py:48] [166300] global_step=166300, grad_norm=6.687984943389893, loss=2.460575819015503
I0131 18:47:24.661825 139884786341632 logging_writer.py:48] [166400] global_step=166400, grad_norm=5.021049976348877, loss=2.7627530097961426
I0131 18:48:10.995687 139884794734336 logging_writer.py:48] [166500] global_step=166500, grad_norm=4.982980251312256, loss=2.2688186168670654
I0131 18:48:57.613216 139884786341632 logging_writer.py:48] [166600] global_step=166600, grad_norm=5.181909084320068, loss=3.432798147201538
I0131 18:49:44.100033 139884794734336 logging_writer.py:48] [166700] global_step=166700, grad_norm=5.507928371429443, loss=2.6068201065063477
I0131 18:50:30.879265 139884786341632 logging_writer.py:48] [166800] global_step=166800, grad_norm=4.809514045715332, loss=2.345822334289551
I0131 18:50:53.350807 140085747812160 spec.py:321] Evaluating on the training split.
I0131 18:51:04.375970 140085747812160 spec.py:333] Evaluating on the validation split.
I0131 18:51:26.415112 140085747812160 spec.py:349] Evaluating on the test split.
I0131 18:51:28.054805 140085747812160 submission_runner.py:408] Time since start: 82450.94s, 	Step: 166850, 	{'train/accuracy': 0.8430468440055847, 'train/loss': 0.7069917917251587, 'validation/accuracy': 0.7552599906921387, 'validation/loss': 1.0686745643615723, 'validation/num_examples': 50000, 'test/accuracy': 0.6446000337600708, 'test/loss': 1.6342931985855103, 'test/num_examples': 10000, 'score': 76523.2434270382, 'total_duration': 82450.94435310364, 'accumulated_submission_time': 76523.2434270382, 'accumulated_eval_time': 5910.257388830185, 'accumulated_logging_time': 8.253775358200073}
I0131 18:51:28.094091 139884794734336 logging_writer.py:48] [166850] accumulated_eval_time=5910.257389, accumulated_logging_time=8.253775, accumulated_submission_time=76523.243427, global_step=166850, preemption_count=0, score=76523.243427, test/accuracy=0.644600, test/loss=1.634293, test/num_examples=10000, total_duration=82450.944353, train/accuracy=0.843047, train/loss=0.706992, validation/accuracy=0.755260, validation/loss=1.068675, validation/num_examples=50000
I0131 18:51:48.105079 139884786341632 logging_writer.py:48] [166900] global_step=166900, grad_norm=5.388858795166016, loss=3.9067606925964355
I0131 18:52:32.555271 139884794734336 logging_writer.py:48] [167000] global_step=167000, grad_norm=5.083310604095459, loss=3.7707791328430176
I0131 18:53:19.240707 139884786341632 logging_writer.py:48] [167100] global_step=167100, grad_norm=5.173586845397949, loss=2.3447606563568115
I0131 18:54:06.306196 139884794734336 logging_writer.py:48] [167200] global_step=167200, grad_norm=5.0717620849609375, loss=2.824500799179077
I0131 18:54:52.671163 139884786341632 logging_writer.py:48] [167300] global_step=167300, grad_norm=4.595765113830566, loss=2.4052374362945557
I0131 18:55:39.182039 139884794734336 logging_writer.py:48] [167400] global_step=167400, grad_norm=4.802096366882324, loss=3.7182650566101074
I0131 18:56:25.698744 139884786341632 logging_writer.py:48] [167500] global_step=167500, grad_norm=5.49710750579834, loss=2.2624316215515137
I0131 18:57:12.434047 139884794734336 logging_writer.py:48] [167600] global_step=167600, grad_norm=5.28504753112793, loss=2.2743709087371826
I0131 18:57:59.002635 139884786341632 logging_writer.py:48] [167700] global_step=167700, grad_norm=5.511831760406494, loss=3.7317371368408203
I0131 18:58:28.332743 140085747812160 spec.py:321] Evaluating on the training split.
I0131 18:58:38.640628 140085747812160 spec.py:333] Evaluating on the validation split.
I0131 18:58:59.901899 140085747812160 spec.py:349] Evaluating on the test split.
I0131 18:59:01.554873 140085747812160 submission_runner.py:408] Time since start: 82904.44s, 	Step: 167765, 	{'train/accuracy': 0.8338086009025574, 'train/loss': 0.7452972531318665, 'validation/accuracy': 0.7548399567604065, 'validation/loss': 1.074892282485962, 'validation/num_examples': 50000, 'test/accuracy': 0.6406000256538391, 'test/loss': 1.656589150428772, 'test/num_examples': 10000, 'score': 76943.4230298996, 'total_duration': 82904.4444053173, 'accumulated_submission_time': 76943.4230298996, 'accumulated_eval_time': 5943.479510307312, 'accumulated_logging_time': 8.302427291870117}
I0131 18:59:01.603287 139884794734336 logging_writer.py:48] [167765] accumulated_eval_time=5943.479510, accumulated_logging_time=8.302427, accumulated_submission_time=76943.423030, global_step=167765, preemption_count=0, score=76943.423030, test/accuracy=0.640600, test/loss=1.656589, test/num_examples=10000, total_duration=82904.444405, train/accuracy=0.833809, train/loss=0.745297, validation/accuracy=0.754840, validation/loss=1.074892, validation/num_examples=50000
I0131 18:59:15.734749 139884786341632 logging_writer.py:48] [167800] global_step=167800, grad_norm=5.021325588226318, loss=3.5008137226104736
I0131 18:59:59.111703 139884794734336 logging_writer.py:48] [167900] global_step=167900, grad_norm=4.580679416656494, loss=3.0366408824920654
I0131 19:00:45.692111 139884786341632 logging_writer.py:48] [168000] global_step=168000, grad_norm=5.791859149932861, loss=2.2566311359405518
I0131 19:01:32.564326 139884794734336 logging_writer.py:48] [168100] global_step=168100, grad_norm=5.455316066741943, loss=3.121443510055542
I0131 19:02:19.086185 139884786341632 logging_writer.py:48] [168200] global_step=168200, grad_norm=5.024442195892334, loss=2.814004898071289
I0131 19:03:06.008694 139884794734336 logging_writer.py:48] [168300] global_step=168300, grad_norm=5.1516337394714355, loss=3.008328914642334
I0131 19:03:52.528939 139884786341632 logging_writer.py:48] [168400] global_step=168400, grad_norm=4.848824977874756, loss=3.1664340496063232
I0131 19:04:39.052648 139884794734336 logging_writer.py:48] [168500] global_step=168500, grad_norm=5.477470397949219, loss=2.9541168212890625
I0131 19:05:25.762508 139884786341632 logging_writer.py:48] [168600] global_step=168600, grad_norm=5.0680999755859375, loss=2.3949291706085205
I0131 19:06:01.802555 140085747812160 spec.py:321] Evaluating on the training split.
I0131 19:06:12.207874 140085747812160 spec.py:333] Evaluating on the validation split.
I0131 19:06:33.886930 140085747812160 spec.py:349] Evaluating on the test split.
I0131 19:06:35.539849 140085747812160 submission_runner.py:408] Time since start: 83358.43s, 	Step: 168679, 	{'train/accuracy': 0.83363276720047, 'train/loss': 0.7375044822692871, 'validation/accuracy': 0.7561999559402466, 'validation/loss': 1.0720763206481934, 'validation/num_examples': 50000, 'test/accuracy': 0.6388000249862671, 'test/loss': 1.652498722076416, 'test/num_examples': 10000, 'score': 77363.56269574165, 'total_duration': 83358.4293923378, 'accumulated_submission_time': 77363.56269574165, 'accumulated_eval_time': 5977.2169399261475, 'accumulated_logging_time': 8.360501766204834}
I0131 19:06:35.581720 139884794734336 logging_writer.py:48] [168679] accumulated_eval_time=5977.216940, accumulated_logging_time=8.360502, accumulated_submission_time=77363.562696, global_step=168679, preemption_count=0, score=77363.562696, test/accuracy=0.638800, test/loss=1.652499, test/num_examples=10000, total_duration=83358.429392, train/accuracy=0.833633, train/loss=0.737504, validation/accuracy=0.756200, validation/loss=1.072076, validation/num_examples=50000
I0131 19:06:44.207914 139884786341632 logging_writer.py:48] [168700] global_step=168700, grad_norm=5.996603965759277, loss=4.1054558753967285
I0131 19:07:26.593808 139884794734336 logging_writer.py:48] [168800] global_step=168800, grad_norm=4.888433456420898, loss=2.345025062561035
I0131 19:08:13.229159 139884786341632 logging_writer.py:48] [168900] global_step=168900, grad_norm=5.3833513259887695, loss=2.859145164489746
I0131 19:08:59.584973 139884794734336 logging_writer.py:48] [169000] global_step=169000, grad_norm=4.973914623260498, loss=2.2644686698913574
I0131 19:09:12.438484 139884786341632 logging_writer.py:48] [169029] global_step=169029, preemption_count=0, score=77520.330180
I0131 19:09:13.122118 140085747812160 checkpoints.py:490] Saving checkpoint at step: 169029
I0131 19:09:14.329305 140085747812160 checkpoints.py:422] Saved checkpoint at /experiment_runs/prize_qualification/study_4/imagenet_vit_jax/trial_1/checkpoint_169029
I0131 19:09:14.349542 140085747812160 checkpoint_utils.py:240] Saved checkpoint to /experiment_runs/prize_qualification/study_4/imagenet_vit_jax/trial_1/checkpoint_169029.
I0131 19:09:15.103320 140085747812160 submission_runner.py:583] Tuning trial 1/5
I0131 19:09:15.103596 140085747812160 submission_runner.py:584] Hyperparameters: Hyperparameters(dropout_rate=0.0, label_smoothing=0.1, learning_rate=0.001308209823469072, one_minus_beta1=0.02686663061, beta2=0.9981232922116359, weight_decay=0.16375311233774334, warmup_factor=0.1)
