python3 submission_runner.py --framework=jax --workload=imagenet_resnet --submission_path=prize_qualification_baselines/self_tuning/jax_nadamw_full_budget.py --data_dir=/data/imagenet/jax --num_tuning_trials=1 --experiment_dir=/experiment_runs --experiment_name=prize_qualification_self_tuning/study_0 --overwrite=true --save_checkpoints=false --rng_seed=565442107 --max_global_steps=559998 --imagenet_v2_data_dir=/data/imagenet/jax --tuning_ruleset=self 2>&1 | tee -a /logs/imagenet_resnet_jax_02-29-2024-05-10-31.log
/usr/local/lib/python3.8/dist-packages/tensorflow_addons/utils/tfa_eol_msg.py:23: UserWarning: 

TensorFlow Addons (TFA) has ended development and introduction of new features.
TFA has entered a minimal maintenance and release mode until a planned end of life in May 2024.
Please modify downstream libraries to take dependencies from other repositories in our TensorFlow community (e.g. Keras, Keras-CV, and Keras-NLP). 

For more information see: https://github.com/tensorflow/addons/issues/2807 

  warnings.warn(
I0229 05:10:52.164252 139753105983296 logger_utils.py:61] Removing existing experiment directory /experiment_runs/prize_qualification_self_tuning/study_0/imagenet_resnet_jax because --overwrite was set.
I0229 05:10:52.166686 139753105983296 logger_utils.py:76] Creating experiment directory at /experiment_runs/prize_qualification_self_tuning/study_0/imagenet_resnet_jax.
I0229 05:10:53.241118 139753105983296 xla_bridge.py:455] Unable to initialize backend 'rocm': NOT_FOUND: Could not find registered platform with name: "rocm". Available platform names are: Host CUDA Interpreter
I0229 05:10:53.241860 139753105983296 xla_bridge.py:455] Unable to initialize backend 'tpu': module 'jaxlib.xla_extension' has no attribute 'get_tpu_client'
I0229 05:10:53.242111 139753105983296 xla_bridge.py:455] Unable to initialize backend 'plugin': xla_extension has no attributes named get_plugin_device_client. Compile TensorFlow with //tensorflow/compiler/xla/python:enable_plugin_device set to true (defaults to false) to enable this.
I0229 05:10:54.070054 139753105983296 submission_runner.py:605] Creating directory at /experiment_runs/prize_qualification_self_tuning/study_0/imagenet_resnet_jax/trial_1.
I0229 05:10:54.276514 139753105983296 submission_runner.py:206] Initializing dataset.
I0229 05:10:54.291900 139753105983296 dataset_info.py:578] Load dataset info from /data/imagenet/jax/imagenet2012/5.1.0
I0229 05:10:54.302891 139753105983296 dataset_info.py:669] Fields info.[splits, supervised_keys] from disk and from code do not match. Keeping the one from code.
I0229 05:10:54.680785 139753105983296 logging_logger.py:49] Constructing tf.data.Dataset imagenet2012 for split train, from /data/imagenet/jax/imagenet2012/5.1.0
I0229 05:10:55.898710 139753105983296 submission_runner.py:213] Initializing model.
I0229 05:11:06.610570 139753105983296 submission_runner.py:255] Initializing optimizer.
I0229 05:11:08.362056 139753105983296 submission_runner.py:262] Initializing metrics bundle.
I0229 05:11:08.362255 139753105983296 submission_runner.py:280] Initializing checkpoint and logger.
I0229 05:11:08.363138 139753105983296 checkpoints.py:915] Found no checkpoint files in /experiment_runs/prize_qualification_self_tuning/study_0/imagenet_resnet_jax/trial_1 with prefix checkpoint_
I0229 05:11:08.363290 139753105983296 submission_runner.py:300] Saving meta data to /experiment_runs/prize_qualification_self_tuning/study_0/imagenet_resnet_jax/trial_1/meta_data_0.json.
fatal: detected dubious ownership in repository at '/algorithmic-efficiency'
To add an exception for this directory, call:

	git config --global --add safe.directory /algorithmic-efficiency
I0229 05:11:08.688282 139753105983296 logger_utils.py:220] Unable to record git information. Continuing without it.
I0229 05:11:08.987023 139753105983296 submission_runner.py:304] Saving flags to /experiment_runs/prize_qualification_self_tuning/study_0/imagenet_resnet_jax/trial_1/flags_0.json.
I0229 05:11:08.996699 139753105983296 submission_runner.py:314] Starting training loop.
I0229 05:12:01.254784 139587007543040 logging_writer.py:48] [0] global_step=0, grad_norm=0.6710035800933838, loss=6.930171012878418
I0229 05:12:01.273517 139753105983296 spec.py:321] Evaluating on the training split.
I0229 05:12:02.564244 139753105983296 dataset_info.py:578] Load dataset info from /data/imagenet/jax/imagenet2012/5.1.0
I0229 05:12:02.573559 139753105983296 dataset_info.py:669] Fields info.[splits, supervised_keys] from disk and from code do not match. Keeping the one from code.
I0229 05:12:02.662630 139753105983296 logging_logger.py:49] Constructing tf.data.Dataset imagenet2012 for split train, from /data/imagenet/jax/imagenet2012/5.1.0
I0229 05:12:16.215935 139753105983296 spec.py:333] Evaluating on the validation split.
I0229 05:12:17.878109 139753105983296 dataset_info.py:578] Load dataset info from /data/imagenet/jax/imagenet2012/5.1.0
I0229 05:12:17.887236 139753105983296 dataset_info.py:669] Fields info.[splits, supervised_keys] from disk and from code do not match. Keeping the one from code.
I0229 05:12:17.929735 139753105983296 logging_logger.py:49] Constructing tf.data.Dataset imagenet2012 for split validation, from /data/imagenet/jax/imagenet2012/5.1.0
I0229 05:12:33.490501 139753105983296 spec.py:349] Evaluating on the test split.
I0229 05:12:34.299209 139753105983296 dataset_info.py:578] Load dataset info from /data/imagenet/jax/imagenet_v2/matched-frequency/3.0.0
I0229 05:12:34.311910 139753105983296 dataset_builder.py:528] Reusing dataset imagenet_v2 (/data/imagenet/jax/imagenet_v2/matched-frequency/3.0.0)
I0229 05:12:34.350902 139753105983296 logging_logger.py:49] Constructing tf.data.Dataset imagenet_v2 for split test, from /data/imagenet/jax/imagenet_v2/matched-frequency/3.0.0
I0229 05:12:38.592653 139753105983296 submission_runner.py:411] Time since start: 89.60s, 	Step: 1, 	{'train/accuracy': 0.0011160713620483875, 'train/loss': 6.914276599884033, 'validation/accuracy': 0.0011199999134987593, 'validation/loss': 6.913983345031738, 'validation/num_examples': 50000, 'test/accuracy': 0.000800000037997961, 'test/loss': 6.914037704467773, 'test/num_examples': 10000, 'score': 52.276708364486694, 'total_duration': 89.5958993434906, 'accumulated_submission_time': 52.276708364486694, 'accumulated_eval_time': 37.31908655166626, 'accumulated_logging_time': 0}
I0229 05:12:38.610147 139567747282688 logging_writer.py:48] [1] accumulated_eval_time=37.319087, accumulated_logging_time=0, accumulated_submission_time=52.276708, global_step=1, preemption_count=0, score=52.276708, test/accuracy=0.000800, test/loss=6.914038, test/num_examples=10000, total_duration=89.595899, train/accuracy=0.001116, train/loss=6.914277, validation/accuracy=0.001120, validation/loss=6.913983, validation/num_examples=50000
I0229 05:13:12.489821 139567738889984 logging_writer.py:48] [100] global_step=100, grad_norm=0.6764416694641113, loss=6.828644275665283
I0229 05:13:46.484287 139567747282688 logging_writer.py:48] [200] global_step=200, grad_norm=0.8360884785652161, loss=6.554777145385742
I0229 05:14:20.529217 139567738889984 logging_writer.py:48] [300] global_step=300, grad_norm=1.0310133695602417, loss=6.271829605102539
I0229 05:14:54.564033 139567747282688 logging_writer.py:48] [400] global_step=400, grad_norm=1.6244663000106812, loss=6.0208539962768555
I0229 05:15:28.660962 139567738889984 logging_writer.py:48] [500] global_step=500, grad_norm=2.2105302810668945, loss=5.792984962463379
I0229 05:16:02.763763 139567747282688 logging_writer.py:48] [600] global_step=600, grad_norm=2.3131444454193115, loss=5.549654960632324
I0229 05:16:36.859032 139567738889984 logging_writer.py:48] [700] global_step=700, grad_norm=4.975005149841309, loss=5.461348533630371
I0229 05:17:10.974386 139567747282688 logging_writer.py:48] [800] global_step=800, grad_norm=2.8844127655029297, loss=5.359619617462158
I0229 05:17:45.079961 139567738889984 logging_writer.py:48] [900] global_step=900, grad_norm=3.9193992614746094, loss=5.203693866729736
I0229 05:18:19.195913 139567747282688 logging_writer.py:48] [1000] global_step=1000, grad_norm=3.7747039794921875, loss=5.10858678817749
I0229 05:18:53.287776 139567738889984 logging_writer.py:48] [1100] global_step=1100, grad_norm=3.71632981300354, loss=4.882287979125977
I0229 05:19:27.393773 139567747282688 logging_writer.py:48] [1200] global_step=1200, grad_norm=3.2530574798583984, loss=4.812053680419922
I0229 05:20:01.510345 139567738889984 logging_writer.py:48] [1300] global_step=1300, grad_norm=6.976914882659912, loss=4.763275623321533
I0229 05:20:35.614705 139567747282688 logging_writer.py:48] [1400] global_step=1400, grad_norm=3.44474458694458, loss=4.607274055480957
I0229 05:21:08.822685 139753105983296 spec.py:321] Evaluating on the training split.
I0229 05:21:16.162331 139753105983296 spec.py:333] Evaluating on the validation split.
I0229 05:21:24.396780 139753105983296 spec.py:349] Evaluating on the test split.
I0229 05:21:26.842693 139753105983296 submission_runner.py:411] Time since start: 617.85s, 	Step: 1499, 	{'train/accuracy': 0.16585618257522583, 'train/loss': 4.275528907775879, 'validation/accuracy': 0.14723999798297882, 'validation/loss': 4.434837818145752, 'validation/num_examples': 50000, 'test/accuracy': 0.11180000752210617, 'test/loss': 4.884735107421875, 'test/num_examples': 10000, 'score': 562.4275517463684, 'total_duration': 617.8459360599518, 'accumulated_submission_time': 562.4275517463684, 'accumulated_eval_time': 55.3390634059906, 'accumulated_logging_time': 0.02741074562072754}
I0229 05:21:26.864034 139567755675392 logging_writer.py:48] [1499] accumulated_eval_time=55.339063, accumulated_logging_time=0.027411, accumulated_submission_time=562.427552, global_step=1499, preemption_count=0, score=562.427552, test/accuracy=0.111800, test/loss=4.884735, test/num_examples=10000, total_duration=617.845936, train/accuracy=0.165856, train/loss=4.275529, validation/accuracy=0.147240, validation/loss=4.434838, validation/num_examples=50000
I0229 05:21:27.577439 139567764068096 logging_writer.py:48] [1500] global_step=1500, grad_norm=7.560323715209961, loss=4.420153617858887
I0229 05:22:01.650813 139567755675392 logging_writer.py:48] [1600] global_step=1600, grad_norm=8.246813774108887, loss=4.417690753936768
I0229 05:22:35.744779 139567764068096 logging_writer.py:48] [1700] global_step=1700, grad_norm=7.938628196716309, loss=4.30731201171875
I0229 05:23:09.833573 139567755675392 logging_writer.py:48] [1800] global_step=1800, grad_norm=6.419836044311523, loss=4.201689720153809
I0229 05:23:43.939292 139567764068096 logging_writer.py:48] [1900] global_step=1900, grad_norm=5.55511999130249, loss=4.093661308288574
I0229 05:24:18.095476 139567755675392 logging_writer.py:48] [2000] global_step=2000, grad_norm=6.125288963317871, loss=4.046833515167236
I0229 05:24:52.211801 139567764068096 logging_writer.py:48] [2100] global_step=2100, grad_norm=5.6903204917907715, loss=4.017977714538574
I0229 05:25:26.329150 139567755675392 logging_writer.py:48] [2200] global_step=2200, grad_norm=7.041365623474121, loss=3.8343911170959473
I0229 05:26:00.416998 139567764068096 logging_writer.py:48] [2300] global_step=2300, grad_norm=5.05821418762207, loss=3.8307032585144043
I0229 05:26:34.491725 139567755675392 logging_writer.py:48] [2400] global_step=2400, grad_norm=5.781704902648926, loss=3.799973726272583
I0229 05:27:08.587953 139567764068096 logging_writer.py:48] [2500] global_step=2500, grad_norm=5.207143306732178, loss=3.651160717010498
I0229 05:27:42.699469 139567755675392 logging_writer.py:48] [2600] global_step=2600, grad_norm=5.560330867767334, loss=3.546229124069214
I0229 05:28:16.789672 139567764068096 logging_writer.py:48] [2700] global_step=2700, grad_norm=3.6768686771392822, loss=3.6231019496917725
I0229 05:28:50.886898 139567755675392 logging_writer.py:48] [2800] global_step=2800, grad_norm=6.327297687530518, loss=3.4743905067443848
I0229 05:29:24.966316 139567764068096 logging_writer.py:48] [2900] global_step=2900, grad_norm=4.152909278869629, loss=3.480642795562744
I0229 05:29:57.170267 139753105983296 spec.py:321] Evaluating on the training split.
I0229 05:30:04.708485 139753105983296 spec.py:333] Evaluating on the validation split.
I0229 05:30:12.751347 139753105983296 spec.py:349] Evaluating on the test split.
I0229 05:30:15.038335 139753105983296 submission_runner.py:411] Time since start: 1146.04s, 	Step: 2996, 	{'train/accuracy': 0.34502550959587097, 'train/loss': 3.0155081748962402, 'validation/accuracy': 0.31943997740745544, 'validation/loss': 3.1867895126342773, 'validation/num_examples': 50000, 'test/accuracy': 0.23650000989437103, 'test/loss': 3.8011603355407715, 'test/num_examples': 10000, 'score': 1072.6695590019226, 'total_duration': 1146.0415749549866, 'accumulated_submission_time': 1072.6695590019226, 'accumulated_eval_time': 73.20708441734314, 'accumulated_logging_time': 0.060552120208740234}
I0229 05:30:15.055147 139585724053248 logging_writer.py:48] [2996] accumulated_eval_time=73.207084, accumulated_logging_time=0.060552, accumulated_submission_time=1072.669559, global_step=2996, preemption_count=0, score=1072.669559, test/accuracy=0.236500, test/loss=3.801160, test/num_examples=10000, total_duration=1146.041575, train/accuracy=0.345026, train/loss=3.015508, validation/accuracy=0.319440, validation/loss=3.186790, validation/num_examples=50000
I0229 05:30:16.765260 139585732445952 logging_writer.py:48] [3000] global_step=3000, grad_norm=3.1625263690948486, loss=3.447021245956421
I0229 05:30:50.838959 139585724053248 logging_writer.py:48] [3100] global_step=3100, grad_norm=4.126509666442871, loss=3.33377742767334
I0229 05:31:24.919939 139585732445952 logging_writer.py:48] [3200] global_step=3200, grad_norm=4.496218204498291, loss=3.3042335510253906
I0229 05:31:58.991100 139585724053248 logging_writer.py:48] [3300] global_step=3300, grad_norm=4.196705341339111, loss=3.2536773681640625
I0229 05:32:33.064663 139585732445952 logging_writer.py:48] [3400] global_step=3400, grad_norm=4.307151794433594, loss=3.104827880859375
I0229 05:33:07.140891 139585724053248 logging_writer.py:48] [3500] global_step=3500, grad_norm=3.1331028938293457, loss=3.1372785568237305
I0229 05:33:41.240211 139585732445952 logging_writer.py:48] [3600] global_step=3600, grad_norm=3.4328975677490234, loss=3.145905017852783
I0229 05:34:15.329676 139585724053248 logging_writer.py:48] [3700] global_step=3700, grad_norm=2.935460090637207, loss=3.2430672645568848
I0229 05:34:49.407298 139585732445952 logging_writer.py:48] [3800] global_step=3800, grad_norm=3.0134124755859375, loss=3.0870776176452637
I0229 05:35:23.471113 139585724053248 logging_writer.py:48] [3900] global_step=3900, grad_norm=2.512362003326416, loss=3.100590229034424
I0229 05:35:57.536147 139585732445952 logging_writer.py:48] [4000] global_step=4000, grad_norm=3.6439521312713623, loss=3.0103330612182617
I0229 05:36:31.604293 139585724053248 logging_writer.py:48] [4100] global_step=4100, grad_norm=2.4590532779693604, loss=2.8753485679626465
I0229 05:37:05.684103 139585732445952 logging_writer.py:48] [4200] global_step=4200, grad_norm=2.080833911895752, loss=2.934910297393799
I0229 05:37:39.721868 139585724053248 logging_writer.py:48] [4300] global_step=4300, grad_norm=2.559065580368042, loss=2.7316484451293945
I0229 05:38:13.789255 139585732445952 logging_writer.py:48] [4400] global_step=4400, grad_norm=1.8354562520980835, loss=2.736363649368286
I0229 05:38:45.209273 139753105983296 spec.py:321] Evaluating on the training split.
I0229 05:38:52.406545 139753105983296 spec.py:333] Evaluating on the validation split.
I0229 05:39:00.723372 139753105983296 spec.py:349] Evaluating on the test split.
I0229 05:39:03.006353 139753105983296 submission_runner.py:411] Time since start: 1674.01s, 	Step: 4494, 	{'train/accuracy': 0.4690887928009033, 'train/loss': 2.3160347938537598, 'validation/accuracy': 0.4360799789428711, 'validation/loss': 2.511484146118164, 'validation/num_examples': 50000, 'test/accuracy': 0.32760000228881836, 'test/loss': 3.2471020221710205, 'test/num_examples': 10000, 'score': 1582.7634320259094, 'total_duration': 1674.0095942020416, 'accumulated_submission_time': 1582.7634320259094, 'accumulated_eval_time': 91.00414776802063, 'accumulated_logging_time': 0.08711767196655273}
I0229 05:39:03.023875 139590161643264 logging_writer.py:48] [4494] accumulated_eval_time=91.004148, accumulated_logging_time=0.087118, accumulated_submission_time=1582.763432, global_step=4494, preemption_count=0, score=1582.763432, test/accuracy=0.327600, test/loss=3.247102, test/num_examples=10000, total_duration=1674.009594, train/accuracy=0.469089, train/loss=2.316035, validation/accuracy=0.436080, validation/loss=2.511484, validation/num_examples=50000
I0229 05:39:05.423667 139590170035968 logging_writer.py:48] [4500] global_step=4500, grad_norm=2.7637009620666504, loss=2.837547779083252
I0229 05:39:39.447551 139590161643264 logging_writer.py:48] [4600] global_step=4600, grad_norm=2.8811535835266113, loss=2.7359352111816406
I0229 05:40:13.481652 139590170035968 logging_writer.py:48] [4700] global_step=4700, grad_norm=2.096026659011841, loss=2.7635498046875
I0229 05:40:47.505479 139590161643264 logging_writer.py:48] [4800] global_step=4800, grad_norm=2.3201587200164795, loss=2.683641195297241
I0229 05:41:21.543773 139590170035968 logging_writer.py:48] [4900] global_step=4900, grad_norm=2.5054354667663574, loss=2.657334089279175
I0229 05:41:55.594360 139590161643264 logging_writer.py:48] [5000] global_step=5000, grad_norm=2.0093448162078857, loss=2.6669278144836426
I0229 05:42:29.676898 139590170035968 logging_writer.py:48] [5100] global_step=5100, grad_norm=2.1995491981506348, loss=2.7433974742889404
I0229 05:43:03.708231 139590161643264 logging_writer.py:48] [5200] global_step=5200, grad_norm=2.3713316917419434, loss=2.6591954231262207
I0229 05:43:37.712504 139590170035968 logging_writer.py:48] [5300] global_step=5300, grad_norm=2.0012433528900146, loss=2.6149933338165283
I0229 05:44:11.700172 139590161643264 logging_writer.py:48] [5400] global_step=5400, grad_norm=1.5798068046569824, loss=2.6207094192504883
I0229 05:44:45.718847 139590170035968 logging_writer.py:48] [5500] global_step=5500, grad_norm=1.8507227897644043, loss=2.598161220550537
I0229 05:45:19.740101 139590161643264 logging_writer.py:48] [5600] global_step=5600, grad_norm=1.7759754657745361, loss=2.4073095321655273
I0229 05:45:53.756834 139590170035968 logging_writer.py:48] [5700] global_step=5700, grad_norm=1.638759732246399, loss=2.5247244834899902
I0229 05:46:27.793143 139590161643264 logging_writer.py:48] [5800] global_step=5800, grad_norm=1.988709568977356, loss=2.549685478210449
I0229 05:47:01.801905 139590170035968 logging_writer.py:48] [5900] global_step=5900, grad_norm=2.5664565563201904, loss=2.483290433883667
I0229 05:47:33.187682 139753105983296 spec.py:321] Evaluating on the training split.
I0229 05:47:40.329765 139753105983296 spec.py:333] Evaluating on the validation split.
I0229 05:47:48.560185 139753105983296 spec.py:349] Evaluating on the test split.
I0229 05:47:50.827547 139753105983296 submission_runner.py:411] Time since start: 2201.83s, 	Step: 5994, 	{'train/accuracy': 0.5284797549247742, 'train/loss': 2.0127384662628174, 'validation/accuracy': 0.49601998925209045, 'validation/loss': 2.2188453674316406, 'validation/num_examples': 50000, 'test/accuracy': 0.37560001015663147, 'test/loss': 2.9999661445617676, 'test/num_examples': 10000, 'score': 2092.8671317100525, 'total_duration': 2201.830789089203, 'accumulated_submission_time': 2092.8671317100525, 'accumulated_eval_time': 108.64397525787354, 'accumulated_logging_time': 0.11474180221557617}
I0229 05:47:50.845099 139589859669760 logging_writer.py:48] [5994] accumulated_eval_time=108.643975, accumulated_logging_time=0.114742, accumulated_submission_time=2092.867132, global_step=5994, preemption_count=0, score=2092.867132, test/accuracy=0.375600, test/loss=2.999966, test/num_examples=10000, total_duration=2201.830789, train/accuracy=0.528480, train/loss=2.012738, validation/accuracy=0.496020, validation/loss=2.218845, validation/num_examples=50000
I0229 05:47:53.229370 139590144857856 logging_writer.py:48] [6000] global_step=6000, grad_norm=2.0086183547973633, loss=2.5733025074005127
I0229 05:48:27.196873 139589859669760 logging_writer.py:48] [6100] global_step=6100, grad_norm=1.9996674060821533, loss=2.320606231689453
I0229 05:49:01.261742 139590144857856 logging_writer.py:48] [6200] global_step=6200, grad_norm=2.1164708137512207, loss=2.4045896530151367
I0229 05:49:35.277940 139589859669760 logging_writer.py:48] [6300] global_step=6300, grad_norm=1.6206204891204834, loss=2.5174102783203125
I0229 05:50:09.316167 139590144857856 logging_writer.py:48] [6400] global_step=6400, grad_norm=2.040332078933716, loss=2.360836982727051
I0229 05:50:43.337592 139589859669760 logging_writer.py:48] [6500] global_step=6500, grad_norm=2.7380754947662354, loss=2.424809217453003
I0229 05:51:17.351354 139590144857856 logging_writer.py:48] [6600] global_step=6600, grad_norm=1.8755743503570557, loss=2.3368911743164062
I0229 05:51:51.389885 139589859669760 logging_writer.py:48] [6700] global_step=6700, grad_norm=2.5400288105010986, loss=2.307124137878418
I0229 05:52:25.401429 139590144857856 logging_writer.py:48] [6800] global_step=6800, grad_norm=2.1557669639587402, loss=2.308842182159424
I0229 05:52:59.411377 139589859669760 logging_writer.py:48] [6900] global_step=6900, grad_norm=2.2555251121520996, loss=2.344377279281616
I0229 05:53:33.405131 139590144857856 logging_writer.py:48] [7000] global_step=7000, grad_norm=2.0228981971740723, loss=2.3466691970825195
I0229 05:54:07.397267 139589859669760 logging_writer.py:48] [7100] global_step=7100, grad_norm=1.720328450202942, loss=2.2715837955474854
I0229 05:54:41.434908 139590144857856 logging_writer.py:48] [7200] global_step=7200, grad_norm=2.1086831092834473, loss=2.3484952449798584
I0229 05:55:15.446652 139589859669760 logging_writer.py:48] [7300] global_step=7300, grad_norm=1.9776129722595215, loss=2.2812116146087646
I0229 05:55:49.463164 139590144857856 logging_writer.py:48] [7400] global_step=7400, grad_norm=1.7826666831970215, loss=2.2479801177978516
I0229 05:56:20.836671 139753105983296 spec.py:321] Evaluating on the training split.
I0229 05:56:28.060861 139753105983296 spec.py:333] Evaluating on the validation split.
I0229 05:56:36.335313 139753105983296 spec.py:349] Evaluating on the test split.
I0229 05:56:38.756393 139753105983296 submission_runner.py:411] Time since start: 2729.76s, 	Step: 7494, 	{'train/accuracy': 0.5736607313156128, 'train/loss': 1.7896974086761475, 'validation/accuracy': 0.5335999727249146, 'validation/loss': 1.997921347618103, 'validation/num_examples': 50000, 'test/accuracy': 0.4164000153541565, 'test/loss': 2.7276718616485596, 'test/num_examples': 10000, 'score': 2602.7957921028137, 'total_duration': 2729.759635448456, 'accumulated_submission_time': 2602.7957921028137, 'accumulated_eval_time': 126.56366062164307, 'accumulated_logging_time': 0.14190220832824707}
I0229 05:56:38.774095 139589717059328 logging_writer.py:48] [7494] accumulated_eval_time=126.563661, accumulated_logging_time=0.141902, accumulated_submission_time=2602.795792, global_step=7494, preemption_count=0, score=2602.795792, test/accuracy=0.416400, test/loss=2.727672, test/num_examples=10000, total_duration=2729.759635, train/accuracy=0.573661, train/loss=1.789697, validation/accuracy=0.533600, validation/loss=1.997921, validation/num_examples=50000
I0229 05:56:41.153999 139590170035968 logging_writer.py:48] [7500] global_step=7500, grad_norm=1.5158134698867798, loss=2.2072718143463135
I0229 05:57:15.093873 139589717059328 logging_writer.py:48] [7600] global_step=7600, grad_norm=2.0285816192626953, loss=2.2496321201324463
I0229 05:57:49.088763 139590170035968 logging_writer.py:48] [7700] global_step=7700, grad_norm=1.8624162673950195, loss=2.2142539024353027
I0229 05:58:23.080246 139589717059328 logging_writer.py:48] [7800] global_step=7800, grad_norm=1.907039999961853, loss=2.276109218597412
I0229 05:58:57.080650 139590170035968 logging_writer.py:48] [7900] global_step=7900, grad_norm=1.7192795276641846, loss=2.147850751876831
I0229 05:59:31.101755 139589717059328 logging_writer.py:48] [8000] global_step=8000, grad_norm=2.491903781890869, loss=2.0963635444641113
I0229 06:00:05.081899 139590170035968 logging_writer.py:48] [8100] global_step=8100, grad_norm=1.6032308340072632, loss=2.3691256046295166
I0229 06:00:39.095212 139589717059328 logging_writer.py:48] [8200] global_step=8200, grad_norm=2.3171422481536865, loss=2.3021790981292725
I0229 06:01:13.155587 139590170035968 logging_writer.py:48] [8300] global_step=8300, grad_norm=1.4452719688415527, loss=2.2211105823516846
I0229 06:01:47.172310 139589717059328 logging_writer.py:48] [8400] global_step=8400, grad_norm=2.086836814880371, loss=2.146702527999878
I0229 06:02:21.164299 139590170035968 logging_writer.py:48] [8500] global_step=8500, grad_norm=2.251113176345825, loss=2.139167547225952
I0229 06:02:55.190053 139589717059328 logging_writer.py:48] [8600] global_step=8600, grad_norm=1.7142879962921143, loss=2.0743870735168457
I0229 06:03:29.204190 139590170035968 logging_writer.py:48] [8700] global_step=8700, grad_norm=2.245659828186035, loss=2.1870639324188232
I0229 06:04:03.203832 139589717059328 logging_writer.py:48] [8800] global_step=8800, grad_norm=2.2021484375, loss=2.140660524368286
I0229 06:04:37.195101 139590170035968 logging_writer.py:48] [8900] global_step=8900, grad_norm=1.2345770597457886, loss=2.2432217597961426
I0229 06:05:08.928331 139753105983296 spec.py:321] Evaluating on the training split.
I0229 06:05:16.219015 139753105983296 spec.py:333] Evaluating on the validation split.
I0229 06:05:24.720262 139753105983296 spec.py:349] Evaluating on the test split.
I0229 06:05:27.002804 139753105983296 submission_runner.py:411] Time since start: 3258.01s, 	Step: 8995, 	{'train/accuracy': 0.5866350531578064, 'train/loss': 1.7268341779708862, 'validation/accuracy': 0.5454999804496765, 'validation/loss': 1.9390524625778198, 'validation/num_examples': 50000, 'test/accuracy': 0.4229000210762024, 'test/loss': 2.710902690887451, 'test/num_examples': 10000, 'score': 3112.8875806331635, 'total_duration': 3258.0060436725616, 'accumulated_submission_time': 3112.8875806331635, 'accumulated_eval_time': 144.63809752464294, 'accumulated_logging_time': 0.1693737506866455}
I0229 06:05:27.020575 139589717059328 logging_writer.py:48] [8995] accumulated_eval_time=144.638098, accumulated_logging_time=0.169374, accumulated_submission_time=3112.887581, global_step=8995, preemption_count=0, score=3112.887581, test/accuracy=0.422900, test/loss=2.710903, test/num_examples=10000, total_duration=3258.006044, train/accuracy=0.586635, train/loss=1.726834, validation/accuracy=0.545500, validation/loss=1.939052, validation/num_examples=50000
I0229 06:05:29.070072 139589725452032 logging_writer.py:48] [9000] global_step=9000, grad_norm=1.4442721605300903, loss=2.0494282245635986
I0229 06:06:03.067583 139589717059328 logging_writer.py:48] [9100] global_step=9100, grad_norm=1.807264804840088, loss=2.049213409423828
I0229 06:06:37.055212 139589725452032 logging_writer.py:48] [9200] global_step=9200, grad_norm=1.6473935842514038, loss=2.1464884281158447
I0229 06:07:11.119015 139589717059328 logging_writer.py:48] [9300] global_step=9300, grad_norm=1.4925363063812256, loss=2.246401786804199
I0229 06:07:45.146590 139589725452032 logging_writer.py:48] [9400] global_step=9400, grad_norm=1.267128825187683, loss=2.149049997329712
I0229 06:08:19.162512 139589717059328 logging_writer.py:48] [9500] global_step=9500, grad_norm=1.4114573001861572, loss=2.0745978355407715
I0229 06:08:53.157961 139589725452032 logging_writer.py:48] [9600] global_step=9600, grad_norm=2.0534474849700928, loss=2.1842124462127686
I0229 06:09:27.152972 139589717059328 logging_writer.py:48] [9700] global_step=9700, grad_norm=1.9526077508926392, loss=1.9424422979354858
I0229 06:10:01.177997 139589725452032 logging_writer.py:48] [9800] global_step=9800, grad_norm=2.015899181365967, loss=2.2201626300811768
I0229 06:10:35.228435 139589717059328 logging_writer.py:48] [9900] global_step=9900, grad_norm=1.6045821905136108, loss=2.153097152709961
I0229 06:11:09.259705 139589725452032 logging_writer.py:48] [10000] global_step=10000, grad_norm=1.6148958206176758, loss=2.2771544456481934
I0229 06:11:43.267416 139589717059328 logging_writer.py:48] [10100] global_step=10100, grad_norm=1.6287169456481934, loss=2.0918545722961426
I0229 06:12:17.278164 139589725452032 logging_writer.py:48] [10200] global_step=10200, grad_norm=1.983191967010498, loss=2.054206609725952
I0229 06:12:51.326033 139589717059328 logging_writer.py:48] [10300] global_step=10300, grad_norm=1.4386193752288818, loss=2.1148521900177
I0229 06:13:25.360109 139589725452032 logging_writer.py:48] [10400] global_step=10400, grad_norm=2.4300477504730225, loss=2.0018656253814697
I0229 06:13:57.104058 139753105983296 spec.py:321] Evaluating on the training split.
I0229 06:14:04.662220 139753105983296 spec.py:333] Evaluating on the validation split.
I0229 06:14:13.056349 139753105983296 spec.py:349] Evaluating on the test split.
I0229 06:14:15.354714 139753105983296 submission_runner.py:411] Time since start: 3786.36s, 	Step: 10495, 	{'train/accuracy': 0.6527024507522583, 'train/loss': 1.4016082286834717, 'validation/accuracy': 0.5786399841308594, 'validation/loss': 1.790817141532898, 'validation/num_examples': 50000, 'test/accuracy': 0.45210000872612, 'test/loss': 2.5373878479003906, 'test/num_examples': 10000, 'score': 3622.9106509685516, 'total_duration': 3786.3579564094543, 'accumulated_submission_time': 3622.9106509685516, 'accumulated_eval_time': 162.88873028755188, 'accumulated_logging_time': 0.19646191596984863}
I0229 06:14:15.376961 139589708666624 logging_writer.py:48] [10495] accumulated_eval_time=162.888730, accumulated_logging_time=0.196462, accumulated_submission_time=3622.910651, global_step=10495, preemption_count=0, score=3622.910651, test/accuracy=0.452100, test/loss=2.537388, test/num_examples=10000, total_duration=3786.357956, train/accuracy=0.652702, train/loss=1.401608, validation/accuracy=0.578640, validation/loss=1.790817, validation/num_examples=50000
I0229 06:14:17.414962 139590161643264 logging_writer.py:48] [10500] global_step=10500, grad_norm=1.9180351495742798, loss=2.1176111698150635
I0229 06:14:51.354969 139589708666624 logging_writer.py:48] [10600] global_step=10600, grad_norm=1.5707693099975586, loss=2.108543872833252
I0229 06:15:25.335021 139590161643264 logging_writer.py:48] [10700] global_step=10700, grad_norm=1.4998252391815186, loss=2.050086736679077
I0229 06:15:59.336343 139589708666624 logging_writer.py:48] [10800] global_step=10800, grad_norm=1.5561243295669556, loss=2.0681874752044678
I0229 06:16:33.332400 139590161643264 logging_writer.py:48] [10900] global_step=10900, grad_norm=1.4456827640533447, loss=2.07660174369812
I0229 06:17:07.334084 139589708666624 logging_writer.py:48] [11000] global_step=11000, grad_norm=1.8756660223007202, loss=2.24929141998291
I0229 06:17:41.316337 139590161643264 logging_writer.py:48] [11100] global_step=11100, grad_norm=1.6404156684875488, loss=2.0733401775360107
I0229 06:18:15.292474 139589708666624 logging_writer.py:48] [11200] global_step=11200, grad_norm=1.7367639541625977, loss=2.1477110385894775
I0229 06:18:49.295030 139590161643264 logging_writer.py:48] [11300] global_step=11300, grad_norm=2.068664073944092, loss=1.9557253122329712
I0229 06:19:23.315155 139589708666624 logging_writer.py:48] [11400] global_step=11400, grad_norm=1.4833705425262451, loss=1.9965847730636597
I0229 06:19:57.292925 139590161643264 logging_writer.py:48] [11500] global_step=11500, grad_norm=1.6147500276565552, loss=2.096787929534912
I0229 06:20:31.290008 139589708666624 logging_writer.py:48] [11600] global_step=11600, grad_norm=1.680922508239746, loss=1.965506911277771
I0229 06:21:05.252269 139590161643264 logging_writer.py:48] [11700] global_step=11700, grad_norm=1.9720566272735596, loss=2.0062098503112793
I0229 06:21:39.257162 139589708666624 logging_writer.py:48] [11800] global_step=11800, grad_norm=1.6482211351394653, loss=1.9764872789382935
I0229 06:22:13.237019 139590161643264 logging_writer.py:48] [11900] global_step=11900, grad_norm=1.4268816709518433, loss=1.9322805404663086
I0229 06:22:45.618912 139753105983296 spec.py:321] Evaluating on the training split.
I0229 06:22:53.040566 139753105983296 spec.py:333] Evaluating on the validation split.
I0229 06:23:01.530390 139753105983296 spec.py:349] Evaluating on the test split.
I0229 06:23:03.891485 139753105983296 submission_runner.py:411] Time since start: 4314.89s, 	Step: 11997, 	{'train/accuracy': 0.6460459232330322, 'train/loss': 1.433350682258606, 'validation/accuracy': 0.5874199867248535, 'validation/loss': 1.7437560558319092, 'validation/num_examples': 50000, 'test/accuracy': 0.45990002155303955, 'test/loss': 2.4923598766326904, 'test/num_examples': 10000, 'score': 4133.089784383774, 'total_duration': 4314.894702672958, 'accumulated_submission_time': 4133.089784383774, 'accumulated_eval_time': 181.16124773025513, 'accumulated_logging_time': 0.23114228248596191}
I0229 06:23:03.915464 139590170035968 logging_writer.py:48] [11997] accumulated_eval_time=181.161248, accumulated_logging_time=0.231142, accumulated_submission_time=4133.089784, global_step=11997, preemption_count=0, score=4133.089784, test/accuracy=0.459900, test/loss=2.492360, test/num_examples=10000, total_duration=4314.894703, train/accuracy=0.646046, train/loss=1.433351, validation/accuracy=0.587420, validation/loss=1.743756, validation/num_examples=50000
I0229 06:23:05.290365 139590178428672 logging_writer.py:48] [12000] global_step=12000, grad_norm=1.3593878746032715, loss=1.8669451475143433
I0229 06:23:39.244658 139590170035968 logging_writer.py:48] [12100] global_step=12100, grad_norm=2.2633023262023926, loss=1.9184941053390503
I0229 06:24:13.225339 139590178428672 logging_writer.py:48] [12200] global_step=12200, grad_norm=1.6688657999038696, loss=1.9738290309906006
I0229 06:24:47.217850 139590170035968 logging_writer.py:48] [12300] global_step=12300, grad_norm=1.7152315378189087, loss=2.011277437210083
I0229 06:25:21.202202 139590178428672 logging_writer.py:48] [12400] global_step=12400, grad_norm=1.4362685680389404, loss=2.0019373893737793
I0229 06:25:55.246301 139590170035968 logging_writer.py:48] [12500] global_step=12500, grad_norm=1.3948137760162354, loss=1.9980807304382324
I0229 06:26:29.259829 139590178428672 logging_writer.py:48] [12600] global_step=12600, grad_norm=1.5013840198516846, loss=1.950232982635498
I0229 06:27:03.270588 139590170035968 logging_writer.py:48] [12700] global_step=12700, grad_norm=1.4691765308380127, loss=2.014455795288086
I0229 06:27:37.281663 139590178428672 logging_writer.py:48] [12800] global_step=12800, grad_norm=1.6823049783706665, loss=2.0535905361175537
I0229 06:28:11.259359 139590170035968 logging_writer.py:48] [12900] global_step=12900, grad_norm=1.5905306339263916, loss=1.9483063220977783
I0229 06:28:45.270296 139590178428672 logging_writer.py:48] [13000] global_step=13000, grad_norm=1.3499609231948853, loss=1.9603424072265625
I0229 06:29:19.253900 139590170035968 logging_writer.py:48] [13100] global_step=13100, grad_norm=1.3961931467056274, loss=1.9254305362701416
I0229 06:29:53.258538 139590178428672 logging_writer.py:48] [13200] global_step=13200, grad_norm=1.4957926273345947, loss=1.8434091806411743
I0229 06:30:27.279852 139590170035968 logging_writer.py:48] [13300] global_step=13300, grad_norm=1.6418616771697998, loss=1.9909850358963013
I0229 06:31:01.290056 139590178428672 logging_writer.py:48] [13400] global_step=13400, grad_norm=1.7756081819534302, loss=1.9647879600524902
I0229 06:31:34.052907 139753105983296 spec.py:321] Evaluating on the training split.
I0229 06:31:41.920728 139753105983296 spec.py:333] Evaluating on the validation split.
I0229 06:31:50.338333 139753105983296 spec.py:349] Evaluating on the test split.
I0229 06:31:52.645723 139753105983296 submission_runner.py:411] Time since start: 4843.65s, 	Step: 13498, 	{'train/accuracy': 0.6513671875, 'train/loss': 1.4058401584625244, 'validation/accuracy': 0.5913599729537964, 'validation/loss': 1.706515908241272, 'validation/num_examples': 50000, 'test/accuracy': 0.47310003638267517, 'test/loss': 2.4181039333343506, 'test/num_examples': 10000, 'score': 4643.165565252304, 'total_duration': 4843.648952245712, 'accumulated_submission_time': 4643.165565252304, 'accumulated_eval_time': 199.75401329994202, 'accumulated_logging_time': 0.26534509658813477}
I0229 06:31:52.671200 139590144857856 logging_writer.py:48] [13498] accumulated_eval_time=199.754013, accumulated_logging_time=0.265345, accumulated_submission_time=4643.165565, global_step=13498, preemption_count=0, score=4643.165565, test/accuracy=0.473100, test/loss=2.418104, test/num_examples=10000, total_duration=4843.648952, train/accuracy=0.651367, train/loss=1.405840, validation/accuracy=0.591360, validation/loss=1.706516, validation/num_examples=50000
I0229 06:31:53.695551 139590153250560 logging_writer.py:48] [13500] global_step=13500, grad_norm=1.7034002542495728, loss=2.022664785385132
I0229 06:32:27.626713 139590144857856 logging_writer.py:48] [13600] global_step=13600, grad_norm=1.6529033184051514, loss=1.945988655090332
I0229 06:33:01.560245 139590153250560 logging_writer.py:48] [13700] global_step=13700, grad_norm=1.582625389099121, loss=1.9461770057678223
I0229 06:33:35.546664 139590144857856 logging_writer.py:48] [13800] global_step=13800, grad_norm=1.5581375360488892, loss=1.982901692390442
I0229 06:34:09.513293 139590153250560 logging_writer.py:48] [13900] global_step=13900, grad_norm=1.9470982551574707, loss=1.916000485420227
I0229 06:34:43.523078 139590144857856 logging_writer.py:48] [14000] global_step=14000, grad_norm=1.7112717628479004, loss=1.9479860067367554
I0229 06:35:17.504244 139590153250560 logging_writer.py:48] [14100] global_step=14100, grad_norm=1.9796741008758545, loss=1.8430739641189575
I0229 06:35:51.459357 139590144857856 logging_writer.py:48] [14200] global_step=14200, grad_norm=1.3934848308563232, loss=1.8854185342788696
I0229 06:36:25.433712 139590153250560 logging_writer.py:48] [14300] global_step=14300, grad_norm=1.5575953722000122, loss=1.9323668479919434
I0229 06:36:59.399609 139590144857856 logging_writer.py:48] [14400] global_step=14400, grad_norm=1.651368498802185, loss=1.9560662508010864
I0229 06:37:33.380349 139590153250560 logging_writer.py:48] [14500] global_step=14500, grad_norm=1.6252024173736572, loss=1.8313217163085938
I0229 06:38:07.375704 139590144857856 logging_writer.py:48] [14600] global_step=14600, grad_norm=1.5362621545791626, loss=1.904963731765747
I0229 06:38:41.322481 139590153250560 logging_writer.py:48] [14700] global_step=14700, grad_norm=1.609490156173706, loss=1.9351041316986084
I0229 06:39:15.320027 139590144857856 logging_writer.py:48] [14800] global_step=14800, grad_norm=1.4981056451797485, loss=2.078381061553955
I0229 06:39:49.292875 139590153250560 logging_writer.py:48] [14900] global_step=14900, grad_norm=1.4550631046295166, loss=1.9141666889190674
I0229 06:40:22.661899 139753105983296 spec.py:321] Evaluating on the training split.
I0229 06:40:30.122591 139753105983296 spec.py:333] Evaluating on the validation split.
I0229 06:40:38.516245 139753105983296 spec.py:349] Evaluating on the test split.
I0229 06:40:40.812335 139753105983296 submission_runner.py:411] Time since start: 5371.82s, 	Step: 15000, 	{'train/accuracy': 0.6477000713348389, 'train/loss': 1.419167160987854, 'validation/accuracy': 0.592960000038147, 'validation/loss': 1.7010241746902466, 'validation/num_examples': 50000, 'test/accuracy': 0.4726000130176544, 'test/loss': 2.420872211456299, 'test/num_examples': 10000, 'score': 5153.095174074173, 'total_duration': 5371.81556725502, 'accumulated_submission_time': 5153.095174074173, 'accumulated_eval_time': 217.90440320968628, 'accumulated_logging_time': 0.3007020950317383}
I0229 06:40:40.836913 139589717059328 logging_writer.py:48] [15000] accumulated_eval_time=217.904403, accumulated_logging_time=0.300702, accumulated_submission_time=5153.095174, global_step=15000, preemption_count=0, score=5153.095174, test/accuracy=0.472600, test/loss=2.420872, test/num_examples=10000, total_duration=5371.815567, train/accuracy=0.647700, train/loss=1.419167, validation/accuracy=0.592960, validation/loss=1.701024, validation/num_examples=50000
I0229 06:40:41.206109 139590170035968 logging_writer.py:48] [15000] global_step=15000, grad_norm=1.898801565170288, loss=1.9437007904052734
I0229 06:41:15.158127 139589717059328 logging_writer.py:48] [15100] global_step=15100, grad_norm=1.4118151664733887, loss=1.9442497491836548
I0229 06:41:49.107663 139590170035968 logging_writer.py:48] [15200] global_step=15200, grad_norm=1.604915738105774, loss=1.9282653331756592
I0229 06:42:23.113507 139589717059328 logging_writer.py:48] [15300] global_step=15300, grad_norm=1.4618910551071167, loss=1.83439040184021
I0229 06:42:57.111076 139590170035968 logging_writer.py:48] [15400] global_step=15400, grad_norm=1.5595494508743286, loss=1.7860859632492065
I0229 06:43:31.106127 139589717059328 logging_writer.py:48] [15500] global_step=15500, grad_norm=1.3618371486663818, loss=1.8265706300735474
I0229 06:44:05.125838 139590170035968 logging_writer.py:48] [15600] global_step=15600, grad_norm=1.761558175086975, loss=1.964176058769226
I0229 06:44:39.089239 139589717059328 logging_writer.py:48] [15700] global_step=15700, grad_norm=1.7769769430160522, loss=1.8961763381958008
I0229 06:45:13.080114 139590170035968 logging_writer.py:48] [15800] global_step=15800, grad_norm=1.6886647939682007, loss=1.7869881391525269
I0229 06:45:47.108178 139589717059328 logging_writer.py:48] [15900] global_step=15900, grad_norm=1.376883864402771, loss=1.9501854181289673
I0229 06:46:21.043187 139590170035968 logging_writer.py:48] [16000] global_step=16000, grad_norm=1.4248440265655518, loss=1.9016913175582886
I0229 06:46:55.060762 139589717059328 logging_writer.py:48] [16100] global_step=16100, grad_norm=1.5163400173187256, loss=1.903651237487793
I0229 06:47:29.043974 139590170035968 logging_writer.py:48] [16200] global_step=16200, grad_norm=1.4988024234771729, loss=1.8679472208023071
I0229 06:48:03.036055 139589717059328 logging_writer.py:48] [16300] global_step=16300, grad_norm=1.490147352218628, loss=1.927765965461731
I0229 06:48:37.022464 139590170035968 logging_writer.py:48] [16400] global_step=16400, grad_norm=1.4042448997497559, loss=1.9326046705245972
I0229 06:49:10.992558 139589717059328 logging_writer.py:48] [16500] global_step=16500, grad_norm=1.4323670864105225, loss=1.8363133668899536
I0229 06:49:11.001071 139753105983296 spec.py:321] Evaluating on the training split.
I0229 06:49:18.484400 139753105983296 spec.py:333] Evaluating on the validation split.
I0229 06:49:26.905549 139753105983296 spec.py:349] Evaluating on the test split.
I0229 06:49:29.230651 139753105983296 submission_runner.py:411] Time since start: 5900.23s, 	Step: 16501, 	{'train/accuracy': 0.6524234414100647, 'train/loss': 1.3966569900512695, 'validation/accuracy': 0.5991599559783936, 'validation/loss': 1.6813833713531494, 'validation/num_examples': 50000, 'test/accuracy': 0.4708000123500824, 'test/loss': 2.4155619144439697, 'test/num_examples': 10000, 'score': 5663.19630074501, 'total_duration': 5900.233821630478, 'accumulated_submission_time': 5663.19630074501, 'accumulated_eval_time': 236.13387608528137, 'accumulated_logging_time': 0.3381190299987793}
I0229 06:49:29.251544 139590144857856 logging_writer.py:48] [16501] accumulated_eval_time=236.133876, accumulated_logging_time=0.338119, accumulated_submission_time=5663.196301, global_step=16501, preemption_count=0, score=5663.196301, test/accuracy=0.470800, test/loss=2.415562, test/num_examples=10000, total_duration=5900.233822, train/accuracy=0.652423, train/loss=1.396657, validation/accuracy=0.599160, validation/loss=1.681383, validation/num_examples=50000
I0229 06:50:03.185347 139590153250560 logging_writer.py:48] [16600] global_step=16600, grad_norm=1.6638821363449097, loss=1.8838661909103394
I0229 06:50:37.197720 139590144857856 logging_writer.py:48] [16700] global_step=16700, grad_norm=1.7685356140136719, loss=1.949094295501709
I0229 06:51:11.207659 139590153250560 logging_writer.py:48] [16800] global_step=16800, grad_norm=1.4264274835586548, loss=1.957148790359497
I0229 06:51:45.193417 139590144857856 logging_writer.py:48] [16900] global_step=16900, grad_norm=1.6885948181152344, loss=1.9087600708007812
I0229 06:52:19.174484 139590153250560 logging_writer.py:48] [17000] global_step=17000, grad_norm=1.5366002321243286, loss=2.0151426792144775
I0229 06:52:53.129989 139590144857856 logging_writer.py:48] [17100] global_step=17100, grad_norm=1.658389925956726, loss=1.8750022649765015
I0229 06:53:27.113973 139590153250560 logging_writer.py:48] [17200] global_step=17200, grad_norm=1.4909727573394775, loss=1.8299846649169922
I0229 06:54:01.099248 139590144857856 logging_writer.py:48] [17300] global_step=17300, grad_norm=1.565402865409851, loss=1.6998491287231445
I0229 06:54:35.073346 139590153250560 logging_writer.py:48] [17400] global_step=17400, grad_norm=1.654670000076294, loss=2.047632932662964
I0229 06:55:09.050788 139590144857856 logging_writer.py:48] [17500] global_step=17500, grad_norm=1.5324567556381226, loss=1.8254585266113281
I0229 06:55:43.023006 139590153250560 logging_writer.py:48] [17600] global_step=17600, grad_norm=1.495483160018921, loss=1.8965704441070557
I0229 06:56:17.032496 139590144857856 logging_writer.py:48] [17700] global_step=17700, grad_norm=1.8866857290267944, loss=1.8857709169387817
I0229 06:56:50.998433 139590153250560 logging_writer.py:48] [17800] global_step=17800, grad_norm=1.548718810081482, loss=1.9036059379577637
I0229 06:57:24.976952 139590144857856 logging_writer.py:48] [17900] global_step=17900, grad_norm=1.5805182456970215, loss=1.8658456802368164
I0229 06:57:58.951190 139590153250560 logging_writer.py:48] [18000] global_step=18000, grad_norm=1.442582368850708, loss=1.8349862098693848
I0229 06:57:59.387830 139753105983296 spec.py:321] Evaluating on the training split.
I0229 06:58:07.659509 139753105983296 spec.py:333] Evaluating on the validation split.
I0229 06:58:16.256256 139753105983296 spec.py:349] Evaluating on the test split.
I0229 06:58:18.522986 139753105983296 submission_runner.py:411] Time since start: 6429.53s, 	Step: 18003, 	{'train/accuracy': 0.6489955186843872, 'train/loss': 1.4116501808166504, 'validation/accuracy': 0.5984399914741516, 'validation/loss': 1.6733524799346924, 'validation/num_examples': 50000, 'test/accuracy': 0.4759000241756439, 'test/loss': 2.3799636363983154, 'test/num_examples': 10000, 'score': 6173.271780967712, 'total_duration': 6429.526218175888, 'accumulated_submission_time': 6173.271780967712, 'accumulated_eval_time': 255.26897883415222, 'accumulated_logging_time': 0.36900877952575684}
I0229 06:58:18.552712 139589708666624 logging_writer.py:48] [18003] accumulated_eval_time=255.268979, accumulated_logging_time=0.369009, accumulated_submission_time=6173.271781, global_step=18003, preemption_count=0, score=6173.271781, test/accuracy=0.475900, test/loss=2.379964, test/num_examples=10000, total_duration=6429.526218, train/accuracy=0.648996, train/loss=1.411650, validation/accuracy=0.598440, validation/loss=1.673352, validation/num_examples=50000
I0229 06:58:51.772124 139589717059328 logging_writer.py:48] [18100] global_step=18100, grad_norm=1.4370993375778198, loss=1.781043291091919
I0229 06:59:25.721263 139589708666624 logging_writer.py:48] [18200] global_step=18200, grad_norm=1.646649956703186, loss=1.8042172193527222
I0229 06:59:59.689017 139589717059328 logging_writer.py:48] [18300] global_step=18300, grad_norm=1.5389450788497925, loss=1.8649053573608398
I0229 07:00:33.682569 139589708666624 logging_writer.py:48] [18400] global_step=18400, grad_norm=1.5719561576843262, loss=1.879242181777954
I0229 07:01:07.664647 139589717059328 logging_writer.py:48] [18500] global_step=18500, grad_norm=1.7506266832351685, loss=1.8283085823059082
I0229 07:01:41.645011 139589708666624 logging_writer.py:48] [18600] global_step=18600, grad_norm=1.6335482597351074, loss=1.848795771598816
I0229 07:02:15.597325 139589717059328 logging_writer.py:48] [18700] global_step=18700, grad_norm=1.5680118799209595, loss=1.7843716144561768
I0229 07:02:49.606674 139589708666624 logging_writer.py:48] [18800] global_step=18800, grad_norm=1.5956186056137085, loss=1.7547982931137085
I0229 07:03:23.560932 139589717059328 logging_writer.py:48] [18900] global_step=18900, grad_norm=1.6145389080047607, loss=1.7288804054260254
I0229 07:03:57.544641 139589708666624 logging_writer.py:48] [19000] global_step=19000, grad_norm=1.5174070596694946, loss=1.772680640220642
I0229 07:04:31.519993 139589717059328 logging_writer.py:48] [19100] global_step=19100, grad_norm=1.5333830118179321, loss=1.7729921340942383
I0229 07:05:05.495143 139589708666624 logging_writer.py:48] [19200] global_step=19200, grad_norm=2.0082619190216064, loss=1.7084968090057373
I0229 07:05:39.481241 139589717059328 logging_writer.py:48] [19300] global_step=19300, grad_norm=2.089829683303833, loss=1.9279186725616455
I0229 07:06:13.467974 139589708666624 logging_writer.py:48] [19400] global_step=19400, grad_norm=1.4845772981643677, loss=1.7969646453857422
I0229 07:06:47.432006 139589717059328 logging_writer.py:48] [19500] global_step=19500, grad_norm=1.5417094230651855, loss=1.9246430397033691
I0229 07:06:48.554111 139753105983296 spec.py:321] Evaluating on the training split.
I0229 07:06:56.448548 139753105983296 spec.py:333] Evaluating on the validation split.
