python3 submission_runner.py --framework=jax --workload=imagenet_vit --submission_path=prize_qualification_baselines/self_tuning/jax_nadamw_full_budget.py --data_dir=/data/imagenet/jax --num_tuning_trials=1 --experiment_dir=/experiment_runs --experiment_name=prize_qualification_self_tuning/study_1 --overwrite=true --save_checkpoints=false --rng_seed=1867293012 --max_global_steps=559998 --imagenet_v2_data_dir=/data/imagenet/jax --tuning_ruleset=self 2>&1 | tee -a /logs/imagenet_vit_jax_03-02-2024-11-55-17.log
/usr/local/lib/python3.8/dist-packages/tensorflow_addons/utils/tfa_eol_msg.py:23: UserWarning: 

TensorFlow Addons (TFA) has ended development and introduction of new features.
TFA has entered a minimal maintenance and release mode until a planned end of life in May 2024.
Please modify downstream libraries to take dependencies from other repositories in our TensorFlow community (e.g. Keras, Keras-CV, and Keras-NLP). 

For more information see: https://github.com/tensorflow/addons/issues/2807 

  warnings.warn(
I0302 11:55:38.408297 139953291118400 logger_utils.py:76] Creating experiment directory at /experiment_runs/prize_qualification_self_tuning/study_1/imagenet_vit_jax.
I0302 11:55:39.378245 139953291118400 xla_bridge.py:455] Unable to initialize backend 'rocm': NOT_FOUND: Could not find registered platform with name: "rocm". Available platform names are: Interpreter Host CUDA
I0302 11:55:39.378969 139953291118400 xla_bridge.py:455] Unable to initialize backend 'tpu': module 'jaxlib.xla_extension' has no attribute 'get_tpu_client'
I0302 11:55:39.379103 139953291118400 xla_bridge.py:455] Unable to initialize backend 'plugin': xla_extension has no attributes named get_plugin_device_client. Compile TensorFlow with //tensorflow/compiler/xla/python:enable_plugin_device set to true (defaults to false) to enable this.
I0302 11:55:40.309489 139953291118400 submission_runner.py:605] Creating directory at /experiment_runs/prize_qualification_self_tuning/study_1/imagenet_vit_jax/trial_1.
I0302 11:55:40.509853 139953291118400 submission_runner.py:206] Initializing dataset.
I0302 11:55:40.525670 139953291118400 dataset_info.py:578] Load dataset info from /data/imagenet/jax/imagenet2012/5.1.0
I0302 11:55:40.537111 139953291118400 dataset_info.py:669] Fields info.[splits, supervised_keys] from disk and from code do not match. Keeping the one from code.
I0302 11:55:40.919934 139953291118400 logging_logger.py:49] Constructing tf.data.Dataset imagenet2012 for split train, from /data/imagenet/jax/imagenet2012/5.1.0
I0302 11:55:49.167341 139953291118400 submission_runner.py:213] Initializing model.
I0302 11:55:58.205132 139953291118400 submission_runner.py:255] Initializing optimizer.
I0302 11:55:59.188640 139953291118400 submission_runner.py:262] Initializing metrics bundle.
I0302 11:55:59.188833 139953291118400 submission_runner.py:280] Initializing checkpoint and logger.
I0302 11:55:59.189671 139953291118400 checkpoints.py:915] Found no checkpoint files in /experiment_runs/prize_qualification_self_tuning/study_1/imagenet_vit_jax/trial_1 with prefix checkpoint_
I0302 11:55:59.189821 139953291118400 submission_runner.py:300] Saving meta data to /experiment_runs/prize_qualification_self_tuning/study_1/imagenet_vit_jax/trial_1/meta_data_0.json.
fatal: detected dubious ownership in repository at '/algorithmic-efficiency'
To add an exception for this directory, call:

	git config --global --add safe.directory /algorithmic-efficiency
I0302 11:55:59.517214 139953291118400 logger_utils.py:220] Unable to record git information. Continuing without it.
I0302 11:55:59.813500 139953291118400 submission_runner.py:304] Saving flags to /experiment_runs/prize_qualification_self_tuning/study_1/imagenet_vit_jax/trial_1/flags_0.json.
I0302 11:55:59.823724 139953291118400 submission_runner.py:314] Starting training loop.
I0302 11:56:42.261072 139789623453440 logging_writer.py:48] [0] global_step=0, grad_norm=0.3462356626987457, loss=6.9077558517456055
I0302 11:56:42.279073 139953291118400 spec.py:321] Evaluating on the training split.
I0302 11:56:42.478787 139953291118400 dataset_info.py:578] Load dataset info from /data/imagenet/jax/imagenet2012/5.1.0
I0302 11:56:42.487882 139953291118400 dataset_info.py:669] Fields info.[splits, supervised_keys] from disk and from code do not match. Keeping the one from code.
I0302 11:56:42.571497 139953291118400 logging_logger.py:49] Constructing tf.data.Dataset imagenet2012 for split train, from /data/imagenet/jax/imagenet2012/5.1.0
I0302 11:56:59.374815 139953291118400 spec.py:333] Evaluating on the validation split.
I0302 11:56:59.386976 139953291118400 dataset_info.py:578] Load dataset info from /data/imagenet/jax/imagenet2012/5.1.0
I0302 11:56:59.406971 139953291118400 dataset_info.py:669] Fields info.[splits, supervised_keys] from disk and from code do not match. Keeping the one from code.
I0302 11:56:59.485817 139953291118400 logging_logger.py:49] Constructing tf.data.Dataset imagenet2012 for split validation, from /data/imagenet/jax/imagenet2012/5.1.0
I0302 11:57:16.684983 139953291118400 spec.py:349] Evaluating on the test split.
I0302 11:57:16.691684 139953291118400 dataset_info.py:578] Load dataset info from /data/imagenet/jax/imagenet_v2/matched-frequency/3.0.0
I0302 11:57:16.697453 139953291118400 dataset_builder.py:528] Reusing dataset imagenet_v2 (/data/imagenet/jax/imagenet_v2/matched-frequency/3.0.0)
I0302 11:57:16.746855 139953291118400 logging_logger.py:49] Constructing tf.data.Dataset imagenet_v2 for split test, from /data/imagenet/jax/imagenet_v2/matched-frequency/3.0.0
I0302 11:57:22.027821 139953291118400 submission_runner.py:411] Time since start: 82.20s, 	Step: 1, 	{'train/accuracy': 0.0009374999790452421, 'train/loss': 6.907756328582764, 'validation/accuracy': 0.0009999999310821295, 'validation/loss': 6.9077558517456055, 'validation/num_examples': 50000, 'test/accuracy': 0.0010000000474974513, 'test/loss': 6.907756805419922, 'test/num_examples': 10000, 'score': 42.4552264213562, 'total_duration': 82.20404887199402, 'accumulated_submission_time': 42.4552264213562, 'accumulated_eval_time': 39.74869656562805, 'accumulated_logging_time': 0}
I0302 11:57:22.045155 139758000912128 logging_writer.py:48] [1] accumulated_eval_time=39.748697, accumulated_logging_time=0, accumulated_submission_time=42.455226, global_step=1, preemption_count=0, score=42.455226, test/accuracy=0.001000, test/loss=6.907757, test/num_examples=10000, total_duration=82.204049, train/accuracy=0.000937, train/loss=6.907756, validation/accuracy=0.001000, validation/loss=6.907756, validation/num_examples=50000
I0302 11:58:24.256727 139790808770304 logging_writer.py:48] [100] global_step=100, grad_norm=0.5264913439750671, loss=6.8752217292785645
I0302 11:59:06.658933 139790817163008 logging_writer.py:48] [200] global_step=200, grad_norm=0.6455488801002502, loss=6.762694835662842
I0302 11:59:50.753104 139790808770304 logging_writer.py:48] [300] global_step=300, grad_norm=0.9554784297943115, loss=6.664155960083008
I0302 12:00:34.904559 139790817163008 logging_writer.py:48] [400] global_step=400, grad_norm=1.2258661985397339, loss=6.558453559875488
I0302 12:01:19.136752 139790808770304 logging_writer.py:48] [500] global_step=500, grad_norm=1.0467201471328735, loss=6.6065778732299805
I0302 12:02:03.329617 139790817163008 logging_writer.py:48] [600] global_step=600, grad_norm=1.3212372064590454, loss=6.325512409210205
I0302 12:02:47.578030 139790808770304 logging_writer.py:48] [700] global_step=700, grad_norm=1.025040864944458, loss=6.617724418640137
I0302 12:03:31.873618 139790817163008 logging_writer.py:48] [800] global_step=800, grad_norm=1.459726333618164, loss=6.1847243309021
I0302 12:04:15.963723 139790808770304 logging_writer.py:48] [900] global_step=900, grad_norm=1.3834128379821777, loss=6.20257568359375
I0302 12:04:22.254849 139953291118400 spec.py:321] Evaluating on the training split.
I0302 12:04:33.904822 139953291118400 spec.py:333] Evaluating on the validation split.
I0302 12:04:42.032127 139953291118400 spec.py:349] Evaluating on the test split.
I0302 12:04:43.717492 139953291118400 submission_runner.py:411] Time since start: 523.89s, 	Step: 916, 	{'train/accuracy': 0.033281248062849045, 'train/loss': 5.910701751708984, 'validation/accuracy': 0.03221999853849411, 'validation/loss': 5.930098056793213, 'validation/num_examples': 50000, 'test/accuracy': 0.026500001549720764, 'test/loss': 6.053519248962402, 'test/num_examples': 10000, 'score': 462.6057026386261, 'total_duration': 523.893707036972, 'accumulated_submission_time': 462.6057026386261, 'accumulated_eval_time': 61.21135711669922, 'accumulated_logging_time': 0.026748180389404297}
I0302 12:04:43.734970 139758009304832 logging_writer.py:48] [916] accumulated_eval_time=61.211357, accumulated_logging_time=0.026748, accumulated_submission_time=462.605703, global_step=916, preemption_count=0, score=462.605703, test/accuracy=0.026500, test/loss=6.053519, test/num_examples=10000, total_duration=523.893707, train/accuracy=0.033281, train/loss=5.910702, validation/accuracy=0.032220, validation/loss=5.930098, validation/num_examples=50000
I0302 12:05:17.301155 139758017697536 logging_writer.py:48] [1000] global_step=1000, grad_norm=1.2575092315673828, loss=6.215506553649902
I0302 12:06:00.177460 139758009304832 logging_writer.py:48] [1100] global_step=1100, grad_norm=1.771665096282959, loss=6.3159918785095215
I0302 12:06:44.520523 139758017697536 logging_writer.py:48] [1200] global_step=1200, grad_norm=1.239606499671936, loss=6.387167930603027
I0302 12:07:28.648131 139758009304832 logging_writer.py:48] [1300] global_step=1300, grad_norm=1.1396883726119995, loss=6.582673072814941
I0302 12:08:12.866020 139758017697536 logging_writer.py:48] [1400] global_step=1400, grad_norm=2.2026162147521973, loss=6.053869724273682
I0302 12:08:56.914130 139758009304832 logging_writer.py:48] [1500] global_step=1500, grad_norm=1.285349726676941, loss=5.866876125335693
I0302 12:09:41.153634 139758017697536 logging_writer.py:48] [1600] global_step=1600, grad_norm=1.1889506578445435, loss=6.466545104980469
I0302 12:10:25.339694 139758009304832 logging_writer.py:48] [1700] global_step=1700, grad_norm=1.2360676527023315, loss=6.562926292419434
I0302 12:11:09.372544 139758017697536 logging_writer.py:48] [1800] global_step=1800, grad_norm=0.9384642243385315, loss=5.6188859939575195
I0302 12:11:43.841995 139953291118400 spec.py:321] Evaluating on the training split.
I0302 12:11:55.731029 139953291118400 spec.py:333] Evaluating on the validation split.
I0302 12:12:03.956877 139953291118400 spec.py:349] Evaluating on the test split.
I0302 12:12:05.607448 139953291118400 submission_runner.py:411] Time since start: 965.78s, 	Step: 1880, 	{'train/accuracy': 0.0802929699420929, 'train/loss': 5.186488628387451, 'validation/accuracy': 0.07635999470949173, 'validation/loss': 5.225624084472656, 'validation/num_examples': 50000, 'test/accuracy': 0.05780000239610672, 'test/loss': 5.46556282043457, 'test/num_examples': 10000, 'score': 882.6500160694122, 'total_duration': 965.783664226532, 'accumulated_submission_time': 882.6500160694122, 'accumulated_eval_time': 82.97681331634521, 'accumulated_logging_time': 0.055197954177856445}
I0302 12:12:05.624719 139758009304832 logging_writer.py:48] [1880] accumulated_eval_time=82.976813, accumulated_logging_time=0.055198, accumulated_submission_time=882.650016, global_step=1880, preemption_count=0, score=882.650016, test/accuracy=0.057800, test/loss=5.465563, test/num_examples=10000, total_duration=965.783664, train/accuracy=0.080293, train/loss=5.186489, validation/accuracy=0.076360, validation/loss=5.225624, validation/num_examples=50000
I0302 12:12:13.991404 139758017697536 logging_writer.py:48] [1900] global_step=1900, grad_norm=1.1694982051849365, loss=5.656164169311523
I0302 12:12:53.572813 139758009304832 logging_writer.py:48] [2000] global_step=2000, grad_norm=1.4329912662506104, loss=5.602624893188477
I0302 12:13:37.881857 139758017697536 logging_writer.py:48] [2100] global_step=2100, grad_norm=0.9682188034057617, loss=5.480915069580078
I0302 12:14:21.942606 139758009304832 logging_writer.py:48] [2200] global_step=2200, grad_norm=0.9241686463356018, loss=5.687203407287598
I0302 12:15:06.025149 139758017697536 logging_writer.py:48] [2300] global_step=2300, grad_norm=1.245744228363037, loss=5.514707565307617
I0302 12:15:49.998932 139758009304832 logging_writer.py:48] [2400] global_step=2400, grad_norm=1.0248544216156006, loss=5.3624677658081055
I0302 12:16:34.238986 139758017697536 logging_writer.py:48] [2500] global_step=2500, grad_norm=1.0472493171691895, loss=5.692718505859375
I0302 12:17:18.370369 139758009304832 logging_writer.py:48] [2600] global_step=2600, grad_norm=1.104699730873108, loss=5.264293193817139
I0302 12:18:02.665454 139758017697536 logging_writer.py:48] [2700] global_step=2700, grad_norm=1.180761694908142, loss=5.222769260406494
I0302 12:18:46.500809 139758009304832 logging_writer.py:48] [2800] global_step=2800, grad_norm=1.1329920291900635, loss=5.452509880065918
I0302 12:19:05.669865 139953291118400 spec.py:321] Evaluating on the training split.
I0302 12:19:17.627069 139953291118400 spec.py:333] Evaluating on the validation split.
I0302 12:19:25.677232 139953291118400 spec.py:349] Evaluating on the test split.
I0302 12:19:27.319728 139953291118400 submission_runner.py:411] Time since start: 1407.50s, 	Step: 2845, 	{'train/accuracy': 0.15416015684604645, 'train/loss': 4.475606441497803, 'validation/accuracy': 0.1417199969291687, 'validation/loss': 4.5772247314453125, 'validation/num_examples': 50000, 'test/accuracy': 0.10980000346899033, 'test/loss': 4.911513328552246, 'test/num_examples': 10000, 'score': 1302.63339304924, 'total_duration': 1407.4959456920624, 'accumulated_submission_time': 1302.63339304924, 'accumulated_eval_time': 104.62666702270508, 'accumulated_logging_time': 0.08291339874267578}
I0302 12:19:27.336852 139758017697536 logging_writer.py:48] [2845] accumulated_eval_time=104.626667, accumulated_logging_time=0.082913, accumulated_submission_time=1302.633393, global_step=2845, preemption_count=0, score=1302.633393, test/accuracy=0.109800, test/loss=4.911513, test/num_examples=10000, total_duration=1407.495946, train/accuracy=0.154160, train/loss=4.475606, validation/accuracy=0.141720, validation/loss=4.577225, validation/num_examples=50000
I0302 12:19:49.484745 139758009304832 logging_writer.py:48] [2900] global_step=2900, grad_norm=1.0142568349838257, loss=5.353214263916016
I0302 12:20:30.939150 139758017697536 logging_writer.py:48] [3000] global_step=3000, grad_norm=0.8810042142868042, loss=6.449263095855713
I0302 12:21:15.184701 139758009304832 logging_writer.py:48] [3100] global_step=3100, grad_norm=1.3235816955566406, loss=5.613535404205322
I0302 12:21:59.296602 139758017697536 logging_writer.py:48] [3200] global_step=3200, grad_norm=1.0097533464431763, loss=5.069243907928467
I0302 12:22:43.460731 139758009304832 logging_writer.py:48] [3300] global_step=3300, grad_norm=1.0212031602859497, loss=5.456384181976318
I0302 12:23:27.718217 139758017697536 logging_writer.py:48] [3400] global_step=3400, grad_norm=1.1802397966384888, loss=4.972363471984863
I0302 12:24:12.007540 139758009304832 logging_writer.py:48] [3500] global_step=3500, grad_norm=0.7265903949737549, loss=6.284540176391602
I0302 12:24:55.952873 139758017697536 logging_writer.py:48] [3600] global_step=3600, grad_norm=1.2875198125839233, loss=4.973567962646484
I0302 12:25:39.974684 139758009304832 logging_writer.py:48] [3700] global_step=3700, grad_norm=1.0270469188690186, loss=5.389688491821289
I0302 12:26:24.287240 139758017697536 logging_writer.py:48] [3800] global_step=3800, grad_norm=1.0257564783096313, loss=4.825289726257324
I0302 12:26:27.415395 139953291118400 spec.py:321] Evaluating on the training split.
I0302 12:26:39.510299 139953291118400 spec.py:333] Evaluating on the validation split.
I0302 12:26:47.504699 139953291118400 spec.py:349] Evaluating on the test split.
I0302 12:26:49.156228 139953291118400 submission_runner.py:411] Time since start: 1849.33s, 	Step: 3809, 	{'train/accuracy': 0.21201170980930328, 'train/loss': 3.999783754348755, 'validation/accuracy': 0.19949999451637268, 'validation/loss': 4.077298641204834, 'validation/num_examples': 50000, 'test/accuracy': 0.14800000190734863, 'test/loss': 4.524412155151367, 'test/num_examples': 10000, 'score': 1722.6479833126068, 'total_duration': 1849.3324444293976, 'accumulated_submission_time': 1722.6479833126068, 'accumulated_eval_time': 126.36748099327087, 'accumulated_logging_time': 0.11241769790649414}
I0302 12:26:49.174279 139758009304832 logging_writer.py:48] [3809] accumulated_eval_time=126.367481, accumulated_logging_time=0.112418, accumulated_submission_time=1722.647983, global_step=3809, preemption_count=0, score=1722.647983, test/accuracy=0.148000, test/loss=4.524412, test/num_examples=10000, total_duration=1849.332444, train/accuracy=0.212012, train/loss=3.999784, validation/accuracy=0.199500, validation/loss=4.077299, validation/num_examples=50000
I0302 12:27:25.593092 139758017697536 logging_writer.py:48] [3900] global_step=3900, grad_norm=0.899084210395813, loss=4.682523727416992
I0302 12:28:09.406971 139758009304832 logging_writer.py:48] [4000] global_step=4000, grad_norm=1.23137629032135, loss=5.1142168045043945
I0302 12:28:53.585591 139758017697536 logging_writer.py:48] [4100] global_step=4100, grad_norm=1.2196701765060425, loss=4.798886775970459
I0302 12:29:37.751957 139758009304832 logging_writer.py:48] [4200] global_step=4200, grad_norm=0.6466265320777893, loss=6.046899318695068
I0302 12:30:21.999684 139758017697536 logging_writer.py:48] [4300] global_step=4300, grad_norm=0.8464418649673462, loss=5.2727155685424805
I0302 12:31:06.110055 139758009304832 logging_writer.py:48] [4400] global_step=4400, grad_norm=0.8930078744888306, loss=5.1552581787109375
I0302 12:31:50.211795 139758017697536 logging_writer.py:48] [4500] global_step=4500, grad_norm=0.7182380557060242, loss=5.613675117492676
I0302 12:32:34.321149 139758009304832 logging_writer.py:48] [4600] global_step=4600, grad_norm=0.907069981098175, loss=6.084774017333984
I0302 12:33:18.582421 139758017697536 logging_writer.py:48] [4700] global_step=4700, grad_norm=0.7185640931129456, loss=6.114286422729492
I0302 12:33:49.234802 139953291118400 spec.py:321] Evaluating on the training split.
I0302 12:34:01.293365 139953291118400 spec.py:333] Evaluating on the validation split.
I0302 12:34:09.709422 139953291118400 spec.py:349] Evaluating on the test split.
I0302 12:34:11.358682 139953291118400 submission_runner.py:411] Time since start: 2291.53s, 	Step: 4771, 	{'train/accuracy': 0.27146482467651367, 'train/loss': 3.5543103218078613, 'validation/accuracy': 0.2515200078487396, 'validation/loss': 3.6828715801239014, 'validation/num_examples': 50000, 'test/accuracy': 0.18870000541210175, 'test/loss': 4.161242961883545, 'test/num_examples': 10000, 'score': 2142.643502473831, 'total_duration': 2291.534899711609, 'accumulated_submission_time': 2142.643502473831, 'accumulated_eval_time': 148.49134397506714, 'accumulated_logging_time': 0.1440119743347168}
I0302 12:34:11.378201 139758009304832 logging_writer.py:48] [4771] accumulated_eval_time=148.491344, accumulated_logging_time=0.144012, accumulated_submission_time=2142.643502, global_step=4771, preemption_count=0, score=2142.643502, test/accuracy=0.188700, test/loss=4.161243, test/num_examples=10000, total_duration=2291.534900, train/accuracy=0.271465, train/loss=3.554310, validation/accuracy=0.251520, validation/loss=3.682872, validation/num_examples=50000
I0302 12:34:23.260451 139758017697536 logging_writer.py:48] [4800] global_step=4800, grad_norm=1.033894658088684, loss=4.581789970397949
I0302 12:35:03.308032 139758009304832 logging_writer.py:48] [4900] global_step=4900, grad_norm=0.8282867074012756, loss=4.658007621765137
I0302 12:35:47.602174 139758017697536 logging_writer.py:48] [5000] global_step=5000, grad_norm=0.8874189853668213, loss=4.389495372772217
I0302 12:36:32.335190 139758009304832 logging_writer.py:48] [5100] global_step=5100, grad_norm=0.7617363333702087, loss=5.780642032623291
I0302 12:37:16.957561 139758017697536 logging_writer.py:48] [5200] global_step=5200, grad_norm=1.2754091024398804, loss=4.342465400695801
I0302 12:38:01.150264 139758009304832 logging_writer.py:48] [5300] global_step=5300, grad_norm=0.7518595457077026, loss=4.287382125854492
I0302 12:38:45.361904 139758017697536 logging_writer.py:48] [5400] global_step=5400, grad_norm=1.0805875062942505, loss=4.197921276092529
I0302 12:39:29.604474 139758009304832 logging_writer.py:48] [5500] global_step=5500, grad_norm=0.8496419191360474, loss=6.058797359466553
I0302 12:40:13.892351 139758017697536 logging_writer.py:48] [5600] global_step=5600, grad_norm=0.951395571231842, loss=4.181175231933594
I0302 12:40:57.789713 139758009304832 logging_writer.py:48] [5700] global_step=5700, grad_norm=0.8503248691558838, loss=4.1040215492248535
I0302 12:41:11.480308 139953291118400 spec.py:321] Evaluating on the training split.
I0302 12:41:23.494726 139953291118400 spec.py:333] Evaluating on the validation split.
I0302 12:41:31.497031 139953291118400 spec.py:349] Evaluating on the test split.
I0302 12:41:33.142825 139953291118400 submission_runner.py:411] Time since start: 2733.32s, 	Step: 5732, 	{'train/accuracy': 0.32369139790534973, 'train/loss': 3.2366814613342285, 'validation/accuracy': 0.2985199987888336, 'validation/loss': 3.391303062438965, 'validation/num_examples': 50000, 'test/accuracy': 0.22520001232624054, 'test/loss': 3.9291419982910156, 'test/num_examples': 10000, 'score': 2562.6839604377747, 'total_duration': 2733.3190398216248, 'accumulated_submission_time': 2562.6839604377747, 'accumulated_eval_time': 170.15383672714233, 'accumulated_logging_time': 0.1743319034576416}
I0302 12:41:33.162462 139758017697536 logging_writer.py:48] [5732] accumulated_eval_time=170.153837, accumulated_logging_time=0.174332, accumulated_submission_time=2562.683960, global_step=5732, preemption_count=0, score=2562.683960, test/accuracy=0.225200, test/loss=3.929142, test/num_examples=10000, total_duration=2733.319040, train/accuracy=0.323691, train/loss=3.236681, validation/accuracy=0.298520, validation/loss=3.391303, validation/num_examples=50000
I0302 12:42:00.470393 139758009304832 logging_writer.py:48] [5800] global_step=5800, grad_norm=0.818485677242279, loss=4.078963279724121
I0302 12:42:42.296971 139758017697536 logging_writer.py:48] [5900] global_step=5900, grad_norm=0.7829355597496033, loss=4.317657470703125
I0302 12:43:26.750062 139758009304832 logging_writer.py:48] [6000] global_step=6000, grad_norm=1.1006500720977783, loss=4.245577335357666
I0302 12:44:11.101648 139758017697536 logging_writer.py:48] [6100] global_step=6100, grad_norm=0.6850242614746094, loss=5.425948143005371
I0302 12:44:55.280384 139758009304832 logging_writer.py:48] [6200] global_step=6200, grad_norm=0.9976946115493774, loss=4.054099082946777
I0302 12:45:40.189827 139758017697536 logging_writer.py:48] [6300] global_step=6300, grad_norm=0.6918126344680786, loss=5.999732971191406
I0302 12:46:25.014264 139758009304832 logging_writer.py:48] [6400] global_step=6400, grad_norm=1.0557740926742554, loss=3.935648202896118
I0302 12:47:09.908594 139758017697536 logging_writer.py:48] [6500] global_step=6500, grad_norm=0.7275208234786987, loss=5.272732734680176
I0302 12:47:54.011176 139758009304832 logging_writer.py:48] [6600] global_step=6600, grad_norm=0.8946456909179688, loss=4.2104973793029785
I0302 12:48:33.409218 139953291118400 spec.py:321] Evaluating on the training split.
I0302 12:48:45.639341 139953291118400 spec.py:333] Evaluating on the validation split.
I0302 12:48:53.697680 139953291118400 spec.py:349] Evaluating on the test split.
I0302 12:48:55.328970 139953291118400 submission_runner.py:411] Time since start: 3175.51s, 	Step: 6691, 	{'train/accuracy': 0.38283202052116394, 'train/loss': 2.853161573410034, 'validation/accuracy': 0.3342599868774414, 'validation/loss': 3.1353304386138916, 'validation/num_examples': 50000, 'test/accuracy': 0.2591000199317932, 'test/loss': 3.685933828353882, 'test/num_examples': 10000, 'score': 2982.868365049362, 'total_duration': 3175.5051844120026, 'accumulated_submission_time': 2982.868365049362, 'accumulated_eval_time': 192.07357716560364, 'accumulated_logging_time': 0.2041935920715332}
I0302 12:48:55.347705 139758017697536 logging_writer.py:48] [6691] accumulated_eval_time=192.073577, accumulated_logging_time=0.204194, accumulated_submission_time=2982.868365, global_step=6691, preemption_count=0, score=2982.868365, test/accuracy=0.259100, test/loss=3.685934, test/num_examples=10000, total_duration=3175.505184, train/accuracy=0.382832, train/loss=2.853162, validation/accuracy=0.334260, validation/loss=3.135330, validation/num_examples=50000
I0302 12:48:59.340992 139758009304832 logging_writer.py:48] [6700] global_step=6700, grad_norm=0.9061523079872131, loss=3.843660831451416
I0302 12:49:39.172399 139758017697536 logging_writer.py:48] [6800] global_step=6800, grad_norm=0.9655725359916687, loss=3.84629487991333
I0302 12:50:23.358798 139758009304832 logging_writer.py:48] [6900] global_step=6900, grad_norm=0.8589656949043274, loss=5.7591938972473145
I0302 12:51:07.547723 139758017697536 logging_writer.py:48] [7000] global_step=7000, grad_norm=1.0222623348236084, loss=3.840416431427002
I0302 12:51:51.959248 139758009304832 logging_writer.py:48] [7100] global_step=7100, grad_norm=0.8557090163230896, loss=5.822472095489502
I0302 12:52:36.206217 139758017697536 logging_writer.py:48] [7200] global_step=7200, grad_norm=0.7125732898712158, loss=5.5753960609436035
I0302 12:53:20.546006 139758009304832 logging_writer.py:48] [7300] global_step=7300, grad_norm=0.9012677073478699, loss=3.8094441890716553
I0302 12:54:05.123862 139758017697536 logging_writer.py:48] [7400] global_step=7400, grad_norm=0.9028963446617126, loss=3.845287799835205
I0302 12:54:49.683687 139758009304832 logging_writer.py:48] [7500] global_step=7500, grad_norm=1.090847373008728, loss=3.7969627380371094
I0302 12:55:34.434266 139758017697536 logging_writer.py:48] [7600] global_step=7600, grad_norm=0.7096635699272156, loss=4.51650857925415
I0302 12:55:55.596607 139953291118400 spec.py:321] Evaluating on the training split.
I0302 12:56:07.849232 139953291118400 spec.py:333] Evaluating on the validation split.
I0302 12:56:19.543495 139953291118400 spec.py:349] Evaluating on the test split.
I0302 12:56:21.194900 139953291118400 submission_runner.py:411] Time since start: 3621.37s, 	Step: 7649, 	{'train/accuracy': 0.3971289098262787, 'train/loss': 2.773566722869873, 'validation/accuracy': 0.3694399893283844, 'validation/loss': 2.9177207946777344, 'validation/num_examples': 50000, 'test/accuracy': 0.2818000018596649, 'test/loss': 3.512402057647705, 'test/num_examples': 10000, 'score': 3403.056977033615, 'total_duration': 3621.3701384067535, 'accumulated_submission_time': 3403.056977033615, 'accumulated_eval_time': 217.67090773582458, 'accumulated_logging_time': 0.2334585189819336}
I0302 12:56:21.214630 139758009304832 logging_writer.py:48] [7649] accumulated_eval_time=217.670908, accumulated_logging_time=0.233459, accumulated_submission_time=3403.056977, global_step=7649, preemption_count=0, score=3403.056977, test/accuracy=0.281800, test/loss=3.512402, test/num_examples=10000, total_duration=3621.370138, train/accuracy=0.397129, train/loss=2.773567, validation/accuracy=0.369440, validation/loss=2.917721, validation/num_examples=50000
I0302 12:56:41.820864 139758017697536 logging_writer.py:48] [7700] global_step=7700, grad_norm=0.9148348569869995, loss=3.7532994747161865
I0302 12:57:24.100545 139758009304832 logging_writer.py:48] [7800] global_step=7800, grad_norm=0.958297610282898, loss=3.6600844860076904
I0302 12:58:08.270001 139758017697536 logging_writer.py:48] [7900] global_step=7900, grad_norm=0.751151978969574, loss=5.250362396240234
I0302 12:58:52.490713 139758009304832 logging_writer.py:48] [8000] global_step=8000, grad_norm=0.8968243598937988, loss=3.7495856285095215
I0302 12:59:36.794407 139758017697536 logging_writer.py:48] [8100] global_step=8100, grad_norm=1.0207701921463013, loss=3.678779125213623
I0302 13:00:20.928871 139758009304832 logging_writer.py:48] [8200] global_step=8200, grad_norm=0.8660468459129333, loss=4.5110859870910645
I0302 13:01:05.275234 139758017697536 logging_writer.py:48] [8300] global_step=8300, grad_norm=1.001204490661621, loss=3.6051366329193115
I0302 13:01:49.348643 139758009304832 logging_writer.py:48] [8400] global_step=8400, grad_norm=0.824323832988739, loss=3.7186830043792725
I0302 13:02:33.689656 139758017697536 logging_writer.py:48] [8500] global_step=8500, grad_norm=0.7590427994728088, loss=5.860085964202881
I0302 13:03:18.430206 139758009304832 logging_writer.py:48] [8600] global_step=8600, grad_norm=0.8840622305870056, loss=4.791513919830322
I0302 13:03:21.630343 139953291118400 spec.py:321] Evaluating on the training split.
I0302 13:03:33.926897 139953291118400 spec.py:333] Evaluating on the validation split.
I0302 13:03:52.307916 139953291118400 spec.py:349] Evaluating on the test split.
I0302 13:03:53.946692 139953291118400 submission_runner.py:411] Time since start: 4074.12s, 	Step: 8609, 	{'train/accuracy': 0.42283201217651367, 'train/loss': 2.6493871212005615, 'validation/accuracy': 0.3889999985694885, 'validation/loss': 2.8133010864257812, 'validation/num_examples': 50000, 'test/accuracy': 0.30010002851486206, 'test/loss': 3.4087908267974854, 'test/num_examples': 10000, 'score': 3823.41290307045, 'total_duration': 4074.1229090690613, 'accumulated_submission_time': 3823.41290307045, 'accumulated_eval_time': 249.9872395992279, 'accumulated_logging_time': 0.2634403705596924}
I0302 13:03:53.968826 139758017697536 logging_writer.py:48] [8609] accumulated_eval_time=249.987240, accumulated_logging_time=0.263440, accumulated_submission_time=3823.412903, global_step=8609, preemption_count=0, score=3823.412903, test/accuracy=0.300100, test/loss=3.408791, test/num_examples=10000, total_duration=4074.122909, train/accuracy=0.422832, train/loss=2.649387, validation/accuracy=0.389000, validation/loss=2.813301, validation/num_examples=50000
I0302 13:04:30.338099 139758009304832 logging_writer.py:48] [8700] global_step=8700, grad_norm=0.8343627452850342, loss=4.400117874145508
I0302 13:05:14.492146 139758017697536 logging_writer.py:48] [8800] global_step=8800, grad_norm=1.1320853233337402, loss=3.5076992511749268
I0302 13:05:58.663327 139758009304832 logging_writer.py:48] [8900] global_step=8900, grad_norm=0.8966866135597229, loss=3.816124439239502
I0302 13:06:42.939279 139758017697536 logging_writer.py:48] [9000] global_step=9000, grad_norm=0.967807948589325, loss=4.188731670379639
I0302 13:07:27.204054 139758009304832 logging_writer.py:48] [9100] global_step=9100, grad_norm=0.9801889061927795, loss=3.4069881439208984
I0302 13:08:11.414555 139758017697536 logging_writer.py:48] [9200] global_step=9200, grad_norm=0.8198400139808655, loss=5.920956611633301
I0302 13:08:55.469424 139758009304832 logging_writer.py:48] [9300] global_step=9300, grad_norm=0.8799039125442505, loss=4.057348251342773
I0302 13:09:39.525923 139758017697536 logging_writer.py:48] [9400] global_step=9400, grad_norm=0.8461459875106812, loss=5.926609516143799
I0302 13:10:23.939858 139758009304832 logging_writer.py:48] [9500] global_step=9500, grad_norm=0.9828367233276367, loss=3.362241506576538
I0302 13:10:54.202784 139953291118400 spec.py:321] Evaluating on the training split.
I0302 13:11:06.836817 139953291118400 spec.py:333] Evaluating on the validation split.
I0302 13:11:18.346068 139953291118400 spec.py:349] Evaluating on the test split.
I0302 13:11:19.989236 139953291118400 submission_runner.py:411] Time since start: 4520.17s, 	Step: 9570, 	{'train/accuracy': 0.4484570324420929, 'train/loss': 2.4750478267669678, 'validation/accuracy': 0.4088599979877472, 'validation/loss': 2.6899614334106445, 'validation/num_examples': 50000, 'test/accuracy': 0.31280001997947693, 'test/loss': 3.3069517612457275, 'test/num_examples': 10000, 'score': 4243.586100816727, 'total_duration': 4520.165455341339, 'accumulated_submission_time': 4243.586100816727, 'accumulated_eval_time': 275.773681640625, 'accumulated_logging_time': 0.296008825302124}
I0302 13:11:20.009244 139758017697536 logging_writer.py:48] [9570] accumulated_eval_time=275.773682, accumulated_logging_time=0.296009, accumulated_submission_time=4243.586101, global_step=9570, preemption_count=0, score=4243.586101, test/accuracy=0.312800, test/loss=3.306952, test/num_examples=10000, total_duration=4520.165455, train/accuracy=0.448457, train/loss=2.475048, validation/accuracy=0.408860, validation/loss=2.689961, validation/num_examples=50000
I0302 13:11:32.287739 139758009304832 logging_writer.py:48] [9600] global_step=9600, grad_norm=0.8539727330207825, loss=4.79020881652832
I0302 13:12:13.797576 139758017697536 logging_writer.py:48] [9700] global_step=9700, grad_norm=0.6965375542640686, loss=5.461703777313232
I0302 13:12:58.287617 139758009304832 logging_writer.py:48] [9800] global_step=9800, grad_norm=0.8768924474716187, loss=3.812743902206421
I0302 13:13:42.843790 139758017697536 logging_writer.py:48] [9900] global_step=9900, grad_norm=0.9292780160903931, loss=5.375217437744141
I0302 13:14:27.617243 139758009304832 logging_writer.py:48] [10000] global_step=10000, grad_norm=0.8536433577537537, loss=4.65800142288208
I0302 13:15:12.062965 139758017697536 logging_writer.py:48] [10100] global_step=10100, grad_norm=0.8357889652252197, loss=5.5830254554748535
I0302 13:15:56.102828 139758009304832 logging_writer.py:48] [10200] global_step=10200, grad_norm=1.0251002311706543, loss=3.603055238723755
I0302 13:16:40.639921 139758017697536 logging_writer.py:48] [10300] global_step=10300, grad_norm=0.9379895329475403, loss=3.8187735080718994
I0302 13:17:24.903684 139758009304832 logging_writer.py:48] [10400] global_step=10400, grad_norm=0.6768273711204529, loss=5.251473426818848
I0302 13:18:08.977972 139758017697536 logging_writer.py:48] [10500] global_step=10500, grad_norm=0.9558067321777344, loss=3.482358694076538
I0302 13:18:20.101482 139953291118400 spec.py:321] Evaluating on the training split.
I0302 13:18:32.386731 139953291118400 spec.py:333] Evaluating on the validation split.
I0302 13:18:44.026914 139953291118400 spec.py:349] Evaluating on the test split.
I0302 13:18:45.681043 139953291118400 submission_runner.py:411] Time since start: 4965.86s, 	Step: 10527, 	{'train/accuracy': 0.4597460925579071, 'train/loss': 2.403148651123047, 'validation/accuracy': 0.4257799983024597, 'validation/loss': 2.5876495838165283, 'validation/num_examples': 50000, 'test/accuracy': 0.32360002398490906, 'test/loss': 3.2185275554656982, 'test/num_examples': 10000, 'score': 4663.614185810089, 'total_duration': 4965.85725569725, 'accumulated_submission_time': 4663.614185810089, 'accumulated_eval_time': 301.3532176017761, 'accumulated_logging_time': 0.32981419563293457}
I0302 13:18:45.703058 139758009304832 logging_writer.py:48] [10527] accumulated_eval_time=301.353218, accumulated_logging_time=0.329814, accumulated_submission_time=4663.614186, global_step=10527, preemption_count=0, score=4663.614186, test/accuracy=0.323600, test/loss=3.218528, test/num_examples=10000, total_duration=4965.857256, train/accuracy=0.459746, train/loss=2.403149, validation/accuracy=0.425780, validation/loss=2.587650, validation/num_examples=50000
I0302 13:19:14.954021 139758017697536 logging_writer.py:48] [10600] global_step=10600, grad_norm=1.0673669576644897, loss=3.383985996246338
I0302 13:19:57.577138 139758009304832 logging_writer.py:48] [10700] global_step=10700, grad_norm=0.9524732232093811, loss=4.019099235534668
I0302 13:20:42.071229 139758017697536 logging_writer.py:48] [10800] global_step=10800, grad_norm=1.013548731803894, loss=3.3227546215057373
I0302 13:21:26.431828 139758009304832 logging_writer.py:48] [10900] global_step=10900, grad_norm=1.02898371219635, loss=3.2549538612365723
I0302 13:22:10.936308 139758017697536 logging_writer.py:48] [11000] global_step=11000, grad_norm=0.7491529583930969, loss=4.4924845695495605
I0302 13:22:55.207438 139758009304832 logging_writer.py:48] [11100] global_step=11100, grad_norm=0.9673788547515869, loss=3.386742115020752
I0302 13:23:39.753952 139758017697536 logging_writer.py:48] [11200] global_step=11200, grad_norm=0.8521608114242554, loss=4.059780597686768
I0302 13:24:24.332150 139758009304832 logging_writer.py:48] [11300] global_step=11300, grad_norm=0.8900598287582397, loss=3.262397289276123
I0302 13:25:08.738898 139758017697536 logging_writer.py:48] [11400] global_step=11400, grad_norm=1.1388012170791626, loss=3.329134941101074
I0302 13:25:45.752382 139953291118400 spec.py:321] Evaluating on the training split.
I0302 13:25:58.613787 139953291118400 spec.py:333] Evaluating on the validation split.
I0302 13:26:11.948219 139953291118400 spec.py:349] Evaluating on the test split.
I0302 13:26:13.587530 139953291118400 submission_runner.py:411] Time since start: 5413.76s, 	Step: 11485, 	{'train/accuracy': 0.4774218499660492, 'train/loss': 2.352294921875, 'validation/accuracy': 0.4411799907684326, 'validation/loss': 2.527583599090576, 'validation/num_examples': 50000, 'test/accuracy': 0.34610000252723694, 'test/loss': 3.1271629333496094, 'test/num_examples': 10000, 'score': 5083.6017208099365, 'total_duration': 5413.7637457847595, 'accumulated_submission_time': 5083.6017208099365, 'accumulated_eval_time': 329.1883616447449, 'accumulated_logging_time': 0.3632173538208008}
I0302 13:26:13.607223 139758009304832 logging_writer.py:48] [11485] accumulated_eval_time=329.188362, accumulated_logging_time=0.363217, accumulated_submission_time=5083.601721, global_step=11485, preemption_count=0, score=5083.601721, test/accuracy=0.346100, test/loss=3.127163, test/num_examples=10000, total_duration=5413.763746, train/accuracy=0.477422, train/loss=2.352295, validation/accuracy=0.441180, validation/loss=2.527584, validation/num_examples=50000
I0302 13:26:19.938518 139758017697536 logging_writer.py:48] [11500] global_step=11500, grad_norm=0.9928252100944519, loss=3.314314842224121
I0302 13:27:00.304299 139758009304832 logging_writer.py:48] [11600] global_step=11600, grad_norm=1.1077953577041626, loss=3.427372932434082
I0302 13:27:44.416364 139758017697536 logging_writer.py:48] [11700] global_step=11700, grad_norm=0.8266717195510864, loss=4.217048168182373
I0302 13:28:28.663467 139758009304832 logging_writer.py:48] [11800] global_step=11800, grad_norm=0.9846404194831848, loss=4.072101593017578
I0302 13:29:12.975670 139758017697536 logging_writer.py:48] [11900] global_step=11900, grad_norm=1.2468655109405518, loss=3.426347494125366
I0302 13:29:57.100118 139758009304832 logging_writer.py:48] [12000] global_step=12000, grad_norm=1.0527914762496948, loss=3.2734968662261963
I0302 13:30:41.553382 139758017697536 logging_writer.py:48] [12100] global_step=12100, grad_norm=0.9570241570472717, loss=3.286137819290161
I0302 13:31:25.950724 139758009304832 logging_writer.py:48] [12200] global_step=12200, grad_norm=1.0500425100326538, loss=3.2791812419891357
I0302 13:32:10.307200 139758017697536 logging_writer.py:48] [12300] global_step=12300, grad_norm=1.0759799480438232, loss=3.4754672050476074
I0302 13:32:55.202584 139758009304832 logging_writer.py:48] [12400] global_step=12400, grad_norm=1.0469461679458618, loss=3.1798367500305176
I0302 13:33:13.741797 139953291118400 spec.py:321] Evaluating on the training split.
I0302 13:33:27.024902 139953291118400 spec.py:333] Evaluating on the validation split.
I0302 13:33:39.991317 139953291118400 spec.py:349] Evaluating on the test split.
I0302 13:33:41.631318 139953291118400 submission_runner.py:411] Time since start: 5861.81s, 	Step: 12442, 	{'train/accuracy': 0.5004491806030273, 'train/loss': 2.173110246658325, 'validation/accuracy': 0.45895999670028687, 'validation/loss': 2.39906644821167, 'validation/num_examples': 50000, 'test/accuracy': 0.3476000130176544, 'test/loss': 3.0680062770843506, 'test/num_examples': 10000, 'score': 5503.675626039505, 'total_duration': 5861.807518482208, 'accumulated_submission_time': 5503.675626039505, 'accumulated_eval_time': 357.07783699035645, 'accumulated_logging_time': 0.39327120780944824}
I0302 13:33:41.651146 139758017697536 logging_writer.py:48] [12442] accumulated_eval_time=357.077837, accumulated_logging_time=0.393271, accumulated_submission_time=5503.675626, global_step=12442, preemption_count=0, score=5503.675626, test/accuracy=0.347600, test/loss=3.068006, test/num_examples=10000, total_duration=5861.807518, train/accuracy=0.500449, train/loss=2.173110, validation/accuracy=0.458960, validation/loss=2.399066, validation/num_examples=50000
I0302 13:34:04.990508 139758009304832 logging_writer.py:48] [12500] global_step=12500, grad_norm=0.8067665696144104, loss=3.840855598449707
I0302 13:34:48.332039 139758017697536 logging_writer.py:48] [12600] global_step=12600, grad_norm=1.182821273803711, loss=3.3934881687164307
I0302 13:35:32.865629 139758009304832 logging_writer.py:48] [12700] global_step=12700, grad_norm=1.1160352230072021, loss=3.258152484893799
I0302 13:36:17.725934 139758017697536 logging_writer.py:48] [12800] global_step=12800, grad_norm=1.1236505508422852, loss=3.2053561210632324
I0302 13:37:02.396803 139758009304832 logging_writer.py:48] [12900] global_step=12900, grad_norm=0.8809230327606201, loss=3.567650556564331
I0302 13:37:46.984421 139758017697536 logging_writer.py:48] [13000] global_step=13000, grad_norm=1.151920199394226, loss=3.164844512939453
I0302 13:38:31.819474 139758009304832 logging_writer.py:48] [13100] global_step=13100, grad_norm=1.3215302228927612, loss=3.221047878265381
I0302 13:39:16.331761 139758017697536 logging_writer.py:48] [13200] global_step=13200, grad_norm=0.9869573712348938, loss=3.6578736305236816
I0302 13:40:00.342579 139758009304832 logging_writer.py:48] [13300] global_step=13300, grad_norm=0.9972898960113525, loss=3.59775447845459
I0302 13:40:41.763558 139953291118400 spec.py:321] Evaluating on the training split.
I0302 13:40:54.837391 139953291118400 spec.py:333] Evaluating on the validation split.
I0302 13:41:08.921729 139953291118400 spec.py:349] Evaluating on the test split.
I0302 13:41:10.559340 139953291118400 submission_runner.py:411] Time since start: 6310.74s, 	Step: 13395, 	{'train/accuracy': 0.5154492259025574, 'train/loss': 2.150564432144165, 'validation/accuracy': 0.4667999744415283, 'validation/loss': 2.3906404972076416, 'validation/num_examples': 50000, 'test/accuracy': 0.36550000309944153, 'test/loss': 3.0263166427612305, 'test/num_examples': 10000, 'score': 5923.727476358414, 'total_duration': 6310.735496520996, 'accumulated_submission_time': 5923.727476358414, 'accumulated_eval_time': 385.8735525608063, 'accumulated_logging_time': 0.42369985580444336}
I0302 13:41:10.579573 139758017697536 logging_writer.py:48] [13395] accumulated_eval_time=385.873553, accumulated_logging_time=0.423700, accumulated_submission_time=5923.727476, global_step=13395, preemption_count=0, score=5923.727476, test/accuracy=0.365500, test/loss=3.026317, test/num_examples=10000, total_duration=6310.735497, train/accuracy=0.515449, train/loss=2.150564, validation/accuracy=0.466800, validation/loss=2.390640, validation/num_examples=50000
I0302 13:41:12.976837 139758009304832 logging_writer.py:48] [13400] global_step=13400, grad_norm=1.0526947975158691, loss=3.0301828384399414
I0302 13:41:53.168426 139758017697536 logging_writer.py:48] [13500] global_step=13500, grad_norm=1.0339257717132568, loss=3.2207205295562744
I0302 13:42:37.829426 139758009304832 logging_writer.py:48] [13600] global_step=13600, grad_norm=1.181764006614685, loss=4.670036792755127
I0302 13:43:22.851744 139758017697536 logging_writer.py:48] [13700] global_step=13700, grad_norm=0.9556021690368652, loss=4.077657222747803
I0302 13:44:08.076832 139758009304832 logging_writer.py:48] [13800] global_step=13800, grad_norm=0.7313352227210999, loss=5.617435455322266
I0302 13:44:52.791612 139758017697536 logging_writer.py:48] [13900] global_step=13900, grad_norm=0.9643980264663696, loss=3.110436201095581
I0302 13:45:37.192790 139758009304832 logging_writer.py:48] [14000] global_step=14000, grad_norm=1.0061242580413818, loss=3.128538131713867
I0302 13:46:21.584834 139758017697536 logging_writer.py:48] [14100] global_step=14100, grad_norm=0.8816753029823303, loss=3.8150899410247803
I0302 13:47:06.102397 139758009304832 logging_writer.py:48] [14200] global_step=14200, grad_norm=1.077486515045166, loss=3.1728696823120117
I0302 13:47:50.808909 139758017697536 logging_writer.py:48] [14300] global_step=14300, grad_norm=0.9610593914985657, loss=4.751064777374268
I0302 13:48:10.755032 139953291118400 spec.py:321] Evaluating on the training split.
I0302 13:48:24.854461 139953291118400 spec.py:333] Evaluating on the validation split.
I0302 13:48:39.918116 139953291118400 spec.py:349] Evaluating on the test split.
I0302 13:48:41.568675 139953291118400 submission_runner.py:411] Time since start: 6761.74s, 	Step: 14346, 	{'train/accuracy': 0.519238293170929, 'train/loss': 2.1266376972198486, 'validation/accuracy': 0.48023998737335205, 'validation/loss': 2.3121743202209473, 'validation/num_examples': 50000, 'test/accuracy': 0.37470000982284546, 'test/loss': 2.943275213241577, 'test/num_examples': 10000, 'score': 6343.8371758461, 'total_duration': 6761.744855165482, 'accumulated_submission_time': 6343.8371758461, 'accumulated_eval_time': 416.6871347427368, 'accumulated_logging_time': 0.4599125385284424}
I0302 13:48:41.591420 139758009304832 logging_writer.py:48] [14346] accumulated_eval_time=416.687135, accumulated_logging_time=0.459913, accumulated_submission_time=6343.837176, global_step=14346, preemption_count=0, score=6343.837176, test/accuracy=0.374700, test/loss=2.943275, test/num_examples=10000, total_duration=6761.744855, train/accuracy=0.519238, train/loss=2.126638, validation/accuracy=0.480240, validation/loss=2.312174, validation/num_examples=50000
I0302 13:49:03.336361 139758017697536 logging_writer.py:48] [14400] global_step=14400, grad_norm=0.9813652634620667, loss=3.114405632019043
I0302 13:49:46.045739 139758009304832 logging_writer.py:48] [14500] global_step=14500, grad_norm=1.1019996404647827, loss=3.1711158752441406
I0302 13:50:30.805708 139758017697536 logging_writer.py:48] [14600] global_step=14600, grad_norm=1.0690983533859253, loss=3.157930850982666
I0302 13:51:15.603279 139758009304832 logging_writer.py:48] [14700] global_step=14700, grad_norm=0.993121862411499, loss=3.1291110515594482
I0302 13:52:00.546213 139758017697536 logging_writer.py:48] [14800] global_step=14800, grad_norm=1.0031726360321045, loss=3.7286481857299805
I0302 13:52:45.747206 139758009304832 logging_writer.py:48] [14900] global_step=14900, grad_norm=0.8347730040550232, loss=4.454329490661621
I0302 13:53:30.908966 139758017697536 logging_writer.py:48] [15000] global_step=15000, grad_norm=1.1527950763702393, loss=3.0031051635742188
I0302 13:54:15.572962 139758009304832 logging_writer.py:48] [15100] global_step=15100, grad_norm=0.9822812080383301, loss=3.7972865104675293
I0302 13:55:00.118083 139758017697536 logging_writer.py:48] [15200] global_step=15200, grad_norm=1.1619378328323364, loss=2.981083393096924
I0302 13:55:41.904599 139953291118400 spec.py:321] Evaluating on the training split.
I0302 13:55:56.324060 139953291118400 spec.py:333] Evaluating on the validation split.
I0302 13:56:10.474677 139953291118400 spec.py:349] Evaluating on the test split.
I0302 13:56:12.118633 139953291118400 submission_runner.py:411] Time since start: 7212.29s, 	Step: 15295, 	{'train/accuracy': 0.5322265625, 'train/loss': 2.005976915359497, 'validation/accuracy': 0.4880199730396271, 'validation/loss': 2.22807240486145, 'validation/num_examples': 50000, 'test/accuracy': 0.38380002975463867, 'test/loss': 2.8951008319854736, 'test/num_examples': 10000, 'score': 6764.088172674179, 'total_duration': 7212.294851779938, 'accumulated_submission_time': 6764.088172674179, 'accumulated_eval_time': 446.9011867046356, 'accumulated_logging_time': 0.4952383041381836}
I0302 13:56:12.139184 139758009304832 logging_writer.py:48] [15295] accumulated_eval_time=446.901187, accumulated_logging_time=0.495238, accumulated_submission_time=6764.088173, global_step=15295, preemption_count=0, score=6764.088173, test/accuracy=0.383800, test/loss=2.895101, test/num_examples=10000, total_duration=7212.294852, train/accuracy=0.532227, train/loss=2.005977, validation/accuracy=0.488020, validation/loss=2.228072, validation/num_examples=50000
I0302 13:56:14.526916 139758017697536 logging_writer.py:48] [15300] global_step=15300, grad_norm=1.042952060699463, loss=3.727057456970215
I0302 13:56:55.389262 139758009304832 logging_writer.py:48] [15400] global_step=15400, grad_norm=1.158886194229126, loss=3.5533154010772705
I0302 13:57:40.274682 139758017697536 logging_writer.py:48] [15500] global_step=15500, grad_norm=1.4425644874572754, loss=3.0022940635681152
I0302 13:58:25.015514 139758009304832 logging_writer.py:48] [15600] global_step=15600, grad_norm=1.0071324110031128, loss=4.589593410491943
I0302 13:59:09.864010 139758017697536 logging_writer.py:48] [15700] global_step=15700, grad_norm=1.1896076202392578, loss=3.139246940612793
I0302 13:59:54.447258 139758009304832 logging_writer.py:48] [15800] global_step=15800, grad_norm=1.0984057188034058, loss=3.0179531574249268
I0302 14:00:39.187002 139758017697536 logging_writer.py:48] [15900] global_step=15900, grad_norm=0.8131813406944275, loss=4.220037460327148
I0302 14:01:23.858730 139758009304832 logging_writer.py:48] [16000] global_step=16000, grad_norm=0.8331851959228516, loss=5.250403881072998
