python3 submission_runner.py --framework=jax --workload=imagenet_resnet --submission_path=prize_qualification_baselines/external_tuning/jax_nadamw_full_budget.py --tuning_search_space=prize_qualification_baselines/external_tuning/tuning_search_space.json --data_dir=/data/imagenet/jax --num_tuning_trials=1 --experiment_dir=/experiment_runs --experiment_name=prize_qualification/study_3 --overwrite=true --save_checkpoints=false --num_tuning_trials=5 --rng_seed=485521238 --max_global_steps=186666 --imagenet_v2_data_dir=/data/imagenet/jax 2>&1 | tee -a /logs/imagenet_resnet_jax_01-30-2024-20-48-52.log
/usr/local/lib/python3.8/dist-packages/tensorflow_addons/utils/tfa_eol_msg.py:23: UserWarning: 

TensorFlow Addons (TFA) has ended development and introduction of new features.
TFA has entered a minimal maintenance and release mode until a planned end of life in May 2024.
Please modify downstream libraries to take dependencies from other repositories in our TensorFlow community (e.g. Keras, Keras-CV, and Keras-NLP). 

For more information see: https://github.com/tensorflow/addons/issues/2807 

  warnings.warn(
I0130 20:49:14.718778 140070692116288 logger_utils.py:61] Removing existing experiment directory /experiment_runs/prize_qualification/study_3/imagenet_resnet_jax because --overwrite was set.
I0130 20:49:14.721017 140070692116288 logger_utils.py:76] Creating experiment directory at /experiment_runs/prize_qualification/study_3/imagenet_resnet_jax.
I0130 20:49:15.714572 140070692116288 xla_bridge.py:455] Unable to initialize backend 'rocm': NOT_FOUND: Could not find registered platform with name: "rocm". Available platform names are: CUDA Interpreter Host
I0130 20:49:15.715400 140070692116288 xla_bridge.py:455] Unable to initialize backend 'tpu': module 'jaxlib.xla_extension' has no attribute 'get_tpu_client'
I0130 20:49:15.715521 140070692116288 xla_bridge.py:455] Unable to initialize backend 'plugin': xla_extension has no attributes named get_plugin_device_client. Compile TensorFlow with //tensorflow/compiler/xla/python:enable_plugin_device set to true (defaults to false) to enable this.
I0130 20:49:15.716550 140070692116288 submission_runner.py:542] Using RNG seed 485521238
I0130 20:49:16.843114 140070692116288 submission_runner.py:551] --- Tuning run 1/5 ---
I0130 20:49:16.843314 140070692116288 submission_runner.py:556] Creating tuning directory at /experiment_runs/prize_qualification/study_3/imagenet_resnet_jax/trial_1.
I0130 20:49:16.843495 140070692116288 logger_utils.py:92] Saving hparams to /experiment_runs/prize_qualification/study_3/imagenet_resnet_jax/trial_1/hparams.json.
I0130 20:49:17.024303 140070692116288 submission_runner.py:206] Initializing dataset.
I0130 20:49:17.040024 140070692116288 dataset_info.py:578] Load dataset info from /data/imagenet/jax/imagenet2012/5.1.0
I0130 20:49:17.050107 140070692116288 dataset_info.py:669] Fields info.[splits, supervised_keys] from disk and from code do not match. Keeping the one from code.
I0130 20:49:17.426697 140070692116288 logging_logger.py:49] Constructing tf.data.Dataset imagenet2012 for split train, from /data/imagenet/jax/imagenet2012/5.1.0
I0130 20:49:18.614854 140070692116288 submission_runner.py:213] Initializing model.
I0130 20:49:29.141183 140070692116288 submission_runner.py:255] Initializing optimizer.
I0130 20:49:30.801403 140070692116288 submission_runner.py:262] Initializing metrics bundle.
I0130 20:49:30.801580 140070692116288 submission_runner.py:280] Initializing checkpoint and logger.
I0130 20:49:30.802627 140070692116288 checkpoints.py:915] Found no checkpoint files in /experiment_runs/prize_qualification/study_3/imagenet_resnet_jax/trial_1 with prefix checkpoint_
I0130 20:49:30.802776 140070692116288 submission_runner.py:300] Saving meta data to /experiment_runs/prize_qualification/study_3/imagenet_resnet_jax/trial_1/meta_data_0.json.
fatal: detected dubious ownership in repository at '/algorithmic-efficiency'
To add an exception for this directory, call:

	git config --global --add safe.directory /algorithmic-efficiency
I0130 20:49:31.095557 140070692116288 logger_utils.py:220] Unable to record git information. Continuing without it.
I0130 20:49:31.364221 140070692116288 submission_runner.py:304] Saving flags to /experiment_runs/prize_qualification/study_3/imagenet_resnet_jax/trial_1/flags_0.json.
I0130 20:49:31.373069 140070692116288 submission_runner.py:314] Starting training loop.
I0130 20:50:26.099289 139907779520256 logging_writer.py:48] [0] global_step=0, grad_norm=0.6239581108093262, loss=6.925497055053711
I0130 20:50:26.114971 140070692116288 spec.py:321] Evaluating on the training split.
I0130 20:50:27.104016 140070692116288 dataset_info.py:578] Load dataset info from /data/imagenet/jax/imagenet2012/5.1.0
I0130 20:50:27.113187 140070692116288 dataset_info.py:669] Fields info.[splits, supervised_keys] from disk and from code do not match. Keeping the one from code.
I0130 20:50:27.196013 140070692116288 logging_logger.py:49] Constructing tf.data.Dataset imagenet2012 for split train, from /data/imagenet/jax/imagenet2012/5.1.0
I0130 20:50:40.742518 140070692116288 spec.py:333] Evaluating on the validation split.
I0130 20:50:42.021013 140070692116288 dataset_info.py:578] Load dataset info from /data/imagenet/jax/imagenet2012/5.1.0
I0130 20:50:42.046290 140070692116288 dataset_info.py:669] Fields info.[splits, supervised_keys] from disk and from code do not match. Keeping the one from code.
I0130 20:50:42.113568 140070692116288 logging_logger.py:49] Constructing tf.data.Dataset imagenet2012 for split validation, from /data/imagenet/jax/imagenet2012/5.1.0
I0130 20:50:58.454612 140070692116288 spec.py:349] Evaluating on the test split.
I0130 20:50:59.235005 140070692116288 dataset_info.py:578] Load dataset info from /data/imagenet/jax/imagenet_v2/matched-frequency/3.0.0
I0130 20:50:59.240020 140070692116288 dataset_builder.py:528] Reusing dataset imagenet_v2 (/data/imagenet/jax/imagenet_v2/matched-frequency/3.0.0)
I0130 20:50:59.276308 140070692116288 logging_logger.py:49] Constructing tf.data.Dataset imagenet_v2 for split test, from /data/imagenet/jax/imagenet_v2/matched-frequency/3.0.0
I0130 20:51:03.611012 140070692116288 submission_runner.py:408] Time since start: 92.24s, 	Step: 1, 	{'train/accuracy': 0.0013352996902540326, 'train/loss': 6.911616802215576, 'validation/accuracy': 0.0011199999134987593, 'validation/loss': 6.912059783935547, 'validation/num_examples': 50000, 'test/accuracy': 0.0009000000427477062, 'test/loss': 6.912177562713623, 'test/num_examples': 10000, 'score': 54.74183368682861, 'total_duration': 92.23791027069092, 'accumulated_submission_time': 54.74183368682861, 'accumulated_eval_time': 37.495994091033936, 'accumulated_logging_time': 0}
I0130 20:51:03.628597 139886053017344 logging_writer.py:48] [1] accumulated_eval_time=37.495994, accumulated_logging_time=0, accumulated_submission_time=54.741834, global_step=1, preemption_count=0, score=54.741834, test/accuracy=0.000900, test/loss=6.912178, test/num_examples=10000, total_duration=92.237910, train/accuracy=0.001335, train/loss=6.911617, validation/accuracy=0.001120, validation/loss=6.912060, validation/num_examples=50000
I0130 20:51:37.405429 139886044624640 logging_writer.py:48] [100] global_step=100, grad_norm=0.5948771238327026, loss=6.90458345413208
I0130 20:52:11.221388 139886053017344 logging_writer.py:48] [200] global_step=200, grad_norm=0.6011343002319336, loss=6.865135669708252
I0130 20:52:45.096470 139886044624640 logging_writer.py:48] [300] global_step=300, grad_norm=0.6382471919059753, loss=6.788351058959961
I0130 20:53:18.998765 139886053017344 logging_writer.py:48] [400] global_step=400, grad_norm=0.6636415123939514, loss=6.700945854187012
I0130 20:53:52.873347 139886044624640 logging_writer.py:48] [500] global_step=500, grad_norm=0.7348316311836243, loss=6.642312526702881
I0130 20:54:26.752948 139886053017344 logging_writer.py:48] [600] global_step=600, grad_norm=0.7418363094329834, loss=6.521494388580322
I0130 20:55:00.624623 139886044624640 logging_writer.py:48] [700] global_step=700, grad_norm=0.7691767811775208, loss=6.443938255310059
I0130 20:55:34.491764 139886053017344 logging_writer.py:48] [800] global_step=800, grad_norm=0.860856831073761, loss=6.348688125610352
I0130 20:56:08.398032 139886044624640 logging_writer.py:48] [900] global_step=900, grad_norm=1.0663427114486694, loss=6.270645618438721
I0130 20:56:42.287332 139886053017344 logging_writer.py:48] [1000] global_step=1000, grad_norm=1.5191617012023926, loss=6.220330238342285
I0130 20:57:16.233298 139886044624640 logging_writer.py:48] [1100] global_step=1100, grad_norm=2.045318603515625, loss=6.061069011688232
I0130 20:57:50.097008 139886053017344 logging_writer.py:48] [1200] global_step=1200, grad_norm=3.6029767990112305, loss=6.034955024719238
I0130 20:58:24.015034 139886044624640 logging_writer.py:48] [1300] global_step=1300, grad_norm=2.024296522140503, loss=5.970179557800293
I0130 20:58:57.899111 139886053017344 logging_writer.py:48] [1400] global_step=1400, grad_norm=2.0123648643493652, loss=5.8854475021362305
I0130 20:59:31.788059 139886044624640 logging_writer.py:48] [1500] global_step=1500, grad_norm=3.2370662689208984, loss=5.814906120300293
I0130 20:59:33.922716 140070692116288 spec.py:321] Evaluating on the training split.
I0130 20:59:41.227296 140070692116288 spec.py:333] Evaluating on the validation split.
I0130 20:59:49.602498 140070692116288 spec.py:349] Evaluating on the test split.
I0130 20:59:51.908568 140070692116288 submission_runner.py:408] Time since start: 620.54s, 	Step: 1508, 	{'train/accuracy': 0.07099011540412903, 'train/loss': 5.393021583557129, 'validation/accuracy': 0.06667999923229218, 'validation/loss': 5.462131500244141, 'validation/num_examples': 50000, 'test/accuracy': 0.048500001430511475, 'test/loss': 5.668511390686035, 'test/num_examples': 10000, 'score': 564.9765136241913, 'total_duration': 620.535459280014, 'accumulated_submission_time': 564.9765136241913, 'accumulated_eval_time': 55.481812715530396, 'accumulated_logging_time': 0.02588486671447754}
I0130 20:59:51.924233 139886061410048 logging_writer.py:48] [1508] accumulated_eval_time=55.481813, accumulated_logging_time=0.025885, accumulated_submission_time=564.976514, global_step=1508, preemption_count=0, score=564.976514, test/accuracy=0.048500, test/loss=5.668511, test/num_examples=10000, total_duration=620.535459, train/accuracy=0.070990, train/loss=5.393022, validation/accuracy=0.066680, validation/loss=5.462132, validation/num_examples=50000
I0130 21:00:23.390204 139886069802752 logging_writer.py:48] [1600] global_step=1600, grad_norm=2.0486514568328857, loss=5.747714996337891
I0130 21:00:57.238426 139886061410048 logging_writer.py:48] [1700] global_step=1700, grad_norm=3.2883176803588867, loss=5.7365031242370605
I0130 21:01:31.174533 139886069802752 logging_writer.py:48] [1800] global_step=1800, grad_norm=2.5192208290100098, loss=5.636041164398193
I0130 21:02:05.061990 139886061410048 logging_writer.py:48] [1900] global_step=1900, grad_norm=2.402587890625, loss=5.5427775382995605
I0130 21:02:39.000198 139886069802752 logging_writer.py:48] [2000] global_step=2000, grad_norm=2.9796409606933594, loss=5.517243385314941
I0130 21:03:12.892879 139886061410048 logging_writer.py:48] [2100] global_step=2100, grad_norm=3.5545718669891357, loss=5.445000648498535
I0130 21:03:46.808043 139886069802752 logging_writer.py:48] [2200] global_step=2200, grad_norm=3.1048717498779297, loss=5.415953159332275
I0130 21:04:20.706676 139886061410048 logging_writer.py:48] [2300] global_step=2300, grad_norm=5.32972526550293, loss=5.341846942901611
I0130 21:04:54.644006 139886069802752 logging_writer.py:48] [2400] global_step=2400, grad_norm=3.260169506072998, loss=5.3113694190979
I0130 21:05:28.572643 139886061410048 logging_writer.py:48] [2500] global_step=2500, grad_norm=3.301496744155884, loss=5.340569972991943
I0130 21:06:02.487448 139886069802752 logging_writer.py:48] [2600] global_step=2600, grad_norm=3.1894073486328125, loss=5.205324172973633
I0130 21:06:36.383300 139886061410048 logging_writer.py:48] [2700] global_step=2700, grad_norm=4.173537254333496, loss=5.116978168487549
I0130 21:07:10.294897 139886069802752 logging_writer.py:48] [2800] global_step=2800, grad_norm=4.543205738067627, loss=5.105591297149658
I0130 21:07:44.212756 139886061410048 logging_writer.py:48] [2900] global_step=2900, grad_norm=3.4564030170440674, loss=4.982969760894775
I0130 21:08:18.127246 139886069802752 logging_writer.py:48] [3000] global_step=3000, grad_norm=5.331862926483154, loss=5.058995246887207
I0130 21:08:21.957875 140070692116288 spec.py:321] Evaluating on the training split.
I0130 21:08:29.603650 140070692116288 spec.py:333] Evaluating on the validation split.
I0130 21:08:37.981343 140070692116288 spec.py:349] Evaluating on the test split.
I0130 21:08:40.354602 140070692116288 submission_runner.py:408] Time since start: 1148.98s, 	Step: 3013, 	{'train/accuracy': 0.17681759595870972, 'train/loss': 4.263920783996582, 'validation/accuracy': 0.15916000306606293, 'validation/loss': 4.370645523071289, 'validation/num_examples': 50000, 'test/accuracy': 0.1177000030875206, 'test/loss': 4.772252559661865, 'test/num_examples': 10000, 'score': 1074.9497528076172, 'total_duration': 1148.9814901351929, 'accumulated_submission_time': 1074.9497528076172, 'accumulated_eval_time': 73.87850284576416, 'accumulated_logging_time': 0.05106663703918457}
I0130 21:08:40.370801 139908601595648 logging_writer.py:48] [3013] accumulated_eval_time=73.878503, accumulated_logging_time=0.051067, accumulated_submission_time=1074.949753, global_step=3013, preemption_count=0, score=1074.949753, test/accuracy=0.117700, test/loss=4.772253, test/num_examples=10000, total_duration=1148.981490, train/accuracy=0.176818, train/loss=4.263921, validation/accuracy=0.159160, validation/loss=4.370646, validation/num_examples=50000
I0130 21:09:10.169915 139908987463424 logging_writer.py:48] [3100] global_step=3100, grad_norm=3.7323715686798096, loss=5.026122093200684
I0130 21:09:44.046131 139908601595648 logging_writer.py:48] [3200] global_step=3200, grad_norm=6.818744659423828, loss=4.880526542663574
I0130 21:10:17.951089 139908987463424 logging_writer.py:48] [3300] global_step=3300, grad_norm=4.000993728637695, loss=4.832096099853516
I0130 21:10:51.865279 139908601595648 logging_writer.py:48] [3400] global_step=3400, grad_norm=5.346816539764404, loss=4.9675798416137695
I0130 21:11:25.754220 139908987463424 logging_writer.py:48] [3500] global_step=3500, grad_norm=4.462972640991211, loss=4.764492988586426
I0130 21:11:59.672615 139908601595648 logging_writer.py:48] [3600] global_step=3600, grad_norm=3.799473285675049, loss=4.826603412628174
I0130 21:12:33.583309 139908987463424 logging_writer.py:48] [3700] global_step=3700, grad_norm=4.281647205352783, loss=4.7381181716918945
I0130 21:13:07.504953 139908601595648 logging_writer.py:48] [3800] global_step=3800, grad_norm=5.581806182861328, loss=4.662817478179932
I0130 21:13:41.406266 139908987463424 logging_writer.py:48] [3900] global_step=3900, grad_norm=5.742629051208496, loss=4.661163806915283
I0130 21:14:15.334025 139908601595648 logging_writer.py:48] [4000] global_step=4000, grad_norm=5.0144476890563965, loss=4.6588544845581055
I0130 21:14:49.274529 139908987463424 logging_writer.py:48] [4100] global_step=4100, grad_norm=6.208893299102783, loss=4.586007595062256
I0130 21:15:23.169944 139908601595648 logging_writer.py:48] [4200] global_step=4200, grad_norm=6.903799533843994, loss=4.4704060554504395
I0130 21:15:57.100587 139908987463424 logging_writer.py:48] [4300] global_step=4300, grad_norm=3.529606819152832, loss=4.52169942855835
I0130 21:16:30.992367 139908601595648 logging_writer.py:48] [4400] global_step=4400, grad_norm=5.941612243652344, loss=4.273775100708008
I0130 21:17:04.909630 139908987463424 logging_writer.py:48] [4500] global_step=4500, grad_norm=6.329765319824219, loss=4.368678092956543
I0130 21:17:10.429301 140070692116288 spec.py:321] Evaluating on the training split.
I0130 21:17:17.754810 140070692116288 spec.py:333] Evaluating on the validation split.
I0130 21:17:26.167659 140070692116288 spec.py:349] Evaluating on the test split.
I0130 21:17:28.495027 140070692116288 submission_runner.py:408] Time since start: 1677.12s, 	Step: 4518, 	{'train/accuracy': 0.28756776452064514, 'train/loss': 3.482984781265259, 'validation/accuracy': 0.26330000162124634, 'validation/loss': 3.6200780868530273, 'validation/num_examples': 50000, 'test/accuracy': 0.19010001420974731, 'test/loss': 4.155796527862549, 'test/num_examples': 10000, 'score': 1584.9473168849945, 'total_duration': 1677.1219086647034, 'accumulated_submission_time': 1584.9473168849945, 'accumulated_eval_time': 91.94419121742249, 'accumulated_logging_time': 0.07854390144348145}
I0130 21:17:28.512387 139908601595648 logging_writer.py:48] [4518] accumulated_eval_time=91.944191, accumulated_logging_time=0.078544, accumulated_submission_time=1584.947317, global_step=4518, preemption_count=0, score=1584.947317, test/accuracy=0.190100, test/loss=4.155797, test/num_examples=10000, total_duration=1677.121909, train/accuracy=0.287568, train/loss=3.482985, validation/accuracy=0.263300, validation/loss=3.620078, validation/num_examples=50000
I0130 21:17:56.610347 139908609988352 logging_writer.py:48] [4600] global_step=4600, grad_norm=8.229104042053223, loss=4.427536487579346
I0130 21:18:30.501394 139908601595648 logging_writer.py:48] [4700] global_step=4700, grad_norm=5.818325996398926, loss=4.405822277069092
I0130 21:19:04.406075 139908609988352 logging_writer.py:48] [4800] global_step=4800, grad_norm=6.87431526184082, loss=4.289041042327881
I0130 21:19:38.316880 139908601595648 logging_writer.py:48] [4900] global_step=4900, grad_norm=4.172502517700195, loss=4.286367893218994
I0130 21:20:12.209343 139908609988352 logging_writer.py:48] [5000] global_step=5000, grad_norm=5.248867511749268, loss=4.296948432922363
I0130 21:20:46.143907 139908601595648 logging_writer.py:48] [5100] global_step=5100, grad_norm=5.306280612945557, loss=4.200756072998047
I0130 21:21:20.016669 139908609988352 logging_writer.py:48] [5200] global_step=5200, grad_norm=7.0365190505981445, loss=4.233946800231934
I0130 21:21:53.908301 139908601595648 logging_writer.py:48] [5300] global_step=5300, grad_norm=6.42923641204834, loss=4.096972465515137
I0130 21:22:27.794209 139908609988352 logging_writer.py:48] [5400] global_step=5400, grad_norm=5.584322452545166, loss=4.108725547790527
I0130 21:23:01.697627 139908601595648 logging_writer.py:48] [5500] global_step=5500, grad_norm=6.555634498596191, loss=4.210332870483398
I0130 21:23:35.572365 139908609988352 logging_writer.py:48] [5600] global_step=5600, grad_norm=4.871555805206299, loss=4.075652599334717
I0130 21:24:09.454466 139908601595648 logging_writer.py:48] [5700] global_step=5700, grad_norm=6.6978759765625, loss=4.131717205047607
I0130 21:24:43.338905 139908609988352 logging_writer.py:48] [5800] global_step=5800, grad_norm=4.329511642456055, loss=4.000617980957031
I0130 21:25:17.227175 139908601595648 logging_writer.py:48] [5900] global_step=5900, grad_norm=5.465132236480713, loss=4.048159599304199
I0130 21:25:51.092935 139908609988352 logging_writer.py:48] [6000] global_step=6000, grad_norm=4.562321662902832, loss=3.9901010990142822
I0130 21:25:58.648461 140070692116288 spec.py:321] Evaluating on the training split.
I0130 21:26:06.261167 140070692116288 spec.py:333] Evaluating on the validation split.
I0130 21:26:14.587247 140070692116288 spec.py:349] Evaluating on the test split.
I0130 21:26:16.888687 140070692116288 submission_runner.py:408] Time since start: 2205.52s, 	Step: 6024, 	{'train/accuracy': 0.3698580861091614, 'train/loss': 2.9841694831848145, 'validation/accuracy': 0.3408399820327759, 'validation/loss': 3.133474349975586, 'validation/num_examples': 50000, 'test/accuracy': 0.255700021982193, 'test/loss': 3.7140119075775146, 'test/num_examples': 10000, 'score': 2095.0244052410126, 'total_duration': 2205.5155744552612, 'accumulated_submission_time': 2095.0244052410126, 'accumulated_eval_time': 110.18438458442688, 'accumulated_logging_time': 0.10527682304382324}
I0130 21:26:16.906198 139908450592512 logging_writer.py:48] [6024] accumulated_eval_time=110.184385, accumulated_logging_time=0.105277, accumulated_submission_time=2095.024405, global_step=6024, preemption_count=0, score=2095.024405, test/accuracy=0.255700, test/loss=3.714012, test/num_examples=10000, total_duration=2205.515574, train/accuracy=0.369858, train/loss=2.984169, validation/accuracy=0.340840, validation/loss=3.133474, validation/num_examples=50000
I0130 21:26:43.000825 139908458985216 logging_writer.py:48] [6100] global_step=6100, grad_norm=4.729935646057129, loss=3.9544193744659424
I0130 21:27:17.058634 139908450592512 logging_writer.py:48] [6200] global_step=6200, grad_norm=5.6171746253967285, loss=3.8651373386383057
I0130 21:27:50.929877 139908458985216 logging_writer.py:48] [6300] global_step=6300, grad_norm=6.015139579772949, loss=3.9876229763031006
I0130 21:28:24.853635 139908450592512 logging_writer.py:48] [6400] global_step=6400, grad_norm=7.301257610321045, loss=4.010088920593262
I0130 21:28:58.731523 139908458985216 logging_writer.py:48] [6500] global_step=6500, grad_norm=7.8082194328308105, loss=3.8580074310302734
I0130 21:29:32.634295 139908450592512 logging_writer.py:48] [6600] global_step=6600, grad_norm=4.9772162437438965, loss=3.901129961013794
I0130 21:30:06.533480 139908458985216 logging_writer.py:48] [6700] global_step=6700, grad_norm=9.47354793548584, loss=3.801995038986206
I0130 21:30:40.418567 139908450592512 logging_writer.py:48] [6800] global_step=6800, grad_norm=5.313536167144775, loss=3.8093972206115723
I0130 21:31:14.303826 139908458985216 logging_writer.py:48] [6900] global_step=6900, grad_norm=8.786799430847168, loss=3.694005012512207
I0130 21:31:48.202652 139908450592512 logging_writer.py:48] [7000] global_step=7000, grad_norm=4.578554153442383, loss=3.6152560710906982
I0130 21:32:22.087121 139908458985216 logging_writer.py:48] [7100] global_step=7100, grad_norm=7.989756107330322, loss=3.712496280670166
I0130 21:32:55.971561 139908450592512 logging_writer.py:48] [7200] global_step=7200, grad_norm=6.48911190032959, loss=3.691152811050415
I0130 21:33:29.935635 139908458985216 logging_writer.py:48] [7300] global_step=7300, grad_norm=7.190356254577637, loss=3.684753656387329
I0130 21:34:03.831373 139908450592512 logging_writer.py:48] [7400] global_step=7400, grad_norm=5.932214260101318, loss=3.7838075160980225
I0130 21:34:37.738701 139908458985216 logging_writer.py:48] [7500] global_step=7500, grad_norm=4.473159313201904, loss=3.6272823810577393
I0130 21:34:46.971649 140070692116288 spec.py:321] Evaluating on the training split.
I0130 21:34:54.241494 140070692116288 spec.py:333] Evaluating on the validation split.
I0130 21:35:02.848756 140070692116288 spec.py:349] Evaluating on the test split.
I0130 21:35:05.186004 140070692116288 submission_runner.py:408] Time since start: 2733.81s, 	Step: 7529, 	{'train/accuracy': 0.44088807702064514, 'train/loss': 2.5516676902770996, 'validation/accuracy': 0.41152000427246094, 'validation/loss': 2.7000417709350586, 'validation/num_examples': 50000, 'test/accuracy': 0.3109000027179718, 'test/loss': 3.379472017288208, 'test/num_examples': 10000, 'score': 2605.0299191474915, 'total_duration': 2733.8128702640533, 'accumulated_submission_time': 2605.0299191474915, 'accumulated_eval_time': 128.39868831634521, 'accumulated_logging_time': 0.13362383842468262}
I0130 21:35:05.207014 139908987463424 logging_writer.py:48] [7529] accumulated_eval_time=128.398688, accumulated_logging_time=0.133624, accumulated_submission_time=2605.029919, global_step=7529, preemption_count=0, score=2605.029919, test/accuracy=0.310900, test/loss=3.379472, test/num_examples=10000, total_duration=2733.812870, train/accuracy=0.440888, train/loss=2.551668, validation/accuracy=0.411520, validation/loss=2.700042, validation/num_examples=50000
I0130 21:35:29.585941 139908995856128 logging_writer.py:48] [7600] global_step=7600, grad_norm=7.07049036026001, loss=3.6077640056610107
I0130 21:36:03.448750 139908987463424 logging_writer.py:48] [7700] global_step=7700, grad_norm=6.583141326904297, loss=3.6331939697265625
I0130 21:36:37.337740 139908995856128 logging_writer.py:48] [7800] global_step=7800, grad_norm=6.045862674713135, loss=3.5923943519592285
I0130 21:37:11.197813 139908987463424 logging_writer.py:48] [7900] global_step=7900, grad_norm=3.943702220916748, loss=3.604759693145752
I0130 21:37:45.042842 139908995856128 logging_writer.py:48] [8000] global_step=8000, grad_norm=4.955761432647705, loss=3.5063376426696777
I0130 21:38:18.970037 139908987463424 logging_writer.py:48] [8100] global_step=8100, grad_norm=8.155864715576172, loss=3.569632053375244
I0130 21:38:52.838316 139908995856128 logging_writer.py:48] [8200] global_step=8200, grad_norm=5.534674644470215, loss=3.512713670730591
I0130 21:39:26.726951 139908987463424 logging_writer.py:48] [8300] global_step=8300, grad_norm=7.0172343254089355, loss=3.4495036602020264
I0130 21:40:00.615315 139908995856128 logging_writer.py:48] [8400] global_step=8400, grad_norm=6.563126087188721, loss=3.5314159393310547
I0130 21:40:34.493615 139908987463424 logging_writer.py:48] [8500] global_step=8500, grad_norm=4.377130031585693, loss=3.5564043521881104
I0130 21:41:08.349633 139908995856128 logging_writer.py:48] [8600] global_step=8600, grad_norm=8.233680725097656, loss=3.5760180950164795
I0130 21:41:42.224977 139908987463424 logging_writer.py:48] [8700] global_step=8700, grad_norm=3.664294481277466, loss=3.40613055229187
I0130 21:42:16.107229 139908995856128 logging_writer.py:48] [8800] global_step=8800, grad_norm=3.412221670150757, loss=3.4394965171813965
I0130 21:42:49.947677 139908987463424 logging_writer.py:48] [8900] global_step=8900, grad_norm=6.291590213775635, loss=3.3952133655548096
I0130 21:43:23.807303 139908995856128 logging_writer.py:48] [9000] global_step=9000, grad_norm=5.057382583618164, loss=3.477734327316284
I0130 21:43:35.425280 140070692116288 spec.py:321] Evaluating on the training split.
I0130 21:43:42.822896 140070692116288 spec.py:333] Evaluating on the validation split.
I0130 21:43:51.288352 140070692116288 spec.py:349] Evaluating on the test split.
I0130 21:43:53.574402 140070692116288 submission_runner.py:408] Time since start: 3262.20s, 	Step: 9036, 	{'train/accuracy': 0.49230706691741943, 'train/loss': 2.256446599960327, 'validation/accuracy': 0.45865997672080994, 'validation/loss': 2.4324121475219727, 'validation/num_examples': 50000, 'test/accuracy': 0.3530000150203705, 'test/loss': 3.0937793254852295, 'test/num_examples': 10000, 'score': 3115.184098005295, 'total_duration': 3262.2012915611267, 'accumulated_submission_time': 3115.184098005295, 'accumulated_eval_time': 146.5477843284607, 'accumulated_logging_time': 0.1685779094696045}
I0130 21:43:53.591691 139907737556736 logging_writer.py:48] [9036] accumulated_eval_time=146.547784, accumulated_logging_time=0.168578, accumulated_submission_time=3115.184098, global_step=9036, preemption_count=0, score=3115.184098, test/accuracy=0.353000, test/loss=3.093779, test/num_examples=10000, total_duration=3262.201292, train/accuracy=0.492307, train/loss=2.256447, validation/accuracy=0.458660, validation/loss=2.432412, validation/num_examples=50000
I0130 21:44:15.615274 139908576417536 logging_writer.py:48] [9100] global_step=9100, grad_norm=6.850131511688232, loss=3.397693395614624
I0130 21:44:49.430110 139907737556736 logging_writer.py:48] [9200] global_step=9200, grad_norm=5.692830562591553, loss=3.446866989135742
I0130 21:45:23.309084 139908576417536 logging_writer.py:48] [9300] global_step=9300, grad_norm=3.9998843669891357, loss=3.3893837928771973
I0130 21:45:57.148895 139907737556736 logging_writer.py:48] [9400] global_step=9400, grad_norm=5.01154088973999, loss=3.357482433319092
I0130 21:46:30.974365 139908576417536 logging_writer.py:48] [9500] global_step=9500, grad_norm=5.075397491455078, loss=3.301887035369873
I0130 21:47:04.850305 139907737556736 logging_writer.py:48] [9600] global_step=9600, grad_norm=3.920436143875122, loss=3.437958240509033
I0130 21:47:38.649451 139908576417536 logging_writer.py:48] [9700] global_step=9700, grad_norm=5.832958698272705, loss=3.466249465942383
I0130 21:48:12.501281 139907737556736 logging_writer.py:48] [9800] global_step=9800, grad_norm=5.424371242523193, loss=3.3762667179107666
I0130 21:48:46.333472 139908576417536 logging_writer.py:48] [9900] global_step=9900, grad_norm=4.7234930992126465, loss=3.432234287261963
I0130 21:49:20.188887 139907737556736 logging_writer.py:48] [10000] global_step=10000, grad_norm=5.9905877113342285, loss=3.345338821411133
I0130 21:49:54.013096 139908576417536 logging_writer.py:48] [10100] global_step=10100, grad_norm=5.6201324462890625, loss=3.4129133224487305
I0130 21:50:27.871387 139907737556736 logging_writer.py:48] [10200] global_step=10200, grad_norm=7.4234700202941895, loss=3.3709330558776855
I0130 21:51:01.712213 139908576417536 logging_writer.py:48] [10300] global_step=10300, grad_norm=6.289030075073242, loss=3.3990068435668945
I0130 21:51:35.574678 139907737556736 logging_writer.py:48] [10400] global_step=10400, grad_norm=4.550726890563965, loss=3.2812533378601074
I0130 21:52:09.449902 139908576417536 logging_writer.py:48] [10500] global_step=10500, grad_norm=5.268641471862793, loss=3.272977352142334
I0130 21:52:23.772837 140070692116288 spec.py:321] Evaluating on the training split.
I0130 21:52:31.253043 140070692116288 spec.py:333] Evaluating on the validation split.
I0130 21:52:39.781204 140070692116288 spec.py:349] Evaluating on the test split.
I0130 21:52:42.089103 140070692116288 submission_runner.py:408] Time since start: 3790.72s, 	Step: 10544, 	{'train/accuracy': 0.5581353306770325, 'train/loss': 1.9381918907165527, 'validation/accuracy': 0.5031399726867676, 'validation/loss': 2.2289462089538574, 'validation/num_examples': 50000, 'test/accuracy': 0.39180001616477966, 'test/loss': 2.887331008911133, 'test/num_examples': 10000, 'score': 3625.3059175014496, 'total_duration': 3790.7159888744354, 'accumulated_submission_time': 3625.3059175014496, 'accumulated_eval_time': 164.86400961875916, 'accumulated_logging_time': 0.19490265846252441}
I0130 21:52:42.108399 139907729164032 logging_writer.py:48] [10544] accumulated_eval_time=164.864010, accumulated_logging_time=0.194903, accumulated_submission_time=3625.305918, global_step=10544, preemption_count=0, score=3625.305918, test/accuracy=0.391800, test/loss=2.887331, test/num_examples=10000, total_duration=3790.715989, train/accuracy=0.558135, train/loss=1.938192, validation/accuracy=0.503140, validation/loss=2.228946, validation/num_examples=50000
I0130 21:53:01.397091 139907737556736 logging_writer.py:48] [10600] global_step=10600, grad_norm=4.559664726257324, loss=3.2428371906280518
I0130 21:53:35.215076 139907729164032 logging_writer.py:48] [10700] global_step=10700, grad_norm=9.24938678741455, loss=3.2247562408447266
I0130 21:54:09.031705 139907737556736 logging_writer.py:48] [10800] global_step=10800, grad_norm=6.92523193359375, loss=3.2861227989196777
I0130 21:54:42.851548 139907729164032 logging_writer.py:48] [10900] global_step=10900, grad_norm=4.70695161819458, loss=3.1892921924591064
I0130 21:55:16.688884 139907737556736 logging_writer.py:48] [11000] global_step=11000, grad_norm=4.732746124267578, loss=3.2717173099517822
I0130 21:55:50.507587 139907729164032 logging_writer.py:48] [11100] global_step=11100, grad_norm=4.429790496826172, loss=3.269766330718994
I0130 21:56:24.337982 139907737556736 logging_writer.py:48] [11200] global_step=11200, grad_norm=4.363549709320068, loss=3.2583298683166504
I0130 21:56:58.146972 139907729164032 logging_writer.py:48] [11300] global_step=11300, grad_norm=5.559313774108887, loss=3.25878643989563
I0130 21:57:31.986192 139907737556736 logging_writer.py:48] [11400] global_step=11400, grad_norm=6.188143253326416, loss=3.326054334640503
I0130 21:58:05.836492 139907729164032 logging_writer.py:48] [11500] global_step=11500, grad_norm=5.95137882232666, loss=3.2057409286499023
I0130 21:58:39.664283 139907737556736 logging_writer.py:48] [11600] global_step=11600, grad_norm=3.2903099060058594, loss=3.182488441467285
I0130 21:59:13.524903 139907729164032 logging_writer.py:48] [11700] global_step=11700, grad_norm=3.4770333766937256, loss=3.2307488918304443
I0130 21:59:47.379252 139907737556736 logging_writer.py:48] [11800] global_step=11800, grad_norm=5.051454067230225, loss=3.207829475402832
I0130 22:00:21.206677 139907729164032 logging_writer.py:48] [11900] global_step=11900, grad_norm=3.8219499588012695, loss=3.0730128288269043
I0130 22:00:55.048720 139907737556736 logging_writer.py:48] [12000] global_step=12000, grad_norm=5.411558151245117, loss=3.137388229370117
I0130 22:01:12.371417 140070692116288 spec.py:321] Evaluating on the training split.
I0130 22:01:19.919844 140070692116288 spec.py:333] Evaluating on the validation split.
I0130 22:01:28.658097 140070692116288 spec.py:349] Evaluating on the test split.
I0130 22:01:30.962640 140070692116288 submission_runner.py:408] Time since start: 4319.59s, 	Step: 12053, 	{'train/accuracy': 0.5622209906578064, 'train/loss': 1.9551576375961304, 'validation/accuracy': 0.5192399621009827, 'validation/loss': 2.169461488723755, 'validation/num_examples': 50000, 'test/accuracy': 0.40320003032684326, 'test/loss': 2.8256454467773438, 'test/num_examples': 10000, 'score': 4135.503875255585, 'total_duration': 4319.589529514313, 'accumulated_submission_time': 4135.503875255585, 'accumulated_eval_time': 183.4552013874054, 'accumulated_logging_time': 0.22897028923034668}
I0130 22:01:30.981492 139907536246528 logging_writer.py:48] [12053] accumulated_eval_time=183.455201, accumulated_logging_time=0.228970, accumulated_submission_time=4135.503875, global_step=12053, preemption_count=0, score=4135.503875, test/accuracy=0.403200, test/loss=2.825645, test/num_examples=10000, total_duration=4319.589530, train/accuracy=0.562221, train/loss=1.955158, validation/accuracy=0.519240, validation/loss=2.169461, validation/num_examples=50000
I0130 22:01:47.250257 139907553031936 logging_writer.py:48] [12100] global_step=12100, grad_norm=6.894993782043457, loss=3.1875340938568115
I0130 22:02:21.028000 139907536246528 logging_writer.py:48] [12200] global_step=12200, grad_norm=4.2279582023620605, loss=3.171477794647217
I0130 22:02:54.860766 139907553031936 logging_writer.py:48] [12300] global_step=12300, grad_norm=7.870974063873291, loss=3.2573132514953613
I0130 22:03:28.692145 139907536246528 logging_writer.py:48] [12400] global_step=12400, grad_norm=5.1420063972473145, loss=3.139160394668579
I0130 22:04:02.576000 139907553031936 logging_writer.py:48] [12500] global_step=12500, grad_norm=6.056877613067627, loss=3.113656759262085
I0130 22:04:36.393319 139907536246528 logging_writer.py:48] [12600] global_step=12600, grad_norm=4.086940288543701, loss=3.075042247772217
I0130 22:05:10.233643 139907553031936 logging_writer.py:48] [12700] global_step=12700, grad_norm=4.508412837982178, loss=3.2378945350646973
I0130 22:05:44.069096 139907536246528 logging_writer.py:48] [12800] global_step=12800, grad_norm=5.779430389404297, loss=3.055988311767578
I0130 22:06:17.895568 139907553031936 logging_writer.py:48] [12900] global_step=12900, grad_norm=6.229721546173096, loss=3.1127724647521973
I0130 22:06:51.716666 139907536246528 logging_writer.py:48] [13000] global_step=13000, grad_norm=5.3724493980407715, loss=3.186023235321045
I0130 22:07:25.544265 139907553031936 logging_writer.py:48] [13100] global_step=13100, grad_norm=5.1012678146362305, loss=3.1232476234436035
I0130 22:07:59.390325 139907536246528 logging_writer.py:48] [13200] global_step=13200, grad_norm=4.266502857208252, loss=3.1750941276550293
I0130 22:08:33.240469 139907553031936 logging_writer.py:48] [13300] global_step=13300, grad_norm=6.873019695281982, loss=3.1410233974456787
I0130 22:09:07.088232 139907536246528 logging_writer.py:48] [13400] global_step=13400, grad_norm=4.4216814041137695, loss=3.0740151405334473
I0130 22:09:40.899977 139907553031936 logging_writer.py:48] [13500] global_step=13500, grad_norm=5.5570783615112305, loss=3.111912727355957
I0130 22:10:01.293849 140070692116288 spec.py:321] Evaluating on the training split.
I0130 22:10:08.815554 140070692116288 spec.py:333] Evaluating on the validation split.
I0130 22:10:20.430502 140070692116288 spec.py:349] Evaluating on the test split.
I0130 22:10:22.675303 140070692116288 submission_runner.py:408] Time since start: 4851.30s, 	Step: 13562, 	{'train/accuracy': 0.5889070630073547, 'train/loss': 1.8355814218521118, 'validation/accuracy': 0.5423399806022644, 'validation/loss': 2.049694776535034, 'validation/num_examples': 50000, 'test/accuracy': 0.41920003294944763, 'test/loss': 2.7327487468719482, 'test/num_examples': 10000, 'score': 4645.7563996315, 'total_duration': 4851.3021948337555, 'accumulated_submission_time': 4645.7563996315, 'accumulated_eval_time': 204.8366265296936, 'accumulated_logging_time': 0.25846338272094727}
I0130 22:10:22.691142 139907544639232 logging_writer.py:48] [13562] accumulated_eval_time=204.836627, accumulated_logging_time=0.258463, accumulated_submission_time=4645.756400, global_step=13562, preemption_count=0, score=4645.756400, test/accuracy=0.419200, test/loss=2.732749, test/num_examples=10000, total_duration=4851.302195, train/accuracy=0.588907, train/loss=1.835581, validation/accuracy=0.542340, validation/loss=2.049695, validation/num_examples=50000
I0130 22:10:35.879593 139907720771328 logging_writer.py:48] [13600] global_step=13600, grad_norm=3.4790420532226562, loss=3.0655035972595215
I0130 22:11:09.630805 139907544639232 logging_writer.py:48] [13700] global_step=13700, grad_norm=4.998806953430176, loss=3.0449743270874023
I0130 22:11:43.401705 139907720771328 logging_writer.py:48] [13800] global_step=13800, grad_norm=7.172605037689209, loss=3.114809036254883
I0130 22:12:17.157072 139907544639232 logging_writer.py:48] [13900] global_step=13900, grad_norm=4.442071914672852, loss=3.055264711380005
I0130 22:12:51.007237 139907720771328 logging_writer.py:48] [14000] global_step=14000, grad_norm=7.280290603637695, loss=3.106455087661743
I0130 22:13:24.824160 139907544639232 logging_writer.py:48] [14100] global_step=14100, grad_norm=5.726831436157227, loss=3.055286407470703
I0130 22:13:58.606781 139907720771328 logging_writer.py:48] [14200] global_step=14200, grad_norm=6.486490726470947, loss=3.1805551052093506
I0130 22:14:32.358483 139907544639232 logging_writer.py:48] [14300] global_step=14300, grad_norm=6.555810928344727, loss=3.0880374908447266
I0130 22:15:06.143002 139907720771328 logging_writer.py:48] [14400] global_step=14400, grad_norm=5.250153541564941, loss=3.066195011138916
I0130 22:15:39.941939 139907544639232 logging_writer.py:48] [14500] global_step=14500, grad_norm=3.4084837436676025, loss=3.033982276916504
I0130 22:16:13.731730 139907720771328 logging_writer.py:48] [14600] global_step=14600, grad_norm=8.654122352600098, loss=3.0619630813598633
I0130 22:16:47.483061 139907544639232 logging_writer.py:48] [14700] global_step=14700, grad_norm=4.289534568786621, loss=3.100268840789795
I0130 22:17:21.267391 139907720771328 logging_writer.py:48] [14800] global_step=14800, grad_norm=4.912904262542725, loss=2.9348325729370117
I0130 22:17:55.056755 139907544639232 logging_writer.py:48] [14900] global_step=14900, grad_norm=5.974021911621094, loss=3.1295008659362793
I0130 22:18:28.829472 139907720771328 logging_writer.py:48] [15000] global_step=15000, grad_norm=4.452821731567383, loss=3.0711050033569336
I0130 22:18:52.879860 140070692116288 spec.py:321] Evaluating on the training split.
I0130 22:19:01.050118 140070692116288 spec.py:333] Evaluating on the validation split.
I0130 22:19:14.111520 140070692116288 spec.py:349] Evaluating on the test split.
I0130 22:19:16.275948 140070692116288 submission_runner.py:408] Time since start: 5384.90s, 	Step: 15073, 	{'train/accuracy': 0.5912587642669678, 'train/loss': 1.7979090213775635, 'validation/accuracy': 0.551800012588501, 'validation/loss': 1.9871643781661987, 'validation/num_examples': 50000, 'test/accuracy': 0.42600002884864807, 'test/loss': 2.665627956390381, 'test/num_examples': 10000, 'score': 5155.886093854904, 'total_duration': 5384.902832508087, 'accumulated_submission_time': 5155.886093854904, 'accumulated_eval_time': 228.2326774597168, 'accumulated_logging_time': 0.28252625465393066}
I0130 22:19:16.303123 139907762734848 logging_writer.py:48] [15073] accumulated_eval_time=228.232677, accumulated_logging_time=0.282526, accumulated_submission_time=5155.886094, global_step=15073, preemption_count=0, score=5155.886094, test/accuracy=0.426000, test/loss=2.665628, test/num_examples=10000, total_duration=5384.902833, train/accuracy=0.591259, train/loss=1.797909, validation/accuracy=0.551800, validation/loss=1.987164, validation/num_examples=50000
I0130 22:19:25.752846 139908425447168 logging_writer.py:48] [15100] global_step=15100, grad_norm=4.032474040985107, loss=3.0507469177246094
I0130 22:19:59.527611 139907762734848 logging_writer.py:48] [15200] global_step=15200, grad_norm=6.618714332580566, loss=2.9964957237243652
I0130 22:20:33.320124 139908425447168 logging_writer.py:48] [15300] global_step=15300, grad_norm=3.544848918914795, loss=2.9454169273376465
I0130 22:21:07.137580 139907762734848 logging_writer.py:48] [15400] global_step=15400, grad_norm=6.275908470153809, loss=3.1726889610290527
I0130 22:21:40.902593 139908425447168 logging_writer.py:48] [15500] global_step=15500, grad_norm=4.2730021476745605, loss=2.966676950454712
I0130 22:22:14.685655 139907762734848 logging_writer.py:48] [15600] global_step=15600, grad_norm=4.672142028808594, loss=2.9687857627868652
I0130 22:22:48.532407 139908425447168 logging_writer.py:48] [15700] global_step=15700, grad_norm=4.725391864776611, loss=3.06913423538208
I0130 22:23:22.389241 139907762734848 logging_writer.py:48] [15800] global_step=15800, grad_norm=5.662118434906006, loss=3.0671029090881348
I0130 22:23:56.176985 139908425447168 logging_writer.py:48] [15900] global_step=15900, grad_norm=4.494996547698975, loss=2.9855027198791504
I0130 22:24:30.016282 139907762734848 logging_writer.py:48] [16000] global_step=16000, grad_norm=3.7658796310424805, loss=2.9513161182403564
I0130 22:25:03.835546 139908425447168 logging_writer.py:48] [16100] global_step=16100, grad_norm=5.760713577270508, loss=2.947169780731201
I0130 22:25:37.657942 139907762734848 logging_writer.py:48] [16200] global_step=16200, grad_norm=5.480365753173828, loss=3.0875139236450195
I0130 22:26:11.469275 139908425447168 logging_writer.py:48] [16300] global_step=16300, grad_norm=4.971734046936035, loss=3.0695900917053223
I0130 22:26:45.293674 139907762734848 logging_writer.py:48] [16400] global_step=16400, grad_norm=5.58854341506958, loss=2.9882149696350098
I0130 22:27:19.093517 139908425447168 logging_writer.py:48] [16500] global_step=16500, grad_norm=3.1933374404907227, loss=2.9984683990478516
I0130 22:27:46.583886 140070692116288 spec.py:321] Evaluating on the training split.
I0130 22:27:54.236406 140070692116288 spec.py:333] Evaluating on the validation split.
I0130 22:28:07.411755 140070692116288 spec.py:349] Evaluating on the test split.
I0130 22:28:09.528533 140070692116288 submission_runner.py:408] Time since start: 5918.16s, 	Step: 16583, 	{'train/accuracy': 0.6018216013908386, 'train/loss': 1.7547258138656616, 'validation/accuracy': 0.5679000020027161, 'validation/loss': 1.932205080986023, 'validation/num_examples': 50000, 'test/accuracy': 0.44450002908706665, 'test/loss': 2.6144609451293945, 'test/num_examples': 10000, 'score': 5666.106993675232, 'total_duration': 5918.15540766716, 'accumulated_submission_time': 5666.106993675232, 'accumulated_eval_time': 251.17728233337402, 'accumulated_logging_time': 0.3175804615020752}
I0130 22:28:09.547849 139907737556736 logging_writer.py:48] [16583] accumulated_eval_time=251.177282, accumulated_logging_time=0.317580, accumulated_submission_time=5666.106994, global_step=16583, preemption_count=0, score=5666.106994, test/accuracy=0.444500, test/loss=2.614461, test/num_examples=10000, total_duration=5918.155408, train/accuracy=0.601822, train/loss=1.754726, validation/accuracy=0.567900, validation/loss=1.932205, validation/num_examples=50000
I0130 22:28:15.648752 139907745949440 logging_writer.py:48] [16600] global_step=16600, grad_norm=4.440095901489258, loss=3.04055118560791
I0130 22:28:49.363341 139907737556736 logging_writer.py:48] [16700] global_step=16700, grad_norm=4.054500579833984, loss=3.0203938484191895
I0130 22:29:23.059357 139907745949440 logging_writer.py:48] [16800] global_step=16800, grad_norm=8.064936637878418, loss=3.019232988357544
I0130 22:29:56.852205 139907737556736 logging_writer.py:48] [16900] global_step=16900, grad_norm=4.468962669372559, loss=2.989666223526001
I0130 22:30:30.649779 139907745949440 logging_writer.py:48] [17000] global_step=17000, grad_norm=4.923215389251709, loss=3.0928564071655273
I0130 22:31:04.478303 139907737556736 logging_writer.py:48] [17100] global_step=17100, grad_norm=7.397370338439941, loss=3.018669366836548
I0130 22:31:38.264255 139907745949440 logging_writer.py:48] [17200] global_step=17200, grad_norm=7.1789727210998535, loss=3.027968406677246
I0130 22:32:12.031919 139907737556736 logging_writer.py:48] [17300] global_step=17300, grad_norm=4.363795280456543, loss=2.97824764251709
I0130 22:32:45.797986 139907745949440 logging_writer.py:48] [17400] global_step=17400, grad_norm=5.715080738067627, loss=3.0877327919006348
I0130 22:33:19.608469 139907737556736 logging_writer.py:48] [17500] global_step=17500, grad_norm=3.827378511428833, loss=2.978365182876587
I0130 22:33:53.408081 139907745949440 logging_writer.py:48] [17600] global_step=17600, grad_norm=3.7317471504211426, loss=2.9460930824279785
I0130 22:34:27.234900 139907737556736 logging_writer.py:48] [17700] global_step=17700, grad_norm=4.865779876708984, loss=2.8881523609161377
I0130 22:35:01.072579 139907745949440 logging_writer.py:48] [17800] global_step=17800, grad_norm=5.139481544494629, loss=2.994751453399658
I0130 22:35:34.809112 139907737556736 logging_writer.py:48] [17900] global_step=17900, grad_norm=4.04380989074707, loss=3.0642380714416504
I0130 22:36:08.604687 139907745949440 logging_writer.py:48] [18000] global_step=18000, grad_norm=4.07263708114624, loss=3.0197575092315674
I0130 22:36:39.772452 140070692116288 spec.py:321] Evaluating on the training split.
I0130 22:36:48.020900 140070692116288 spec.py:333] Evaluating on the validation split.
I0130 22:37:02.829670 140070692116288 spec.py:349] Evaluating on the test split.
I0130 22:37:04.954715 140070692116288 submission_runner.py:408] Time since start: 6453.58s, 	Step: 18094, 	{'train/accuracy': 0.6030970811843872, 'train/loss': 1.7894777059555054, 'validation/accuracy': 0.5586400032043457, 'validation/loss': 1.985974907875061, 'validation/num_examples': 50000, 'test/accuracy': 0.43950003385543823, 'test/loss': 2.643144369125366, 'test/num_examples': 10000, 'score': 6176.272500514984, 'total_duration': 6453.581561326981, 'accumulated_submission_time': 6176.272500514984, 'accumulated_eval_time': 276.3594694137573, 'accumulated_logging_time': 0.34600257873535156}
I0130 22:37:04.984182 139907737556736 logging_writer.py:48] [18094] accumulated_eval_time=276.359469, accumulated_logging_time=0.346003, accumulated_submission_time=6176.272501, global_step=18094, preemption_count=0, score=6176.272501, test/accuracy=0.439500, test/loss=2.643144, test/num_examples=10000, total_duration=6453.581561, train/accuracy=0.603097, train/loss=1.789478, validation/accuracy=0.558640, validation/loss=1.985975, validation/num_examples=50000
I0130 22:37:07.358828 139907745949440 logging_writer.py:48] [18100] global_step=18100, grad_norm=3.900740146636963, loss=3.0778019428253174
I0130 22:37:41.054409 139907737556736 logging_writer.py:48] [18200] global_step=18200, grad_norm=4.121669769287109, loss=2.96988582611084
I0130 22:38:14.774990 139907745949440 logging_writer.py:48] [18300] global_step=18300, grad_norm=3.117478847503662, loss=3.016904354095459
I0130 22:38:48.559853 139907737556736 logging_writer.py:48] [18400] global_step=18400, grad_norm=3.0446338653564453, loss=3.115323543548584
I0130 22:39:22.294924 139907745949440 logging_writer.py:48] [18500] global_step=18500, grad_norm=4.068877220153809, loss=3.015010118484497
I0130 22:39:56.083085 139907737556736 logging_writer.py:48] [18600] global_step=18600, grad_norm=3.7942259311676025, loss=2.985048532485962
I0130 22:40:29.809281 139907745949440 logging_writer.py:48] [18700] global_step=18700, grad_norm=5.3303542137146, loss=2.95920729637146
I0130 22:41:03.630841 139907737556736 logging_writer.py:48] [18800] global_step=18800, grad_norm=2.964934825897217, loss=2.950697422027588
I0130 22:41:37.422145 139907745949440 logging_writer.py:48] [18900] global_step=18900, grad_norm=3.2232463359832764, loss=2.9608500003814697
I0130 22:42:11.202353 139907737556736 logging_writer.py:48] [19000] global_step=19000, grad_norm=2.9501123428344727, loss=2.9542112350463867
I0130 22:42:44.966910 139907745949440 logging_writer.py:48] [19100] global_step=19100, grad_norm=2.913191556930542, loss=2.9688992500305176
I0130 22:43:18.755922 139907737556736 logging_writer.py:48] [19200] global_step=19200, grad_norm=3.920760154724121, loss=2.96108078956604
I0130 22:43:52.528851 139907745949440 logging_writer.py:48] [19300] global_step=19300, grad_norm=5.4088897705078125, loss=3.018075942993164
I0130 22:44:26.303346 139907737556736 logging_writer.py:48] [19400] global_step=19400, grad_norm=2.8021047115325928, loss=3.038693904876709
