python3 submission_runner.py --framework=jax --workload=wmt_glu_tanh --submission_path=reference_algorithms/target_setting_algorithms/jax_nadamw.py --tuning_search_space=reference_algorithms/target_setting_algorithms/wmt_glu_tanh/tuning_search_space.json --data_dir=/data/wmt --num_tuning_trials=1 --experiment_dir=/experiment_runs --experiment_name=variants_target_setting/study_0 --overwrite=true --save_checkpoints=false --num_tuning_trials=1 --rng_seed=1692305324 --max_global_steps=133333 2>&1 | tee -a /logs/wmt_glu_tanh_jax_02-16-2024-13-57-47.log
I0216 13:58:08.493848 140416697075520 logger_utils.py:76] Creating experiment directory at /experiment_runs/variants_target_setting/study_0/wmt_glu_tanh_jax.
I0216 13:58:09.462540 140416697075520 xla_bridge.py:455] Unable to initialize backend 'rocm': NOT_FOUND: Could not find registered platform with name: "rocm". Available platform names are: CUDA Host Interpreter
I0216 13:58:09.464001 140416697075520 xla_bridge.py:455] Unable to initialize backend 'tpu': module 'jaxlib.xla_extension' has no attribute 'get_tpu_client'
I0216 13:58:09.464162 140416697075520 xla_bridge.py:455] Unable to initialize backend 'plugin': xla_extension has no attributes named get_plugin_device_client. Compile TensorFlow with //tensorflow/compiler/xla/python:enable_plugin_device set to true (defaults to false) to enable this.
I0216 13:58:09.470901 140416697075520 submission_runner.py:542] Using RNG seed 1692305324
I0216 13:58:10.512197 140416697075520 submission_runner.py:551] --- Tuning run 1/1 ---
I0216 13:58:10.512400 140416697075520 submission_runner.py:556] Creating tuning directory at /experiment_runs/variants_target_setting/study_0/wmt_glu_tanh_jax/trial_1.
I0216 13:58:10.512589 140416697075520 logger_utils.py:92] Saving hparams to /experiment_runs/variants_target_setting/study_0/wmt_glu_tanh_jax/trial_1/hparams.json.
I0216 13:58:10.693299 140416697075520 submission_runner.py:206] Initializing dataset.
I0216 13:58:10.705572 140416697075520 dataset_info.py:578] Load dataset info from /data/wmt/wmt17_translate/de-en/1.0.0
I0216 13:58:10.709805 140416697075520 dataset_info.py:669] Fields info.[splits, supervised_keys] from disk and from code do not match. Keeping the one from code.
I0216 13:58:10.854097 140416697075520 logging_logger.py:49] Constructing tf.data.Dataset wmt17_translate for split train, from /data/wmt/wmt17_translate/de-en/1.0.0
I0216 13:58:12.782364 140416697075520 submission_runner.py:213] Initializing model.
I0216 13:58:22.927048 140416697075520 submission_runner.py:255] Initializing optimizer.
I0216 13:58:24.030584 140416697075520 submission_runner.py:262] Initializing metrics bundle.
I0216 13:58:24.030785 140416697075520 submission_runner.py:280] Initializing checkpoint and logger.
I0216 13:58:24.031876 140416697075520 checkpoints.py:915] Found no checkpoint files in /experiment_runs/variants_target_setting/study_0/wmt_glu_tanh_jax/trial_1 with prefix checkpoint_
I0216 13:58:24.032016 140416697075520 submission_runner.py:300] Saving meta data to /experiment_runs/variants_target_setting/study_0/wmt_glu_tanh_jax/trial_1/meta_data_0.json.
I0216 13:58:24.032216 140416697075520 logger_utils.py:257] Unable to record workload.train_mean information. Continuing without it.
I0216 13:58:24.032277 140416697075520 logger_utils.py:257] Unable to record workload.train_stddev information. Continuing without it.
fatal: detected dubious ownership in repository at '/algorithmic-efficiency'
To add an exception for this directory, call:

	git config --global --add safe.directory /algorithmic-efficiency
I0216 13:58:24.351921 140416697075520 logger_utils.py:220] Unable to record git information. Continuing without it.
I0216 13:58:24.640966 140416697075520 submission_runner.py:304] Saving flags to /experiment_runs/variants_target_setting/study_0/wmt_glu_tanh_jax/trial_1/flags_0.json.
I0216 13:58:24.650991 140416697075520 submission_runner.py:314] Starting training loop.
I0216 13:59:06.547487 140255525807872 logging_writer.py:48] [0] global_step=0, grad_norm=5.079477787017822, loss=11.344841003417969
I0216 13:59:06.567601 140416697075520 spec.py:321] Evaluating on the training split.
I0216 13:59:06.571547 140416697075520 dataset_info.py:578] Load dataset info from /data/wmt/wmt17_translate/de-en/1.0.0
I0216 13:59:06.574509 140416697075520 dataset_info.py:669] Fields info.[splits, supervised_keys] from disk and from code do not match. Keeping the one from code.
I0216 13:59:06.616053 140416697075520 logging_logger.py:49] Constructing tf.data.Dataset wmt17_translate for split train, from /data/wmt/wmt17_translate/de-en/1.0.0
I0216 13:59:14.714460 140416697075520 workload.py:181] Translating evaluation dataset.
I0216 14:04:06.645969 140416697075520 spec.py:333] Evaluating on the validation split.
I0216 14:04:06.649442 140416697075520 dataset_info.py:578] Load dataset info from /data/wmt/wmt14_translate/de-en/1.0.0
I0216 14:04:06.653277 140416697075520 dataset_info.py:669] Fields info.[splits, supervised_keys] from disk and from code do not match. Keeping the one from code.
I0216 14:04:06.691192 140416697075520 logging_logger.py:49] Constructing tf.data.Dataset wmt14_translate for split validation, from /data/wmt/wmt14_translate/de-en/1.0.0
I0216 14:04:13.912842 140416697075520 workload.py:181] Translating evaluation dataset.
I0216 14:08:55.603109 140416697075520 spec.py:349] Evaluating on the test split.
I0216 14:08:55.605883 140416697075520 dataset_info.py:578] Load dataset info from /data/wmt/wmt14_translate/de-en/1.0.0
I0216 14:08:55.609564 140416697075520 dataset_info.py:669] Fields info.[splits, supervised_keys] from disk and from code do not match. Keeping the one from code.
I0216 14:08:55.644191 140416697075520 logging_logger.py:49] Constructing tf.data.Dataset wmt14_translate for split test, from /data/wmt/wmt14_translate/de-en/1.0.0
I0216 14:08:58.648008 140416697075520 workload.py:181] Translating evaluation dataset.
I0216 14:13:40.235927 140416697075520 submission_runner.py:408] Time since start: 915.58s, 	Step: 1, 	{'train/accuracy': 0.0005723770591430366, 'train/loss': 11.380516052246094, 'train/bleu': 0.0, 'validation/accuracy': 0.0004835649742744863, 'validation/loss': 11.400991439819336, 'validation/bleu': 0.0, 'validation/num_examples': 3000, 'test/accuracy': 0.0007088489946909249, 'test/loss': 11.396333694458008, 'test/bleu': 0.0, 'test/num_examples': 3003, 'score': 41.916555404663086, 'total_duration': 915.5848548412323, 'accumulated_submission_time': 41.916555404663086, 'accumulated_eval_time': 873.6682517528534, 'accumulated_logging_time': 0}
I0216 14:13:40.254286 140247055709952 logging_writer.py:48] [1] accumulated_eval_time=873.668252, accumulated_logging_time=0, accumulated_submission_time=41.916555, global_step=1, preemption_count=0, score=41.916555, test/accuracy=0.000709, test/bleu=0.000000, test/loss=11.396334, test/num_examples=3003, total_duration=915.584855, train/accuracy=0.000572, train/bleu=0.000000, train/loss=11.380516, validation/accuracy=0.000484, validation/bleu=0.000000, validation/loss=11.400991, validation/num_examples=3000
I0216 14:13:40.658010 140247047317248 logging_writer.py:48] [1] global_step=1, grad_norm=5.044062614440918, loss=11.344125747680664
I0216 14:13:41.050802 140247055709952 logging_writer.py:48] [2] global_step=2, grad_norm=5.112849712371826, loss=11.36449909210205
I0216 14:13:41.446400 140247047317248 logging_writer.py:48] [3] global_step=3, grad_norm=5.012523174285889, loss=11.359868049621582
I0216 14:13:41.844170 140247055709952 logging_writer.py:48] [4] global_step=4, grad_norm=5.002748012542725, loss=11.35462474822998
I0216 14:13:42.238099 140247047317248 logging_writer.py:48] [5] global_step=5, grad_norm=5.030730724334717, loss=11.351221084594727
I0216 14:13:42.634943 140247055709952 logging_writer.py:48] [6] global_step=6, grad_norm=5.12074613571167, loss=11.34710693359375
I0216 14:13:43.029120 140247047317248 logging_writer.py:48] [7] global_step=7, grad_norm=5.126148700714111, loss=11.360057830810547
I0216 14:13:43.422489 140247055709952 logging_writer.py:48] [8] global_step=8, grad_norm=5.121731758117676, loss=11.349968910217285
I0216 14:13:43.816580 140247047317248 logging_writer.py:48] [9] global_step=9, grad_norm=5.105287551879883, loss=11.333063125610352
I0216 14:13:44.212258 140247055709952 logging_writer.py:48] [10] global_step=10, grad_norm=5.078235149383545, loss=11.337382316589355
I0216 14:13:44.605593 140247047317248 logging_writer.py:48] [11] global_step=11, grad_norm=5.149835109710693, loss=11.330323219299316
I0216 14:13:45.001666 140247055709952 logging_writer.py:48] [12] global_step=12, grad_norm=5.06043004989624, loss=11.317307472229004
I0216 14:13:45.395944 140247047317248 logging_writer.py:48] [13] global_step=13, grad_norm=5.03558349609375, loss=11.30052661895752
I0216 14:13:45.791001 140247055709952 logging_writer.py:48] [14] global_step=14, grad_norm=5.049305438995361, loss=11.310195922851562
I0216 14:13:46.187776 140247047317248 logging_writer.py:48] [15] global_step=15, grad_norm=5.097631931304932, loss=11.310895919799805
I0216 14:13:46.585810 140247055709952 logging_writer.py:48] [16] global_step=16, grad_norm=5.082996368408203, loss=11.297172546386719
I0216 14:13:46.982290 140247047317248 logging_writer.py:48] [17] global_step=17, grad_norm=5.064715385437012, loss=11.284012794494629
I0216 14:13:47.379613 140247055709952 logging_writer.py:48] [18] global_step=18, grad_norm=5.067811489105225, loss=11.2640962600708
I0216 14:13:47.773658 140247047317248 logging_writer.py:48] [19] global_step=19, grad_norm=5.040135860443115, loss=11.270402908325195
I0216 14:13:48.167593 140247055709952 logging_writer.py:48] [20] global_step=20, grad_norm=5.007742881774902, loss=11.255958557128906
I0216 14:13:48.561669 140247047317248 logging_writer.py:48] [21] global_step=21, grad_norm=5.023861885070801, loss=11.242900848388672
I0216 14:13:48.957456 140247055709952 logging_writer.py:48] [22] global_step=22, grad_norm=5.05231237411499, loss=11.209325790405273
I0216 14:13:49.354028 140247047317248 logging_writer.py:48] [23] global_step=23, grad_norm=5.058366298675537, loss=11.228645324707031
I0216 14:13:49.750341 140247055709952 logging_writer.py:48] [24] global_step=24, grad_norm=4.949268817901611, loss=11.20216178894043
I0216 14:13:50.144562 140247047317248 logging_writer.py:48] [25] global_step=25, grad_norm=5.032678127288818, loss=11.203908920288086
I0216 14:13:50.540286 140247055709952 logging_writer.py:48] [26] global_step=26, grad_norm=4.945023536682129, loss=11.18358039855957
I0216 14:13:50.933594 140247047317248 logging_writer.py:48] [27] global_step=27, grad_norm=4.943665981292725, loss=11.181729316711426
I0216 14:13:51.326987 140247055709952 logging_writer.py:48] [28] global_step=28, grad_norm=4.9466962814331055, loss=11.163162231445312
I0216 14:13:51.721171 140247047317248 logging_writer.py:48] [29] global_step=29, grad_norm=4.998404026031494, loss=11.139018058776855
I0216 14:13:52.117433 140247055709952 logging_writer.py:48] [30] global_step=30, grad_norm=4.904088497161865, loss=11.117988586425781
I0216 14:13:52.511459 140247047317248 logging_writer.py:48] [31] global_step=31, grad_norm=4.940848350524902, loss=11.116813659667969
I0216 14:13:52.905493 140247055709952 logging_writer.py:48] [32] global_step=32, grad_norm=4.904927730560303, loss=11.091838836669922
I0216 14:13:53.301442 140247047317248 logging_writer.py:48] [33] global_step=33, grad_norm=4.86792516708374, loss=11.083398818969727
I0216 14:13:53.695901 140247055709952 logging_writer.py:48] [34] global_step=34, grad_norm=4.823779582977295, loss=11.065254211425781
I0216 14:13:54.090333 140247047317248 logging_writer.py:48] [35] global_step=35, grad_norm=4.803548336029053, loss=11.051538467407227
I0216 14:13:54.484728 140247055709952 logging_writer.py:48] [36] global_step=36, grad_norm=4.710340976715088, loss=11.042579650878906
I0216 14:13:54.878289 140247047317248 logging_writer.py:48] [37] global_step=37, grad_norm=4.771107196807861, loss=11.02960205078125
I0216 14:13:55.274950 140247055709952 logging_writer.py:48] [38] global_step=38, grad_norm=4.726343154907227, loss=11.0049467086792
I0216 14:13:55.668812 140247047317248 logging_writer.py:48] [39] global_step=39, grad_norm=4.696045875549316, loss=10.980180740356445
I0216 14:13:56.064214 140247055709952 logging_writer.py:48] [40] global_step=40, grad_norm=4.66654109954834, loss=10.965993881225586
I0216 14:13:56.460784 140247047317248 logging_writer.py:48] [41] global_step=41, grad_norm=4.596678733825684, loss=10.938074111938477
I0216 14:13:56.856575 140247055709952 logging_writer.py:48] [42] global_step=42, grad_norm=4.6002936363220215, loss=10.907150268554688
I0216 14:13:57.250815 140247047317248 logging_writer.py:48] [43] global_step=43, grad_norm=4.602419853210449, loss=10.900116920471191
I0216 14:13:57.647653 140247055709952 logging_writer.py:48] [44] global_step=44, grad_norm=4.528102874755859, loss=10.877187728881836
I0216 14:13:58.040755 140247047317248 logging_writer.py:48] [45] global_step=45, grad_norm=4.477261066436768, loss=10.861032485961914
I0216 14:13:58.436435 140247055709952 logging_writer.py:48] [46] global_step=46, grad_norm=4.438033103942871, loss=10.823477745056152
I0216 14:13:58.830393 140247047317248 logging_writer.py:48] [47] global_step=47, grad_norm=4.4040846824646, loss=10.816411972045898
I0216 14:13:59.225820 140247055709952 logging_writer.py:48] [48] global_step=48, grad_norm=4.3316755294799805, loss=10.798928260803223
I0216 14:13:59.618390 140247047317248 logging_writer.py:48] [49] global_step=49, grad_norm=4.294878005981445, loss=10.778074264526367
I0216 14:14:00.013837 140247055709952 logging_writer.py:48] [50] global_step=50, grad_norm=4.277029037475586, loss=10.744963645935059
I0216 14:14:00.409169 140247047317248 logging_writer.py:48] [51] global_step=51, grad_norm=4.2262959480285645, loss=10.722662925720215
I0216 14:14:00.807002 140247055709952 logging_writer.py:48] [52] global_step=52, grad_norm=4.203362464904785, loss=10.709898948669434
I0216 14:14:01.202362 140247047317248 logging_writer.py:48] [53] global_step=53, grad_norm=4.100973606109619, loss=10.684649467468262
I0216 14:14:01.598022 140247055709952 logging_writer.py:48] [54] global_step=54, grad_norm=4.05159854888916, loss=10.659876823425293
I0216 14:14:01.994226 140247047317248 logging_writer.py:48] [55] global_step=55, grad_norm=3.979814052581787, loss=10.649679183959961
I0216 14:14:02.390655 140247055709952 logging_writer.py:48] [56] global_step=56, grad_norm=3.9786572456359863, loss=10.626500129699707
I0216 14:14:02.786915 140247047317248 logging_writer.py:48] [57] global_step=57, grad_norm=3.883849620819092, loss=10.611127853393555
I0216 14:14:03.182654 140247055709952 logging_writer.py:48] [58] global_step=58, grad_norm=3.8813469409942627, loss=10.565808296203613
I0216 14:14:03.577196 140247047317248 logging_writer.py:48] [59] global_step=59, grad_norm=3.8197648525238037, loss=10.556217193603516
I0216 14:14:03.974481 140247055709952 logging_writer.py:48] [60] global_step=60, grad_norm=3.7181296348571777, loss=10.543571472167969
I0216 14:14:04.370954 140247047317248 logging_writer.py:48] [61] global_step=61, grad_norm=3.6879355907440186, loss=10.51113224029541
I0216 14:14:04.766298 140247055709952 logging_writer.py:48] [62] global_step=62, grad_norm=3.6199491024017334, loss=10.498419761657715
I0216 14:14:05.162052 140247047317248 logging_writer.py:48] [63] global_step=63, grad_norm=3.555788278579712, loss=10.464877128601074
I0216 14:14:05.558061 140247055709952 logging_writer.py:48] [64] global_step=64, grad_norm=3.5221378803253174, loss=10.458867073059082
I0216 14:14:05.955448 140247047317248 logging_writer.py:48] [65] global_step=65, grad_norm=3.521076202392578, loss=10.406620979309082
I0216 14:14:06.351554 140247055709952 logging_writer.py:48] [66] global_step=66, grad_norm=3.4440126419067383, loss=10.394696235656738
I0216 14:14:06.745728 140247047317248 logging_writer.py:48] [67] global_step=67, grad_norm=3.4266490936279297, loss=10.357017517089844
I0216 14:14:07.140813 140247055709952 logging_writer.py:48] [68] global_step=68, grad_norm=3.3645126819610596, loss=10.338980674743652
I0216 14:14:07.537913 140247047317248 logging_writer.py:48] [69] global_step=69, grad_norm=3.293846845626831, loss=10.340044975280762
I0216 14:14:07.934604 140247055709952 logging_writer.py:48] [70] global_step=70, grad_norm=3.2161331176757812, loss=10.299372673034668
I0216 14:14:08.328984 140247047317248 logging_writer.py:48] [71] global_step=71, grad_norm=3.1711838245391846, loss=10.281785011291504
I0216 14:14:08.724233 140247055709952 logging_writer.py:48] [72] global_step=72, grad_norm=3.114701509475708, loss=10.265619277954102
I0216 14:14:09.120424 140247047317248 logging_writer.py:48] [73] global_step=73, grad_norm=3.1002769470214844, loss=10.219342231750488
I0216 14:14:09.519100 140247055709952 logging_writer.py:48] [74] global_step=74, grad_norm=3.0218942165374756, loss=10.195775985717773
I0216 14:14:09.915926 140247047317248 logging_writer.py:48] [75] global_step=75, grad_norm=2.9813146591186523, loss=10.184002876281738
I0216 14:14:10.309889 140247055709952 logging_writer.py:48] [76] global_step=76, grad_norm=2.928178310394287, loss=10.169370651245117
I0216 14:14:10.705698 140247047317248 logging_writer.py:48] [77] global_step=77, grad_norm=2.879025459289551, loss=10.13772964477539
I0216 14:14:11.104421 140247055709952 logging_writer.py:48] [78] global_step=78, grad_norm=2.8466711044311523, loss=10.111909866333008
I0216 14:14:11.499163 140247047317248 logging_writer.py:48] [79] global_step=79, grad_norm=2.7544937133789062, loss=10.100006103515625
I0216 14:14:11.895516 140247055709952 logging_writer.py:48] [80] global_step=80, grad_norm=2.694226026535034, loss=10.079257011413574
I0216 14:14:12.290961 140247047317248 logging_writer.py:48] [81] global_step=81, grad_norm=2.6914572715759277, loss=10.038847923278809
I0216 14:14:12.686252 140247055709952 logging_writer.py:48] [82] global_step=82, grad_norm=2.693460702896118, loss=10.030306816101074
I0216 14:14:13.082435 140247047317248 logging_writer.py:48] [83] global_step=83, grad_norm=2.6004600524902344, loss=10.019265174865723
I0216 14:14:13.478513 140247055709952 logging_writer.py:48] [84] global_step=84, grad_norm=2.523930788040161, loss=9.990185737609863
I0216 14:14:13.874675 140247047317248 logging_writer.py:48] [85] global_step=85, grad_norm=2.5145602226257324, loss=9.940520286560059
I0216 14:14:14.271046 140247055709952 logging_writer.py:48] [86] global_step=86, grad_norm=2.461123466491699, loss=9.92713451385498
I0216 14:14:14.666916 140247047317248 logging_writer.py:48] [87] global_step=87, grad_norm=2.397411584854126, loss=9.910297393798828
I0216 14:14:15.064197 140247055709952 logging_writer.py:48] [88] global_step=88, grad_norm=2.4025440216064453, loss=9.869553565979004
I0216 14:14:15.461389 140247047317248 logging_writer.py:48] [89] global_step=89, grad_norm=2.31624436378479, loss=9.88699722290039
I0216 14:14:15.858932 140247055709952 logging_writer.py:48] [90] global_step=90, grad_norm=2.272340774536133, loss=9.85551643371582
I0216 14:14:16.254399 140247047317248 logging_writer.py:48] [91] global_step=91, grad_norm=2.2384891510009766, loss=9.839138984680176
I0216 14:14:16.652895 140247055709952 logging_writer.py:48] [92] global_step=92, grad_norm=2.1967058181762695, loss=9.810988426208496
I0216 14:14:17.050070 140247047317248 logging_writer.py:48] [93] global_step=93, grad_norm=2.161064624786377, loss=9.779712677001953
I0216 14:14:17.447271 140247055709952 logging_writer.py:48] [94] global_step=94, grad_norm=2.0944080352783203, loss=9.77684211730957
I0216 14:14:17.840536 140247047317248 logging_writer.py:48] [95] global_step=95, grad_norm=2.0645833015441895, loss=9.748749732971191
I0216 14:14:18.235892 140247055709952 logging_writer.py:48] [96] global_step=96, grad_norm=2.0301127433776855, loss=9.721888542175293
I0216 14:14:18.631964 140247047317248 logging_writer.py:48] [97] global_step=97, grad_norm=1.9805511236190796, loss=9.704705238342285
I0216 14:14:19.029472 140247055709952 logging_writer.py:48] [98] global_step=98, grad_norm=1.933902621269226, loss=9.690582275390625
I0216 14:14:19.425398 140247047317248 logging_writer.py:48] [99] global_step=99, grad_norm=1.8895394802093506, loss=9.685685157775879
I0216 14:14:19.822091 140247055709952 logging_writer.py:48] [100] global_step=100, grad_norm=1.8757978677749634, loss=9.645528793334961
I0216 14:16:52.900265 140247047317248 logging_writer.py:48] [500] global_step=500, grad_norm=0.28677719831466675, loss=7.864734649658203
I0216 14:20:04.298087 140247055709952 logging_writer.py:48] [1000] global_step=1000, grad_norm=0.3496831953525543, loss=7.097085952758789
I0216 14:23:15.721308 140247047317248 logging_writer.py:48] [1500] global_step=1500, grad_norm=0.5260927677154541, loss=6.620783805847168
I0216 14:26:27.198367 140247055709952 logging_writer.py:48] [2000] global_step=2000, grad_norm=0.5840777158737183, loss=6.165810585021973
I0216 14:27:40.435327 140416697075520 spec.py:321] Evaluating on the training split.
I0216 14:27:43.622739 140416697075520 workload.py:181] Translating evaluation dataset.
I0216 14:32:27.703968 140416697075520 spec.py:333] Evaluating on the validation split.
I0216 14:32:30.597729 140416697075520 workload.py:181] Translating evaluation dataset.
I0216 14:37:14.068512 140416697075520 spec.py:349] Evaluating on the test split.
I0216 14:37:16.963086 140416697075520 workload.py:181] Translating evaluation dataset.
I0216 14:42:00.322390 140416697075520 submission_runner.py:408] Time since start: 2615.67s, 	Step: 2193, 	{'train/accuracy': 0.27149611711502075, 'train/loss': 5.766429424285889, 'train/bleu': 0.014532577310484868, 'validation/accuracy': 0.25340044498443604, 'validation/loss': 5.971210956573486, 'validation/bleu': 0.009315679799413432, 'validation/num_examples': 3000, 'test/accuracy': 0.23529139161109924, 'test/loss': 6.23386812210083, 'test/bleu': 0.005846151290142995, 'test/num_examples': 3003, 'score': 882.0145854949951, 'total_duration': 2615.6713082790375, 'accumulated_submission_time': 882.0145854949951, 'accumulated_eval_time': 1733.5552592277527, 'accumulated_logging_time': 0.028280973434448242}
I0216 14:42:00.337988 140247047317248 logging_writer.py:48] [2193] accumulated_eval_time=1733.555259, accumulated_logging_time=0.028281, accumulated_submission_time=882.014585, global_step=2193, preemption_count=0, score=882.014585, test/accuracy=0.235291, test/bleu=0.005846, test/loss=6.233868, test/num_examples=3003, total_duration=2615.671308, train/accuracy=0.271496, train/bleu=0.014533, train/loss=5.766429, validation/accuracy=0.253400, validation/bleu=0.009316, validation/loss=5.971211, validation/num_examples=3000
I0216 14:43:58.254503 140247055709952 logging_writer.py:48] [2500] global_step=2500, grad_norm=0.5091130137443542, loss=5.688037872314453
I0216 14:47:09.784511 140247047317248 logging_writer.py:48] [3000] global_step=3000, grad_norm=0.4141494631767273, loss=5.233813285827637
I0216 14:50:21.289903 140247055709952 logging_writer.py:48] [3500] global_step=3500, grad_norm=0.4727701246738434, loss=4.888878345489502
I0216 14:53:32.789943 140247047317248 logging_writer.py:48] [4000] global_step=4000, grad_norm=0.5044587254524231, loss=4.720768928527832
I0216 14:56:00.344054 140416697075520 spec.py:321] Evaluating on the training split.
I0216 14:56:03.525872 140416697075520 workload.py:181] Translating evaluation dataset.
I0216 15:00:45.991926 140416697075520 spec.py:333] Evaluating on the validation split.
I0216 15:00:48.872453 140416697075520 workload.py:181] Translating evaluation dataset.
I0216 15:05:31.802932 140416697075520 spec.py:349] Evaluating on the test split.
I0216 15:05:34.679478 140416697075520 workload.py:181] Translating evaluation dataset.
I0216 15:10:16.609834 140416697075520 submission_runner.py:408] Time since start: 4311.96s, 	Step: 4387, 	{'train/accuracy': 0.38233137130737305, 'train/loss': 4.276638984680176, 'train/bleu': 0.009903980841895732, 'validation/accuracy': 0.358396053314209, 'validation/loss': 4.472900390625, 'validation/bleu': 0.008907415885516034, 'validation/num_examples': 3000, 'test/accuracy': 0.33998024463653564, 'test/loss': 4.736346244812012, 'test/bleu': 0.008253558126543463, 'test/num_examples': 3003, 'score': 1721.9357450008392, 'total_duration': 4311.958748579025, 'accumulated_submission_time': 1721.9357450008392, 'accumulated_eval_time': 2589.820998430252, 'accumulated_logging_time': 0.05459952354431152}
I0216 15:10:16.624968 140247055709952 logging_writer.py:48] [4387] accumulated_eval_time=2589.820998, accumulated_logging_time=0.054600, accumulated_submission_time=1721.935745, global_step=4387, preemption_count=0, score=1721.935745, test/accuracy=0.339980, test/bleu=0.008254, test/loss=4.736346, test/num_examples=3003, total_duration=4311.958749, train/accuracy=0.382331, train/bleu=0.009904, train/loss=4.276639, validation/accuracy=0.358396, validation/bleu=0.008907, validation/loss=4.472900, validation/num_examples=3000
I0216 15:11:00.247657 140247047317248 logging_writer.py:48] [4500] global_step=4500, grad_norm=0.5915138721466064, loss=4.304568290710449
I0216 15:14:11.786192 140247055709952 logging_writer.py:48] [5000] global_step=5000, grad_norm=0.6122428774833679, loss=4.0145063400268555
I0216 15:17:23.352951 140247047317248 logging_writer.py:48] [5500] global_step=5500, grad_norm=0.5300625562667847, loss=3.9084811210632324
I0216 15:20:34.916283 140247055709952 logging_writer.py:48] [6000] global_step=6000, grad_norm=0.5445243120193481, loss=3.6802518367767334
I0216 15:23:46.498980 140247047317248 logging_writer.py:48] [6500] global_step=6500, grad_norm=0.534134030342102, loss=3.381643772125244
I0216 15:24:16.854346 140416697075520 spec.py:321] Evaluating on the training split.
I0216 15:24:20.040932 140416697075520 workload.py:181] Translating evaluation dataset.
I0216 15:29:04.782496 140416697075520 spec.py:333] Evaluating on the validation split.
I0216 15:29:07.663773 140416697075520 workload.py:181] Translating evaluation dataset.
I0216 15:33:52.784078 140416697075520 spec.py:349] Evaluating on the test split.
I0216 15:33:55.677136 140416697075520 workload.py:181] Translating evaluation dataset.
I0216 15:38:40.147385 140416697075520 submission_runner.py:408] Time since start: 6015.50s, 	Step: 6581, 	{'train/accuracy': 0.49364981055259705, 'train/loss': 3.177924156188965, 'train/bleu': 0.005156220687101846, 'validation/accuracy': 0.4825730621814728, 'validation/loss': 3.292743444442749, 'validation/bleu': 0.0031226845099319267, 'validation/num_examples': 3000, 'test/accuracy': 0.4754401445388794, 'test/loss': 3.4052774906158447, 'test/bleu': 0.0015457053663014697, 'test/num_examples': 3003, 'score': 2562.0812520980835, 'total_duration': 6015.496306180954, 'accumulated_submission_time': 2562.0812520980835, 'accumulated_eval_time': 3453.1139719486237, 'accumulated_logging_time': 0.07984018325805664}
I0216 15:38:40.162840 140247055709952 logging_writer.py:48] [6581] accumulated_eval_time=3453.113972, accumulated_logging_time=0.079840, accumulated_submission_time=2562.081252, global_step=6581, preemption_count=0, score=2562.081252, test/accuracy=0.475440, test/bleu=0.001546, test/loss=3.405277, test/num_examples=3003, total_duration=6015.496306, train/accuracy=0.493650, train/bleu=0.005156, train/loss=3.177924, validation/accuracy=0.482573, validation/bleu=0.003123, validation/loss=3.292743, validation/num_examples=3000
I0216 15:41:21.014521 140247047317248 logging_writer.py:48] [7000] global_step=7000, grad_norm=0.5665594935417175, loss=3.309856414794922
I0216 15:44:32.593950 140247055709952 logging_writer.py:48] [7500] global_step=7500, grad_norm=0.4929957687854767, loss=3.018547773361206
I0216 15:47:44.161139 140247047317248 logging_writer.py:48] [8000] global_step=8000, grad_norm=0.5054410696029663, loss=3.091970205307007
I0216 15:50:55.728746 140247055709952 logging_writer.py:48] [8500] global_step=8500, grad_norm=0.47754979133605957, loss=2.9900238513946533
I0216 15:52:40.397312 140416697075520 spec.py:321] Evaluating on the training split.
I0216 15:52:43.587074 140416697075520 workload.py:181] Translating evaluation dataset.
I0216 15:57:28.566640 140416697075520 spec.py:333] Evaluating on the validation split.
I0216 15:57:31.461851 140416697075520 workload.py:181] Translating evaluation dataset.
I0216 16:02:16.461020 140416697075520 spec.py:349] Evaluating on the test split.
I0216 16:02:19.348104 140416697075520 workload.py:181] Translating evaluation dataset.
I0216 16:07:04.488849 140416697075520 submission_runner.py:408] Time since start: 7719.84s, 	Step: 8775, 	{'train/accuracy': 0.5443810224533081, 'train/loss': 2.7035303115844727, 'train/bleu': 0.006256229117476515, 'validation/accuracy': 0.5446305871009827, 'validation/loss': 2.684821844100952, 'validation/bleu': 0.002952351193251204, 'validation/num_examples': 3000, 'test/accuracy': 0.544698178768158, 'test/loss': 2.712599992752075, 'test/bleu': 0.0008381065657549013, 'test/num_examples': 3003, 'score': 3402.230988740921, 'total_duration': 7719.837748765945, 'accumulated_submission_time': 3402.230988740921, 'accumulated_eval_time': 4317.205441474915, 'accumulated_logging_time': 0.10492157936096191}
I0216 16:07:04.504594 140247047317248 logging_writer.py:48] [8775] accumulated_eval_time=4317.205441, accumulated_logging_time=0.104922, accumulated_submission_time=3402.230989, global_step=8775, preemption_count=0, score=3402.230989, test/accuracy=0.544698, test/bleu=0.000838, test/loss=2.712600, test/num_examples=3003, total_duration=7719.837749, train/accuracy=0.544381, train/bleu=0.006256, train/loss=2.703530, validation/accuracy=0.544631, validation/bleu=0.002952, validation/loss=2.684822, validation/num_examples=3000
I0216 16:08:31.068458 140247055709952 logging_writer.py:48] [9000] global_step=9000, grad_norm=0.46187785267829895, loss=2.810666084289551
I0216 16:11:42.690442 140247047317248 logging_writer.py:48] [9500] global_step=9500, grad_norm=0.4686893820762634, loss=2.6244382858276367
I0216 16:14:54.260441 140247055709952 logging_writer.py:48] [10000] global_step=10000, grad_norm=0.4847704768180847, loss=2.6660163402557373
I0216 16:18:05.799778 140247047317248 logging_writer.py:48] [10500] global_step=10500, grad_norm=0.44570717215538025, loss=2.5393121242523193
I0216 16:21:04.810003 140416697075520 spec.py:321] Evaluating on the training split.
I0216 16:21:07.998101 140416697075520 workload.py:181] Translating evaluation dataset.
I0216 16:25:51.607683 140416697075520 spec.py:333] Evaluating on the validation split.
I0216 16:25:54.503161 140416697075520 workload.py:181] Translating evaluation dataset.
I0216 16:30:37.739690 140416697075520 spec.py:349] Evaluating on the test split.
I0216 16:30:40.622802 140416697075520 workload.py:181] Translating evaluation dataset.
I0216 16:35:24.195183 140416697075520 submission_runner.py:408] Time since start: 9419.54s, 	Step: 10969, 	{'train/accuracy': 0.5733675956726074, 'train/loss': 2.416719675064087, 'train/bleu': 0.0031168829488226546, 'validation/accuracy': 0.5787404775619507, 'validation/loss': 2.352992057800293, 'validation/bleu': 0.0007022588163779613, 'validation/num_examples': 3000, 'test/accuracy': 0.5823950171470642, 'test/loss': 2.3416526317596436, 'test/bleu': 0.0007694039752120449, 'test/num_examples': 3003, 'score': 4242.451108455658, 'total_duration': 9419.544093370438, 'accumulated_submission_time': 4242.451108455658, 'accumulated_eval_time': 5176.590566635132, 'accumulated_logging_time': 0.13073062896728516}
I0216 16:35:24.211645 140247055709952 logging_writer.py:48] [10969] accumulated_eval_time=5176.590567, accumulated_logging_time=0.130731, accumulated_submission_time=4242.451108, global_step=10969, preemption_count=0, score=4242.451108, test/accuracy=0.582395, test/bleu=0.000769, test/loss=2.341653, test/num_examples=3003, total_duration=9419.544093, train/accuracy=0.573368, train/bleu=0.003117, train/loss=2.416720, validation/accuracy=0.578740, validation/bleu=0.000702, validation/loss=2.352992, validation/num_examples=3000
I0216 16:35:36.474863 140247047317248 logging_writer.py:48] [11000] global_step=11000, grad_norm=0.42163801193237305, loss=2.571899175643921
I0216 16:38:47.960106 140247055709952 logging_writer.py:48] [11500] global_step=11500, grad_norm=0.41867244243621826, loss=2.5363473892211914
I0216 16:41:59.560636 140247047317248 logging_writer.py:48] [12000] global_step=12000, grad_norm=0.4078879952430725, loss=2.5552403926849365
I0216 16:45:11.185941 140247055709952 logging_writer.py:48] [12500] global_step=12500, grad_norm=0.40088143944740295, loss=2.34892201423645
I0216 16:48:22.825573 140247047317248 logging_writer.py:48] [13000] global_step=13000, grad_norm=0.3971879482269287, loss=2.381906032562256
I0216 16:49:24.217890 140416697075520 spec.py:321] Evaluating on the training split.
I0216 16:49:27.402894 140416697075520 workload.py:181] Translating evaluation dataset.
I0216 16:54:11.773684 140416697075520 spec.py:333] Evaluating on the validation split.
I0216 16:54:14.664495 140416697075520 workload.py:181] Translating evaluation dataset.
I0216 16:58:58.323095 140416697075520 spec.py:349] Evaluating on the test split.
I0216 16:59:01.212778 140416697075520 workload.py:181] Translating evaluation dataset.
I0216 17:03:45.136747 140416697075520 submission_runner.py:408] Time since start: 11120.49s, 	Step: 13162, 	{'train/accuracy': 0.5986971259117126, 'train/loss': 2.189364433288574, 'train/bleu': 0.00310057377157679, 'validation/accuracy': 0.6016912460327148, 'validation/loss': 2.156778335571289, 'validation/bleu': 0.0017017048911783994, 'validation/num_examples': 3000, 'test/accuracy': 0.605856716632843, 'test/loss': 2.1299784183502197, 'test/bleu': 0.0009892606605730098, 'test/num_examples': 3003, 'score': 5082.376412630081, 'total_duration': 11120.485644102097, 'accumulated_submission_time': 5082.376412630081, 'accumulated_eval_time': 6037.509339094162, 'accumulated_logging_time': 0.15807676315307617}
I0216 17:03:45.152430 140247055709952 logging_writer.py:48] [13162] accumulated_eval_time=6037.509339, accumulated_logging_time=0.158077, accumulated_submission_time=5082.376413, global_step=13162, preemption_count=0, score=5082.376413, test/accuracy=0.605857, test/bleu=0.000989, test/loss=2.129978, test/num_examples=3003, total_duration=11120.485644, train/accuracy=0.598697, train/bleu=0.003101, train/loss=2.189364, validation/accuracy=0.601691, validation/bleu=0.001702, validation/loss=2.156778, validation/num_examples=3000
I0216 17:05:54.982063 140247047317248 logging_writer.py:48] [13500] global_step=13500, grad_norm=0.38200289011001587, loss=2.286606788635254
I0216 17:09:06.580356 140247055709952 logging_writer.py:48] [14000] global_step=14000, grad_norm=0.3829789459705353, loss=2.296746253967285
I0216 17:12:18.134074 140247047317248 logging_writer.py:48] [14500] global_step=14500, grad_norm=0.38272106647491455, loss=2.3626275062561035
I0216 17:15:29.716518 140247055709952 logging_writer.py:48] [15000] global_step=15000, grad_norm=0.37945419549942017, loss=2.2820839881896973
I0216 17:17:45.438824 140416697075520 spec.py:321] Evaluating on the training split.
I0216 17:17:48.620501 140416697075520 workload.py:181] Translating evaluation dataset.
I0216 17:22:32.364785 140416697075520 spec.py:333] Evaluating on the validation split.
I0216 17:22:35.246514 140416697075520 workload.py:181] Translating evaluation dataset.
I0216 17:27:17.478279 140416697075520 spec.py:349] Evaluating on the test split.
I0216 17:27:20.366888 140416697075520 workload.py:181] Translating evaluation dataset.
I0216 17:32:03.444144 140416697075520 submission_runner.py:408] Time since start: 12818.79s, 	Step: 15356, 	{'train/accuracy': 0.6066553592681885, 'train/loss': 2.1151750087738037, 'train/bleu': 0.008914114737132578, 'validation/accuracy': 0.6143879294395447, 'validation/loss': 2.042186975479126, 'validation/bleu': 0.0016059347693763726, 'validation/num_examples': 3000, 'test/accuracy': 0.6196037530899048, 'test/loss': 1.9998146295547485, 'test/bleu': 0.00426576729714753, 'test/num_examples': 3003, 'score': 5922.58389544487, 'total_duration': 12818.793059825897, 'accumulated_submission_time': 5922.58389544487, 'accumulated_eval_time': 6895.514606714249, 'accumulated_logging_time': 0.18300485610961914}
I0216 17:32:03.459652 140247047317248 logging_writer.py:48] [15356] accumulated_eval_time=6895.514607, accumulated_logging_time=0.183005, accumulated_submission_time=5922.583895, global_step=15356, preemption_count=0, score=5922.583895, test/accuracy=0.619604, test/bleu=0.004266, test/loss=1.999815, test/num_examples=3003, total_duration=12818.793060, train/accuracy=0.606655, train/bleu=0.008914, train/loss=2.115175, validation/accuracy=0.614388, validation/bleu=0.001606, validation/loss=2.042187, validation/num_examples=3000
I0216 17:32:58.993669 140247055709952 logging_writer.py:48] [15500] global_step=15500, grad_norm=0.36402153968811035, loss=2.227755069732666
I0216 17:36:10.593707 140247047317248 logging_writer.py:48] [16000] global_step=16000, grad_norm=0.378065824508667, loss=2.1873388290405273
I0216 17:39:22.194985 140247055709952 logging_writer.py:48] [16500] global_step=16500, grad_norm=0.37372931838035583, loss=2.3009259700775146
I0216 17:42:33.822509 140247047317248 logging_writer.py:48] [17000] global_step=17000, grad_norm=0.3671785295009613, loss=2.2321932315826416
I0216 17:45:45.391022 140247055709952 logging_writer.py:48] [17500] global_step=17500, grad_norm=0.3605819344520569, loss=2.180551767349243
I0216 17:46:03.486333 140416697075520 spec.py:321] Evaluating on the training split.
I0216 17:46:06.666681 140416697075520 workload.py:181] Translating evaluation dataset.
I0216 17:50:49.964136 140416697075520 spec.py:333] Evaluating on the validation split.
I0216 17:50:52.853926 140416697075520 workload.py:181] Translating evaluation dataset.
I0216 17:55:35.711526 140416697075520 spec.py:349] Evaluating on the test split.
I0216 17:55:38.591647 140416697075520 workload.py:181] Translating evaluation dataset.
I0216 18:00:20.371693 140416697075520 submission_runner.py:408] Time since start: 14515.72s, 	Step: 17549, 	{'train/accuracy': 0.610589861869812, 'train/loss': 2.0721302032470703, 'train/bleu': 0.02105470065041811, 'validation/accuracy': 0.6241087913513184, 'validation/loss': 1.9620773792266846, 'validation/bleu': 0.019104750406913857, 'validation/num_examples': 3000, 'test/accuracy': 0.6300737857818604, 'test/loss': 1.9128855466842651, 'test/bleu': 0.005294413107827698, 'test/num_examples': 3003, 'score': 6762.530175209045, 'total_duration': 14515.720617055893, 'accumulated_submission_time': 6762.530175209045, 'accumulated_eval_time': 7752.399913311005, 'accumulated_logging_time': 0.2091994285583496}
I0216 18:00:20.387166 140247047317248 logging_writer.py:48] [17549] accumulated_eval_time=7752.399913, accumulated_logging_time=0.209199, accumulated_submission_time=6762.530175, global_step=17549, preemption_count=0, score=6762.530175, test/accuracy=0.630074, test/bleu=0.005294, test/loss=1.912886, test/num_examples=3003, total_duration=14515.720617, train/accuracy=0.610590, train/bleu=0.021055, train/loss=2.072130, validation/accuracy=0.624109, validation/bleu=0.019105, validation/loss=1.962077, validation/num_examples=3000
I0216 18:03:13.585146 140247055709952 logging_writer.py:48] [18000] global_step=18000, grad_norm=0.35547077655792236, loss=2.15966534614563
I0216 18:06:25.168134 140247047317248 logging_writer.py:48] [18500] global_step=18500, grad_norm=0.36749476194381714, loss=2.1888067722320557
I0216 18:09:36.760314 140247055709952 logging_writer.py:48] [19000] global_step=19000, grad_norm=0.36776018142700195, loss=2.0407395362854004
I0216 18:12:48.390788 140247047317248 logging_writer.py:48] [19500] global_step=19500, grad_norm=0.348580539226532, loss=2.1123411655426025
I0216 18:14:20.469985 140416697075520 spec.py:321] Evaluating on the training split.
I0216 18:14:23.661341 140416697075520 workload.py:181] Translating evaluation dataset.
I0216 18:19:06.545416 140416697075520 spec.py:333] Evaluating on the validation split.
I0216 18:19:09.440201 140416697075520 workload.py:181] Translating evaluation dataset.
I0216 18:23:52.414414 140416697075520 spec.py:349] Evaluating on the test split.
I0216 18:23:55.312684 140416697075520 workload.py:181] Translating evaluation dataset.
I0216 18:28:38.086763 140416697075520 submission_runner.py:408] Time since start: 16213.44s, 	Step: 19742, 	{'train/accuracy': 0.6215307712554932, 'train/loss': 1.979943871498108, 'train/bleu': 0.010806342326823197, 'validation/accuracy': 0.6300727725028992, 'validation/loss': 1.905492901802063, 'validation/bleu': 0.007966807985084534, 'validation/num_examples': 3000, 'test/accuracy': 0.6384637951850891, 'test/loss': 1.8455276489257812, 'test/bleu': 0.002181394648611847, 'test/num_examples': 3003, 'score': 7602.453125476837, 'total_duration': 16213.435671329498, 'accumulated_submission_time': 7602.453125476837, 'accumulated_eval_time': 8610.016618728638, 'accumulated_logging_time': 0.3149287700653076}
I0216 18:28:38.103005 140247055709952 logging_writer.py:48] [19742] accumulated_eval_time=8610.016619, accumulated_logging_time=0.314929, accumulated_submission_time=7602.453125, global_step=19742, preemption_count=0, score=7602.453125, test/accuracy=0.638464, test/bleu=0.002181, test/loss=1.845528, test/num_examples=3003, total_duration=16213.435671, train/accuracy=0.621531, train/bleu=0.010806, train/loss=1.979944, validation/accuracy=0.630073, validation/bleu=0.007967, validation/loss=1.905493, validation/num_examples=3000
I0216 18:30:17.364729 140247047317248 logging_writer.py:48] [20000] global_step=20000, grad_norm=0.351133793592453, loss=2.150602340698242
I0216 18:33:28.907656 140247055709952 logging_writer.py:48] [20500] global_step=20500, grad_norm=0.34154975414276123, loss=2.006378412246704
I0216 18:36:40.536414 140247047317248 logging_writer.py:48] [21000] global_step=21000, grad_norm=0.3550163209438324, loss=2.029448986053467
I0216 18:39:52.215785 140247055709952 logging_writer.py:48] [21500] global_step=21500, grad_norm=0.3440214991569519, loss=2.0628414154052734
I0216 18:42:38.219177 140416697075520 spec.py:321] Evaluating on the training split.
I0216 18:42:41.401824 140416697075520 workload.py:181] Translating evaluation dataset.
I0216 18:47:24.080432 140416697075520 spec.py:333] Evaluating on the validation split.
I0216 18:47:26.966308 140416697075520 workload.py:181] Translating evaluation dataset.
I0216 18:52:09.528776 140416697075520 spec.py:349] Evaluating on the test split.
I0216 18:52:12.437184 140416697075520 workload.py:181] Translating evaluation dataset.
I0216 18:56:54.384209 140416697075520 submission_runner.py:408] Time since start: 17909.73s, 	Step: 21935, 	{'train/accuracy': 0.6242388486862183, 'train/loss': 1.9554890394210815, 'train/bleu': 0.0061010295652887585, 'validation/accuracy': 0.6365947127342224, 'validation/loss': 1.8519504070281982, 'validation/bleu': 0.004946113062229061, 'validation/num_examples': 3000, 'test/accuracy': 0.6442972421646118, 'test/loss': 1.7925695180892944, 'test/bleu': 0.003300320959813985, 'test/num_examples': 3003, 'score': 8442.490117073059, 'total_duration': 17909.733082532883, 'accumulated_submission_time': 8442.490117073059, 'accumulated_eval_time': 9466.181564569473, 'accumulated_logging_time': 0.34085750579833984}
I0216 18:56:54.401365 140247047317248 logging_writer.py:48] [21935] accumulated_eval_time=9466.181565, accumulated_logging_time=0.340858, accumulated_submission_time=8442.490117, global_step=21935, preemption_count=0, score=8442.490117, test/accuracy=0.644297, test/bleu=0.003300, test/loss=1.792570, test/num_examples=3003, total_duration=17909.733083, train/accuracy=0.624239, train/bleu=0.006101, train/loss=1.955489, validation/accuracy=0.636595, validation/bleu=0.004946, validation/loss=1.851950, validation/num_examples=3000
I0216 18:57:19.661804 140247055709952 logging_writer.py:48] [22000] global_step=22000, grad_norm=0.36233341693878174, loss=2.1551315784454346
I0216 19:00:31.242830 140247047317248 logging_writer.py:48] [22500] global_step=22500, grad_norm=0.33213183283805847, loss=1.9763388633728027
I0216 19:03:42.856699 140247055709952 logging_writer.py:48] [23000] global_step=23000, grad_norm=0.3421015441417694, loss=2.1303117275238037
I0216 19:06:54.401601 140247047317248 logging_writer.py:48] [23500] global_step=23500, grad_norm=0.3430602252483368, loss=1.9866400957107544
I0216 19:10:06.045028 140247055709952 logging_writer.py:48] [24000] global_step=24000, grad_norm=0.33268192410469055, loss=1.9883744716644287
I0216 19:10:54.431930 140416697075520 spec.py:321] Evaluating on the training split.
I0216 19:10:57.624226 140416697075520 workload.py:181] Translating evaluation dataset.
I0216 19:15:40.201353 140416697075520 spec.py:333] Evaluating on the validation split.
I0216 19:15:43.093202 140416697075520 workload.py:181] Translating evaluation dataset.
I0216 19:20:25.231758 140416697075520 spec.py:349] Evaluating on the test split.
I0216 19:20:28.125405 140416697075520 workload.py:181] Translating evaluation dataset.
I0216 19:25:10.440577 140416697075520 submission_runner.py:408] Time since start: 19605.79s, 	Step: 24128, 	{'train/accuracy': 0.6233453154563904, 'train/loss': 1.9470256567001343, 'train/bleu': 0.00044969548344227846, 'validation/accuracy': 0.6403268575668335, 'validation/loss': 1.8160721063613892, 'validation/bleu': 0.0014958437466859455, 'validation/num_examples': 3000, 'test/accuracy': 0.648399293422699, 'test/loss': 1.7543072700500488, 'test/bleu': 0.0005283949438422056, 'test/num_examples': 3003, 'score': 9282.439644575119, 'total_duration': 19605.789501428604, 'accumulated_submission_time': 9282.439644575119, 'accumulated_eval_time': 10322.19015789032, 'accumulated_logging_time': 0.36908841133117676}
I0216 19:25:10.457080 140247047317248 logging_writer.py:48] [24128] accumulated_eval_time=10322.190158, accumulated_logging_time=0.369088, accumulated_submission_time=9282.439645, global_step=24128, preemption_count=0, score=9282.439645, test/accuracy=0.648399, test/bleu=0.000528, test/loss=1.754307, test/num_examples=3003, total_duration=19605.789501, train/accuracy=0.623345, train/bleu=0.000450, train/loss=1.947026, validation/accuracy=0.640327, validation/bleu=0.001496, validation/loss=1.816072, validation/num_examples=3000
I0216 19:27:33.335743 140247055709952 logging_writer.py:48] [24500] global_step=24500, grad_norm=0.3362564444541931, loss=2.0471792221069336
I0216 19:30:44.945682 140247047317248 logging_writer.py:48] [25000] global_step=25000, grad_norm=0.3389732241630554, loss=1.9549152851104736
I0216 19:33:56.579910 140247055709952 logging_writer.py:48] [25500] global_step=25500, grad_norm=0.3365009129047394, loss=2.063382863998413
I0216 19:37:08.151859 140247047317248 logging_writer.py:48] [26000] global_step=26000, grad_norm=0.3449895679950714, loss=2.0438787937164307
I0216 19:39:10.548744 140416697075520 spec.py:321] Evaluating on the training split.
I0216 19:39:13.739689 140416697075520 workload.py:181] Translating evaluation dataset.
I0216 19:43:57.543679 140416697075520 spec.py:333] Evaluating on the validation split.
I0216 19:44:00.441830 140416697075520 workload.py:181] Translating evaluation dataset.
I0216 19:48:43.684469 140416697075520 spec.py:349] Evaluating on the test split.
I0216 19:48:46.568400 140416697075520 workload.py:181] Translating evaluation dataset.
I0216 19:53:29.539950 140416697075520 submission_runner.py:408] Time since start: 21304.89s, 	Step: 26321, 	{'train/accuracy': 0.632300078868866, 'train/loss': 1.8779854774475098, 'train/bleu': 0.0037231667337293516, 'validation/accuracy': 0.64434415102005, 'validation/loss': 1.7871403694152832, 'validation/bleu': 0.0008904067767186454, 'validation/num_examples': 3000, 'test/accuracy': 0.6516762971878052, 'test/loss': 1.7249469757080078, 'test/bleu': 0.0010723612396463004, 'test/num_examples': 3003, 'score': 10122.452534914017, 'total_duration': 21304.88884949684, 'accumulated_submission_time': 10122.452534914017, 'accumulated_eval_time': 11181.18128657341, 'accumulated_logging_time': 0.3946828842163086}
I0216 19:53:29.556370 140247055709952 logging_writer.py:48] [26321] accumulated_eval_time=11181.181287, accumulated_logging_time=0.394683, accumulated_submission_time=10122.452535, global_step=26321, preemption_count=0, score=10122.452535, test/accuracy=0.651676, test/bleu=0.001072, test/loss=1.724947, test/num_examples=3003, total_duration=21304.888849, train/accuracy=0.632300, train/bleu=0.003723, train/loss=1.877985, validation/accuracy=0.644344, validation/bleu=0.000890, validation/loss=1.787140, validation/num_examples=3000
I0216 19:54:38.511575 140247047317248 logging_writer.py:48] [26500] global_step=26500, grad_norm=0.33561238646507263, loss=1.9862778186798096
I0216 19:57:50.122608 140247055709952 logging_writer.py:48] [27000] global_step=27000, grad_norm=0.33403903245925903, loss=2.0650582313537598
I0216 20:01:01.748464 140247047317248 logging_writer.py:48] [27500] global_step=27500, grad_norm=0.33541539311408997, loss=1.9905979633331299
I0216 20:04:13.462139 140247055709952 logging_writer.py:48] [28000] global_step=28000, grad_norm=0.3835531175136566, loss=1.9928979873657227
I0216 20:07:25.131151 140247047317248 logging_writer.py:48] [28500] global_step=28500, grad_norm=0.32728901505470276, loss=1.959662675857544
I0216 20:07:29.831150 140416697075520 spec.py:321] Evaluating on the training split.
I0216 20:07:33.024617 140416697075520 workload.py:181] Translating evaluation dataset.
I0216 20:12:16.334434 140416697075520 spec.py:333] Evaluating on the validation split.
I0216 20:12:19.230578 140416697075520 workload.py:181] Translating evaluation dataset.
I0216 20:17:03.058147 140416697075520 spec.py:349] Evaluating on the test split.
