python3 submission_runner.py --framework=jax --workload=librispeech_deepspeech --submission_path=prize_qualification_baselines/external_tuning/jax_nadamw_full_budget.py --tuning_search_space=prize_qualification_baselines/external_tuning/tuning_search_space.json --data_dir=/data/librispeech --num_tuning_trials=1 --experiment_dir=/experiment_runs --experiment_name=prize_qualification/study_3 --overwrite=true --save_checkpoints=false --num_tuning_trials=5 --rng_seed=4294683350 --max_global_steps=48000 --librispeech_tokenizer_vocab_path=/data/librispeech/spm_model.vocab 2>&1 | tee -a /logs/librispeech_deepspeech_jax_02-15-2024-02-44-09.log
I0215 02:44:31.155146 140202902193984 logger_utils.py:76] Creating experiment directory at /experiment_runs/prize_qualification/study_3/librispeech_deepspeech_jax.
I0215 02:44:32.180508 140202902193984 xla_bridge.py:455] Unable to initialize backend 'rocm': NOT_FOUND: Could not find registered platform with name: "rocm". Available platform names are: Interpreter Host CUDA
I0215 02:44:32.181267 140202902193984 xla_bridge.py:455] Unable to initialize backend 'tpu': module 'jaxlib.xla_extension' has no attribute 'get_tpu_client'
I0215 02:44:32.181402 140202902193984 xla_bridge.py:455] Unable to initialize backend 'plugin': xla_extension has no attributes named get_plugin_device_client. Compile TensorFlow with //tensorflow/compiler/xla/python:enable_plugin_device set to true (defaults to false) to enable this.
I0215 02:44:32.182454 140202902193984 submission_runner.py:542] Using RNG seed 4294683350
I0215 02:44:33.336725 140202902193984 submission_runner.py:551] --- Tuning run 1/5 ---
I0215 02:44:33.336920 140202902193984 submission_runner.py:556] Creating tuning directory at /experiment_runs/prize_qualification/study_3/librispeech_deepspeech_jax/trial_1.
I0215 02:44:33.337104 140202902193984 logger_utils.py:92] Saving hparams to /experiment_runs/prize_qualification/study_3/librispeech_deepspeech_jax/trial_1/hparams.json.
I0215 02:44:33.519957 140202902193984 submission_runner.py:206] Initializing dataset.
I0215 02:44:33.520186 140202902193984 submission_runner.py:213] Initializing model.
I0215 02:44:36.122246 140202902193984 submission_runner.py:255] Initializing optimizer.
I0215 02:44:36.831902 140202902193984 submission_runner.py:262] Initializing metrics bundle.
I0215 02:44:36.832087 140202902193984 submission_runner.py:280] Initializing checkpoint and logger.
I0215 02:44:36.833128 140202902193984 checkpoints.py:915] Found no checkpoint files in /experiment_runs/prize_qualification/study_3/librispeech_deepspeech_jax/trial_1 with prefix checkpoint_
I0215 02:44:36.833270 140202902193984 submission_runner.py:300] Saving meta data to /experiment_runs/prize_qualification/study_3/librispeech_deepspeech_jax/trial_1/meta_data_0.json.
I0215 02:44:36.833478 140202902193984 logger_utils.py:257] Unable to record workload.train_mean information. Continuing without it.
I0215 02:44:36.833545 140202902193984 logger_utils.py:257] Unable to record workload.train_stddev information. Continuing without it.
fatal: detected dubious ownership in repository at '/algorithmic-efficiency'
To add an exception for this directory, call:

	git config --global --add safe.directory /algorithmic-efficiency
I0215 02:44:37.134342 140202902193984 logger_utils.py:220] Unable to record git information. Continuing without it.
I0215 02:44:37.480710 140202902193984 submission_runner.py:304] Saving flags to /experiment_runs/prize_qualification/study_3/librispeech_deepspeech_jax/trial_1/flags_0.json.
I0215 02:44:37.495610 140202902193984 submission_runner.py:314] Starting training loop.
I0215 02:44:37.793986 140202902193984 input_pipeline.py:20] Loading split = train-clean-100
I0215 02:44:37.838200 140202902193984 input_pipeline.py:20] Loading split = train-clean-360
I0215 02:44:37.962493 140202902193984 input_pipeline.py:20] Loading split = train-other-500
/usr/local/lib/python3.8/dist-packages/jax/_src/interpreters/mlir.py:582: UserWarning: Some donated buffers were not usable: ShapedArray(float32[512]), ShapedArray(float32[512]), ShapedArray(float32[512]), ShapedArray(float32[512]), ShapedArray(float32[512]), ShapedArray(float32[512]), ShapedArray(float32[512]), ShapedArray(float32[512]), ShapedArray(float32[512]), ShapedArray(float32[512]), ShapedArray(float32[512]), ShapedArray(float32[512]), ShapedArray(float32[512]), ShapedArray(float32[512]), ShapedArray(float32[512]), ShapedArray(float32[512]), ShapedArray(float32[512]), ShapedArray(float32[512]).
See an explanation at https://jax.readthedocs.io/en/latest/faq.html#buffer-donation.
  warnings.warn(f"Some donated buffers were not usable: {', '.join(unused_donations)}.\n{msg}")
I0215 02:45:22.023444 140038760429312 logging_writer.py:48] [0] global_step=0, grad_norm=22.14777374267578, loss=32.61582565307617
I0215 02:45:22.056889 140202902193984 spec.py:321] Evaluating on the training split.
I0215 02:45:22.319680 140202902193984 input_pipeline.py:20] Loading split = train-clean-100
I0215 02:45:22.355595 140202902193984 input_pipeline.py:20] Loading split = train-clean-360
I0215 02:45:22.725930 140202902193984 input_pipeline.py:20] Loading split = train-other-500
/usr/local/lib/python3.8/dist-packages/jax/_src/ops/scatter.py:92: FutureWarning: scatter inputs have incompatible types: cannot safely cast value from dtype=float32 to dtype=int32. In future JAX releases this will result in an error.
  warnings.warn("scatter inputs have incompatible types: cannot safely cast "
I0215 02:47:19.008030 140202902193984 spec.py:333] Evaluating on the validation split.
I0215 02:47:19.203665 140202902193984 input_pipeline.py:20] Loading split = dev-clean
I0215 02:47:19.209315 140202902193984 input_pipeline.py:20] Loading split = dev-other
I0215 02:48:33.211546 140202902193984 spec.py:349] Evaluating on the test split.
I0215 02:48:33.410020 140202902193984 input_pipeline.py:20] Loading split = test-clean
I0215 02:49:15.637539 140202902193984 submission_runner.py:408] Time since start: 278.14s, 	Step: 1, 	{'train/ctc_loss': Array(31.23901, dtype=float32), 'train/wer': 3.532270995148158, 'validation/ctc_loss': Array(30.351154, dtype=float32), 'validation/wer': 3.0460816590555817, 'validation/num_examples': 5348, 'test/ctc_loss': Array(30.536453, dtype=float32), 'test/wer': 3.361383624804501, 'test/num_examples': 2472, 'score': 44.56120181083679, 'total_duration': 278.1395950317383, 'accumulated_submission_time': 44.56120181083679, 'accumulated_eval_time': 233.57833003997803, 'accumulated_logging_time': 0}
I0215 02:49:15.667321 140028939695872 logging_writer.py:48] [1] accumulated_eval_time=233.578330, accumulated_logging_time=0, accumulated_submission_time=44.561202, global_step=1, preemption_count=0, score=44.561202, test/ctc_loss=30.536453247070312, test/num_examples=2472, test/wer=3.361384, total_duration=278.139595, train/ctc_loss=31.239009857177734, train/wer=3.532271, validation/ctc_loss=30.351154327392578, validation/num_examples=5348, validation/wer=3.046082
I0215 02:50:41.918658 140045086775040 logging_writer.py:48] [100] global_step=100, grad_norm=7.838081359863281, loss=9.6026611328125
I0215 02:51:58.924609 140045095167744 logging_writer.py:48] [200] global_step=200, grad_norm=1.8056128025054932, loss=6.609450340270996
I0215 02:53:16.831153 140045086775040 logging_writer.py:48] [300] global_step=300, grad_norm=0.5066530704498291, loss=5.895442485809326
I0215 02:54:33.542595 140045095167744 logging_writer.py:48] [400] global_step=400, grad_norm=0.3404887616634369, loss=5.8645124435424805
I0215 02:55:50.674345 140045086775040 logging_writer.py:48] [500] global_step=500, grad_norm=0.4674813449382782, loss=5.847517490386963
I0215 02:57:08.296138 140045095167744 logging_writer.py:48] [600] global_step=600, grad_norm=0.3229435384273529, loss=5.793175220489502
I0215 02:58:25.082705 140045086775040 logging_writer.py:48] [700] global_step=700, grad_norm=0.40629443526268005, loss=5.778879165649414
I0215 02:59:41.687709 140045095167744 logging_writer.py:48] [800] global_step=800, grad_norm=0.3693951368331909, loss=5.7178168296813965
I0215 03:00:59.024303 140045086775040 logging_writer.py:48] [900] global_step=900, grad_norm=0.46345606446266174, loss=5.604882717132568
I0215 03:02:19.045759 140045095167744 logging_writer.py:48] [1000] global_step=1000, grad_norm=1.0211232900619507, loss=5.501336574554443
I0215 03:03:39.770209 140046431065856 logging_writer.py:48] [1100] global_step=1100, grad_norm=0.6452600955963135, loss=5.3542327880859375
I0215 03:04:56.256636 140046422673152 logging_writer.py:48] [1200] global_step=1200, grad_norm=0.6563786864280701, loss=5.055330276489258
I0215 03:06:13.630599 140046431065856 logging_writer.py:48] [1300] global_step=1300, grad_norm=1.3352800607681274, loss=4.550919532775879
I0215 03:07:29.452541 140046422673152 logging_writer.py:48] [1400] global_step=1400, grad_norm=1.360425591468811, loss=4.121361255645752
I0215 03:08:48.059408 140046431065856 logging_writer.py:48] [1500] global_step=1500, grad_norm=2.429443597793579, loss=3.840203285217285
I0215 03:10:10.803556 140046422673152 logging_writer.py:48] [1600] global_step=1600, grad_norm=2.0069520473480225, loss=3.5816516876220703
I0215 03:11:31.326380 140046431065856 logging_writer.py:48] [1700] global_step=1700, grad_norm=1.8443293571472168, loss=3.424828052520752
I0215 03:12:53.008691 140046422673152 logging_writer.py:48] [1800] global_step=1800, grad_norm=3.2240731716156006, loss=3.2808568477630615
I0215 03:13:16.652399 140202902193984 spec.py:321] Evaluating on the training split.
I0215 03:13:55.116529 140202902193984 spec.py:333] Evaluating on the validation split.
I0215 03:14:41.261339 140202902193984 spec.py:349] Evaluating on the test split.
I0215 03:15:04.571325 140202902193984 submission_runner.py:408] Time since start: 1827.07s, 	Step: 1829, 	{'train/ctc_loss': Array(6.2994285, dtype=float32), 'train/wer': 0.9422720438301991, 'validation/ctc_loss': Array(6.226698, dtype=float32), 'validation/wer': 0.8960097318902845, 'validation/num_examples': 5348, 'test/ctc_loss': Array(6.149786, dtype=float32), 'test/wer': 0.8985639713200496, 'test/num_examples': 2472, 'score': 1485.454912185669, 'total_duration': 1827.0729236602783, 'accumulated_submission_time': 1485.454912185669, 'accumulated_eval_time': 341.49453115463257, 'accumulated_logging_time': 0.044753074645996094}
I0215 03:15:04.598261 140046431065856 logging_writer.py:48] [1829] accumulated_eval_time=341.494531, accumulated_logging_time=0.044753, accumulated_submission_time=1485.454912, global_step=1829, preemption_count=0, score=1485.454912, test/ctc_loss=6.149785995483398, test/num_examples=2472, test/wer=0.898564, total_duration=1827.072924, train/ctc_loss=6.299428462982178, train/wer=0.942272, validation/ctc_loss=6.22669792175293, validation/num_examples=5348, validation/wer=0.896010
I0215 03:15:58.748253 140046422673152 logging_writer.py:48] [1900] global_step=1900, grad_norm=3.7624504566192627, loss=3.14778208732605
I0215 03:17:14.970062 140046431065856 logging_writer.py:48] [2000] global_step=2000, grad_norm=1.8948482275009155, loss=2.9829630851745605
I0215 03:18:34.155488 140046431065856 logging_writer.py:48] [2100] global_step=2100, grad_norm=2.5351879596710205, loss=2.7986598014831543
I0215 03:19:51.369384 140046422673152 logging_writer.py:48] [2200] global_step=2200, grad_norm=4.890322685241699, loss=2.8255066871643066
I0215 03:21:08.286307 140046431065856 logging_writer.py:48] [2300] global_step=2300, grad_norm=2.6208066940307617, loss=2.7002830505371094
I0215 03:22:25.870105 140046422673152 logging_writer.py:48] [2400] global_step=2400, grad_norm=2.829808235168457, loss=2.6490910053253174
I0215 03:23:44.581489 140046431065856 logging_writer.py:48] [2500] global_step=2500, grad_norm=4.675197124481201, loss=2.5984244346618652
I0215 03:25:08.619907 140046422673152 logging_writer.py:48] [2600] global_step=2600, grad_norm=3.662404775619507, loss=2.509406328201294
I0215 03:26:32.639019 140046431065856 logging_writer.py:48] [2700] global_step=2700, grad_norm=4.6315789222717285, loss=2.5270164012908936
I0215 03:27:57.642236 140046422673152 logging_writer.py:48] [2800] global_step=2800, grad_norm=3.4223923683166504, loss=2.3934860229492188
I0215 03:29:17.434689 140046431065856 logging_writer.py:48] [2900] global_step=2900, grad_norm=2.404284715652466, loss=2.381842851638794
I0215 03:30:39.439711 140046422673152 logging_writer.py:48] [3000] global_step=3000, grad_norm=5.669597625732422, loss=2.340925455093384
I0215 03:32:05.830429 140047086425856 logging_writer.py:48] [3100] global_step=3100, grad_norm=3.1537084579467773, loss=2.3471791744232178
I0215 03:33:21.216964 140047078033152 logging_writer.py:48] [3200] global_step=3200, grad_norm=3.9230310916900635, loss=2.261043071746826
I0215 03:34:37.661134 140047086425856 logging_writer.py:48] [3300] global_step=3300, grad_norm=3.4046337604522705, loss=2.260425090789795
I0215 03:35:52.597153 140047078033152 logging_writer.py:48] [3400] global_step=3400, grad_norm=2.718353033065796, loss=2.185800552368164
I0215 03:37:10.594874 140047086425856 logging_writer.py:48] [3500] global_step=3500, grad_norm=3.3597514629364014, loss=2.208317518234253
I0215 03:38:32.764725 140047078033152 logging_writer.py:48] [3600] global_step=3600, grad_norm=5.071929454803467, loss=2.154470205307007
I0215 03:39:04.653979 140202902193984 spec.py:321] Evaluating on the training split.
I0215 03:39:53.562898 140202902193984 spec.py:333] Evaluating on the validation split.
I0215 03:40:42.776058 140202902193984 spec.py:349] Evaluating on the test split.
I0215 03:41:07.906526 140202902193984 submission_runner.py:408] Time since start: 3390.41s, 	Step: 3638, 	{'train/ctc_loss': Array(3.389681, dtype=float32), 'train/wer': 0.697909064272967, 'validation/ctc_loss': Array(3.6511831, dtype=float32), 'validation/wer': 0.7208646707280574, 'validation/num_examples': 5348, 'test/ctc_loss': Array(3.2384326, dtype=float32), 'test/wer': 0.6621168728292, 'test/num_examples': 2472, 'score': 2925.4223692417145, 'total_duration': 3390.408249616623, 'accumulated_submission_time': 2925.4223692417145, 'accumulated_eval_time': 464.7445025444031, 'accumulated_logging_time': 0.08341050148010254}
I0215 03:41:07.934138 140047086425856 logging_writer.py:48] [3638] accumulated_eval_time=464.744503, accumulated_logging_time=0.083411, accumulated_submission_time=2925.422369, global_step=3638, preemption_count=0, score=2925.422369, test/ctc_loss=3.2384326457977295, test/num_examples=2472, test/wer=0.662117, total_duration=3390.408250, train/ctc_loss=3.389681100845337, train/wer=0.697909, validation/ctc_loss=3.6511831283569336, validation/num_examples=5348, validation/wer=0.720865
I0215 03:41:54.975956 140047078033152 logging_writer.py:48] [3700] global_step=3700, grad_norm=4.244440078735352, loss=2.130631685256958
I0215 03:43:09.831929 140047086425856 logging_writer.py:48] [3800] global_step=3800, grad_norm=3.4006030559539795, loss=2.139986276626587
I0215 03:44:25.989963 140047078033152 logging_writer.py:48] [3900] global_step=3900, grad_norm=4.965709209442139, loss=2.1259982585906982
I0215 03:45:44.882242 140047086425856 logging_writer.py:48] [4000] global_step=4000, grad_norm=3.877946615219116, loss=2.154930830001831
I0215 03:47:05.985209 140047078033152 logging_writer.py:48] [4100] global_step=4100, grad_norm=3.6390984058380127, loss=2.1001224517822266
I0215 03:48:28.315882 140046431065856 logging_writer.py:48] [4200] global_step=4200, grad_norm=4.703920364379883, loss=2.0646471977233887
I0215 03:49:43.898460 140046422673152 logging_writer.py:48] [4300] global_step=4300, grad_norm=3.240823984146118, loss=2.064523696899414
I0215 03:50:58.735962 140046431065856 logging_writer.py:48] [4400] global_step=4400, grad_norm=3.0007827281951904, loss=2.032872438430786
I0215 03:52:14.638450 140046422673152 logging_writer.py:48] [4500] global_step=4500, grad_norm=3.2843422889709473, loss=2.0156571865081787
I0215 03:53:39.597278 140046431065856 logging_writer.py:48] [4600] global_step=4600, grad_norm=3.3876051902770996, loss=2.0031545162200928
I0215 03:55:01.827939 140046422673152 logging_writer.py:48] [4700] global_step=4700, grad_norm=4.305121421813965, loss=1.9461629390716553
I0215 03:56:25.195669 140046431065856 logging_writer.py:48] [4800] global_step=4800, grad_norm=2.9411840438842773, loss=1.9721966981887817
I0215 03:57:43.318558 140046422673152 logging_writer.py:48] [4900] global_step=4900, grad_norm=3.799720525741577, loss=1.9294577836990356
I0215 03:59:04.869978 140046431065856 logging_writer.py:48] [5000] global_step=5000, grad_norm=4.584596157073975, loss=2.045379161834717
I0215 04:00:30.998282 140046422673152 logging_writer.py:48] [5100] global_step=5100, grad_norm=2.8581817150115967, loss=1.905234694480896
I0215 04:01:53.091506 140047086425856 logging_writer.py:48] [5200] global_step=5200, grad_norm=4.109742641448975, loss=1.9303689002990723
I0215 04:03:09.492258 140047078033152 logging_writer.py:48] [5300] global_step=5300, grad_norm=3.6417176723480225, loss=1.9246035814285278
I0215 04:04:25.373038 140047086425856 logging_writer.py:48] [5400] global_step=5400, grad_norm=3.4324309825897217, loss=2.002192735671997
I0215 04:05:08.418945 140202902193984 spec.py:321] Evaluating on the training split.
I0215 04:06:04.984815 140202902193984 spec.py:333] Evaluating on the validation split.
I0215 04:06:56.514700 140202902193984 spec.py:349] Evaluating on the test split.
I0215 04:07:22.302992 140202902193984 submission_runner.py:408] Time since start: 4964.80s, 	Step: 5458, 	{'train/ctc_loss': Array(0.6259818, dtype=float32), 'train/wer': 0.2104833140935423, 'validation/ctc_loss': Array(1.0288459, dtype=float32), 'validation/wer': 0.28744798555663903, 'validation/num_examples': 5348, 'test/ctc_loss': Array(0.68839693, dtype=float32), 'test/wer': 0.21467308512583025, 'test/num_examples': 2472, 'score': 4365.819350719452, 'total_duration': 4964.804627656937, 'accumulated_submission_time': 4365.819350719452, 'accumulated_eval_time': 598.6258668899536, 'accumulated_logging_time': 0.12372756004333496}
I0215 04:07:22.327838 140047086425856 logging_writer.py:48] [5458] accumulated_eval_time=598.625867, accumulated_logging_time=0.123728, accumulated_submission_time=4365.819351, global_step=5458, preemption_count=0, score=4365.819351, test/ctc_loss=0.6883969306945801, test/num_examples=2472, test/wer=0.214673, total_duration=4964.804628, train/ctc_loss=0.6259818077087402, train/wer=0.210483, validation/ctc_loss=1.0288459062576294, validation/num_examples=5348, validation/wer=0.287448
I0215 04:07:54.645825 140047078033152 logging_writer.py:48] [5500] global_step=5500, grad_norm=2.799380302429199, loss=1.8749723434448242
I0215 04:09:11.357651 140047086425856 logging_writer.py:48] [5600] global_step=5600, grad_norm=3.3403263092041016, loss=1.8817154169082642
I0215 04:10:26.266321 140047078033152 logging_writer.py:48] [5700] global_step=5700, grad_norm=3.892305374145508, loss=1.8327635526657104
I0215 04:11:44.474022 140047086425856 logging_writer.py:48] [5800] global_step=5800, grad_norm=3.486438751220703, loss=1.8673744201660156
I0215 04:13:05.623410 140047078033152 logging_writer.py:48] [5900] global_step=5900, grad_norm=2.921774387359619, loss=1.9208283424377441
I0215 04:14:27.895539 140047086425856 logging_writer.py:48] [6000] global_step=6000, grad_norm=3.923670530319214, loss=1.849089503288269
I0215 04:15:52.805764 140047078033152 logging_writer.py:48] [6100] global_step=6100, grad_norm=5.7859954833984375, loss=1.9528346061706543
I0215 04:17:19.505534 140046431065856 logging_writer.py:48] [6200] global_step=6200, grad_norm=5.186900615692139, loss=1.8350896835327148
I0215 04:18:34.980291 140046422673152 logging_writer.py:48] [6300] global_step=6300, grad_norm=3.025472402572632, loss=1.8169398307800293
I0215 04:19:53.290523 140046431065856 logging_writer.py:48] [6400] global_step=6400, grad_norm=3.0765411853790283, loss=1.7624315023422241
I0215 04:21:08.743419 140046422673152 logging_writer.py:48] [6500] global_step=6500, grad_norm=3.30877947807312, loss=1.7738181352615356
I0215 04:22:28.729044 140046431065856 logging_writer.py:48] [6600] global_step=6600, grad_norm=3.893984079360962, loss=1.790062665939331
I0215 04:23:52.479751 140046422673152 logging_writer.py:48] [6700] global_step=6700, grad_norm=3.0177841186523438, loss=1.8089492321014404
I0215 04:25:18.891501 140046431065856 logging_writer.py:48] [6800] global_step=6800, grad_norm=2.5479397773742676, loss=1.7747466564178467
I0215 04:26:43.495881 140046422673152 logging_writer.py:48] [6900] global_step=6900, grad_norm=4.561333179473877, loss=1.7940937280654907
I0215 04:28:10.029932 140046431065856 logging_writer.py:48] [7000] global_step=7000, grad_norm=3.337599754333496, loss=1.7794045209884644
I0215 04:29:35.431201 140046422673152 logging_writer.py:48] [7100] global_step=7100, grad_norm=4.245173931121826, loss=1.8144280910491943
I0215 04:30:59.787352 140046431065856 logging_writer.py:48] [7200] global_step=7200, grad_norm=5.764108657836914, loss=1.7352455854415894
I0215 04:31:22.772768 140202902193984 spec.py:321] Evaluating on the training split.
I0215 04:32:23.113235 140202902193984 spec.py:333] Evaluating on the validation split.
I0215 04:33:14.673907 140202902193984 spec.py:349] Evaluating on the test split.
I0215 04:33:40.754290 140202902193984 submission_runner.py:408] Time since start: 6543.26s, 	Step: 7226, 	{'train/ctc_loss': Array(0.48525193, dtype=float32), 'train/wer': 0.16322822524060362, 'validation/ctc_loss': Array(0.8257652, dtype=float32), 'validation/wer': 0.23722448033829904, 'validation/num_examples': 5348, 'test/ctc_loss': Array(0.5244182, dtype=float32), 'test/wer': 0.1696220015030569, 'test/num_examples': 2472, 'score': 5806.1792895793915, 'total_duration': 6543.255874633789, 'accumulated_submission_time': 5806.1792895793915, 'accumulated_eval_time': 736.6049258708954, 'accumulated_logging_time': 0.16009974479675293}
I0215 04:33:40.780743 140046502745856 logging_writer.py:48] [7226] accumulated_eval_time=736.604926, accumulated_logging_time=0.160100, accumulated_submission_time=5806.179290, global_step=7226, preemption_count=0, score=5806.179290, test/ctc_loss=0.5244181752204895, test/num_examples=2472, test/wer=0.169622, total_duration=6543.255875, train/ctc_loss=0.48525193333625793, train/wer=0.163228, validation/ctc_loss=0.8257651925086975, validation/num_examples=5348, validation/wer=0.237224
I0215 04:34:36.835781 140046494353152 logging_writer.py:48] [7300] global_step=7300, grad_norm=3.8560094833374023, loss=1.802605390548706
I0215 04:35:51.657081 140046502745856 logging_writer.py:48] [7400] global_step=7400, grad_norm=3.516148567199707, loss=1.731151819229126
I0215 04:37:07.653529 140046494353152 logging_writer.py:48] [7500] global_step=7500, grad_norm=2.2340710163116455, loss=1.765595555305481
I0215 04:38:22.661799 140046502745856 logging_writer.py:48] [7600] global_step=7600, grad_norm=5.4089508056640625, loss=1.6685242652893066
I0215 04:39:37.344424 140046494353152 logging_writer.py:48] [7700] global_step=7700, grad_norm=4.655694961547852, loss=1.743796944618225
I0215 04:40:57.775483 140046502745856 logging_writer.py:48] [7800] global_step=7800, grad_norm=4.362552642822266, loss=1.728509783744812
I0215 04:42:19.750872 140046494353152 logging_writer.py:48] [7900] global_step=7900, grad_norm=4.2866129875183105, loss=1.7238085269927979
I0215 04:43:44.943873 140046502745856 logging_writer.py:48] [8000] global_step=8000, grad_norm=3.79101300239563, loss=1.7625656127929688
I0215 04:45:11.517922 140046494353152 logging_writer.py:48] [8100] global_step=8100, grad_norm=3.965216875076294, loss=1.7285877466201782
I0215 04:46:33.474469 140046502745856 logging_writer.py:48] [8200] global_step=8200, grad_norm=3.5078907012939453, loss=1.6571714878082275
I0215 04:47:56.051075 140046502745856 logging_writer.py:48] [8300] global_step=8300, grad_norm=4.252633094787598, loss=1.740952730178833
I0215 04:49:11.643531 140046494353152 logging_writer.py:48] [8400] global_step=8400, grad_norm=2.9313433170318604, loss=1.6696044206619263
I0215 04:50:29.165053 140046502745856 logging_writer.py:48] [8500] global_step=8500, grad_norm=4.030802249908447, loss=1.6124533414840698
I0215 04:51:45.252441 140046494353152 logging_writer.py:48] [8600] global_step=8600, grad_norm=2.841610908508301, loss=1.7398658990859985
I0215 04:53:07.191186 140046502745856 logging_writer.py:48] [8700] global_step=8700, grad_norm=2.7040278911590576, loss=1.69007408618927
I0215 04:54:30.550350 140046494353152 logging_writer.py:48] [8800] global_step=8800, grad_norm=3.3157269954681396, loss=1.6648741960525513
I0215 04:55:52.416724 140046502745856 logging_writer.py:48] [8900] global_step=8900, grad_norm=2.6739492416381836, loss=1.627549171447754
I0215 04:57:18.310586 140046494353152 logging_writer.py:48] [9000] global_step=9000, grad_norm=3.6436655521392822, loss=1.6602470874786377
I0215 04:57:41.305500 140202902193984 spec.py:321] Evaluating on the training split.
I0215 04:58:40.501346 140202902193984 spec.py:333] Evaluating on the validation split.
I0215 04:59:31.344704 140202902193984 spec.py:349] Evaluating on the test split.
I0215 04:59:56.580571 140202902193984 submission_runner.py:408] Time since start: 8119.08s, 	Step: 9028, 	{'train/ctc_loss': Array(0.43553168, dtype=float32), 'train/wer': 0.14760594924873338, 'validation/ctc_loss': Array(0.76645046, dtype=float32), 'validation/wer': 0.2220570203809726, 'validation/num_examples': 5348, 'test/ctc_loss': Array(0.47539398, dtype=float32), 'test/wer': 0.15251965145329352, 'test/num_examples': 2472, 'score': 7246.616269826889, 'total_duration': 8119.081926584244, 'accumulated_submission_time': 7246.616269826889, 'accumulated_eval_time': 871.8770303726196, 'accumulated_logging_time': 0.19861793518066406}
I0215 04:59:56.607568 140046364505856 logging_writer.py:48] [9028] accumulated_eval_time=871.877030, accumulated_logging_time=0.198618, accumulated_submission_time=7246.616270, global_step=9028, preemption_count=0, score=7246.616270, test/ctc_loss=0.47539398074150085, test/num_examples=2472, test/wer=0.152520, total_duration=8119.081927, train/ctc_loss=0.4355316758155823, train/wer=0.147606, validation/ctc_loss=0.7664504647254944, validation/num_examples=5348, validation/wer=0.222057
I0215 05:00:51.312248 140046356113152 logging_writer.py:48] [9100] global_step=9100, grad_norm=2.8042054176330566, loss=1.7064553499221802
I0215 05:02:07.318243 140046364505856 logging_writer.py:48] [9200] global_step=9200, grad_norm=2.5497450828552246, loss=1.6451431512832642
I0215 05:03:25.948333 140046364505856 logging_writer.py:48] [9300] global_step=9300, grad_norm=3.188077688217163, loss=1.6365200281143188
I0215 05:04:42.678955 140046356113152 logging_writer.py:48] [9400] global_step=9400, grad_norm=3.338663101196289, loss=1.7031170129776
I0215 05:06:00.172731 140046364505856 logging_writer.py:48] [9500] global_step=9500, grad_norm=4.443976402282715, loss=1.6954338550567627
I0215 05:07:16.448997 140046356113152 logging_writer.py:48] [9600] global_step=9600, grad_norm=3.30319881439209, loss=1.6840882301330566
I0215 05:08:40.630033 140046364505856 logging_writer.py:48] [9700] global_step=9700, grad_norm=3.501880645751953, loss=1.643706202507019
I0215 05:10:04.015131 140046356113152 logging_writer.py:48] [9800] global_step=9800, grad_norm=5.272682189941406, loss=1.6168776750564575
I0215 05:11:27.303208 140046364505856 logging_writer.py:48] [9900] global_step=9900, grad_norm=3.1560282707214355, loss=1.626660943031311
I0215 05:12:52.894905 140046356113152 logging_writer.py:48] [10000] global_step=10000, grad_norm=2.805602788925171, loss=1.5705689191818237
I0215 05:14:19.179104 140046364505856 logging_writer.py:48] [10100] global_step=10100, grad_norm=3.073086738586426, loss=1.6477446556091309
I0215 05:15:39.787697 140046356113152 logging_writer.py:48] [10200] global_step=10200, grad_norm=1.9653699398040771, loss=1.5735642910003662
I0215 05:17:04.108476 140046036825856 logging_writer.py:48] [10300] global_step=10300, grad_norm=2.9325246810913086, loss=1.6322369575500488
I0215 05:18:19.271716 140046028433152 logging_writer.py:48] [10400] global_step=10400, grad_norm=3.159276247024536, loss=1.6243069171905518
I0215 05:19:37.376518 140046036825856 logging_writer.py:48] [10500] global_step=10500, grad_norm=4.311147689819336, loss=1.6609529256820679
I0215 05:20:57.253327 140046028433152 logging_writer.py:48] [10600] global_step=10600, grad_norm=3.405231475830078, loss=1.534010887145996
I0215 05:22:19.574252 140046036825856 logging_writer.py:48] [10700] global_step=10700, grad_norm=2.3439130783081055, loss=1.650469183921814
I0215 05:23:41.342606 140046028433152 logging_writer.py:48] [10800] global_step=10800, grad_norm=2.9018421173095703, loss=1.6125141382217407
I0215 05:23:57.104701 140202902193984 spec.py:321] Evaluating on the training split.
I0215 05:24:52.476402 140202902193984 spec.py:333] Evaluating on the validation split.
I0215 05:25:44.598967 140202902193984 spec.py:349] Evaluating on the test split.
I0215 05:26:11.928888 140202902193984 submission_runner.py:408] Time since start: 9694.43s, 	Step: 10819, 	{'train/ctc_loss': Array(0.4950031, dtype=float32), 'train/wer': 0.1622237278008653, 'validation/ctc_loss': Array(0.8763321, dtype=float32), 'validation/wer': 0.24400204678644874, 'validation/num_examples': 5348, 'test/ctc_loss': Array(0.50596225, dtype=float32), 'test/wer': 0.16094895700038592, 'test/num_examples': 2472, 'score': 8687.026130914688, 'total_duration': 9694.430442094803, 'accumulated_submission_time': 8687.026130914688, 'accumulated_eval_time': 1006.6984577178955, 'accumulated_logging_time': 0.23746633529663086}
I0215 05:26:11.955410 140046794585856 logging_writer.py:48] [10819] accumulated_eval_time=1006.698458, accumulated_logging_time=0.237466, accumulated_submission_time=8687.026131, global_step=10819, preemption_count=0, score=8687.026131, test/ctc_loss=0.5059622526168823, test/num_examples=2472, test/wer=0.160949, total_duration=9694.430442, train/ctc_loss=0.4950031042098999, train/wer=0.162224, validation/ctc_loss=0.8763321042060852, validation/num_examples=5348, validation/wer=0.244002
I0215 05:27:14.017771 140046786193152 logging_writer.py:48] [10900] global_step=10900, grad_norm=2.5998778343200684, loss=1.633121371269226
I0215 05:28:30.022288 140046794585856 logging_writer.py:48] [11000] global_step=11000, grad_norm=3.4133975505828857, loss=1.6157954931259155
I0215 05:29:45.512134 140046786193152 logging_writer.py:48] [11100] global_step=11100, grad_norm=3.2592289447784424, loss=1.605659008026123
I0215 05:31:01.190729 140046794585856 logging_writer.py:48] [11200] global_step=11200, grad_norm=3.0416860580444336, loss=1.5762927532196045
I0215 05:32:22.113937 140046786193152 logging_writer.py:48] [11300] global_step=11300, grad_norm=3.2224550247192383, loss=1.6366870403289795
I0215 05:33:44.482427 140045483865856 logging_writer.py:48] [11400] global_step=11400, grad_norm=2.847539186477661, loss=1.629699945449829
I0215 05:35:01.238841 140045475473152 logging_writer.py:48] [11500] global_step=11500, grad_norm=2.867107629776001, loss=1.5803810358047485
I0215 05:36:17.238818 140045483865856 logging_writer.py:48] [11600] global_step=11600, grad_norm=3.377476215362549, loss=1.6053987741470337
I0215 05:37:33.631999 140045475473152 logging_writer.py:48] [11700] global_step=11700, grad_norm=2.8733437061309814, loss=1.5419195890426636
I0215 05:38:58.134579 140045483865856 logging_writer.py:48] [11800] global_step=11800, grad_norm=2.3776776790618896, loss=1.638657808303833
I0215 05:40:23.444911 140045475473152 logging_writer.py:48] [11900] global_step=11900, grad_norm=3.4755308628082275, loss=1.5530848503112793
I0215 05:41:46.918397 140045483865856 logging_writer.py:48] [12000] global_step=12000, grad_norm=2.3125014305114746, loss=1.5571205615997314
I0215 05:43:07.512156 140045475473152 logging_writer.py:48] [12100] global_step=12100, grad_norm=2.3247275352478027, loss=1.587165117263794
I0215 05:44:32.601482 140045483865856 logging_writer.py:48] [12200] global_step=12200, grad_norm=2.4868853092193604, loss=1.6289963722229004
I0215 05:45:57.728781 140045475473152 logging_writer.py:48] [12300] global_step=12300, grad_norm=2.7718327045440674, loss=1.6067653894424438
I0215 05:47:23.273994 140046794585856 logging_writer.py:48] [12400] global_step=12400, grad_norm=4.6886115074157715, loss=1.5479919910430908
I0215 05:48:38.962904 140046786193152 logging_writer.py:48] [12500] global_step=12500, grad_norm=4.92236328125, loss=1.6011141538619995
I0215 05:49:55.341827 140046794585856 logging_writer.py:48] [12600] global_step=12600, grad_norm=4.352078914642334, loss=1.6367603540420532
I0215 05:50:12.666215 140202902193984 spec.py:321] Evaluating on the training split.
I0215 05:51:08.001276 140202902193984 spec.py:333] Evaluating on the validation split.
I0215 05:51:58.488313 140202902193984 spec.py:349] Evaluating on the test split.
I0215 05:52:25.465595 140202902193984 submission_runner.py:408] Time since start: 11267.97s, 	Step: 12624, 	{'train/ctc_loss': Array(0.37129277, dtype=float32), 'train/wer': 0.1258162635866675, 'validation/ctc_loss': Array(0.6872197, dtype=float32), 'validation/wer': 0.1990210181797117, 'validation/num_examples': 5348, 'test/ctc_loss': Array(0.4055817, dtype=float32), 'test/wer': 0.12944569699185507, 'test/num_examples': 2472, 'score': 10127.646817445755, 'total_duration': 11267.967316865921, 'accumulated_submission_time': 10127.646817445755, 'accumulated_eval_time': 1139.495243549347, 'accumulated_logging_time': 0.2780308723449707}
I0215 05:52:25.494410 140046794585856 logging_writer.py:48] [12624] accumulated_eval_time=1139.495244, accumulated_logging_time=0.278031, accumulated_submission_time=10127.646817, global_step=12624, preemption_count=0, score=10127.646817, test/ctc_loss=0.4055817127227783, test/num_examples=2472, test/wer=0.129446, total_duration=11267.967317, train/ctc_loss=0.37129276990890503, train/wer=0.125816, validation/ctc_loss=0.6872196793556213, validation/num_examples=5348, validation/wer=0.199021
I0215 05:53:23.117076 140046786193152 logging_writer.py:48] [12700] global_step=12700, grad_norm=3.1468749046325684, loss=1.5648030042648315
I0215 05:54:38.669895 140046794585856 logging_writer.py:48] [12800] global_step=12800, grad_norm=3.0083422660827637, loss=1.656649112701416
I0215 05:55:54.060605 140046786193152 logging_writer.py:48] [12900] global_step=12900, grad_norm=2.415961503982544, loss=1.5803587436676025
I0215 05:57:16.772699 140046794585856 logging_writer.py:48] [13000] global_step=13000, grad_norm=3.3574576377868652, loss=1.5638192892074585
I0215 05:58:38.736161 140046786193152 logging_writer.py:48] [13100] global_step=13100, grad_norm=2.6762795448303223, loss=1.5821384191513062
I0215 06:00:03.411830 140046794585856 logging_writer.py:48] [13200] global_step=13200, grad_norm=2.927581310272217, loss=1.5578068494796753
I0215 06:01:29.279469 140046786193152 logging_writer.py:48] [13300] global_step=13300, grad_norm=2.633639335632324, loss=1.6022515296936035
I0215 06:02:58.592710 140046794585856 logging_writer.py:48] [13400] global_step=13400, grad_norm=3.618624210357666, loss=1.545750379562378
I0215 06:04:15.518001 140046786193152 logging_writer.py:48] [13500] global_step=13500, grad_norm=2.7730066776275635, loss=1.5810582637786865
I0215 06:05:34.268802 140046794585856 logging_writer.py:48] [13600] global_step=13600, grad_norm=3.0540835857391357, loss=1.577052354812622
I0215 06:06:52.222296 140046786193152 logging_writer.py:48] [13700] global_step=13700, grad_norm=3.842982769012451, loss=1.6404883861541748
I0215 06:08:10.431858 140046794585856 logging_writer.py:48] [13800] global_step=13800, grad_norm=2.039897918701172, loss=1.5235899686813354
I0215 06:09:33.960833 140046786193152 logging_writer.py:48] [13900] global_step=13900, grad_norm=3.1474833488464355, loss=1.591416597366333
I0215 06:10:57.378133 140046794585856 logging_writer.py:48] [14000] global_step=14000, grad_norm=4.237532138824463, loss=1.5007940530776978
I0215 06:12:17.256394 140046786193152 logging_writer.py:48] [14100] global_step=14100, grad_norm=2.969910144805908, loss=1.4780173301696777
I0215 06:13:40.290226 140046794585856 logging_writer.py:48] [14200] global_step=14200, grad_norm=2.502739906311035, loss=1.5631988048553467
I0215 06:15:01.173380 140046786193152 logging_writer.py:48] [14300] global_step=14300, grad_norm=2.304074287414551, loss=1.5651941299438477
I0215 06:16:26.086248 140202902193984 spec.py:321] Evaluating on the training split.
I0215 06:17:22.093930 140202902193984 spec.py:333] Evaluating on the validation split.
I0215 06:18:12.513804 140202902193984 spec.py:349] Evaluating on the test split.
I0215 06:18:38.930861 140202902193984 submission_runner.py:408] Time since start: 12841.43s, 	Step: 14400, 	{'train/ctc_loss': Array(0.31816357, dtype=float32), 'train/wer': 0.11004966327777634, 'validation/ctc_loss': Array(0.6623367, dtype=float32), 'validation/wer': 0.19065043397665504, 'validation/num_examples': 5348, 'test/ctc_loss': Array(0.39234465, dtype=float32), 'test/wer': 0.12615522109154428, 'test/num_examples': 2472, 'score': 11568.152488470078, 'total_duration': 12841.431944847107, 'accumulated_submission_time': 11568.152488470078, 'accumulated_eval_time': 1272.3366241455078, 'accumulated_logging_time': 0.3184385299682617}
I0215 06:18:38.961805 140046794585856 logging_writer.py:48] [14400] accumulated_eval_time=1272.336624, accumulated_logging_time=0.318439, accumulated_submission_time=11568.152488, global_step=14400, preemption_count=0, score=11568.152488, test/ctc_loss=0.3923446536064148, test/num_examples=2472, test/wer=0.126155, total_duration=12841.431945, train/ctc_loss=0.31816357374191284, train/wer=0.110050, validation/ctc_loss=0.6623367071151733, validation/num_examples=5348, validation/wer=0.190650
I0215 06:18:39.833936 140046786193152 logging_writer.py:48] [14400] global_step=14400, grad_norm=3.3625831604003906, loss=1.544814109802246
I0215 06:19:59.097065 140046794585856 logging_writer.py:48] [14500] global_step=14500, grad_norm=3.112954616546631, loss=1.5786837339401245
I0215 06:21:14.557727 140046786193152 logging_writer.py:48] [14600] global_step=14600, grad_norm=3.2424559593200684, loss=1.5189462900161743
I0215 06:22:32.372726 140046794585856 logging_writer.py:48] [14700] global_step=14700, grad_norm=3.7221200466156006, loss=1.5159989595413208
I0215 06:23:55.797062 140046786193152 logging_writer.py:48] [14800] global_step=14800, grad_norm=3.1599154472351074, loss=1.5321763753890991
I0215 06:25:19.246751 140046794585856 logging_writer.py:48] [14900] global_step=14900, grad_norm=2.7404162883758545, loss=1.6069121360778809
I0215 06:26:41.827265 140046786193152 logging_writer.py:48] [15000] global_step=15000, grad_norm=4.947569370269775, loss=1.5200281143188477
I0215 06:28:08.771801 140046794585856 logging_writer.py:48] [15100] global_step=15100, grad_norm=3.6111063957214355, loss=1.5137437582015991
I0215 06:29:32.119080 140046786193152 logging_writer.py:48] [15200] global_step=15200, grad_norm=3.184866428375244, loss=1.5118950605392456
I0215 06:30:55.292340 140046794585856 logging_writer.py:48] [15300] global_step=15300, grad_norm=2.821418285369873, loss=1.5869303941726685
I0215 06:32:19.090871 140046786193152 logging_writer.py:48] [15400] global_step=15400, grad_norm=2.238234281539917, loss=1.5629327297210693
I0215 06:33:42.716676 140046794585856 logging_writer.py:48] [15500] global_step=15500, grad_norm=2.5207278728485107, loss=1.4942904710769653
I0215 06:34:58.790533 140046786193152 logging_writer.py:48] [15600] global_step=15600, grad_norm=3.655402421951294, loss=1.5352457761764526
I0215 06:36:15.120669 140046794585856 logging_writer.py:48] [15700] global_step=15700, grad_norm=2.3811519145965576, loss=1.5336220264434814
I0215 06:37:36.345039 140046786193152 logging_writer.py:48] [15800] global_step=15800, grad_norm=2.1201305389404297, loss=1.5507946014404297
I0215 06:39:01.049623 140046794585856 logging_writer.py:48] [15900] global_step=15900, grad_norm=3.410875082015991, loss=1.4710701704025269
I0215 06:40:20.851784 140046786193152 logging_writer.py:48] [16000] global_step=16000, grad_norm=3.271491765975952, loss=1.530975103378296
I0215 06:41:44.728590 140046794585856 logging_writer.py:48] [16100] global_step=16100, grad_norm=2.548309326171875, loss=1.5083401203155518
I0215 06:42:39.289159 140202902193984 spec.py:321] Evaluating on the training split.
I0215 06:43:34.881541 140202902193984 spec.py:333] Evaluating on the validation split.
I0215 06:44:28.683131 140202902193984 spec.py:349] Evaluating on the test split.
I0215 06:44:55.087285 140202902193984 submission_runner.py:408] Time since start: 14417.59s, 	Step: 16169, 	{'train/ctc_loss': Array(0.3033341, dtype=float32), 'train/wer': 0.10425655294224048, 'validation/ctc_loss': Array(0.64782745, dtype=float32), 'validation/wer': 0.18617067495679543, 'validation/num_examples': 5348, 'test/ctc_loss': Array(0.3739464, dtype=float32), 'test/wer': 0.12258038307639185, 'test/num_examples': 2472, 'score': 13008.389578580856, 'total_duration': 14417.589095115662, 'accumulated_submission_time': 13008.389578580856, 'accumulated_eval_time': 1408.132239818573, 'accumulated_logging_time': 0.36313295364379883}
I0215 06:44:55.114800 140046205781760 logging_writer.py:48] [16169] accumulated_eval_time=1408.132240, accumulated_logging_time=0.363133, accumulated_submission_time=13008.389579, global_step=16169, preemption_count=0, score=13008.389579, test/ctc_loss=0.3739463984966278, test/num_examples=2472, test/wer=0.122580, total_duration=14417.589095, train/ctc_loss=0.3033340871334076, train/wer=0.104257, validation/ctc_loss=0.6478274464607239, validation/num_examples=5348, validation/wer=0.186171
I0215 06:45:19.204892 140046197389056 logging_writer.py:48] [16200] global_step=16200, grad_norm=3.1357622146606445, loss=1.583846092224121
I0215 06:46:34.844711 140046205781760 logging_writer.py:48] [16300] global_step=16300, grad_norm=2.4729671478271484, loss=1.4911776781082153
I0215 06:47:51.037834 140046197389056 logging_writer.py:48] [16400] global_step=16400, grad_norm=3.449596643447876, loss=1.5340850353240967
I0215 06:49:09.805917 140046205781760 logging_writer.py:48] [16500] global_step=16500, grad_norm=3.203514814376831, loss=1.498628854751587
I0215 06:50:25.153134 140046197389056 logging_writer.py:48] [16600] global_step=16600, grad_norm=3.327209949493408, loss=1.485935926437378
I0215 06:51:40.539820 140046205781760 logging_writer.py:48] [16700] global_step=16700, grad_norm=2.0885963439941406, loss=1.499627709388733
I0215 06:52:55.512345 140046197389056 logging_writer.py:48] [16800] global_step=16800, grad_norm=2.579958438873291, loss=1.5384559631347656
I0215 06:54:13.261823 140046205781760 logging_writer.py:48] [16900] global_step=16900, grad_norm=2.134690761566162, loss=1.5712436437606812
I0215 06:55:36.864076 140046197389056 logging_writer.py:48] [17000] global_step=17000, grad_norm=1.803514838218689, loss=1.4699336290359497
I0215 06:56:58.586077 140046205781760 logging_writer.py:48] [17100] global_step=17100, grad_norm=2.684267282485962, loss=1.5139546394348145
I0215 06:58:25.487593 140046197389056 logging_writer.py:48] [17200] global_step=17200, grad_norm=3.4934818744659424, loss=1.5293749570846558
I0215 06:59:49.645326 140046205781760 logging_writer.py:48] [17300] global_step=17300, grad_norm=2.616628646850586, loss=1.5340094566345215
I0215 07:01:12.984176 140046197389056 logging_writer.py:48] [17400] global_step=17400, grad_norm=1.8977397680282593, loss=1.520746111869812
I0215 07:02:38.153204 140046205781760 logging_writer.py:48] [17500] global_step=17500, grad_norm=2.74237322807312, loss=1.5330342054367065
I0215 07:03:58.287618 140045550421760 logging_writer.py:48] [17600] global_step=17600, grad_norm=2.9717774391174316, loss=1.479586124420166
I0215 07:05:14.466038 140045542029056 logging_writer.py:48] [17700] global_step=17700, grad_norm=2.849745035171509, loss=1.4219260215759277
I0215 07:06:30.230445 140045550421760 logging_writer.py:48] [17800] global_step=17800, grad_norm=3.1735785007476807, loss=1.5462454557418823
I0215 07:07:51.749225 140045542029056 logging_writer.py:48] [17900] global_step=17900, grad_norm=2.5829081535339355, loss=1.5967961549758911
I0215 07:08:55.526760 140202902193984 spec.py:321] Evaluating on the training split.
I0215 07:09:50.437457 140202902193984 spec.py:333] Evaluating on the validation split.
I0215 07:10:42.041521 140202902193984 spec.py:349] Evaluating on the test split.
I0215 07:11:08.980032 140202902193984 submission_runner.py:408] Time since start: 15991.48s, 	Step: 17980, 	{'train/ctc_loss': Array(0.29420593, dtype=float32), 'train/wer': 0.10390042205859482, 'validation/ctc_loss': Array(0.6150627, dtype=float32), 'validation/wer': 0.17816696757002037, 'validation/num_examples': 5348, 'test/ctc_loss': Array(0.36189067, dtype=float32), 'test/wer': 0.11705563341661081, 'test/num_examples': 2472, 'score': 14448.712196111679, 'total_duration': 15991.481305122375, 'accumulated_submission_time': 14448.712196111679, 'accumulated_eval_time': 1541.5824666023254, 'accumulated_logging_time': 0.4025120735168457}
I0215 07:11:09.009899 140046656345856 logging_writer.py:48] [17980] accumulated_eval_time=1541.582467, accumulated_logging_time=0.402512, accumulated_submission_time=14448.712196, global_step=17980, preemption_count=0, score=14448.712196, test/ctc_loss=0.36189067363739014, test/num_examples=2472, test/wer=0.117056, total_duration=15991.481305, train/ctc_loss=0.2942059338092804, train/wer=0.103900, validation/ctc_loss=0.6150627136230469, validation/num_examples=5348, validation/wer=0.178167
I0215 07:11:24.847981 140046647953152 logging_writer.py:48] [18000] global_step=18000, grad_norm=4.263153553009033, loss=1.4501793384552002
I0215 07:12:41.221347 140046656345856 logging_writer.py:48] [18100] global_step=18100, grad_norm=2.7290022373199463, loss=1.4853980541229248
I0215 07:13:56.636446 140046647953152 logging_writer.py:48] [18200] global_step=18200, grad_norm=2.8158392906188965, loss=1.4827781915664673
I0215 07:15:12.658873 140046656345856 logging_writer.py:48] [18300] global_step=18300, grad_norm=3.183178663253784, loss=1.46658194065094
I0215 07:16:35.156565 140046647953152 logging_writer.py:48] [18400] global_step=18400, grad_norm=2.90456223487854, loss=1.5308287143707275
I0215 07:18:00.147265 140046656345856 logging_writer.py:48] [18500] global_step=18500, grad_norm=2.478624105453491, loss=1.487815499305725
I0215 07:19:23.640234 140046000985856 logging_writer.py:48] [18600] global_step=18600, grad_norm=4.92849063873291, loss=1.4887347221374512
I0215 07:20:41.121807 140045992593152 logging_writer.py:48] [18700] global_step=18700, grad_norm=2.3802216053009033, loss=1.5334405899047852
I0215 07:21:56.896858 140046000985856 logging_writer.py:48] [18800] global_step=18800, grad_norm=3.766845941543579, loss=1.4570635557174683
I0215 07:23:16.755080 140045992593152 logging_writer.py:48] [18900] global_step=18900, grad_norm=2.7761449813842773, loss=1.507314682006836
I0215 07:24:40.408598 140046000985856 logging_writer.py:48] [19000] global_step=19000, grad_norm=3.6898181438446045, loss=1.489790678024292
I0215 07:26:00.257575 140045992593152 logging_writer.py:48] [19100] global_step=19100, grad_norm=3.349879741668701, loss=1.4714092016220093
I0215 07:27:25.761738 140046000985856 logging_writer.py:48] [19200] global_step=19200, grad_norm=2.3113770484924316, loss=1.4118804931640625
I0215 07:28:50.773828 140045992593152 logging_writer.py:48] [19300] global_step=19300, grad_norm=3.0993072986602783, loss=1.46239173412323
I0215 07:30:19.311521 140046000985856 logging_writer.py:48] [19400] global_step=19400, grad_norm=2.5907180309295654, loss=1.4833539724349976
I0215 07:31:42.706585 140045992593152 logging_writer.py:48] [19500] global_step=19500, grad_norm=2.8760788440704346, loss=1.5326883792877197
I0215 07:33:06.537299 140046656345856 logging_writer.py:48] [19600] global_step=19600, grad_norm=2.5325629711151123, loss=1.5065677165985107
I0215 07:34:22.784202 140046647953152 logging_writer.py:48] [19700] global_step=19700, grad_norm=3.134648561477661, loss=1.4360231161117554
I0215 07:35:09.203958 140202902193984 spec.py:321] Evaluating on the training split.
I0215 07:36:04.563208 140202902193984 spec.py:333] Evaluating on the validation split.
I0215 07:36:56.131665 140202902193984 spec.py:349] Evaluating on the test split.
I0215 07:37:22.422583 140202902193984 submission_runner.py:408] Time since start: 17564.92s, 	Step: 19763, 	{'train/ctc_loss': Array(0.30935612, dtype=float32), 'train/wer': 0.1035617017901055, 'validation/ctc_loss': Array(0.6012965, dtype=float32), 'validation/wer': 0.17383202834606137, 'validation/num_examples': 5348, 'test/ctc_loss': Array(0.35354367, dtype=float32), 'test/wer': 0.11299331749030123, 'test/num_examples': 2472, 'score': 15888.818793296814, 'total_duration': 17564.92405796051, 'accumulated_submission_time': 15888.818793296814, 'accumulated_eval_time': 1674.7982478141785, 'accumulated_logging_time': 0.44518375396728516}
I0215 07:37:22.452084 140047086425856 logging_writer.py:48] [19763] accumulated_eval_time=1674.798248, accumulated_logging_time=0.445184, accumulated_submission_time=15888.818793, global_step=19763, preemption_count=0, score=15888.818793, test/ctc_loss=0.3535436689853668, test/num_examples=2472, test/wer=0.112993, total_duration=17564.924058, train/ctc_loss=0.30935612320899963, train/wer=0.103562, validation/ctc_loss=0.6012964844703674, validation/num_examples=5348, validation/wer=0.173832
I0215 07:37:51.012730 140047078033152 logging_writer.py:48] [19800] global_step=19800, grad_norm=2.642296075820923, loss=1.5055094957351685
I0215 07:39:06.453589 140047086425856 logging_writer.py:48] [19900] global_step=19900, grad_norm=2.740309476852417, loss=1.4708530902862549
