I0215 22:03:34.314216 140046896563968 logging_writer.py:48] [30400] global_step=30400, grad_norm=2.4621667861938477, loss=1.2641171216964722
I0215 22:04:49.294109 140046904956672 logging_writer.py:48] [30500] global_step=30500, grad_norm=2.262491226196289, loss=1.2469995021820068
I0215 22:06:04.334600 140046896563968 logging_writer.py:48] [30600] global_step=30600, grad_norm=3.1875734329223633, loss=1.2399462461471558
I0215 22:07:19.244879 140046904956672 logging_writer.py:48] [30700] global_step=30700, grad_norm=2.4521830081939697, loss=1.2868101596832275
I0215 22:08:34.167860 140046896563968 logging_writer.py:48] [30800] global_step=30800, grad_norm=1.8071378469467163, loss=1.3041173219680786
I0215 22:09:52.180032 140046904956672 logging_writer.py:48] [30900] global_step=30900, grad_norm=2.837754011154175, loss=1.291308045387268
I0215 22:11:07.217586 140046896563968 logging_writer.py:48] [31000] global_step=31000, grad_norm=4.175926208496094, loss=1.2867788076400757
I0215 22:12:22.137281 140046904956672 logging_writer.py:48] [31100] global_step=31100, grad_norm=4.039034366607666, loss=1.2643910646438599
I0215 22:13:37.137964 140046896563968 logging_writer.py:48] [31200] global_step=31200, grad_norm=2.257892608642578, loss=1.2445257902145386
I0215 22:14:52.304038 140046904956672 logging_writer.py:48] [31300] global_step=31300, grad_norm=1.654721736907959, loss=1.2928714752197266
I0215 22:16:07.423324 140046896563968 logging_writer.py:48] [31400] global_step=31400, grad_norm=2.8215296268463135, loss=1.2333393096923828
I0215 22:17:22.382368 140046904956672 logging_writer.py:48] [31500] global_step=31500, grad_norm=3.3805744647979736, loss=1.266756296157837
I0215 22:18:37.183964 140046896563968 logging_writer.py:48] [31600] global_step=31600, grad_norm=1.917822003364563, loss=1.2899715900421143
I0215 22:19:52.276316 140046904956672 logging_writer.py:48] [31700] global_step=31700, grad_norm=3.527186393737793, loss=1.3523083925247192
I0215 22:21:07.207985 140046896563968 logging_writer.py:48] [31800] global_step=31800, grad_norm=2.8880982398986816, loss=1.240188479423523
I0215 22:22:22.427041 140046904956672 logging_writer.py:48] [31900] global_step=31900, grad_norm=2.7788994312286377, loss=1.2711704969406128
I0215 22:23:41.409148 140046904956672 logging_writer.py:48] [32000] global_step=32000, grad_norm=3.0855743885040283, loss=1.2969794273376465
I0215 22:24:56.170772 140046896563968 logging_writer.py:48] [32100] global_step=32100, grad_norm=2.4767937660217285, loss=1.2851512432098389
I0215 22:26:11.314053 140046904956672 logging_writer.py:48] [32200] global_step=32200, grad_norm=2.0811681747436523, loss=1.3423194885253906
I0215 22:26:49.979725 140202902193984 spec.py:321] Evaluating on the training split.
I0215 22:27:41.873226 140202902193984 spec.py:333] Evaluating on the validation split.
I0215 22:28:30.299942 140202902193984 spec.py:349] Evaluating on the test split.
I0215 22:28:54.727828 140202902193984 submission_runner.py:408] Time since start: 28483.40s, 	Step: 32253, 	{'train/ctc_loss': Array(0.28022093, dtype=float32), 'train/wer': 0.09712408920291456, 'validation/ctc_loss': Array(0.4823358, dtype=float32), 'validation/wer': 0.14037865549301487, 'validation/num_examples': 5348, 'test/ctc_loss': Array(0.26502502, dtype=float32), 'test/wer': 0.08620234395628948, 'test/num_examples': 2472, 'score': 25940.395836114883, 'total_duration': 28483.39506316185, 'accumulated_submission_time': 25940.395836114883, 'accumulated_eval_time': 2540.7003180980682, 'accumulated_logging_time': 0.8646657466888428}
I0215 22:28:54.765238 140047119996672 logging_writer.py:48] [32253] accumulated_eval_time=2540.700318, accumulated_logging_time=0.864666, accumulated_submission_time=25940.395836, global_step=32253, preemption_count=0, score=25940.395836, test/ctc_loss=0.2650250196456909, test/num_examples=2472, test/wer=0.086202, total_duration=28483.395063, train/ctc_loss=0.2802209258079529, train/wer=0.097124, validation/ctc_loss=0.48233580589294434, validation/num_examples=5348, validation/wer=0.140379
I0215 22:29:30.827887 140047111603968 logging_writer.py:48] [32300] global_step=32300, grad_norm=2.1855082511901855, loss=1.2570115327835083
I0215 22:30:45.879882 140047119996672 logging_writer.py:48] [32400] global_step=32400, grad_norm=2.7525839805603027, loss=1.2399474382400513
I0215 22:32:00.759862 140047111603968 logging_writer.py:48] [32500] global_step=32500, grad_norm=4.726807594299316, loss=1.216776728630066
I0215 22:33:15.752060 140047119996672 logging_writer.py:48] [32600] global_step=32600, grad_norm=1.8681790828704834, loss=1.2875369787216187
I0215 22:34:30.936973 140047111603968 logging_writer.py:48] [32700] global_step=32700, grad_norm=3.06083607673645, loss=1.211827039718628
I0215 22:35:46.089993 140047119996672 logging_writer.py:48] [32800] global_step=32800, grad_norm=2.3190784454345703, loss=1.2627685070037842
I0215 22:37:00.988641 140047111603968 logging_writer.py:48] [32900] global_step=32900, grad_norm=3.0106630325317383, loss=1.3419270515441895
I0215 22:38:19.381654 140047119996672 logging_writer.py:48] [33000] global_step=33000, grad_norm=2.859234094619751, loss=1.1953688859939575
I0215 22:39:34.463142 140047111603968 logging_writer.py:48] [33100] global_step=33100, grad_norm=2.005718946456909, loss=1.2080836296081543
I0215 22:40:49.410835 140047119996672 logging_writer.py:48] [33200] global_step=33200, grad_norm=2.950727939605713, loss=1.2526530027389526
I0215 22:42:04.594440 140047111603968 logging_writer.py:48] [33300] global_step=33300, grad_norm=3.0995898246765137, loss=1.2899998426437378
I0215 22:43:19.707080 140047119996672 logging_writer.py:48] [33400] global_step=33400, grad_norm=2.3016302585601807, loss=1.2364437580108643
I0215 22:44:34.986947 140047111603968 logging_writer.py:48] [33500] global_step=33500, grad_norm=2.263172149658203, loss=1.2415683269500732
I0215 22:45:50.233971 140047119996672 logging_writer.py:48] [33600] global_step=33600, grad_norm=2.966444730758667, loss=1.2563726902008057
I0215 22:47:05.335836 140047111603968 logging_writer.py:48] [33700] global_step=33700, grad_norm=2.219557523727417, loss=1.20900559425354
I0215 22:48:20.542411 140047119996672 logging_writer.py:48] [33800] global_step=33800, grad_norm=2.527742862701416, loss=1.2340668439865112
I0215 22:49:35.877843 140047111603968 logging_writer.py:48] [33900] global_step=33900, grad_norm=1.5970271825790405, loss=1.1954854726791382
I0215 22:50:53.944572 140047119996672 logging_writer.py:48] [34000] global_step=34000, grad_norm=2.3635473251342773, loss=1.2317084074020386
I0215 22:52:09.253394 140047111603968 logging_writer.py:48] [34100] global_step=34100, grad_norm=2.364716053009033, loss=1.1903796195983887
I0215 22:52:54.764378 140202902193984 spec.py:321] Evaluating on the training split.
I0215 22:53:46.410809 140202902193984 spec.py:333] Evaluating on the validation split.
I0215 22:54:34.981820 140202902193984 spec.py:349] Evaluating on the test split.
I0215 22:54:59.557281 140202902193984 submission_runner.py:408] Time since start: 30048.22s, 	Step: 34162, 	{'train/ctc_loss': Array(0.26070222, dtype=float32), 'train/wer': 0.0920251056153354, 'validation/ctc_loss': Array(0.46313033, dtype=float32), 'validation/wer': 0.13380383675912605, 'validation/num_examples': 5348, 'test/ctc_loss': Array(0.2560349, dtype=float32), 'test/wer': 0.08435399020981862, 'test/num_examples': 2472, 'score': 27380.309321403503, 'total_duration': 30048.223422050476, 'accumulated_submission_time': 27380.309321403503, 'accumulated_eval_time': 2665.4868993759155, 'accumulated_logging_time': 0.9170644283294678}
I0215 22:54:59.593918 140047119996672 logging_writer.py:48] [34162] accumulated_eval_time=2665.486899, accumulated_logging_time=0.917064, accumulated_submission_time=27380.309321, global_step=34162, preemption_count=0, score=27380.309321, test/ctc_loss=0.2560349106788635, test/num_examples=2472, test/wer=0.084354, total_duration=30048.223422, train/ctc_loss=0.2607022225856781, train/wer=0.092025, validation/ctc_loss=0.46313032507896423, validation/num_examples=5348, validation/wer=0.133804
I0215 22:55:28.912353 140047111603968 logging_writer.py:48] [34200] global_step=34200, grad_norm=3.132460832595825, loss=1.2307460308074951
I0215 22:56:43.972959 140047119996672 logging_writer.py:48] [34300] global_step=34300, grad_norm=2.453005790710449, loss=1.2158246040344238
I0215 22:57:58.948493 140047111603968 logging_writer.py:48] [34400] global_step=34400, grad_norm=2.7861905097961426, loss=1.1900631189346313
I0215 22:59:13.730420 140047119996672 logging_writer.py:48] [34500] global_step=34500, grad_norm=5.534140110015869, loss=1.2294222116470337
I0215 23:00:28.908403 140047111603968 logging_writer.py:48] [34600] global_step=34600, grad_norm=1.9405783414840698, loss=1.284696102142334
I0215 23:01:43.985291 140047119996672 logging_writer.py:48] [34700] global_step=34700, grad_norm=2.245431661605835, loss=1.2579727172851562
I0215 23:02:59.180799 140047111603968 logging_writer.py:48] [34800] global_step=34800, grad_norm=3.0116894245147705, loss=1.258013129234314
I0215 23:04:14.449541 140047119996672 logging_writer.py:48] [34900] global_step=34900, grad_norm=2.4270384311676025, loss=1.2148033380508423
I0215 23:05:29.508913 140047111603968 logging_writer.py:48] [35000] global_step=35000, grad_norm=2.501035690307617, loss=1.2955846786499023
I0215 23:06:47.649060 140047119996672 logging_writer.py:48] [35100] global_step=35100, grad_norm=2.5326313972473145, loss=1.2065683603286743
I0215 23:08:02.810335 140047111603968 logging_writer.py:48] [35200] global_step=35200, grad_norm=1.7373510599136353, loss=1.2005481719970703
I0215 23:09:17.788705 140047119996672 logging_writer.py:48] [35300] global_step=35300, grad_norm=1.8762089014053345, loss=1.2267889976501465
I0215 23:10:32.891064 140047111603968 logging_writer.py:48] [35400] global_step=35400, grad_norm=4.2399749755859375, loss=1.2230247259140015
I0215 23:11:48.208926 140047119996672 logging_writer.py:48] [35500] global_step=35500, grad_norm=2.8556008338928223, loss=1.2169137001037598
I0215 23:13:03.367923 140047111603968 logging_writer.py:48] [35600] global_step=35600, grad_norm=2.355116605758667, loss=1.2590688467025757
I0215 23:14:18.559333 140047119996672 logging_writer.py:48] [35700] global_step=35700, grad_norm=2.1675846576690674, loss=1.1682718992233276
I0215 23:15:33.665568 140047111603968 logging_writer.py:48] [35800] global_step=35800, grad_norm=2.2788381576538086, loss=1.1829593181610107
I0215 23:16:49.160100 140047119996672 logging_writer.py:48] [35900] global_step=35900, grad_norm=2.6433634757995605, loss=1.1465567350387573
I0215 23:18:04.240255 140047111603968 logging_writer.py:48] [36000] global_step=36000, grad_norm=2.7899086475372314, loss=1.1729416847229004
I0215 23:19:00.213345 140202902193984 spec.py:321] Evaluating on the training split.
I0215 23:19:53.452254 140202902193984 spec.py:333] Evaluating on the validation split.
I0215 23:20:43.150121 140202902193984 spec.py:349] Evaluating on the test split.
I0215 23:21:08.197674 140202902193984 submission_runner.py:408] Time since start: 31616.86s, 	Step: 36072, 	{'train/ctc_loss': Array(0.24969074, dtype=float32), 'train/wer': 0.08759570029776484, 'validation/ctc_loss': Array(0.45965692, dtype=float32), 'validation/wer': 0.13327283084082372, 'validation/num_examples': 5348, 'test/ctc_loss': Array(0.25247654, dtype=float32), 'test/wer': 0.08262750594113705, 'test/num_examples': 2472, 'score': 28820.84319806099, 'total_duration': 31616.8638048172, 'accumulated_submission_time': 28820.84319806099, 'accumulated_eval_time': 2793.4651124477386, 'accumulated_logging_time': 0.9679844379425049}
I0215 23:21:08.236444 140047119996672 logging_writer.py:48] [36072] accumulated_eval_time=2793.465112, accumulated_logging_time=0.967984, accumulated_submission_time=28820.843198, global_step=36072, preemption_count=0, score=28820.843198, test/ctc_loss=0.2524765431880951, test/num_examples=2472, test/wer=0.082628, total_duration=31616.863805, train/ctc_loss=0.24969074130058289, train/wer=0.087596, validation/ctc_loss=0.4596569240093231, validation/num_examples=5348, validation/wer=0.133273
I0215 23:21:30.048727 140047111603968 logging_writer.py:48] [36100] global_step=36100, grad_norm=2.2243378162384033, loss=1.2278488874435425
I0215 23:22:45.029307 140047119996672 logging_writer.py:48] [36200] global_step=36200, grad_norm=2.2981104850769043, loss=1.2108367681503296
I0215 23:23:59.986503 140047111603968 logging_writer.py:48] [36300] global_step=36300, grad_norm=2.3975746631622314, loss=1.232969045639038
I0215 23:25:15.297827 140047119996672 logging_writer.py:48] [36400] global_step=36400, grad_norm=3.283094644546509, loss=1.1570194959640503
I0215 23:26:30.382659 140047111603968 logging_writer.py:48] [36500] global_step=36500, grad_norm=2.844888687133789, loss=1.190559983253479
I0215 23:27:45.436469 140047119996672 logging_writer.py:48] [36600] global_step=36600, grad_norm=1.9408918619155884, loss=1.2316155433654785
I0215 23:29:00.601124 140047111603968 logging_writer.py:48] [36700] global_step=36700, grad_norm=4.1456170082092285, loss=1.2311574220657349
I0215 23:30:16.018742 140047119996672 logging_writer.py:48] [36800] global_step=36800, grad_norm=3.2910306453704834, loss=1.1292058229446411
I0215 23:31:31.436022 140047111603968 logging_writer.py:48] [36900] global_step=36900, grad_norm=2.293945550918579, loss=1.198084831237793
I0215 23:32:46.595786 140047119996672 logging_writer.py:48] [37000] global_step=37000, grad_norm=2.054185628890991, loss=1.1882514953613281
I0215 23:34:05.067275 140046500476672 logging_writer.py:48] [37100] global_step=37100, grad_norm=2.339925765991211, loss=1.1891142129898071
I0215 23:35:20.057134 140046492083968 logging_writer.py:48] [37200] global_step=37200, grad_norm=2.63222336769104, loss=1.2376760244369507
I0215 23:36:35.225031 140046500476672 logging_writer.py:48] [37300] global_step=37300, grad_norm=1.6614785194396973, loss=1.195447564125061
I0215 23:37:50.523849 140046492083968 logging_writer.py:48] [37400] global_step=37400, grad_norm=3.5445621013641357, loss=1.2525224685668945
I0215 23:39:05.769002 140046500476672 logging_writer.py:48] [37500] global_step=37500, grad_norm=3.6612093448638916, loss=1.1885558366775513
I0215 23:40:20.894768 140046492083968 logging_writer.py:48] [37600] global_step=37600, grad_norm=2.5233657360076904, loss=1.2306967973709106
I0215 23:41:35.793627 140046500476672 logging_writer.py:48] [37700] global_step=37700, grad_norm=5.277288436889648, loss=1.208293080329895
I0215 23:42:50.832949 140046492083968 logging_writer.py:48] [37800] global_step=37800, grad_norm=3.0220253467559814, loss=1.1957765817642212
I0215 23:44:05.794581 140046500476672 logging_writer.py:48] [37900] global_step=37900, grad_norm=2.662263870239258, loss=1.2139040231704712
I0215 23:45:08.825584 140202902193984 spec.py:321] Evaluating on the training split.
/usr/local/lib/python3.8/dist-packages/jax/_src/ops/scatter.py:92: FutureWarning: scatter inputs have incompatible types: cannot safely cast value from dtype=float32 to dtype=int32. In future JAX releases this will result in an error.
  warnings.warn("scatter inputs have incompatible types: cannot safely cast "
I0215 23:46:21.632996 140202902193984 spec.py:333] Evaluating on the validation split.
I0215 23:47:10.727463 140202902193984 spec.py:349] Evaluating on the test split.
I0215 23:47:35.596898 140202902193984 submission_runner.py:408] Time since start: 33204.27s, 	Step: 37985, 	{'train/ctc_loss': Array(0.1514019, dtype=float32), 'train/wer': 0.05364202516578813, 'validation/ctc_loss': Array(0.44699508, dtype=float32), 'validation/wer': 0.12868687063730364, 'validation/num_examples': 5348, 'test/ctc_loss': Array(0.24373694, dtype=float32), 'test/wer': 0.07836207421851198, 'test/num_examples': 2472, 'score': 30261.34621310234, 'total_duration': 33204.265234947205, 'accumulated_submission_time': 30261.34621310234, 'accumulated_eval_time': 2940.232330560684, 'accumulated_logging_time': 1.021756649017334}
I0215 23:47:35.636286 140046024312576 logging_writer.py:48] [37985] accumulated_eval_time=2940.232331, accumulated_logging_time=1.021757, accumulated_submission_time=30261.346213, global_step=37985, preemption_count=0, score=30261.346213, test/ctc_loss=0.24373693764209747, test/num_examples=2472, test/wer=0.078362, total_duration=33204.265235, train/ctc_loss=0.15140190720558167, train/wer=0.053642, validation/ctc_loss=0.4469950795173645, validation/num_examples=5348, validation/wer=0.128687
I0215 23:47:47.687455 140045652666112 logging_writer.py:48] [38000] global_step=38000, grad_norm=2.3050589561462402, loss=1.118037223815918
I0215 23:49:02.635141 140046024312576 logging_writer.py:48] [38100] global_step=38100, grad_norm=2.3225550651550293, loss=1.2252739667892456
I0215 23:50:20.759809 140046024312576 logging_writer.py:48] [38200] global_step=38200, grad_norm=5.739749431610107, loss=1.1631077527999878
I0215 23:51:35.547133 140045980346112 logging_writer.py:48] [38300] global_step=38300, grad_norm=2.8565828800201416, loss=1.1999034881591797
I0215 23:52:50.655668 140046024312576 logging_writer.py:48] [38400] global_step=38400, grad_norm=2.056983709335327, loss=1.1799440383911133
I0215 23:54:05.826663 140045980346112 logging_writer.py:48] [38500] global_step=38500, grad_norm=3.4298830032348633, loss=1.1849383115768433
I0215 23:55:20.860943 140046024312576 logging_writer.py:48] [38600] global_step=38600, grad_norm=1.5564888715744019, loss=1.1450849771499634
I0215 23:56:36.088999 140045980346112 logging_writer.py:48] [38700] global_step=38700, grad_norm=2.564763307571411, loss=1.1940603256225586
I0215 23:57:50.892399 140046024312576 logging_writer.py:48] [38800] global_step=38800, grad_norm=3.0948877334594727, loss=1.1762934923171997
I0215 23:59:05.686569 140045980346112 logging_writer.py:48] [38900] global_step=38900, grad_norm=1.6955366134643555, loss=1.1952205896377563
I0216 00:00:20.856967 140046024312576 logging_writer.py:48] [39000] global_step=39000, grad_norm=3.3332767486572266, loss=1.175689697265625
I0216 00:01:35.895695 140045980346112 logging_writer.py:48] [39100] global_step=39100, grad_norm=3.3658607006073, loss=1.134667158126831
I0216 00:02:54.325082 140046024312576 logging_writer.py:48] [39200] global_step=39200, grad_norm=4.5274152755737305, loss=1.1869810819625854
I0216 00:04:09.456398 140045324986112 logging_writer.py:48] [39300] global_step=39300, grad_norm=3.0289759635925293, loss=1.1993399858474731
I0216 00:05:24.483626 140046024312576 logging_writer.py:48] [39400] global_step=39400, grad_norm=2.1680290699005127, loss=1.1539851427078247
I0216 00:06:39.537677 140045324986112 logging_writer.py:48] [39500] global_step=39500, grad_norm=2.2040913105010986, loss=1.1946513652801514
I0216 00:07:54.589265 140046024312576 logging_writer.py:48] [39600] global_step=39600, grad_norm=2.425205945968628, loss=1.1734172105789185
I0216 00:09:09.534704 140045324986112 logging_writer.py:48] [39700] global_step=39700, grad_norm=2.3159561157226562, loss=1.2053115367889404
I0216 00:10:24.476764 140046024312576 logging_writer.py:48] [39800] global_step=39800, grad_norm=2.4744555950164795, loss=1.1784783601760864
I0216 00:11:36.147598 140202902193984 spec.py:321] Evaluating on the training split.
I0216 00:12:31.006650 140202902193984 spec.py:333] Evaluating on the validation split.
I0216 00:13:20.788527 140202902193984 spec.py:349] Evaluating on the test split.
I0216 00:13:45.628815 140202902193984 submission_runner.py:408] Time since start: 34774.30s, 	Step: 39897, 	{'train/ctc_loss': Array(0.14774501, dtype=float32), 'train/wer': 0.05148758656158925, 'validation/ctc_loss': Array(0.44163772, dtype=float32), 'validation/wer': 0.1280593181884009, 'validation/num_examples': 5348, 'test/ctc_loss': Array(0.24011387, dtype=float32), 'test/wer': 0.07785428472772328, 'test/num_examples': 2472, 'score': 31701.76964020729, 'total_duration': 34774.295803546906, 'accumulated_submission_time': 31701.76964020729, 'accumulated_eval_time': 3069.7080800533295, 'accumulated_logging_time': 1.0760719776153564}
I0216 00:13:45.667592 140046024312576 logging_writer.py:48] [39897] accumulated_eval_time=3069.708080, accumulated_logging_time=1.076072, accumulated_submission_time=31701.769640, global_step=39897, preemption_count=0, score=31701.769640, test/ctc_loss=0.24011386930942535, test/num_examples=2472, test/wer=0.077854, total_duration=34774.295804, train/ctc_loss=0.1477450132369995, train/wer=0.051488, validation/ctc_loss=0.44163772463798523, validation/num_examples=5348, validation/wer=0.128059
I0216 00:13:48.817070 140045324986112 logging_writer.py:48] [39900] global_step=39900, grad_norm=6.514328956604004, loss=1.22604238986969
I0216 00:15:03.974188 140046024312576 logging_writer.py:48] [40000] global_step=40000, grad_norm=3.159142017364502, loss=1.130580186843872
I0216 00:16:18.877192 140045324986112 logging_writer.py:48] [40100] global_step=40100, grad_norm=3.138280153274536, loss=1.1633516550064087
I0216 00:17:37.241044 140046024312576 logging_writer.py:48] [40200] global_step=40200, grad_norm=2.5893404483795166, loss=1.149422287940979
I0216 00:18:52.163844 140045324986112 logging_writer.py:48] [40300] global_step=40300, grad_norm=4.049192428588867, loss=1.179335355758667
I0216 00:20:07.142819 140046024312576 logging_writer.py:48] [40400] global_step=40400, grad_norm=2.7345380783081055, loss=1.1499569416046143
I0216 00:21:22.172789 140045324986112 logging_writer.py:48] [40500] global_step=40500, grad_norm=1.8427908420562744, loss=1.1846028566360474
I0216 00:22:37.113864 140046024312576 logging_writer.py:48] [40600] global_step=40600, grad_norm=2.6749606132507324, loss=1.1553795337677002
I0216 00:23:52.302283 140045324986112 logging_writer.py:48] [40700] global_step=40700, grad_norm=1.9128446578979492, loss=1.1836568117141724
I0216 00:25:07.122306 140046024312576 logging_writer.py:48] [40800] global_step=40800, grad_norm=3.1919405460357666, loss=1.198094129562378
I0216 00:26:22.353576 140045324986112 logging_writer.py:48] [40900] global_step=40900, grad_norm=3.314460515975952, loss=1.1516427993774414
I0216 00:27:39.308421 140046024312576 logging_writer.py:48] [41000] global_step=41000, grad_norm=3.259316921234131, loss=1.172200322151184
I0216 00:28:58.705980 140045324986112 logging_writer.py:48] [41100] global_step=41100, grad_norm=2.982330560684204, loss=1.1738502979278564
I0216 00:30:20.644365 140046024312576 logging_writer.py:48] [41200] global_step=41200, grad_norm=2.8078768253326416, loss=1.1263304948806763
I0216 00:31:35.598242 140045980346112 logging_writer.py:48] [41300] global_step=41300, grad_norm=3.109694719314575, loss=1.1804190874099731
I0216 00:32:50.308886 140046024312576 logging_writer.py:48] [41400] global_step=41400, grad_norm=2.165984630584717, loss=1.1427525281906128
I0216 00:34:05.329462 140045980346112 logging_writer.py:48] [41500] global_step=41500, grad_norm=2.7069883346557617, loss=1.1139624118804932
I0216 00:35:20.361473 140046024312576 logging_writer.py:48] [41600] global_step=41600, grad_norm=2.15555739402771, loss=1.134844183921814
I0216 00:36:35.364098 140045980346112 logging_writer.py:48] [41700] global_step=41700, grad_norm=3.8126728534698486, loss=1.1261000633239746
I0216 00:37:46.354949 140202902193984 spec.py:321] Evaluating on the training split.
I0216 00:38:41.741368 140202902193984 spec.py:333] Evaluating on the validation split.
I0216 00:39:31.482815 140202902193984 spec.py:349] Evaluating on the test split.
I0216 00:39:56.599265 140202902193984 submission_runner.py:408] Time since start: 36345.27s, 	Step: 41796, 	{'train/ctc_loss': Array(0.15505517, dtype=float32), 'train/wer': 0.05396548534580724, 'validation/ctc_loss': Array(0.4351663, dtype=float32), 'validation/wer': 0.12635044459677341, 'validation/num_examples': 5348, 'test/ctc_loss': Array(0.23733485, dtype=float32), 'test/wer': 0.07614811203867325, 'test/num_examples': 2472, 'score': 33142.368851184845, 'total_duration': 36345.265635252, 'accumulated_submission_time': 33142.368851184845, 'accumulated_eval_time': 3199.9463255405426, 'accumulated_logging_time': 1.1304571628570557}
I0216 00:39:56.635277 140046024312576 logging_writer.py:48] [41796] accumulated_eval_time=3199.946326, accumulated_logging_time=1.130457, accumulated_submission_time=33142.368851, global_step=41796, preemption_count=0, score=33142.368851, test/ctc_loss=0.23733484745025635, test/num_examples=2472, test/wer=0.076148, total_duration=36345.265635, train/ctc_loss=0.15505516529083252, train/wer=0.053965, validation/ctc_loss=0.43516629934310913, validation/num_examples=5348, validation/wer=0.126350
I0216 00:40:00.479261 140045980346112 logging_writer.py:48] [41800] global_step=41800, grad_norm=4.009940147399902, loss=1.1592328548431396
I0216 00:41:15.564585 140046024312576 logging_writer.py:48] [41900] global_step=41900, grad_norm=3.343487501144409, loss=1.1530450582504272
I0216 00:42:30.428746 140045980346112 logging_writer.py:48] [42000] global_step=42000, grad_norm=1.9433928728103638, loss=1.137391448020935
I0216 00:43:45.451002 140046024312576 logging_writer.py:48] [42100] global_step=42100, grad_norm=2.737844944000244, loss=1.2067104578018188
I0216 00:45:00.594265 140045980346112 logging_writer.py:48] [42200] global_step=42200, grad_norm=3.1844210624694824, loss=1.1597614288330078
I0216 00:46:19.014304 140046024312576 logging_writer.py:48] [42300] global_step=42300, grad_norm=2.885763168334961, loss=1.2091389894485474
I0216 00:47:33.851379 140045980346112 logging_writer.py:48] [42400] global_step=42400, grad_norm=2.7453627586364746, loss=1.135435938835144
I0216 00:48:48.768534 140046024312576 logging_writer.py:48] [42500] global_step=42500, grad_norm=3.6493778228759766, loss=1.1555885076522827
I0216 00:50:03.667977 140045980346112 logging_writer.py:48] [42600] global_step=42600, grad_norm=2.105537176132202, loss=1.1206294298171997
I0216 00:51:18.502274 140046024312576 logging_writer.py:48] [42700] global_step=42700, grad_norm=3.099323272705078, loss=1.1474547386169434
I0216 00:52:33.383990 140045980346112 logging_writer.py:48] [42800] global_step=42800, grad_norm=2.865938901901245, loss=1.096953272819519
I0216 00:53:48.348741 140046024312576 logging_writer.py:48] [42900] global_step=42900, grad_norm=3.303873062133789, loss=1.127216100692749
I0216 00:55:03.334411 140045980346112 logging_writer.py:48] [43000] global_step=43000, grad_norm=3.9700276851654053, loss=1.1712452173233032
I0216 00:56:20.996407 140046024312576 logging_writer.py:48] [43100] global_step=43100, grad_norm=2.2932288646698, loss=1.1467636823654175
I0216 00:57:40.389093 140045980346112 logging_writer.py:48] [43200] global_step=43200, grad_norm=3.931262493133545, loss=1.1537748575210571
I0216 00:59:00.524592 140046024312576 logging_writer.py:48] [43300] global_step=43300, grad_norm=2.6131718158721924, loss=1.20035982131958
I0216 01:00:15.668900 140045980346112 logging_writer.py:48] [43400] global_step=43400, grad_norm=2.4896087646484375, loss=1.1353007555007935
I0216 01:01:30.603948 140046024312576 logging_writer.py:48] [43500] global_step=43500, grad_norm=5.1919965744018555, loss=1.1502546072006226
I0216 01:02:45.447995 140045980346112 logging_writer.py:48] [43600] global_step=43600, grad_norm=4.249560356140137, loss=1.1818890571594238
I0216 01:03:57.256917 140202902193984 spec.py:321] Evaluating on the training split.
I0216 01:04:51.331406 140202902193984 spec.py:333] Evaluating on the validation split.
I0216 01:05:40.070563 140202902193984 spec.py:349] Evaluating on the test split.
I0216 01:06:04.826340 140202902193984 submission_runner.py:408] Time since start: 37913.49s, 	Step: 43697, 	{'train/ctc_loss': Array(0.1378165, dtype=float32), 'train/wer': 0.049158944820101844, 'validation/ctc_loss': Array(0.43216133, dtype=float32), 'validation/wer': 0.12456433378066559, 'validation/num_examples': 5348, 'test/ctc_loss': Array(0.23436242, dtype=float32), 'test/wer': 0.07531533727377979, 'test/num_examples': 2472, 'score': 34582.90179729462, 'total_duration': 37913.49289941788, 'accumulated_submission_time': 34582.90179729462, 'accumulated_eval_time': 3327.5098538398743, 'accumulated_logging_time': 1.182192325592041}
I0216 01:06:04.864807 140046024312576 logging_writer.py:48] [43697] accumulated_eval_time=3327.509854, accumulated_logging_time=1.182192, accumulated_submission_time=34582.901797, global_step=43697, preemption_count=0, score=34582.901797, test/ctc_loss=0.2343624234199524, test/num_examples=2472, test/wer=0.075315, total_duration=37913.492899, train/ctc_loss=0.13781650364398956, train/wer=0.049159, validation/ctc_loss=0.4321613311767578, validation/num_examples=5348, validation/wer=0.124564
I0216 01:06:08.027965 140045980346112 logging_writer.py:48] [43700] global_step=43700, grad_norm=3.624972105026245, loss=1.155535340309143
I0216 01:07:23.516531 140046024312576 logging_writer.py:48] [43800] global_step=43800, grad_norm=3.201735496520996, loss=1.1479343175888062
I0216 01:08:38.922065 140045980346112 logging_writer.py:48] [43900] global_step=43900, grad_norm=4.270748615264893, loss=1.2532888650894165
I0216 01:09:54.018278 140046024312576 logging_writer.py:48] [44000] global_step=44000, grad_norm=2.1557419300079346, loss=1.2474654912948608
I0216 01:11:09.265774 140045980346112 logging_writer.py:48] [44100] global_step=44100, grad_norm=3.606245756149292, loss=1.1773664951324463
I0216 01:12:24.276906 140046024312576 logging_writer.py:48] [44200] global_step=44200, grad_norm=2.771294355392456, loss=1.1891120672225952
I0216 01:13:42.640677 140046024312576 logging_writer.py:48] [44300] global_step=44300, grad_norm=6.669731140136719, loss=1.1147912740707397
I0216 01:14:57.594114 140045980346112 logging_writer.py:48] [44400] global_step=44400, grad_norm=2.4659082889556885, loss=1.1176843643188477
I0216 01:16:12.439278 140046024312576 logging_writer.py:48] [44500] global_step=44500, grad_norm=1.6624515056610107, loss=1.1518524885177612
I0216 01:17:27.283810 140045980346112 logging_writer.py:48] [44600] global_step=44600, grad_norm=2.6915037631988525, loss=1.1723895072937012
I0216 01:18:42.193989 140046024312576 logging_writer.py:48] [44700] global_step=44700, grad_norm=2.6458890438079834, loss=1.1835203170776367
I0216 01:19:57.392383 140045980346112 logging_writer.py:48] [44800] global_step=44800, grad_norm=9.537492752075195, loss=1.153665542602539
I0216 01:21:12.318794 140046024312576 logging_writer.py:48] [44900] global_step=44900, grad_norm=2.6133193969726562, loss=1.1927121877670288
I0216 01:22:27.353874 140045980346112 logging_writer.py:48] [45000] global_step=45000, grad_norm=4.722851753234863, loss=1.1477500200271606
I0216 01:23:42.512511 140046024312576 logging_writer.py:48] [45100] global_step=45100, grad_norm=4.555037498474121, loss=1.1447436809539795
I0216 01:25:01.426912 140045980346112 logging_writer.py:48] [45200] global_step=45200, grad_norm=2.229078769683838, loss=1.1308850049972534
I0216 01:26:20.107069 140046024312576 logging_writer.py:48] [45300] global_step=45300, grad_norm=8.3121919631958, loss=1.1241075992584229
I0216 01:27:39.179941 140046024312576 logging_writer.py:48] [45400] global_step=45400, grad_norm=2.2727293968200684, loss=1.1752322912216187
I0216 01:28:54.216190 140045980346112 logging_writer.py:48] [45500] global_step=45500, grad_norm=4.490700721740723, loss=1.1555967330932617
I0216 01:30:05.186030 140202902193984 spec.py:321] Evaluating on the training split.
I0216 01:30:58.854915 140202902193984 spec.py:333] Evaluating on the validation split.
I0216 01:31:48.655421 140202902193984 spec.py:349] Evaluating on the test split.
I0216 01:32:13.674068 140202902193984 submission_runner.py:408] Time since start: 39482.34s, 	Step: 45596, 	{'train/ctc_loss': Array(0.14721335, dtype=float32), 'train/wer': 0.052225557255652526, 'validation/ctc_loss': Array(0.43008903, dtype=float32), 'validation/wer': 0.12445813259700512, 'validation/num_examples': 5348, 'test/ctc_loss': Array(0.2329999, dtype=float32), 'test/wer': 0.07484817094225418, 'test/num_examples': 2472, 'score': 36023.13359427452, 'total_duration': 39482.34113240242, 'accumulated_submission_time': 36023.13359427452, 'accumulated_eval_time': 3455.9925067424774, 'accumulated_logging_time': 1.236759901046753}
I0216 01:32:13.710012 140046024312576 logging_writer.py:48] [45596] accumulated_eval_time=3455.992507, accumulated_logging_time=1.236760, accumulated_submission_time=36023.133594, global_step=45596, preemption_count=0, score=36023.133594, test/ctc_loss=0.23299990594387054, test/num_examples=2472, test/wer=0.074848, total_duration=39482.341132, train/ctc_loss=0.14721335470676422, train/wer=0.052226, validation/ctc_loss=0.4300890266895294, validation/num_examples=5348, validation/wer=0.124458
I0216 01:32:17.567328 140045980346112 logging_writer.py:48] [45600] global_step=45600, grad_norm=3.325438976287842, loss=1.129659652709961
I0216 01:33:32.505210 140046024312576 logging_writer.py:48] [45700] global_step=45700, grad_norm=3.9282524585723877, loss=1.142200231552124
I0216 01:34:47.462000 140045980346112 logging_writer.py:48] [45800] global_step=45800, grad_norm=3.4797401428222656, loss=1.142011046409607
I0216 01:36:02.508672 140046024312576 logging_writer.py:48] [45900] global_step=45900, grad_norm=2.003378391265869, loss=1.1412158012390137
I0216 01:37:17.641251 140045980346112 logging_writer.py:48] [46000] global_step=46000, grad_norm=2.305521249771118, loss=1.1263829469680786
I0216 01:38:32.668287 140046024312576 logging_writer.py:48] [46100] global_step=46100, grad_norm=2.77302885055542, loss=1.1370052099227905
I0216 01:39:47.877268 140045980346112 logging_writer.py:48] [46200] global_step=46200, grad_norm=2.337005615234375, loss=1.171532392501831
I0216 01:41:03.730560 140046024312576 logging_writer.py:48] [46300] global_step=46300, grad_norm=2.082813262939453, loss=1.166664958000183
I0216 01:42:24.276780 140046024312576 logging_writer.py:48] [46400] global_step=46400, grad_norm=2.4563729763031006, loss=1.1307162046432495
I0216 01:43:39.520771 140045980346112 logging_writer.py:48] [46500] global_step=46500, grad_norm=4.046014785766602, loss=1.1015985012054443
I0216 01:44:54.495175 140046024312576 logging_writer.py:48] [46600] global_step=46600, grad_norm=3.4159393310546875, loss=1.1552574634552002
I0216 01:46:09.650290 140045980346112 logging_writer.py:48] [46700] global_step=46700, grad_norm=2.6121456623077393, loss=1.1507844924926758
I0216 01:47:24.710511 140046024312576 logging_writer.py:48] [46800] global_step=46800, grad_norm=2.3868820667266846, loss=1.1726423501968384
I0216 01:48:39.968919 140045980346112 logging_writer.py:48] [46900] global_step=46900, grad_norm=2.099468231201172, loss=1.153641700744629
I0216 01:49:54.958900 140046024312576 logging_writer.py:48] [47000] global_step=47000, grad_norm=4.585788249969482, loss=1.1128811836242676
I0216 01:51:09.915532 140045980346112 logging_writer.py:48] [47100] global_step=47100, grad_norm=2.1282973289489746, loss=1.1655640602111816
I0216 01:52:27.021543 140046024312576 logging_writer.py:48] [47200] global_step=47200, grad_norm=6.659487724304199, loss=1.141053318977356
I0216 01:53:45.714904 140045980346112 logging_writer.py:48] [47300] global_step=47300, grad_norm=8.536850929260254, loss=1.1570031642913818
I0216 01:55:08.504550 140046024312576 logging_writer.py:48] [47400] global_step=47400, grad_norm=4.4274210929870605, loss=1.1185431480407715
I0216 01:56:13.777579 140202902193984 spec.py:321] Evaluating on the training split.
I0216 01:57:08.327941 140202902193984 spec.py:333] Evaluating on the validation split.
I0216 01:57:57.714563 140202902193984 spec.py:349] Evaluating on the test split.
I0216 01:58:22.739309 140202902193984 submission_runner.py:408] Time since start: 41051.41s, 	Step: 47488, 	{'train/ctc_loss': Array(0.13965625, dtype=float32), 'train/wer': 0.050840394499236004, 'validation/ctc_loss': Array(0.42927903, dtype=float32), 'validation/wer': 0.12420711161744402, 'validation/num_examples': 5348, 'test/ctc_loss': Array(0.23242217, dtype=float32), 'test/wer': 0.07470598988483335, 'test/num_examples': 2472, 'score': 37463.108900785446, 'total_duration': 41051.405695438385, 'accumulated_submission_time': 37463.108900785446, 'accumulated_eval_time': 3584.9481728076935, 'accumulated_logging_time': 1.291504144668579}
I0216 01:58:22.781959 140046689916672 logging_writer.py:48] [47488] accumulated_eval_time=3584.948173, accumulated_logging_time=1.291504, accumulated_submission_time=37463.108901, global_step=47488, preemption_count=0, score=37463.108901, test/ctc_loss=0.23242217302322388, test/num_examples=2472, test/wer=0.074706, total_duration=41051.405695, train/ctc_loss=0.13965624570846558, train/wer=0.050840, validation/ctc_loss=0.42927902936935425, validation/num_examples=5348, validation/wer=0.124207
I0216 01:58:32.596788 140046681523968 logging_writer.py:48] [47500] global_step=47500, grad_norm=3.628743886947632, loss=1.1891382932662964
I0216 01:59:47.551189 140046689916672 logging_writer.py:48] [47600] global_step=47600, grad_norm=7.49681282043457, loss=1.1211062669754028
I0216 02:01:02.524075 140046681523968 logging_writer.py:48] [47700] global_step=47700, grad_norm=2.1530983448028564, loss=1.1391665935516357
I0216 02:02:17.238289 140046689916672 logging_writer.py:48] [47800] global_step=47800, grad_norm=3.3724308013916016, loss=1.1098202466964722
I0216 02:03:32.195067 140046681523968 logging_writer.py:48] [47900] global_step=47900, grad_norm=2.4894306659698486, loss=1.1409333944320679
I0216 02:04:46.222746 140202902193984 spec.py:321] Evaluating on the training split.
I0216 02:05:39.670128 140202902193984 spec.py:333] Evaluating on the validation split.
I0216 02:06:30.007691 140202902193984 spec.py:349] Evaluating on the test split.
I0216 02:06:55.364969 140202902193984 submission_runner.py:408] Time since start: 41564.03s, 	Step: 48000, 	{'train/ctc_loss': Array(0.16727167, dtype=float32), 'train/wer': 0.05534273328182677, 'validation/ctc_loss': Array(0.4293102, dtype=float32), 'validation/wer': 0.12426503953580428, 'validation/num_examples': 5348, 'test/ctc_loss': Array(0.23241976, dtype=float32), 'test/wer': 0.07482785936262264, 'test/num_examples': 2472, 'score': 37846.51352763176, 'total_duration': 41564.03453874588, 'accumulated_submission_time': 37846.51352763176, 'accumulated_eval_time': 3714.087497472763, 'accumulated_logging_time': 1.3495750427246094}
I0216 02:06:55.399427 140047119996672 logging_writer.py:48] [48000] accumulated_eval_time=3714.087497, accumulated_logging_time=1.349575, accumulated_submission_time=37846.513528, global_step=48000, preemption_count=0, score=37846.513528, test/ctc_loss=0.23241975903511047, test/num_examples=2472, test/wer=0.074828, total_duration=41564.034539, train/ctc_loss=0.1672716736793518, train/wer=0.055343, validation/ctc_loss=0.4293102025985718, validation/num_examples=5348, validation/wer=0.124265
I0216 02:06:55.421357 140047111603968 logging_writer.py:48] [48000] global_step=48000, preemption_count=0, score=37846.513528
I0216 02:06:55.622226 140202902193984 checkpoints.py:490] Saving checkpoint at step: 48000
I0216 02:06:56.617904 140202902193984 checkpoints.py:422] Saved checkpoint at /experiment_runs/prize_qualification/study_3/librispeech_deepspeech_jax/trial_2/checkpoint_48000
I0216 02:06:56.638639 140202902193984 checkpoint_utils.py:240] Saved checkpoint to /experiment_runs/prize_qualification/study_3/librispeech_deepspeech_jax/trial_2/checkpoint_48000.
I0216 02:06:58.157658 140202902193984 submission_runner.py:583] Tuning trial 2/5
I0216 02:06:58.157959 140202902193984 submission_runner.py:584] Hyperparameters: Hyperparameters(dropout_rate=0.0, label_smoothing=0.2, learning_rate=0.0008445074561975979, one_minus_beta1=0.11042418465, beta2=0.9978504782314613, weight_decay=0.08135402759553023, warmup_factor=0.05)
