python3 submission_runner.py --framework=jax --workload=imagenet_resnet --submission_path=prize_qualification_baselines/external_tuning/jax_nadamw_full_budget.py --tuning_search_space=prize_qualification_baselines/external_tuning/tuning_search_space.json --data_dir=/data/imagenet/jax --num_tuning_trials=1 --experiment_dir=/experiment_runs --experiment_name=prize_qualification/study_2 --overwrite=true --save_checkpoints=false --num_tuning_trials=5 --rng_seed=3827130657 --max_global_steps=186666 --imagenet_v2_data_dir=/data/imagenet/jax 2>&1 | tee -a /logs/imagenet_resnet_jax_01-26-2024-19-02-57.log
/usr/local/lib/python3.8/dist-packages/tensorflow_addons/utils/tfa_eol_msg.py:23: UserWarning: 

TensorFlow Addons (TFA) has ended development and introduction of new features.
TFA has entered a minimal maintenance and release mode until a planned end of life in May 2024.
Please modify downstream libraries to take dependencies from other repositories in our TensorFlow community (e.g. Keras, Keras-CV, and Keras-NLP). 

For more information see: https://github.com/tensorflow/addons/issues/2807 

  warnings.warn(
I0126 19:03:18.905308 140187804313408 logger_utils.py:76] Creating experiment directory at /experiment_runs/prize_qualification/study_2/imagenet_resnet_jax.
I0126 19:03:19.973264 140187804313408 xla_bridge.py:455] Unable to initialize backend 'rocm': NOT_FOUND: Could not find registered platform with name: "rocm". Available platform names are: Interpreter Host CUDA
I0126 19:03:19.974560 140187804313408 xla_bridge.py:455] Unable to initialize backend 'tpu': module 'jaxlib.xla_extension' has no attribute 'get_tpu_client'
I0126 19:03:19.974741 140187804313408 xla_bridge.py:455] Unable to initialize backend 'plugin': xla_extension has no attributes named get_plugin_device_client. Compile TensorFlow with //tensorflow/compiler/xla/python:enable_plugin_device set to true (defaults to false) to enable this.
I0126 19:03:19.976011 140187804313408 submission_runner.py:542] Using RNG seed 3827130657
I0126 19:03:21.062430 140187804313408 submission_runner.py:551] --- Tuning run 1/5 ---
I0126 19:03:21.062704 140187804313408 submission_runner.py:556] Creating tuning directory at /experiment_runs/prize_qualification/study_2/imagenet_resnet_jax/trial_1.
I0126 19:03:21.063243 140187804313408 logger_utils.py:92] Saving hparams to /experiment_runs/prize_qualification/study_2/imagenet_resnet_jax/trial_1/hparams.json.
I0126 19:03:21.258507 140187804313408 submission_runner.py:206] Initializing dataset.
I0126 19:03:21.275210 140187804313408 dataset_info.py:578] Load dataset info from /data/imagenet/jax/imagenet2012/5.1.0
I0126 19:03:21.286109 140187804313408 dataset_info.py:669] Fields info.[splits, supervised_keys] from disk and from code do not match. Keeping the one from code.
I0126 19:03:21.678270 140187804313408 logging_logger.py:49] Constructing tf.data.Dataset imagenet2012 for split train, from /data/imagenet/jax/imagenet2012/5.1.0
I0126 19:03:22.816600 140187804313408 submission_runner.py:213] Initializing model.
I0126 19:03:32.620765 140187804313408 submission_runner.py:255] Initializing optimizer.
I0126 19:03:34.315548 140187804313408 submission_runner.py:262] Initializing metrics bundle.
I0126 19:03:34.315733 140187804313408 submission_runner.py:280] Initializing checkpoint and logger.
I0126 19:03:34.316891 140187804313408 checkpoints.py:915] Found no checkpoint files in /experiment_runs/prize_qualification/study_2/imagenet_resnet_jax/trial_1 with prefix checkpoint_
I0126 19:03:34.317030 140187804313408 submission_runner.py:300] Saving meta data to /experiment_runs/prize_qualification/study_2/imagenet_resnet_jax/trial_1/meta_data_0.json.
fatal: detected dubious ownership in repository at '/algorithmic-efficiency'
To add an exception for this directory, call:

	git config --global --add safe.directory /algorithmic-efficiency
I0126 19:03:34.623982 140187804313408 logger_utils.py:220] Unable to record git information. Continuing without it.
I0126 19:03:34.907756 140187804313408 submission_runner.py:304] Saving flags to /experiment_runs/prize_qualification/study_2/imagenet_resnet_jax/trial_1/flags_0.json.
I0126 19:03:34.917058 140187804313408 submission_runner.py:314] Starting training loop.
I0126 19:04:26.830973 140025784133376 logging_writer.py:48] [0] global_step=0, grad_norm=0.5919651985168457, loss=6.933516979217529
I0126 19:04:26.847105 140187804313408 spec.py:321] Evaluating on the training split.
I0126 19:04:27.773819 140187804313408 dataset_info.py:578] Load dataset info from /data/imagenet/jax/imagenet2012/5.1.0
I0126 19:04:27.782943 140187804313408 dataset_info.py:669] Fields info.[splits, supervised_keys] from disk and from code do not match. Keeping the one from code.
I0126 19:04:27.863874 140187804313408 logging_logger.py:49] Constructing tf.data.Dataset imagenet2012 for split train, from /data/imagenet/jax/imagenet2012/5.1.0
I0126 19:04:41.163465 140187804313408 spec.py:333] Evaluating on the validation split.
I0126 19:04:42.534806 140187804313408 dataset_info.py:578] Load dataset info from /data/imagenet/jax/imagenet2012/5.1.0
I0126 19:04:42.560835 140187804313408 dataset_info.py:669] Fields info.[splits, supervised_keys] from disk and from code do not match. Keeping the one from code.
I0126 19:04:42.623020 140187804313408 logging_logger.py:49] Constructing tf.data.Dataset imagenet2012 for split validation, from /data/imagenet/jax/imagenet2012/5.1.0
I0126 19:04:58.564564 140187804313408 spec.py:349] Evaluating on the test split.
I0126 19:04:59.354250 140187804313408 dataset_info.py:578] Load dataset info from /data/imagenet/jax/imagenet_v2/matched-frequency/3.0.0
I0126 19:04:59.359512 140187804313408 dataset_builder.py:528] Reusing dataset imagenet_v2 (/data/imagenet/jax/imagenet_v2/matched-frequency/3.0.0)
I0126 19:04:59.399051 140187804313408 logging_logger.py:49] Constructing tf.data.Dataset imagenet_v2 for split test, from /data/imagenet/jax/imagenet_v2/matched-frequency/3.0.0
I0126 19:05:03.735063 140187804313408 submission_runner.py:408] Time since start: 88.82s, 	Step: 1, 	{'train/accuracy': 0.0010363520123064518, 'train/loss': 6.91261625289917, 'validation/accuracy': 0.0007599999662488699, 'validation/loss': 6.913174629211426, 'validation/num_examples': 50000, 'test/accuracy': 0.0006000000284984708, 'test/loss': 6.9125494956970215, 'test/num_examples': 10000, 'score': 51.929956912994385, 'total_duration': 88.81795763969421, 'accumulated_submission_time': 51.929956912994385, 'accumulated_eval_time': 36.88790965080261, 'accumulated_logging_time': 0}
I0126 19:05:03.753075 140003686463232 logging_writer.py:48] [1] accumulated_eval_time=36.887910, accumulated_logging_time=0, accumulated_submission_time=51.929957, global_step=1, preemption_count=0, score=51.929957, test/accuracy=0.000600, test/loss=6.912549, test/num_examples=10000, total_duration=88.817958, train/accuracy=0.001036, train/loss=6.912616, validation/accuracy=0.000760, validation/loss=6.913175, validation/num_examples=50000
I0126 19:05:37.644290 140003678070528 logging_writer.py:48] [100] global_step=100, grad_norm=0.5884626507759094, loss=6.899717330932617
I0126 19:06:11.646423 140003686463232 logging_writer.py:48] [200] global_step=200, grad_norm=0.5819929242134094, loss=6.867395877838135
I0126 19:06:45.725513 140003678070528 logging_writer.py:48] [300] global_step=300, grad_norm=0.62214595079422, loss=6.8104376792907715
I0126 19:07:19.827893 140003686463232 logging_writer.py:48] [400] global_step=400, grad_norm=0.6753132939338684, loss=6.713794708251953
I0126 19:07:53.920746 140003678070528 logging_writer.py:48] [500] global_step=500, grad_norm=0.7096460461616516, loss=6.602458953857422
I0126 19:08:28.035246 140003686463232 logging_writer.py:48] [600] global_step=600, grad_norm=0.7531196475028992, loss=6.518093109130859
I0126 19:09:02.189874 140003678070528 logging_writer.py:48] [700] global_step=700, grad_norm=0.7649732232093811, loss=6.465991020202637
I0126 19:09:36.324966 140003686463232 logging_writer.py:48] [800] global_step=800, grad_norm=0.8881122469902039, loss=6.391731262207031
I0126 19:10:10.455856 140003678070528 logging_writer.py:48] [900] global_step=900, grad_norm=1.9567850828170776, loss=6.2281646728515625
I0126 19:10:44.563760 140003686463232 logging_writer.py:48] [1000] global_step=1000, grad_norm=1.7885996103286743, loss=6.170497894287109
I0126 19:11:18.660850 140003678070528 logging_writer.py:48] [1100] global_step=1100, grad_norm=1.4164201021194458, loss=6.028444290161133
I0126 19:11:52.791105 140003686463232 logging_writer.py:48] [1200] global_step=1200, grad_norm=1.6268216371536255, loss=6.000195503234863
I0126 19:12:26.929373 140003678070528 logging_writer.py:48] [1300] global_step=1300, grad_norm=1.740270972251892, loss=5.934002876281738
I0126 19:13:01.068241 140003686463232 logging_writer.py:48] [1400] global_step=1400, grad_norm=1.7124648094177246, loss=5.83317232131958
I0126 19:13:33.923912 140187804313408 spec.py:321] Evaluating on the training split.
I0126 19:13:41.446313 140187804313408 spec.py:333] Evaluating on the validation split.
I0126 19:13:49.705294 140187804313408 spec.py:349] Evaluating on the test split.
I0126 19:13:52.040627 140187804313408 submission_runner.py:408] Time since start: 617.12s, 	Step: 1498, 	{'train/accuracy': 0.07172751426696777, 'train/loss': 5.377313137054443, 'validation/accuracy': 0.0648999959230423, 'validation/loss': 5.448593616485596, 'validation/num_examples': 50000, 'test/accuracy': 0.04650000110268593, 'test/loss': 5.657770156860352, 'test/num_examples': 10000, 'score': 562.0372688770294, 'total_duration': 617.1234951019287, 'accumulated_submission_time': 562.0372688770294, 'accumulated_eval_time': 55.00457406044006, 'accumulated_logging_time': 0.02753734588623047}
I0126 19:13:52.057201 140003694855936 logging_writer.py:48] [1498] accumulated_eval_time=55.004574, accumulated_logging_time=0.027537, accumulated_submission_time=562.037269, global_step=1498, preemption_count=0, score=562.037269, test/accuracy=0.046500, test/loss=5.657770, test/num_examples=10000, total_duration=617.123495, train/accuracy=0.071728, train/loss=5.377313, validation/accuracy=0.064900, validation/loss=5.448594, validation/num_examples=50000
I0126 19:13:53.109917 140003703248640 logging_writer.py:48] [1500] global_step=1500, grad_norm=2.861758232116699, loss=5.851533889770508
I0126 19:14:27.194623 140003694855936 logging_writer.py:48] [1600] global_step=1600, grad_norm=3.073251724243164, loss=5.688718318939209
I0126 19:15:01.311756 140003703248640 logging_writer.py:48] [1700] global_step=1700, grad_norm=2.3801002502441406, loss=5.639028072357178
I0126 19:15:35.467067 140003694855936 logging_writer.py:48] [1800] global_step=1800, grad_norm=2.4518070220947266, loss=5.582479476928711
I0126 19:16:09.589154 140003703248640 logging_writer.py:48] [1900] global_step=1900, grad_norm=2.528557777404785, loss=5.586120128631592
I0126 19:16:43.739299 140003694855936 logging_writer.py:48] [2000] global_step=2000, grad_norm=2.3546085357666016, loss=5.545998573303223
I0126 19:17:17.858666 140003703248640 logging_writer.py:48] [2100] global_step=2100, grad_norm=2.9188644886016846, loss=5.489565372467041
I0126 19:17:51.951225 140003694855936 logging_writer.py:48] [2200] global_step=2200, grad_norm=3.7264976501464844, loss=5.410717964172363
I0126 19:18:26.075996 140003703248640 logging_writer.py:48] [2300] global_step=2300, grad_norm=4.16541862487793, loss=5.329685688018799
I0126 19:19:00.195641 140003694855936 logging_writer.py:48] [2400] global_step=2400, grad_norm=3.224274158477783, loss=5.410288333892822
I0126 19:19:34.310786 140003703248640 logging_writer.py:48] [2500] global_step=2500, grad_norm=5.362463474273682, loss=5.2928547859191895
I0126 19:20:08.424287 140003694855936 logging_writer.py:48] [2600] global_step=2600, grad_norm=2.732656240463257, loss=5.20192813873291
I0126 19:20:42.553178 140003703248640 logging_writer.py:48] [2700] global_step=2700, grad_norm=6.936979293823242, loss=5.240112781524658
I0126 19:21:16.695940 140003694855936 logging_writer.py:48] [2800] global_step=2800, grad_norm=5.375875473022461, loss=5.130969047546387
I0126 19:21:50.870502 140003703248640 logging_writer.py:48] [2900] global_step=2900, grad_norm=4.3831915855407715, loss=5.082301616668701
I0126 19:22:22.355959 140187804313408 spec.py:321] Evaluating on the training split.
I0126 19:22:29.610938 140187804313408 spec.py:333] Evaluating on the validation split.
I0126 19:22:38.128886 140187804313408 spec.py:349] Evaluating on the test split.
I0126 19:22:40.767999 140187804313408 submission_runner.py:408] Time since start: 1145.85s, 	Step: 2994, 	{'train/accuracy': 0.17580117285251617, 'train/loss': 4.277118682861328, 'validation/accuracy': 0.15845999121665955, 'validation/loss': 4.395031929016113, 'validation/num_examples': 50000, 'test/accuracy': 0.11050000786781311, 'test/loss': 4.828097820281982, 'test/num_examples': 10000, 'score': 1072.2711553573608, 'total_duration': 1145.8508818149567, 'accumulated_submission_time': 1072.2711553573608, 'accumulated_eval_time': 73.41657638549805, 'accumulated_logging_time': 0.05562090873718262}
I0126 19:22:40.784026 140026151130880 logging_writer.py:48] [2994] accumulated_eval_time=73.416576, accumulated_logging_time=0.055621, accumulated_submission_time=1072.271155, global_step=2994, preemption_count=0, score=1072.271155, test/accuracy=0.110500, test/loss=4.828098, test/num_examples=10000, total_duration=1145.850882, train/accuracy=0.175801, train/loss=4.277119, validation/accuracy=0.158460, validation/loss=4.395032, validation/num_examples=50000
I0126 19:22:43.185789 140026159523584 logging_writer.py:48] [3000] global_step=3000, grad_norm=4.677891254425049, loss=5.00310754776001
I0126 19:23:17.271528 140026151130880 logging_writer.py:48] [3100] global_step=3100, grad_norm=6.679555892944336, loss=5.01997709274292
I0126 19:23:51.359967 140026159523584 logging_writer.py:48] [3200] global_step=3200, grad_norm=6.225565433502197, loss=5.013828277587891
I0126 19:24:25.517969 140026151130880 logging_writer.py:48] [3300] global_step=3300, grad_norm=5.755523681640625, loss=4.918829441070557
I0126 19:24:59.639415 140026159523584 logging_writer.py:48] [3400] global_step=3400, grad_norm=5.021462917327881, loss=4.901810169219971
I0126 19:25:33.747042 140026151130880 logging_writer.py:48] [3500] global_step=3500, grad_norm=4.178967475891113, loss=4.856604099273682
I0126 19:26:07.875061 140026159523584 logging_writer.py:48] [3600] global_step=3600, grad_norm=5.7418742179870605, loss=4.824374198913574
I0126 19:26:42.042659 140026151130880 logging_writer.py:48] [3700] global_step=3700, grad_norm=4.229619026184082, loss=4.742892265319824
I0126 19:27:16.186918 140026159523584 logging_writer.py:48] [3800] global_step=3800, grad_norm=5.022139549255371, loss=4.645009517669678
I0126 19:27:50.362197 140026151130880 logging_writer.py:48] [3900] global_step=3900, grad_norm=4.898063659667969, loss=4.633932590484619
I0126 19:28:24.491064 140026159523584 logging_writer.py:48] [4000] global_step=4000, grad_norm=6.8403120040893555, loss=4.669504165649414
I0126 19:28:58.636104 140026151130880 logging_writer.py:48] [4100] global_step=4100, grad_norm=5.319889545440674, loss=4.647063255310059
I0126 19:29:32.782826 140026159523584 logging_writer.py:48] [4200] global_step=4200, grad_norm=7.880003929138184, loss=4.608963966369629
I0126 19:30:06.936161 140026151130880 logging_writer.py:48] [4300] global_step=4300, grad_norm=3.9618961811065674, loss=4.474211692810059
I0126 19:30:41.037502 140026159523584 logging_writer.py:48] [4400] global_step=4400, grad_norm=7.255220890045166, loss=4.460317134857178
I0126 19:31:10.811909 140187804313408 spec.py:321] Evaluating on the training split.
I0126 19:31:18.034233 140187804313408 spec.py:333] Evaluating on the validation split.
I0126 19:31:26.683100 140187804313408 spec.py:349] Evaluating on the test split.
I0126 19:31:28.984435 140187804313408 submission_runner.py:408] Time since start: 1674.07s, 	Step: 4489, 	{'train/accuracy': 0.27919721603393555, 'train/loss': 3.5287153720855713, 'validation/accuracy': 0.2509799897670746, 'validation/loss': 3.671311378479004, 'validation/num_examples': 50000, 'test/accuracy': 0.18370001018047333, 'test/loss': 4.219701766967773, 'test/num_examples': 10000, 'score': 1582.2347013950348, 'total_duration': 1674.067317724228, 'accumulated_submission_time': 1582.2347013950348, 'accumulated_eval_time': 91.58906817436218, 'accumulated_logging_time': 0.08123278617858887}
I0126 19:31:29.007074 140026042091264 logging_writer.py:48] [4489] accumulated_eval_time=91.589068, accumulated_logging_time=0.081233, accumulated_submission_time=1582.234701, global_step=4489, preemption_count=0, score=1582.234701, test/accuracy=0.183700, test/loss=4.219702, test/num_examples=10000, total_duration=1674.067318, train/accuracy=0.279197, train/loss=3.528715, validation/accuracy=0.250980, validation/loss=3.671311, validation/num_examples=50000
I0126 19:31:33.104648 140026050483968 logging_writer.py:48] [4500] global_step=4500, grad_norm=5.725560665130615, loss=4.4413299560546875
I0126 19:32:07.207279 140026042091264 logging_writer.py:48] [4600] global_step=4600, grad_norm=5.43543815612793, loss=4.386270046234131
I0126 19:32:41.305464 140026050483968 logging_writer.py:48] [4700] global_step=4700, grad_norm=4.833035945892334, loss=4.394768714904785
I0126 19:33:15.440770 140026042091264 logging_writer.py:48] [4800] global_step=4800, grad_norm=4.362995147705078, loss=4.349085807800293
I0126 19:33:49.573194 140026050483968 logging_writer.py:48] [4900] global_step=4900, grad_norm=5.903903007507324, loss=4.302934646606445
I0126 19:34:23.698948 140026042091264 logging_writer.py:48] [5000] global_step=5000, grad_norm=4.7214813232421875, loss=4.168231964111328
I0126 19:34:57.813600 140026050483968 logging_writer.py:48] [5100] global_step=5100, grad_norm=7.8385114669799805, loss=4.21583366394043
I0126 19:35:31.938042 140026042091264 logging_writer.py:48] [5200] global_step=5200, grad_norm=6.53201961517334, loss=4.17575740814209
I0126 19:36:06.061106 140026050483968 logging_writer.py:48] [5300] global_step=5300, grad_norm=6.413189888000488, loss=4.324619293212891
I0126 19:36:40.157418 140026042091264 logging_writer.py:48] [5400] global_step=5400, grad_norm=5.210958003997803, loss=4.09226655960083
I0126 19:37:14.304581 140026050483968 logging_writer.py:48] [5500] global_step=5500, grad_norm=5.6356682777404785, loss=4.151790142059326
I0126 19:37:48.409856 140026042091264 logging_writer.py:48] [5600] global_step=5600, grad_norm=6.963917255401611, loss=4.114117622375488
I0126 19:38:22.515616 140026050483968 logging_writer.py:48] [5700] global_step=5700, grad_norm=3.6448309421539307, loss=4.011347770690918
I0126 19:38:56.636803 140026042091264 logging_writer.py:48] [5800] global_step=5800, grad_norm=7.577235221862793, loss=4.109172821044922
I0126 19:39:30.739092 140026050483968 logging_writer.py:48] [5900] global_step=5900, grad_norm=6.230823040008545, loss=4.142294883728027
I0126 19:39:59.148323 140187804313408 spec.py:321] Evaluating on the training split.
I0126 19:40:06.643279 140187804313408 spec.py:333] Evaluating on the validation split.
I0126 19:40:14.952139 140187804313408 spec.py:349] Evaluating on the test split.
I0126 19:40:17.264210 140187804313408 submission_runner.py:408] Time since start: 2202.35s, 	Step: 5985, 	{'train/accuracy': 0.36918047070503235, 'train/loss': 2.9538686275482178, 'validation/accuracy': 0.34627997875213623, 'validation/loss': 3.0891966819763184, 'validation/num_examples': 50000, 'test/accuracy': 0.26190000772476196, 'test/loss': 3.715914726257324, 'test/num_examples': 10000, 'score': 2092.3124701976776, 'total_duration': 2202.3470935821533, 'accumulated_submission_time': 2092.3124701976776, 'accumulated_eval_time': 109.70492148399353, 'accumulated_logging_time': 0.11393284797668457}
I0126 19:40:17.281462 140026151130880 logging_writer.py:48] [5985] accumulated_eval_time=109.704921, accumulated_logging_time=0.113933, accumulated_submission_time=2092.312470, global_step=5985, preemption_count=0, score=2092.312470, test/accuracy=0.261900, test/loss=3.715915, test/num_examples=10000, total_duration=2202.347094, train/accuracy=0.369180, train/loss=2.953869, validation/accuracy=0.346280, validation/loss=3.089197, validation/num_examples=50000
I0126 19:40:22.746228 140026159523584 logging_writer.py:48] [6000] global_step=6000, grad_norm=5.417344093322754, loss=4.0156121253967285
I0126 19:40:56.813618 140026151130880 logging_writer.py:48] [6100] global_step=6100, grad_norm=5.071869850158691, loss=4.058651924133301
I0126 19:41:30.968380 140026159523584 logging_writer.py:48] [6200] global_step=6200, grad_norm=5.255810737609863, loss=3.9050419330596924
I0126 19:42:05.101075 140026151130880 logging_writer.py:48] [6300] global_step=6300, grad_norm=8.691950798034668, loss=3.941265344619751
I0126 19:42:39.212861 140026159523584 logging_writer.py:48] [6400] global_step=6400, grad_norm=6.652378082275391, loss=3.901573419570923
I0126 19:43:13.331742 140026151130880 logging_writer.py:48] [6500] global_step=6500, grad_norm=6.2290263175964355, loss=3.811035394668579
I0126 19:43:47.470610 140026159523584 logging_writer.py:48] [6600] global_step=6600, grad_norm=8.65705680847168, loss=3.9495301246643066
I0126 19:44:21.565626 140026151130880 logging_writer.py:48] [6700] global_step=6700, grad_norm=4.934433460235596, loss=3.7452871799468994
I0126 19:44:55.695145 140026159523584 logging_writer.py:48] [6800] global_step=6800, grad_norm=4.392856597900391, loss=3.8337979316711426
I0126 19:45:29.844271 140026151130880 logging_writer.py:48] [6900] global_step=6900, grad_norm=5.986684799194336, loss=3.6988918781280518
I0126 19:46:03.951100 140026159523584 logging_writer.py:48] [7000] global_step=7000, grad_norm=5.542160987854004, loss=3.681399345397949
I0126 19:46:38.064870 140026151130880 logging_writer.py:48] [7100] global_step=7100, grad_norm=5.997280120849609, loss=3.7386250495910645
I0126 19:47:12.169874 140026159523584 logging_writer.py:48] [7200] global_step=7200, grad_norm=6.130944728851318, loss=3.8040220737457275
I0126 19:47:46.307906 140026151130880 logging_writer.py:48] [7300] global_step=7300, grad_norm=3.6314871311187744, loss=3.668544292449951
I0126 19:48:20.401630 140026159523584 logging_writer.py:48] [7400] global_step=7400, grad_norm=4.405890941619873, loss=3.6511034965515137
I0126 19:48:47.429941 140187804313408 spec.py:321] Evaluating on the training split.
I0126 19:48:54.699670 140187804313408 spec.py:333] Evaluating on the validation split.
I0126 19:49:03.281636 140187804313408 spec.py:349] Evaluating on the test split.
I0126 19:49:05.577492 140187804313408 submission_runner.py:408] Time since start: 2730.66s, 	Step: 7481, 	{'train/accuracy': 0.4307437837123871, 'train/loss': 2.613607168197632, 'validation/accuracy': 0.3971000015735626, 'validation/loss': 2.790703296661377, 'validation/num_examples': 50000, 'test/accuracy': 0.2989000082015991, 'test/loss': 3.4827613830566406, 'test/num_examples': 10000, 'score': 2602.396719932556, 'total_duration': 2730.6603696346283, 'accumulated_submission_time': 2602.396719932556, 'accumulated_eval_time': 127.85242891311646, 'accumulated_logging_time': 0.14101171493530273}
I0126 19:49:05.597543 140026050483968 logging_writer.py:48] [7481] accumulated_eval_time=127.852429, accumulated_logging_time=0.141012, accumulated_submission_time=2602.396720, global_step=7481, preemption_count=0, score=2602.396720, test/accuracy=0.298900, test/loss=3.482761, test/num_examples=10000, total_duration=2730.660370, train/accuracy=0.430744, train/loss=2.613607, validation/accuracy=0.397100, validation/loss=2.790703, validation/num_examples=50000
I0126 19:49:12.442076 140026058876672 logging_writer.py:48] [7500] global_step=7500, grad_norm=6.075757026672363, loss=3.6120073795318604
I0126 19:49:46.493227 140026050483968 logging_writer.py:48] [7600] global_step=7600, grad_norm=4.704527378082275, loss=3.6343047618865967
I0126 19:50:20.591385 140026058876672 logging_writer.py:48] [7700] global_step=7700, grad_norm=6.462488174438477, loss=3.7985146045684814
I0126 19:50:54.702038 140026050483968 logging_writer.py:48] [7800] global_step=7800, grad_norm=5.880280017852783, loss=3.594994306564331
I0126 19:51:28.820883 140026058876672 logging_writer.py:48] [7900] global_step=7900, grad_norm=7.005244731903076, loss=3.716761589050293
I0126 19:52:02.918095 140026050483968 logging_writer.py:48] [8000] global_step=8000, grad_norm=4.650908470153809, loss=3.567553997039795
I0126 19:52:37.024884 140026058876672 logging_writer.py:48] [8100] global_step=8100, grad_norm=7.040465354919434, loss=3.5626471042633057
I0126 19:53:11.102877 140026050483968 logging_writer.py:48] [8200] global_step=8200, grad_norm=5.488724708557129, loss=3.4963278770446777
I0126 19:53:45.232243 140026058876672 logging_writer.py:48] [8300] global_step=8300, grad_norm=5.1811842918396, loss=3.6001150608062744
I0126 19:54:19.342530 140026050483968 logging_writer.py:48] [8400] global_step=8400, grad_norm=6.457899570465088, loss=3.4788055419921875
I0126 19:54:53.431809 140026058876672 logging_writer.py:48] [8500] global_step=8500, grad_norm=4.335597991943359, loss=3.466364860534668
I0126 19:55:27.515324 140026050483968 logging_writer.py:48] [8600] global_step=8600, grad_norm=7.735893726348877, loss=3.574483871459961
I0126 19:56:01.607439 140026058876672 logging_writer.py:48] [8700] global_step=8700, grad_norm=6.286797523498535, loss=3.521584987640381
I0126 19:56:35.719715 140026050483968 logging_writer.py:48] [8800] global_step=8800, grad_norm=4.466212749481201, loss=3.47537899017334
I0126 19:57:09.806254 140026058876672 logging_writer.py:48] [8900] global_step=8900, grad_norm=5.391483306884766, loss=3.4652369022369385
I0126 19:57:35.839687 140187804313408 spec.py:321] Evaluating on the training split.
I0126 19:57:43.337936 140187804313408 spec.py:333] Evaluating on the validation split.
I0126 19:57:51.813339 140187804313408 spec.py:349] Evaluating on the test split.
I0126 19:57:54.115670 140187804313408 submission_runner.py:408] Time since start: 3259.20s, 	Step: 8978, 	{'train/accuracy': 0.49228712916374207, 'train/loss': 2.275744676589966, 'validation/accuracy': 0.4618600010871887, 'validation/loss': 2.433438301086426, 'validation/num_examples': 50000, 'test/accuracy': 0.357200026512146, 'test/loss': 3.100750684738159, 'test/num_examples': 10000, 'score': 3112.5727632045746, 'total_duration': 3259.198537349701, 'accumulated_submission_time': 3112.5727632045746, 'accumulated_eval_time': 146.1283574104309, 'accumulated_logging_time': 0.17496347427368164}
I0126 19:57:54.132994 140026042091264 logging_writer.py:48] [8978] accumulated_eval_time=146.128357, accumulated_logging_time=0.174963, accumulated_submission_time=3112.572763, global_step=8978, preemption_count=0, score=3112.572763, test/accuracy=0.357200, test/loss=3.100751, test/num_examples=10000, total_duration=3259.198537, train/accuracy=0.492287, train/loss=2.275745, validation/accuracy=0.461860, validation/loss=2.433438, validation/num_examples=50000
I0126 19:58:01.988736 140026050483968 logging_writer.py:48] [9000] global_step=9000, grad_norm=6.047358512878418, loss=3.429074287414551
I0126 19:58:36.036131 140026042091264 logging_writer.py:48] [9100] global_step=9100, grad_norm=3.06921124458313, loss=3.4291653633117676
I0126 19:59:10.096402 140026050483968 logging_writer.py:48] [9200] global_step=9200, grad_norm=6.119688987731934, loss=3.5042781829833984
I0126 19:59:44.205658 140026042091264 logging_writer.py:48] [9300] global_step=9300, grad_norm=5.946896076202393, loss=3.3898158073425293
I0126 20:00:18.327498 140026050483968 logging_writer.py:48] [9400] global_step=9400, grad_norm=8.532670021057129, loss=3.3934431076049805
I0126 20:00:52.421507 140026042091264 logging_writer.py:48] [9500] global_step=9500, grad_norm=4.261840343475342, loss=3.4348106384277344
I0126 20:01:26.535347 140026050483968 logging_writer.py:48] [9600] global_step=9600, grad_norm=4.802608966827393, loss=3.298281192779541
I0126 20:02:00.628377 140026042091264 logging_writer.py:48] [9700] global_step=9700, grad_norm=6.1879191398620605, loss=3.4674503803253174
I0126 20:02:34.708328 140026050483968 logging_writer.py:48] [9800] global_step=9800, grad_norm=4.279059410095215, loss=3.3631303310394287
I0126 20:03:08.811486 140026042091264 logging_writer.py:48] [9900] global_step=9900, grad_norm=4.996440887451172, loss=3.367342472076416
I0126 20:03:42.910235 140026050483968 logging_writer.py:48] [10000] global_step=10000, grad_norm=6.40277624130249, loss=3.272825002670288
I0126 20:04:16.980944 140026042091264 logging_writer.py:48] [10100] global_step=10100, grad_norm=4.7889580726623535, loss=3.5001766681671143
I0126 20:04:51.092004 140026050483968 logging_writer.py:48] [10200] global_step=10200, grad_norm=6.288000106811523, loss=3.463392972946167
I0126 20:05:25.148429 140026042091264 logging_writer.py:48] [10300] global_step=10300, grad_norm=4.688681125640869, loss=3.261662006378174
I0126 20:05:59.227583 140026050483968 logging_writer.py:48] [10400] global_step=10400, grad_norm=3.9352495670318604, loss=3.3239009380340576
I0126 20:06:24.251626 140187804313408 spec.py:321] Evaluating on the training split.
I0126 20:06:31.692947 140187804313408 spec.py:333] Evaluating on the validation split.
I0126 20:06:40.385587 140187804313408 spec.py:349] Evaluating on the test split.
I0126 20:06:42.689244 140187804313408 submission_runner.py:408] Time since start: 3787.77s, 	Step: 10475, 	{'train/accuracy': 0.5693957209587097, 'train/loss': 1.8849722146987915, 'validation/accuracy': 0.5029999613761902, 'validation/loss': 2.2190101146698, 'validation/num_examples': 50000, 'test/accuracy': 0.39510002732276917, 'test/loss': 2.8704304695129395, 'test/num_examples': 10000, 'score': 3622.6284663677216, 'total_duration': 3787.772131204605, 'accumulated_submission_time': 3622.6284663677216, 'accumulated_eval_time': 164.56593775749207, 'accumulated_logging_time': 0.20221304893493652}
I0126 20:06:42.714560 140026159523584 logging_writer.py:48] [10475] accumulated_eval_time=164.565938, accumulated_logging_time=0.202213, accumulated_submission_time=3622.628466, global_step=10475, preemption_count=0, score=3622.628466, test/accuracy=0.395100, test/loss=2.870430, test/num_examples=10000, total_duration=3787.772131, train/accuracy=0.569396, train/loss=1.884972, validation/accuracy=0.503000, validation/loss=2.219010, validation/num_examples=50000
I0126 20:06:51.556184 140026167916288 logging_writer.py:48] [10500] global_step=10500, grad_norm=4.338120460510254, loss=3.253288745880127
I0126 20:07:25.576080 140026159523584 logging_writer.py:48] [10600] global_step=10600, grad_norm=6.510358810424805, loss=3.1702914237976074
I0126 20:07:59.634980 140026167916288 logging_writer.py:48] [10700] global_step=10700, grad_norm=6.38612174987793, loss=3.3298463821411133
I0126 20:08:33.700156 140026159523584 logging_writer.py:48] [10800] global_step=10800, grad_norm=4.219602108001709, loss=3.278679370880127
I0126 20:09:07.775360 140026167916288 logging_writer.py:48] [10900] global_step=10900, grad_norm=3.967636823654175, loss=3.3029706478118896
I0126 20:09:41.848347 140026159523584 logging_writer.py:48] [11000] global_step=11000, grad_norm=5.317691326141357, loss=3.3002517223358154
I0126 20:10:15.913940 140026167916288 logging_writer.py:48] [11100] global_step=11100, grad_norm=6.987340450286865, loss=3.176374673843384
I0126 20:10:49.983000 140026159523584 logging_writer.py:48] [11200] global_step=11200, grad_norm=6.789555072784424, loss=3.199215888977051
I0126 20:11:24.062845 140026167916288 logging_writer.py:48] [11300] global_step=11300, grad_norm=6.940995216369629, loss=3.2305309772491455
I0126 20:11:58.085617 140026159523584 logging_writer.py:48] [11400] global_step=11400, grad_norm=4.4795002937316895, loss=3.134665012359619
I0126 20:12:32.164150 140026167916288 logging_writer.py:48] [11500] global_step=11500, grad_norm=3.8769712448120117, loss=3.1810741424560547
I0126 20:13:06.245335 140026159523584 logging_writer.py:48] [11600] global_step=11600, grad_norm=4.529537200927734, loss=3.1175365447998047
I0126 20:13:40.282432 140026167916288 logging_writer.py:48] [11700] global_step=11700, grad_norm=5.6142497062683105, loss=3.1971139907836914
I0126 20:14:14.351835 140026159523584 logging_writer.py:48] [11800] global_step=11800, grad_norm=6.106864929199219, loss=3.1820449829101562
I0126 20:14:48.409581 140026167916288 logging_writer.py:48] [11900] global_step=11900, grad_norm=4.553673267364502, loss=3.173311471939087
I0126 20:15:12.998845 140187804313408 spec.py:321] Evaluating on the training split.
I0126 20:15:20.360630 140187804313408 spec.py:333] Evaluating on the validation split.
I0126 20:15:28.955398 140187804313408 spec.py:349] Evaluating on the test split.
I0126 20:15:31.265181 140187804313408 submission_runner.py:408] Time since start: 4316.35s, 	Step: 11974, 	{'train/accuracy': 0.5763313174247742, 'train/loss': 1.9071600437164307, 'validation/accuracy': 0.5275999903678894, 'validation/loss': 2.1289572715759277, 'validation/num_examples': 50000, 'test/accuracy': 0.4093000292778015, 'test/loss': 2.793846368789673, 'test/num_examples': 10000, 'score': 4132.8440663814545, 'total_duration': 4316.348064184189, 'accumulated_submission_time': 4132.8440663814545, 'accumulated_eval_time': 182.83223509788513, 'accumulated_logging_time': 0.2424328327178955}
I0126 20:15:31.288379 140026042091264 logging_writer.py:48] [11974] accumulated_eval_time=182.832235, accumulated_logging_time=0.242433, accumulated_submission_time=4132.844066, global_step=11974, preemption_count=0, score=4132.844066, test/accuracy=0.409300, test/loss=2.793846, test/num_examples=10000, total_duration=4316.348064, train/accuracy=0.576331, train/loss=1.907160, validation/accuracy=0.527600, validation/loss=2.128957, validation/num_examples=50000
I0126 20:15:40.466733 140026050483968 logging_writer.py:48] [12000] global_step=12000, grad_norm=5.312479019165039, loss=3.24310564994812
I0126 20:16:14.485546 140026042091264 logging_writer.py:48] [12100] global_step=12100, grad_norm=5.910430431365967, loss=3.1286468505859375
I0126 20:16:48.543106 140026050483968 logging_writer.py:48] [12200] global_step=12200, grad_norm=4.610931873321533, loss=3.2323994636535645
I0126 20:17:22.600095 140026042091264 logging_writer.py:48] [12300] global_step=12300, grad_norm=4.540145397186279, loss=3.1670477390289307
I0126 20:17:56.677752 140026050483968 logging_writer.py:48] [12400] global_step=12400, grad_norm=7.48927116394043, loss=3.0768744945526123
I0126 20:18:30.745042 140026042091264 logging_writer.py:48] [12500] global_step=12500, grad_norm=5.352994441986084, loss=3.1421215534210205
I0126 20:19:04.939857 140026050483968 logging_writer.py:48] [12600] global_step=12600, grad_norm=4.770852565765381, loss=3.17075252532959
I0126 20:19:38.971654 140026042091264 logging_writer.py:48] [12700] global_step=12700, grad_norm=5.044092178344727, loss=3.063199281692505
I0126 20:20:13.040366 140026050483968 logging_writer.py:48] [12800] global_step=12800, grad_norm=5.798257350921631, loss=3.18239688873291
I0126 20:20:47.108741 140026042091264 logging_writer.py:48] [12900] global_step=12900, grad_norm=7.1598663330078125, loss=3.1738502979278564
I0126 20:21:21.157582 140026050483968 logging_writer.py:48] [13000] global_step=13000, grad_norm=4.546345233917236, loss=3.055391311645508
I0126 20:21:55.199970 140026042091264 logging_writer.py:48] [13100] global_step=13100, grad_norm=6.084322929382324, loss=3.133787155151367
I0126 20:22:29.275352 140026050483968 logging_writer.py:48] [13200] global_step=13200, grad_norm=6.332658767700195, loss=3.0568318367004395
I0126 20:23:03.301280 140026042091264 logging_writer.py:48] [13300] global_step=13300, grad_norm=5.885891914367676, loss=3.134817600250244
I0126 20:23:37.328216 140026050483968 logging_writer.py:48] [13400] global_step=13400, grad_norm=5.264165878295898, loss=3.133049488067627
I0126 20:24:01.593674 140187804313408 spec.py:321] Evaluating on the training split.
I0126 20:24:09.186231 140187804313408 spec.py:333] Evaluating on the validation split.
I0126 20:24:17.868491 140187804313408 spec.py:349] Evaluating on the test split.
I0126 20:24:20.143217 140187804313408 submission_runner.py:408] Time since start: 4845.23s, 	Step: 13473, 	{'train/accuracy': 0.5816326141357422, 'train/loss': 1.8359532356262207, 'validation/accuracy': 0.535539984703064, 'validation/loss': 2.061918258666992, 'validation/num_examples': 50000, 'test/accuracy': 0.4231000244617462, 'test/loss': 2.7273426055908203, 'test/num_examples': 10000, 'score': 4643.087154865265, 'total_duration': 4845.225155115128, 'accumulated_submission_time': 4643.087154865265, 'accumulated_eval_time': 201.3808000087738, 'accumulated_logging_time': 0.27495527267456055}
I0126 20:24:20.163637 140026042091264 logging_writer.py:48] [13473] accumulated_eval_time=201.380800, accumulated_logging_time=0.274955, accumulated_submission_time=4643.087155, global_step=13473, preemption_count=0, score=4643.087155, test/accuracy=0.423100, test/loss=2.727343, test/num_examples=10000, total_duration=4845.225155, train/accuracy=0.581633, train/loss=1.835953, validation/accuracy=0.535540, validation/loss=2.061918, validation/num_examples=50000
I0126 20:24:29.690452 140026050483968 logging_writer.py:48] [13500] global_step=13500, grad_norm=6.477536678314209, loss=3.076951026916504
I0126 20:25:03.739618 140026042091264 logging_writer.py:48] [13600] global_step=13600, grad_norm=8.468356132507324, loss=3.0745856761932373
I0126 20:25:37.749020 140026050483968 logging_writer.py:48] [13700] global_step=13700, grad_norm=4.689301490783691, loss=3.0862741470336914
I0126 20:26:11.766766 140026042091264 logging_writer.py:48] [13800] global_step=13800, grad_norm=4.309243202209473, loss=3.0836586952209473
I0126 20:26:45.822823 140026050483968 logging_writer.py:48] [13900] global_step=13900, grad_norm=5.265732765197754, loss=3.0579373836517334
I0126 20:27:19.843501 140026042091264 logging_writer.py:48] [14000] global_step=14000, grad_norm=5.137474060058594, loss=3.0738868713378906
I0126 20:27:53.877651 140026050483968 logging_writer.py:48] [14100] global_step=14100, grad_norm=5.292250633239746, loss=3.050060987472534
I0126 20:28:27.897592 140026042091264 logging_writer.py:48] [14200] global_step=14200, grad_norm=5.557734489440918, loss=3.115891456604004
I0126 20:29:01.974538 140026050483968 logging_writer.py:48] [14300] global_step=14300, grad_norm=5.479909896850586, loss=3.022315740585327
I0126 20:29:36.007722 140026042091264 logging_writer.py:48] [14400] global_step=14400, grad_norm=7.7898688316345215, loss=3.13922381401062
I0126 20:30:10.032881 140026050483968 logging_writer.py:48] [14500] global_step=14500, grad_norm=4.776465892791748, loss=3.1531176567077637
I0126 20:30:44.082777 140026042091264 logging_writer.py:48] [14600] global_step=14600, grad_norm=5.303415298461914, loss=3.057133197784424
I0126 20:31:18.116032 140026050483968 logging_writer.py:48] [14700] global_step=14700, grad_norm=5.56661319732666, loss=2.9820520877838135
I0126 20:31:52.129812 140026042091264 logging_writer.py:48] [14800] global_step=14800, grad_norm=4.22451114654541, loss=2.995555877685547
I0126 20:32:26.190303 140026050483968 logging_writer.py:48] [14900] global_step=14900, grad_norm=4.687906742095947, loss=3.0129950046539307
I0126 20:32:50.441074 140187804313408 spec.py:321] Evaluating on the training split.
I0126 20:32:58.476237 140187804313408 spec.py:333] Evaluating on the validation split.
I0126 20:33:07.321734 140187804313408 spec.py:349] Evaluating on the test split.
I0126 20:33:09.611474 140187804313408 submission_runner.py:408] Time since start: 5374.69s, 	Step: 14973, 	{'train/accuracy': 0.5989516973495483, 'train/loss': 1.7546666860580444, 'validation/accuracy': 0.5537399649620056, 'validation/loss': 1.9646070003509521, 'validation/num_examples': 50000, 'test/accuracy': 0.43130001425743103, 'test/loss': 2.6510255336761475, 'test/num_examples': 10000, 'score': 5153.3032858371735, 'total_duration': 5374.694349765778, 'accumulated_submission_time': 5153.3032858371735, 'accumulated_eval_time': 220.55117321014404, 'accumulated_logging_time': 0.30461955070495605}
I0126 20:33:09.643257 140026042091264 logging_writer.py:48] [14973] accumulated_eval_time=220.551173, accumulated_logging_time=0.304620, accumulated_submission_time=5153.303286, global_step=14973, preemption_count=0, score=5153.303286, test/accuracy=0.431300, test/loss=2.651026, test/num_examples=10000, total_duration=5374.694350, train/accuracy=0.598952, train/loss=1.754667, validation/accuracy=0.553740, validation/loss=1.964607, validation/num_examples=50000
I0126 20:33:19.181593 140026050483968 logging_writer.py:48] [15000] global_step=15000, grad_norm=5.041775703430176, loss=3.1142656803131104
I0126 20:33:53.150123 140026042091264 logging_writer.py:48] [15100] global_step=15100, grad_norm=4.69556999206543, loss=3.0217599868774414
I0126 20:34:27.192643 140026050483968 logging_writer.py:48] [15200] global_step=15200, grad_norm=4.43284273147583, loss=3.007606267929077
I0126 20:35:01.187794 140026042091264 logging_writer.py:48] [15300] global_step=15300, grad_norm=5.656130313873291, loss=3.060645580291748
I0126 20:35:35.204644 140026050483968 logging_writer.py:48] [15400] global_step=15400, grad_norm=5.794323921203613, loss=2.9635186195373535
I0126 20:36:09.228299 140026042091264 logging_writer.py:48] [15500] global_step=15500, grad_norm=4.302029132843018, loss=3.0559604167938232
I0126 20:36:43.249108 140026050483968 logging_writer.py:48] [15600] global_step=15600, grad_norm=5.170292377471924, loss=3.0175223350524902
I0126 20:37:17.310461 140026042091264 logging_writer.py:48] [15700] global_step=15700, grad_norm=6.0849223136901855, loss=3.0207996368408203
I0126 20:37:51.336191 140026050483968 logging_writer.py:48] [15800] global_step=15800, grad_norm=3.535536289215088, loss=3.0397253036499023
I0126 20:38:25.388571 140026042091264 logging_writer.py:48] [15900] global_step=15900, grad_norm=4.3230133056640625, loss=2.9990267753601074
I0126 20:38:59.437475 140026050483968 logging_writer.py:48] [16000] global_step=16000, grad_norm=6.849791526794434, loss=3.0577147006988525
I0126 20:39:33.475125 140026042091264 logging_writer.py:48] [16100] global_step=16100, grad_norm=4.70114803314209, loss=3.034986972808838
I0126 20:40:07.480637 140026050483968 logging_writer.py:48] [16200] global_step=16200, grad_norm=5.710892200469971, loss=3.065101146697998
I0126 20:40:41.496497 140026042091264 logging_writer.py:48] [16300] global_step=16300, grad_norm=6.111588954925537, loss=3.0616674423217773
I0126 20:41:15.527291 140026050483968 logging_writer.py:48] [16400] global_step=16400, grad_norm=5.790919780731201, loss=3.0826478004455566
I0126 20:41:39.767160 140187804313408 spec.py:321] Evaluating on the training split.
I0126 20:41:47.177170 140187804313408 spec.py:333] Evaluating on the validation split.
I0126 20:41:57.734521 140187804313408 spec.py:349] Evaluating on the test split.
I0126 20:41:59.986896 140187804313408 submission_runner.py:408] Time since start: 5905.07s, 	Step: 16473, 	{'train/accuracy': 0.59375, 'train/loss': 1.8033223152160645, 'validation/accuracy': 0.5557399988174438, 'validation/loss': 1.9902366399765015, 'validation/num_examples': 50000, 'test/accuracy': 0.4360000193119049, 'test/loss': 2.6539673805236816, 'test/num_examples': 10000, 'score': 5663.362612962723, 'total_duration': 5905.069729804993, 'accumulated_submission_time': 5663.362612962723, 'accumulated_eval_time': 240.77084040641785, 'accumulated_logging_time': 0.34645605087280273}
I0126 20:42:00.011744 140026159523584 logging_writer.py:48] [16473] accumulated_eval_time=240.770840, accumulated_logging_time=0.346456, accumulated_submission_time=5663.362613, global_step=16473, preemption_count=0, score=5663.362613, test/accuracy=0.436000, test/loss=2.653967, test/num_examples=10000, total_duration=5905.069730, train/accuracy=0.593750, train/loss=1.803322, validation/accuracy=0.555740, validation/loss=1.990237, validation/num_examples=50000
I0126 20:42:09.510343 140026167916288 logging_writer.py:48] [16500] global_step=16500, grad_norm=4.752538204193115, loss=2.9943976402282715
I0126 20:42:43.464927 140026159523584 logging_writer.py:48] [16600] global_step=16600, grad_norm=5.830123424530029, loss=3.025496006011963
I0126 20:43:17.483944 140026167916288 logging_writer.py:48] [16700] global_step=16700, grad_norm=4.454415798187256, loss=2.9928431510925293
I0126 20:43:51.551652 140026159523584 logging_writer.py:48] [16800] global_step=16800, grad_norm=4.685934543609619, loss=3.0117228031158447
I0126 20:44:25.519730 140026167916288 logging_writer.py:48] [16900] global_step=16900, grad_norm=4.500191688537598, loss=2.982905864715576
I0126 20:44:59.561825 140026159523584 logging_writer.py:48] [17000] global_step=17000, grad_norm=5.140146732330322, loss=3.0672600269317627
I0126 20:45:33.577085 140026167916288 logging_writer.py:48] [17100] global_step=17100, grad_norm=4.4022979736328125, loss=3.0495781898498535
I0126 20:46:07.576722 140026159523584 logging_writer.py:48] [17200] global_step=17200, grad_norm=5.197539806365967, loss=2.9541072845458984
I0126 20:46:41.599377 140026167916288 logging_writer.py:48] [17300] global_step=17300, grad_norm=3.120326280593872, loss=2.9368741512298584
I0126 20:47:15.618182 140026159523584 logging_writer.py:48] [17400] global_step=17400, grad_norm=4.2042927742004395, loss=3.120098352432251
I0126 20:47:49.632097 140026167916288 logging_writer.py:48] [17500] global_step=17500, grad_norm=5.783239364624023, loss=2.908508777618408
I0126 20:48:23.651398 140026159523584 logging_writer.py:48] [17600] global_step=17600, grad_norm=6.3360795974731445, loss=2.9443612098693848
I0126 20:48:57.653756 140026167916288 logging_writer.py:48] [17700] global_step=17700, grad_norm=4.589481830596924, loss=2.9321224689483643
I0126 20:49:31.690853 140026159523584 logging_writer.py:48] [17800] global_step=17800, grad_norm=4.504002094268799, loss=2.9891605377197266
I0126 20:50:05.684350 140026167916288 logging_writer.py:48] [17900] global_step=17900, grad_norm=5.538050651550293, loss=2.938774585723877
I0126 20:50:30.242665 140187804313408 spec.py:321] Evaluating on the training split.
I0126 20:50:38.287531 140187804313408 spec.py:333] Evaluating on the validation split.
I0126 20:50:49.340165 140187804313408 spec.py:349] Evaluating on the test split.
I0126 20:50:51.638937 140187804313408 submission_runner.py:408] Time since start: 6436.72s, 	Step: 17974, 	{'train/accuracy': 0.6002271771430969, 'train/loss': 1.7657809257507324, 'validation/accuracy': 0.5660600066184998, 'validation/loss': 1.9302324056625366, 'validation/num_examples': 50000, 'test/accuracy': 0.43880000710487366, 'test/loss': 2.6314282417297363, 'test/num_examples': 10000, 'score': 6173.529769182205, 'total_duration': 6436.721809148788, 'accumulated_submission_time': 6173.529769182205, 'accumulated_eval_time': 262.16706109046936, 'accumulated_logging_time': 0.3816823959350586}
I0126 20:50:51.671724 140026058876672 logging_writer.py:48] [17974] accumulated_eval_time=262.167061, accumulated_logging_time=0.381682, accumulated_submission_time=6173.529769, global_step=17974, preemption_count=0, score=6173.529769, test/accuracy=0.438800, test/loss=2.631428, test/num_examples=10000, total_duration=6436.721809, train/accuracy=0.600227, train/loss=1.765781, validation/accuracy=0.566060, validation/loss=1.930232, validation/num_examples=50000
I0126 20:51:00.874847 140026067269376 logging_writer.py:48] [18000] global_step=18000, grad_norm=7.06389045715332, loss=2.9806225299835205
I0126 20:51:34.840998 140026058876672 logging_writer.py:48] [18100] global_step=18100, grad_norm=5.424322128295898, loss=3.1007139682769775
I0126 20:52:08.846355 140026067269376 logging_writer.py:48] [18200] global_step=18200, grad_norm=5.153900623321533, loss=3.011902332305908
I0126 20:52:42.837312 140026058876672 logging_writer.py:48] [18300] global_step=18300, grad_norm=3.776179313659668, loss=3.0183935165405273
I0126 20:53:16.848278 140026067269376 logging_writer.py:48] [18400] global_step=18400, grad_norm=3.308542490005493, loss=2.947852611541748
I0126 20:53:50.865514 140026058876672 logging_writer.py:48] [18500] global_step=18500, grad_norm=3.4427263736724854, loss=2.9797120094299316
I0126 20:54:24.869117 140026067269376 logging_writer.py:48] [18600] global_step=18600, grad_norm=3.87288761138916, loss=2.9049668312072754
I0126 20:54:58.901722 140026058876672 logging_writer.py:48] [18700] global_step=18700, grad_norm=3.7539210319519043, loss=3.1367602348327637
I0126 20:55:32.953976 140026067269376 logging_writer.py:48] [18800] global_step=18800, grad_norm=4.992184162139893, loss=2.9422311782836914
I0126 20:56:07.110836 140026058876672 logging_writer.py:48] [18900] global_step=18900, grad_norm=3.311196804046631, loss=2.9560883045196533
I0126 20:56:41.128461 140026067269376 logging_writer.py:48] [19000] global_step=19000, grad_norm=3.95857310295105, loss=2.9567692279815674
I0126 20:57:15.113920 140026058876672 logging_writer.py:48] [19100] global_step=19100, grad_norm=4.823800563812256, loss=2.980787992477417
I0126 20:57:49.132021 140026067269376 logging_writer.py:48] [19200] global_step=19200, grad_norm=3.5978381633758545, loss=2.972179651260376
I0126 20:58:23.123116 140026058876672 logging_writer.py:48] [19300] global_step=19300, grad_norm=4.354915618896484, loss=3.033252477645874
I0126 20:58:57.119000 140026067269376 logging_writer.py:48] [19400] global_step=19400, grad_norm=4.122372150421143, loss=3.026331663131714
I0126 20:59:21.706602 140187804313408 spec.py:321] Evaluating on the training split.
I0126 20:59:30.142936 140187804313408 spec.py:333] Evaluating on the validation split.
I0126 20:59:44.323212 140187804313408 spec.py:349] Evaluating on the test split.
