python3 submission_runner.py --framework=jax --workload=wmt --submission_path=prize_qualification_baselines/self_tuning/jax_nadamw_full_budget.py --data_dir=/data/wmt --num_tuning_trials=1 --experiment_dir=/experiment_runs --experiment_name=prize_qualification_self_tuning/study_4 --overwrite=true --save_checkpoints=false --rng_seed=1192756799 --max_global_steps=399999 --tuning_ruleset=self 2>&1 | tee -a /logs/wmt_jax_03-12-2024-04-02-58.log
I0312 04:03:20.529092 140573192058688 logger_utils.py:61] Removing existing experiment directory /experiment_runs/prize_qualification_self_tuning/study_4/wmt_jax because --overwrite was set.
I0312 04:03:20.531874 140573192058688 logger_utils.py:76] Creating experiment directory at /experiment_runs/prize_qualification_self_tuning/study_4/wmt_jax.
I0312 04:03:21.581542 140573192058688 xla_bridge.py:455] Unable to initialize backend 'rocm': NOT_FOUND: Could not find registered platform with name: "rocm". Available platform names are: Interpreter Host CUDA
I0312 04:03:21.582381 140573192058688 xla_bridge.py:455] Unable to initialize backend 'tpu': module 'jaxlib.xla_extension' has no attribute 'get_tpu_client'
I0312 04:03:21.582525 140573192058688 xla_bridge.py:455] Unable to initialize backend 'plugin': xla_extension has no attributes named get_plugin_device_client. Compile TensorFlow with //tensorflow/compiler/xla/python:enable_plugin_device set to true (defaults to false) to enable this.
I0312 04:03:22.447645 140573192058688 submission_runner.py:612] Creating directory at /experiment_runs/prize_qualification_self_tuning/study_4/wmt_jax/trial_1.
I0312 04:03:22.652627 140573192058688 submission_runner.py:209] Initializing dataset.
I0312 04:03:22.664151 140573192058688 dataset_info.py:578] Load dataset info from /data/wmt/wmt17_translate/de-en/1.0.0
I0312 04:03:22.668973 140573192058688 dataset_info.py:669] Fields info.[splits, supervised_keys] from disk and from code do not match. Keeping the one from code.
I0312 04:03:22.825116 140573192058688 logging_logger.py:49] Constructing tf.data.Dataset wmt17_translate for split train, from /data/wmt/wmt17_translate/de-en/1.0.0
I0312 04:03:24.793689 140573192058688 submission_runner.py:220] Initializing model.
I0312 04:03:33.880153 140573192058688 submission_runner.py:262] Initializing optimizer.
I0312 04:03:34.957022 140573192058688 submission_runner.py:269] Initializing metrics bundle.
I0312 04:03:34.957224 140573192058688 submission_runner.py:287] Initializing checkpoint and logger.
I0312 04:03:34.958048 140573192058688 checkpoints.py:915] Found no checkpoint files in /experiment_runs/prize_qualification_self_tuning/study_4/wmt_jax/trial_1 with prefix checkpoint_
I0312 04:03:34.958194 140573192058688 submission_runner.py:307] Saving meta data to /experiment_runs/prize_qualification_self_tuning/study_4/wmt_jax/trial_1/meta_data_0.json.
I0312 04:03:34.958399 140573192058688 logger_utils.py:257] Unable to record workload.train_mean information. Continuing without it.
I0312 04:03:34.958464 140573192058688 logger_utils.py:257] Unable to record workload.train_stddev information. Continuing without it.
fatal: detected dubious ownership in repository at '/algorithmic-efficiency'
To add an exception for this directory, call:

	git config --global --add safe.directory /algorithmic-efficiency
I0312 04:03:35.296546 140573192058688 logger_utils.py:220] Unable to record git information. Continuing without it.
I0312 04:03:35.601014 140573192058688 submission_runner.py:311] Saving flags to /experiment_runs/prize_qualification_self_tuning/study_4/wmt_jax/trial_1/flags_0.json.
I0312 04:03:35.611984 140573192058688 submission_runner.py:321] Starting training loop.
I0312 04:04:15.247543 140407514068736 logging_writer.py:48] [0] global_step=0, grad_norm=4.916303634643555, loss=11.113301277160645
I0312 04:04:15.265649 140573192058688 spec.py:321] Evaluating on the training split.
I0312 04:04:15.270084 140573192058688 dataset_info.py:578] Load dataset info from /data/wmt/wmt17_translate/de-en/1.0.0
I0312 04:04:15.273547 140573192058688 dataset_info.py:669] Fields info.[splits, supervised_keys] from disk and from code do not match. Keeping the one from code.
I0312 04:04:15.312571 140573192058688 logging_logger.py:49] Constructing tf.data.Dataset wmt17_translate for split train, from /data/wmt/wmt17_translate/de-en/1.0.0
I0312 04:04:23.197860 140573192058688 workload.py:181] Translating evaluation dataset.
I0312 04:09:18.207874 140573192058688 spec.py:333] Evaluating on the validation split.
I0312 04:09:18.212397 140573192058688 dataset_info.py:578] Load dataset info from /data/wmt/wmt14_translate/de-en/1.0.0
I0312 04:09:18.217114 140573192058688 dataset_info.py:669] Fields info.[splits, supervised_keys] from disk and from code do not match. Keeping the one from code.
I0312 04:09:18.264324 140573192058688 logging_logger.py:49] Constructing tf.data.Dataset wmt14_translate for split validation, from /data/wmt/wmt14_translate/de-en/1.0.0
I0312 04:09:25.214608 140573192058688 workload.py:181] Translating evaluation dataset.
I0312 04:14:09.307280 140573192058688 spec.py:349] Evaluating on the test split.
I0312 04:14:09.310237 140573192058688 dataset_info.py:578] Load dataset info from /data/wmt/wmt14_translate/de-en/1.0.0
I0312 04:14:09.313634 140573192058688 dataset_info.py:669] Fields info.[splits, supervised_keys] from disk and from code do not match. Keeping the one from code.
I0312 04:14:09.351395 140573192058688 logging_logger.py:49] Constructing tf.data.Dataset wmt14_translate for split test, from /data/wmt/wmt14_translate/de-en/1.0.0
I0312 04:14:12.182932 140573192058688 workload.py:181] Translating evaluation dataset.
I0312 04:18:56.576918 140573192058688 submission_runner.py:420] Time since start: 920.96s, 	Step: 1, 	{'train/accuracy': 0.0005556122632697225, 'train/loss': 11.132158279418945, 'train/bleu': 0.0, 'validation/accuracy': 0.0004835649742744863, 'validation/loss': 11.097217559814453, 'validation/bleu': 0.0, 'validation/num_examples': 3000, 'test/accuracy': 0.0007088489946909249, 'test/loss': 11.113809585571289, 'test/bleu': 0.0, 'test/num_examples': 3003, 'score': 39.65361142158508, 'total_duration': 920.964860200882, 'accumulated_submission_time': 39.65361142158508, 'accumulated_eval_time': 881.3112032413483, 'accumulated_logging_time': 0}
I0312 04:18:56.595340 140403528402688 logging_writer.py:48] [1] accumulated_eval_time=881.311203, accumulated_logging_time=0, accumulated_submission_time=39.653611, global_step=1, preemption_count=0, score=39.653611, test/accuracy=0.000709, test/bleu=0.000000, test/loss=11.113810, test/num_examples=3003, total_duration=920.964860, train/accuracy=0.000556, train/bleu=0.000000, train/loss=11.132158, validation/accuracy=0.000484, validation/bleu=0.000000, validation/loss=11.097218, validation/num_examples=3000
I0312 04:19:31.966247 140403520009984 logging_writer.py:48] [100] global_step=100, grad_norm=0.17965346574783325, loss=8.275825500488281
I0312 04:20:07.384092 140403528402688 logging_writer.py:48] [200] global_step=200, grad_norm=0.3968870937824249, loss=7.532678604125977
I0312 04:20:42.775139 140403520009984 logging_writer.py:48] [300] global_step=300, grad_norm=0.3976347744464874, loss=6.891668319702148
I0312 04:21:18.167231 140403528402688 logging_writer.py:48] [400] global_step=400, grad_norm=0.702122151851654, loss=6.3449625968933105
I0312 04:21:53.558006 140403520009984 logging_writer.py:48] [500] global_step=500, grad_norm=0.6832918524742126, loss=5.910689830780029
I0312 04:22:28.935783 140403528402688 logging_writer.py:48] [600] global_step=600, grad_norm=0.6546725034713745, loss=5.600922584533691
I0312 04:23:04.315014 140403520009984 logging_writer.py:48] [700] global_step=700, grad_norm=0.42331600189208984, loss=5.3312578201293945
I0312 04:23:39.676987 140403528402688 logging_writer.py:48] [800] global_step=800, grad_norm=0.44307973980903625, loss=4.92747163772583
I0312 04:24:15.146166 140403520009984 logging_writer.py:48] [900] global_step=900, grad_norm=0.4006887376308441, loss=4.779465675354004
I0312 04:24:50.515023 140403528402688 logging_writer.py:48] [1000] global_step=1000, grad_norm=0.4635019302368164, loss=4.618990898132324
I0312 04:25:25.876149 140403520009984 logging_writer.py:48] [1100] global_step=1100, grad_norm=0.5980187058448792, loss=4.316272735595703
I0312 04:26:01.219499 140403528402688 logging_writer.py:48] [1200] global_step=1200, grad_norm=0.663327693939209, loss=4.043760776519775
I0312 04:26:36.564900 140403520009984 logging_writer.py:48] [1300] global_step=1300, grad_norm=0.5281280279159546, loss=3.9795923233032227
I0312 04:27:11.907312 140403528402688 logging_writer.py:48] [1400] global_step=1400, grad_norm=0.5050395131111145, loss=3.712700366973877
I0312 04:27:47.256233 140403520009984 logging_writer.py:48] [1500] global_step=1500, grad_norm=0.47411394119262695, loss=3.621483087539673
I0312 04:28:22.605619 140403528402688 logging_writer.py:48] [1600] global_step=1600, grad_norm=0.48000165820121765, loss=3.449032783508301
I0312 04:28:57.966992 140403520009984 logging_writer.py:48] [1700] global_step=1700, grad_norm=0.4654015898704529, loss=3.4220035076141357
I0312 04:29:33.291040 140403528402688 logging_writer.py:48] [1800] global_step=1800, grad_norm=0.7058538198471069, loss=3.3374972343444824
I0312 04:30:08.670346 140403520009984 logging_writer.py:48] [1900] global_step=1900, grad_norm=0.4269782602787018, loss=3.293104887008667
I0312 04:30:44.066343 140403528402688 logging_writer.py:48] [2000] global_step=2000, grad_norm=0.3923499286174774, loss=3.1055185794830322
I0312 04:31:19.454853 140403520009984 logging_writer.py:48] [2100] global_step=2100, grad_norm=0.395376592874527, loss=3.091108560562134
I0312 04:31:54.785309 140403528402688 logging_writer.py:48] [2200] global_step=2200, grad_norm=0.3985433280467987, loss=3.1487419605255127
I0312 04:32:30.129490 140403520009984 logging_writer.py:48] [2300] global_step=2300, grad_norm=0.4939732551574707, loss=3.060004472732544
I0312 04:32:56.697864 140573192058688 spec.py:321] Evaluating on the training split.
I0312 04:32:59.659518 140573192058688 workload.py:181] Translating evaluation dataset.
I0312 04:35:45.629472 140573192058688 spec.py:333] Evaluating on the validation split.
I0312 04:35:48.311811 140573192058688 workload.py:181] Translating evaluation dataset.
I0312 04:38:35.208708 140573192058688 spec.py:349] Evaluating on the test split.
I0312 04:38:37.880372 140573192058688 workload.py:181] Translating evaluation dataset.
I0312 04:41:18.251613 140573192058688 submission_runner.py:420] Time since start: 2262.64s, 	Step: 2377, 	{'train/accuracy': 0.5125483274459839, 'train/loss': 2.858908176422119, 'train/bleu': 22.492414050302205, 'validation/accuracy': 0.5142651796340942, 'validation/loss': 2.836130142211914, 'validation/bleu': 18.307205325611214, 'validation/num_examples': 3000, 'test/accuracy': 0.5126023888587952, 'test/loss': 2.8845648765563965, 'test/bleu': 16.82979069214398, 'test/num_examples': 3003, 'score': 879.6641981601715, 'total_duration': 2262.6394739151, 'accumulated_submission_time': 879.6641981601715, 'accumulated_eval_time': 1382.864819765091, 'accumulated_logging_time': 0.030211448669433594}
I0312 04:41:18.270511 140403528402688 logging_writer.py:48] [2377] accumulated_eval_time=1382.864820, accumulated_logging_time=0.030211, accumulated_submission_time=879.664198, global_step=2377, preemption_count=0, score=879.664198, test/accuracy=0.512602, test/bleu=16.829791, test/loss=2.884565, test/num_examples=3003, total_duration=2262.639474, train/accuracy=0.512548, train/bleu=22.492414, train/loss=2.858908, validation/accuracy=0.514265, validation/bleu=18.307205, validation/loss=2.836130, validation/num_examples=3000
I0312 04:41:26.784138 140403520009984 logging_writer.py:48] [2400] global_step=2400, grad_norm=0.4233686625957489, loss=3.0287206172943115
I0312 04:42:02.106955 140403528402688 logging_writer.py:48] [2500] global_step=2500, grad_norm=0.37632861733436584, loss=2.9406306743621826
I0312 04:42:37.476173 140403520009984 logging_writer.py:48] [2600] global_step=2600, grad_norm=0.29973384737968445, loss=2.7745542526245117
I0312 04:43:12.796612 140403528402688 logging_writer.py:48] [2700] global_step=2700, grad_norm=0.30261924862861633, loss=2.7724075317382812
I0312 04:43:48.104086 140403520009984 logging_writer.py:48] [2800] global_step=2800, grad_norm=0.2933328449726105, loss=2.725480318069458
I0312 04:44:23.433037 140403528402688 logging_writer.py:48] [2900] global_step=2900, grad_norm=0.29776546359062195, loss=2.7437024116516113
I0312 04:44:58.799357 140403520009984 logging_writer.py:48] [3000] global_step=3000, grad_norm=0.2928522825241089, loss=2.68489146232605
I0312 04:45:34.192483 140403528402688 logging_writer.py:48] [3100] global_step=3100, grad_norm=0.2479572296142578, loss=2.6954855918884277
I0312 04:46:09.528546 140403520009984 logging_writer.py:48] [3200] global_step=3200, grad_norm=0.278402715921402, loss=2.690488576889038
I0312 04:46:44.858097 140403528402688 logging_writer.py:48] [3300] global_step=3300, grad_norm=0.23832997679710388, loss=2.5668840408325195
I0312 04:47:20.204172 140403520009984 logging_writer.py:48] [3400] global_step=3400, grad_norm=0.21723805367946625, loss=2.552031993865967
I0312 04:47:55.547936 140403528402688 logging_writer.py:48] [3500] global_step=3500, grad_norm=0.23595991730690002, loss=2.429157018661499
I0312 04:48:30.961336 140403520009984 logging_writer.py:48] [3600] global_step=3600, grad_norm=0.21308499574661255, loss=2.5208187103271484
I0312 04:49:06.372349 140403528402688 logging_writer.py:48] [3700] global_step=3700, grad_norm=0.21269868314266205, loss=2.4989824295043945
I0312 04:49:41.711697 140403520009984 logging_writer.py:48] [3800] global_step=3800, grad_norm=0.24176090955734253, loss=2.5993499755859375
I0312 04:50:17.026648 140403528402688 logging_writer.py:48] [3900] global_step=3900, grad_norm=0.19847573339939117, loss=2.469247579574585
I0312 04:50:52.362056 140403520009984 logging_writer.py:48] [4000] global_step=4000, grad_norm=0.18280787765979767, loss=2.4913032054901123
I0312 04:51:27.734456 140403528402688 logging_writer.py:48] [4100] global_step=4100, grad_norm=0.22072964906692505, loss=2.3681633472442627
I0312 04:52:03.065085 140403520009984 logging_writer.py:48] [4200] global_step=4200, grad_norm=0.17782501876354218, loss=2.4696433544158936
I0312 04:52:38.404930 140403528402688 logging_writer.py:48] [4300] global_step=4300, grad_norm=0.19968648254871368, loss=2.4412829875946045
I0312 04:53:13.776596 140403520009984 logging_writer.py:48] [4400] global_step=4400, grad_norm=0.2556613087654114, loss=2.3621346950531006
I0312 04:53:49.112534 140403528402688 logging_writer.py:48] [4500] global_step=4500, grad_norm=0.19508112967014313, loss=2.3701932430267334
I0312 04:54:24.459288 140403520009984 logging_writer.py:48] [4600] global_step=4600, grad_norm=0.1951535940170288, loss=2.3953943252563477
I0312 04:54:59.816927 140403528402688 logging_writer.py:48] [4700] global_step=4700, grad_norm=0.1736079603433609, loss=2.2715611457824707
I0312 04:55:18.277510 140573192058688 spec.py:321] Evaluating on the training split.
I0312 04:55:21.241514 140573192058688 workload.py:181] Translating evaluation dataset.
I0312 04:59:22.707427 140573192058688 spec.py:333] Evaluating on the validation split.
I0312 04:59:25.368496 140573192058688 workload.py:181] Translating evaluation dataset.
I0312 05:02:01.711973 140573192058688 spec.py:349] Evaluating on the test split.
I0312 05:02:04.386633 140573192058688 workload.py:181] Translating evaluation dataset.
I0312 05:04:40.332922 140573192058688 submission_runner.py:420] Time since start: 3664.72s, 	Step: 4754, 	{'train/accuracy': 0.5762366056442261, 'train/loss': 2.2599639892578125, 'train/bleu': 26.972132326701903, 'validation/accuracy': 0.5911024212837219, 'validation/loss': 2.15031099319458, 'validation/bleu': 23.643337175562927, 'validation/num_examples': 3000, 'test/accuracy': 0.594375729560852, 'test/loss': 2.114021062850952, 'test/bleu': 22.238124830388227, 'test/num_examples': 3003, 'score': 1719.578450679779, 'total_duration': 3664.720867872238, 'accumulated_submission_time': 1719.578450679779, 'accumulated_eval_time': 1944.9201946258545, 'accumulated_logging_time': 0.06104111671447754}
I0312 05:04:40.348247 140403520009984 logging_writer.py:48] [4754] accumulated_eval_time=1944.920195, accumulated_logging_time=0.061041, accumulated_submission_time=1719.578451, global_step=4754, preemption_count=0, score=1719.578451, test/accuracy=0.594376, test/bleu=22.238125, test/loss=2.114021, test/num_examples=3003, total_duration=3664.720868, train/accuracy=0.576237, train/bleu=26.972132, train/loss=2.259964, validation/accuracy=0.591102, validation/bleu=23.643337, validation/loss=2.150311, validation/num_examples=3000
I0312 05:04:56.954603 140403528402688 logging_writer.py:48] [4800] global_step=4800, grad_norm=0.20115435123443604, loss=2.2771244049072266
I0312 05:05:32.268755 140403520009984 logging_writer.py:48] [4900] global_step=4900, grad_norm=0.1748669594526291, loss=2.325315237045288
I0312 05:06:07.625827 140403528402688 logging_writer.py:48] [5000] global_step=5000, grad_norm=0.19457557797431946, loss=2.2393975257873535
I0312 05:06:42.946010 140403520009984 logging_writer.py:48] [5100] global_step=5100, grad_norm=0.17048534750938416, loss=2.3810856342315674
I0312 05:07:18.287451 140403528402688 logging_writer.py:48] [5200] global_step=5200, grad_norm=0.174536794424057, loss=2.253004789352417
I0312 05:07:53.644648 140403520009984 logging_writer.py:48] [5300] global_step=5300, grad_norm=0.15426218509674072, loss=2.272981643676758
I0312 05:08:28.977930 140403528402688 logging_writer.py:48] [5400] global_step=5400, grad_norm=0.1585860699415207, loss=2.256643772125244
I0312 05:09:04.354849 140403520009984 logging_writer.py:48] [5500] global_step=5500, grad_norm=0.16898585855960846, loss=2.2833709716796875
I0312 05:09:39.699132 140403528402688 logging_writer.py:48] [5600] global_step=5600, grad_norm=0.16452142596244812, loss=2.3038270473480225
I0312 05:10:15.040081 140403520009984 logging_writer.py:48] [5700] global_step=5700, grad_norm=0.17649893462657928, loss=2.240736246109009
I0312 05:10:50.389528 140403528402688 logging_writer.py:48] [5800] global_step=5800, grad_norm=0.15169693529605865, loss=2.1971399784088135
I0312 05:11:25.711818 140403520009984 logging_writer.py:48] [5900] global_step=5900, grad_norm=0.15706908702850342, loss=2.1737046241760254
I0312 05:12:01.033833 140403528402688 logging_writer.py:48] [6000] global_step=6000, grad_norm=0.16281504929065704, loss=2.1814663410186768
I0312 05:12:36.357893 140403520009984 logging_writer.py:48] [6100] global_step=6100, grad_norm=0.17640472948551178, loss=2.2131171226501465
I0312 05:13:11.658386 140403528402688 logging_writer.py:48] [6200] global_step=6200, grad_norm=0.1540966033935547, loss=2.1812551021575928
I0312 05:13:46.993448 140403520009984 logging_writer.py:48] [6300] global_step=6300, grad_norm=0.1467115879058838, loss=2.127197027206421
I0312 05:14:22.320546 140403528402688 logging_writer.py:48] [6400] global_step=6400, grad_norm=0.16412639617919922, loss=2.210446834564209
I0312 05:14:57.707784 140403520009984 logging_writer.py:48] [6500] global_step=6500, grad_norm=0.1507602334022522, loss=2.162355422973633
I0312 05:15:33.093605 140403528402688 logging_writer.py:48] [6600] global_step=6600, grad_norm=0.16796916723251343, loss=2.1500766277313232
I0312 05:16:08.487146 140403520009984 logging_writer.py:48] [6700] global_step=6700, grad_norm=0.15809215605258942, loss=2.060380458831787
I0312 05:16:43.851779 140403528402688 logging_writer.py:48] [6800] global_step=6800, grad_norm=0.1558806598186493, loss=2.1756694316864014
I0312 05:17:19.219893 140403520009984 logging_writer.py:48] [6900] global_step=6900, grad_norm=0.19952869415283203, loss=2.174255132675171
I0312 05:17:54.609844 140403528402688 logging_writer.py:48] [7000] global_step=7000, grad_norm=0.1617332547903061, loss=2.1843957901000977
I0312 05:18:29.956345 140403520009984 logging_writer.py:48] [7100] global_step=7100, grad_norm=0.21095582842826843, loss=2.2107021808624268
I0312 05:18:40.626979 140573192058688 spec.py:321] Evaluating on the training split.
I0312 05:18:43.589174 140573192058688 workload.py:181] Translating evaluation dataset.
I0312 05:21:18.509685 140573192058688 spec.py:333] Evaluating on the validation split.
I0312 05:21:21.178761 140573192058688 workload.py:181] Translating evaluation dataset.
I0312 05:23:41.792162 140573192058688 spec.py:349] Evaluating on the test split.
I0312 05:23:44.491517 140573192058688 workload.py:181] Translating evaluation dataset.
I0312 05:25:51.192983 140573192058688 submission_runner.py:420] Time since start: 4935.58s, 	Step: 7132, 	{'train/accuracy': 0.6054196953773499, 'train/loss': 2.010335922241211, 'train/bleu': 28.578043861643884, 'validation/accuracy': 0.6175868511199951, 'validation/loss': 1.9254359006881714, 'validation/bleu': 25.03961870233312, 'validation/num_examples': 3000, 'test/accuracy': 0.6212770938873291, 'test/loss': 1.8826719522476196, 'test/bleu': 24.043971003125698, 'test/num_examples': 3003, 'score': 2559.766467809677, 'total_duration': 4935.580909729004, 'accumulated_submission_time': 2559.766467809677, 'accumulated_eval_time': 2375.4861319065094, 'accumulated_logging_time': 0.08647036552429199}
I0312 05:25:51.208475 140403528402688 logging_writer.py:48] [7132] accumulated_eval_time=2375.486132, accumulated_logging_time=0.086470, accumulated_submission_time=2559.766468, global_step=7132, preemption_count=0, score=2559.766468, test/accuracy=0.621277, test/bleu=24.043971, test/loss=1.882672, test/num_examples=3003, total_duration=4935.580910, train/accuracy=0.605420, train/bleu=28.578044, train/loss=2.010336, validation/accuracy=0.617587, validation/bleu=25.039619, validation/loss=1.925436, validation/num_examples=3000
I0312 05:26:15.608054 140403520009984 logging_writer.py:48] [7200] global_step=7200, grad_norm=0.20671339333057404, loss=2.227065086364746
I0312 05:26:50.918116 140403528402688 logging_writer.py:48] [7300] global_step=7300, grad_norm=0.1923438459634781, loss=2.113316774368286
I0312 05:27:26.231913 140403520009984 logging_writer.py:48] [7400] global_step=7400, grad_norm=0.14878322184085846, loss=2.14622163772583
I0312 05:28:01.599925 140403528402688 logging_writer.py:48] [7500] global_step=7500, grad_norm=0.15277449786663055, loss=2.0589206218719482
I0312 05:28:36.922593 140403520009984 logging_writer.py:48] [7600] global_step=7600, grad_norm=0.15217439830303192, loss=2.1606831550598145
I0312 05:29:12.284100 140403528402688 logging_writer.py:48] [7700] global_step=7700, grad_norm=0.15311996638774872, loss=2.019172191619873
I0312 05:29:47.652969 140403520009984 logging_writer.py:48] [7800] global_step=7800, grad_norm=0.14266124367713928, loss=2.143106460571289
I0312 05:30:23.022881 140403528402688 logging_writer.py:48] [7900] global_step=7900, grad_norm=0.15911871194839478, loss=2.0830023288726807
I0312 05:30:58.379771 140403520009984 logging_writer.py:48] [8000] global_step=8000, grad_norm=0.1616118848323822, loss=2.145585536956787
I0312 05:31:33.689098 140403528402688 logging_writer.py:48] [8100] global_step=8100, grad_norm=0.15954793989658356, loss=2.174609899520874
I0312 05:32:09.015840 140403520009984 logging_writer.py:48] [8200] global_step=8200, grad_norm=0.1610211730003357, loss=2.0362069606781006
I0312 05:32:44.367280 140403528402688 logging_writer.py:48] [8300] global_step=8300, grad_norm=0.19273662567138672, loss=2.086068868637085
I0312 05:33:19.677806 140403520009984 logging_writer.py:48] [8400] global_step=8400, grad_norm=0.16497546434402466, loss=2.1546518802642822
I0312 05:33:55.002973 140403528402688 logging_writer.py:48] [8500] global_step=8500, grad_norm=0.16011923551559448, loss=2.0817933082580566
I0312 05:34:30.316443 140403520009984 logging_writer.py:48] [8600] global_step=8600, grad_norm=0.16682489216327667, loss=2.0298562049865723
I0312 05:35:05.637773 140403528402688 logging_writer.py:48] [8700] global_step=8700, grad_norm=0.17936773598194122, loss=2.0869102478027344
I0312 05:35:40.940021 140403520009984 logging_writer.py:48] [8800] global_step=8800, grad_norm=0.15702258050441742, loss=2.050283432006836
I0312 05:36:16.293026 140403528402688 logging_writer.py:48] [8900] global_step=8900, grad_norm=0.1687467396259308, loss=2.036503314971924
I0312 05:36:51.659289 140403520009984 logging_writer.py:48] [9000] global_step=9000, grad_norm=0.3351140320301056, loss=2.1007983684539795
I0312 05:37:26.993955 140403528402688 logging_writer.py:48] [9100] global_step=9100, grad_norm=0.17496317625045776, loss=2.0875587463378906
I0312 05:38:02.365394 140403520009984 logging_writer.py:48] [9200] global_step=9200, grad_norm=0.20750834047794342, loss=2.084167003631592
I0312 05:38:37.686276 140403528402688 logging_writer.py:48] [9300] global_step=9300, grad_norm=0.3625270426273346, loss=2.094000816345215
I0312 05:39:13.025899 140403520009984 logging_writer.py:48] [9400] global_step=9400, grad_norm=0.2645270824432373, loss=2.0320186614990234
I0312 05:39:48.426164 140403528402688 logging_writer.py:48] [9500] global_step=9500, grad_norm=0.15665586292743683, loss=2.006335973739624
I0312 05:39:51.344681 140573192058688 spec.py:321] Evaluating on the training split.
I0312 05:39:54.313125 140573192058688 workload.py:181] Translating evaluation dataset.
I0312 05:42:42.492695 140573192058688 spec.py:333] Evaluating on the validation split.
I0312 05:42:45.187658 140573192058688 workload.py:181] Translating evaluation dataset.
I0312 05:45:15.034740 140573192058688 spec.py:349] Evaluating on the test split.
I0312 05:45:17.705670 140573192058688 workload.py:181] Translating evaluation dataset.
I0312 05:47:29.219269 140573192058688 submission_runner.py:420] Time since start: 6233.61s, 	Step: 9510, 	{'train/accuracy': 0.6144471764564514, 'train/loss': 1.9414385557174683, 'train/bleu': 29.758036174075343, 'validation/accuracy': 0.6304943561553955, 'validation/loss': 1.8233507871627808, 'validation/bleu': 26.07328233983416, 'validation/num_examples': 3000, 'test/accuracy': 0.6384173035621643, 'test/loss': 1.761852741241455, 'test/bleu': 25.147387980827414, 'test/num_examples': 3003, 'score': 3399.8166558742523, 'total_duration': 6233.60720205307, 'accumulated_submission_time': 3399.8166558742523, 'accumulated_eval_time': 2833.3606865406036, 'accumulated_logging_time': 0.11213397979736328}
I0312 05:47:29.234927 140403520009984 logging_writer.py:48] [9510] accumulated_eval_time=2833.360687, accumulated_logging_time=0.112134, accumulated_submission_time=3399.816656, global_step=9510, preemption_count=0, score=3399.816656, test/accuracy=0.638417, test/bleu=25.147388, test/loss=1.761853, test/num_examples=3003, total_duration=6233.607202, train/accuracy=0.614447, train/bleu=29.758036, train/loss=1.941439, validation/accuracy=0.630494, validation/bleu=26.073282, validation/loss=1.823351, validation/num_examples=3000
I0312 05:48:01.371064 140403528402688 logging_writer.py:48] [9600] global_step=9600, grad_norm=0.23633989691734314, loss=2.0790767669677734
I0312 05:48:36.690783 140403520009984 logging_writer.py:48] [9700] global_step=9700, grad_norm=0.22187483310699463, loss=2.0257275104522705
I0312 05:49:12.020659 140403528402688 logging_writer.py:48] [9800] global_step=9800, grad_norm=0.23038895428180695, loss=1.99825119972229
I0312 05:49:47.338950 140403520009984 logging_writer.py:48] [9900] global_step=9900, grad_norm=0.201930433511734, loss=1.98917555809021
I0312 05:50:22.682282 140403528402688 logging_writer.py:48] [10000] global_step=10000, grad_norm=0.21402369439601898, loss=2.045032501220703
I0312 05:50:57.990649 140403520009984 logging_writer.py:48] [10100] global_step=10100, grad_norm=0.16880649328231812, loss=2.020921468734741
I0312 05:51:33.298266 140403528402688 logging_writer.py:48] [10200] global_step=10200, grad_norm=0.15611259639263153, loss=2.0356040000915527
I0312 05:52:08.617887 140403520009984 logging_writer.py:48] [10300] global_step=10300, grad_norm=0.1560574173927307, loss=1.9867054224014282
I0312 05:52:43.936317 140403528402688 logging_writer.py:48] [10400] global_step=10400, grad_norm=0.17753596603870392, loss=1.9916691780090332
I0312 05:53:19.277854 140403520009984 logging_writer.py:48] [10500] global_step=10500, grad_norm=0.16977447271347046, loss=2.001164436340332
I0312 05:53:54.604864 140403528402688 logging_writer.py:48] [10600] global_step=10600, grad_norm=0.15228256583213806, loss=1.939833164215088
I0312 05:54:29.945781 140403520009984 logging_writer.py:48] [10700] global_step=10700, grad_norm=0.1621560901403427, loss=2.099889039993286
I0312 05:55:05.282142 140403528402688 logging_writer.py:48] [10800] global_step=10800, grad_norm=0.18867385387420654, loss=2.010820150375366
I0312 05:55:40.595548 140403520009984 logging_writer.py:48] [10900] global_step=10900, grad_norm=0.16044434905052185, loss=2.0139577388763428
I0312 05:56:15.947454 140403528402688 logging_writer.py:48] [11000] global_step=11000, grad_norm=0.19339464604854584, loss=2.01033878326416
I0312 05:56:51.341464 140403520009984 logging_writer.py:48] [11100] global_step=11100, grad_norm=0.23805052042007446, loss=1.9684271812438965
I0312 05:57:26.693689 140403528402688 logging_writer.py:48] [11200] global_step=11200, grad_norm=0.1875736564397812, loss=1.990415334701538
I0312 05:58:02.045581 140403520009984 logging_writer.py:48] [11300] global_step=11300, grad_norm=0.3371283710002899, loss=2.058777332305908
I0312 05:58:37.363170 140403528402688 logging_writer.py:48] [11400] global_step=11400, grad_norm=0.15465950965881348, loss=1.9317911863327026
I0312 05:59:12.695758 140403520009984 logging_writer.py:48] [11500] global_step=11500, grad_norm=0.25116923451423645, loss=2.020291566848755
I0312 05:59:48.053358 140403528402688 logging_writer.py:48] [11600] global_step=11600, grad_norm=0.1591600775718689, loss=1.9969654083251953
I0312 06:00:23.368690 140403520009984 logging_writer.py:48] [11700] global_step=11700, grad_norm=0.23007608950138092, loss=2.0069210529327393
I0312 06:00:58.687879 140403528402688 logging_writer.py:48] [11800] global_step=11800, grad_norm=0.19268842041492462, loss=2.016103506088257
I0312 06:01:29.566695 140573192058688 spec.py:321] Evaluating on the training split.
I0312 06:01:32.526565 140573192058688 workload.py:181] Translating evaluation dataset.
I0312 06:04:01.213281 140573192058688 spec.py:333] Evaluating on the validation split.
I0312 06:04:03.881612 140573192058688 workload.py:181] Translating evaluation dataset.
I0312 06:06:24.152968 140573192058688 spec.py:349] Evaluating on the test split.
I0312 06:06:26.830948 140573192058688 workload.py:181] Translating evaluation dataset.
I0312 06:08:35.131613 140573192058688 submission_runner.py:420] Time since start: 7499.52s, 	Step: 11889, 	{'train/accuracy': 0.6189337968826294, 'train/loss': 1.889572024345398, 'train/bleu': 29.89805366521182, 'validation/accuracy': 0.6390745043754578, 'validation/loss': 1.7538105249404907, 'validation/bleu': 26.64441501614611, 'validation/num_examples': 3000, 'test/accuracy': 0.6477136611938477, 'test/loss': 1.6896036863327026, 'test/bleu': 25.624177133264116, 'test/num_examples': 3003, 'score': 4240.059615850449, 'total_duration': 7499.519518136978, 'accumulated_submission_time': 4240.059615850449, 'accumulated_eval_time': 3258.925538778305, 'accumulated_logging_time': 0.13827753067016602}
I0312 06:08:35.147291 140403520009984 logging_writer.py:48] [11889] accumulated_eval_time=3258.925539, accumulated_logging_time=0.138278, accumulated_submission_time=4240.059616, global_step=11889, preemption_count=0, score=4240.059616, test/accuracy=0.647714, test/bleu=25.624177, test/loss=1.689604, test/num_examples=3003, total_duration=7499.519518, train/accuracy=0.618934, train/bleu=29.898054, train/loss=1.889572, validation/accuracy=0.639075, validation/bleu=26.644415, validation/loss=1.753811, validation/num_examples=3000
I0312 06:08:39.405200 140403528402688 logging_writer.py:48] [11900] global_step=11900, grad_norm=0.23760829865932465, loss=2.0126590728759766
I0312 06:09:14.746185 140403520009984 logging_writer.py:48] [12000] global_step=12000, grad_norm=0.21225908398628235, loss=2.033931255340576
I0312 06:09:50.081603 140403528402688 logging_writer.py:48] [12100] global_step=12100, grad_norm=0.15858204662799835, loss=1.9279614686965942
I0312 06:10:25.384498 140403520009984 logging_writer.py:48] [12200] global_step=12200, grad_norm=0.14732271432876587, loss=1.9319599866867065
I0312 06:11:00.693015 140403528402688 logging_writer.py:48] [12300] global_step=12300, grad_norm=0.1688161939382553, loss=2.003209114074707
I0312 06:11:36.008133 140403520009984 logging_writer.py:48] [12400] global_step=12400, grad_norm=0.1721886843442917, loss=1.877724051475525
I0312 06:12:11.329677 140403528402688 logging_writer.py:48] [12500] global_step=12500, grad_norm=0.1713353842496872, loss=1.9450329542160034
I0312 06:12:46.641573 140403520009984 logging_writer.py:48] [12600] global_step=12600, grad_norm=0.2932836711406708, loss=2.0085368156433105
I0312 06:13:21.963874 140403528402688 logging_writer.py:48] [12700] global_step=12700, grad_norm=0.18710526823997498, loss=1.8790289163589478
I0312 06:13:57.284282 140403520009984 logging_writer.py:48] [12800] global_step=12800, grad_norm=0.16706931591033936, loss=1.9774510860443115
I0312 06:14:32.603021 140403528402688 logging_writer.py:48] [12900] global_step=12900, grad_norm=0.19261357188224792, loss=1.8679131269454956
I0312 06:15:07.946996 140403520009984 logging_writer.py:48] [13000] global_step=13000, grad_norm=0.18499182164669037, loss=1.9652018547058105
I0312 06:15:43.289842 140403528402688 logging_writer.py:48] [13100] global_step=13100, grad_norm=0.324779212474823, loss=2.032254695892334
I0312 06:16:18.616596 140403520009984 logging_writer.py:48] [13200] global_step=13200, grad_norm=0.18755070865154266, loss=1.9851247072219849
I0312 06:16:53.948019 140403528402688 logging_writer.py:48] [13300] global_step=13300, grad_norm=0.15927860140800476, loss=1.8702744245529175
I0312 06:17:29.269195 140403520009984 logging_writer.py:48] [13400] global_step=13400, grad_norm=0.19966062903404236, loss=1.9989203214645386
I0312 06:18:04.609442 140403528402688 logging_writer.py:48] [13500] global_step=13500, grad_norm=0.2155303955078125, loss=1.9842158555984497
I0312 06:18:39.942115 140403520009984 logging_writer.py:48] [13600] global_step=13600, grad_norm=0.24417491257190704, loss=2.0293593406677246
I0312 06:19:15.272211 140403528402688 logging_writer.py:48] [13700] global_step=13700, grad_norm=0.2007257044315338, loss=1.9730417728424072
I0312 06:19:50.575516 140403520009984 logging_writer.py:48] [13800] global_step=13800, grad_norm=0.2359265834093094, loss=2.006728410720825
I0312 06:20:25.918284 140403528402688 logging_writer.py:48] [13900] global_step=13900, grad_norm=0.319705992937088, loss=1.9662907123565674
I0312 06:21:01.266322 140403520009984 logging_writer.py:48] [14000] global_step=14000, grad_norm=0.18278411030769348, loss=1.9524379968643188
I0312 06:21:36.599516 140403528402688 logging_writer.py:48] [14100] global_step=14100, grad_norm=0.16406001150608063, loss=1.9155120849609375
I0312 06:22:11.935335 140403520009984 logging_writer.py:48] [14200] global_step=14200, grad_norm=0.19666573405265808, loss=1.890326976776123
I0312 06:22:35.315520 140573192058688 spec.py:321] Evaluating on the training split.
I0312 06:22:38.278251 140573192058688 workload.py:181] Translating evaluation dataset.
I0312 06:25:51.509274 140573192058688 spec.py:333] Evaluating on the validation split.
I0312 06:25:54.177307 140573192058688 workload.py:181] Translating evaluation dataset.
I0312 06:28:10.258641 140573192058688 spec.py:349] Evaluating on the test split.
I0312 06:28:12.934877 140573192058688 workload.py:181] Translating evaluation dataset.
I0312 06:30:16.886257 140573192058688 submission_runner.py:420] Time since start: 8801.27s, 	Step: 14268, 	{'train/accuracy': 0.624485433101654, 'train/loss': 1.8488229513168335, 'train/bleu': 30.31258298412598, 'validation/accuracy': 0.6445549130439758, 'validation/loss': 1.7065232992172241, 'validation/bleu': 26.959945983848797, 'validation/num_examples': 3000, 'test/accuracy': 0.6522108316421509, 'test/loss': 1.6444939374923706, 'test/bleu': 25.721743297987793, 'test/num_examples': 3003, 'score': 5080.140574455261, 'total_duration': 8801.274183273315, 'accumulated_submission_time': 5080.140574455261, 'accumulated_eval_time': 3720.4962162971497, 'accumulated_logging_time': 0.16579031944274902}
I0312 06:30:16.902393 140403528402688 logging_writer.py:48] [14268] accumulated_eval_time=3720.496216, accumulated_logging_time=0.165790, accumulated_submission_time=5080.140574, global_step=14268, preemption_count=0, score=5080.140574, test/accuracy=0.652211, test/bleu=25.721743, test/loss=1.644494, test/num_examples=3003, total_duration=8801.274183, train/accuracy=0.624485, train/bleu=30.312583, train/loss=1.848823, validation/accuracy=0.644555, validation/bleu=26.959946, validation/loss=1.706523, validation/num_examples=3000
I0312 06:30:28.578264 140403520009984 logging_writer.py:48] [14300] global_step=14300, grad_norm=0.2579096853733063, loss=1.923928141593933
I0312 06:31:03.897716 140403528402688 logging_writer.py:48] [14400] global_step=14400, grad_norm=0.17331358790397644, loss=1.9749000072479248
I0312 06:31:39.182831 140403520009984 logging_writer.py:48] [14500] global_step=14500, grad_norm=0.18893560767173767, loss=1.9974849224090576
I0312 06:32:14.602317 140403528402688 logging_writer.py:48] [14600] global_step=14600, grad_norm=0.20140127837657928, loss=1.8956712484359741
I0312 06:32:49.913824 140403520009984 logging_writer.py:48] [14700] global_step=14700, grad_norm=0.17851299047470093, loss=1.97145676612854
I0312 06:33:25.220020 140403528402688 logging_writer.py:48] [14800] global_step=14800, grad_norm=0.24337007105350494, loss=1.8489806652069092
I0312 06:34:00.571057 140403520009984 logging_writer.py:48] [14900] global_step=14900, grad_norm=0.1853950470685959, loss=1.880993366241455
I0312 06:34:35.915823 140403528402688 logging_writer.py:48] [15000] global_step=15000, grad_norm=0.169161856174469, loss=2.0387508869171143
I0312 06:35:11.244678 140403520009984 logging_writer.py:48] [15100] global_step=15100, grad_norm=0.19658201932907104, loss=1.892038345336914
I0312 06:35:46.577116 140403528402688 logging_writer.py:48] [15200] global_step=15200, grad_norm=0.18980956077575684, loss=1.9399006366729736
I0312 06:36:21.918239 140403520009984 logging_writer.py:48] [15300] global_step=15300, grad_norm=0.18412336707115173, loss=2.032146692276001
I0312 06:36:57.247024 140403528402688 logging_writer.py:48] [15400] global_step=15400, grad_norm=0.18243229389190674, loss=1.935538411140442
I0312 06:37:32.582506 140403520009984 logging_writer.py:48] [15500] global_step=15500, grad_norm=0.16516733169555664, loss=1.8593430519104004
I0312 06:38:07.922537 140403528402688 logging_writer.py:48] [15600] global_step=15600, grad_norm=0.22059112787246704, loss=2.0187184810638428
I0312 06:38:43.231478 140403520009984 logging_writer.py:48] [15700] global_step=15700, grad_norm=0.193151593208313, loss=1.9370211362838745
I0312 06:39:18.593719 140403528402688 logging_writer.py:48] [15800] global_step=15800, grad_norm=0.18309782445430756, loss=1.820532202720642
I0312 06:39:53.933645 140403520009984 logging_writer.py:48] [15900] global_step=15900, grad_norm=0.16522888839244843, loss=1.8159219026565552
I0312 06:40:29.318274 140403528402688 logging_writer.py:48] [16000] global_step=16000, grad_norm=0.20757709443569183, loss=1.9425524473190308
I0312 06:41:04.715452 140403520009984 logging_writer.py:48] [16100] global_step=16100, grad_norm=0.2673366665840149, loss=1.9295635223388672
I0312 06:41:40.046245 140403528402688 logging_writer.py:48] [16200] global_step=16200, grad_norm=0.22975210845470428, loss=1.835445523262024
I0312 06:42:15.354894 140403520009984 logging_writer.py:48] [16300] global_step=16300, grad_norm=0.18326129019260406, loss=1.9010045528411865
I0312 06:42:50.730169 140403528402688 logging_writer.py:48] [16400] global_step=16400, grad_norm=0.232207253575325, loss=1.8933900594711304
I0312 06:43:26.043799 140403520009984 logging_writer.py:48] [16500] global_step=16500, grad_norm=0.16768941283226013, loss=1.9636611938476562
I0312 06:44:01.391385 140403528402688 logging_writer.py:48] [16600] global_step=16600, grad_norm=0.17640137672424316, loss=1.9146966934204102
I0312 06:44:17.011548 140573192058688 spec.py:321] Evaluating on the training split.
I0312 06:44:19.977032 140573192058688 workload.py:181] Translating evaluation dataset.
I0312 06:48:12.320349 140573192058688 spec.py:333] Evaluating on the validation split.
I0312 06:48:14.991748 140573192058688 workload.py:181] Translating evaluation dataset.
I0312 06:50:39.012028 140573192058688 spec.py:349] Evaluating on the test split.
I0312 06:50:41.701590 140573192058688 workload.py:181] Translating evaluation dataset.
I0312 06:52:54.455571 140573192058688 submission_runner.py:420] Time since start: 10158.84s, 	Step: 16646, 	{'train/accuracy': 0.6264616847038269, 'train/loss': 1.830745816230774, 'train/bleu': 30.340130103612914, 'validation/accuracy': 0.6479646563529968, 'validation/loss': 1.6873875856399536, 'validation/bleu': 27.2750023954531, 'validation/num_examples': 3000, 'test/accuracy': 0.6577886343002319, 'test/loss': 1.6086273193359375, 'test/bleu': 26.537255448332026, 'test/num_examples': 3003, 'score': 5920.160865306854, 'total_duration': 10158.843495845795, 'accumulated_submission_time': 5920.160865306854, 'accumulated_eval_time': 4237.940180301666, 'accumulated_logging_time': 0.19264459609985352}
I0312 06:52:54.473357 140403520009984 logging_writer.py:48] [16646] accumulated_eval_time=4237.940180, accumulated_logging_time=0.192645, accumulated_submission_time=5920.160865, global_step=16646, preemption_count=0, score=5920.160865, test/accuracy=0.657789, test/bleu=26.537255, test/loss=1.608627, test/num_examples=3003, total_duration=10158.843496, train/accuracy=0.626462, train/bleu=30.340130, train/loss=1.830746, validation/accuracy=0.647965, validation/bleu=27.275002, validation/loss=1.687388, validation/num_examples=3000
I0312 06:53:13.895239 140403528402688 logging_writer.py:48] [16700] global_step=16700, grad_norm=0.3300226628780365, loss=1.950652003288269
I0312 06:53:49.203555 140403520009984 logging_writer.py:48] [16800] global_step=16800, grad_norm=0.21831341087818146, loss=1.872438669204712
I0312 06:54:24.544990 140403528402688 logging_writer.py:48] [16900] global_step=16900, grad_norm=0.2772100567817688, loss=1.9143036603927612
I0312 06:54:59.874336 140403520009984 logging_writer.py:48] [17000] global_step=17000, grad_norm=0.3325475752353668, loss=1.978351354598999
I0312 06:55:35.172563 140403528402688 logging_writer.py:48] [17100] global_step=17100, grad_norm=0.2174045741558075, loss=1.9303007125854492
I0312 06:56:10.484234 140403520009984 logging_writer.py:48] [17200] global_step=17200, grad_norm=0.20032300055027008, loss=1.8767729997634888
I0312 06:56:45.804098 140403528402688 logging_writer.py:48] [17300] global_step=17300, grad_norm=0.2744099795818329, loss=1.8549538850784302
I0312 06:57:21.136781 140403520009984 logging_writer.py:48] [17400] global_step=17400, grad_norm=0.27923303842544556, loss=1.838276743888855
I0312 06:57:56.465500 140403528402688 logging_writer.py:48] [17500] global_step=17500, grad_norm=0.18662868440151215, loss=1.9363453388214111
I0312 06:58:31.798277 140403520009984 logging_writer.py:48] [17600] global_step=17600, grad_norm=0.22074897587299347, loss=1.9055249691009521
I0312 06:59:07.115710 140403528402688 logging_writer.py:48] [17700] global_step=17700, grad_norm=0.18323537707328796, loss=1.807065725326538
I0312 06:59:42.472451 140403520009984 logging_writer.py:48] [17800] global_step=17800, grad_norm=0.19494400918483734, loss=1.8844746351242065
I0312 07:00:17.843783 140403528402688 logging_writer.py:48] [17900] global_step=17900, grad_norm=0.19873309135437012, loss=1.84597909450531
I0312 07:00:53.213808 140403520009984 logging_writer.py:48] [18000] global_step=18000, grad_norm=0.25958025455474854, loss=1.8238749504089355
I0312 07:01:28.601083 140403528402688 logging_writer.py:48] [18100] global_step=18100, grad_norm=0.19451622664928436, loss=1.8741371631622314
I0312 07:02:03.919204 140403520009984 logging_writer.py:48] [18200] global_step=18200, grad_norm=0.20713843405246735, loss=1.881150245666504
I0312 07:02:39.244484 140403528402688 logging_writer.py:48] [18300] global_step=18300, grad_norm=0.19030924141407013, loss=1.882881760597229
I0312 07:03:14.581554 140403520009984 logging_writer.py:48] [18400] global_step=18400, grad_norm=0.22881987690925598, loss=1.9182008504867554
I0312 07:03:49.928555 140403528402688 logging_writer.py:48] [18500] global_step=18500, grad_norm=0.2539500594139099, loss=1.9318859577178955
I0312 07:04:25.245704 140403520009984 logging_writer.py:48] [18600] global_step=18600, grad_norm=0.1965712159872055, loss=1.8191267251968384
I0312 07:05:00.579125 140403528402688 logging_writer.py:48] [18700] global_step=18700, grad_norm=0.17231325805187225, loss=1.8817758560180664
I0312 07:05:35.961532 140403520009984 logging_writer.py:48] [18800] global_step=18800, grad_norm=0.18250451982021332, loss=1.8629664182662964
I0312 07:06:11.310517 140403528402688 logging_writer.py:48] [18900] global_step=18900, grad_norm=0.214229017496109, loss=1.8775231838226318
I0312 07:06:46.645005 140403520009984 logging_writer.py:48] [19000] global_step=19000, grad_norm=0.20731890201568604, loss=1.8637036085128784
I0312 07:06:54.498049 140573192058688 spec.py:321] Evaluating on the training split.
I0312 07:06:57.457911 140573192058688 workload.py:181] Translating evaluation dataset.
I0312 07:10:51.511305 140573192058688 spec.py:333] Evaluating on the validation split.
I0312 07:10:54.176681 140573192058688 workload.py:181] Translating evaluation dataset.
I0312 07:13:45.253489 140573192058688 spec.py:349] Evaluating on the test split.
I0312 07:13:47.922093 140573192058688 workload.py:181] Translating evaluation dataset.
I0312 07:16:16.704017 140573192058688 submission_runner.py:420] Time since start: 11561.09s, 	Step: 19024, 	{'train/accuracy': 0.6484805345535278, 'train/loss': 1.662880301475525, 'train/bleu': 32.06108394190534, 'validation/accuracy': 0.6506428718566895, 'validation/loss': 1.6595262289047241, 'validation/bleu': 27.19620966158643, 'validation/num_examples': 3000, 'test/accuracy': 0.6595317125320435, 'test/loss': 1.5889374017715454, 'test/bleu': 26.477100905505882, 'test/num_examples': 3003, 'score': 6760.097064495087, 'total_duration': 11561.091912984848, 'accumulated_submission_time': 6760.097064495087, 'accumulated_eval_time': 4800.146046638489, 'accumulated_logging_time': 0.22060847282409668}
I0312 07:16:16.721283 140403528402688 logging_writer.py:48] [19024] accumulated_eval_time=4800.146047, accumulated_logging_time=0.220608, accumulated_submission_time=6760.097064, global_step=19024, preemption_count=0, score=6760.097064, test/accuracy=0.659532, test/bleu=26.477101, test/loss=1.588937, test/num_examples=3003, total_duration=11561.091913, train/accuracy=0.648481, train/bleu=32.061084, train/loss=1.662880, validation/accuracy=0.650643, validation/bleu=27.196210, validation/loss=1.659526, validation/num_examples=3000
I0312 07:16:43.921210 140403520009984 logging_writer.py:48] [19100] global_step=19100, grad_norm=0.18897949159145355, loss=1.9531892538070679
I0312 07:17:19.223407 140403528402688 logging_writer.py:48] [19200] global_step=19200, grad_norm=0.2375270575284958, loss=1.9143985509872437
I0312 07:17:54.514424 140403520009984 logging_writer.py:48] [19300] global_step=19300, grad_norm=0.205569788813591, loss=1.8589156866073608
I0312 07:18:29.845724 140403528402688 logging_writer.py:48] [19400] global_step=19400, grad_norm=0.21939250826835632, loss=1.9472014904022217
I0312 07:19:05.176184 140403520009984 logging_writer.py:48] [19500] global_step=19500, grad_norm=0.19428123533725739, loss=1.8682924509048462
I0312 07:19:40.505223 140403528402688 logging_writer.py:48] [19600] global_step=19600, grad_norm=0.17415642738342285, loss=1.8765965700149536
I0312 07:20:15.841260 140403520009984 logging_writer.py:48] [19700] global_step=19700, grad_norm=0.24722793698310852, loss=1.8144841194152832
I0312 07:20:51.174591 140403528402688 logging_writer.py:48] [19800] global_step=19800, grad_norm=0.2058945894241333, loss=1.9766640663146973
I0312 07:21:26.483733 140403520009984 logging_writer.py:48] [19900] global_step=19900, grad_norm=0.1928599625825882, loss=1.8328107595443726
I0312 07:22:01.821542 140403528402688 logging_writer.py:48] [20000] global_step=20000, grad_norm=0.19214694201946259, loss=1.8896301984786987
I0312 07:22:37.147785 140403520009984 logging_writer.py:48] [20100] global_step=20100, grad_norm=0.28099897503852844, loss=1.8662968873977661
I0312 07:23:12.453373 140403528402688 logging_writer.py:48] [20200] global_step=20200, grad_norm=0.20630396902561188, loss=1.8383982181549072
I0312 07:23:47.815586 140403520009984 logging_writer.py:48] [20300] global_step=20300, grad_norm=0.16706815361976624, loss=1.885483741760254
I0312 07:24:23.164157 140403528402688 logging_writer.py:48] [20400] global_step=20400, grad_norm=0.1829751878976822, loss=1.870640754699707
I0312 07:24:58.563811 140403520009984 logging_writer.py:48] [20500] global_step=20500, grad_norm=0.16736292839050293, loss=1.921081304550171
I0312 07:25:34.059585 140403528402688 logging_writer.py:48] [20600] global_step=20600, grad_norm=0.1916774958372116, loss=1.9090931415557861
I0312 07:26:09.397881 140403520009984 logging_writer.py:48] [20700] global_step=20700, grad_norm=0.27540701627731323, loss=1.8390588760375977
I0312 07:26:44.711249 140403528402688 logging_writer.py:48] [20800] global_step=20800, grad_norm=0.17422720789909363, loss=1.8966264724731445
