python3 submission_runner.py --framework=jax --workload=fastmri_layernorm --submission_path=reference_algorithms/target_setting_algorithms/jax_nadamw.py --tuning_search_space=reference_algorithms/target_setting_algorithms/fastmri_layernorm/tuning_search_space.json --data_dir=/data/fastmri --num_tuning_trials=1 --experiment_dir=/experiment_runs --experiment_name=variants_target_setting/study_0 --overwrite=true --save_checkpoints=false --num_tuning_trials=1 --rng_seed=3377931912 --max_global_steps=36189 2>&1 | tee -a /logs/fastmri_layernorm_jax_02-15-2024-09-25-01.log
I0215 09:25:21.307746 140172134500160 logger_utils.py:76] Creating experiment directory at /experiment_runs/variants_target_setting/study_0/fastmri_layernorm_jax.
I0215 09:25:23.027641 140172134500160 xla_bridge.py:455] Unable to initialize backend 'rocm': NOT_FOUND: Could not find registered platform with name: "rocm". Available platform names are: Interpreter Host CUDA
I0215 09:25:23.029243 140172134500160 xla_bridge.py:455] Unable to initialize backend 'tpu': module 'jaxlib.xla_extension' has no attribute 'get_tpu_client'
I0215 09:25:23.029408 140172134500160 xla_bridge.py:455] Unable to initialize backend 'plugin': xla_extension has no attributes named get_plugin_device_client. Compile TensorFlow with //tensorflow/compiler/xla/python:enable_plugin_device set to true (defaults to false) to enable this.
I0215 09:25:23.037262 140172134500160 submission_runner.py:542] Using RNG seed 3377931912
I0215 09:25:24.150846 140172134500160 submission_runner.py:551] --- Tuning run 1/1 ---
I0215 09:25:24.151080 140172134500160 submission_runner.py:556] Creating tuning directory at /experiment_runs/variants_target_setting/study_0/fastmri_layernorm_jax/trial_1.
I0215 09:25:24.151558 140172134500160 logger_utils.py:92] Saving hparams to /experiment_runs/variants_target_setting/study_0/fastmri_layernorm_jax/trial_1/hparams.json.
I0215 09:25:24.335368 140172134500160 submission_runner.py:206] Initializing dataset.
I0215 09:25:30.969624 140172134500160 submission_runner.py:213] Initializing model.
I0215 09:25:38.089906 140172134500160 submission_runner.py:255] Initializing optimizer.
I0215 09:25:39.307167 140172134500160 submission_runner.py:262] Initializing metrics bundle.
I0215 09:25:39.307347 140172134500160 submission_runner.py:280] Initializing checkpoint and logger.
I0215 09:25:39.308266 140172134500160 checkpoints.py:915] Found no checkpoint files in /experiment_runs/variants_target_setting/study_0/fastmri_layernorm_jax/trial_1 with prefix checkpoint_
I0215 09:25:39.308398 140172134500160 submission_runner.py:300] Saving meta data to /experiment_runs/variants_target_setting/study_0/fastmri_layernorm_jax/trial_1/meta_data_0.json.
I0215 09:25:39.308583 140172134500160 logger_utils.py:257] Unable to record workload.train_mean information. Continuing without it.
I0215 09:25:39.308643 140172134500160 logger_utils.py:257] Unable to record workload.train_stddev information. Continuing without it.
fatal: detected dubious ownership in repository at '/algorithmic-efficiency'
To add an exception for this directory, call:

	git config --global --add safe.directory /algorithmic-efficiency
I0215 09:25:39.608797 140172134500160 logger_utils.py:220] Unable to record git information. Continuing without it.
I0215 09:25:39.885529 140172134500160 submission_runner.py:304] Saving flags to /experiment_runs/variants_target_setting/study_0/fastmri_layernorm_jax/trial_1/flags_0.json.
I0215 09:25:39.895476 140172134500160 submission_runner.py:314] Starting training loop.
I0215 09:26:39.549882 140010201913088 logging_writer.py:48] [0] global_step=0, grad_norm=7.904787063598633, loss=0.8742879033088684
I0215 09:26:39.563384 140172134500160 spec.py:321] Evaluating on the training split.
I0215 09:28:07.122263 140172134500160 spec.py:333] Evaluating on the validation split.
I0215 09:29:07.079869 140172134500160 spec.py:349] Evaluating on the test split.
I0215 09:30:05.881968 140172134500160 submission_runner.py:408] Time since start: 265.99s, 	Step: 1, 	{'train/ssim': 0.307696989604405, 'train/loss': 0.9020264489310128, 'validation/ssim': 0.2992487420643993, 'validation/loss': 0.902259667803883, 'validation/num_examples': 3554, 'test/ssim': 0.32344998996439545, 'test/loss': 0.9004504841088383, 'test/num_examples': 3581, 'score': 59.66749906539917, 'total_duration': 265.98641085624695, 'accumulated_submission_time': 59.66749906539917, 'accumulated_eval_time': 206.3184998035431, 'accumulated_logging_time': 0}
I0215 09:30:05.899516 139986196227840 logging_writer.py:48] [1] accumulated_eval_time=206.318500, accumulated_logging_time=0, accumulated_submission_time=59.667499, global_step=1, preemption_count=0, score=59.667499, test/loss=0.900450, test/num_examples=3581, test/ssim=0.323450, total_duration=265.986411, train/loss=0.902026, train/ssim=0.307697, validation/loss=0.902260, validation/num_examples=3554, validation/ssim=0.299249
I0215 09:30:05.994695 139986187835136 logging_writer.py:48] [1] global_step=1, grad_norm=7.929516315460205, loss=0.84262615442276
I0215 09:30:06.088561 139986196227840 logging_writer.py:48] [2] global_step=2, grad_norm=7.638016223907471, loss=0.8768918514251709
I0215 09:30:06.175218 139986187835136 logging_writer.py:48] [3] global_step=3, grad_norm=7.47491455078125, loss=0.9361432790756226
I0215 09:30:06.261267 139986196227840 logging_writer.py:48] [4] global_step=4, grad_norm=7.2790327072143555, loss=0.8512166738510132
I0215 09:30:06.351250 139986187835136 logging_writer.py:48] [5] global_step=5, grad_norm=6.350560188293457, loss=0.8399454355239868
I0215 09:30:06.443070 139986196227840 logging_writer.py:48] [6] global_step=6, grad_norm=6.596820831298828, loss=0.7593735456466675
I0215 09:30:06.531532 139986187835136 logging_writer.py:48] [7] global_step=7, grad_norm=5.9748358726501465, loss=0.7721074223518372
I0215 09:30:06.621459 139986196227840 logging_writer.py:48] [8] global_step=8, grad_norm=5.366467475891113, loss=0.7162447571754456
I0215 09:30:06.707492 139986187835136 logging_writer.py:48] [9] global_step=9, grad_norm=4.687585353851318, loss=0.6153500080108643
I0215 09:30:06.796632 139986196227840 logging_writer.py:48] [10] global_step=10, grad_norm=4.116663932800293, loss=0.6166902780532837
I0215 09:30:06.881030 139986187835136 logging_writer.py:48] [11] global_step=11, grad_norm=3.7039620876312256, loss=0.6162267923355103
I0215 09:30:06.966915 139986196227840 logging_writer.py:48] [12] global_step=12, grad_norm=3.5009677410125732, loss=0.5740298628807068
I0215 09:30:07.051868 139986187835136 logging_writer.py:48] [13] global_step=13, grad_norm=2.3355236053466797, loss=0.5797030329704285
I0215 09:30:07.143255 139986196227840 logging_writer.py:48] [14] global_step=14, grad_norm=2.836937427520752, loss=0.515141487121582
I0215 09:30:07.232354 139986187835136 logging_writer.py:48] [15] global_step=15, grad_norm=2.4617671966552734, loss=0.4907890558242798
I0215 09:30:07.379758 139986196227840 logging_writer.py:48] [16] global_step=16, grad_norm=2.768878698348999, loss=0.47746652364730835
I0215 09:30:07.627890 139986187835136 logging_writer.py:48] [17] global_step=17, grad_norm=1.526353120803833, loss=0.3911852538585663
I0215 09:30:07.838812 139986196227840 logging_writer.py:48] [18] global_step=18, grad_norm=2.1575100421905518, loss=0.417964905500412
I0215 09:30:08.067087 139986187835136 logging_writer.py:48] [19] global_step=19, grad_norm=1.6518943309783936, loss=0.37714675068855286
I0215 09:30:08.293515 139986196227840 logging_writer.py:48] [20] global_step=20, grad_norm=1.1582955121994019, loss=0.3838769793510437
I0215 09:30:08.535702 139986187835136 logging_writer.py:48] [21] global_step=21, grad_norm=0.625299870967865, loss=0.38705915212631226
I0215 09:30:08.769120 139986196227840 logging_writer.py:48] [22] global_step=22, grad_norm=1.0409197807312012, loss=0.32689279317855835
I0215 09:30:09.021236 139986187835136 logging_writer.py:48] [23] global_step=23, grad_norm=1.0418161153793335, loss=0.3811308741569519
I0215 09:30:09.283818 139986196227840 logging_writer.py:48] [24] global_step=24, grad_norm=0.9827740788459778, loss=0.3889099657535553
I0215 09:30:09.448723 139986187835136 logging_writer.py:48] [25] global_step=25, grad_norm=0.8793015480041504, loss=0.4288175702095032
I0215 09:30:09.684226 139986196227840 logging_writer.py:48] [26] global_step=26, grad_norm=0.5733627676963806, loss=0.33218324184417725
I0215 09:30:09.950755 139986187835136 logging_writer.py:48] [27] global_step=27, grad_norm=0.5967601537704468, loss=0.44944438338279724
I0215 09:30:10.206521 139986196227840 logging_writer.py:48] [28] global_step=28, grad_norm=0.440155029296875, loss=0.3622756600379944
I0215 09:30:10.422327 139986187835136 logging_writer.py:48] [29] global_step=29, grad_norm=0.46876147389411926, loss=0.3506985008716583
I0215 09:30:10.652595 139986196227840 logging_writer.py:48] [30] global_step=30, grad_norm=0.4650123119354248, loss=0.38742557168006897
I0215 09:30:10.909703 139986187835136 logging_writer.py:48] [31] global_step=31, grad_norm=0.45768097043037415, loss=0.4248276650905609
I0215 09:30:11.120235 139986196227840 logging_writer.py:48] [32] global_step=32, grad_norm=0.25682130455970764, loss=0.4149335026741028
I0215 09:30:11.366348 139986187835136 logging_writer.py:48] [33] global_step=33, grad_norm=0.5112984776496887, loss=0.3349224627017975
I0215 09:30:11.598551 139986196227840 logging_writer.py:48] [34] global_step=34, grad_norm=0.4914543032646179, loss=0.4564712643623352
I0215 09:30:11.844814 139986187835136 logging_writer.py:48] [35] global_step=35, grad_norm=0.39854496717453003, loss=0.39193594455718994
I0215 09:30:12.074721 139986196227840 logging_writer.py:48] [36] global_step=36, grad_norm=0.7047536373138428, loss=0.373229444026947
I0215 09:30:12.279008 139986187835136 logging_writer.py:48] [37] global_step=37, grad_norm=0.4272230267524719, loss=0.355928510427475
I0215 09:30:12.531568 139986196227840 logging_writer.py:48] [38] global_step=38, grad_norm=1.0243091583251953, loss=0.40066438913345337
I0215 09:30:12.753108 139986187835136 logging_writer.py:48] [39] global_step=39, grad_norm=1.2891604900360107, loss=0.28435060381889343
I0215 09:30:12.962983 139986196227840 logging_writer.py:48] [40] global_step=40, grad_norm=0.5938239693641663, loss=0.356472909450531
I0215 09:30:13.207339 139986187835136 logging_writer.py:48] [41] global_step=41, grad_norm=0.5472068786621094, loss=0.38516682386398315
I0215 09:30:13.466770 139986196227840 logging_writer.py:48] [42] global_step=42, grad_norm=0.5498654246330261, loss=0.3212991952896118
I0215 09:30:13.689685 139986187835136 logging_writer.py:48] [43] global_step=43, grad_norm=0.3496556282043457, loss=0.36227303743362427
I0215 09:30:13.917165 139986196227840 logging_writer.py:48] [44] global_step=44, grad_norm=0.25520458817481995, loss=0.35133957862854004
I0215 09:30:14.199222 139986187835136 logging_writer.py:48] [45] global_step=45, grad_norm=0.43999871611595154, loss=0.37219738960266113
I0215 09:30:14.457720 139986196227840 logging_writer.py:48] [46] global_step=46, grad_norm=0.8417786955833435, loss=0.4236104190349579
I0215 09:30:14.671160 139986187835136 logging_writer.py:48] [47] global_step=47, grad_norm=1.1586121320724487, loss=0.37245333194732666
I0215 09:30:14.900969 139986196227840 logging_writer.py:48] [48] global_step=48, grad_norm=0.996124804019928, loss=0.3449943959712982
I0215 09:30:15.155358 139986187835136 logging_writer.py:48] [49] global_step=49, grad_norm=0.5702477097511292, loss=0.35198134183883667
I0215 09:30:15.407246 139986196227840 logging_writer.py:48] [50] global_step=50, grad_norm=0.598253607749939, loss=0.39002078771591187
I0215 09:30:15.655236 139986187835136 logging_writer.py:48] [51] global_step=51, grad_norm=0.6070560216903687, loss=0.4158882796764374
I0215 09:30:15.911936 139986196227840 logging_writer.py:48] [52] global_step=52, grad_norm=0.9596068859100342, loss=0.3167262673377991
I0215 09:30:16.176305 139986187835136 logging_writer.py:48] [53] global_step=53, grad_norm=1.1255983114242554, loss=0.3727870583534241
I0215 09:30:16.372129 139986196227840 logging_writer.py:48] [54] global_step=54, grad_norm=0.6473687887191772, loss=0.31749287247657776
I0215 09:30:16.671575 139986187835136 logging_writer.py:48] [55] global_step=55, grad_norm=0.4937894344329834, loss=0.3497956395149231
I0215 09:30:16.901029 139986196227840 logging_writer.py:48] [56] global_step=56, grad_norm=0.6646133065223694, loss=0.3487972617149353
I0215 09:30:17.151857 139986187835136 logging_writer.py:48] [57] global_step=57, grad_norm=0.8805248737335205, loss=0.36815375089645386
I0215 09:30:17.383718 139986196227840 logging_writer.py:48] [58] global_step=58, grad_norm=1.081642508506775, loss=0.4027997553348541
I0215 09:30:17.607348 139986187835136 logging_writer.py:48] [59] global_step=59, grad_norm=1.84821355342865, loss=0.33106863498687744
I0215 09:30:17.841728 139986196227840 logging_writer.py:48] [60] global_step=60, grad_norm=2.04351806640625, loss=0.3322795331478119
I0215 09:30:18.050948 139986187835136 logging_writer.py:48] [61] global_step=61, grad_norm=0.8684648275375366, loss=0.33544111251831055
I0215 09:30:18.310397 139986196227840 logging_writer.py:48] [62] global_step=62, grad_norm=0.7310563921928406, loss=0.38512617349624634
I0215 09:30:18.544902 139986187835136 logging_writer.py:48] [63] global_step=63, grad_norm=1.4777108430862427, loss=0.3095839023590088
I0215 09:30:18.829010 139986196227840 logging_writer.py:48] [64] global_step=64, grad_norm=1.8202983140945435, loss=0.31792324781417847
I0215 09:30:19.092070 139986187835136 logging_writer.py:48] [65] global_step=65, grad_norm=0.7815601825714111, loss=0.351909339427948
I0215 09:30:19.298288 139986196227840 logging_writer.py:48] [66] global_step=66, grad_norm=1.3907760381698608, loss=0.31749191880226135
I0215 09:30:19.559829 139986187835136 logging_writer.py:48] [67] global_step=67, grad_norm=0.8564068078994751, loss=0.2711586654186249
I0215 09:30:19.763132 139986196227840 logging_writer.py:48] [68] global_step=68, grad_norm=0.7948261499404907, loss=0.3414468765258789
I0215 09:30:20.043481 139986187835136 logging_writer.py:48] [69] global_step=69, grad_norm=1.1708025932312012, loss=0.3253186345100403
I0215 09:30:20.298940 139986196227840 logging_writer.py:48] [70] global_step=70, grad_norm=1.0646629333496094, loss=0.3401840329170227
I0215 09:30:20.530476 139986187835136 logging_writer.py:48] [71] global_step=71, grad_norm=1.008426547050476, loss=0.348481148481369
I0215 09:30:20.764089 139986196227840 logging_writer.py:48] [72] global_step=72, grad_norm=1.773288369178772, loss=0.2907432019710541
I0215 09:30:20.965080 139986187835136 logging_writer.py:48] [73] global_step=73, grad_norm=2.152545928955078, loss=0.3513094186782837
I0215 09:30:21.256485 139986196227840 logging_writer.py:48] [74] global_step=74, grad_norm=1.672053337097168, loss=0.36315983533859253
I0215 09:30:21.492766 139986187835136 logging_writer.py:48] [75] global_step=75, grad_norm=1.4155511856079102, loss=0.2880834639072418
I0215 09:30:21.711567 139986196227840 logging_writer.py:48] [76] global_step=76, grad_norm=1.0621211528778076, loss=0.2941821217536926
I0215 09:30:21.961325 139986187835136 logging_writer.py:48] [77] global_step=77, grad_norm=1.0807600021362305, loss=0.2833147943019867
I0215 09:30:22.223072 139986196227840 logging_writer.py:48] [78] global_step=78, grad_norm=1.6174598932266235, loss=0.2723585069179535
I0215 09:30:22.470836 139986187835136 logging_writer.py:48] [79] global_step=79, grad_norm=1.9319102764129639, loss=0.3030261695384979
I0215 09:30:22.767714 139986196227840 logging_writer.py:48] [80] global_step=80, grad_norm=1.4501534700393677, loss=0.2569288909435272
I0215 09:30:23.064634 139986187835136 logging_writer.py:48] [81] global_step=81, grad_norm=0.8740630745887756, loss=0.2827454209327698
I0215 09:30:23.250473 139986196227840 logging_writer.py:48] [82] global_step=82, grad_norm=0.6510931849479675, loss=0.2610912024974823
I0215 09:30:23.498374 139986187835136 logging_writer.py:48] [83] global_step=83, grad_norm=1.4045878648757935, loss=0.23001447319984436
I0215 09:30:23.792656 139986196227840 logging_writer.py:48] [84] global_step=84, grad_norm=2.7667579650878906, loss=0.27564194798469543
I0215 09:30:24.010276 139986187835136 logging_writer.py:48] [85] global_step=85, grad_norm=2.6135411262512207, loss=0.2859419882297516
I0215 09:30:24.236156 139986196227840 logging_writer.py:48] [86] global_step=86, grad_norm=1.0955415964126587, loss=0.28786683082580566
I0215 09:30:24.462187 139986187835136 logging_writer.py:48] [87] global_step=87, grad_norm=0.5096321702003479, loss=0.34489673376083374
I0215 09:30:24.697801 139986196227840 logging_writer.py:48] [88] global_step=88, grad_norm=0.7469221949577332, loss=0.3377384543418884
I0215 09:30:24.990532 139986187835136 logging_writer.py:48] [89] global_step=89, grad_norm=1.6244529485702515, loss=0.3007766902446747
I0215 09:30:25.311184 139986196227840 logging_writer.py:48] [90] global_step=90, grad_norm=2.756141185760498, loss=0.2800762355327606
I0215 09:30:25.522165 139986187835136 logging_writer.py:48] [91] global_step=91, grad_norm=2.370269298553467, loss=0.26703521609306335
I0215 09:30:25.748133 139986196227840 logging_writer.py:48] [92] global_step=92, grad_norm=1.2795424461364746, loss=0.23810628056526184
I0215 09:30:25.954988 139986187835136 logging_writer.py:48] [93] global_step=93, grad_norm=0.7391772270202637, loss=0.29269111156463623
I0215 09:30:26.235523 139986196227840 logging_writer.py:48] [94] global_step=94, grad_norm=0.9630374908447266, loss=0.21058639883995056
I0215 09:30:26.502763 139986187835136 logging_writer.py:48] [95] global_step=95, grad_norm=1.306624412536621, loss=0.22206488251686096
I0215 09:30:26.719542 139986196227840 logging_writer.py:48] [96] global_step=96, grad_norm=1.434003233909607, loss=0.286127507686615
I0215 09:30:26.999470 139986187835136 logging_writer.py:48] [97] global_step=97, grad_norm=1.2502949237823486, loss=0.2762294411659241
I0215 09:30:27.250198 139986196227840 logging_writer.py:48] [98] global_step=98, grad_norm=1.292935848236084, loss=0.32031139731407166
I0215 09:30:27.523699 139986187835136 logging_writer.py:48] [99] global_step=99, grad_norm=1.1935561895370483, loss=0.31775546073913574
I0215 09:30:27.701343 139986196227840 logging_writer.py:48] [100] global_step=100, grad_norm=1.247578501701355, loss=0.25392770767211914
I0215 09:31:26.050900 140172134500160 spec.py:321] Evaluating on the training split.
I0215 09:31:27.852300 140172134500160 spec.py:333] Evaluating on the validation split.
I0215 09:31:29.167311 140172134500160 spec.py:349] Evaluating on the test split.
I0215 09:31:30.483818 140172134500160 submission_runner.py:408] Time since start: 350.59s, 	Step: 333, 	{'train/ssim': 0.7201729501996722, 'train/loss': 0.2886275223323277, 'validation/ssim': 0.6985996742227069, 'validation/loss': 0.30771552382658623, 'validation/num_examples': 3554, 'test/ssim': 0.7161350159697012, 'test/loss': 0.30910858605967256, 'test/num_examples': 3581, 'score': 139.7986454963684, 'total_duration': 350.5882625579834, 'accumulated_submission_time': 139.7986454963684, 'accumulated_eval_time': 210.7513611316681, 'accumulated_logging_time': 0.02648019790649414}
I0215 09:31:30.508424 139986187835136 logging_writer.py:48] [333] accumulated_eval_time=210.751361, accumulated_logging_time=0.026480, accumulated_submission_time=139.798645, global_step=333, preemption_count=0, score=139.798645, test/loss=0.309109, test/num_examples=3581, test/ssim=0.716135, total_duration=350.588263, train/loss=0.288628, train/ssim=0.720173, validation/loss=0.307716, validation/num_examples=3554, validation/ssim=0.698600
I0215 09:32:26.961862 139986196227840 logging_writer.py:48] [500] global_step=500, grad_norm=1.032263159751892, loss=0.2181277722120285
I0215 09:32:50.671104 140172134500160 spec.py:321] Evaluating on the training split.
I0215 09:32:52.043409 140172134500160 spec.py:333] Evaluating on the validation split.
I0215 09:32:53.357404 140172134500160 spec.py:349] Evaluating on the test split.
I0215 09:32:54.672997 140172134500160 submission_runner.py:408] Time since start: 434.78s, 	Step: 568, 	{'train/ssim': 0.7137090819222587, 'train/loss': 0.2900528907775879, 'validation/ssim': 0.6931421626600309, 'validation/loss': 0.308278029596933, 'validation/num_examples': 3554, 'test/ssim': 0.7093845038266197, 'test/loss': 0.31053228519442894, 'test/num_examples': 3581, 'score': 219.94079542160034, 'total_duration': 434.7774419784546, 'accumulated_submission_time': 219.94079542160034, 'accumulated_eval_time': 214.753191947937, 'accumulated_logging_time': 0.06382632255554199}
I0215 09:32:54.694160 139986187835136 logging_writer.py:48] [568] accumulated_eval_time=214.753192, accumulated_logging_time=0.063826, accumulated_submission_time=219.940795, global_step=568, preemption_count=0, score=219.940795, test/loss=0.310532, test/num_examples=3581, test/ssim=0.709385, total_duration=434.777442, train/loss=0.290053, train/ssim=0.713709, validation/loss=0.308278, validation/num_examples=3554, validation/ssim=0.693142
I0215 09:34:14.814779 140172134500160 spec.py:321] Evaluating on the training split.
I0215 09:34:16.183619 140172134500160 spec.py:333] Evaluating on the validation split.
I0215 09:34:17.499973 140172134500160 spec.py:349] Evaluating on the test split.
I0215 09:34:18.818033 140172134500160 submission_runner.py:408] Time since start: 518.92s, 	Step: 804, 	{'train/ssim': 0.7342711857386998, 'train/loss': 0.278077449117388, 'validation/ssim': 0.7118225612865785, 'validation/loss': 0.29812479529007807, 'validation/num_examples': 3554, 'test/ssim': 0.7285801201218235, 'test/loss': 0.2996748450480836, 'test/num_examples': 3581, 'score': 300.0396840572357, 'total_duration': 518.9224259853363, 'accumulated_submission_time': 300.0396840572357, 'accumulated_eval_time': 218.75635075569153, 'accumulated_logging_time': 0.09850287437438965}
I0215 09:34:18.841513 139986196227840 logging_writer.py:48] [804] accumulated_eval_time=218.756351, accumulated_logging_time=0.098503, accumulated_submission_time=300.039684, global_step=804, preemption_count=0, score=300.039684, test/loss=0.299675, test/num_examples=3581, test/ssim=0.728580, total_duration=518.922426, train/loss=0.278077, train/ssim=0.734271, validation/loss=0.298125, validation/num_examples=3554, validation/ssim=0.711823
I0215 09:35:21.848241 139986187835136 logging_writer.py:48] [1000] global_step=1000, grad_norm=0.4874749481678009, loss=0.24126343429088593
I0215 09:35:38.860415 140172134500160 spec.py:321] Evaluating on the training split.
I0215 09:35:40.231560 140172134500160 spec.py:333] Evaluating on the validation split.
I0215 09:35:41.550055 140172134500160 spec.py:349] Evaluating on the test split.
I0215 09:35:42.866058 140172134500160 submission_runner.py:408] Time since start: 602.97s, 	Step: 1071, 	{'train/ssim': 0.7307100296020508, 'train/loss': 0.27737036773136686, 'validation/ssim': 0.7092636872625915, 'validation/loss': 0.2961386625325338, 'validation/num_examples': 3554, 'test/ssim': 0.7264182381841664, 'test/loss': 0.2977065848292202, 'test/num_examples': 3581, 'score': 380.0322196483612, 'total_duration': 602.970507144928, 'accumulated_submission_time': 380.0322196483612, 'accumulated_eval_time': 222.76194071769714, 'accumulated_logging_time': 0.13942456245422363}
I0215 09:35:42.880908 139986196227840 logging_writer.py:48] [1071] accumulated_eval_time=222.761941, accumulated_logging_time=0.139425, accumulated_submission_time=380.032220, global_step=1071, preemption_count=0, score=380.032220, test/loss=0.297707, test/num_examples=3581, test/ssim=0.726418, total_duration=602.970507, train/loss=0.277370, train/ssim=0.730710, validation/loss=0.296139, validation/num_examples=3554, validation/ssim=0.709264
I0215 09:37:02.959209 140172134500160 spec.py:321] Evaluating on the training split.
I0215 09:37:04.329925 140172134500160 spec.py:333] Evaluating on the validation split.
I0215 09:37:05.646317 140172134500160 spec.py:349] Evaluating on the test split.
I0215 09:37:06.963580 140172134500160 submission_runner.py:408] Time since start: 687.07s, 	Step: 1416, 	{'train/ssim': 0.7384279796055385, 'train/loss': 0.2728729248046875, 'validation/ssim': 0.715153425277856, 'validation/loss': 0.2928565717105726, 'validation/num_examples': 3554, 'test/ssim': 0.7325364117913991, 'test/loss': 0.2942135535748569, 'test/num_examples': 3581, 'score': 460.0895206928253, 'total_duration': 687.0680422782898, 'accumulated_submission_time': 460.0895206928253, 'accumulated_eval_time': 226.76627135276794, 'accumulated_logging_time': 0.16347146034240723}
I0215 09:37:06.978942 139986187835136 logging_writer.py:48] [1416] accumulated_eval_time=226.766271, accumulated_logging_time=0.163471, accumulated_submission_time=460.089521, global_step=1416, preemption_count=0, score=460.089521, test/loss=0.294214, test/num_examples=3581, test/ssim=0.732536, total_duration=687.068042, train/loss=0.272873, train/ssim=0.738428, validation/loss=0.292857, validation/num_examples=3554, validation/ssim=0.715153
I0215 09:37:24.978319 139986196227840 logging_writer.py:48] [1500] global_step=1500, grad_norm=0.048896051943302155, loss=0.30160439014434814
I0215 09:38:27.217067 140172134500160 spec.py:321] Evaluating on the training split.
I0215 09:38:28.586212 140172134500160 spec.py:333] Evaluating on the validation split.
I0215 09:38:29.904551 140172134500160 spec.py:349] Evaluating on the test split.
I0215 09:38:31.222028 140172134500160 submission_runner.py:408] Time since start: 771.33s, 	Step: 1762, 	{'train/ssim': 0.7374519620622907, 'train/loss': 0.27551841735839844, 'validation/ssim': 0.7135282483205543, 'validation/loss': 0.2965305309048783, 'validation/num_examples': 3554, 'test/ssim': 0.7308696969465582, 'test/loss': 0.29769836954150375, 'test/num_examples': 3581, 'score': 540.3066744804382, 'total_duration': 771.3264784812927, 'accumulated_submission_time': 540.3066744804382, 'accumulated_eval_time': 230.7711775302887, 'accumulated_logging_time': 0.18785572052001953}
I0215 09:38:31.237660 139986187835136 logging_writer.py:48] [1762] accumulated_eval_time=230.771178, accumulated_logging_time=0.187856, accumulated_submission_time=540.306674, global_step=1762, preemption_count=0, score=540.306674, test/loss=0.297698, test/num_examples=3581, test/ssim=0.730870, total_duration=771.326478, train/loss=0.275518, train/ssim=0.737452, validation/loss=0.296531, validation/num_examples=3554, validation/ssim=0.713528
I0215 09:39:26.039797 139986196227840 logging_writer.py:48] [2000] global_step=2000, grad_norm=0.045182231813669205, loss=0.2633214592933655
I0215 09:39:51.411439 140172134500160 spec.py:321] Evaluating on the training split.
I0215 09:39:52.781579 140172134500160 spec.py:333] Evaluating on the validation split.
I0215 09:39:54.099250 140172134500160 spec.py:349] Evaluating on the test split.
I0215 09:39:55.417362 140172134500160 submission_runner.py:408] Time since start: 855.52s, 	Step: 2107, 	{'train/ssim': 0.739532470703125, 'train/loss': 0.27240586280822754, 'validation/ssim': 0.7168760111845808, 'validation/loss': 0.29209522940700616, 'validation/num_examples': 3554, 'test/ssim': 0.7343357302429488, 'test/loss': 0.2933427330769164, 'test/num_examples': 3581, 'score': 620.4586908817291, 'total_duration': 855.5218281745911, 'accumulated_submission_time': 620.4586908817291, 'accumulated_eval_time': 234.77706742286682, 'accumulated_logging_time': 0.21330523490905762}
I0215 09:39:55.432033 139986187835136 logging_writer.py:48] [2107] accumulated_eval_time=234.777067, accumulated_logging_time=0.213305, accumulated_submission_time=620.458691, global_step=2107, preemption_count=0, score=620.458691, test/loss=0.293343, test/num_examples=3581, test/ssim=0.734336, total_duration=855.521828, train/loss=0.272406, train/ssim=0.739532, validation/loss=0.292095, validation/num_examples=3554, validation/ssim=0.716876
I0215 09:41:15.570847 140172134500160 spec.py:321] Evaluating on the training split.
I0215 09:41:16.939446 140172134500160 spec.py:333] Evaluating on the validation split.
I0215 09:41:18.259704 140172134500160 spec.py:349] Evaluating on the test split.
I0215 09:41:19.579057 140172134500160 submission_runner.py:408] Time since start: 939.68s, 	Step: 2453, 	{'train/ssim': 0.7421894073486328, 'train/loss': 0.27019693170275005, 'validation/ssim': 0.7187736996386114, 'validation/loss': 0.2905028197761325, 'validation/num_examples': 3554, 'test/ssim': 0.736140434650761, 'test/loss': 0.2917946797114982, 'test/num_examples': 3581, 'score': 700.5758728981018, 'total_duration': 939.6834964752197, 'accumulated_submission_time': 700.5758728981018, 'accumulated_eval_time': 238.7852258682251, 'accumulated_logging_time': 0.2377164363861084}
I0215 09:41:19.597883 139986196227840 logging_writer.py:48] [2453] accumulated_eval_time=238.785226, accumulated_logging_time=0.237716, accumulated_submission_time=700.575873, global_step=2453, preemption_count=0, score=700.575873, test/loss=0.291795, test/num_examples=3581, test/ssim=0.736140, total_duration=939.683496, train/loss=0.270197, train/ssim=0.742189, validation/loss=0.290503, validation/num_examples=3554, validation/ssim=0.718774
I0215 09:41:28.578714 139986187835136 logging_writer.py:48] [2500] global_step=2500, grad_norm=0.0874212235212326, loss=0.35508787631988525
I0215 09:42:39.619465 140172134500160 spec.py:321] Evaluating on the training split.
I0215 09:42:40.992061 140172134500160 spec.py:333] Evaluating on the validation split.
I0215 09:42:42.309678 140172134500160 spec.py:349] Evaluating on the test split.
I0215 09:42:43.630025 140172134500160 submission_runner.py:408] Time since start: 1023.73s, 	Step: 2799, 	{'train/ssim': 0.7348504066467285, 'train/loss': 0.27396072660173687, 'validation/ssim': 0.7132425474597285, 'validation/loss': 0.29379954254888857, 'validation/num_examples': 3554, 'test/ssim': 0.7304446154618124, 'test/loss': 0.2949343513290631, 'test/num_examples': 3581, 'score': 780.5765445232391, 'total_duration': 1023.7344522476196, 'accumulated_submission_time': 780.5765445232391, 'accumulated_eval_time': 242.79572057724, 'accumulated_logging_time': 0.26578640937805176}
I0215 09:42:43.647602 139986196227840 logging_writer.py:48] [2799] accumulated_eval_time=242.795721, accumulated_logging_time=0.265786, accumulated_submission_time=780.576545, global_step=2799, preemption_count=0, score=780.576545, test/loss=0.294934, test/num_examples=3581, test/ssim=0.730445, total_duration=1023.734452, train/loss=0.273961, train/ssim=0.734850, validation/loss=0.293800, validation/num_examples=3554, validation/ssim=0.713243
I0215 09:43:30.789999 139986187835136 logging_writer.py:48] [3000] global_step=3000, grad_norm=0.22189491987228394, loss=0.2708965837955475
I0215 09:44:03.766202 140172134500160 spec.py:321] Evaluating on the training split.
I0215 09:44:05.135539 140172134500160 spec.py:333] Evaluating on the validation split.
I0215 09:44:06.452078 140172134500160 spec.py:349] Evaluating on the test split.
I0215 09:44:07.770256 140172134500160 submission_runner.py:408] Time since start: 1107.87s, 	Step: 3138, 	{'train/ssim': 0.7440565654209682, 'train/loss': 0.26889119829450336, 'validation/ssim': 0.7205498673369795, 'validation/loss': 0.289189997186269, 'validation/num_examples': 3554, 'test/ssim': 0.7379924536616866, 'test/loss': 0.2904579399085451, 'test/num_examples': 3581, 'score': 859.3586831092834, 'total_duration': 1107.8747181892395, 'accumulated_submission_time': 859.3586831092834, 'accumulated_eval_time': 246.7997362613678, 'accumulated_logging_time': 1.6082358360290527}
I0215 09:44:07.785827 139986196227840 logging_writer.py:48] [3138] accumulated_eval_time=246.799736, accumulated_logging_time=1.608236, accumulated_submission_time=859.358683, global_step=3138, preemption_count=0, score=859.358683, test/loss=0.290458, test/num_examples=3581, test/ssim=0.737992, total_duration=1107.874718, train/loss=0.268891, train/ssim=0.744057, validation/loss=0.289190, validation/num_examples=3554, validation/ssim=0.720550
I0215 09:45:27.950349 140172134500160 spec.py:321] Evaluating on the training split.
I0215 09:45:29.323829 140172134500160 spec.py:333] Evaluating on the validation split.
I0215 09:45:30.643824 140172134500160 spec.py:349] Evaluating on the test split.
I0215 09:45:31.963274 140172134500160 submission_runner.py:408] Time since start: 1192.07s, 	Step: 3485, 	{'train/ssim': 0.7447703906467983, 'train/loss': 0.26905666078839985, 'validation/ssim': 0.7204478558490434, 'validation/loss': 0.290194106222742, 'validation/num_examples': 3554, 'test/ssim': 0.7376259359292097, 'test/loss': 0.29172145797699667, 'test/num_examples': 3581, 'score': 939.5027601718903, 'total_duration': 1192.0677382946014, 'accumulated_submission_time': 939.5027601718903, 'accumulated_eval_time': 250.8126299381256, 'accumulated_logging_time': 1.6320409774780273}
I0215 09:45:31.979114 139986187835136 logging_writer.py:48] [3485] accumulated_eval_time=250.812630, accumulated_logging_time=1.632041, accumulated_submission_time=939.502760, global_step=3485, preemption_count=0, score=939.502760, test/loss=0.291721, test/num_examples=3581, test/ssim=0.737626, total_duration=1192.067738, train/loss=0.269057, train/ssim=0.744770, validation/loss=0.290194, validation/num_examples=3554, validation/ssim=0.720448
I0215 09:45:33.463129 139986196227840 logging_writer.py:48] [3500] global_step=3500, grad_norm=0.055511076003313065, loss=0.30816641449928284
I0215 09:46:52.224583 140172134500160 spec.py:321] Evaluating on the training split.
I0215 09:46:53.594546 140172134500160 spec.py:333] Evaluating on the validation split.
I0215 09:46:54.914144 140172134500160 spec.py:349] Evaluating on the test split.
I0215 09:46:56.232487 140172134500160 submission_runner.py:408] Time since start: 1276.34s, 	Step: 3831, 	{'train/ssim': 0.7437173298427037, 'train/loss': 0.2694953509739467, 'validation/ssim': 0.7196235205929938, 'validation/loss': 0.29028440528058175, 'validation/num_examples': 3554, 'test/ssim': 0.7368628345565136, 'test/loss': 0.29166180339814296, 'test/num_examples': 3581, 'score': 1019.7263913154602, 'total_duration': 1276.3369517326355, 'accumulated_submission_time': 1019.7263913154602, 'accumulated_eval_time': 254.82049942016602, 'accumulated_logging_time': 1.6576337814331055}
I0215 09:46:56.248052 139986187835136 logging_writer.py:48] [3831] accumulated_eval_time=254.820499, accumulated_logging_time=1.657634, accumulated_submission_time=1019.726391, global_step=3831, preemption_count=0, score=1019.726391, test/loss=0.291662, test/num_examples=3581, test/ssim=0.736863, total_duration=1276.336952, train/loss=0.269495, train/ssim=0.743717, validation/loss=0.290284, validation/num_examples=3554, validation/ssim=0.719624
I0215 09:47:34.094522 139986196227840 logging_writer.py:48] [4000] global_step=4000, grad_norm=0.27542656660079956, loss=0.22998473048210144
I0215 09:48:16.346065 140172134500160 spec.py:321] Evaluating on the training split.
I0215 09:48:17.715723 140172134500160 spec.py:333] Evaluating on the validation split.
I0215 09:48:19.035850 140172134500160 spec.py:349] Evaluating on the test split.
I0215 09:48:20.356633 140172134500160 submission_runner.py:408] Time since start: 1360.46s, 	Step: 4177, 	{'train/ssim': 0.7425883156912667, 'train/loss': 0.2701357773372105, 'validation/ssim': 0.7184285092501407, 'validation/loss': 0.29112299466710045, 'validation/num_examples': 3554, 'test/ssim': 0.7356820829551801, 'test/loss': 0.2923515807713453, 'test/num_examples': 3581, 'score': 1099.80371427536, 'total_duration': 1360.461098909378, 'accumulated_submission_time': 1099.80371427536, 'accumulated_eval_time': 258.8310480117798, 'accumulated_logging_time': 1.6820094585418701}
I0215 09:48:20.371764 139986187835136 logging_writer.py:48] [4177] accumulated_eval_time=258.831048, accumulated_logging_time=1.682009, accumulated_submission_time=1099.803714, global_step=4177, preemption_count=0, score=1099.803714, test/loss=0.292352, test/num_examples=3581, test/ssim=0.735682, total_duration=1360.461099, train/loss=0.270136, train/ssim=0.742588, validation/loss=0.291123, validation/num_examples=3554, validation/ssim=0.718429
I0215 09:49:35.519820 139986196227840 logging_writer.py:48] [4500] global_step=4500, grad_norm=0.04166513681411743, loss=0.26948654651641846
I0215 09:49:40.426608 140172134500160 spec.py:321] Evaluating on the training split.
I0215 09:49:41.798707 140172134500160 spec.py:333] Evaluating on the validation split.
I0215 09:49:43.118037 140172134500160 spec.py:349] Evaluating on the test split.
I0215 09:49:44.439194 140172134500160 submission_runner.py:408] Time since start: 1444.54s, 	Step: 4522, 	{'train/ssim': 0.7430370194571358, 'train/loss': 0.2685233865465437, 'validation/ssim': 0.7193972405652083, 'validation/loss': 0.2891522838483047, 'validation/num_examples': 3554, 'test/ssim': 0.7366717353741972, 'test/loss': 0.2903267339233978, 'test/num_examples': 3581, 'score': 1179.837590932846, 'total_duration': 1444.543630361557, 'accumulated_submission_time': 1179.837590932846, 'accumulated_eval_time': 262.84356713294983, 'accumulated_logging_time': 1.7062151432037354}
I0215 09:49:44.455771 139986187835136 logging_writer.py:48] [4522] accumulated_eval_time=262.843567, accumulated_logging_time=1.706215, accumulated_submission_time=1179.837591, global_step=4522, preemption_count=0, score=1179.837591, test/loss=0.290327, test/num_examples=3581, test/ssim=0.736672, total_duration=1444.543630, train/loss=0.268523, train/ssim=0.743037, validation/loss=0.289152, validation/num_examples=3554, validation/ssim=0.719397
I0215 09:51:04.575429 140172134500160 spec.py:321] Evaluating on the training split.
I0215 09:51:05.945977 140172134500160 spec.py:333] Evaluating on the validation split.
I0215 09:51:07.264841 140172134500160 spec.py:349] Evaluating on the test split.
I0215 09:51:08.587064 140172134500160 submission_runner.py:408] Time since start: 1528.69s, 	Step: 4870, 	{'train/ssim': 0.7477455820356097, 'train/loss': 0.26651675360543386, 'validation/ssim': 0.72379870997028, 'validation/loss': 0.2872194924512873, 'validation/num_examples': 3554, 'test/ssim': 0.7409835683337406, 'test/loss': 0.28857697990479264, 'test/num_examples': 3581, 'score': 1259.9367723464966, 'total_duration': 1528.6915168762207, 'accumulated_submission_time': 1259.9367723464966, 'accumulated_eval_time': 266.8551595211029, 'accumulated_logging_time': 1.731090784072876}
I0215 09:51:08.603156 139986196227840 logging_writer.py:48] [4870] accumulated_eval_time=266.855160, accumulated_logging_time=1.731091, accumulated_submission_time=1259.936772, global_step=4870, preemption_count=0, score=1259.936772, test/loss=0.288577, test/num_examples=3581, test/ssim=0.740984, total_duration=1528.691517, train/loss=0.266517, train/ssim=0.747746, validation/loss=0.287219, validation/num_examples=3554, validation/ssim=0.723799
I0215 09:51:37.658753 139986187835136 logging_writer.py:48] [5000] global_step=5000, grad_norm=0.07715490460395813, loss=0.33569514751434326
I0215 09:52:28.771400 140172134500160 spec.py:321] Evaluating on the training split.
I0215 09:52:30.142859 140172134500160 spec.py:333] Evaluating on the validation split.
I0215 09:52:31.463145 140172134500160 spec.py:349] Evaluating on the test split.
I0215 09:52:32.784433 140172134500160 submission_runner.py:408] Time since start: 1612.89s, 	Step: 5216, 	{'train/ssim': 0.7460118702479771, 'train/loss': 0.26768130915505545, 'validation/ssim': 0.7222482727428602, 'validation/loss': 0.288258292263119, 'validation/num_examples': 3554, 'test/ssim': 0.739535223335835, 'test/loss': 0.2895078299532254, 'test/num_examples': 3581, 'score': 1340.084584236145, 'total_duration': 1612.8889000415802, 'accumulated_submission_time': 1340.084584236145, 'accumulated_eval_time': 270.8681514263153, 'accumulated_logging_time': 1.7558166980743408}
I0215 09:52:32.800136 139986196227840 logging_writer.py:48] [5216] accumulated_eval_time=270.868151, accumulated_logging_time=1.755817, accumulated_submission_time=1340.084584, global_step=5216, preemption_count=0, score=1340.084584, test/loss=0.289508, test/num_examples=3581, test/ssim=0.739535, total_duration=1612.888900, train/loss=0.267681, train/ssim=0.746012, validation/loss=0.288258, validation/num_examples=3554, validation/ssim=0.722248
I0215 09:53:39.087198 139986187835136 logging_writer.py:48] [5500] global_step=5500, grad_norm=0.027616681531071663, loss=0.28222548961639404
I0215 09:53:52.931379 140172134500160 spec.py:321] Evaluating on the training split.
I0215 09:53:54.302218 140172134500160 spec.py:333] Evaluating on the validation split.
I0215 09:53:55.620023 140172134500160 spec.py:349] Evaluating on the test split.
I0215 09:53:56.937741 140172134500160 submission_runner.py:408] Time since start: 1697.04s, 	Step: 5559, 	{'train/ssim': 0.7454979079110282, 'train/loss': 0.26618010657174246, 'validation/ssim': 0.7207781395083005, 'validation/loss': 0.28744343686251406, 'validation/num_examples': 3554, 'test/ssim': 0.7381342611177045, 'test/loss': 0.2887038907602625, 'test/num_examples': 3581, 'score': 1420.1950271129608, 'total_duration': 1697.0422103404999, 'accumulated_submission_time': 1420.1950271129608, 'accumulated_eval_time': 274.874472618103, 'accumulated_logging_time': 1.780358076095581}
I0215 09:53:56.954535 139986196227840 logging_writer.py:48] [5559] accumulated_eval_time=274.874473, accumulated_logging_time=1.780358, accumulated_submission_time=1420.195027, global_step=5559, preemption_count=0, score=1420.195027, test/loss=0.288704, test/num_examples=3581, test/ssim=0.738134, total_duration=1697.042210, train/loss=0.266180, train/ssim=0.745498, validation/loss=0.287443, validation/num_examples=3554, validation/ssim=0.720778
I0215 09:55:17.181683 140172134500160 spec.py:321] Evaluating on the training split.
I0215 09:55:18.552624 140172134500160 spec.py:333] Evaluating on the validation split.
I0215 09:55:19.872326 140172134500160 spec.py:349] Evaluating on the test split.
I0215 09:55:21.194530 140172134500160 submission_runner.py:408] Time since start: 1781.30s, 	Step: 5905, 	{'train/ssim': 0.7487978254045758, 'train/loss': 0.26620336941310335, 'validation/ssim': 0.7244744587964266, 'validation/loss': 0.2872106651945871, 'validation/num_examples': 3554, 'test/ssim': 0.741631042088453, 'test/loss': 0.2885717303018535, 'test/num_examples': 3581, 'score': 1500.4014608860016, 'total_duration': 1781.2989945411682, 'accumulated_submission_time': 1500.4014608860016, 'accumulated_eval_time': 278.88730454444885, 'accumulated_logging_time': 1.8058509826660156}
I0215 09:55:21.211238 139986187835136 logging_writer.py:48] [5905] accumulated_eval_time=278.887305, accumulated_logging_time=1.805851, accumulated_submission_time=1500.401461, global_step=5905, preemption_count=0, score=1500.401461, test/loss=0.288572, test/num_examples=3581, test/ssim=0.741631, total_duration=1781.298995, train/loss=0.266203, train/ssim=0.748798, validation/loss=0.287211, validation/num_examples=3554, validation/ssim=0.724474
I0215 09:55:41.912421 139986196227840 logging_writer.py:48] [6000] global_step=6000, grad_norm=0.14764462411403656, loss=0.3111322820186615
I0215 09:56:41.237635 140172134500160 spec.py:321] Evaluating on the training split.
I0215 09:56:42.610183 140172134500160 spec.py:333] Evaluating on the validation split.
I0215 09:56:43.927466 140172134500160 spec.py:349] Evaluating on the test split.
I0215 09:56:45.247125 140172134500160 submission_runner.py:408] Time since start: 1865.35s, 	Step: 6252, 	{'train/ssim': 0.7479001453944615, 'train/loss': 0.266214166368757, 'validation/ssim': 0.7237793380917628, 'validation/loss': 0.2872260356123822, 'validation/num_examples': 3554, 'test/ssim': 0.7408985520367914, 'test/loss': 0.2886266466027297, 'test/num_examples': 3581, 'score': 1580.407171010971, 'total_duration': 1865.3515849113464, 'accumulated_submission_time': 1580.407171010971, 'accumulated_eval_time': 282.8967549800873, 'accumulated_logging_time': 1.83128023147583}
I0215 09:56:45.264567 139986187835136 logging_writer.py:48] [6252] accumulated_eval_time=282.896755, accumulated_logging_time=1.831280, accumulated_submission_time=1580.407171, global_step=6252, preemption_count=0, score=1580.407171, test/loss=0.288627, test/num_examples=3581, test/ssim=0.740899, total_duration=1865.351585, train/loss=0.266214, train/ssim=0.747900, validation/loss=0.287226, validation/num_examples=3554, validation/ssim=0.723779
I0215 09:57:42.836298 139986196227840 logging_writer.py:48] [6500] global_step=6500, grad_norm=0.1008496880531311, loss=0.305838018655777
I0215 09:58:05.394129 140172134500160 spec.py:321] Evaluating on the training split.
I0215 09:58:06.765786 140172134500160 spec.py:333] Evaluating on the validation split.
I0215 09:58:08.086745 140172134500160 spec.py:349] Evaluating on the test split.
I0215 09:58:09.405846 140172134500160 submission_runner.py:408] Time since start: 1949.51s, 	Step: 6597, 	{'train/ssim': 0.7496989113943917, 'train/loss': 0.26548545701163156, 'validation/ssim': 0.7250975188607907, 'validation/loss': 0.2869440442602086, 'validation/num_examples': 3554, 'test/ssim': 0.7421470712397026, 'test/loss': 0.2882757754140778, 'test/num_examples': 3581, 'score': 1660.5164468288422, 'total_duration': 1949.5103151798248, 'accumulated_submission_time': 1660.5164468288422, 'accumulated_eval_time': 286.9084379673004, 'accumulated_logging_time': 1.8571300506591797}
I0215 09:58:09.421907 139986187835136 logging_writer.py:48] [6597] accumulated_eval_time=286.908438, accumulated_logging_time=1.857130, accumulated_submission_time=1660.516447, global_step=6597, preemption_count=0, score=1660.516447, test/loss=0.288276, test/num_examples=3581, test/ssim=0.742147, total_duration=1949.510315, train/loss=0.265485, train/ssim=0.749699, validation/loss=0.286944, validation/num_examples=3554, validation/ssim=0.725098
I0215 09:59:29.412247 140172134500160 spec.py:321] Evaluating on the training split.
I0215 09:59:30.782910 140172134500160 spec.py:333] Evaluating on the validation split.
I0215 09:59:32.103405 140172134500160 spec.py:349] Evaluating on the test split.
I0215 09:59:33.421784 140172134500160 submission_runner.py:408] Time since start: 2033.53s, 	Step: 6946, 	{'train/ssim': 0.7487668991088867, 'train/loss': 0.2661531823022025, 'validation/ssim': 0.7242020846889069, 'validation/loss': 0.28748348581703714, 'validation/num_examples': 3554, 'test/ssim': 0.7414289664636274, 'test/loss': 0.28879869040814365, 'test/num_examples': 3581, 'score': 1740.4863107204437, 'total_duration': 2033.526246547699, 'accumulated_submission_time': 1740.4863107204437, 'accumulated_eval_time': 290.91794538497925, 'accumulated_logging_time': 1.8815770149230957}
I0215 09:59:33.438353 139986196227840 logging_writer.py:48] [6946] accumulated_eval_time=290.917945, accumulated_logging_time=1.881577, accumulated_submission_time=1740.486311, global_step=6946, preemption_count=0, score=1740.486311, test/loss=0.288799, test/num_examples=3581, test/ssim=0.741429, total_duration=2033.526247, train/loss=0.266153, train/ssim=0.748767, validation/loss=0.287483, validation/num_examples=3554, validation/ssim=0.724202
I0215 09:59:44.108237 139986187835136 logging_writer.py:48] [7000] global_step=7000, grad_norm=0.10217922925949097, loss=0.2697364389896393
I0215 10:00:53.622222 140172134500160 spec.py:321] Evaluating on the training split.
I0215 10:00:54.994975 140172134500160 spec.py:333] Evaluating on the validation split.
I0215 10:00:56.315796 140172134500160 spec.py:349] Evaluating on the test split.
I0215 10:00:57.635150 140172134500160 submission_runner.py:408] Time since start: 2117.74s, 	Step: 7295, 	{'train/ssim': 0.7496943473815918, 'train/loss': 0.2669513055256435, 'validation/ssim': 0.725270011013119, 'validation/loss': 0.2880012885733944, 'validation/num_examples': 3554, 'test/ssim': 0.7423625776668529, 'test/loss': 0.289406587610828, 'test/num_examples': 3581, 'score': 1820.649185180664, 'total_duration': 2117.7396166324615, 'accumulated_submission_time': 1820.649185180664, 'accumulated_eval_time': 294.9308342933655, 'accumulated_logging_time': 1.9068729877471924}
I0215 10:00:57.650932 139986196227840 logging_writer.py:48] [7295] accumulated_eval_time=294.930834, accumulated_logging_time=1.906873, accumulated_submission_time=1820.649185, global_step=7295, preemption_count=0, score=1820.649185, test/loss=0.289407, test/num_examples=3581, test/ssim=0.742363, total_duration=2117.739617, train/loss=0.266951, train/ssim=0.749694, validation/loss=0.288001, validation/num_examples=3554, validation/ssim=0.725270
I0215 10:01:44.734999 139986187835136 logging_writer.py:48] [7500] global_step=7500, grad_norm=0.08625634759664536, loss=0.2348112165927887
I0215 10:02:17.761432 140172134500160 spec.py:321] Evaluating on the training split.
I0215 10:02:19.132080 140172134500160 spec.py:333] Evaluating on the validation split.
I0215 10:02:20.453870 140172134500160 spec.py:349] Evaluating on the test split.
I0215 10:02:21.772364 140172134500160 submission_runner.py:408] Time since start: 2201.88s, 	Step: 7641, 	{'train/ssim': 0.7473608425685337, 'train/loss': 0.265597973551069, 'validation/ssim': 0.7227614901343556, 'validation/loss': 0.28660313011087857, 'validation/num_examples': 3554, 'test/ssim': 0.7401205199752164, 'test/loss': 0.28785590944394024, 'test/num_examples': 3581, 'score': 1900.7383143901825, 'total_duration': 2201.876833677292, 'accumulated_submission_time': 1900.7383143901825, 'accumulated_eval_time': 298.94172716140747, 'accumulated_logging_time': 1.932157039642334}
