python3 submission_runner.py --framework=jax --workload=imagenet_vit --submission_path=prize_qualification_baselines/self_tuning/jax_nadamw_full_budget.py --data_dir=/data/imagenet/jax --num_tuning_trials=1 --experiment_dir=/experiment_runs --experiment_name=prize_qualification_self_tuning/study_3 --overwrite=true --save_checkpoints=false --rng_seed=2946000045 --max_global_steps=559998 --imagenet_v2_data_dir=/data/imagenet/jax --tuning_ruleset=self 2>&1 | tee -a /logs/imagenet_vit_jax_03-02-2024-11-31-55.log
/usr/local/lib/python3.8/dist-packages/tensorflow_addons/utils/tfa_eol_msg.py:23: UserWarning: 

TensorFlow Addons (TFA) has ended development and introduction of new features.
TFA has entered a minimal maintenance and release mode until a planned end of life in May 2024.
Please modify downstream libraries to take dependencies from other repositories in our TensorFlow community (e.g. Keras, Keras-CV, and Keras-NLP). 

For more information see: https://github.com/tensorflow/addons/issues/2807 

  warnings.warn(
I0302 11:32:16.710785 140437341357888 logger_utils.py:76] Creating experiment directory at /experiment_runs/prize_qualification_self_tuning/study_3/imagenet_vit_jax.
I0302 11:32:17.745232 140437341357888 xla_bridge.py:455] Unable to initialize backend 'rocm': NOT_FOUND: Could not find registered platform with name: "rocm". Available platform names are: Interpreter Host CUDA
I0302 11:32:17.745979 140437341357888 xla_bridge.py:455] Unable to initialize backend 'tpu': module 'jaxlib.xla_extension' has no attribute 'get_tpu_client'
I0302 11:32:17.746103 140437341357888 xla_bridge.py:455] Unable to initialize backend 'plugin': xla_extension has no attributes named get_plugin_device_client. Compile TensorFlow with //tensorflow/compiler/xla/python:enable_plugin_device set to true (defaults to false) to enable this.
I0302 11:32:18.681000 140437341357888 submission_runner.py:605] Creating directory at /experiment_runs/prize_qualification_self_tuning/study_3/imagenet_vit_jax/trial_1.
I0302 11:32:18.882737 140437341357888 submission_runner.py:206] Initializing dataset.
I0302 11:32:18.898832 140437341357888 dataset_info.py:578] Load dataset info from /data/imagenet/jax/imagenet2012/5.1.0
I0302 11:32:18.909368 140437341357888 dataset_info.py:669] Fields info.[splits, supervised_keys] from disk and from code do not match. Keeping the one from code.
I0302 11:32:19.287280 140437341357888 logging_logger.py:49] Constructing tf.data.Dataset imagenet2012 for split train, from /data/imagenet/jax/imagenet2012/5.1.0
I0302 11:32:27.617269 140437341357888 submission_runner.py:213] Initializing model.
I0302 11:32:36.768104 140437341357888 submission_runner.py:255] Initializing optimizer.
I0302 11:32:37.779942 140437341357888 submission_runner.py:262] Initializing metrics bundle.
I0302 11:32:37.780136 140437341357888 submission_runner.py:280] Initializing checkpoint and logger.
I0302 11:32:37.781050 140437341357888 checkpoints.py:915] Found no checkpoint files in /experiment_runs/prize_qualification_self_tuning/study_3/imagenet_vit_jax/trial_1 with prefix checkpoint_
I0302 11:32:37.781196 140437341357888 submission_runner.py:300] Saving meta data to /experiment_runs/prize_qualification_self_tuning/study_3/imagenet_vit_jax/trial_1/meta_data_0.json.
fatal: detected dubious ownership in repository at '/algorithmic-efficiency'
To add an exception for this directory, call:

	git config --global --add safe.directory /algorithmic-efficiency
I0302 11:32:38.126712 140437341357888 logger_utils.py:220] Unable to record git information. Continuing without it.
I0302 11:32:38.438688 140437341357888 submission_runner.py:304] Saving flags to /experiment_runs/prize_qualification_self_tuning/study_3/imagenet_vit_jax/trial_1/flags_0.json.
I0302 11:32:38.448450 140437341357888 submission_runner.py:314] Starting training loop.
I0302 11:33:20.932443 140275435431680 logging_writer.py:48] [0] global_step=0, grad_norm=0.3829880952835083, loss=6.9077558517456055
I0302 11:33:20.950755 140437341357888 spec.py:321] Evaluating on the training split.
I0302 11:33:21.153318 140437341357888 dataset_info.py:578] Load dataset info from /data/imagenet/jax/imagenet2012/5.1.0
I0302 11:33:21.162729 140437341357888 dataset_info.py:669] Fields info.[splits, supervised_keys] from disk and from code do not match. Keeping the one from code.
I0302 11:33:21.248720 140437341357888 logging_logger.py:49] Constructing tf.data.Dataset imagenet2012 for split train, from /data/imagenet/jax/imagenet2012/5.1.0
I0302 11:33:38.339187 140437341357888 spec.py:333] Evaluating on the validation split.
I0302 11:33:38.350954 140437341357888 dataset_info.py:578] Load dataset info from /data/imagenet/jax/imagenet2012/5.1.0
I0302 11:33:38.371382 140437341357888 dataset_info.py:669] Fields info.[splits, supervised_keys] from disk and from code do not match. Keeping the one from code.
I0302 11:33:38.441258 140437341357888 logging_logger.py:49] Constructing tf.data.Dataset imagenet2012 for split validation, from /data/imagenet/jax/imagenet2012/5.1.0
I0302 11:33:55.996279 140437341357888 spec.py:349] Evaluating on the test split.
I0302 11:33:56.004192 140437341357888 dataset_info.py:578] Load dataset info from /data/imagenet/jax/imagenet_v2/matched-frequency/3.0.0
I0302 11:33:56.009607 140437341357888 dataset_builder.py:528] Reusing dataset imagenet_v2 (/data/imagenet/jax/imagenet_v2/matched-frequency/3.0.0)
I0302 11:33:56.060401 140437341357888 logging_logger.py:49] Constructing tf.data.Dataset imagenet_v2 for split test, from /data/imagenet/jax/imagenet_v2/matched-frequency/3.0.0
I0302 11:34:01.279316 140437341357888 submission_runner.py:411] Time since start: 82.83s, 	Step: 1, 	{'train/accuracy': 0.0008789062267169356, 'train/loss': 6.907756328582764, 'validation/accuracy': 0.0009999999310821295, 'validation/loss': 6.9077558517456055, 'validation/num_examples': 50000, 'test/accuracy': 0.0010000000474974513, 'test/loss': 6.907756805419922, 'test/num_examples': 10000, 'score': 42.50220847129822, 'total_duration': 82.83079028129578, 'accumulated_submission_time': 42.50220847129822, 'accumulated_eval_time': 40.32848334312439, 'accumulated_logging_time': 0}
I0302 11:34:01.296799 140239834171136 logging_writer.py:48] [1] accumulated_eval_time=40.328483, accumulated_logging_time=0, accumulated_submission_time=42.502208, global_step=1, preemption_count=0, score=42.502208, test/accuracy=0.001000, test/loss=6.907757, test/num_examples=10000, total_duration=82.830790, train/accuracy=0.000879, train/loss=6.907756, validation/accuracy=0.001000, validation/loss=6.907756, validation/num_examples=50000
I0302 11:35:04.083671 140274235832064 logging_writer.py:48] [100] global_step=100, grad_norm=0.5005055665969849, loss=6.873180389404297
I0302 11:35:46.799135 140274244224768 logging_writer.py:48] [200] global_step=200, grad_norm=0.7011339068412781, loss=6.756557941436768
I0302 11:36:31.647747 140274235832064 logging_writer.py:48] [300] global_step=300, grad_norm=0.761466920375824, loss=6.734745979309082
I0302 11:37:16.410227 140274244224768 logging_writer.py:48] [400] global_step=400, grad_norm=1.1094402074813843, loss=6.7266082763671875
I0302 11:38:00.968219 140274235832064 logging_writer.py:48] [500] global_step=500, grad_norm=1.3051015138626099, loss=6.511037826538086
I0302 11:38:45.547436 140274244224768 logging_writer.py:48] [600] global_step=600, grad_norm=1.0015510320663452, loss=6.361763954162598
I0302 11:39:30.492803 140274235832064 logging_writer.py:48] [700] global_step=700, grad_norm=1.1283841133117676, loss=6.259181022644043
I0302 11:40:15.162277 140274244224768 logging_writer.py:48] [800] global_step=800, grad_norm=1.2762572765350342, loss=6.16037130355835
I0302 11:40:59.800459 140274235832064 logging_writer.py:48] [900] global_step=900, grad_norm=1.3492511510849, loss=6.122115135192871
I0302 11:41:01.463483 140437341357888 spec.py:321] Evaluating on the training split.
I0302 11:41:13.292011 140437341357888 spec.py:333] Evaluating on the validation split.
I0302 11:41:21.391506 140437341357888 spec.py:349] Evaluating on the test split.
I0302 11:41:23.171535 140437341357888 submission_runner.py:411] Time since start: 524.72s, 	Step: 905, 	{'train/accuracy': 0.03554687276482582, 'train/loss': 5.822093486785889, 'validation/accuracy': 0.03659999743103981, 'validation/loss': 5.84222936630249, 'validation/num_examples': 50000, 'test/accuracy': 0.027300002053380013, 'test/loss': 5.976207733154297, 'test/num_examples': 10000, 'score': 462.60794973373413, 'total_duration': 524.7230081558228, 'accumulated_submission_time': 462.60794973373413, 'accumulated_eval_time': 62.036508321762085, 'accumulated_logging_time': 0.027024507522583008}
I0302 11:41:23.188843 140239842563840 logging_writer.py:48] [905] accumulated_eval_time=62.036508, accumulated_logging_time=0.027025, accumulated_submission_time=462.607950, global_step=905, preemption_count=0, score=462.607950, test/accuracy=0.027300, test/loss=5.976208, test/num_examples=10000, total_duration=524.723008, train/accuracy=0.035547, train/loss=5.822093, validation/accuracy=0.036600, validation/loss=5.842229, validation/num_examples=50000
I0302 11:42:01.255808 140239850956544 logging_writer.py:48] [1000] global_step=1000, grad_norm=1.6092238426208496, loss=6.064470291137695
I0302 11:42:45.161884 140239842563840 logging_writer.py:48] [1100] global_step=1100, grad_norm=1.3658030033111572, loss=5.991452217102051
I0302 11:43:29.711706 140239850956544 logging_writer.py:48] [1200] global_step=1200, grad_norm=1.642936110496521, loss=5.995937347412109
I0302 11:44:14.221118 140239842563840 logging_writer.py:48] [1300] global_step=1300, grad_norm=1.1735769510269165, loss=6.682716369628906
I0302 11:44:58.607846 140239850956544 logging_writer.py:48] [1400] global_step=1400, grad_norm=0.893357515335083, loss=6.112025737762451
I0302 11:45:43.015927 140239842563840 logging_writer.py:48] [1500] global_step=1500, grad_norm=1.1369004249572754, loss=5.846339225769043
I0302 11:46:27.457262 140239850956544 logging_writer.py:48] [1600] global_step=1600, grad_norm=1.255796194076538, loss=5.8866658210754395
I0302 11:47:12.021486 140239842563840 logging_writer.py:48] [1700] global_step=1700, grad_norm=1.2336695194244385, loss=5.697193145751953
I0302 11:47:56.524363 140239850956544 logging_writer.py:48] [1800] global_step=1800, grad_norm=0.9547751545906067, loss=6.314009189605713
I0302 11:48:23.380141 140437341357888 spec.py:321] Evaluating on the training split.
I0302 11:48:35.062770 140437341357888 spec.py:333] Evaluating on the validation split.
I0302 11:48:43.187684 140437341357888 spec.py:349] Evaluating on the test split.
I0302 11:48:44.837371 140437341357888 submission_runner.py:411] Time since start: 966.39s, 	Step: 1862, 	{'train/accuracy': 0.0798046886920929, 'train/loss': 5.190312385559082, 'validation/accuracy': 0.07631999999284744, 'validation/loss': 5.234590530395508, 'validation/num_examples': 50000, 'test/accuracy': 0.059700001031160355, 'test/loss': 5.4772138595581055, 'test/num_examples': 10000, 'score': 882.7354953289032, 'total_duration': 966.3888356685638, 'accumulated_submission_time': 882.7354953289032, 'accumulated_eval_time': 83.49371838569641, 'accumulated_logging_time': 0.054917097091674805}
I0302 11:48:44.854013 140239842563840 logging_writer.py:48] [1862] accumulated_eval_time=83.493718, accumulated_logging_time=0.054917, accumulated_submission_time=882.735495, global_step=1862, preemption_count=0, score=882.735495, test/accuracy=0.059700, test/loss=5.477214, test/num_examples=10000, total_duration=966.388836, train/accuracy=0.079805, train/loss=5.190312, validation/accuracy=0.076320, validation/loss=5.234591, validation/num_examples=50000
I0302 11:49:00.383018 140239850956544 logging_writer.py:48] [1900] global_step=1900, grad_norm=1.1192595958709717, loss=6.2866129875183105
I0302 11:49:41.778338 140239842563840 logging_writer.py:48] [2000] global_step=2000, grad_norm=1.270922064781189, loss=5.697625637054443
I0302 11:50:25.940685 140239850956544 logging_writer.py:48] [2100] global_step=2100, grad_norm=1.1933186054229736, loss=6.323116779327393
I0302 11:51:10.720907 140239842563840 logging_writer.py:48] [2200] global_step=2200, grad_norm=1.3534677028656006, loss=5.536617279052734
I0302 11:51:54.970650 140239850956544 logging_writer.py:48] [2300] global_step=2300, grad_norm=0.9842321872711182, loss=5.54166841506958
I0302 11:52:39.285558 140239842563840 logging_writer.py:48] [2400] global_step=2400, grad_norm=0.9216930866241455, loss=6.069952011108398
I0302 11:53:23.822808 140239850956544 logging_writer.py:48] [2500] global_step=2500, grad_norm=0.9981909990310669, loss=5.369122505187988
I0302 11:54:08.289898 140239842563840 logging_writer.py:48] [2600] global_step=2600, grad_norm=0.8093570470809937, loss=6.481212615966797
I0302 11:54:52.649011 140239850956544 logging_writer.py:48] [2700] global_step=2700, grad_norm=0.8702111840248108, loss=5.277936935424805
I0302 11:55:36.992380 140239842563840 logging_writer.py:48] [2800] global_step=2800, grad_norm=1.095269799232483, loss=5.238292694091797
I0302 11:55:45.016648 140437341357888 spec.py:321] Evaluating on the training split.
I0302 11:55:56.893387 140437341357888 spec.py:333] Evaluating on the validation split.
I0302 11:56:05.061860 140437341357888 spec.py:349] Evaluating on the test split.
I0302 11:56:06.704030 140437341357888 submission_runner.py:411] Time since start: 1408.26s, 	Step: 2820, 	{'train/accuracy': 0.14707030355930328, 'train/loss': 4.55432653427124, 'validation/accuracy': 0.13609999418258667, 'validation/loss': 4.649452209472656, 'validation/num_examples': 50000, 'test/accuracy': 0.10690000653266907, 'test/loss': 4.9579620361328125, 'test/num_examples': 10000, 'score': 1302.8323924541473, 'total_duration': 1408.2555124759674, 'accumulated_submission_time': 1302.8323924541473, 'accumulated_eval_time': 105.18109583854675, 'accumulated_logging_time': 0.08419084548950195}
I0302 11:56:06.720997 140239850956544 logging_writer.py:48] [2820] accumulated_eval_time=105.181096, accumulated_logging_time=0.084191, accumulated_submission_time=1302.832392, global_step=2820, preemption_count=0, score=1302.832392, test/accuracy=0.106900, test/loss=4.957962, test/num_examples=10000, total_duration=1408.255512, train/accuracy=0.147070, train/loss=4.554327, validation/accuracy=0.136100, validation/loss=4.649452, validation/num_examples=50000
I0302 11:56:38.928356 140239842563840 logging_writer.py:48] [2900] global_step=2900, grad_norm=0.7838850021362305, loss=5.46610164642334
I0302 11:57:21.836489 140239850956544 logging_writer.py:48] [3000] global_step=3000, grad_norm=1.0748579502105713, loss=5.182511806488037
I0302 11:58:06.521846 140239842563840 logging_writer.py:48] [3100] global_step=3100, grad_norm=1.0267328023910522, loss=6.521856784820557
I0302 11:58:50.935941 140239850956544 logging_writer.py:48] [3200] global_step=3200, grad_norm=0.8825456500053406, loss=4.89658784866333
I0302 11:59:35.031030 140239842563840 logging_writer.py:48] [3300] global_step=3300, grad_norm=0.8524522185325623, loss=5.016838073730469
I0302 12:00:19.506307 140239850956544 logging_writer.py:48] [3400] global_step=3400, grad_norm=0.6427421569824219, loss=6.194312572479248
I0302 12:01:03.849506 140239842563840 logging_writer.py:48] [3500] global_step=3500, grad_norm=0.8390930891036987, loss=4.935817718505859
I0302 12:01:48.119366 140239850956544 logging_writer.py:48] [3600] global_step=3600, grad_norm=0.8363797664642334, loss=5.606818199157715
I0302 12:02:32.356594 140239842563840 logging_writer.py:48] [3700] global_step=3700, grad_norm=0.9079563617706299, loss=5.187622547149658
I0302 12:03:06.848784 140437341357888 spec.py:321] Evaluating on the training split.
I0302 12:03:18.677107 140437341357888 spec.py:333] Evaluating on the validation split.
I0302 12:03:26.802541 140437341357888 spec.py:349] Evaluating on the test split.
I0302 12:03:28.445727 140437341357888 submission_runner.py:411] Time since start: 1850.00s, 	Step: 3779, 	{'train/accuracy': 0.20310546457767487, 'train/loss': 4.117558002471924, 'validation/accuracy': 0.1888599991798401, 'validation/loss': 4.196497440338135, 'validation/num_examples': 50000, 'test/accuracy': 0.14640000462532043, 'test/loss': 4.582161903381348, 'test/num_examples': 10000, 'score': 1722.8942482471466, 'total_duration': 1849.997201681137, 'accumulated_submission_time': 1722.8942482471466, 'accumulated_eval_time': 126.77802324295044, 'accumulated_logging_time': 0.11354184150695801}
I0302 12:03:28.462397 140239850956544 logging_writer.py:48] [3779] accumulated_eval_time=126.778023, accumulated_logging_time=0.113542, accumulated_submission_time=1722.894248, global_step=3779, preemption_count=0, score=1722.894248, test/accuracy=0.146400, test/loss=4.582162, test/num_examples=10000, total_duration=1849.997202, train/accuracy=0.203105, train/loss=4.117558, validation/accuracy=0.188860, validation/loss=4.196497, validation/num_examples=50000
I0302 12:03:38.906322 140239842563840 logging_writer.py:48] [3800] global_step=3800, grad_norm=0.8824358582496643, loss=5.8390092849731445
I0302 12:04:20.389494 140239850956544 logging_writer.py:48] [3900] global_step=3900, grad_norm=0.9139003753662109, loss=5.150338649749756
I0302 12:05:04.808585 140239842563840 logging_writer.py:48] [4000] global_step=4000, grad_norm=0.864567756652832, loss=4.901705741882324
I0302 12:05:49.030425 140239850956544 logging_writer.py:48] [4100] global_step=4100, grad_norm=0.9755605459213257, loss=5.163089752197266
I0302 12:06:33.753706 140239842563840 logging_writer.py:48] [4200] global_step=4200, grad_norm=1.069621205329895, loss=4.6611104011535645
I0302 12:07:18.211257 140239850956544 logging_writer.py:48] [4300] global_step=4300, grad_norm=0.8617081642150879, loss=6.206757545471191
I0302 12:08:02.550315 140239842563840 logging_writer.py:48] [4400] global_step=4400, grad_norm=0.7388527989387512, loss=5.734652042388916
I0302 12:08:47.034443 140239850956544 logging_writer.py:48] [4500] global_step=4500, grad_norm=0.7750657200813293, loss=4.599539756774902
I0302 12:09:31.923128 140239842563840 logging_writer.py:48] [4600] global_step=4600, grad_norm=0.9934520125389099, loss=4.622594356536865
I0302 12:10:16.402255 140239850956544 logging_writer.py:48] [4700] global_step=4700, grad_norm=0.5687587261199951, loss=6.214859485626221
I0302 12:10:28.713176 140437341357888 spec.py:321] Evaluating on the training split.
I0302 12:10:40.536780 140437341357888 spec.py:333] Evaluating on the validation split.
I0302 12:10:48.931169 140437341357888 spec.py:349] Evaluating on the test split.
I0302 12:10:50.560564 140437341357888 submission_runner.py:411] Time since start: 2292.11s, 	Step: 4723, 	{'train/accuracy': 0.26109373569488525, 'train/loss': 3.6418685913085938, 'validation/accuracy': 0.2449599951505661, 'validation/loss': 3.743607997894287, 'validation/num_examples': 50000, 'test/accuracy': 0.18580001592636108, 'test/loss': 4.2058210372924805, 'test/num_examples': 10000, 'score': 2143.081571817398, 'total_duration': 2292.112045764923, 'accumulated_submission_time': 2143.081571817398, 'accumulated_eval_time': 148.62538933753967, 'accumulated_logging_time': 0.1412358283996582}
I0302 12:10:50.578512 140239842563840 logging_writer.py:48] [4723] accumulated_eval_time=148.625389, accumulated_logging_time=0.141236, accumulated_submission_time=2143.081572, global_step=4723, preemption_count=0, score=2143.081572, test/accuracy=0.185800, test/loss=4.205821, test/num_examples=10000, total_duration=2292.112046, train/accuracy=0.261094, train/loss=3.641869, validation/accuracy=0.244960, validation/loss=3.743608, validation/num_examples=50000
I0302 12:11:21.515053 140239850956544 logging_writer.py:48] [4800] global_step=4800, grad_norm=0.9362884163856506, loss=4.356508255004883
I0302 12:12:04.827475 140239842563840 logging_writer.py:48] [4900] global_step=4900, grad_norm=0.679894208908081, loss=5.667918682098389
I0302 12:12:49.501048 140239850956544 logging_writer.py:48] [5000] global_step=5000, grad_norm=1.000535011291504, loss=4.361759662628174
I0302 12:13:34.210570 140239842563840 logging_writer.py:48] [5100] global_step=5100, grad_norm=0.6325433850288391, loss=5.791783809661865
I0302 12:14:18.889989 140239850956544 logging_writer.py:48] [5200] global_step=5200, grad_norm=0.7135804891586304, loss=5.7742695808410645
I0302 12:15:03.472326 140239842563840 logging_writer.py:48] [5300] global_step=5300, grad_norm=0.7562062740325928, loss=5.969594478607178
I0302 12:15:48.015412 140239850956544 logging_writer.py:48] [5400] global_step=5400, grad_norm=0.9958623647689819, loss=4.225274562835693
I0302 12:16:32.647888 140239842563840 logging_writer.py:48] [5500] global_step=5500, grad_norm=0.8128880858421326, loss=4.176560878753662
I0302 12:17:17.394308 140239850956544 logging_writer.py:48] [5600] global_step=5600, grad_norm=1.1626356840133667, loss=4.152880668640137
I0302 12:17:50.667549 140437341357888 spec.py:321] Evaluating on the training split.
I0302 12:18:02.621031 140437341357888 spec.py:333] Evaluating on the validation split.
I0302 12:18:10.755551 140437341357888 spec.py:349] Evaluating on the test split.
I0302 12:18:12.396656 140437341357888 submission_runner.py:411] Time since start: 2733.95s, 	Step: 5677, 	{'train/accuracy': 0.32023435831069946, 'train/loss': 3.211933135986328, 'validation/accuracy': 0.2983799874782562, 'validation/loss': 3.3576674461364746, 'validation/num_examples': 50000, 'test/accuracy': 0.22990001738071442, 'test/loss': 3.89674711227417, 'test/num_examples': 10000, 'score': 2563.1050510406494, 'total_duration': 2733.9481399059296, 'accumulated_submission_time': 2563.1050510406494, 'accumulated_eval_time': 170.35447335243225, 'accumulated_logging_time': 0.17062067985534668}
I0302 12:18:12.414512 140239842563840 logging_writer.py:48] [5677] accumulated_eval_time=170.354473, accumulated_logging_time=0.170621, accumulated_submission_time=2563.105051, global_step=5677, preemption_count=0, score=2563.105051, test/accuracy=0.229900, test/loss=3.896747, test/num_examples=10000, total_duration=2733.948140, train/accuracy=0.320234, train/loss=3.211933, validation/accuracy=0.298380, validation/loss=3.357667, validation/num_examples=50000
I0302 12:18:21.972525 140239850956544 logging_writer.py:48] [5700] global_step=5700, grad_norm=0.6981228590011597, loss=5.889019012451172
I0302 12:19:02.430201 140239842563840 logging_writer.py:48] [5800] global_step=5800, grad_norm=0.9449736475944519, loss=4.132819652557373
I0302 12:19:46.954037 140239850956544 logging_writer.py:48] [5900] global_step=5900, grad_norm=0.9154593348503113, loss=4.093621253967285
I0302 12:20:31.778441 140239842563840 logging_writer.py:48] [6000] global_step=6000, grad_norm=0.8971524238586426, loss=4.121603012084961
I0302 12:21:16.404131 140239850956544 logging_writer.py:48] [6100] global_step=6100, grad_norm=1.1184581518173218, loss=4.285213470458984
I0302 12:22:00.858226 140239842563840 logging_writer.py:48] [6200] global_step=6200, grad_norm=0.6456550359725952, loss=5.867560386657715
I0302 12:22:46.155785 140239850956544 logging_writer.py:48] [6300] global_step=6300, grad_norm=0.910300612449646, loss=4.326431751251221
I0302 12:23:30.762132 140239842563840 logging_writer.py:48] [6400] global_step=6400, grad_norm=0.9596251249313354, loss=4.006878852844238
I0302 12:24:15.659108 140239850956544 logging_writer.py:48] [6500] global_step=6500, grad_norm=0.6881359219551086, loss=6.049872398376465
I0302 12:25:00.413666 140239842563840 logging_writer.py:48] [6600] global_step=6600, grad_norm=0.8406105637550354, loss=4.73117208480835
I0302 12:25:12.646732 140437341357888 spec.py:321] Evaluating on the training split.
I0302 12:25:24.543112 140437341357888 spec.py:333] Evaluating on the validation split.
I0302 12:25:32.712271 140437341357888 spec.py:349] Evaluating on the test split.
I0302 12:25:34.345980 140437341357888 submission_runner.py:411] Time since start: 3175.90s, 	Step: 6629, 	{'train/accuracy': 0.36552733182907104, 'train/loss': 2.978093147277832, 'validation/accuracy': 0.32933998107910156, 'validation/loss': 3.1722586154937744, 'validation/num_examples': 50000, 'test/accuracy': 0.2574000060558319, 'test/loss': 3.7208309173583984, 'test/num_examples': 10000, 'score': 2983.2663242816925, 'total_duration': 3175.8974702358246, 'accumulated_submission_time': 2983.2663242816925, 'accumulated_eval_time': 192.05371141433716, 'accumulated_logging_time': 0.20076274871826172}
I0302 12:25:34.364133 140239850956544 logging_writer.py:48] [6629] accumulated_eval_time=192.053711, accumulated_logging_time=0.200763, accumulated_submission_time=2983.266324, global_step=6629, preemption_count=0, score=2983.266324, test/accuracy=0.257400, test/loss=3.720831, test/num_examples=10000, total_duration=3175.897470, train/accuracy=0.365527, train/loss=2.978093, validation/accuracy=0.329340, validation/loss=3.172259, validation/num_examples=50000
I0302 12:26:02.953792 140239842563840 logging_writer.py:48] [6700] global_step=6700, grad_norm=0.9966864585876465, loss=3.9600565433502197
I0302 12:26:46.763648 140239850956544 logging_writer.py:48] [6800] global_step=6800, grad_norm=0.6026954054832458, loss=6.006199836730957
I0302 12:27:31.150984 140239842563840 logging_writer.py:48] [6900] global_step=6900, grad_norm=1.0008066892623901, loss=3.9587714672088623
I0302 12:28:15.801199 140239850956544 logging_writer.py:48] [7000] global_step=7000, grad_norm=0.9485716819763184, loss=3.7732622623443604
I0302 12:29:00.583630 140239842563840 logging_writer.py:48] [7100] global_step=7100, grad_norm=0.9880208373069763, loss=3.869427442550659
I0302 12:29:45.064766 140239850956544 logging_writer.py:48] [7200] global_step=7200, grad_norm=0.7699708938598633, loss=4.375579357147217
I0302 12:30:29.721794 140239842563840 logging_writer.py:48] [7300] global_step=7300, grad_norm=0.8854593634605408, loss=3.7429583072662354
I0302 12:31:14.463490 140239850956544 logging_writer.py:48] [7400] global_step=7400, grad_norm=0.8753278851509094, loss=3.8576579093933105
I0302 12:31:59.626981 140239842563840 logging_writer.py:48] [7500] global_step=7500, grad_norm=0.7372294664382935, loss=4.141473770141602
I0302 12:32:34.550989 140437341357888 spec.py:321] Evaluating on the training split.
I0302 12:32:46.307821 140437341357888 spec.py:333] Evaluating on the validation split.
I0302 12:32:59.599811 140437341357888 spec.py:349] Evaluating on the test split.
I0302 12:33:01.260927 140437341357888 submission_runner.py:411] Time since start: 3622.81s, 	Step: 7578, 	{'train/accuracy': 0.39238280057907104, 'train/loss': 2.8480987548828125, 'validation/accuracy': 0.3620399832725525, 'validation/loss': 2.98736834526062, 'validation/num_examples': 50000, 'test/accuracy': 0.27720001339912415, 'test/loss': 3.57218599319458, 'test/num_examples': 10000, 'score': 3403.3904716968536, 'total_duration': 3622.8114750385284, 'accumulated_submission_time': 3403.3904716968536, 'accumulated_eval_time': 218.76269936561584, 'accumulated_logging_time': 0.22899770736694336}
I0302 12:33:01.292181 140239850956544 logging_writer.py:48] [7578] accumulated_eval_time=218.762699, accumulated_logging_time=0.228998, accumulated_submission_time=3403.390472, global_step=7578, preemption_count=0, score=3403.390472, test/accuracy=0.277200, test/loss=3.572186, test/num_examples=10000, total_duration=3622.811475, train/accuracy=0.392383, train/loss=2.848099, validation/accuracy=0.362040, validation/loss=2.987368, validation/num_examples=50000
I0302 12:33:10.445317 140239842563840 logging_writer.py:48] [7600] global_step=7600, grad_norm=0.7966439723968506, loss=4.190182209014893
I0302 12:33:52.064111 140239850956544 logging_writer.py:48] [7700] global_step=7700, grad_norm=0.9593566060066223, loss=3.724109411239624
I0302 12:34:36.636231 140239842563840 logging_writer.py:48] [7800] global_step=7800, grad_norm=0.7817544937133789, loss=4.963695049285889
I0302 12:35:21.230058 140239850956544 logging_writer.py:48] [7900] global_step=7900, grad_norm=0.9202883839607239, loss=3.7189507484436035
I0302 12:36:05.740350 140239842563840 logging_writer.py:48] [8000] global_step=8000, grad_norm=1.0093917846679688, loss=3.8692476749420166
I0302 12:36:50.421950 140239850956544 logging_writer.py:48] [8100] global_step=8100, grad_norm=1.0410164594650269, loss=3.5878541469573975
I0302 12:37:35.370348 140239842563840 logging_writer.py:48] [8200] global_step=8200, grad_norm=0.8887695074081421, loss=3.613563299179077
I0302 12:38:20.117030 140239850956544 logging_writer.py:48] [8300] global_step=8300, grad_norm=1.0541977882385254, loss=6.040867805480957
I0302 12:39:05.113826 140239842563840 logging_writer.py:48] [8400] global_step=8400, grad_norm=1.0136090517044067, loss=3.5600197315216064
I0302 12:39:49.565135 140239850956544 logging_writer.py:48] [8500] global_step=8500, grad_norm=0.9396311640739441, loss=3.5420336723327637
I0302 12:40:01.274317 140437341357888 spec.py:321] Evaluating on the training split.
I0302 12:40:13.737933 140437341357888 spec.py:333] Evaluating on the validation split.
I0302 12:40:26.145211 140437341357888 spec.py:349] Evaluating on the test split.
I0302 12:40:27.765160 140437341357888 submission_runner.py:411] Time since start: 4069.32s, 	Step: 8528, 	{'train/accuracy': 0.42042967677116394, 'train/loss': 2.6367781162261963, 'validation/accuracy': 0.38628000020980835, 'validation/loss': 2.8177895545959473, 'validation/num_examples': 50000, 'test/accuracy': 0.2962000072002411, 'test/loss': 3.4249939918518066, 'test/num_examples': 10000, 'score': 3823.300567626953, 'total_duration': 4069.3166477680206, 'accumulated_submission_time': 3823.300567626953, 'accumulated_eval_time': 245.2535297870636, 'accumulated_logging_time': 0.27889108657836914}
I0302 12:40:27.788654 140239842563840 logging_writer.py:48] [8528] accumulated_eval_time=245.253530, accumulated_logging_time=0.278891, accumulated_submission_time=3823.300568, global_step=8528, preemption_count=0, score=3823.300568, test/accuracy=0.296200, test/loss=3.424994, test/num_examples=10000, total_duration=4069.316648, train/accuracy=0.420430, train/loss=2.636778, validation/accuracy=0.386280, validation/loss=2.817790, validation/num_examples=50000
I0302 12:40:56.822929 140239850956544 logging_writer.py:48] [8600] global_step=8600, grad_norm=0.7064874768257141, loss=4.6720170974731445
I0302 12:41:40.345217 140239842563840 logging_writer.py:48] [8700] global_step=8700, grad_norm=1.010204553604126, loss=3.3985934257507324
I0302 12:42:25.364197 140239850956544 logging_writer.py:48] [8800] global_step=8800, grad_norm=1.0540670156478882, loss=3.5133283138275146
I0302 12:43:10.088909 140239842563840 logging_writer.py:48] [8900] global_step=8900, grad_norm=1.014290690422058, loss=3.5956544876098633
I0302 12:43:54.731564 140239850956544 logging_writer.py:48] [9000] global_step=9000, grad_norm=0.7342707514762878, loss=4.343333721160889
I0302 12:44:39.568938 140239842563840 logging_writer.py:48] [9100] global_step=9100, grad_norm=0.9162381887435913, loss=3.747659683227539
I0302 12:45:24.454568 140239850956544 logging_writer.py:48] [9200] global_step=9200, grad_norm=0.9465615153312683, loss=3.5482094287872314
I0302 12:46:09.111881 140239842563840 logging_writer.py:48] [9300] global_step=9300, grad_norm=0.850430965423584, loss=4.270470142364502
I0302 12:46:53.661381 140239850956544 logging_writer.py:48] [9400] global_step=9400, grad_norm=0.9746763706207275, loss=5.827300548553467
I0302 12:47:28.015598 140437341357888 spec.py:321] Evaluating on the training split.
I0302 12:47:40.610826 140437341357888 spec.py:333] Evaluating on the validation split.
I0302 12:47:52.096869 140437341357888 spec.py:349] Evaluating on the test split.
I0302 12:47:53.730700 140437341357888 submission_runner.py:411] Time since start: 4515.28s, 	Step: 9478, 	{'train/accuracy': 0.45830076932907104, 'train/loss': 2.420060396194458, 'validation/accuracy': 0.41509997844696045, 'validation/loss': 2.6546177864074707, 'validation/num_examples': 50000, 'test/accuracy': 0.3241000175476074, 'test/loss': 3.2569079399108887, 'test/num_examples': 10000, 'score': 4243.458779096603, 'total_duration': 4515.28219127655, 'accumulated_submission_time': 4243.458779096603, 'accumulated_eval_time': 270.96862721443176, 'accumulated_logging_time': 0.31832003593444824}
I0302 12:47:53.753254 140239842563840 logging_writer.py:48] [9478] accumulated_eval_time=270.968627, accumulated_logging_time=0.318320, accumulated_submission_time=4243.458779, global_step=9478, preemption_count=0, score=4243.458779, test/accuracy=0.324100, test/loss=3.256908, test/num_examples=10000, total_duration=4515.282191, train/accuracy=0.458301, train/loss=2.420060, validation/accuracy=0.415100, validation/loss=2.654618, validation/num_examples=50000
I0302 12:48:02.910223 140239850956544 logging_writer.py:48] [9500] global_step=9500, grad_norm=1.0212881565093994, loss=3.774773359298706
I0302 12:48:44.323126 140239842563840 logging_writer.py:48] [9600] global_step=9600, grad_norm=0.8982263207435608, loss=3.4602952003479004
I0302 12:49:29.220918 140239850956544 logging_writer.py:48] [9700] global_step=9700, grad_norm=0.8949556946754456, loss=5.327859401702881
I0302 12:50:14.671102 140239842563840 logging_writer.py:48] [9800] global_step=9800, grad_norm=1.1058887243270874, loss=3.545407772064209
I0302 12:50:59.602397 140239850956544 logging_writer.py:48] [9900] global_step=9900, grad_norm=1.0110756158828735, loss=3.571183681488037
I0302 12:51:44.812779 140239842563840 logging_writer.py:48] [10000] global_step=10000, grad_norm=0.9914096593856812, loss=3.4089181423187256
I0302 12:52:29.824006 140239850956544 logging_writer.py:48] [10100] global_step=10100, grad_norm=0.8126949071884155, loss=4.365210056304932
I0302 12:53:14.668547 140239842563840 logging_writer.py:48] [10200] global_step=10200, grad_norm=1.0560308694839478, loss=3.4325459003448486
I0302 12:53:59.336101 140239850956544 logging_writer.py:48] [10300] global_step=10300, grad_norm=0.8961960077285767, loss=3.436338186264038
I0302 12:54:44.238430 140239842563840 logging_writer.py:48] [10400] global_step=10400, grad_norm=0.715890645980835, loss=5.764720916748047
I0302 12:54:54.123090 140437341357888 spec.py:321] Evaluating on the training split.
I0302 12:55:06.796894 140437341357888 spec.py:333] Evaluating on the validation split.
I0302 12:55:18.891036 140437341357888 spec.py:349] Evaluating on the test split.
I0302 12:55:20.530148 140437341357888 submission_runner.py:411] Time since start: 4962.08s, 	Step: 10424, 	{'train/accuracy': 0.4592382609844208, 'train/loss': 2.421598434448242, 'validation/accuracy': 0.4288399815559387, 'validation/loss': 2.58870530128479, 'validation/num_examples': 50000, 'test/accuracy': 0.32450002431869507, 'test/loss': 3.2115306854248047, 'test/num_examples': 10000, 'score': 4663.765017032623, 'total_duration': 4962.0816378593445, 'accumulated_submission_time': 4663.765017032623, 'accumulated_eval_time': 297.37568044662476, 'accumulated_logging_time': 0.35201382637023926}
I0302 12:55:20.549195 140239850956544 logging_writer.py:48] [10424] accumulated_eval_time=297.375680, accumulated_logging_time=0.352014, accumulated_submission_time=4663.765017, global_step=10424, preemption_count=0, score=4663.765017, test/accuracy=0.324500, test/loss=3.211531, test/num_examples=10000, total_duration=4962.081638, train/accuracy=0.459238, train/loss=2.421598, validation/accuracy=0.428840, validation/loss=2.588705, validation/num_examples=50000
I0302 12:55:51.132049 140239842563840 logging_writer.py:48] [10500] global_step=10500, grad_norm=1.175643801689148, loss=3.4766685962677
I0302 12:56:34.909860 140239850956544 logging_writer.py:48] [10600] global_step=10600, grad_norm=0.7468108534812927, loss=5.334751605987549
I0302 12:57:19.584532 140239842563840 logging_writer.py:48] [10700] global_step=10700, grad_norm=1.1938287019729614, loss=3.4376726150512695
I0302 12:58:04.559093 140239850956544 logging_writer.py:48] [10800] global_step=10800, grad_norm=0.9404244422912598, loss=3.608335494995117
I0302 12:58:49.439324 140239842563840 logging_writer.py:48] [10900] global_step=10900, grad_norm=0.750495433807373, loss=4.980507850646973
I0302 12:59:34.134782 140239850956544 logging_writer.py:48] [11000] global_step=11000, grad_norm=0.9185575246810913, loss=3.449523448944092
I0302 13:00:18.784914 140239842563840 logging_writer.py:48] [11100] global_step=11100, grad_norm=0.668583869934082, loss=5.736700057983398
I0302 13:01:03.751267 140239850956544 logging_writer.py:48] [11200] global_step=11200, grad_norm=0.8162118196487427, loss=5.731654644012451
I0302 13:01:48.614388 140239842563840 logging_writer.py:48] [11300] global_step=11300, grad_norm=0.9737588167190552, loss=3.384260416030884
I0302 13:02:20.554817 140437341357888 spec.py:321] Evaluating on the training split.
I0302 13:02:33.216632 140437341357888 spec.py:333] Evaluating on the validation split.
I0302 13:02:47.288197 140437341357888 spec.py:349] Evaluating on the test split.
I0302 13:02:48.926402 140437341357888 submission_runner.py:411] Time since start: 5410.48s, 	Step: 11373, 	{'train/accuracy': 0.47648435831069946, 'train/loss': 2.326941728591919, 'validation/accuracy': 0.44207999110221863, 'validation/loss': 2.498100519180298, 'validation/num_examples': 50000, 'test/accuracy': 0.34390002489089966, 'test/loss': 3.133396625518799, 'test/num_examples': 10000, 'score': 5083.707577466965, 'total_duration': 5410.477880477905, 'accumulated_submission_time': 5083.707577466965, 'accumulated_eval_time': 325.7472426891327, 'accumulated_logging_time': 0.38140106201171875}
I0302 13:02:48.945848 140239850956544 logging_writer.py:48] [11373] accumulated_eval_time=325.747243, accumulated_logging_time=0.381401, accumulated_submission_time=5083.707577, global_step=11373, preemption_count=0, score=5083.707577, test/accuracy=0.343900, test/loss=3.133397, test/num_examples=10000, total_duration=5410.477880, train/accuracy=0.476484, train/loss=2.326942, validation/accuracy=0.442080, validation/loss=2.498101, validation/num_examples=50000
I0302 13:03:00.058598 140239842563840 logging_writer.py:48] [11400] global_step=11400, grad_norm=0.7803218364715576, loss=4.55192232131958
I0302 13:03:41.466927 140239850956544 logging_writer.py:48] [11500] global_step=11500, grad_norm=1.0563851594924927, loss=3.318615674972534
I0302 13:04:26.026530 140239842563840 logging_writer.py:48] [11600] global_step=11600, grad_norm=0.9780824780464172, loss=3.7756881713867188
I0302 13:05:11.346286 140239850956544 logging_writer.py:48] [11700] global_step=11700, grad_norm=1.12057363986969, loss=3.2384045124053955
I0302 13:05:56.270386 140239842563840 logging_writer.py:48] [11800] global_step=11800, grad_norm=0.98731529712677, loss=3.6684014797210693
I0302 13:06:41.199196 140239850956544 logging_writer.py:48] [11900] global_step=11900, grad_norm=1.0056599378585815, loss=3.788219928741455
I0302 13:07:25.916688 140239842563840 logging_writer.py:48] [12000] global_step=12000, grad_norm=1.0313316583633423, loss=3.1448917388916016
I0302 13:08:10.560614 140239850956544 logging_writer.py:48] [12100] global_step=12100, grad_norm=0.7557284832000732, loss=4.243832111358643
I0302 13:08:55.025283 140239842563840 logging_writer.py:48] [12200] global_step=12200, grad_norm=0.8340322971343994, loss=5.681955337524414
I0302 13:09:40.009186 140239850956544 logging_writer.py:48] [12300] global_step=12300, grad_norm=1.0248967409133911, loss=4.269565582275391
I0302 13:09:49.056551 140437341357888 spec.py:321] Evaluating on the training split.
I0302 13:10:01.937084 140437341357888 spec.py:333] Evaluating on the validation split.
I0302 13:10:15.138529 140437341357888 spec.py:349] Evaluating on the test split.
I0302 13:10:16.777981 140437341357888 submission_runner.py:411] Time since start: 5858.33s, 	Step: 12322, 	{'train/accuracy': 0.5114062428474426, 'train/loss': 2.1223716735839844, 'validation/accuracy': 0.4688199758529663, 'validation/loss': 2.3403637409210205, 'validation/num_examples': 50000, 'test/accuracy': 0.36250001192092896, 'test/loss': 3.0175158977508545, 'test/num_examples': 10000, 'score': 5503.754225730896, 'total_duration': 5858.329460859299, 'accumulated_submission_time': 5503.754225730896, 'accumulated_eval_time': 353.4686424732208, 'accumulated_logging_time': 0.4112565517425537}
I0302 13:10:16.797637 140239842563840 logging_writer.py:48] [12322] accumulated_eval_time=353.468642, accumulated_logging_time=0.411257, accumulated_submission_time=5503.754226, global_step=12322, preemption_count=0, score=5503.754226, test/accuracy=0.362500, test/loss=3.017516, test/num_examples=10000, total_duration=5858.329461, train/accuracy=0.511406, train/loss=2.122372, validation/accuracy=0.468820, validation/loss=2.340364, validation/num_examples=50000
I0302 13:10:48.154987 140239850956544 logging_writer.py:48] [12400] global_step=12400, grad_norm=0.8500574827194214, loss=5.833484649658203
I0302 13:11:32.761432 140239842563840 logging_writer.py:48] [12500] global_step=12500, grad_norm=0.9691016674041748, loss=3.203922748565674
I0302 13:12:18.727446 140239850956544 logging_writer.py:48] [12600] global_step=12600, grad_norm=0.9695534706115723, loss=3.4879825115203857
I0302 13:13:04.453168 140239842563840 logging_writer.py:48] [12700] global_step=12700, grad_norm=1.0383890867233276, loss=3.3110885620117188
I0302 13:13:50.092195 140239850956544 logging_writer.py:48] [12800] global_step=12800, grad_norm=0.9294177293777466, loss=4.047180652618408
I0302 13:14:35.239144 140239842563840 logging_writer.py:48] [12900] global_step=12900, grad_norm=1.003609299659729, loss=3.214998245239258
I0302 13:15:20.300585 140239850956544 logging_writer.py:48] [13000] global_step=13000, grad_norm=0.9493525624275208, loss=4.888681411743164
I0302 13:16:04.838297 140239842563840 logging_writer.py:48] [13100] global_step=13100, grad_norm=1.025982141494751, loss=3.4684243202209473
I0302 13:16:49.493183 140239850956544 logging_writer.py:48] [13200] global_step=13200, grad_norm=0.7408168315887451, loss=4.548574924468994
I0302 13:17:17.071042 140437341357888 spec.py:321] Evaluating on the training split.
I0302 13:17:29.932723 140437341357888 spec.py:333] Evaluating on the validation split.
I0302 13:17:44.127008 140437341357888 spec.py:349] Evaluating on the test split.
I0302 13:17:45.774359 140437341357888 submission_runner.py:411] Time since start: 6307.33s, 	Step: 13263, 	{'train/accuracy': 0.5409570336341858, 'train/loss': 2.0211377143859863, 'validation/accuracy': 0.47293999791145325, 'validation/loss': 2.332581043243408, 'validation/num_examples': 50000, 'test/accuracy': 0.3637000024318695, 'test/loss': 2.9906363487243652, 'test/num_examples': 10000, 'score': 5923.964722394943, 'total_duration': 6307.325840473175, 'accumulated_submission_time': 5923.964722394943, 'accumulated_eval_time': 382.17194390296936, 'accumulated_logging_time': 0.4417285919189453}
I0302 13:17:45.795210 140239842563840 logging_writer.py:48] [13263] accumulated_eval_time=382.171944, accumulated_logging_time=0.441729, accumulated_submission_time=5923.964722, global_step=13263, preemption_count=0, score=5923.964722, test/accuracy=0.363700, test/loss=2.990636, test/num_examples=10000, total_duration=6307.325840, train/accuracy=0.540957, train/loss=2.021138, validation/accuracy=0.472940, validation/loss=2.332581, validation/num_examples=50000
I0302 13:18:00.889250 140239850956544 logging_writer.py:48] [13300] global_step=13300, grad_norm=0.9421168565750122, loss=5.362637519836426
I0302 13:18:43.016351 140239842563840 logging_writer.py:48] [13400] global_step=13400, grad_norm=0.8600848317146301, loss=5.630124092102051
I0302 13:19:28.065977 140239850956544 logging_writer.py:48] [13500] global_step=13500, grad_norm=0.9999251961708069, loss=3.257819652557373
I0302 13:20:14.034091 140239842563840 logging_writer.py:48] [13600] global_step=13600, grad_norm=0.9859152436256409, loss=3.72585391998291
I0302 13:20:59.367899 140239850956544 logging_writer.py:48] [13700] global_step=13700, grad_norm=0.96080082654953, loss=3.0462863445281982
I0302 13:21:44.508556 140239842563840 logging_writer.py:48] [13800] global_step=13800, grad_norm=1.135523796081543, loss=3.2018070220947266
I0302 13:22:29.095240 140239850956544 logging_writer.py:48] [13900] global_step=13900, grad_norm=1.1327039003372192, loss=3.207606792449951
I0302 13:23:13.837950 140239842563840 logging_writer.py:48] [14000] global_step=14000, grad_norm=0.8330926895141602, loss=4.698027610778809
I0302 13:23:58.219896 140239850956544 logging_writer.py:48] [14100] global_step=14100, grad_norm=1.1543476581573486, loss=3.5365209579467773
I0302 13:24:43.105729 140239842563840 logging_writer.py:48] [14200] global_step=14200, grad_norm=1.1899621486663818, loss=3.0327162742614746
I0302 13:24:46.141824 140437341357888 spec.py:321] Evaluating on the training split.
I0302 13:24:59.600027 140437341357888 spec.py:333] Evaluating on the validation split.
I0302 13:25:15.726986 140437341357888 spec.py:349] Evaluating on the test split.
I0302 13:25:17.368927 140437341357888 submission_runner.py:411] Time since start: 6758.92s, 	Step: 14209, 	{'train/accuracy': 0.5172070264816284, 'train/loss': 2.0955166816711426, 'validation/accuracy': 0.4853599965572357, 'validation/loss': 2.272596597671509, 'validation/num_examples': 50000, 'test/accuracy': 0.38050001859664917, 'test/loss': 2.9285807609558105, 'test/num_examples': 10000, 'score': 6344.242172241211, 'total_duration': 6758.920413732529, 'accumulated_submission_time': 6344.242172241211, 'accumulated_eval_time': 413.3990566730499, 'accumulated_logging_time': 0.4788401126861572}
I0302 13:25:17.388666 140239850956544 logging_writer.py:48] [14209] accumulated_eval_time=413.399057, accumulated_logging_time=0.478840, accumulated_submission_time=6344.242172, global_step=14209, preemption_count=0, score=6344.242172, test/accuracy=0.380500, test/loss=2.928581, test/num_examples=10000, total_duration=6758.920414, train/accuracy=0.517207, train/loss=2.095517, validation/accuracy=0.485360, validation/loss=2.272597, validation/num_examples=50000
I0302 13:25:54.012623 140239842563840 logging_writer.py:48] [14300] global_step=14300, grad_norm=1.0464212894439697, loss=4.415710926055908
I0302 13:26:39.240192 140239850956544 logging_writer.py:48] [14400] global_step=14400, grad_norm=0.9619741439819336, loss=3.22117018699646
I0302 13:27:24.294328 140239842563840 logging_writer.py:48] [14500] global_step=14500, grad_norm=1.007240891456604, loss=3.8211591243743896
I0302 13:28:09.414977 140239850956544 logging_writer.py:48] [14600] global_step=14600, grad_norm=0.9961532950401306, loss=3.0341343879699707
I0302 13:28:54.216859 140239842563840 logging_writer.py:48] [14700] global_step=14700, grad_norm=1.0294923782348633, loss=3.1646599769592285
I0302 13:29:39.525309 140239850956544 logging_writer.py:48] [14800] global_step=14800, grad_norm=1.06196928024292, loss=3.0075478553771973
I0302 13:30:24.502606 140239842563840 logging_writer.py:48] [14900] global_step=14900, grad_norm=1.0537614822387695, loss=3.146906852722168
I0302 13:31:09.568171 140239850956544 logging_writer.py:48] [15000] global_step=15000, grad_norm=1.0520654916763306, loss=2.9853663444519043
I0302 13:31:54.302946 140239842563840 logging_writer.py:48] [15100] global_step=15100, grad_norm=1.130768060684204, loss=3.1223669052124023
I0302 13:32:17.643082 140437341357888 spec.py:321] Evaluating on the training split.
I0302 13:32:31.054718 140437341357888 spec.py:333] Evaluating on the validation split.
I0302 13:32:48.772244 140437341357888 spec.py:349] Evaluating on the test split.
I0302 13:32:50.395841 140437341357888 submission_runner.py:411] Time since start: 7211.95s, 	Step: 15153, 	{'train/accuracy': 0.53125, 'train/loss': 2.0604982376098633, 'validation/accuracy': 0.49181997776031494, 'validation/loss': 2.2550272941589355, 'validation/num_examples': 50000, 'test/accuracy': 0.3815000057220459, 'test/loss': 2.920339822769165, 'test/num_examples': 10000, 'score': 6764.433388948441, 'total_duration': 7211.947317838669, 'accumulated_submission_time': 6764.433388948441, 'accumulated_eval_time': 446.1518096923828, 'accumulated_logging_time': 0.5089349746704102}
I0302 13:32:50.418486 140239850956544 logging_writer.py:48] [15153] accumulated_eval_time=446.151810, accumulated_logging_time=0.508935, accumulated_submission_time=6764.433389, global_step=15153, preemption_count=0, score=6764.433389, test/accuracy=0.381500, test/loss=2.920340, test/num_examples=10000, total_duration=7211.947318, train/accuracy=0.531250, train/loss=2.060498, validation/accuracy=0.491820, validation/loss=2.255027, validation/num_examples=50000
I0302 13:33:09.487808 140239842563840 logging_writer.py:48] [15200] global_step=15200, grad_norm=0.9107077717781067, loss=3.7909252643585205
I0302 13:33:52.234771 140239850956544 logging_writer.py:48] [15300] global_step=15300, grad_norm=1.1876349449157715, loss=2.939455270767212
I0302 13:34:37.583473 140239842563840 logging_writer.py:48] [15400] global_step=15400, grad_norm=0.9526992440223694, loss=3.390979528427124
I0302 13:35:22.848246 140239850956544 logging_writer.py:48] [15500] global_step=15500, grad_norm=1.220779538154602, loss=3.1388185024261475
I0302 13:36:08.099525 140239842563840 logging_writer.py:48] [15600] global_step=15600, grad_norm=1.1046252250671387, loss=3.145965576171875
I0302 13:36:53.284769 140239850956544 logging_writer.py:48] [15700] global_step=15700, grad_norm=1.135343074798584, loss=3.0305817127227783
I0302 13:37:38.404520 140239842563840 logging_writer.py:48] [15800] global_step=15800, grad_norm=0.9175342321395874, loss=3.6792709827423096
I0302 13:38:22.969449 140239850956544 logging_writer.py:48] [15900] global_step=15900, grad_norm=0.8589310646057129, loss=4.066981315612793
I0302 13:39:08.083359 140239842563840 logging_writer.py:48] [16000] global_step=16000, grad_norm=1.0998058319091797, loss=2.9637303352355957
I0302 13:39:50.491888 140437341357888 spec.py:321] Evaluating on the training split.
