python3 submission_runner.py --framework=jax --workload=fastmri_model_size --submission_path=reference_algorithms/target_setting_algorithms/jax_nadamw.py --tuning_search_space=reference_algorithms/target_setting_algorithms/fastmri_model_size/tuning_search_space.json --data_dir=/data/fastmri --num_tuning_trials=1 --experiment_dir=/experiment_runs --experiment_name=variants_target_setting/study_0 --overwrite=true --save_checkpoints=false --num_tuning_trials=1 --rng_seed=1692305324 --max_global_steps=36189 2>&1 | tee -a /logs/fastmri_model_size_jax_02-16-2024-03-26-48.log
I0216 03:27:06.379437 139867528992576 logger_utils.py:76] Creating experiment directory at /experiment_runs/variants_target_setting/study_0/fastmri_model_size_jax.
I0216 03:27:08.047275 139867528992576 xla_bridge.py:455] Unable to initialize backend 'rocm': NOT_FOUND: Could not find registered platform with name: "rocm". Available platform names are: CUDA Interpreter Host
I0216 03:27:08.048055 139867528992576 xla_bridge.py:455] Unable to initialize backend 'tpu': module 'jaxlib.xla_extension' has no attribute 'get_tpu_client'
I0216 03:27:08.048221 139867528992576 xla_bridge.py:455] Unable to initialize backend 'plugin': xla_extension has no attributes named get_plugin_device_client. Compile TensorFlow with //tensorflow/compiler/xla/python:enable_plugin_device set to true (defaults to false) to enable this.
I0216 03:27:08.053222 139867528992576 submission_runner.py:542] Using RNG seed 1692305324
I0216 03:27:09.092724 139867528992576 submission_runner.py:551] --- Tuning run 1/1 ---
I0216 03:27:09.092972 139867528992576 submission_runner.py:556] Creating tuning directory at /experiment_runs/variants_target_setting/study_0/fastmri_model_size_jax/trial_1.
I0216 03:27:09.093192 139867528992576 logger_utils.py:92] Saving hparams to /experiment_runs/variants_target_setting/study_0/fastmri_model_size_jax/trial_1/hparams.json.
I0216 03:27:09.284394 139867528992576 submission_runner.py:206] Initializing dataset.
I0216 03:27:15.631257 139867528992576 submission_runner.py:213] Initializing model.
I0216 03:27:20.609839 139867528992576 submission_runner.py:255] Initializing optimizer.
I0216 03:27:21.352751 139867528992576 submission_runner.py:262] Initializing metrics bundle.
I0216 03:27:21.352944 139867528992576 submission_runner.py:280] Initializing checkpoint and logger.
I0216 03:27:21.353954 139867528992576 checkpoints.py:915] Found no checkpoint files in /experiment_runs/variants_target_setting/study_0/fastmri_model_size_jax/trial_1 with prefix checkpoint_
I0216 03:27:21.354112 139867528992576 submission_runner.py:300] Saving meta data to /experiment_runs/variants_target_setting/study_0/fastmri_model_size_jax/trial_1/meta_data_0.json.
I0216 03:27:21.354300 139867528992576 logger_utils.py:257] Unable to record workload.train_mean information. Continuing without it.
I0216 03:27:21.354362 139867528992576 logger_utils.py:257] Unable to record workload.train_stddev information. Continuing without it.
fatal: detected dubious ownership in repository at '/algorithmic-efficiency'
To add an exception for this directory, call:

	git config --global --add safe.directory /algorithmic-efficiency
I0216 03:27:21.659801 139867528992576 logger_utils.py:220] Unable to record git information. Continuing without it.
I0216 03:27:21.935078 139867528992576 submission_runner.py:304] Saving flags to /experiment_runs/variants_target_setting/study_0/fastmri_model_size_jax/trial_1/flags_0.json.
I0216 03:27:21.943394 139867528992576 submission_runner.py:314] Starting training loop.
I0216 03:28:19.799952 139705672783616 logging_writer.py:48] [0] global_step=0, grad_norm=8.49746036529541, loss=0.9892611503601074
I0216 03:28:19.813404 139867528992576 spec.py:321] Evaluating on the training split.
I0216 03:29:46.464971 139867528992576 spec.py:333] Evaluating on the validation split.
I0216 03:30:48.610817 139867528992576 spec.py:349] Evaluating on the test split.
I0216 03:31:45.814419 139867528992576 submission_runner.py:408] Time since start: 263.87s, 	Step: 1, 	{'train/ssim': 0.20113463061196463, 'train/loss': 1.007012026650565, 'validation/ssim': 0.19786835146138154, 'validation/loss': 1.0117642258282922, 'validation/num_examples': 3554, 'test/ssim': 0.21827929128451376, 'test/loss': 1.0109621935868123, 'test/num_examples': 3581, 'score': 57.869542598724365, 'total_duration': 263.8709526062012, 'accumulated_submission_time': 57.869542598724365, 'accumulated_eval_time': 206.00096774101257, 'accumulated_logging_time': 0}
I0216 03:31:45.833202 139681329051392 logging_writer.py:48] [1] accumulated_eval_time=206.000968, accumulated_logging_time=0, accumulated_submission_time=57.869543, global_step=1, preemption_count=0, score=57.869543, test/loss=1.010962, test/num_examples=3581, test/ssim=0.218279, total_duration=263.870953, train/loss=1.007012, train/ssim=0.201135, validation/loss=1.011764, validation/num_examples=3554, validation/ssim=0.197868
I0216 03:31:45.973078 139681320658688 logging_writer.py:48] [1] global_step=1, grad_norm=8.270400047302246, loss=0.9638376832008362
I0216 03:31:46.103741 139681329051392 logging_writer.py:48] [2] global_step=2, grad_norm=7.1321845054626465, loss=0.9416906237602234
I0216 03:31:46.230505 139681320658688 logging_writer.py:48] [3] global_step=3, grad_norm=6.840174674987793, loss=0.9393795728683472
I0216 03:31:46.364748 139681329051392 logging_writer.py:48] [4] global_step=4, grad_norm=7.6892194747924805, loss=0.8519628047943115
I0216 03:31:46.491132 139681320658688 logging_writer.py:48] [5] global_step=5, grad_norm=5.967618942260742, loss=0.8258212804794312
I0216 03:31:46.621467 139681329051392 logging_writer.py:48] [6] global_step=6, grad_norm=4.33431339263916, loss=0.8226041197776794
I0216 03:31:46.748194 139681320658688 logging_writer.py:48] [7] global_step=7, grad_norm=3.5746288299560547, loss=0.690857470035553
I0216 03:31:46.879218 139681329051392 logging_writer.py:48] [8] global_step=8, grad_norm=2.1814522743225098, loss=0.6939458847045898
I0216 03:31:47.005307 139681320658688 logging_writer.py:48] [9] global_step=9, grad_norm=1.6862139701843262, loss=0.5860843062400818
I0216 03:31:47.136411 139681329051392 logging_writer.py:48] [10] global_step=10, grad_norm=2.16145396232605, loss=0.5803448557853699
I0216 03:31:47.262673 139681320658688 logging_writer.py:48] [11] global_step=11, grad_norm=2.906409978866577, loss=0.523780345916748
I0216 03:31:47.392904 139681329051392 logging_writer.py:48] [12] global_step=12, grad_norm=2.789705753326416, loss=0.5500785112380981
I0216 03:31:47.519311 139681320658688 logging_writer.py:48] [13] global_step=13, grad_norm=2.7906441688537598, loss=0.464947372674942
I0216 03:31:47.647999 139681329051392 logging_writer.py:48] [14] global_step=14, grad_norm=2.2202022075653076, loss=0.5758203268051147
I0216 03:31:47.772011 139681320658688 logging_writer.py:48] [15] global_step=15, grad_norm=1.8424298763275146, loss=0.43273574113845825
I0216 03:31:47.902626 139681329051392 logging_writer.py:48] [16] global_step=16, grad_norm=1.1977065801620483, loss=0.3815362751483917
I0216 03:31:48.027522 139681320658688 logging_writer.py:48] [17] global_step=17, grad_norm=1.0905871391296387, loss=0.37864044308662415
I0216 03:31:48.156330 139681329051392 logging_writer.py:48] [18] global_step=18, grad_norm=1.0006808042526245, loss=0.4554300010204315
I0216 03:31:48.284142 139681320658688 logging_writer.py:48] [19] global_step=19, grad_norm=1.057580828666687, loss=0.3922434151172638
I0216 03:31:48.412265 139681329051392 logging_writer.py:48] [20] global_step=20, grad_norm=1.21477210521698, loss=0.38070082664489746
I0216 03:31:48.622389 139681320658688 logging_writer.py:48] [21] global_step=21, grad_norm=0.658942461013794, loss=0.456564724445343
I0216 03:31:48.847415 139681329051392 logging_writer.py:48] [22] global_step=22, grad_norm=0.6578139066696167, loss=0.359203964471817
I0216 03:31:49.129353 139681320658688 logging_writer.py:48] [23] global_step=23, grad_norm=0.5836705565452576, loss=0.39519593119621277
I0216 03:31:49.332774 139681329051392 logging_writer.py:48] [24] global_step=24, grad_norm=0.35187098383903503, loss=0.35046279430389404
I0216 03:31:49.539995 139681320658688 logging_writer.py:48] [25] global_step=25, grad_norm=0.5764312744140625, loss=0.3660167455673218
I0216 03:31:49.827357 139681329051392 logging_writer.py:48] [26] global_step=26, grad_norm=0.533794105052948, loss=0.25584593415260315
I0216 03:31:50.036957 139681320658688 logging_writer.py:48] [27] global_step=27, grad_norm=0.36122336983680725, loss=0.29004591703414917
I0216 03:31:50.295312 139681329051392 logging_writer.py:48] [28] global_step=28, grad_norm=0.302579790353775, loss=0.27699795365333557
I0216 03:31:50.519868 139681320658688 logging_writer.py:48] [29] global_step=29, grad_norm=0.3046403229236603, loss=0.40517133474349976
I0216 03:31:50.775317 139681329051392 logging_writer.py:48] [30] global_step=30, grad_norm=0.34211766719818115, loss=0.3396132290363312
I0216 03:31:51.048228 139681320658688 logging_writer.py:48] [31] global_step=31, grad_norm=0.3756319284439087, loss=0.31078678369522095
I0216 03:31:51.254001 139681329051392 logging_writer.py:48] [32] global_step=32, grad_norm=0.3280229866504669, loss=0.45525920391082764
I0216 03:31:51.505421 139681320658688 logging_writer.py:48] [33] global_step=33, grad_norm=0.4932822585105896, loss=0.3034900426864624
I0216 03:31:51.729751 139681329051392 logging_writer.py:48] [34] global_step=34, grad_norm=0.7555287480354309, loss=0.44365790486335754
I0216 03:31:51.963284 139681320658688 logging_writer.py:48] [35] global_step=35, grad_norm=0.507991373538971, loss=0.33312514424324036
I0216 03:31:52.228705 139681329051392 logging_writer.py:48] [36] global_step=36, grad_norm=0.645593523979187, loss=0.38765281438827515
I0216 03:31:52.433917 139681320658688 logging_writer.py:48] [37] global_step=37, grad_norm=0.29843419790267944, loss=0.3877111077308655
I0216 03:31:52.679568 139681329051392 logging_writer.py:48] [38] global_step=38, grad_norm=0.34200310707092285, loss=0.29955974221229553
I0216 03:31:52.898263 139681320658688 logging_writer.py:48] [39] global_step=39, grad_norm=0.5974806547164917, loss=0.30235302448272705
I0216 03:31:53.154204 139681329051392 logging_writer.py:48] [40] global_step=40, grad_norm=0.6177701950073242, loss=0.2872406840324402
I0216 03:31:53.392283 139681320658688 logging_writer.py:48] [41] global_step=41, grad_norm=0.3807111084461212, loss=0.27468711137771606
I0216 03:31:53.590129 139681329051392 logging_writer.py:48] [42] global_step=42, grad_norm=0.37115585803985596, loss=0.27461421489715576
I0216 03:31:53.842327 139681320658688 logging_writer.py:48] [43] global_step=43, grad_norm=0.6219015717506409, loss=0.3476749658584595
I0216 03:31:54.076787 139681329051392 logging_writer.py:48] [44] global_step=44, grad_norm=0.8220050930976868, loss=0.37208127975463867
I0216 03:31:54.297294 139681320658688 logging_writer.py:48] [45] global_step=45, grad_norm=0.8436076045036316, loss=0.31403639912605286
I0216 03:31:54.540841 139681329051392 logging_writer.py:48] [46] global_step=46, grad_norm=0.4791576564311981, loss=0.37639161944389343
I0216 03:31:54.808350 139681320658688 logging_writer.py:48] [47] global_step=47, grad_norm=0.2267194241285324, loss=0.3820576071739197
I0216 03:31:55.041840 139681329051392 logging_writer.py:48] [48] global_step=48, grad_norm=0.37189310789108276, loss=0.3084266185760498
I0216 03:31:55.262094 139681320658688 logging_writer.py:48] [49] global_step=49, grad_norm=0.494110643863678, loss=0.3566974401473999
I0216 03:31:55.559967 139681329051392 logging_writer.py:48] [50] global_step=50, grad_norm=0.6266807913780212, loss=0.4154277443885803
I0216 03:31:55.771236 139681320658688 logging_writer.py:48] [51] global_step=51, grad_norm=1.060829520225525, loss=0.3682275712490082
I0216 03:31:56.014753 139681329051392 logging_writer.py:48] [52] global_step=52, grad_norm=0.727519154548645, loss=0.3378135859966278
I0216 03:31:56.275889 139681320658688 logging_writer.py:48] [53] global_step=53, grad_norm=0.16145460307598114, loss=0.34415102005004883
I0216 03:31:56.557663 139681329051392 logging_writer.py:48] [54] global_step=54, grad_norm=0.38418489694595337, loss=0.4726613759994507
I0216 03:31:56.718315 139681320658688 logging_writer.py:48] [55] global_step=55, grad_norm=0.4840797483921051, loss=0.4025340676307678
I0216 03:31:56.972753 139681329051392 logging_writer.py:48] [56] global_step=56, grad_norm=0.645559549331665, loss=0.2720121145248413
I0216 03:31:57.224773 139681320658688 logging_writer.py:48] [57] global_step=57, grad_norm=0.8618975877761841, loss=0.36406463384628296
I0216 03:31:57.458320 139681329051392 logging_writer.py:48] [58] global_step=58, grad_norm=0.7732297778129578, loss=0.2620657980442047
I0216 03:31:57.740189 139681320658688 logging_writer.py:48] [59] global_step=59, grad_norm=0.4959031939506531, loss=0.3995029628276825
I0216 03:31:57.947340 139681329051392 logging_writer.py:48] [60] global_step=60, grad_norm=0.3935464918613434, loss=0.30180609226226807
I0216 03:31:58.187195 139681320658688 logging_writer.py:48] [61] global_step=61, grad_norm=0.6380814909934998, loss=0.28031694889068604
I0216 03:31:58.418717 139681329051392 logging_writer.py:48] [62] global_step=62, grad_norm=1.4053370952606201, loss=0.3605242073535919
I0216 03:31:58.641436 139681320658688 logging_writer.py:48] [63] global_step=63, grad_norm=1.0150319337844849, loss=0.2518085241317749
I0216 03:31:58.913112 139681329051392 logging_writer.py:48] [64] global_step=64, grad_norm=0.6661772131919861, loss=0.2954111695289612
I0216 03:31:59.132539 139681320658688 logging_writer.py:48] [65] global_step=65, grad_norm=0.7335970997810364, loss=0.32671454548835754
I0216 03:31:59.372041 139681329051392 logging_writer.py:48] [66] global_step=66, grad_norm=0.5522347092628479, loss=0.264097660779953
I0216 03:31:59.596273 139681320658688 logging_writer.py:48] [67] global_step=67, grad_norm=0.542425274848938, loss=0.31499266624450684
I0216 03:31:59.795193 139681329051392 logging_writer.py:48] [68] global_step=68, grad_norm=0.9257811903953552, loss=0.28395670652389526
I0216 03:32:00.077527 139681320658688 logging_writer.py:48] [69] global_step=69, grad_norm=1.1635876893997192, loss=0.3227701783180237
I0216 03:32:00.283742 139681329051392 logging_writer.py:48] [70] global_step=70, grad_norm=0.9534705877304077, loss=0.30800122022628784
I0216 03:32:00.496151 139681320658688 logging_writer.py:48] [71] global_step=71, grad_norm=0.6791854500770569, loss=0.2729129195213318
I0216 03:32:00.723866 139681329051392 logging_writer.py:48] [72] global_step=72, grad_norm=0.6318070888519287, loss=0.30506300926208496
I0216 03:32:01.005965 139681320658688 logging_writer.py:48] [73] global_step=73, grad_norm=0.809658408164978, loss=0.2877122163772583
I0216 03:32:01.234293 139681329051392 logging_writer.py:48] [74] global_step=74, grad_norm=1.1864842176437378, loss=0.31580841541290283
I0216 03:32:01.467029 139681320658688 logging_writer.py:48] [75] global_step=75, grad_norm=0.8617494702339172, loss=0.34010669589042664
I0216 03:32:01.769978 139681329051392 logging_writer.py:48] [76] global_step=76, grad_norm=0.44897031784057617, loss=0.25755801796913147
I0216 03:32:02.065595 139681320658688 logging_writer.py:48] [77] global_step=77, grad_norm=0.5247840285301208, loss=0.29094696044921875
I0216 03:32:02.268370 139681329051392 logging_writer.py:48] [78] global_step=78, grad_norm=0.726891040802002, loss=0.30718111991882324
I0216 03:32:02.513597 139681320658688 logging_writer.py:48] [79] global_step=79, grad_norm=1.3878368139266968, loss=0.25947538018226624
I0216 03:32:02.761640 139681329051392 logging_writer.py:48] [80] global_step=80, grad_norm=1.4987961053848267, loss=0.2885201871395111
I0216 03:32:02.987064 139681320658688 logging_writer.py:48] [81] global_step=81, grad_norm=0.7772637009620667, loss=0.2213638424873352
I0216 03:32:03.252039 139681329051392 logging_writer.py:48] [82] global_step=82, grad_norm=0.7527255415916443, loss=0.2563199996948242
I0216 03:32:03.462656 139681320658688 logging_writer.py:48] [83] global_step=83, grad_norm=1.1319007873535156, loss=0.23806777596473694
I0216 03:32:03.669878 139681329051392 logging_writer.py:48] [84] global_step=84, grad_norm=0.9889336824417114, loss=0.23456233739852905
I0216 03:32:03.905780 139681320658688 logging_writer.py:48] [85] global_step=85, grad_norm=0.500676691532135, loss=0.31492191553115845
I0216 03:32:04.181195 139681329051392 logging_writer.py:48] [86] global_step=86, grad_norm=0.39411675930023193, loss=0.3517189025878906
I0216 03:32:04.424680 139681320658688 logging_writer.py:48] [87] global_step=87, grad_norm=0.7519654035568237, loss=0.2867911458015442
I0216 03:32:04.650962 139681329051392 logging_writer.py:48] [88] global_step=88, grad_norm=0.9479552507400513, loss=0.29165366291999817
I0216 03:32:04.882631 139681320658688 logging_writer.py:48] [89] global_step=89, grad_norm=0.656806468963623, loss=0.38005831837654114
I0216 03:32:05.129470 139681329051392 logging_writer.py:48] [90] global_step=90, grad_norm=0.9789836406707764, loss=0.28666219115257263
I0216 03:32:05.371737 139681320658688 logging_writer.py:48] [91] global_step=91, grad_norm=1.1432005167007446, loss=0.403535932302475
I0216 03:32:05.603825 139681329051392 logging_writer.py:48] [92] global_step=92, grad_norm=0.5653944611549377, loss=0.4046114385128021
I0216 03:32:05.871877 139681320658688 logging_writer.py:48] [93] global_step=93, grad_norm=0.5898779630661011, loss=0.31577014923095703
I0216 03:32:06.122750 139681329051392 logging_writer.py:48] [94] global_step=94, grad_norm=0.9150097966194153, loss=0.23668769001960754
I0216 03:32:06.369571 139681320658688 logging_writer.py:48] [95] global_step=95, grad_norm=1.1142759323120117, loss=0.2883489429950714
I0216 03:32:06.628990 139681329051392 logging_writer.py:48] [96] global_step=96, grad_norm=0.9884359240531921, loss=0.21503041684627533
I0216 03:32:06.848768 139681320658688 logging_writer.py:48] [97] global_step=97, grad_norm=0.9856217503547668, loss=0.23612374067306519
I0216 03:32:07.068898 139681329051392 logging_writer.py:48] [98] global_step=98, grad_norm=0.8613481521606445, loss=0.29811814427375793
I0216 03:32:07.358206 139681320658688 logging_writer.py:48] [99] global_step=99, grad_norm=0.903019905090332, loss=0.19829151034355164
I0216 03:32:07.626815 139681329051392 logging_writer.py:48] [100] global_step=100, grad_norm=1.2166682481765747, loss=0.31566792726516724
I0216 03:33:06.077231 139867528992576 spec.py:321] Evaluating on the training split.
I0216 03:33:09.293180 139867528992576 spec.py:333] Evaluating on the validation split.
I0216 03:33:12.417983 139867528992576 spec.py:349] Evaluating on the test split.
I0216 03:33:15.544066 139867528992576 submission_runner.py:408] Time since start: 353.60s, 	Step: 339, 	{'train/ssim': 0.7093524251665387, 'train/loss': 0.2992456981113979, 'validation/ssim': 0.6884005862672341, 'validation/loss': 0.31741935802968485, 'validation/num_examples': 3554, 'test/ssim': 0.7065225157515359, 'test/loss': 0.31865031890315204, 'test/num_examples': 3581, 'score': 138.09318017959595, 'total_duration': 353.6006145477295, 'accumulated_submission_time': 138.09318017959595, 'accumulated_eval_time': 215.4677975177765, 'accumulated_logging_time': 0.027640581130981445}
I0216 03:33:15.565349 139681320658688 logging_writer.py:48] [339] accumulated_eval_time=215.467798, accumulated_logging_time=0.027641, accumulated_submission_time=138.093180, global_step=339, preemption_count=0, score=138.093180, test/loss=0.318650, test/num_examples=3581, test/ssim=0.706523, total_duration=353.600615, train/loss=0.299246, train/ssim=0.709352, validation/loss=0.317419, validation/num_examples=3554, validation/ssim=0.688401
I0216 03:34:04.649405 139681329051392 logging_writer.py:48] [500] global_step=500, grad_norm=0.40087610483169556, loss=0.2622263729572296
I0216 03:34:35.871351 139867528992576 spec.py:321] Evaluating on the training split.
I0216 03:34:39.091202 139867528992576 spec.py:333] Evaluating on the validation split.
I0216 03:34:42.220498 139867528992576 spec.py:349] Evaluating on the test split.
I0216 03:34:45.351380 139867528992576 submission_runner.py:408] Time since start: 443.41s, 	Step: 591, 	{'train/ssim': 0.7291371481759208, 'train/loss': 0.28628574098859516, 'validation/ssim': 0.7090211953081036, 'validation/loss': 0.30335856852534115, 'validation/num_examples': 3554, 'test/ssim': 0.726185005825014, 'test/loss': 0.3051731905368612, 'test/num_examples': 3581, 'score': 218.37895464897156, 'total_duration': 443.4079313278198, 'accumulated_submission_time': 218.37895464897156, 'accumulated_eval_time': 224.94779777526855, 'accumulated_logging_time': 0.06020927429199219}
I0216 03:34:45.373926 139681320658688 logging_writer.py:48] [591] accumulated_eval_time=224.947798, accumulated_logging_time=0.060209, accumulated_submission_time=218.378955, global_step=591, preemption_count=0, score=218.378955, test/loss=0.305173, test/num_examples=3581, test/ssim=0.726185, total_duration=443.407931, train/loss=0.286286, train/ssim=0.729137, validation/loss=0.303359, validation/num_examples=3554, validation/ssim=0.709021
I0216 03:36:05.515616 139867528992576 spec.py:321] Evaluating on the training split.
I0216 03:36:08.733487 139867528992576 spec.py:333] Evaluating on the validation split.
I0216 03:36:11.863804 139867528992576 spec.py:349] Evaluating on the test split.
I0216 03:36:14.984713 139867528992576 submission_runner.py:408] Time since start: 533.04s, 	Step: 846, 	{'train/ssim': 0.718975475856236, 'train/loss': 0.28533949170793804, 'validation/ssim': 0.702020734229917, 'validation/loss': 0.3021234395333603, 'validation/num_examples': 3554, 'test/ssim': 0.7180032610260751, 'test/loss': 0.30402172081166223, 'test/num_examples': 3581, 'score': 298.495400428772, 'total_duration': 533.0412633419037, 'accumulated_submission_time': 298.495400428772, 'accumulated_eval_time': 234.4168643951416, 'accumulated_logging_time': 0.09890151023864746}
I0216 03:36:15.004136 139681329051392 logging_writer.py:48] [846] accumulated_eval_time=234.416864, accumulated_logging_time=0.098902, accumulated_submission_time=298.495400, global_step=846, preemption_count=0, score=298.495400, test/loss=0.304022, test/num_examples=3581, test/ssim=0.718003, total_duration=533.041263, train/loss=0.285339, train/ssim=0.718975, validation/loss=0.302123, validation/num_examples=3554, validation/ssim=0.702021
I0216 03:36:57.472487 139681320658688 logging_writer.py:48] [1000] global_step=1000, grad_norm=0.5722596645355225, loss=0.24430955946445465
I0216 03:37:35.187871 139867528992576 spec.py:321] Evaluating on the training split.
I0216 03:37:38.409993 139867528992576 spec.py:333] Evaluating on the validation split.
I0216 03:37:41.541387 139867528992576 spec.py:349] Evaluating on the test split.
I0216 03:37:44.668780 139867528992576 submission_runner.py:408] Time since start: 622.73s, 	Step: 1159, 	{'train/ssim': 0.7263932228088379, 'train/loss': 0.2838525261197771, 'validation/ssim': 0.704878429784222, 'validation/loss': 0.302040662534732, 'validation/num_examples': 3554, 'test/ssim': 0.7221832403221865, 'test/loss': 0.3040961015494101, 'test/num_examples': 3581, 'score': 378.64984703063965, 'total_duration': 622.7253205776215, 'accumulated_submission_time': 378.64984703063965, 'accumulated_eval_time': 243.89772701263428, 'accumulated_logging_time': 0.13619136810302734}
I0216 03:37:44.683632 139681329051392 logging_writer.py:48] [1159] accumulated_eval_time=243.897727, accumulated_logging_time=0.136191, accumulated_submission_time=378.649847, global_step=1159, preemption_count=0, score=378.649847, test/loss=0.304096, test/num_examples=3581, test/ssim=0.722183, total_duration=622.725321, train/loss=0.283853, train/ssim=0.726393, validation/loss=0.302041, validation/num_examples=3554, validation/ssim=0.704878
I0216 03:39:03.907200 139681320658688 logging_writer.py:48] [1500] global_step=1500, grad_norm=0.6944412589073181, loss=0.30528414249420166
I0216 03:39:04.745750 139867528992576 spec.py:321] Evaluating on the training split.
I0216 03:39:07.970432 139867528992576 spec.py:333] Evaluating on the validation split.
I0216 03:39:11.114159 139867528992576 spec.py:349] Evaluating on the test split.
I0216 03:39:14.249802 139867528992576 submission_runner.py:408] Time since start: 712.31s, 	Step: 1505, 	{'train/ssim': 0.7247936385018485, 'train/loss': 0.28267199652535574, 'validation/ssim': 0.7032872566562324, 'validation/loss': 0.3006942482831844, 'validation/num_examples': 3554, 'test/ssim': 0.7215823994039724, 'test/loss': 0.30210541120889767, 'test/num_examples': 3581, 'score': 458.6905119419098, 'total_duration': 712.3063232898712, 'accumulated_submission_time': 458.6905119419098, 'accumulated_eval_time': 253.40172863006592, 'accumulated_logging_time': 0.15971994400024414}
I0216 03:39:14.264985 139681329051392 logging_writer.py:48] [1505] accumulated_eval_time=253.401729, accumulated_logging_time=0.159720, accumulated_submission_time=458.690512, global_step=1505, preemption_count=0, score=458.690512, test/loss=0.302105, test/num_examples=3581, test/ssim=0.721582, total_duration=712.306323, train/loss=0.282672, train/ssim=0.724794, validation/loss=0.300694, validation/num_examples=3554, validation/ssim=0.703287
I0216 03:40:34.322739 139867528992576 spec.py:321] Evaluating on the training split.
I0216 03:40:37.551925 139867528992576 spec.py:333] Evaluating on the validation split.
I0216 03:40:40.676259 139867528992576 spec.py:349] Evaluating on the test split.
I0216 03:40:43.809057 139867528992576 submission_runner.py:408] Time since start: 801.87s, 	Step: 1852, 	{'train/ssim': 0.7370817320687431, 'train/loss': 0.27662934575762066, 'validation/ssim': 0.7156152591050576, 'validation/loss': 0.295055726437201, 'validation/num_examples': 3554, 'test/ssim': 0.7329772420849623, 'test/loss': 0.2967360559637671, 'test/num_examples': 3581, 'score': 538.7256853580475, 'total_duration': 801.8655879497528, 'accumulated_submission_time': 538.7256853580475, 'accumulated_eval_time': 262.88799595832825, 'accumulated_logging_time': 0.184736967086792}
I0216 03:40:43.824201 139681320658688 logging_writer.py:48] [1852] accumulated_eval_time=262.887996, accumulated_logging_time=0.184737, accumulated_submission_time=538.725685, global_step=1852, preemption_count=0, score=538.725685, test/loss=0.296736, test/num_examples=3581, test/ssim=0.732977, total_duration=801.865588, train/loss=0.276629, train/ssim=0.737082, validation/loss=0.295056, validation/num_examples=3554, validation/ssim=0.715615
I0216 03:41:17.058111 139681329051392 logging_writer.py:48] [2000] global_step=2000, grad_norm=0.39995548129081726, loss=0.36342155933380127
I0216 03:42:03.963426 139867528992576 spec.py:321] Evaluating on the training split.
I0216 03:42:07.192113 139867528992576 spec.py:333] Evaluating on the validation split.
I0216 03:42:10.328478 139867528992576 spec.py:349] Evaluating on the test split.
I0216 03:42:13.461429 139867528992576 submission_runner.py:408] Time since start: 891.52s, 	Step: 2199, 	{'train/ssim': 0.7372031893048968, 'train/loss': 0.2772303138460432, 'validation/ssim': 0.715676534692424, 'validation/loss': 0.29541135840558175, 'validation/num_examples': 3554, 'test/ssim': 0.7329064747102765, 'test/loss': 0.29703047687665807, 'test/num_examples': 3581, 'score': 618.8427710533142, 'total_duration': 891.5179741382599, 'accumulated_submission_time': 618.8427710533142, 'accumulated_eval_time': 272.3859603404999, 'accumulated_logging_time': 0.2091064453125}
I0216 03:42:13.477144 139681320658688 logging_writer.py:48] [2199] accumulated_eval_time=272.385960, accumulated_logging_time=0.209106, accumulated_submission_time=618.842771, global_step=2199, preemption_count=0, score=618.842771, test/loss=0.297030, test/num_examples=3581, test/ssim=0.732906, total_duration=891.517974, train/loss=0.277230, train/ssim=0.737203, validation/loss=0.295411, validation/num_examples=3554, validation/ssim=0.715677
I0216 03:43:22.387360 139681329051392 logging_writer.py:48] [2500] global_step=2500, grad_norm=0.7565531134605408, loss=0.361589640378952
I0216 03:43:33.562032 139867528992576 spec.py:321] Evaluating on the training split.
I0216 03:43:36.793909 139867528992576 spec.py:333] Evaluating on the validation split.
I0216 03:43:39.922208 139867528992576 spec.py:349] Evaluating on the test split.
I0216 03:43:43.057419 139867528992576 submission_runner.py:408] Time since start: 981.11s, 	Step: 2549, 	{'train/ssim': 0.7359602110726493, 'train/loss': 0.2762253114155361, 'validation/ssim': 0.7145790696882034, 'validation/loss': 0.2943709442705402, 'validation/num_examples': 3554, 'test/ssim': 0.7323181782977869, 'test/loss': 0.2958830977511519, 'test/num_examples': 3581, 'score': 698.9048330783844, 'total_duration': 981.1139640808105, 'accumulated_submission_time': 698.9048330783844, 'accumulated_eval_time': 281.88130259513855, 'accumulated_logging_time': 0.234694242477417}
I0216 03:43:43.072879 139681320658688 logging_writer.py:48] [2549] accumulated_eval_time=281.881303, accumulated_logging_time=0.234694, accumulated_submission_time=698.904833, global_step=2549, preemption_count=0, score=698.904833, test/loss=0.295883, test/num_examples=3581, test/ssim=0.732318, total_duration=981.113964, train/loss=0.276225, train/ssim=0.735960, validation/loss=0.294371, validation/num_examples=3554, validation/ssim=0.714579
I0216 03:45:03.063358 139867528992576 spec.py:321] Evaluating on the training split.
I0216 03:45:06.294646 139867528992576 spec.py:333] Evaluating on the validation split.
I0216 03:45:09.427771 139867528992576 spec.py:349] Evaluating on the test split.
I0216 03:45:12.566022 139867528992576 submission_runner.py:408] Time since start: 1070.62s, 	Step: 2894, 	{'train/ssim': 0.7406238147190639, 'train/loss': 0.27553750787462505, 'validation/ssim': 0.7197207234586029, 'validation/loss': 0.29370821307197875, 'validation/num_examples': 3554, 'test/ssim': 0.7369311475713837, 'test/loss': 0.29528634743263055, 'test/num_examples': 3581, 'score': 778.8724179267883, 'total_duration': 1070.6225655078888, 'accumulated_submission_time': 778.8724179267883, 'accumulated_eval_time': 291.3839316368103, 'accumulated_logging_time': 0.26046299934387207}
I0216 03:45:12.582535 139681329051392 logging_writer.py:48] [2894] accumulated_eval_time=291.383932, accumulated_logging_time=0.260463, accumulated_submission_time=778.872418, global_step=2894, preemption_count=0, score=778.872418, test/loss=0.295286, test/num_examples=3581, test/ssim=0.736931, total_duration=1070.622566, train/loss=0.275538, train/ssim=0.740624, validation/loss=0.293708, validation/num_examples=3554, validation/ssim=0.719721
I0216 03:45:37.255261 139681320658688 logging_writer.py:48] [3000] global_step=3000, grad_norm=0.11738694459199905, loss=0.32305508852005005
I0216 03:46:32.589677 139867528992576 spec.py:321] Evaluating on the training split.
I0216 03:46:35.812633 139867528992576 spec.py:333] Evaluating on the validation split.
I0216 03:46:38.948324 139867528992576 spec.py:349] Evaluating on the test split.
I0216 03:46:42.089483 139867528992576 submission_runner.py:408] Time since start: 1160.15s, 	Step: 3233, 	{'train/ssim': 0.7368015561785016, 'train/loss': 0.27606657573154997, 'validation/ssim': 0.7150745638716939, 'validation/loss': 0.2942745657401871, 'validation/num_examples': 3554, 'test/ssim': 0.7324246702431234, 'test/loss': 0.29612648843287487, 'test/num_examples': 3581, 'score': 857.4530916213989, 'total_duration': 1160.1460270881653, 'accumulated_submission_time': 857.4530916213989, 'accumulated_eval_time': 300.883695602417, 'accumulated_logging_time': 1.6908340454101562}
I0216 03:46:42.105078 139681329051392 logging_writer.py:48] [3233] accumulated_eval_time=300.883696, accumulated_logging_time=1.690834, accumulated_submission_time=857.453092, global_step=3233, preemption_count=0, score=857.453092, test/loss=0.296126, test/num_examples=3581, test/ssim=0.732425, total_duration=1160.146027, train/loss=0.276067, train/ssim=0.736802, validation/loss=0.294275, validation/num_examples=3554, validation/ssim=0.715075
I0216 03:47:43.591842 139681320658688 logging_writer.py:48] [3500] global_step=3500, grad_norm=0.18947936594486237, loss=0.30354464054107666
I0216 03:48:02.090687 139867528992576 spec.py:321] Evaluating on the training split.
I0216 03:48:05.322803 139867528992576 spec.py:333] Evaluating on the validation split.
I0216 03:48:08.454597 139867528992576 spec.py:349] Evaluating on the test split.
I0216 03:48:11.587471 139867528992576 submission_runner.py:408] Time since start: 1249.64s, 	Step: 3580, 	{'train/ssim': 0.7348076956612724, 'train/loss': 0.2811364105769566, 'validation/ssim': 0.7141789923106008, 'validation/loss': 0.29976134120445275, 'validation/num_examples': 3554, 'test/ssim': 0.7307653184777296, 'test/loss': 0.3019111759001501, 'test/num_examples': 3581, 'score': 937.4158656597137, 'total_duration': 1249.6440165042877, 'accumulated_submission_time': 937.4158656597137, 'accumulated_eval_time': 310.38043761253357, 'accumulated_logging_time': 1.716313362121582}
I0216 03:48:11.602592 139681329051392 logging_writer.py:48] [3580] accumulated_eval_time=310.380438, accumulated_logging_time=1.716313, accumulated_submission_time=937.415866, global_step=3580, preemption_count=0, score=937.415866, test/loss=0.301911, test/num_examples=3581, test/ssim=0.730765, total_duration=1249.644017, train/loss=0.281136, train/ssim=0.734808, validation/loss=0.299761, validation/num_examples=3554, validation/ssim=0.714179
I0216 03:49:31.638082 139867528992576 spec.py:321] Evaluating on the training split.
I0216 03:49:34.864938 139867528992576 spec.py:333] Evaluating on the validation split.
I0216 03:49:37.998040 139867528992576 spec.py:349] Evaluating on the test split.
I0216 03:49:41.131117 139867528992576 submission_runner.py:408] Time since start: 1339.19s, 	Step: 3927, 	{'train/ssim': 0.7376880645751953, 'train/loss': 0.2747757264545986, 'validation/ssim': 0.7155750040667206, 'validation/loss': 0.2930861490793824, 'validation/num_examples': 3554, 'test/ssim': 0.733247153488027, 'test/loss': 0.29465847446811294, 'test/num_examples': 3581, 'score': 1017.4296772480011, 'total_duration': 1339.1876571178436, 'accumulated_submission_time': 1017.4296772480011, 'accumulated_eval_time': 319.8734362125397, 'accumulated_logging_time': 1.740370512008667}
I0216 03:49:41.146726 139681320658688 logging_writer.py:48] [3927] accumulated_eval_time=319.873436, accumulated_logging_time=1.740371, accumulated_submission_time=1017.429677, global_step=3927, preemption_count=0, score=1017.429677, test/loss=0.294658, test/num_examples=3581, test/ssim=0.733247, total_duration=1339.187657, train/loss=0.274776, train/ssim=0.737688, validation/loss=0.293086, validation/num_examples=3554, validation/ssim=0.715575
I0216 03:49:56.664766 139681329051392 logging_writer.py:48] [4000] global_step=4000, grad_norm=0.5309856534004211, loss=0.3055036962032318
I0216 03:51:01.305634 139867528992576 spec.py:321] Evaluating on the training split.
I0216 03:51:04.527143 139867528992576 spec.py:333] Evaluating on the validation split.
I0216 03:51:07.661959 139867528992576 spec.py:349] Evaluating on the test split.
I0216 03:51:10.790634 139867528992576 submission_runner.py:408] Time since start: 1428.85s, 	Step: 4271, 	{'train/ssim': 0.7351976803370884, 'train/loss': 0.27770168440682547, 'validation/ssim': 0.7128724896243669, 'validation/loss': 0.2958629910839899, 'validation/num_examples': 3554, 'test/ssim': 0.7308087470111352, 'test/loss': 0.2974781589247068, 'test/num_examples': 3581, 'score': 1097.5667824745178, 'total_duration': 1428.847177028656, 'accumulated_submission_time': 1097.5667824745178, 'accumulated_eval_time': 329.3583984375, 'accumulated_logging_time': 1.7649176120758057}
I0216 03:51:10.806126 139681320658688 logging_writer.py:48] [4271] accumulated_eval_time=329.358398, accumulated_logging_time=1.764918, accumulated_submission_time=1097.566782, global_step=4271, preemption_count=0, score=1097.566782, test/loss=0.297478, test/num_examples=3581, test/ssim=0.730809, total_duration=1428.847177, train/loss=0.277702, train/ssim=0.735198, validation/loss=0.295863, validation/num_examples=3554, validation/ssim=0.712872
I0216 03:52:03.524999 139681329051392 logging_writer.py:48] [4500] global_step=4500, grad_norm=0.2941024601459503, loss=0.27844831347465515
I0216 03:52:30.862315 139867528992576 spec.py:321] Evaluating on the training split.
I0216 03:52:34.088983 139867528992576 spec.py:333] Evaluating on the validation split.
I0216 03:52:37.224882 139867528992576 spec.py:349] Evaluating on the test split.
I0216 03:52:40.359964 139867528992576 submission_runner.py:408] Time since start: 1518.42s, 	Step: 4616, 	{'train/ssim': 0.7397066525050572, 'train/loss': 0.2759217194148472, 'validation/ssim': 0.7187265064452026, 'validation/loss': 0.29391316342501406, 'validation/num_examples': 3554, 'test/ssim': 0.7355560243079796, 'test/loss': 0.2958133530263893, 'test/num_examples': 3581, 'score': 1177.6001105308533, 'total_duration': 1518.4165081977844, 'accumulated_submission_time': 1177.6001105308533, 'accumulated_eval_time': 338.85600423812866, 'accumulated_logging_time': 1.790543794631958}
I0216 03:52:40.377026 139681320658688 logging_writer.py:48] [4616] accumulated_eval_time=338.856004, accumulated_logging_time=1.790544, accumulated_submission_time=1177.600111, global_step=4616, preemption_count=0, score=1177.600111, test/loss=0.295813, test/num_examples=3581, test/ssim=0.735556, total_duration=1518.416508, train/loss=0.275922, train/ssim=0.739707, validation/loss=0.293913, validation/num_examples=3554, validation/ssim=0.718727
I0216 03:54:00.366301 139867528992576 spec.py:321] Evaluating on the training split.
I0216 03:54:03.581574 139867528992576 spec.py:333] Evaluating on the validation split.
I0216 03:54:06.714390 139867528992576 spec.py:349] Evaluating on the test split.
I0216 03:54:09.854106 139867528992576 submission_runner.py:408] Time since start: 1607.91s, 	Step: 4962, 	{'train/ssim': 0.7418323925563267, 'train/loss': 0.27462100982666016, 'validation/ssim': 0.7205562559352139, 'validation/loss': 0.29303167425787846, 'validation/num_examples': 3554, 'test/ssim': 0.7379144595608769, 'test/loss': 0.29447797675666715, 'test/num_examples': 3581, 'score': 1257.5680105686188, 'total_duration': 1607.9106516838074, 'accumulated_submission_time': 1257.5680105686188, 'accumulated_eval_time': 348.3437786102295, 'accumulated_logging_time': 1.8162689208984375}
I0216 03:54:09.870074 139681329051392 logging_writer.py:48] [4962] accumulated_eval_time=348.343779, accumulated_logging_time=1.816269, accumulated_submission_time=1257.568011, global_step=4962, preemption_count=0, score=1257.568011, test/loss=0.294478, test/num_examples=3581, test/ssim=0.737914, total_duration=1607.910652, train/loss=0.274621, train/ssim=0.741832, validation/loss=0.293032, validation/num_examples=3554, validation/ssim=0.720556
I0216 03:54:16.801835 139681320658688 logging_writer.py:48] [5000] global_step=5000, grad_norm=0.2081075757741928, loss=0.30183544754981995
I0216 03:55:30.043074 139867528992576 spec.py:321] Evaluating on the training split.
I0216 03:55:33.270629 139867528992576 spec.py:333] Evaluating on the validation split.
I0216 03:55:36.403387 139867528992576 spec.py:349] Evaluating on the test split.
I0216 03:55:39.538818 139867528992576 submission_runner.py:408] Time since start: 1697.60s, 	Step: 5309, 	{'train/ssim': 0.7321530750819615, 'train/loss': 0.2767110892704555, 'validation/ssim': 0.7098995245234243, 'validation/loss': 0.29513414132843274, 'validation/num_examples': 3554, 'test/ssim': 0.7278707419584264, 'test/loss': 0.2965782269922857, 'test/num_examples': 3581, 'score': 1337.7196938991547, 'total_duration': 1697.595363855362, 'accumulated_submission_time': 1337.7196938991547, 'accumulated_eval_time': 357.839483499527, 'accumulated_logging_time': 1.8408856391906738}
I0216 03:55:39.556326 139681329051392 logging_writer.py:48] [5309] accumulated_eval_time=357.839483, accumulated_logging_time=1.840886, accumulated_submission_time=1337.719694, global_step=5309, preemption_count=0, score=1337.719694, test/loss=0.296578, test/num_examples=3581, test/ssim=0.727871, total_duration=1697.595364, train/loss=0.276711, train/ssim=0.732153, validation/loss=0.295134, validation/num_examples=3554, validation/ssim=0.709900
I0216 03:56:23.121922 139681320658688 logging_writer.py:48] [5500] global_step=5500, grad_norm=0.15265025198459625, loss=0.32760512828826904
I0216 03:56:59.689446 139867528992576 spec.py:321] Evaluating on the training split.
I0216 03:57:02.925683 139867528992576 spec.py:333] Evaluating on the validation split.
I0216 03:57:06.067145 139867528992576 spec.py:349] Evaluating on the test split.
I0216 03:57:09.197371 139867528992576 submission_runner.py:408] Time since start: 1787.25s, 	Step: 5654, 	{'train/ssim': 0.7394668715340751, 'train/loss': 0.276468242917742, 'validation/ssim': 0.7189080662853475, 'validation/loss': 0.2941954639029087, 'validation/num_examples': 3554, 'test/ssim': 0.735479052857093, 'test/loss': 0.2960414380475949, 'test/num_examples': 3581, 'score': 1417.8301577568054, 'total_duration': 1787.2539143562317, 'accumulated_submission_time': 1417.8301577568054, 'accumulated_eval_time': 367.34737634658813, 'accumulated_logging_time': 1.8685884475708008}
I0216 03:57:09.214199 139681329051392 logging_writer.py:48] [5654] accumulated_eval_time=367.347376, accumulated_logging_time=1.868588, accumulated_submission_time=1417.830158, global_step=5654, preemption_count=0, score=1417.830158, test/loss=0.296041, test/num_examples=3581, test/ssim=0.735479, total_duration=1787.253914, train/loss=0.276468, train/ssim=0.739467, validation/loss=0.294195, validation/num_examples=3554, validation/ssim=0.718908
I0216 03:58:29.419142 139681320658688 logging_writer.py:48] [6000] global_step=6000, grad_norm=0.752810001373291, loss=0.23938962817192078
I0216 03:58:29.424620 139867528992576 spec.py:321] Evaluating on the training split.
I0216 03:58:32.558734 139867528992576 spec.py:333] Evaluating on the validation split.
I0216 03:58:35.697205 139867528992576 spec.py:349] Evaluating on the test split.
I0216 03:58:38.831164 139867528992576 submission_runner.py:408] Time since start: 1876.89s, 	Step: 6001, 	{'train/ssim': 0.7392080170767648, 'train/loss': 0.27430459431239534, 'validation/ssim': 0.7173050776853546, 'validation/loss': 0.2930079402719647, 'validation/num_examples': 3554, 'test/ssim': 0.7348266703827492, 'test/loss': 0.2944945777737538, 'test/num_examples': 3581, 'score': 1498.0193150043488, 'total_duration': 1876.887710571289, 'accumulated_submission_time': 1498.0193150043488, 'accumulated_eval_time': 376.7538802623749, 'accumulated_logging_time': 1.8938031196594238}
I0216 03:58:38.847191 139681329051392 logging_writer.py:48] [6001] accumulated_eval_time=376.753880, accumulated_logging_time=1.893803, accumulated_submission_time=1498.019315, global_step=6001, preemption_count=0, score=1498.019315, test/loss=0.294495, test/num_examples=3581, test/ssim=0.734827, total_duration=1876.887711, train/loss=0.274305, train/ssim=0.739208, validation/loss=0.293008, validation/num_examples=3554, validation/ssim=0.717305
I0216 03:59:58.907596 139867528992576 spec.py:321] Evaluating on the training split.
I0216 04:00:02.136299 139867528992576 spec.py:333] Evaluating on the validation split.
I0216 04:00:05.273838 139867528992576 spec.py:349] Evaluating on the test split.
I0216 04:00:08.412471 139867528992576 submission_runner.py:408] Time since start: 1966.47s, 	Step: 6348, 	{'train/ssim': 0.7431140627179827, 'train/loss': 0.27431014605930876, 'validation/ssim': 0.7216530339933878, 'validation/loss': 0.29282236179744653, 'validation/num_examples': 3554, 'test/ssim': 0.7385380033073862, 'test/loss': 0.29462176133586987, 'test/num_examples': 3581, 'score': 1578.0577726364136, 'total_duration': 1966.4690177440643, 'accumulated_submission_time': 1578.0577726364136, 'accumulated_eval_time': 386.2587263584137, 'accumulated_logging_time': 1.9192678928375244}
I0216 04:00:08.428812 139681320658688 logging_writer.py:48] [6348] accumulated_eval_time=386.258726, accumulated_logging_time=1.919268, accumulated_submission_time=1578.057773, global_step=6348, preemption_count=0, score=1578.057773, test/loss=0.294622, test/num_examples=3581, test/ssim=0.738538, total_duration=1966.469018, train/loss=0.274310, train/ssim=0.743114, validation/loss=0.292822, validation/num_examples=3554, validation/ssim=0.721653
I0216 04:00:42.954930 139681329051392 logging_writer.py:48] [6500] global_step=6500, grad_norm=0.42608508467674255, loss=0.25809261202812195
I0216 04:01:28.416065 139867528992576 spec.py:321] Evaluating on the training split.
I0216 04:01:31.636768 139867528992576 spec.py:333] Evaluating on the validation split.
I0216 04:01:34.774386 139867528992576 spec.py:349] Evaluating on the test split.
I0216 04:01:37.921041 139867528992576 submission_runner.py:408] Time since start: 2055.98s, 	Step: 6693, 	{'train/ssim': 0.7318716049194336, 'train/loss': 0.2759766067777361, 'validation/ssim': 0.709023599619267, 'validation/loss': 0.2948010755376864, 'validation/num_examples': 3554, 'test/ssim': 0.7271328659505026, 'test/loss': 0.29617990484719703, 'test/num_examples': 3581, 'score': 1658.0230646133423, 'total_duration': 2055.9775891304016, 'accumulated_submission_time': 1658.0230646133423, 'accumulated_eval_time': 395.7636730670929, 'accumulated_logging_time': 1.9450843334197998}
I0216 04:01:37.937416 139681320658688 logging_writer.py:48] [6693] accumulated_eval_time=395.763673, accumulated_logging_time=1.945084, accumulated_submission_time=1658.023065, global_step=6693, preemption_count=0, score=1658.023065, test/loss=0.296180, test/num_examples=3581, test/ssim=0.727133, total_duration=2055.977589, train/loss=0.275977, train/ssim=0.731872, validation/loss=0.294801, validation/num_examples=3554, validation/ssim=0.709024
I0216 04:02:48.309655 139681329051392 logging_writer.py:48] [7000] global_step=7000, grad_norm=0.48499882221221924, loss=0.2640114426612854
I0216 04:02:57.977555 139867528992576 spec.py:321] Evaluating on the training split.
I0216 04:03:01.209790 139867528992576 spec.py:333] Evaluating on the validation split.
I0216 04:03:04.344611 139867528992576 spec.py:349] Evaluating on the test split.
I0216 04:03:07.477304 139867528992576 submission_runner.py:408] Time since start: 2145.53s, 	Step: 7043, 	{'train/ssim': 0.7398678915841239, 'train/loss': 0.27396927561078754, 'validation/ssim': 0.7177665680395329, 'validation/loss': 0.2926028138409187, 'validation/num_examples': 3554, 'test/ssim': 0.7350020889329097, 'test/loss': 0.29432103408178584, 'test/num_examples': 3581, 'score': 1738.041860818863, 'total_duration': 2145.5338549613953, 'accumulated_submission_time': 1738.041860818863, 'accumulated_eval_time': 405.2633891105652, 'accumulated_logging_time': 1.9699947834014893}
I0216 04:03:07.493668 139681320658688 logging_writer.py:48] [7043] accumulated_eval_time=405.263389, accumulated_logging_time=1.969995, accumulated_submission_time=1738.041861, global_step=7043, preemption_count=0, score=1738.041861, test/loss=0.294321, test/num_examples=3581, test/ssim=0.735002, total_duration=2145.533855, train/loss=0.273969, train/ssim=0.739868, validation/loss=0.292603, validation/num_examples=3554, validation/ssim=0.717767
I0216 04:04:27.735194 139867528992576 spec.py:321] Evaluating on the training split.
I0216 04:04:30.961416 139867528992576 spec.py:333] Evaluating on the validation split.
I0216 04:04:34.100019 139867528992576 spec.py:349] Evaluating on the test split.
I0216 04:04:37.239387 139867528992576 submission_runner.py:408] Time since start: 2235.30s, 	Step: 7389, 	{'train/ssim': 0.7433860642569405, 'train/loss': 0.27486397538866314, 'validation/ssim': 0.7222104907102912, 'validation/loss': 0.2932301329707724, 'validation/num_examples': 3554, 'test/ssim': 0.7392417909845365, 'test/loss': 0.29476329608524154, 'test/num_examples': 3581, 'score': 1818.2618160247803, 'total_duration': 2235.295930147171, 'accumulated_submission_time': 1818.2618160247803, 'accumulated_eval_time': 414.767550945282, 'accumulated_logging_time': 1.9951817989349365}
I0216 04:04:37.255795 139681329051392 logging_writer.py:48] [7389] accumulated_eval_time=414.767551, accumulated_logging_time=1.995182, accumulated_submission_time=1818.261816, global_step=7389, preemption_count=0, score=1818.261816, test/loss=0.294763, test/num_examples=3581, test/ssim=0.739242, total_duration=2235.295930, train/loss=0.274864, train/ssim=0.743386, validation/loss=0.293230, validation/num_examples=3554, validation/ssim=0.722210
I0216 04:05:02.068387 139681320658688 logging_writer.py:48] [7500] global_step=7500, grad_norm=0.5240125060081482, loss=0.2617049217224121
I0216 04:05:57.441070 139867528992576 spec.py:321] Evaluating on the training split.
I0216 04:06:00.670387 139867528992576 spec.py:333] Evaluating on the validation split.
I0216 04:06:03.809595 139867528992576 spec.py:349] Evaluating on the test split.
I0216 04:06:06.946378 139867528992576 submission_runner.py:408] Time since start: 2325.00s, 	Step: 7733, 	{'train/ssim': 0.7375561850411552, 'train/loss': 0.27367866039276123, 'validation/ssim': 0.7150966148397931, 'validation/loss': 0.29245264743510835, 'validation/num_examples': 3554, 'test/ssim': 0.7328299123193591, 'test/loss': 0.2940008423908301, 'test/num_examples': 3581, 'score': 1898.4249105453491, 'total_duration': 2325.002921819687, 'accumulated_submission_time': 1898.4249105453491, 'accumulated_eval_time': 424.27284049987793, 'accumulated_logging_time': 2.021228313446045}
