python3 submission_runner.py --framework=jax --workload=imagenet_vit --submission_path=prize_qualification_baselines/self_tuning/jax_nadamw_full_budget.py --data_dir=/data/imagenet/jax --num_tuning_trials=1 --experiment_dir=/experiment_runs --experiment_name=prize_qualification_self_tuning/study_2 --overwrite=true --save_checkpoints=false --rng_seed=2402465797 --max_global_steps=559998 --imagenet_v2_data_dir=/data/imagenet/jax --tuning_ruleset=self 2>&1 | tee -a /logs/imagenet_vit_jax_03-02-2024-11-06-03.log
/usr/local/lib/python3.8/dist-packages/tensorflow_addons/utils/tfa_eol_msg.py:23: UserWarning: 

TensorFlow Addons (TFA) has ended development and introduction of new features.
TFA has entered a minimal maintenance and release mode until a planned end of life in May 2024.
Please modify downstream libraries to take dependencies from other repositories in our TensorFlow community (e.g. Keras, Keras-CV, and Keras-NLP). 

For more information see: https://github.com/tensorflow/addons/issues/2807 

  warnings.warn(
I0302 11:06:25.645311 140077943854912 logger_utils.py:76] Creating experiment directory at /experiment_runs/prize_qualification_self_tuning/study_2/imagenet_vit_jax.
I0302 11:06:26.656783 140077943854912 xla_bridge.py:455] Unable to initialize backend 'rocm': NOT_FOUND: Could not find registered platform with name: "rocm". Available platform names are: Host CUDA Interpreter
I0302 11:06:26.657699 140077943854912 xla_bridge.py:455] Unable to initialize backend 'tpu': module 'jaxlib.xla_extension' has no attribute 'get_tpu_client'
I0302 11:06:26.657866 140077943854912 xla_bridge.py:455] Unable to initialize backend 'plugin': xla_extension has no attributes named get_plugin_device_client. Compile TensorFlow with //tensorflow/compiler/xla/python:enable_plugin_device set to true (defaults to false) to enable this.
I0302 11:06:27.593044 140077943854912 submission_runner.py:605] Creating directory at /experiment_runs/prize_qualification_self_tuning/study_2/imagenet_vit_jax/trial_1.
I0302 11:06:27.794068 140077943854912 submission_runner.py:206] Initializing dataset.
I0302 11:06:27.810265 140077943854912 dataset_info.py:578] Load dataset info from /data/imagenet/jax/imagenet2012/5.1.0
I0302 11:06:27.820492 140077943854912 dataset_info.py:669] Fields info.[splits, supervised_keys] from disk and from code do not match. Keeping the one from code.
I0302 11:06:28.204548 140077943854912 logging_logger.py:49] Constructing tf.data.Dataset imagenet2012 for split train, from /data/imagenet/jax/imagenet2012/5.1.0
I0302 11:06:36.585783 140077943854912 submission_runner.py:213] Initializing model.
I0302 11:06:45.537084 140077943854912 submission_runner.py:255] Initializing optimizer.
I0302 11:06:46.530874 140077943854912 submission_runner.py:262] Initializing metrics bundle.
I0302 11:06:46.531093 140077943854912 submission_runner.py:280] Initializing checkpoint and logger.
I0302 11:06:46.532073 140077943854912 checkpoints.py:915] Found no checkpoint files in /experiment_runs/prize_qualification_self_tuning/study_2/imagenet_vit_jax/trial_1 with prefix checkpoint_
I0302 11:06:46.532217 140077943854912 submission_runner.py:300] Saving meta data to /experiment_runs/prize_qualification_self_tuning/study_2/imagenet_vit_jax/trial_1/meta_data_0.json.
fatal: detected dubious ownership in repository at '/algorithmic-efficiency'
To add an exception for this directory, call:

	git config --global --add safe.directory /algorithmic-efficiency
I0302 11:06:46.875368 140077943854912 logger_utils.py:220] Unable to record git information. Continuing without it.
I0302 11:06:47.185521 140077943854912 submission_runner.py:304] Saving flags to /experiment_runs/prize_qualification_self_tuning/study_2/imagenet_vit_jax/trial_1/flags_0.json.
I0302 11:06:47.194914 140077943854912 submission_runner.py:314] Starting training loop.
I0302 11:07:29.195873 139916002481920 logging_writer.py:48] [0] global_step=0, grad_norm=0.3873291313648224, loss=6.9077558517456055
I0302 11:07:29.214296 140077943854912 spec.py:321] Evaluating on the training split.
I0302 11:07:29.415285 140077943854912 dataset_info.py:578] Load dataset info from /data/imagenet/jax/imagenet2012/5.1.0
I0302 11:07:29.424841 140077943854912 dataset_info.py:669] Fields info.[splits, supervised_keys] from disk and from code do not match. Keeping the one from code.
I0302 11:07:29.508405 140077943854912 logging_logger.py:49] Constructing tf.data.Dataset imagenet2012 for split train, from /data/imagenet/jax/imagenet2012/5.1.0
I0302 11:07:46.860716 140077943854912 spec.py:333] Evaluating on the validation split.
I0302 11:07:46.872205 140077943854912 dataset_info.py:578] Load dataset info from /data/imagenet/jax/imagenet2012/5.1.0
I0302 11:07:46.889460 140077943854912 dataset_info.py:669] Fields info.[splits, supervised_keys] from disk and from code do not match. Keeping the one from code.
I0302 11:07:46.959677 140077943854912 logging_logger.py:49] Constructing tf.data.Dataset imagenet2012 for split validation, from /data/imagenet/jax/imagenet2012/5.1.0
I0302 11:08:04.343565 140077943854912 spec.py:349] Evaluating on the test split.
I0302 11:08:04.351377 140077943854912 dataset_info.py:578] Load dataset info from /data/imagenet/jax/imagenet_v2/matched-frequency/3.0.0
I0302 11:08:04.358506 140077943854912 dataset_builder.py:528] Reusing dataset imagenet_v2 (/data/imagenet/jax/imagenet_v2/matched-frequency/3.0.0)
I0302 11:08:04.410260 140077943854912 logging_logger.py:49] Constructing tf.data.Dataset imagenet_v2 for split test, from /data/imagenet/jax/imagenet_v2/matched-frequency/3.0.0
I0302 11:08:09.698687 140077943854912 submission_runner.py:411] Time since start: 82.50s, 	Step: 1, 	{'train/accuracy': 0.0010351561941206455, 'train/loss': 6.907756328582764, 'validation/accuracy': 0.0009999999310821295, 'validation/loss': 6.9077558517456055, 'validation/num_examples': 50000, 'test/accuracy': 0.0010000000474974513, 'test/loss': 6.907756805419922, 'test/num_examples': 10000, 'score': 42.01926302909851, 'total_duration': 82.50370907783508, 'accumulated_submission_time': 42.01926302909851, 'accumulated_eval_time': 40.48432898521423, 'accumulated_logging_time': 0}
I0302 11:08:09.716651 139881716119296 logging_writer.py:48] [1] accumulated_eval_time=40.484329, accumulated_logging_time=0, accumulated_submission_time=42.019263, global_step=1, preemption_count=0, score=42.019263, test/accuracy=0.001000, test/loss=6.907757, test/num_examples=10000, total_duration=82.503709, train/accuracy=0.001035, train/loss=6.907756, validation/accuracy=0.001000, validation/loss=6.907756, validation/num_examples=50000
I0302 11:09:12.112701 139915413149440 logging_writer.py:48] [100] global_step=100, grad_norm=0.4730006158351898, loss=6.877213478088379
I0302 11:09:53.641453 139915421542144 logging_writer.py:48] [200] global_step=200, grad_norm=0.6493788957595825, loss=6.746747970581055
I0302 11:10:37.365556 139915413149440 logging_writer.py:48] [300] global_step=300, grad_norm=0.8903814554214478, loss=6.633247375488281
I0302 11:11:21.207663 139915421542144 logging_writer.py:48] [400] global_step=400, grad_norm=0.9373462796211243, loss=6.564476490020752
I0302 11:12:05.093138 139915413149440 logging_writer.py:48] [500] global_step=500, grad_norm=1.0129204988479614, loss=6.465884208679199
I0302 11:12:48.625185 139915421542144 logging_writer.py:48] [600] global_step=600, grad_norm=1.0467463731765747, loss=6.328161239624023
I0302 11:13:32.218626 139915413149440 logging_writer.py:48] [700] global_step=700, grad_norm=1.380800485610962, loss=6.767184734344482
I0302 11:14:15.924045 139915421542144 logging_writer.py:48] [800] global_step=800, grad_norm=1.6040304899215698, loss=6.182112216949463
I0302 11:14:59.344231 139915413149440 logging_writer.py:48] [900] global_step=900, grad_norm=1.0841153860092163, loss=6.171712398529053
I0302 11:15:10.077293 140077943854912 spec.py:321] Evaluating on the training split.
I0302 11:15:21.588251 140077943854912 spec.py:333] Evaluating on the validation split.
I0302 11:15:29.504147 140077943854912 spec.py:349] Evaluating on the test split.
I0302 11:15:31.130615 140077943854912 submission_runner.py:411] Time since start: 523.94s, 	Step: 926, 	{'train/accuracy': 0.03437500074505806, 'train/loss': 5.894576072692871, 'validation/accuracy': 0.032999999821186066, 'validation/loss': 5.924591541290283, 'validation/num_examples': 50000, 'test/accuracy': 0.026600001379847527, 'test/loss': 6.037107467651367, 'test/num_examples': 10000, 'score': 462.3217113018036, 'total_duration': 523.9356322288513, 'accumulated_submission_time': 462.3217113018036, 'accumulated_eval_time': 61.537635803222656, 'accumulated_logging_time': 0.027405261993408203}
I0302 11:15:31.147614 139881799980800 logging_writer.py:48] [926] accumulated_eval_time=61.537636, accumulated_logging_time=0.027405, accumulated_submission_time=462.321711, global_step=926, preemption_count=0, score=462.321711, test/accuracy=0.026600, test/loss=6.037107, test/num_examples=10000, total_duration=523.935632, train/accuracy=0.034375, train/loss=5.894576, validation/accuracy=0.033000, validation/loss=5.924592, validation/num_examples=50000
I0302 11:16:00.460631 139881808373504 logging_writer.py:48] [1000] global_step=1000, grad_norm=1.12040114402771, loss=6.1545305252075195
I0302 11:16:42.340400 139881799980800 logging_writer.py:48] [1100] global_step=1100, grad_norm=1.2675163745880127, loss=6.137345314025879
I0302 11:17:25.988275 139881808373504 logging_writer.py:48] [1200] global_step=1200, grad_norm=1.47490656375885, loss=5.872961521148682
I0302 11:18:09.666773 139881799980800 logging_writer.py:48] [1300] global_step=1300, grad_norm=1.0675725936889648, loss=5.871349811553955
I0302 11:18:53.298221 139881808373504 logging_writer.py:48] [1400] global_step=1400, grad_norm=1.1035109758377075, loss=5.917361736297607
I0302 11:19:37.030743 139881799980800 logging_writer.py:48] [1500] global_step=1500, grad_norm=1.1751494407653809, loss=5.804574966430664
I0302 11:20:20.605386 139881808373504 logging_writer.py:48] [1600] global_step=1600, grad_norm=1.1209980249404907, loss=5.838888645172119
I0302 11:21:04.266467 139881799980800 logging_writer.py:48] [1700] global_step=1700, grad_norm=1.2167246341705322, loss=6.668437957763672
I0302 11:21:47.838698 139881808373504 logging_writer.py:48] [1800] global_step=1800, grad_norm=1.0309288501739502, loss=5.674610614776611
I0302 11:22:31.499078 139881799980800 logging_writer.py:48] [1900] global_step=1900, grad_norm=0.9302019476890564, loss=5.774574279785156
I0302 11:22:31.514130 140077943854912 spec.py:321] Evaluating on the training split.
I0302 11:22:42.522423 140077943854912 spec.py:333] Evaluating on the validation split.
I0302 11:22:50.371290 140077943854912 spec.py:349] Evaluating on the test split.
I0302 11:22:51.969452 140077943854912 submission_runner.py:411] Time since start: 964.77s, 	Step: 1901, 	{'train/accuracy': 0.0853906199336052, 'train/loss': 5.1030755043029785, 'validation/accuracy': 0.0809599980711937, 'validation/loss': 5.148300647735596, 'validation/num_examples': 50000, 'test/accuracy': 0.05990000441670418, 'test/loss': 5.397579193115234, 'test/num_examples': 10000, 'score': 882.624751329422, 'total_duration': 964.7744688987732, 'accumulated_submission_time': 882.624751329422, 'accumulated_eval_time': 81.992928981781, 'accumulated_logging_time': 0.0549311637878418}
I0302 11:22:51.987544 139881808373504 logging_writer.py:48] [1901] accumulated_eval_time=81.992929, accumulated_logging_time=0.054931, accumulated_submission_time=882.624751, global_step=1901, preemption_count=0, score=882.624751, test/accuracy=0.059900, test/loss=5.397579, test/num_examples=10000, total_duration=964.774469, train/accuracy=0.085391, train/loss=5.103076, validation/accuracy=0.080960, validation/loss=5.148301, validation/num_examples=50000
I0302 11:23:31.040371 139881799980800 logging_writer.py:48] [2000] global_step=2000, grad_norm=1.0103728771209717, loss=5.634215354919434
I0302 11:24:13.833752 139881808373504 logging_writer.py:48] [2100] global_step=2100, grad_norm=1.5933117866516113, loss=5.632997512817383
I0302 11:24:57.539149 139881799980800 logging_writer.py:48] [2200] global_step=2200, grad_norm=0.8991653919219971, loss=6.5579094886779785
I0302 11:25:41.284551 139881808373504 logging_writer.py:48] [2300] global_step=2300, grad_norm=1.5010615587234497, loss=5.502830982208252
I0302 11:26:24.915413 139881799980800 logging_writer.py:48] [2400] global_step=2400, grad_norm=1.0452779531478882, loss=5.291459083557129
I0302 11:27:08.666742 139881808373504 logging_writer.py:48] [2500] global_step=2500, grad_norm=1.0281262397766113, loss=5.344346046447754
I0302 11:27:52.007525 139881799980800 logging_writer.py:48] [2600] global_step=2600, grad_norm=1.4424853324890137, loss=5.3566460609436035
I0302 11:28:35.604635 139881808373504 logging_writer.py:48] [2700] global_step=2700, grad_norm=1.7104876041412354, loss=6.636168956756592
I0302 11:29:19.524876 139881799980800 logging_writer.py:48] [2800] global_step=2800, grad_norm=1.240666389465332, loss=5.73816442489624
I0302 11:29:51.991448 140077943854912 spec.py:321] Evaluating on the training split.
I0302 11:30:03.671089 140077943854912 spec.py:333] Evaluating on the validation split.
I0302 11:30:11.607554 140077943854912 spec.py:349] Evaluating on the test split.
I0302 11:30:13.204577 140077943854912 submission_runner.py:411] Time since start: 1406.01s, 	Step: 2877, 	{'train/accuracy': 0.14552734792232513, 'train/loss': 4.522874355316162, 'validation/accuracy': 0.13582000136375427, 'validation/loss': 4.604587554931641, 'validation/num_examples': 50000, 'test/accuracy': 0.10260000824928284, 'test/loss': 4.934473514556885, 'test/num_examples': 10000, 'score': 1302.5669553279877, 'total_duration': 1406.0095813274384, 'accumulated_submission_time': 1302.5669553279877, 'accumulated_eval_time': 103.20603942871094, 'accumulated_logging_time': 0.08366537094116211}
I0302 11:30:13.221734 139881808373504 logging_writer.py:48] [2877] accumulated_eval_time=103.206039, accumulated_logging_time=0.083665, accumulated_submission_time=1302.566955, global_step=2877, preemption_count=0, score=1302.566955, test/accuracy=0.102600, test/loss=4.934474, test/num_examples=10000, total_duration=1406.009581, train/accuracy=0.145527, train/loss=4.522874, validation/accuracy=0.135820, validation/loss=4.604588, validation/num_examples=50000
I0302 11:30:22.661267 139881799980800 logging_writer.py:48] [2900] global_step=2900, grad_norm=0.95279461145401, loss=5.250133514404297
I0302 11:31:01.879525 139881808373504 logging_writer.py:48] [3000] global_step=3000, grad_norm=0.8463239073753357, loss=6.247973442077637
I0302 11:31:45.329487 139881799980800 logging_writer.py:48] [3100] global_step=3100, grad_norm=0.9457314014434814, loss=5.073087215423584
I0302 11:32:28.876823 139881808373504 logging_writer.py:48] [3200] global_step=3200, grad_norm=0.8480852842330933, loss=5.5401201248168945
I0302 11:33:12.377273 139881799980800 logging_writer.py:48] [3300] global_step=3300, grad_norm=0.8887187838554382, loss=5.208356857299805
I0302 11:33:55.756158 139881808373504 logging_writer.py:48] [3400] global_step=3400, grad_norm=1.0653992891311646, loss=5.026525974273682
I0302 11:34:39.275704 139881799980800 logging_writer.py:48] [3500] global_step=3500, grad_norm=1.0249418020248413, loss=4.947761535644531
I0302 11:35:23.177621 139881808373504 logging_writer.py:48] [3600] global_step=3600, grad_norm=1.0827568769454956, loss=4.944247722625732
I0302 11:36:06.752605 139881799980800 logging_writer.py:48] [3700] global_step=3700, grad_norm=0.9319471716880798, loss=5.935201644897461
I0302 11:36:50.359035 139881808373504 logging_writer.py:48] [3800] global_step=3800, grad_norm=0.8555126786231995, loss=4.807696342468262
I0302 11:37:13.301633 140077943854912 spec.py:321] Evaluating on the training split.
I0302 11:37:24.691053 140077943854912 spec.py:333] Evaluating on the validation split.
I0302 11:37:32.654295 140077943854912 spec.py:349] Evaluating on the test split.
I0302 11:37:34.250610 140077943854912 submission_runner.py:411] Time since start: 1847.06s, 	Step: 3854, 	{'train/accuracy': 0.20396484434604645, 'train/loss': 4.073319435119629, 'validation/accuracy': 0.19059999287128448, 'validation/loss': 4.152755260467529, 'validation/num_examples': 50000, 'test/accuracy': 0.1454000025987625, 'test/loss': 4.553320407867432, 'test/num_examples': 10000, 'score': 1722.5828483104706, 'total_duration': 1847.0556282997131, 'accumulated_submission_time': 1722.5828483104706, 'accumulated_eval_time': 124.15501117706299, 'accumulated_logging_time': 0.11279463768005371}
I0302 11:37:34.271707 139881799980800 logging_writer.py:48] [3854] accumulated_eval_time=124.155011, accumulated_logging_time=0.112795, accumulated_submission_time=1722.582848, global_step=3854, preemption_count=0, score=1722.582848, test/accuracy=0.145400, test/loss=4.553320, test/num_examples=10000, total_duration=1847.055628, train/accuracy=0.203965, train/loss=4.073319, validation/accuracy=0.190600, validation/loss=4.152755, validation/num_examples=50000
I0302 11:37:52.643744 139881808373504 logging_writer.py:48] [3900] global_step=3900, grad_norm=0.9582156538963318, loss=6.358395099639893
I0302 11:38:33.975903 139881799980800 logging_writer.py:48] [4000] global_step=4000, grad_norm=1.0012062788009644, loss=4.769632816314697
I0302 11:39:17.445872 139881808373504 logging_writer.py:48] [4100] global_step=4100, grad_norm=0.9389456510543823, loss=5.2930474281311035
I0302 11:40:01.054179 139881799980800 logging_writer.py:48] [4200] global_step=4200, grad_norm=0.8639516234397888, loss=4.628836154937744
I0302 11:40:44.613618 139881808373504 logging_writer.py:48] [4300] global_step=4300, grad_norm=0.7900478839874268, loss=4.976015090942383
I0302 11:41:28.390358 139881799980800 logging_writer.py:48] [4400] global_step=4400, grad_norm=1.0757428407669067, loss=4.77199649810791
I0302 11:42:12.027873 139881808373504 logging_writer.py:48] [4500] global_step=4500, grad_norm=0.8694384098052979, loss=4.396705150604248
I0302 11:42:55.627687 139881799980800 logging_writer.py:48] [4600] global_step=4600, grad_norm=0.9397011399269104, loss=4.677924633026123
I0302 11:43:39.368771 139881808373504 logging_writer.py:48] [4700] global_step=4700, grad_norm=0.9644429683685303, loss=4.227364540100098
I0302 11:44:22.969107 139881799980800 logging_writer.py:48] [4800] global_step=4800, grad_norm=1.0367763042449951, loss=4.4985198974609375
I0302 11:44:34.581481 140077943854912 spec.py:321] Evaluating on the training split.
I0302 11:44:45.855330 140077943854912 spec.py:333] Evaluating on the validation split.
I0302 11:44:56.463039 140077943854912 spec.py:349] Evaluating on the test split.
I0302 11:44:58.058331 140077943854912 submission_runner.py:411] Time since start: 2290.86s, 	Step: 4828, 	{'train/accuracy': 0.2770312428474426, 'train/loss': 3.557164430618286, 'validation/accuracy': 0.2561799883842468, 'validation/loss': 3.682000160217285, 'validation/num_examples': 50000, 'test/accuracy': 0.195700004696846, 'test/loss': 4.1686320304870605, 'test/num_examples': 10000, 'score': 2142.8305237293243, 'total_duration': 2290.8633484840393, 'accumulated_submission_time': 2142.8305237293243, 'accumulated_eval_time': 147.63187551498413, 'accumulated_logging_time': 0.14507699012756348}
I0302 11:44:58.076526 139881808373504 logging_writer.py:48] [4828] accumulated_eval_time=147.631876, accumulated_logging_time=0.145077, accumulated_submission_time=2142.830524, global_step=4828, preemption_count=0, score=2142.830524, test/accuracy=0.195700, test/loss=4.168632, test/num_examples=10000, total_duration=2290.863348, train/accuracy=0.277031, train/loss=3.557164, validation/accuracy=0.256180, validation/loss=3.682000, validation/num_examples=50000
I0302 11:45:26.630771 139881799980800 logging_writer.py:48] [4900] global_step=4900, grad_norm=0.9923043251037598, loss=4.616571426391602
I0302 11:46:09.283195 139881808373504 logging_writer.py:48] [5000] global_step=5000, grad_norm=0.9261019825935364, loss=4.307960510253906
I0302 11:46:53.175594 139881799980800 logging_writer.py:48] [5100] global_step=5100, grad_norm=0.7638240456581116, loss=5.3816094398498535
I0302 11:47:37.378582 139881808373504 logging_writer.py:48] [5200] global_step=5200, grad_norm=0.9328124523162842, loss=6.257237434387207
I0302 11:48:21.642182 139881799980800 logging_writer.py:48] [5300] global_step=5300, grad_norm=0.9930007457733154, loss=4.288921356201172
I0302 11:49:05.751833 139881808373504 logging_writer.py:48] [5400] global_step=5400, grad_norm=1.194380283355713, loss=4.203563690185547
I0302 11:49:49.961966 139881799980800 logging_writer.py:48] [5500] global_step=5500, grad_norm=1.044954538345337, loss=5.251244068145752
I0302 11:50:33.896941 139881808373504 logging_writer.py:48] [5600] global_step=5600, grad_norm=0.9237646460533142, loss=4.275271892547607
I0302 11:51:17.604482 139881799980800 logging_writer.py:48] [5700] global_step=5700, grad_norm=0.6923040747642517, loss=4.884127616882324
I0302 11:51:58.344612 140077943854912 spec.py:321] Evaluating on the training split.
I0302 11:52:10.009368 140077943854912 spec.py:333] Evaluating on the validation split.
I0302 11:52:18.094080 140077943854912 spec.py:349] Evaluating on the test split.
I0302 11:52:19.693981 140077943854912 submission_runner.py:411] Time since start: 2732.50s, 	Step: 5795, 	{'train/accuracy': 0.3194335997104645, 'train/loss': 3.239790916442871, 'validation/accuracy': 0.29670000076293945, 'validation/loss': 3.379960775375366, 'validation/num_examples': 50000, 'test/accuracy': 0.22620001435279846, 'test/loss': 3.9077682495117188, 'test/num_examples': 10000, 'score': 2563.035956144333, 'total_duration': 2732.498987197876, 'accumulated_submission_time': 2563.035956144333, 'accumulated_eval_time': 168.98122477531433, 'accumulated_logging_time': 0.17536330223083496}
I0302 11:52:19.711507 139881808373504 logging_writer.py:48] [5795] accumulated_eval_time=168.981225, accumulated_logging_time=0.175363, accumulated_submission_time=2563.035956, global_step=5795, preemption_count=0, score=2563.035956, test/accuracy=0.226200, test/loss=3.907768, test/num_examples=10000, total_duration=2732.498987, train/accuracy=0.319434, train/loss=3.239791, validation/accuracy=0.296700, validation/loss=3.379961, validation/num_examples=50000
I0302 11:52:22.084883 139881799980800 logging_writer.py:48] [5800] global_step=5800, grad_norm=1.0191642045974731, loss=4.330087661743164
I0302 11:53:01.258176 139881808373504 logging_writer.py:48] [5900] global_step=5900, grad_norm=0.9018202424049377, loss=5.26844596862793
I0302 11:53:44.979869 139881799980800 logging_writer.py:48] [6000] global_step=6000, grad_norm=0.9379677176475525, loss=4.163127899169922
I0302 11:54:28.856296 139881808373504 logging_writer.py:48] [6100] global_step=6100, grad_norm=1.0444008111953735, loss=4.1584930419921875
I0302 11:55:12.714711 139881799980800 logging_writer.py:48] [6200] global_step=6200, grad_norm=1.04437255859375, loss=4.261236190795898
I0302 11:55:56.643723 139881808373504 logging_writer.py:48] [6300] global_step=6300, grad_norm=0.7663243412971497, loss=5.347912788391113
I0302 11:56:41.119406 139881799980800 logging_writer.py:48] [6400] global_step=6400, grad_norm=0.7600005269050598, loss=4.059296131134033
I0302 11:57:25.153369 139881808373504 logging_writer.py:48] [6500] global_step=6500, grad_norm=0.9524235129356384, loss=4.144711971282959
I0302 11:58:08.999677 139881799980800 logging_writer.py:48] [6600] global_step=6600, grad_norm=0.8747228980064392, loss=4.637163162231445
I0302 11:58:52.656081 139881808373504 logging_writer.py:48] [6700] global_step=6700, grad_norm=0.9504329562187195, loss=3.822974681854248
I0302 11:59:20.092834 140077943854912 spec.py:321] Evaluating on the training split.
I0302 11:59:31.663472 140077943854912 spec.py:333] Evaluating on the validation split.
I0302 11:59:42.575553 140077943854912 spec.py:349] Evaluating on the test split.
I0302 11:59:44.167524 140077943854912 submission_runner.py:411] Time since start: 3176.97s, 	Step: 6764, 	{'train/accuracy': 0.36865234375, 'train/loss': 2.9398577213287354, 'validation/accuracy': 0.3310999870300293, 'validation/loss': 3.1599504947662354, 'validation/num_examples': 50000, 'test/accuracy': 0.2533000111579895, 'test/loss': 3.719790458679199, 'test/num_examples': 10000, 'score': 2983.3539803028107, 'total_duration': 3176.9725415706635, 'accumulated_submission_time': 2983.3539803028107, 'accumulated_eval_time': 193.05592393875122, 'accumulated_logging_time': 0.20386409759521484}
I0302 11:59:44.187607 139881799980800 logging_writer.py:48] [6764] accumulated_eval_time=193.055924, accumulated_logging_time=0.203864, accumulated_submission_time=2983.353980, global_step=6764, preemption_count=0, score=2983.353980, test/accuracy=0.253300, test/loss=3.719790, test/num_examples=10000, total_duration=3176.972542, train/accuracy=0.368652, train/loss=2.939858, validation/accuracy=0.331100, validation/loss=3.159950, validation/num_examples=50000
I0302 11:59:58.676584 139881808373504 logging_writer.py:48] [6800] global_step=6800, grad_norm=0.7443250417709351, loss=4.504757404327393
I0302 12:00:39.322974 139881799980800 logging_writer.py:48] [6900] global_step=6900, grad_norm=0.586983323097229, loss=5.11203670501709
I0302 12:01:22.993656 139881808373504 logging_writer.py:48] [7000] global_step=7000, grad_norm=0.7723553776741028, loss=4.190255641937256
I0302 12:02:06.758179 139881799980800 logging_writer.py:48] [7100] global_step=7100, grad_norm=0.8284949660301208, loss=4.335855007171631
I0302 12:02:50.429820 139881808373504 logging_writer.py:48] [7200] global_step=7200, grad_norm=1.00620698928833, loss=3.8876090049743652
I0302 12:03:34.212929 139881799980800 logging_writer.py:48] [7300] global_step=7300, grad_norm=0.8878342509269714, loss=3.8646233081817627
I0302 12:04:17.940607 139881808373504 logging_writer.py:48] [7400] global_step=7400, grad_norm=0.7471179366111755, loss=5.048344135284424
I0302 12:05:02.237056 139881799980800 logging_writer.py:48] [7500] global_step=7500, grad_norm=0.6163855195045471, loss=5.810083389282227
I0302 12:05:46.516471 139881808373504 logging_writer.py:48] [7600] global_step=7600, grad_norm=0.7100529670715332, loss=5.651608467102051
I0302 12:06:31.106846 139881799980800 logging_writer.py:48] [7700] global_step=7700, grad_norm=0.7878962755203247, loss=4.126402378082275
I0302 12:06:44.444349 140077943854912 spec.py:321] Evaluating on the training split.
I0302 12:06:56.005969 140077943854912 spec.py:333] Evaluating on the validation split.
I0302 12:07:07.999336 140077943854912 spec.py:349] Evaluating on the test split.
I0302 12:07:09.602195 140077943854912 submission_runner.py:411] Time since start: 3622.41s, 	Step: 7732, 	{'train/accuracy': 0.3927929699420929, 'train/loss': 2.838428497314453, 'validation/accuracy': 0.36715999245643616, 'validation/loss': 2.9767770767211914, 'validation/num_examples': 50000, 'test/accuracy': 0.2832000255584717, 'test/loss': 3.5490877628326416, 'test/num_examples': 10000, 'score': 3403.5411076545715, 'total_duration': 3622.407206058502, 'accumulated_submission_time': 3403.5411076545715, 'accumulated_eval_time': 218.21373295783997, 'accumulated_logging_time': 0.2344825267791748}
I0302 12:07:09.627261 139881808373504 logging_writer.py:48] [7732] accumulated_eval_time=218.213733, accumulated_logging_time=0.234483, accumulated_submission_time=3403.541108, global_step=7732, preemption_count=0, score=3403.541108, test/accuracy=0.283200, test/loss=3.549088, test/num_examples=10000, total_duration=3622.407206, train/accuracy=0.392793, train/loss=2.838428, validation/accuracy=0.367160, validation/loss=2.976777, validation/num_examples=50000
I0302 12:07:36.636983 139881799980800 logging_writer.py:48] [7800] global_step=7800, grad_norm=1.1095774173736572, loss=3.7308614253997803
I0302 12:08:19.602797 139881808373504 logging_writer.py:48] [7900] global_step=7900, grad_norm=1.0062448978424072, loss=3.901954174041748
I0302 12:09:03.045262 139881799980800 logging_writer.py:48] [8000] global_step=8000, grad_norm=0.9581501483917236, loss=3.730879068374634
I0302 12:09:46.809654 139881808373504 logging_writer.py:48] [8100] global_step=8100, grad_norm=0.8742973208427429, loss=3.8154215812683105
I0302 12:10:30.942283 139881799980800 logging_writer.py:48] [8200] global_step=8200, grad_norm=0.9598880410194397, loss=3.9628937244415283
I0302 12:11:14.713978 139881808373504 logging_writer.py:48] [8300] global_step=8300, grad_norm=0.791166365146637, loss=5.518206596374512
I0302 12:11:58.350410 139881799980800 logging_writer.py:48] [8400] global_step=8400, grad_norm=0.6655240058898926, loss=5.491756439208984
I0302 12:12:41.941539 139881808373504 logging_writer.py:48] [8500] global_step=8500, grad_norm=1.0341631174087524, loss=3.7566354274749756
I0302 12:13:25.780578 139881799980800 logging_writer.py:48] [8600] global_step=8600, grad_norm=0.7519955635070801, loss=4.3676371574401855
I0302 12:14:10.029838 139881808373504 logging_writer.py:48] [8700] global_step=8700, grad_norm=0.8784920573234558, loss=3.823704719543457
I0302 12:14:10.043854 140077943854912 spec.py:321] Evaluating on the training split.
I0302 12:14:21.192303 140077943854912 spec.py:333] Evaluating on the validation split.
I0302 12:14:40.014867 140077943854912 spec.py:349] Evaluating on the test split.
I0302 12:14:41.611166 140077943854912 submission_runner.py:411] Time since start: 4074.42s, 	Step: 8701, 	{'train/accuracy': 0.41845703125, 'train/loss': 2.6635642051696777, 'validation/accuracy': 0.389739990234375, 'validation/loss': 2.8288674354553223, 'validation/num_examples': 50000, 'test/accuracy': 0.2953000068664551, 'test/loss': 3.4372708797454834, 'test/num_examples': 10000, 'score': 3823.8924305438995, 'total_duration': 4074.4161858558655, 'accumulated_submission_time': 3823.8924305438995, 'accumulated_eval_time': 249.78102779388428, 'accumulated_logging_time': 0.27385377883911133}
I0302 12:14:41.632901 139881799980800 logging_writer.py:48] [8701] accumulated_eval_time=249.781028, accumulated_logging_time=0.273854, accumulated_submission_time=3823.892431, global_step=8701, preemption_count=0, score=3823.892431, test/accuracy=0.295300, test/loss=3.437271, test/num_examples=10000, total_duration=4074.416186, train/accuracy=0.418457, train/loss=2.663564, validation/accuracy=0.389740, validation/loss=2.828867, validation/num_examples=50000
I0302 12:15:20.685652 139881808373504 logging_writer.py:48] [8800] global_step=8800, grad_norm=0.9707882404327393, loss=3.595324754714966
I0302 12:16:04.339591 139881799980800 logging_writer.py:48] [8900] global_step=8900, grad_norm=0.9243159294128418, loss=3.651632308959961
I0302 12:16:48.218896 139881808373504 logging_writer.py:48] [9000] global_step=9000, grad_norm=0.7215834856033325, loss=4.526928424835205
I0302 12:17:32.073950 139881799980800 logging_writer.py:48] [9100] global_step=9100, grad_norm=1.011812448501587, loss=3.6449975967407227
I0302 12:18:15.717559 139881808373504 logging_writer.py:48] [9200] global_step=9200, grad_norm=0.8774474263191223, loss=3.5675928592681885
I0302 12:18:59.340818 139881799980800 logging_writer.py:48] [9300] global_step=9300, grad_norm=1.014669418334961, loss=3.584151268005371
I0302 12:19:42.948192 139881808373504 logging_writer.py:48] [9400] global_step=9400, grad_norm=0.9132382869720459, loss=3.4917521476745605
I0302 12:20:26.656613 139881799980800 logging_writer.py:48] [9500] global_step=9500, grad_norm=0.874004602432251, loss=4.66243839263916
I0302 12:21:10.417326 139881808373504 logging_writer.py:48] [9600] global_step=9600, grad_norm=1.0102300643920898, loss=3.5532474517822266
I0302 12:21:41.958413 140077943854912 spec.py:321] Evaluating on the training split.
I0302 12:21:54.320762 140077943854912 spec.py:333] Evaluating on the validation split.
I0302 12:22:06.041859 140077943854912 spec.py:349] Evaluating on the test split.
I0302 12:22:07.637776 140077943854912 submission_runner.py:411] Time since start: 4520.44s, 	Step: 9674, 	{'train/accuracy': 0.4361914098262787, 'train/loss': 2.5769314765930176, 'validation/accuracy': 0.3981599807739258, 'validation/loss': 2.7709803581237793, 'validation/num_examples': 50000, 'test/accuracy': 0.3086000084877014, 'test/loss': 3.3669235706329346, 'test/num_examples': 10000, 'score': 4244.15566444397, 'total_duration': 4520.442771434784, 'accumulated_submission_time': 4244.15566444397, 'accumulated_eval_time': 275.4603519439697, 'accumulated_logging_time': 0.30634307861328125}
I0302 12:22:07.656474 139881799980800 logging_writer.py:48] [9674] accumulated_eval_time=275.460352, accumulated_logging_time=0.306343, accumulated_submission_time=4244.155664, global_step=9674, preemption_count=0, score=4244.155664, test/accuracy=0.308600, test/loss=3.366924, test/num_examples=10000, total_duration=4520.442771, train/accuracy=0.436191, train/loss=2.576931, validation/accuracy=0.398160, validation/loss=2.770980, validation/num_examples=50000
I0302 12:22:18.238082 139881808373504 logging_writer.py:48] [9700] global_step=9700, grad_norm=0.7716214656829834, loss=4.516751289367676
I0302 12:22:59.235798 139881799980800 logging_writer.py:48] [9800] global_step=9800, grad_norm=0.9520756602287292, loss=3.522636651992798
I0302 12:23:43.268203 139881808373504 logging_writer.py:48] [9900] global_step=9900, grad_norm=0.8269004225730896, loss=4.660452842712402
I0302 12:24:27.407082 139881799980800 logging_writer.py:48] [10000] global_step=10000, grad_norm=0.9076864719390869, loss=5.872895240783691
I0302 12:25:11.219470 139881808373504 logging_writer.py:48] [10100] global_step=10100, grad_norm=0.897309422492981, loss=3.383511543273926
I0302 12:25:54.982179 139881799980800 logging_writer.py:48] [10200] global_step=10200, grad_norm=1.0959779024124146, loss=3.6483776569366455
I0302 12:26:38.996326 139881808373504 logging_writer.py:48] [10300] global_step=10300, grad_norm=1.0119925737380981, loss=3.398452043533325
I0302 12:27:22.743522 139881799980800 logging_writer.py:48] [10400] global_step=10400, grad_norm=0.9915291666984558, loss=3.4958882331848145
I0302 12:28:06.533571 139881808373504 logging_writer.py:48] [10500] global_step=10500, grad_norm=1.0225600004196167, loss=3.4773097038269043
I0302 12:28:50.096423 139881799980800 logging_writer.py:48] [10600] global_step=10600, grad_norm=0.6210803985595703, loss=5.550067901611328
I0302 12:29:07.840254 140077943854912 spec.py:321] Evaluating on the training split.
I0302 12:29:19.533071 140077943854912 spec.py:333] Evaluating on the validation split.
I0302 12:29:31.675039 140077943854912 spec.py:349] Evaluating on the test split.
I0302 12:29:33.265631 140077943854912 submission_runner.py:411] Time since start: 4966.07s, 	Step: 10642, 	{'train/accuracy': 0.48628905415534973, 'train/loss': 2.3014988899230957, 'validation/accuracy': 0.42396000027656555, 'validation/loss': 2.618833065032959, 'validation/num_examples': 50000, 'test/accuracy': 0.32430002093315125, 'test/loss': 3.2398502826690674, 'test/num_examples': 10000, 'score': 4664.272991895676, 'total_duration': 4966.070648193359, 'accumulated_submission_time': 4664.272991895676, 'accumulated_eval_time': 300.88571643829346, 'accumulated_logging_time': 0.3400704860687256}
I0302 12:29:33.285852 139881808373504 logging_writer.py:48] [10642] accumulated_eval_time=300.885716, accumulated_logging_time=0.340070, accumulated_submission_time=4664.272992, global_step=10642, preemption_count=0, score=4664.272992, test/accuracy=0.324300, test/loss=3.239850, test/num_examples=10000, total_duration=4966.070648, train/accuracy=0.486289, train/loss=2.301499, validation/accuracy=0.423960, validation/loss=2.618833, validation/num_examples=50000
I0302 12:29:56.340769 139881799980800 logging_writer.py:48] [10700] global_step=10700, grad_norm=1.0093992948532104, loss=3.283087730407715
I0302 12:30:38.053475 139881808373504 logging_writer.py:48] [10800] global_step=10800, grad_norm=0.8284662365913391, loss=4.503332138061523
I0302 12:31:22.085954 139881799980800 logging_writer.py:48] [10900] global_step=10900, grad_norm=0.9389570951461792, loss=3.436358690261841
I0302 12:32:06.110338 139881808373504 logging_writer.py:48] [11000] global_step=11000, grad_norm=0.8738347291946411, loss=3.8205997943878174
I0302 12:32:50.039864 139881799980800 logging_writer.py:48] [11100] global_step=11100, grad_norm=0.7356635928153992, loss=5.783767223358154
I0302 12:33:34.039771 139881808373504 logging_writer.py:48] [11200] global_step=11200, grad_norm=1.0252619981765747, loss=3.450565814971924
I0302 12:34:18.187284 139881799980800 logging_writer.py:48] [11300] global_step=11300, grad_norm=0.866265058517456, loss=5.866367816925049
I0302 12:35:01.785342 139881808373504 logging_writer.py:48] [11400] global_step=11400, grad_norm=0.9530553221702576, loss=3.2824220657348633
I0302 12:35:45.747148 139881799980800 logging_writer.py:48] [11500] global_step=11500, grad_norm=1.0387228727340698, loss=3.495436668395996
I0302 12:36:30.027855 139881808373504 logging_writer.py:48] [11600] global_step=11600, grad_norm=1.1165999174118042, loss=3.3433518409729004
I0302 12:36:33.690828 140077943854912 spec.py:321] Evaluating on the training split.
I0302 12:36:48.210999 140077943854912 spec.py:333] Evaluating on the validation split.
I0302 12:37:04.056705 140077943854912 spec.py:349] Evaluating on the test split.
I0302 12:37:05.646125 140077943854912 submission_runner.py:411] Time since start: 5418.45s, 	Step: 11610, 	{'train/accuracy': 0.4810546636581421, 'train/loss': 2.291144609451294, 'validation/accuracy': 0.44711998105049133, 'validation/loss': 2.464445114135742, 'validation/num_examples': 50000, 'test/accuracy': 0.34360000491142273, 'test/loss': 3.1111037731170654, 'test/num_examples': 10000, 'score': 5084.614083766937, 'total_duration': 5418.4511461257935, 'accumulated_submission_time': 5084.614083766937, 'accumulated_eval_time': 332.84100675582886, 'accumulated_logging_time': 0.37198662757873535}
I0302 12:37:05.668004 139881799980800 logging_writer.py:48] [11610] accumulated_eval_time=332.841007, accumulated_logging_time=0.371987, accumulated_submission_time=5084.614084, global_step=11610, preemption_count=0, score=5084.614084, test/accuracy=0.343600, test/loss=3.111104, test/num_examples=10000, total_duration=5418.451146, train/accuracy=0.481055, train/loss=2.291145, validation/accuracy=0.447120, validation/loss=2.464445, validation/num_examples=50000
I0302 12:37:41.252001 139881808373504 logging_writer.py:48] [11700] global_step=11700, grad_norm=0.8297189474105835, loss=5.738658905029297
I0302 12:38:24.931315 139881799980800 logging_writer.py:48] [11800] global_step=11800, grad_norm=0.7612291574478149, loss=5.15833044052124
I0302 12:39:08.629679 139881808373504 logging_writer.py:48] [11900] global_step=11900, grad_norm=0.9468448758125305, loss=3.4924845695495605
I0302 12:39:52.299508 139881799980800 logging_writer.py:48] [12000] global_step=12000, grad_norm=0.7489407062530518, loss=4.44076681137085
I0302 12:40:36.086599 139881808373504 logging_writer.py:48] [12100] global_step=12100, grad_norm=1.1963344812393188, loss=3.2238073348999023
I0302 12:41:19.875302 139881799980800 logging_writer.py:48] [12200] global_step=12200, grad_norm=1.077642798423767, loss=3.3473830223083496
I0302 12:42:03.616249 139881808373504 logging_writer.py:48] [12300] global_step=12300, grad_norm=1.004992961883545, loss=3.305720567703247
I0302 12:42:47.322492 139881799980800 logging_writer.py:48] [12400] global_step=12400, grad_norm=1.046233057975769, loss=3.3001608848571777
I0302 12:43:31.629625 139881808373504 logging_writer.py:48] [12500] global_step=12500, grad_norm=0.9752635359764099, loss=3.2339987754821777
I0302 12:44:05.904497 140077943854912 spec.py:321] Evaluating on the training split.
I0302 12:44:19.857091 140077943854912 spec.py:333] Evaluating on the validation split.
I0302 12:44:35.638093 140077943854912 spec.py:349] Evaluating on the test split.
I0302 12:44:37.227199 140077943854912 submission_runner.py:411] Time since start: 5870.03s, 	Step: 12579, 	{'train/accuracy': 0.4947851598262787, 'train/loss': 2.2269725799560547, 'validation/accuracy': 0.4521400034427643, 'validation/loss': 2.4417009353637695, 'validation/num_examples': 50000, 'test/accuracy': 0.35180002450942993, 'test/loss': 3.076727867126465, 'test/num_examples': 10000, 'score': 5504.788379192352, 'total_duration': 5870.032203912735, 'accumulated_submission_time': 5504.788379192352, 'accumulated_eval_time': 364.16368222236633, 'accumulated_logging_time': 0.4047729969024658}
I0302 12:44:37.247732 139881799980800 logging_writer.py:48] [12579] accumulated_eval_time=364.163682, accumulated_logging_time=0.404773, accumulated_submission_time=5504.788379, global_step=12579, preemption_count=0, score=5504.788379, test/accuracy=0.351800, test/loss=3.076728, test/num_examples=10000, total_duration=5870.032204, train/accuracy=0.494785, train/loss=2.226973, validation/accuracy=0.452140, validation/loss=2.441701, validation/num_examples=50000
I0302 12:44:45.875364 139881808373504 logging_writer.py:48] [12600] global_step=12600, grad_norm=0.8820996880531311, loss=3.597928524017334
I0302 12:45:26.173225 139881799980800 logging_writer.py:48] [12700] global_step=12700, grad_norm=1.1068295240402222, loss=3.274060010910034
I0302 12:46:10.067727 139881808373504 logging_writer.py:48] [12800] global_step=12800, grad_norm=1.0332697629928589, loss=3.2663559913635254
I0302 12:46:53.747602 139881799980800 logging_writer.py:48] [12900] global_step=12900, grad_norm=1.0970555543899536, loss=3.238621234893799
I0302 12:47:37.626449 139881808373504 logging_writer.py:48] [13000] global_step=13000, grad_norm=0.8347223997116089, loss=3.9472975730895996
I0302 12:48:21.214496 139881799980800 logging_writer.py:48] [13100] global_step=13100, grad_norm=0.9141038060188293, loss=3.3863613605499268
I0302 12:49:04.968264 139881808373504 logging_writer.py:48] [13200] global_step=13200, grad_norm=1.118141770362854, loss=3.0698602199554443
I0302 12:49:48.534123 139881799980800 logging_writer.py:48] [13300] global_step=13300, grad_norm=0.8059200644493103, loss=4.562008380889893
I0302 12:50:32.420993 139881808373504 logging_writer.py:48] [13400] global_step=13400, grad_norm=1.0113977193832397, loss=5.656165599822998
I0302 12:51:16.902412 139881799980800 logging_writer.py:48] [13500] global_step=13500, grad_norm=0.9972508549690247, loss=3.2505741119384766
I0302 12:51:37.478743 140077943854912 spec.py:321] Evaluating on the training split.
I0302 12:51:49.176586 140077943854912 spec.py:333] Evaluating on the validation split.
I0302 12:52:01.972460 140077943854912 spec.py:349] Evaluating on the test split.
I0302 12:52:03.568317 140077943854912 submission_runner.py:411] Time since start: 6316.37s, 	Step: 13548, 	{'train/accuracy': 0.5150390267372131, 'train/loss': 2.110365390777588, 'validation/accuracy': 0.4720799922943115, 'validation/loss': 2.342987060546875, 'validation/num_examples': 50000, 'test/accuracy': 0.36510002613067627, 'test/loss': 2.996798276901245, 'test/num_examples': 10000, 'score': 5924.957451581955, 'total_duration': 6316.37331199646, 'accumulated_submission_time': 5924.957451581955, 'accumulated_eval_time': 390.2532448768616, 'accumulated_logging_time': 0.436398983001709}
I0302 12:52:03.595276 139881808373504 logging_writer.py:48] [13548] accumulated_eval_time=390.253245, accumulated_logging_time=0.436399, accumulated_submission_time=5924.957452, global_step=13548, preemption_count=0, score=5924.957452, test/accuracy=0.365100, test/loss=2.996798, test/num_examples=10000, total_duration=6316.373312, train/accuracy=0.515039, train/loss=2.110365, validation/accuracy=0.472080, validation/loss=2.342987, validation/num_examples=50000
I0302 12:52:24.322847 139881799980800 logging_writer.py:48] [13600] global_step=13600, grad_norm=1.0684938430786133, loss=3.3998875617980957
I0302 12:53:05.912427 139881808373504 logging_writer.py:48] [13700] global_step=13700, grad_norm=0.7218159437179565, loss=5.543083667755127
I0302 12:53:50.194610 139881799980800 logging_writer.py:48] [13800] global_step=13800, grad_norm=1.0860894918441772, loss=3.121978759765625
I0302 12:54:34.070868 139881808373504 logging_writer.py:48] [13900] global_step=13900, grad_norm=1.045490026473999, loss=3.2549567222595215
I0302 12:55:18.102763 139881799980800 logging_writer.py:48] [14000] global_step=14000, grad_norm=1.0087850093841553, loss=3.813354969024658
I0302 12:56:01.549908 139881808373504 logging_writer.py:48] [14100] global_step=14100, grad_norm=1.0812408924102783, loss=3.0994176864624023
I0302 12:56:45.759006 139881799980800 logging_writer.py:48] [14200] global_step=14200, grad_norm=1.220645785331726, loss=5.571437358856201
I0302 12:57:29.892821 139881808373504 logging_writer.py:48] [14300] global_step=14300, grad_norm=0.8833194971084595, loss=4.8650054931640625
I0302 12:58:13.939377 139881799980800 logging_writer.py:48] [14400] global_step=14400, grad_norm=1.0421488285064697, loss=3.1845483779907227
I0302 12:58:57.963693 139881808373504 logging_writer.py:48] [14500] global_step=14500, grad_norm=1.0951987504959106, loss=3.1160333156585693
I0302 12:59:03.791350 140077943854912 spec.py:321] Evaluating on the training split.
I0302 12:59:16.381852 140077943854912 spec.py:333] Evaluating on the validation split.
I0302 12:59:31.574552 140077943854912 spec.py:349] Evaluating on the test split.
I0302 12:59:33.160198 140077943854912 submission_runner.py:411] Time since start: 6765.97s, 	Step: 14515, 	{'train/accuracy': 0.5230273604393005, 'train/loss': 2.1068804264068604, 'validation/accuracy': 0.48033997416496277, 'validation/loss': 2.3169755935668945, 'validation/num_examples': 50000, 'test/accuracy': 0.37290000915527344, 'test/loss': 2.967996597290039, 'test/num_examples': 10000, 'score': 6345.0926015377045, 'total_duration': 6765.965216636658, 'accumulated_submission_time': 6345.0926015377045, 'accumulated_eval_time': 419.6220715045929, 'accumulated_logging_time': 0.47377943992614746}
I0302 12:59:33.180500 139881799980800 logging_writer.py:48] [14515] accumulated_eval_time=419.622072, accumulated_logging_time=0.473779, accumulated_submission_time=6345.092602, global_step=14515, preemption_count=0, score=6345.092602, test/accuracy=0.372900, test/loss=2.967997, test/num_examples=10000, total_duration=6765.965217, train/accuracy=0.523027, train/loss=2.106880, validation/accuracy=0.480340, validation/loss=2.316976, validation/num_examples=50000
I0302 13:00:06.800075 139881808373504 logging_writer.py:48] [14600] global_step=14600, grad_norm=1.006714105606079, loss=3.033978223800659
I0302 13:00:49.797320 139881799980800 logging_writer.py:48] [14700] global_step=14700, grad_norm=1.104188323020935, loss=3.130056142807007
I0302 13:01:34.168946 139881808373504 logging_writer.py:48] [14800] global_step=14800, grad_norm=0.878066897392273, loss=5.398700714111328
I0302 13:02:18.208394 139881799980800 logging_writer.py:48] [14900] global_step=14900, grad_norm=1.1191933155059814, loss=2.9411492347717285
I0302 13:03:02.838607 139881808373504 logging_writer.py:48] [15000] global_step=15000, grad_norm=1.1875334978103638, loss=3.1839146614074707
I0302 13:03:47.008855 139881799980800 logging_writer.py:48] [15100] global_step=15100, grad_norm=1.1201611757278442, loss=3.0714337825775146
I0302 13:04:30.807656 139881808373504 logging_writer.py:48] [15200] global_step=15200, grad_norm=1.1124109029769897, loss=3.156027317047119
I0302 13:05:14.744433 139881799980800 logging_writer.py:48] [15300] global_step=15300, grad_norm=0.9566743969917297, loss=5.591734886169434
I0302 13:05:58.580620 139881808373504 logging_writer.py:48] [15400] global_step=15400, grad_norm=1.0517960786819458, loss=3.015291690826416
I0302 13:06:33.286129 140077943854912 spec.py:321] Evaluating on the training split.
I0302 13:06:46.470522 140077943854912 spec.py:333] Evaluating on the validation split.
I0302 13:07:03.171458 140077943854912 spec.py:349] Evaluating on the test split.
I0302 13:07:04.761570 140077943854912 submission_runner.py:411] Time since start: 7217.57s, 	Step: 15480, 	{'train/accuracy': 0.5296484231948853, 'train/loss': 2.038872718811035, 'validation/accuracy': 0.4894999861717224, 'validation/loss': 2.242551803588867, 'validation/num_examples': 50000, 'test/accuracy': 0.38040003180503845, 'test/loss': 2.88616681098938, 'test/num_examples': 10000, 'score': 6765.137340545654, 'total_duration': 7217.566586494446, 'accumulated_submission_time': 6765.137340545654, 'accumulated_eval_time': 451.09750509262085, 'accumulated_logging_time': 0.50453782081604}
I0302 13:07:04.782319 139881799980800 logging_writer.py:48] [15480] accumulated_eval_time=451.097505, accumulated_logging_time=0.504538, accumulated_submission_time=6765.137341, global_step=15480, preemption_count=0, score=6765.137341, test/accuracy=0.380400, test/loss=2.886167, test/num_examples=10000, total_duration=7217.566586, train/accuracy=0.529648, train/loss=2.038873, validation/accuracy=0.489500, validation/loss=2.242552, validation/num_examples=50000
I0302 13:07:12.975761 139881808373504 logging_writer.py:48] [15500] global_step=15500, grad_norm=1.375148057937622, loss=3.025235176086426
I0302 13:07:52.055821 139881799980800 logging_writer.py:48] [15600] global_step=15600, grad_norm=1.048933506011963, loss=3.0601048469543457
I0302 13:08:36.161866 139881808373504 logging_writer.py:48] [15700] global_step=15700, grad_norm=0.8925650119781494, loss=4.8411078453063965
I0302 13:09:20.205418 139881799980800 logging_writer.py:48] [15800] global_step=15800, grad_norm=1.0392240285873413, loss=3.072878360748291
I0302 13:10:04.170000 139881808373504 logging_writer.py:48] [15900] global_step=15900, grad_norm=0.8162553906440735, loss=4.502152919769287
I0302 13:10:48.263616 139881799980800 logging_writer.py:48] [16000] global_step=16000, grad_norm=1.0141537189483643, loss=5.383189678192139
