I0214 21:32:33.113129 140599226058560 logger_utils.py:92] Saving hparams to /experiment_runs/prize_qualification/study_4/librispeech_conformer_jax/trial_2/hparams.json.
I0214 21:32:33.115237 140599226058560 submission_runner.py:206] Initializing dataset.
I0214 21:32:33.115374 140599226058560 submission_runner.py:213] Initializing model.
I0214 21:32:36.718557 140599226058560 submission_runner.py:255] Initializing optimizer.
I0214 21:32:37.146886 140599226058560 submission_runner.py:262] Initializing metrics bundle.
I0214 21:32:37.147091 140599226058560 submission_runner.py:280] Initializing checkpoint and logger.
I0214 21:32:37.244484 140599226058560 checkpoints.py:915] Found no checkpoint files in /experiment_runs/prize_qualification/study_4/librispeech_conformer_jax/trial_2 with prefix checkpoint_
I0214 21:32:37.244622 140599226058560 submission_runner.py:300] Saving meta data to /experiment_runs/prize_qualification/study_4/librispeech_conformer_jax/trial_2/meta_data_0.json.
I0214 21:32:37.244895 140599226058560 logger_utils.py:257] Unable to record workload.train_mean information. Continuing without it.
I0214 21:32:37.244974 140599226058560 logger_utils.py:257] Unable to record workload.train_stddev information. Continuing without it.
fatal: detected dubious ownership in repository at '/algorithmic-efficiency'
To add an exception for this directory, call:

	git config --global --add safe.directory /algorithmic-efficiency
I0214 21:32:38.048849 140599226058560 logger_utils.py:220] Unable to record git information. Continuing without it.
I0214 21:32:38.775749 140599226058560 submission_runner.py:304] Saving flags to /experiment_runs/prize_qualification/study_4/librispeech_conformer_jax/trial_2/flags_0.json.
I0214 21:32:38.899667 140599226058560 submission_runner.py:314] Starting training loop.
I0214 21:32:38.902920 140599226058560 input_pipeline.py:20] Loading split = train-clean-100
I0214 21:32:39.275071 140599226058560 input_pipeline.py:20] Loading split = train-clean-360
I0214 21:32:39.412666 140599226058560 input_pipeline.py:20] Loading split = train-other-500
/usr/local/lib/python3.8/dist-packages/jax/_src/interpreters/mlir.py:582: UserWarning: Some donated buffers were not usable: ShapedArray(float32[512]), ShapedArray(float32[512]), ShapedArray(float32[512]), ShapedArray(float32[512]), ShapedArray(float32[512]), ShapedArray(float32[512]), ShapedArray(float32[512]), ShapedArray(float32[512]).
See an explanation at https://jax.readthedocs.io/en/latest/faq.html#buffer-donation.
  warnings.warn(f"Some donated buffers were not usable: {', '.join(unused_donations)}.\n{msg}")
I0214 21:33:14.829020 140427187111680 logging_writer.py:48] [0] global_step=0, grad_norm=40.786842346191406, loss=32.30488586425781
I0214 21:33:14.844838 140599226058560 spec.py:321] Evaluating on the training split.
I0214 21:34:13.122493 140599226058560 spec.py:333] Evaluating on the validation split.
I0214 21:35:03.992721 140599226058560 spec.py:349] Evaluating on the test split.
I0214 21:35:30.487627 140599226058560 submission_runner.py:408] Time since start: 171.59s, 	Step: 1, 	{'train/ctc_loss': Array(32.57337, dtype=float32), 'train/wer': 1.3618151438861104, 'validation/ctc_loss': Array(31.08705, dtype=float32), 'validation/wer': 1.0585651254622166, 'validation/num_examples': 5348, 'test/ctc_loss': Array(31.23744, dtype=float32), 'test/wer': 1.10235004976337, 'test/num_examples': 2472, 'score': 35.945107221603394, 'total_duration': 171.58516669273376, 'accumulated_submission_time': 35.945107221603394, 'accumulated_eval_time': 135.64001059532166, 'accumulated_logging_time': 0}
I0214 21:35:30.505625 140532797925120 logging_writer.py:48] [1] accumulated_eval_time=135.640011, accumulated_logging_time=0, accumulated_submission_time=35.945107, global_step=1, preemption_count=0, score=35.945107, test/ctc_loss=31.23744010925293, test/num_examples=2472, test/wer=1.102350, total_duration=171.585167, train/ctc_loss=32.57337188720703, train/wer=1.361815, validation/ctc_loss=31.08704948425293, validation/num_examples=5348, validation/wer=1.058565
I0214 21:37:12.342727 140428045584128 logging_writer.py:48] [100] global_step=100, grad_norm=4.311082363128662, loss=10.498649597167969
I0214 21:38:28.381114 140428053976832 logging_writer.py:48] [200] global_step=200, grad_norm=0.9840106964111328, loss=6.046526908874512
I0214 21:39:44.415679 140428045584128 logging_writer.py:48] [300] global_step=300, grad_norm=0.7924591898918152, loss=5.859475612640381
I0214 21:41:00.515576 140428053976832 logging_writer.py:48] [400] global_step=400, grad_norm=0.612436056137085, loss=5.8249335289001465
I0214 21:42:16.688241 140428045584128 logging_writer.py:48] [500] global_step=500, grad_norm=2.1186506748199463, loss=5.809329986572266
I0214 21:43:35.675125 140428053976832 logging_writer.py:48] [600] global_step=600, grad_norm=0.5174270272254944, loss=5.825859069824219
I0214 21:45:01.039108 140428045584128 logging_writer.py:48] [700] global_step=700, grad_norm=2.842317581176758, loss=5.800404071807861
I0214 21:46:26.864618 140428053976832 logging_writer.py:48] [800] global_step=800, grad_norm=0.778113842010498, loss=5.803668975830078
I0214 21:47:53.156133 140428045584128 logging_writer.py:48] [900] global_step=900, grad_norm=2.1722612380981445, loss=5.812424182891846
I0214 21:49:18.023111 140428053976832 logging_writer.py:48] [1000] global_step=1000, grad_norm=0.42358577251434326, loss=5.80610466003418
I0214 21:50:40.445034 140532797925120 logging_writer.py:48] [1100] global_step=1100, grad_norm=0.5556226968765259, loss=5.764389991760254
I0214 21:51:56.402055 140532789532416 logging_writer.py:48] [1200] global_step=1200, grad_norm=0.3796497881412506, loss=5.811295032501221
I0214 21:53:12.336737 140532797925120 logging_writer.py:48] [1300] global_step=1300, grad_norm=0.7388076186180115, loss=5.79283332824707
I0214 21:54:28.086912 140532789532416 logging_writer.py:48] [1400] global_step=1400, grad_norm=0.6025985479354858, loss=5.6580491065979
I0214 21:55:48.749066 140532797925120 logging_writer.py:48] [1500] global_step=1500, grad_norm=0.41349247097969055, loss=5.529139995574951
I0214 21:57:14.428236 140532789532416 logging_writer.py:48] [1600] global_step=1600, grad_norm=0.7574542164802551, loss=5.530147075653076
I0214 21:58:40.401176 140532797925120 logging_writer.py:48] [1700] global_step=1700, grad_norm=0.5048182010650635, loss=5.5258097648620605
I0214 21:59:31.014850 140599226058560 spec.py:321] Evaluating on the training split.
I0214 22:00:09.852234 140599226058560 spec.py:333] Evaluating on the validation split.
I0214 22:00:56.542674 140599226058560 spec.py:349] Evaluating on the test split.
I0214 22:01:20.387482 140599226058560 submission_runner.py:408] Time since start: 1721.48s, 	Step: 1760, 	{'train/ctc_loss': Array(7.147141, dtype=float32), 'train/wer': 0.938839590443686, 'validation/ctc_loss': Array(7.041991, dtype=float32), 'validation/wer': 0.8966179750330672, 'validation/num_examples': 5348, 'test/ctc_loss': Array(7.0403576, dtype=float32), 'test/wer': 0.899579550301627, 'test/num_examples': 2472, 'score': 1476.374610900879, 'total_duration': 1721.4816236495972, 'accumulated_submission_time': 1476.374610900879, 'accumulated_eval_time': 245.00649857521057, 'accumulated_logging_time': 0.028804540634155273}
I0214 22:01:20.425337 140532797925120 logging_writer.py:48] [1760] accumulated_eval_time=245.006499, accumulated_logging_time=0.028805, accumulated_submission_time=1476.374611, global_step=1760, preemption_count=0, score=1476.374611, test/ctc_loss=7.04035758972168, test/num_examples=2472, test/wer=0.899580, total_duration=1721.481624, train/ctc_loss=7.147140979766846, train/wer=0.938840, validation/ctc_loss=7.041991233825684, validation/num_examples=5348, validation/wer=0.896618
I0214 22:01:51.465560 140532789532416 logging_writer.py:48] [1800] global_step=1800, grad_norm=1.8511450290679932, loss=5.521854400634766
I0214 22:03:06.589967 140532797925120 logging_writer.py:48] [1900] global_step=1900, grad_norm=0.21175344288349152, loss=5.7959489822387695
I0214 22:04:21.652392 140532789532416 logging_writer.py:48] [2000] global_step=2000, grad_norm=0.2483954280614853, loss=5.792898178100586
I0214 22:05:40.595800 140532797925120 logging_writer.py:48] [2100] global_step=2100, grad_norm=0.2769366204738617, loss=5.773965835571289
I0214 22:06:55.607791 140532789532416 logging_writer.py:48] [2200] global_step=2200, grad_norm=0.2351676970720291, loss=5.783642768859863
I0214 22:08:10.709100 140532797925120 logging_writer.py:48] [2300] global_step=2300, grad_norm=0.4074525833129883, loss=5.792595386505127
I0214 22:09:25.885781 140532789532416 logging_writer.py:48] [2400] global_step=2400, grad_norm=0.3246469497680664, loss=5.780691146850586
I0214 22:10:43.883156 140532797925120 logging_writer.py:48] [2500] global_step=2500, grad_norm=0.29806461930274963, loss=5.793095588684082
I0214 22:12:08.106020 140532789532416 logging_writer.py:48] [2600] global_step=2600, grad_norm=0.4039900004863739, loss=5.7848992347717285
I0214 22:13:33.377378 140532797925120 logging_writer.py:48] [2700] global_step=2700, grad_norm=0.6775420904159546, loss=5.7771172523498535
I0214 22:14:58.118033 140532789532416 logging_writer.py:48] [2800] global_step=2800, grad_norm=0.28869345784187317, loss=5.811248302459717
I0214 22:16:22.706156 140532797925120 logging_writer.py:48] [2900] global_step=2900, grad_norm=0.703963041305542, loss=5.786163330078125
I0214 22:17:47.113680 140532789532416 logging_writer.py:48] [3000] global_step=3000, grad_norm=0.908367931842804, loss=5.807667255401611
I0214 22:19:14.790528 140532797925120 logging_writer.py:48] [3100] global_step=3100, grad_norm=0.9250736832618713, loss=5.774843692779541
I0214 22:20:29.868263 140532789532416 logging_writer.py:48] [3200] global_step=3200, grad_norm=0.645941972732544, loss=5.7670745849609375
I0214 22:21:45.092896 140532797925120 logging_writer.py:48] [3300] global_step=3300, grad_norm=0.5272079706192017, loss=5.797604084014893
I0214 22:23:00.416953 140532789532416 logging_writer.py:48] [3400] global_step=3400, grad_norm=0.4906644821166992, loss=5.60251522064209
I0214 22:24:15.786092 140532797925120 logging_writer.py:48] [3500] global_step=3500, grad_norm=4.9987263679504395, loss=5.812966823577881
I0214 22:25:20.708746 140599226058560 spec.py:321] Evaluating on the training split.
I0214 22:25:59.577081 140599226058560 spec.py:333] Evaluating on the validation split.
I0214 22:26:45.432022 140599226058560 spec.py:349] Evaluating on the test split.
I0214 22:27:09.100232 140599226058560 submission_runner.py:408] Time since start: 3270.19s, 	Step: 3580, 	{'train/ctc_loss': Array(5.8638206, dtype=float32), 'train/wer': 0.9417131519458765, 'validation/ctc_loss': Array(5.820514, dtype=float32), 'validation/wer': 0.8966179750330672, 'validation/num_examples': 5348, 'test/ctc_loss': Array(5.784349, dtype=float32), 'test/wer': 0.899579550301627, 'test/num_examples': 2472, 'score': 2916.5684781074524, 'total_duration': 3270.1946194171906, 'accumulated_submission_time': 2916.5684781074524, 'accumulated_eval_time': 353.3921241760254, 'accumulated_logging_time': 0.08565068244934082}
I0214 22:27:09.136700 140532797925120 logging_writer.py:48] [3580] accumulated_eval_time=353.392124, accumulated_logging_time=0.085651, accumulated_submission_time=2916.568478, global_step=3580, preemption_count=0, score=2916.568478, test/ctc_loss=5.784348964691162, test/num_examples=2472, test/wer=0.899580, total_duration=3270.194619, train/ctc_loss=5.863820552825928, train/wer=0.941713, validation/ctc_loss=5.82051420211792, validation/num_examples=5348, validation/wer=0.896618
I0214 22:27:24.923090 140532789532416 logging_writer.py:48] [3600] global_step=3600, grad_norm=1.294102668762207, loss=5.5767083168029785
I0214 22:28:39.971180 140532797925120 logging_writer.py:48] [3700] global_step=3700, grad_norm=1.1472688913345337, loss=5.5120391845703125
I0214 22:29:55.296066 140532789532416 logging_writer.py:48] [3800] global_step=3800, grad_norm=0.5707582235336304, loss=5.534480094909668
I0214 22:31:11.292129 140532797925120 logging_writer.py:48] [3900] global_step=3900, grad_norm=0.7536299824714661, loss=5.525723934173584
I0214 22:32:35.384387 140532789532416 logging_writer.py:48] [4000] global_step=4000, grad_norm=1.5002001523971558, loss=5.538712024688721
I0214 22:34:00.421354 140532797925120 logging_writer.py:48] [4100] global_step=4100, grad_norm=0.4564697742462158, loss=5.509579181671143
I0214 22:35:21.152310 140532797925120 logging_writer.py:48] [4200] global_step=4200, grad_norm=0.49383699893951416, loss=5.516818523406982
I0214 22:36:36.445995 140532789532416 logging_writer.py:48] [4300] global_step=4300, grad_norm=1.3551064729690552, loss=5.526008129119873
I0214 22:37:51.705353 140532797925120 logging_writer.py:48] [4400] global_step=4400, grad_norm=0.483561635017395, loss=5.519063472747803
I0214 22:39:07.088329 140532789532416 logging_writer.py:48] [4500] global_step=4500, grad_norm=0.37526798248291016, loss=5.523414134979248
I0214 22:40:29.521530 140532797925120 logging_writer.py:48] [4600] global_step=4600, grad_norm=0.34308674931526184, loss=5.526596546173096
I0214 22:41:53.917285 140532789532416 logging_writer.py:48] [4700] global_step=4700, grad_norm=0.7196221351623535, loss=5.5180230140686035
I0214 22:43:18.853465 140532797925120 logging_writer.py:48] [4800] global_step=4800, grad_norm=0.7655572295188904, loss=5.523727893829346
I0214 22:44:44.407801 140532789532416 logging_writer.py:48] [4900] global_step=4900, grad_norm=0.6393851637840271, loss=5.494861602783203
I0214 22:46:10.937177 140532797925120 logging_writer.py:48] [5000] global_step=5000, grad_norm=0.8109748959541321, loss=5.5008368492126465
I0214 22:47:36.388245 140532789532416 logging_writer.py:48] [5100] global_step=5100, grad_norm=1.4886025190353394, loss=5.510054588317871
I0214 22:48:59.577326 140532797925120 logging_writer.py:48] [5200] global_step=5200, grad_norm=9.531803131103516, loss=5.538419723510742
I0214 22:50:14.782385 140532789532416 logging_writer.py:48] [5300] global_step=5300, grad_norm=0.30111703276634216, loss=5.51389741897583
I0214 22:51:09.215449 140599226058560 spec.py:321] Evaluating on the training split.
I0214 22:51:48.324442 140599226058560 spec.py:333] Evaluating on the validation split.
I0214 22:52:35.177619 140599226058560 spec.py:349] Evaluating on the test split.
I0214 22:52:58.848170 140599226058560 submission_runner.py:408] Time since start: 4819.94s, 	Step: 5374, 	{'train/ctc_loss': Array(5.8075776, dtype=float32), 'train/wer': 0.940334510929565, 'validation/ctc_loss': Array(5.716846, dtype=float32), 'validation/wer': 0.8965503924616469, 'validation/num_examples': 5348, 'test/ctc_loss': Array(5.7255216, dtype=float32), 'test/wer': 0.8994983039831007, 'test/num_examples': 2472, 'score': 4356.562227487564, 'total_duration': 4819.940863370895, 'accumulated_submission_time': 4356.562227487564, 'accumulated_eval_time': 463.0172669887543, 'accumulated_logging_time': 0.13686490058898926}
I0214 22:52:58.880611 140532797925120 logging_writer.py:48] [5374] accumulated_eval_time=463.017267, accumulated_logging_time=0.136865, accumulated_submission_time=4356.562227, global_step=5374, preemption_count=0, score=4356.562227, test/ctc_loss=5.725521564483643, test/num_examples=2472, test/wer=0.899498, total_duration=4819.940863, train/ctc_loss=5.807577610015869, train/wer=0.940335, validation/ctc_loss=5.716845989227295, validation/num_examples=5348, validation/wer=0.896550
I0214 22:53:19.114226 140532789532416 logging_writer.py:48] [5400] global_step=5400, grad_norm=0.8504049181938171, loss=5.501849174499512
I0214 22:54:34.094810 140532797925120 logging_writer.py:48] [5500] global_step=5500, grad_norm=0.5702204704284668, loss=5.496132850646973
I0214 22:55:49.189144 140532789532416 logging_writer.py:48] [5600] global_step=5600, grad_norm=0.840825080871582, loss=5.498365879058838
I0214 22:57:04.295479 140532797925120 logging_writer.py:48] [5700] global_step=5700, grad_norm=0.9273332357406616, loss=5.496942520141602
I0214 22:58:24.643769 140532789532416 logging_writer.py:48] [5800] global_step=5800, grad_norm=1.4970316886901855, loss=5.564277648925781
I0214 22:59:49.092916 140532797925120 logging_writer.py:48] [5900] global_step=5900, grad_norm=0.38682734966278076, loss=5.48266077041626
I0214 23:01:13.925720 140532789532416 logging_writer.py:48] [6000] global_step=6000, grad_norm=0.9348911046981812, loss=5.518443584442139
I0214 23:02:38.553044 140532797925120 logging_writer.py:48] [6100] global_step=6100, grad_norm=0.35270655155181885, loss=5.472891807556152
I0214 23:04:05.593645 140532797925120 logging_writer.py:48] [6200] global_step=6200, grad_norm=0.27464523911476135, loss=5.476277828216553
I0214 23:05:20.620545 140532789532416 logging_writer.py:48] [6300] global_step=6300, grad_norm=0.41664716601371765, loss=5.49120569229126
I0214 23:06:35.749353 140532797925120 logging_writer.py:48] [6400] global_step=6400, grad_norm=0.4059271812438965, loss=5.451427459716797
I0214 23:07:50.828414 140532789532416 logging_writer.py:48] [6500] global_step=6500, grad_norm=0.350177526473999, loss=5.484899520874023
I0214 23:09:07.892078 140532797925120 logging_writer.py:48] [6600] global_step=6600, grad_norm=0.7976030707359314, loss=5.495402812957764
I0214 23:10:31.877056 140532789532416 logging_writer.py:48] [6700] global_step=6700, grad_norm=0.5674749612808228, loss=5.470335483551025
I0214 23:11:57.899988 140532797925120 logging_writer.py:48] [6800] global_step=6800, grad_norm=0.3159433901309967, loss=5.490644931793213
I0214 23:13:22.318554 140532789532416 logging_writer.py:48] [6900] global_step=6900, grad_norm=0.9918735027313232, loss=5.486289024353027
I0214 23:14:47.313768 140532797925120 logging_writer.py:48] [7000] global_step=7000, grad_norm=0.5411698818206787, loss=5.462322235107422
I0214 23:16:12.750251 140532789532416 logging_writer.py:48] [7100] global_step=7100, grad_norm=0.592294454574585, loss=5.4569573402404785
I0214 23:16:59.853664 140599226058560 spec.py:321] Evaluating on the training split.
I0214 23:17:38.301397 140599226058560 spec.py:333] Evaluating on the validation split.
I0214 23:18:24.710487 140599226058560 spec.py:349] Evaluating on the test split.
I0214 23:18:48.139547 140599226058560 submission_runner.py:408] Time since start: 6369.23s, 	Step: 7157, 	{'train/ctc_loss': Array(5.684661, dtype=float32), 'train/wer': 0.9380313186211507, 'validation/ctc_loss': Array(5.6359296, dtype=float32), 'validation/wer': 0.8966179750330672, 'validation/num_examples': 5348, 'test/ctc_loss': Array(5.6091366, dtype=float32), 'test/wer': 0.899579550301627, 'test/num_examples': 2472, 'score': 5797.4471888542175, 'total_duration': 6369.234001159668, 'accumulated_submission_time': 5797.4471888542175, 'accumulated_eval_time': 571.2973206043243, 'accumulated_logging_time': 0.18694400787353516}
I0214 23:18:48.180612 140532797925120 logging_writer.py:48] [7157] accumulated_eval_time=571.297321, accumulated_logging_time=0.186944, accumulated_submission_time=5797.447189, global_step=7157, preemption_count=0, score=5797.447189, test/ctc_loss=5.609136581420898, test/num_examples=2472, test/wer=0.899580, total_duration=6369.234001, train/ctc_loss=5.684660911560059, train/wer=0.938031, validation/ctc_loss=5.635929584503174, validation/num_examples=5348, validation/wer=0.896618
I0214 23:19:21.058716 140532789532416 logging_writer.py:48] [7200] global_step=7200, grad_norm=0.6401659846305847, loss=5.469575881958008
I0214 23:20:39.951583 140532797925120 logging_writer.py:48] [7300] global_step=7300, grad_norm=0.5691813826560974, loss=5.457304954528809
I0214 23:21:55.182375 140532789532416 logging_writer.py:48] [7400] global_step=7400, grad_norm=0.8107566833496094, loss=5.477365016937256
I0214 23:23:10.268684 140532797925120 logging_writer.py:48] [7500] global_step=7500, grad_norm=1.5821881294250488, loss=5.465222358703613
I0214 23:24:25.446117 140532789532416 logging_writer.py:48] [7600] global_step=7600, grad_norm=0.6196199059486389, loss=5.458224773406982
I0214 23:25:46.939889 140532797925120 logging_writer.py:48] [7700] global_step=7700, grad_norm=1.020836591720581, loss=5.466437816619873
I0214 23:27:11.633036 140532789532416 logging_writer.py:48] [7800] global_step=7800, grad_norm=0.6164023280143738, loss=5.434881210327148
I0214 23:28:35.993529 140532797925120 logging_writer.py:48] [7900] global_step=7900, grad_norm=1.8003418445587158, loss=5.45574951171875
I0214 23:30:00.703029 140532789532416 logging_writer.py:48] [8000] global_step=8000, grad_norm=1.361409306526184, loss=5.479847431182861
I0214 23:31:25.883896 140532797925120 logging_writer.py:48] [8100] global_step=8100, grad_norm=0.7599719166755676, loss=5.488924980163574
I0214 23:32:50.336902 140532789532416 logging_writer.py:48] [8200] global_step=8200, grad_norm=0.6045185327529907, loss=5.447652339935303
I0214 23:34:12.630799 140532797925120 logging_writer.py:48] [8300] global_step=8300, grad_norm=0.5179182887077332, loss=5.446383476257324
I0214 23:35:27.676788 140532789532416 logging_writer.py:48] [8400] global_step=8400, grad_norm=0.39556756615638733, loss=5.424192428588867
I0214 23:36:42.728862 140532797925120 logging_writer.py:48] [8500] global_step=8500, grad_norm=0.9371677041053772, loss=5.425042629241943
I0214 23:37:57.787864 140532789532416 logging_writer.py:48] [8600] global_step=8600, grad_norm=0.5586368441581726, loss=5.431656837463379
I0214 23:39:12.917411 140532797925120 logging_writer.py:48] [8700] global_step=8700, grad_norm=0.4019792675971985, loss=5.430675983428955
I0214 23:40:35.234193 140532789532416 logging_writer.py:48] [8800] global_step=8800, grad_norm=0.9935648441314697, loss=5.424017906188965
I0214 23:42:01.131440 140532797925120 logging_writer.py:48] [8900] global_step=8900, grad_norm=0.4189206659793854, loss=5.410806655883789
I0214 23:42:48.485434 140599226058560 spec.py:321] Evaluating on the training split.
I0214 23:43:27.025123 140599226058560 spec.py:333] Evaluating on the validation split.
I0214 23:44:13.309668 140599226058560 spec.py:349] Evaluating on the test split.
I0214 23:44:37.102830 140599226058560 submission_runner.py:408] Time since start: 7918.20s, 	Step: 8957, 	{'train/ctc_loss': Array(5.55107, dtype=float32), 'train/wer': 0.9408213025698041, 'validation/ctc_loss': Array(5.475975, dtype=float32), 'validation/wer': 0.8966179750330672, 'validation/num_examples': 5348, 'test/ctc_loss': Array(5.4412518, dtype=float32), 'test/wer': 0.899579550301627, 'test/num_examples': 2472, 'score': 7237.664181232452, 'total_duration': 7918.197555303574, 'accumulated_submission_time': 7237.664181232452, 'accumulated_eval_time': 679.9091982841492, 'accumulated_logging_time': 0.2448720932006836}
I0214 23:44:37.138641 140532797925120 logging_writer.py:48] [8957] accumulated_eval_time=679.909198, accumulated_logging_time=0.244872, accumulated_submission_time=7237.664181, global_step=8957, preemption_count=0, score=7237.664181, test/ctc_loss=5.441251754760742, test/num_examples=2472, test/wer=0.899580, total_duration=7918.197555, train/ctc_loss=5.551070213317871, train/wer=0.940821, validation/ctc_loss=5.475975036621094, validation/num_examples=5348, validation/wer=0.896618
I0214 23:45:10.183831 140532789532416 logging_writer.py:48] [9000] global_step=9000, grad_norm=0.5247256755828857, loss=5.407474040985107
I0214 23:46:25.245496 140532797925120 logging_writer.py:48] [9100] global_step=9100, grad_norm=0.6045505404472351, loss=5.420510768890381
I0214 23:47:40.252237 140532789532416 logging_writer.py:48] [9200] global_step=9200, grad_norm=0.9389544725418091, loss=5.39493465423584
I0214 23:48:59.746789 140532797925120 logging_writer.py:48] [9300] global_step=9300, grad_norm=0.7159284949302673, loss=5.391617774963379
I0214 23:50:14.704072 140532789532416 logging_writer.py:48] [9400] global_step=9400, grad_norm=0.5770336985588074, loss=5.373418807983398
I0214 23:51:29.826939 140532797925120 logging_writer.py:48] [9500] global_step=9500, grad_norm=0.41257375478744507, loss=5.411031246185303
I0214 23:52:44.897615 140532789532416 logging_writer.py:48] [9600] global_step=9600, grad_norm=0.7001106142997742, loss=5.387077331542969
I0214 23:53:59.897137 140532797925120 logging_writer.py:48] [9700] global_step=9700, grad_norm=0.3951041102409363, loss=5.383955955505371
I0214 23:55:15.234224 140532789532416 logging_writer.py:48] [9800] global_step=9800, grad_norm=0.8747938871383667, loss=5.376669883728027
I0214 23:56:39.388045 140532797925120 logging_writer.py:48] [9900] global_step=9900, grad_norm=0.37294793128967285, loss=5.3629536628723145
I0214 23:58:05.384531 140532789532416 logging_writer.py:48] [10000] global_step=10000, grad_norm=1.1997865438461304, loss=5.349490642547607
I0214 23:59:30.385660 140532797925120 logging_writer.py:48] [10100] global_step=10100, grad_norm=0.7553691864013672, loss=5.278092384338379
I0215 00:00:54.597651 140532789532416 logging_writer.py:48] [10200] global_step=10200, grad_norm=0.7007465362548828, loss=5.133475303649902
I0215 00:02:22.520210 140532797925120 logging_writer.py:48] [10300] global_step=10300, grad_norm=1.353474736213684, loss=4.927495002746582
I0215 00:03:37.671442 140532789532416 logging_writer.py:48] [10400] global_step=10400, grad_norm=1.6800984144210815, loss=4.614495277404785
I0215 00:04:52.692275 140532797925120 logging_writer.py:48] [10500] global_step=10500, grad_norm=0.7644578814506531, loss=4.399341106414795
I0215 00:06:07.877834 140532789532416 logging_writer.py:48] [10600] global_step=10600, grad_norm=0.8297514915466309, loss=4.468192100524902
I0215 00:07:22.889590 140532797925120 logging_writer.py:48] [10700] global_step=10700, grad_norm=0.935431957244873, loss=4.208700180053711
I0215 00:08:37.181674 140599226058560 spec.py:321] Evaluating on the training split.
/usr/local/lib/python3.8/dist-packages/jax/_src/ops/scatter.py:92: FutureWarning: scatter inputs have incompatible types: cannot safely cast value from dtype=float32 to dtype=int32. In future JAX releases this will result in an error.
  warnings.warn("scatter inputs have incompatible types: cannot safely cast "
I0215 00:09:51.120497 140599226058560 spec.py:333] Evaluating on the validation split.
I0215 00:10:41.069298 140599226058560 spec.py:349] Evaluating on the test split.
I0215 00:11:06.363939 140599226058560 submission_runner.py:408] Time since start: 9507.46s, 	Step: 10800, 	{'train/ctc_loss': Array(4.311075, dtype=float32), 'train/wer': 0.812946352661112, 'validation/ctc_loss': Array(4.4674177, dtype=float32), 'validation/wer': 0.795195844637323, 'validation/num_examples': 5348, 'test/ctc_loss': Array(4.28696, dtype=float32), 'test/wer': 0.7847175674852234, 'test/num_examples': 2472, 'score': 8677.619053125381, 'total_duration': 9507.45812034607, 'accumulated_submission_time': 8677.619053125381, 'accumulated_eval_time': 829.0853753089905, 'accumulated_logging_time': 0.2981421947479248}
I0215 00:11:06.395609 140532797925120 logging_writer.py:48] [10800] accumulated_eval_time=829.085375, accumulated_logging_time=0.298142, accumulated_submission_time=8677.619053, global_step=10800, preemption_count=0, score=8677.619053, test/ctc_loss=4.286960124969482, test/num_examples=2472, test/wer=0.784718, total_duration=9507.458120, train/ctc_loss=4.311075210571289, train/wer=0.812946, validation/ctc_loss=4.4674177169799805, validation/num_examples=5348, validation/wer=0.795196
I0215 00:11:07.275280 140532789532416 logging_writer.py:48] [10800] global_step=10800, grad_norm=0.768747091293335, loss=4.132221698760986
I0215 00:12:22.176282 140532797925120 logging_writer.py:48] [10900] global_step=10900, grad_norm=0.7613910436630249, loss=4.006479740142822
I0215 00:13:37.280989 140532789532416 logging_writer.py:48] [11000] global_step=11000, grad_norm=0.7643001675605774, loss=3.949570655822754
I0215 00:14:52.428855 140532797925120 logging_writer.py:48] [11100] global_step=11100, grad_norm=0.7371251583099365, loss=3.9503774642944336
I0215 00:16:10.715081 140532789532416 logging_writer.py:48] [11200] global_step=11200, grad_norm=1.0501136779785156, loss=3.87534761428833
I0215 00:17:34.669385 140532797925120 logging_writer.py:48] [11300] global_step=11300, grad_norm=0.9345540404319763, loss=3.8657710552215576
I0215 00:18:56.187764 140532797925120 logging_writer.py:48] [11400] global_step=11400, grad_norm=1.2338193655014038, loss=3.7659835815429688
I0215 00:20:11.383800 140532789532416 logging_writer.py:48] [11500] global_step=11500, grad_norm=1.1008256673812866, loss=3.7106385231018066
I0215 00:21:26.599510 140532797925120 logging_writer.py:48] [11600] global_step=11600, grad_norm=0.8421493172645569, loss=3.729954957962036
I0215 00:22:41.927335 140532789532416 logging_writer.py:48] [11700] global_step=11700, grad_norm=1.237186074256897, loss=3.632516860961914
I0215 00:23:59.472235 140532797925120 logging_writer.py:48] [11800] global_step=11800, grad_norm=2.418771982192993, loss=3.593324661254883
I0215 00:25:23.503713 140532789532416 logging_writer.py:48] [11900] global_step=11900, grad_norm=1.0327973365783691, loss=3.5152251720428467
I0215 00:26:48.439235 140532797925120 logging_writer.py:48] [12000] global_step=12000, grad_norm=1.4041717052459717, loss=3.5536105632781982
I0215 00:28:13.317614 140532789532416 logging_writer.py:48] [12100] global_step=12100, grad_norm=0.8443013429641724, loss=3.433367967605591
I0215 00:29:37.884535 140532797925120 logging_writer.py:48] [12200] global_step=12200, grad_norm=1.0598441362380981, loss=3.3634257316589355
I0215 00:31:02.756586 140532789532416 logging_writer.py:48] [12300] global_step=12300, grad_norm=1.130448341369629, loss=3.3593451976776123
I0215 00:32:26.780771 140532797925120 logging_writer.py:48] [12400] global_step=12400, grad_norm=1.0136127471923828, loss=3.3305559158325195
I0215 00:33:41.827332 140532789532416 logging_writer.py:48] [12500] global_step=12500, grad_norm=1.4148914813995361, loss=3.286653518676758
I0215 00:34:56.892133 140532797925120 logging_writer.py:48] [12600] global_step=12600, grad_norm=0.9236208200454712, loss=3.30047607421875
I0215 00:35:06.372988 140599226058560 spec.py:321] Evaluating on the training split.
I0215 00:36:01.639627 140599226058560 spec.py:333] Evaluating on the validation split.
I0215 00:36:53.657568 140599226058560 spec.py:349] Evaluating on the test split.
I0215 00:37:19.648466 140599226058560 submission_runner.py:408] Time since start: 11080.74s, 	Step: 12614, 	{'train/ctc_loss': Array(2.5407991, dtype=float32), 'train/wer': 0.6001672788101385, 'validation/ctc_loss': Array(2.867275, dtype=float32), 'validation/wer': 0.6317522229838671, 'validation/num_examples': 5348, 'test/ctc_loss': Array(2.5912423, dtype=float32), 'test/wer': 0.5990697296528751, 'test/num_examples': 2472, 'score': 10117.509083271027, 'total_duration': 11080.74349808693, 'accumulated_submission_time': 10117.509083271027, 'accumulated_eval_time': 962.355612039566, 'accumulated_logging_time': 0.34575724601745605}
I0215 00:37:19.681749 140532797925120 logging_writer.py:48] [12614] accumulated_eval_time=962.355612, accumulated_logging_time=0.345757, accumulated_submission_time=10117.509083, global_step=12614, preemption_count=0, score=10117.509083, test/ctc_loss=2.5912423133850098, test/num_examples=2472, test/wer=0.599070, total_duration=11080.743498, train/ctc_loss=2.540799140930176, train/wer=0.600167, validation/ctc_loss=2.8672749996185303, validation/num_examples=5348, validation/wer=0.631752
I0215 00:38:25.006565 140532789532416 logging_writer.py:48] [12700] global_step=12700, grad_norm=1.0358552932739258, loss=3.2086312770843506
I0215 00:39:40.360481 140532797925120 logging_writer.py:48] [12800] global_step=12800, grad_norm=1.1377466917037964, loss=3.210068702697754
I0215 00:40:55.707166 140532789532416 logging_writer.py:48] [12900] global_step=12900, grad_norm=1.041242241859436, loss=3.1584339141845703
I0215 00:42:14.652878 140532797925120 logging_writer.py:48] [13000] global_step=13000, grad_norm=0.9628803730010986, loss=3.0282771587371826
I0215 00:43:38.814473 140532789532416 logging_writer.py:48] [13100] global_step=13100, grad_norm=0.7593884468078613, loss=3.0661556720733643
I0215 00:45:03.763263 140532797925120 logging_writer.py:48] [13200] global_step=13200, grad_norm=0.9525596499443054, loss=3.0005993843078613
I0215 00:46:28.555810 140532789532416 logging_writer.py:48] [13300] global_step=13300, grad_norm=1.4232062101364136, loss=2.9263556003570557
I0215 00:47:56.675678 140532797925120 logging_writer.py:48] [13400] global_step=13400, grad_norm=1.1970282793045044, loss=2.9484469890594482
I0215 00:49:11.878338 140532789532416 logging_writer.py:48] [13500] global_step=13500, grad_norm=1.1244438886642456, loss=2.99153208732605
I0215 00:50:27.082616 140532797925120 logging_writer.py:48] [13600] global_step=13600, grad_norm=1.0458842515945435, loss=2.952993154525757
I0215 00:51:42.232790 140532789532416 logging_writer.py:48] [13700] global_step=13700, grad_norm=1.133660078048706, loss=2.8779714107513428
I0215 00:52:59.695040 140532797925120 logging_writer.py:48] [13800] global_step=13800, grad_norm=0.842628538608551, loss=2.8236424922943115
I0215 00:54:25.128313 140532789532416 logging_writer.py:48] [13900] global_step=13900, grad_norm=0.9536529183387756, loss=2.8055362701416016
I0215 00:55:49.170962 140532797925120 logging_writer.py:48] [14000] global_step=14000, grad_norm=1.5885040760040283, loss=2.837369918823242
I0215 00:57:14.369832 140532789532416 logging_writer.py:48] [14100] global_step=14100, grad_norm=1.0706663131713867, loss=2.795625686645508
I0215 00:58:39.692661 140532797925120 logging_writer.py:48] [14200] global_step=14200, grad_norm=1.03074312210083, loss=2.781137704849243
I0215 01:00:06.062347 140532789532416 logging_writer.py:48] [14300] global_step=14300, grad_norm=0.8706629276275635, loss=2.7391960620880127
I0215 01:01:19.982048 140599226058560 spec.py:321] Evaluating on the training split.
I0215 01:02:15.109574 140599226058560 spec.py:333] Evaluating on the validation split.
I0215 01:03:07.108919 140599226058560 spec.py:349] Evaluating on the test split.
I0215 01:03:33.504515 140599226058560 submission_runner.py:408] Time since start: 12654.60s, 	Step: 14388, 	{'train/ctc_loss': Array(1.5154848, dtype=float32), 'train/wer': 0.45609027722719947, 'validation/ctc_loss': Array(1.8800801, dtype=float32), 'validation/wer': 0.4955057590005503, 'validation/num_examples': 5348, 'test/ctc_loss': Array(1.5566329, dtype=float32), 'test/wer': 0.4498202425202608, 'test/num_examples': 2472, 'score': 11557.722923755646, 'total_duration': 12654.597905158997, 'accumulated_submission_time': 11557.722923755646, 'accumulated_eval_time': 1095.8711938858032, 'accumulated_logging_time': 0.395554780960083}
I0215 01:03:33.539445 140532797925120 logging_writer.py:48] [14388] accumulated_eval_time=1095.871194, accumulated_logging_time=0.395555, accumulated_submission_time=11557.722924, global_step=14388, preemption_count=0, score=11557.722924, test/ctc_loss=1.5566328763961792, test/num_examples=2472, test/wer=0.449820, total_duration=12654.597905, train/ctc_loss=1.5154848098754883, train/wer=0.456090, validation/ctc_loss=1.8800801038742065, validation/num_examples=5348, validation/wer=0.495506
I0215 01:03:43.303691 140532789532416 logging_writer.py:48] [14400] global_step=14400, grad_norm=0.7246303558349609, loss=2.74411678314209
I0215 01:05:02.406012 140532797925120 logging_writer.py:48] [14500] global_step=14500, grad_norm=0.9690197110176086, loss=2.69433856010437
I0215 01:06:17.779031 140532789532416 logging_writer.py:48] [14600] global_step=14600, grad_norm=0.9040948748588562, loss=2.658998727798462
I0215 01:07:32.891635 140532797925120 logging_writer.py:48] [14700] global_step=14700, grad_norm=0.7923905849456787, loss=2.7082359790802
I0215 01:08:49.753547 140532789532416 logging_writer.py:48] [14800] global_step=14800, grad_norm=0.9899680018424988, loss=2.625603437423706
I0215 01:10:13.551361 140532797925120 logging_writer.py:48] [14900] global_step=14900, grad_norm=1.3962868452072144, loss=2.6326491832733154
I0215 01:11:39.027298 140532789532416 logging_writer.py:48] [15000] global_step=15000, grad_norm=0.9468417167663574, loss=2.6596310138702393
I0215 01:13:04.144298 140532797925120 logging_writer.py:48] [15100] global_step=15100, grad_norm=0.8878626823425293, loss=2.6225249767303467
I0215 01:14:30.506644 140532789532416 logging_writer.py:48] [15200] global_step=15200, grad_norm=1.0407086610794067, loss=2.6254284381866455
I0215 01:15:55.949482 140532797925120 logging_writer.py:48] [15300] global_step=15300, grad_norm=0.84673672914505, loss=2.5923006534576416
I0215 01:17:21.490818 140532789532416 logging_writer.py:48] [15400] global_step=15400, grad_norm=0.8080322742462158, loss=2.480548143386841
I0215 01:18:45.105383 140532797925120 logging_writer.py:48] [15500] global_step=15500, grad_norm=0.7812358140945435, loss=2.520057201385498
I0215 01:20:00.141237 140532789532416 logging_writer.py:48] [15600] global_step=15600, grad_norm=2.4264369010925293, loss=2.4687914848327637
I0215 01:21:15.457745 140532797925120 logging_writer.py:48] [15700] global_step=15700, grad_norm=0.9481299519538879, loss=2.51208758354187
I0215 01:22:30.517239 140532789532416 logging_writer.py:48] [15800] global_step=15800, grad_norm=1.1230013370513916, loss=2.4368786811828613
I0215 01:23:49.699403 140532797925120 logging_writer.py:48] [15900] global_step=15900, grad_norm=0.8651819229125977, loss=2.4517247676849365
I0215 01:25:14.974785 140532789532416 logging_writer.py:48] [16000] global_step=16000, grad_norm=0.8364753723144531, loss=2.354245662689209
I0215 01:26:40.224293 140532797925120 logging_writer.py:48] [16100] global_step=16100, grad_norm=0.9082248210906982, loss=2.477295398712158
I0215 01:27:34.220352 140599226058560 spec.py:321] Evaluating on the training split.
I0215 01:28:29.738098 140599226058560 spec.py:333] Evaluating on the validation split.
I0215 01:29:21.443236 140599226058560 spec.py:349] Evaluating on the test split.
I0215 01:29:47.675965 140599226058560 submission_runner.py:408] Time since start: 14228.77s, 	Step: 16164, 	{'train/ctc_loss': Array(1.1518191, dtype=float32), 'train/wer': 0.3756104432757325, 'validation/ctc_loss': Array(1.5427254, dtype=float32), 'validation/wer': 0.42724736186605133, 'validation/num_examples': 5348, 'test/ctc_loss': Array(1.2202077, dtype=float32), 'test/wer': 0.37438303576869175, 'test/num_examples': 2472, 'score': 12998.31579875946, 'total_duration': 14228.770209550858, 'accumulated_submission_time': 12998.31579875946, 'accumulated_eval_time': 1229.3207650184631, 'accumulated_logging_time': 0.4482710361480713}
I0215 01:29:47.715079 140532797925120 logging_writer.py:48] [16164] accumulated_eval_time=1229.320765, accumulated_logging_time=0.448271, accumulated_submission_time=12998.315799, global_step=16164, preemption_count=0, score=12998.315799, test/ctc_loss=1.220207691192627, test/num_examples=2472, test/wer=0.374383, total_duration=14228.770210, train/ctc_loss=1.151819109916687, train/wer=0.375610, validation/ctc_loss=1.5427254438400269, validation/num_examples=5348, validation/wer=0.427247
I0215 01:30:15.398821 140532789532416 logging_writer.py:48] [16200] global_step=16200, grad_norm=0.8765091300010681, loss=2.3703830242156982
I0215 01:31:30.468342 140532797925120 logging_writer.py:48] [16300] global_step=16300, grad_norm=1.0905447006225586, loss=2.3626441955566406
I0215 01:32:45.497308 140532789532416 logging_writer.py:48] [16400] global_step=16400, grad_norm=1.1967976093292236, loss=2.3921775817871094
I0215 01:34:05.899476 140532797925120 logging_writer.py:48] [16500] global_step=16500, grad_norm=0.9035312533378601, loss=2.393886089324951
I0215 01:35:21.032365 140532789532416 logging_writer.py:48] [16600] global_step=16600, grad_norm=0.7414656281471252, loss=2.2719638347625732
I0215 01:36:36.298541 140532797925120 logging_writer.py:48] [16700] global_step=16700, grad_norm=1.0563092231750488, loss=2.2835352420806885
I0215 01:37:51.804952 140532789532416 logging_writer.py:48] [16800] global_step=16800, grad_norm=0.7917095422744751, loss=2.2646126747131348
I0215 01:39:08.782512 140532797925120 logging_writer.py:48] [16900] global_step=16900, grad_norm=1.1536011695861816, loss=2.284829616546631
I0215 01:40:32.511921 140532789532416 logging_writer.py:48] [17000] global_step=17000, grad_norm=0.7161067128181458, loss=2.227504253387451
I0215 01:41:58.553095 140532797925120 logging_writer.py:48] [17100] global_step=17100, grad_norm=0.7628895044326782, loss=2.278874397277832
I0215 01:43:24.157642 140532789532416 logging_writer.py:48] [17200] global_step=17200, grad_norm=0.6687316298484802, loss=2.2279067039489746
I0215 01:44:49.355748 140532797925120 logging_writer.py:48] [17300] global_step=17300, grad_norm=0.8235756754875183, loss=2.208010673522949
I0215 01:46:14.663150 140532789532416 logging_writer.py:48] [17400] global_step=17400, grad_norm=0.7430895566940308, loss=2.218355894088745
I0215 01:47:39.978168 140532797925120 logging_writer.py:48] [17500] global_step=17500, grad_norm=1.0217409133911133, loss=2.190864324569702
I0215 01:48:59.769158 140532797925120 logging_writer.py:48] [17600] global_step=17600, grad_norm=0.8393860459327698, loss=2.150153398513794
I0215 01:50:15.074575 140532789532416 logging_writer.py:48] [17700] global_step=17700, grad_norm=0.7950564622879028, loss=2.164332151412964
I0215 01:51:30.369446 140532797925120 logging_writer.py:48] [17800] global_step=17800, grad_norm=1.9143400192260742, loss=2.2050578594207764
I0215 01:52:45.933447 140532789532416 logging_writer.py:48] [17900] global_step=17900, grad_norm=1.203031301498413, loss=2.1127817630767822
I0215 01:53:48.139989 140599226058560 spec.py:321] Evaluating on the training split.
I0215 01:54:42.474485 140599226058560 spec.py:333] Evaluating on the validation split.
I0215 01:55:33.505351 140599226058560 spec.py:349] Evaluating on the test split.
I0215 01:55:59.907873 140599226058560 submission_runner.py:408] Time since start: 15801.00s, 	Step: 17977, 	{'train/ctc_loss': Array(0.89231455, dtype=float32), 'train/wer': 0.2999344248311306, 'validation/ctc_loss': Array(1.2439867, dtype=float32), 'validation/wer': 0.3619143246087452, 'validation/num_examples': 5348, 'test/ctc_loss': Array(0.92897916, dtype=float32), 'test/wer': 0.2999410964190685, 'test/num_examples': 2472, 'score': 14438.654992818832, 'total_duration': 15801.002537488937, 'accumulated_submission_time': 14438.654992818832, 'accumulated_eval_time': 1361.0830354690552, 'accumulated_logging_time': 0.5029153823852539}
I0215 01:55:59.947473 140532797925120 logging_writer.py:48] [17977] accumulated_eval_time=1361.083035, accumulated_logging_time=0.502915, accumulated_submission_time=14438.654993, global_step=17977, preemption_count=0, score=14438.654993, test/ctc_loss=0.9289791584014893, test/num_examples=2472, test/wer=0.299941, total_duration=15801.002537, train/ctc_loss=0.8923145532608032, train/wer=0.299934, validation/ctc_loss=1.24398672580719, validation/num_examples=5348, validation/wer=0.361914
I0215 01:56:18.041946 140532789532416 logging_writer.py:48] [18000] global_step=18000, grad_norm=0.7969751954078674, loss=2.1053242683410645
I0215 01:57:33.173647 140532797925120 logging_writer.py:48] [18100] global_step=18100, grad_norm=0.9015945792198181, loss=2.0776329040527344
I0215 01:58:48.593079 140532789532416 logging_writer.py:48] [18200] global_step=18200, grad_norm=0.8579802513122559, loss=2.197178840637207
I0215 02:00:06.008670 140532797925120 logging_writer.py:48] [18300] global_step=18300, grad_norm=0.7462399005889893, loss=2.0459306240081787
I0215 02:01:31.699289 140532789532416 logging_writer.py:48] [18400] global_step=18400, grad_norm=0.9669405221939087, loss=2.037875175476074
I0215 02:02:57.930583 140532797925120 logging_writer.py:48] [18500] global_step=18500, grad_norm=0.8024440407752991, loss=2.068572521209717
I0215 02:04:20.940725 140532797925120 logging_writer.py:48] [18600] global_step=18600, grad_norm=0.8948532938957214, loss=2.079558849334717
I0215 02:05:36.007841 140532789532416 logging_writer.py:48] [18700] global_step=18700, grad_norm=1.0276401042938232, loss=2.073118209838867
I0215 02:06:51.194453 140532797925120 logging_writer.py:48] [18800] global_step=18800, grad_norm=0.7089601755142212, loss=2.031782865524292
I0215 02:08:06.431232 140532789532416 logging_writer.py:48] [18900] global_step=18900, grad_norm=0.7935292720794678, loss=2.0123817920684814
I0215 02:09:26.475524 140532797925120 logging_writer.py:48] [19000] global_step=19000, grad_norm=1.0376362800598145, loss=2.004070997238159
I0215 02:10:51.056011 140532789532416 logging_writer.py:48] [19100] global_step=19100, grad_norm=0.9660373330116272, loss=2.025001049041748
I0215 02:12:16.683174 140532797925120 logging_writer.py:48] [19200] global_step=19200, grad_norm=0.8186861276626587, loss=1.98216712474823
I0215 02:13:41.694613 140532789532416 logging_writer.py:48] [19300] global_step=19300, grad_norm=0.7142565846443176, loss=2.096302032470703
I0215 02:15:07.563571 140532797925120 logging_writer.py:48] [19400] global_step=19400, grad_norm=0.7414759397506714, loss=1.9887081384658813
I0215 02:16:33.260514 140532789532416 logging_writer.py:48] [19500] global_step=19500, grad_norm=0.7136231064796448, loss=2.024228572845459
I0215 02:17:59.080798 140532797925120 logging_writer.py:48] [19600] global_step=19600, grad_norm=0.7120744585990906, loss=1.9988811016082764
I0215 02:19:14.416648 140532789532416 logging_writer.py:48] [19700] global_step=19700, grad_norm=1.009820580482483, loss=2.0033352375030518
I0215 02:20:00.051670 140599226058560 spec.py:321] Evaluating on the training split.
I0215 02:20:54.573545 140599226058560 spec.py:333] Evaluating on the validation split.
I0215 02:21:46.268734 140599226058560 spec.py:349] Evaluating on the test split.
I0215 02:22:12.592801 140599226058560 submission_runner.py:408] Time since start: 17373.69s, 	Step: 19762, 	{'train/ctc_loss': Array(0.69894594, dtype=float32), 'train/wer': 0.24397619327470696, 'validation/ctc_loss': Array(1.0527449, dtype=float32), 'validation/wer': 0.3146741071859583, 'validation/num_examples': 5348, 'test/ctc_loss': Array(0.75496924, dtype=float32), 'test/wer': 0.2517214063737737, 'test/num_examples': 2472, 'score': 15878.671095132828, 'total_duration': 17373.685792684555, 'accumulated_submission_time': 15878.671095132828, 'accumulated_eval_time': 1493.616887807846, 'accumulated_logging_time': 0.5617284774780273}
I0215 02:22:12.636558 140532797925120 logging_writer.py:48] [19762] accumulated_eval_time=1493.616888, accumulated_logging_time=0.561728, accumulated_submission_time=15878.671095, global_step=19762, preemption_count=0, score=15878.671095, test/ctc_loss=0.7549692392349243, test/num_examples=2472, test/wer=0.251721, total_duration=17373.685793, train/ctc_loss=0.698945939540863, train/wer=0.243976, validation/ctc_loss=1.0527448654174805, validation/num_examples=5348, validation/wer=0.314674
I0215 02:22:41.984180 140532789532416 logging_writer.py:48] [19800] global_step=19800, grad_norm=1.0285491943359375, loss=1.9603267908096313
I0215 02:23:57.422808 140532797925120 logging_writer.py:48] [19900] global_step=19900, grad_norm=0.7561634182929993, loss=1.9378786087036133
I0215 02:25:12.982456 140532789532416 logging_writer.py:48] [20000] global_step=20000, grad_norm=0.8698228001594543, loss=1.9306399822235107
I0215 02:26:28.706516 140532797925120 logging_writer.py:48] [20100] global_step=20100, grad_norm=1.3813713788986206, loss=1.8631348609924316
I0215 02:27:49.768139 140532789532416 logging_writer.py:48] [20200] global_step=20200, grad_norm=0.7364758253097534, loss=1.9530984163284302
I0215 02:29:15.030515 140532797925120 logging_writer.py:48] [20300] global_step=20300, grad_norm=0.7882989048957825, loss=1.8933097124099731
I0215 02:30:40.332336 140532789532416 logging_writer.py:48] [20400] global_step=20400, grad_norm=0.674990177154541, loss=1.9015697240829468
I0215 02:32:05.533326 140532797925120 logging_writer.py:48] [20500] global_step=20500, grad_norm=0.7549072504043579, loss=1.958470344543457
I0215 02:33:35.707246 140532797925120 logging_writer.py:48] [20600] global_step=20600, grad_norm=0.6856162548065186, loss=1.936050534248352
I0215 02:34:50.897900 140532789532416 logging_writer.py:48] [20700] global_step=20700, grad_norm=0.7584766149520874, loss=1.8723198175430298
I0215 02:36:06.238967 140532797925120 logging_writer.py:48] [20800] global_step=20800, grad_norm=1.0984206199645996, loss=1.9380244016647339
I0215 02:37:21.542359 140532789532416 logging_writer.py:48] [20900] global_step=20900, grad_norm=0.8306389451026917, loss=1.9438755512237549
I0215 02:38:40.169147 140532797925120 logging_writer.py:48] [21000] global_step=21000, grad_norm=0.7084007263183594, loss=1.9094475507736206
I0215 02:40:04.789877 140532789532416 logging_writer.py:48] [21100] global_step=21100, grad_norm=0.6958216428756714, loss=1.8813364505767822
I0215 02:41:30.648452 140532797925120 logging_writer.py:48] [21200] global_step=21200, grad_norm=0.7881478071212769, loss=1.8092453479766846
I0215 02:42:56.793517 140532789532416 logging_writer.py:48] [21300] global_step=21300, grad_norm=0.8179405927658081, loss=1.8751293420791626
I0215 02:44:22.035270 140532797925120 logging_writer.py:48] [21400] global_step=21400, grad_norm=1.029029369354248, loss=1.883887767791748
I0215 02:45:47.130802 140532789532416 logging_writer.py:48] [21500] global_step=21500, grad_norm=0.8358454704284668, loss=1.8699936866760254
I0215 02:46:12.813486 140599226058560 spec.py:321] Evaluating on the training split.
I0215 02:47:07.517902 140599226058560 spec.py:333] Evaluating on the validation split.
I0215 02:47:59.073179 140599226058560 spec.py:349] Evaluating on the test split.
