I0319 17:30:51.652112 139793440028480 submission_runner.py:420] Time since start: 51243.55s, 	Step: 107051, 	{'train/accuracy': 0.8421874642372131, 'train/loss': 0.6038376688957214, 'validation/accuracy': 0.7533400058746338, 'validation/loss': 0.9784523844718933, 'validation/num_examples': 50000, 'test/accuracy': 0.6310000419616699, 'test/loss': 1.5913622379302979, 'test/num_examples': 10000, 'score': 47519.38187241554, 'total_duration': 51243.55078268051, 'accumulated_submission_time': 47519.38187241554, 'accumulated_eval_time': 3714.167423725128, 'accumulated_logging_time': 4.110680103302002}
I0319 17:30:51.683573 139592107800320 logging_writer.py:48] [107051] accumulated_eval_time=3714.167424, accumulated_logging_time=4.110680, accumulated_submission_time=47519.381872, global_step=107051, preemption_count=0, score=47519.381872, test/accuracy=0.631000, test/loss=1.591362, test/num_examples=10000, total_duration=51243.550783, train/accuracy=0.842187, train/loss=0.603838, validation/accuracy=0.753340, validation/loss=0.978452, validation/num_examples=50000
I0319 17:34:09.466576 139592099407616 logging_writer.py:48] [107500] global_step=107500, grad_norm=2.2301902770996094, loss=2.56180477142334
I0319 17:37:51.709816 139793440028480 spec.py:321] Evaluating on the training split.
I0319 17:38:02.204301 139793440028480 spec.py:333] Evaluating on the validation split.
I0319 17:38:24.691293 139793440028480 spec.py:349] Evaluating on the test split.
I0319 17:38:26.298474 139793440028480 submission_runner.py:420] Time since start: 51698.20s, 	Step: 107994, 	{'train/accuracy': 0.8350781202316284, 'train/loss': 0.6316884756088257, 'validation/accuracy': 0.7540199756622314, 'validation/loss': 0.968947172164917, 'validation/num_examples': 50000, 'test/accuracy': 0.6300000548362732, 'test/loss': 1.5743050575256348, 'test/num_examples': 10000, 'score': 47939.34608221054, 'total_duration': 51698.19714593887, 'accumulated_submission_time': 47939.34608221054, 'accumulated_eval_time': 3748.756111383438, 'accumulated_logging_time': 4.151872634887695}
I0319 17:38:26.325079 139592107800320 logging_writer.py:48] [107994] accumulated_eval_time=3748.756111, accumulated_logging_time=4.151873, accumulated_submission_time=47939.346082, global_step=107994, preemption_count=0, score=47939.346082, test/accuracy=0.630000, test/loss=1.574305, test/num_examples=10000, total_duration=51698.197146, train/accuracy=0.835078, train/loss=0.631688, validation/accuracy=0.754020, validation/loss=0.968947, validation/num_examples=50000
I0319 17:38:29.135248 139592099407616 logging_writer.py:48] [108000] global_step=108000, grad_norm=2.1211764812469482, loss=1.5436408519744873
I0319 17:42:09.922573 139592107800320 logging_writer.py:48] [108500] global_step=108500, grad_norm=2.1272683143615723, loss=2.993192195892334
I0319 17:45:26.559370 139793440028480 spec.py:321] Evaluating on the training split.
I0319 17:45:37.000067 139793440028480 spec.py:333] Evaluating on the validation split.
I0319 17:45:57.886944 139793440028480 spec.py:349] Evaluating on the test split.
I0319 17:45:59.504551 139793440028480 submission_runner.py:420] Time since start: 52151.40s, 	Step: 108939, 	{'train/accuracy': 0.8401757478713989, 'train/loss': 0.6095958352088928, 'validation/accuracy': 0.7569599747657776, 'validation/loss': 0.9585469961166382, 'validation/num_examples': 50000, 'test/accuracy': 0.6322000026702881, 'test/loss': 1.5597306489944458, 'test/num_examples': 10000, 'score': 48359.519057273865, 'total_duration': 52151.403217315674, 'accumulated_submission_time': 48359.519057273865, 'accumulated_eval_time': 3781.701289653778, 'accumulated_logging_time': 4.187899827957153}
I0319 17:45:59.537822 139592099407616 logging_writer.py:48] [108939] accumulated_eval_time=3781.701290, accumulated_logging_time=4.187900, accumulated_submission_time=48359.519057, global_step=108939, preemption_count=0, score=48359.519057, test/accuracy=0.632200, test/loss=1.559731, test/num_examples=10000, total_duration=52151.403217, train/accuracy=0.840176, train/loss=0.609596, validation/accuracy=0.756960, validation/loss=0.958547, validation/num_examples=50000
I0319 17:46:24.388231 139592107800320 logging_writer.py:48] [109000] global_step=109000, grad_norm=2.0761098861694336, loss=2.816209316253662
I0319 17:50:08.085828 139592099407616 logging_writer.py:48] [109500] global_step=109500, grad_norm=2.025739908218384, loss=2.528885841369629
I0319 17:52:59.922101 139793440028480 spec.py:321] Evaluating on the training split.
I0319 17:53:10.642233 139793440028480 spec.py:333] Evaluating on the validation split.
I0319 17:53:34.245608 139793440028480 spec.py:349] Evaluating on the test split.
I0319 17:53:35.855166 139793440028480 submission_runner.py:420] Time since start: 52607.75s, 	Step: 109884, 	{'train/accuracy': 0.8474804759025574, 'train/loss': 0.5809025168418884, 'validation/accuracy': 0.7572599649429321, 'validation/loss': 0.9565075039863586, 'validation/num_examples': 50000, 'test/accuracy': 0.6308000087738037, 'test/loss': 1.5641238689422607, 'test/num_examples': 10000, 'score': 48779.83942055702, 'total_duration': 52607.753846883774, 'accumulated_submission_time': 48779.83942055702, 'accumulated_eval_time': 3817.634386777878, 'accumulated_logging_time': 4.231295108795166}
I0319 17:53:35.884385 139592107800320 logging_writer.py:48] [109884] accumulated_eval_time=3817.634387, accumulated_logging_time=4.231295, accumulated_submission_time=48779.839421, global_step=109884, preemption_count=0, score=48779.839421, test/accuracy=0.630800, test/loss=1.564124, test/num_examples=10000, total_duration=52607.753847, train/accuracy=0.847480, train/loss=0.580903, validation/accuracy=0.757260, validation/loss=0.956508, validation/num_examples=50000
I0319 17:54:23.413222 139592099407616 logging_writer.py:48] [110000] global_step=110000, grad_norm=2.314227819442749, loss=1.5337198972702026
I0319 17:58:08.931405 139592107800320 logging_writer.py:48] [110500] global_step=110500, grad_norm=2.3992624282836914, loss=1.5719672441482544
I0319 18:00:35.993908 139793440028480 spec.py:321] Evaluating on the training split.
I0319 18:00:46.301992 139793440028480 spec.py:333] Evaluating on the validation split.
I0319 18:01:08.359498 139793440028480 spec.py:349] Evaluating on the test split.
I0319 18:01:09.961337 139793440028480 submission_runner.py:420] Time since start: 53061.86s, 	Step: 110830, 	{'train/accuracy': 0.84130859375, 'train/loss': 0.611589789390564, 'validation/accuracy': 0.7575799822807312, 'validation/loss': 0.9555621147155762, 'validation/num_examples': 50000, 'test/accuracy': 0.6379000544548035, 'test/loss': 1.555673360824585, 'test/num_examples': 10000, 'score': 49199.886014938354, 'total_duration': 53061.86001467705, 'accumulated_submission_time': 49199.886014938354, 'accumulated_eval_time': 3851.6018323898315, 'accumulated_logging_time': 4.2699151039123535}
I0319 18:01:09.988209 139592099407616 logging_writer.py:48] [110830] accumulated_eval_time=3851.601832, accumulated_logging_time=4.269915, accumulated_submission_time=49199.886015, global_step=110830, preemption_count=0, score=49199.886015, test/accuracy=0.637900, test/loss=1.555673, test/num_examples=10000, total_duration=53061.860015, train/accuracy=0.841309, train/loss=0.611590, validation/accuracy=0.757580, validation/loss=0.955562, validation/num_examples=50000
I0319 18:02:21.931875 139592107800320 logging_writer.py:48] [111000] global_step=111000, grad_norm=2.5354573726654053, loss=1.4404574632644653
I0319 18:06:06.647395 139592099407616 logging_writer.py:48] [111500] global_step=111500, grad_norm=2.3156001567840576, loss=2.804616928100586
I0319 18:08:10.093421 139793440028480 spec.py:321] Evaluating on the training split.
I0319 18:08:20.688180 139793440028480 spec.py:333] Evaluating on the validation split.
I0319 18:08:43.279080 139793440028480 spec.py:349] Evaluating on the test split.
I0319 18:08:44.882605 139793440028480 submission_runner.py:420] Time since start: 53516.78s, 	Step: 111776, 	{'train/accuracy': 0.8459570407867432, 'train/loss': 0.5894351005554199, 'validation/accuracy': 0.7598599791526794, 'validation/loss': 0.9470462799072266, 'validation/num_examples': 50000, 'test/accuracy': 0.6331000328063965, 'test/loss': 1.547625184059143, 'test/num_examples': 10000, 'score': 49619.927680015564, 'total_duration': 53516.78128504753, 'accumulated_submission_time': 49619.927680015564, 'accumulated_eval_time': 3886.3910517692566, 'accumulated_logging_time': 4.307658910751343}
I0319 18:08:44.907225 139592107800320 logging_writer.py:48] [111776] accumulated_eval_time=3886.391052, accumulated_logging_time=4.307659, accumulated_submission_time=49619.927680, global_step=111776, preemption_count=0, score=49619.927680, test/accuracy=0.633100, test/loss=1.547625, test/num_examples=10000, total_duration=53516.781285, train/accuracy=0.845957, train/loss=0.589435, validation/accuracy=0.759860, validation/loss=0.947046, validation/num_examples=50000
I0319 18:10:20.720512 139592099407616 logging_writer.py:48] [112000] global_step=112000, grad_norm=2.489290475845337, loss=1.424668788909912
I0319 18:14:05.821176 139592107800320 logging_writer.py:48] [112500] global_step=112500, grad_norm=2.5110254287719727, loss=3.2085001468658447
I0319 18:15:44.977278 139793440028480 spec.py:321] Evaluating on the training split.
I0319 18:15:55.546835 139793440028480 spec.py:333] Evaluating on the validation split.
I0319 18:16:15.923782 139793440028480 spec.py:349] Evaluating on the test split.
I0319 18:16:17.532342 139793440028480 submission_runner.py:420] Time since start: 53969.43s, 	Step: 112720, 	{'train/accuracy': 0.84619140625, 'train/loss': 0.5805347561836243, 'validation/accuracy': 0.7622799873352051, 'validation/loss': 0.9378506541252136, 'validation/num_examples': 50000, 'test/accuracy': 0.6384000182151794, 'test/loss': 1.5401344299316406, 'test/num_examples': 10000, 'score': 50039.9345574379, 'total_duration': 53969.43102359772, 'accumulated_submission_time': 50039.9345574379, 'accumulated_eval_time': 3918.946114063263, 'accumulated_logging_time': 4.342726469039917}
I0319 18:16:17.559512 139592099407616 logging_writer.py:48] [112720] accumulated_eval_time=3918.946114, accumulated_logging_time=4.342726, accumulated_submission_time=50039.934557, global_step=112720, preemption_count=0, score=50039.934557, test/accuracy=0.638400, test/loss=1.540134, test/num_examples=10000, total_duration=53969.431024, train/accuracy=0.846191, train/loss=0.580535, validation/accuracy=0.762280, validation/loss=0.937851, validation/num_examples=50000
I0319 18:18:19.936052 139592107800320 logging_writer.py:48] [113000] global_step=113000, grad_norm=2.677462339401245, loss=1.4348368644714355
I0319 18:22:05.233812 139592099407616 logging_writer.py:48] [113500] global_step=113500, grad_norm=2.3763372898101807, loss=1.3067710399627686
I0319 18:23:17.659545 139793440028480 spec.py:321] Evaluating on the training split.
I0319 18:23:28.216017 139793440028480 spec.py:333] Evaluating on the validation split.
I0319 18:23:51.713739 139793440028480 spec.py:349] Evaluating on the test split.
I0319 18:23:53.316215 139793440028480 submission_runner.py:420] Time since start: 54425.21s, 	Step: 113662, 	{'train/accuracy': 0.8561522960662842, 'train/loss': 0.5643961429595947, 'validation/accuracy': 0.7628399729728699, 'validation/loss': 0.9491704702377319, 'validation/num_examples': 50000, 'test/accuracy': 0.6375000476837158, 'test/loss': 1.5496562719345093, 'test/num_examples': 10000, 'score': 50459.97273135185, 'total_duration': 54425.21489691734, 'accumulated_submission_time': 50459.97273135185, 'accumulated_eval_time': 3954.6028020381927, 'accumulated_logging_time': 4.378979921340942}
I0319 18:23:53.340266 139592107800320 logging_writer.py:48] [113662] accumulated_eval_time=3954.602802, accumulated_logging_time=4.378980, accumulated_submission_time=50459.972731, global_step=113662, preemption_count=0, score=50459.972731, test/accuracy=0.637500, test/loss=1.549656, test/num_examples=10000, total_duration=54425.214897, train/accuracy=0.856152, train/loss=0.564396, validation/accuracy=0.762840, validation/loss=0.949170, validation/num_examples=50000
I0319 18:26:21.481366 139592099407616 logging_writer.py:48] [114000] global_step=114000, grad_norm=2.1909337043762207, loss=2.3884952068328857
I0319 18:30:07.054444 139592107800320 logging_writer.py:48] [114500] global_step=114500, grad_norm=2.168255567550659, loss=3.0811703205108643
I0319 18:30:53.374465 139793440028480 spec.py:321] Evaluating on the training split.
I0319 18:31:03.731394 139793440028480 spec.py:333] Evaluating on the validation split.
I0319 18:31:25.587908 139793440028480 spec.py:349] Evaluating on the test split.
I0319 18:31:27.201760 139793440028480 submission_runner.py:420] Time since start: 54879.10s, 	Step: 114604, 	{'train/accuracy': 0.8505468368530273, 'train/loss': 0.5697076320648193, 'validation/accuracy': 0.7631799578666687, 'validation/loss': 0.931150496006012, 'validation/num_examples': 50000, 'test/accuracy': 0.6397000551223755, 'test/loss': 1.5249947309494019, 'test/num_examples': 10000, 'score': 50879.94529294968, 'total_duration': 54879.10041451454, 'accumulated_submission_time': 50879.94529294968, 'accumulated_eval_time': 3988.4300713539124, 'accumulated_logging_time': 4.412188529968262}
I0319 18:31:27.234550 139592099407616 logging_writer.py:48] [114604] accumulated_eval_time=3988.430071, accumulated_logging_time=4.412189, accumulated_submission_time=50879.945293, global_step=114604, preemption_count=0, score=50879.945293, test/accuracy=0.639700, test/loss=1.524995, test/num_examples=10000, total_duration=54879.100415, train/accuracy=0.850547, train/loss=0.569708, validation/accuracy=0.763180, validation/loss=0.931150, validation/num_examples=50000
I0319 18:34:21.358263 139592107800320 logging_writer.py:48] [115000] global_step=115000, grad_norm=2.6272988319396973, loss=3.7061538696289062
I0319 18:38:07.214679 139592099407616 logging_writer.py:48] [115500] global_step=115500, grad_norm=2.5284266471862793, loss=1.4621100425720215
I0319 18:38:27.452531 139793440028480 spec.py:321] Evaluating on the training split.
I0319 18:38:37.906712 139793440028480 spec.py:333] Evaluating on the validation split.
I0319 18:38:58.143060 139793440028480 spec.py:349] Evaluating on the test split.
I0319 18:38:59.755272 139793440028480 submission_runner.py:420] Time since start: 55331.65s, 	Step: 115547, 	{'train/accuracy': 0.8536718487739563, 'train/loss': 0.5610446929931641, 'validation/accuracy': 0.7638999819755554, 'validation/loss': 0.9312052726745605, 'validation/num_examples': 50000, 'test/accuracy': 0.6373000144958496, 'test/loss': 1.5294908285140991, 'test/num_examples': 10000, 'score': 51300.09628677368, 'total_duration': 55331.65394306183, 'accumulated_submission_time': 51300.09628677368, 'accumulated_eval_time': 4020.7327842712402, 'accumulated_logging_time': 4.459543704986572}
I0319 18:38:59.785337 139592107800320 logging_writer.py:48] [115547] accumulated_eval_time=4020.732784, accumulated_logging_time=4.459544, accumulated_submission_time=51300.096287, global_step=115547, preemption_count=0, score=51300.096287, test/accuracy=0.637300, test/loss=1.529491, test/num_examples=10000, total_duration=55331.653943, train/accuracy=0.853672, train/loss=0.561045, validation/accuracy=0.763900, validation/loss=0.931205, validation/num_examples=50000
I0319 18:42:19.765565 139592099407616 logging_writer.py:48] [116000] global_step=116000, grad_norm=2.566307783126831, loss=1.5288130044937134
I0319 18:46:00.147233 139793440028480 spec.py:321] Evaluating on the training split.
I0319 18:46:10.543884 139793440028480 spec.py:333] Evaluating on the validation split.
I0319 18:46:31.905103 139793440028480 spec.py:349] Evaluating on the test split.
I0319 18:46:33.533591 139793440028480 submission_runner.py:420] Time since start: 55785.43s, 	Step: 116490, 	{'train/accuracy': 0.8540233969688416, 'train/loss': 0.5607977509498596, 'validation/accuracy': 0.7656799554824829, 'validation/loss': 0.9310572147369385, 'validation/num_examples': 50000, 'test/accuracy': 0.6445000171661377, 'test/loss': 1.5323371887207031, 'test/num_examples': 10000, 'score': 51720.394916534424, 'total_duration': 55785.432247400284, 'accumulated_submission_time': 51720.394916534424, 'accumulated_eval_time': 4054.1191594600677, 'accumulated_logging_time': 4.499362468719482}
I0319 18:46:33.562564 139592107800320 logging_writer.py:48] [116490] accumulated_eval_time=4054.119159, accumulated_logging_time=4.499362, accumulated_submission_time=51720.394917, global_step=116490, preemption_count=0, score=51720.394917, test/accuracy=0.644500, test/loss=1.532337, test/num_examples=10000, total_duration=55785.432247, train/accuracy=0.854023, train/loss=0.560798, validation/accuracy=0.765680, validation/loss=0.931057, validation/num_examples=50000
I0319 18:46:37.991525 139592099407616 logging_writer.py:48] [116500] global_step=116500, grad_norm=2.2456228733062744, loss=2.736477851867676
I0319 18:50:18.940895 139592107800320 logging_writer.py:48] [117000] global_step=117000, grad_norm=2.604966878890991, loss=3.701939582824707
I0319 18:53:33.594738 139793440028480 spec.py:321] Evaluating on the training split.
I0319 18:53:43.952313 139793440028480 spec.py:333] Evaluating on the validation split.
I0319 18:54:08.233531 139793440028480 spec.py:349] Evaluating on the test split.
I0319 18:54:09.838981 139793440028480 submission_runner.py:420] Time since start: 56241.74s, 	Step: 117434, 	{'train/accuracy': 0.8561718463897705, 'train/loss': 0.5504412055015564, 'validation/accuracy': 0.7667399644851685, 'validation/loss': 0.9199657440185547, 'validation/num_examples': 50000, 'test/accuracy': 0.6425000429153442, 'test/loss': 1.5176986455917358, 'test/num_examples': 10000, 'score': 52140.364542007446, 'total_duration': 56241.737661123276, 'accumulated_submission_time': 52140.364542007446, 'accumulated_eval_time': 4090.3634123802185, 'accumulated_logging_time': 4.538177728652954}
I0319 18:54:09.866860 139592099407616 logging_writer.py:48] [117434] accumulated_eval_time=4090.363412, accumulated_logging_time=4.538178, accumulated_submission_time=52140.364542, global_step=117434, preemption_count=0, score=52140.364542, test/accuracy=0.642500, test/loss=1.517699, test/num_examples=10000, total_duration=56241.737661, train/accuracy=0.856172, train/loss=0.550441, validation/accuracy=0.766740, validation/loss=0.919966, validation/num_examples=50000
I0319 18:54:36.688519 139592107800320 logging_writer.py:48] [117500] global_step=117500, grad_norm=2.5073158740997314, loss=1.4955191612243652
I0319 18:58:19.722301 139592099407616 logging_writer.py:48] [118000] global_step=118000, grad_norm=2.520632743835449, loss=1.3232967853546143
I0319 19:01:10.185825 139793440028480 spec.py:321] Evaluating on the training split.
I0319 19:01:20.642322 139793440028480 spec.py:333] Evaluating on the validation split.
I0319 19:01:42.770014 139793440028480 spec.py:349] Evaluating on the test split.
I0319 19:01:44.371359 139793440028480 submission_runner.py:420] Time since start: 56696.27s, 	Step: 118382, 	{'train/accuracy': 0.8539453148841858, 'train/loss': 0.5580064058303833, 'validation/accuracy': 0.7667799592018127, 'validation/loss': 0.9167547225952148, 'validation/num_examples': 50000, 'test/accuracy': 0.64410001039505, 'test/loss': 1.512929081916809, 'test/num_examples': 10000, 'score': 52560.621530056, 'total_duration': 56696.270032167435, 'accumulated_submission_time': 52560.621530056, 'accumulated_eval_time': 4124.5489621162415, 'accumulated_logging_time': 4.575566053390503}
I0319 19:01:44.397015 139592107800320 logging_writer.py:48] [118382] accumulated_eval_time=4124.548962, accumulated_logging_time=4.575566, accumulated_submission_time=52560.621530, global_step=118382, preemption_count=0, score=52560.621530, test/accuracy=0.644100, test/loss=1.512929, test/num_examples=10000, total_duration=56696.270032, train/accuracy=0.853945, train/loss=0.558006, validation/accuracy=0.766780, validation/loss=0.916755, validation/num_examples=50000
I0319 19:02:32.958980 139592099407616 logging_writer.py:48] [118500] global_step=118500, grad_norm=2.8473713397979736, loss=3.1723010540008545
I0319 19:06:18.161522 139592107800320 logging_writer.py:48] [119000] global_step=119000, grad_norm=2.6526546478271484, loss=1.5923329591751099
I0319 19:08:44.501650 139793440028480 spec.py:321] Evaluating on the training split.
I0319 19:08:54.987456 139793440028480 spec.py:333] Evaluating on the validation split.
I0319 19:09:15.175450 139793440028480 spec.py:349] Evaluating on the test split.
I0319 19:09:16.784658 139793440028480 submission_runner.py:420] Time since start: 57148.68s, 	Step: 119327, 	{'train/accuracy': 0.8578320145606995, 'train/loss': 0.5392902493476868, 'validation/accuracy': 0.7668399810791016, 'validation/loss': 0.9132672548294067, 'validation/num_examples': 50000, 'test/accuracy': 0.6463000178337097, 'test/loss': 1.503037691116333, 'test/num_examples': 10000, 'score': 52980.662798166275, 'total_duration': 57148.683334350586, 'accumulated_submission_time': 52980.662798166275, 'accumulated_eval_time': 4156.831968307495, 'accumulated_logging_time': 4.611612796783447}
I0319 19:09:16.808946 139592099407616 logging_writer.py:48] [119327] accumulated_eval_time=4156.831968, accumulated_logging_time=4.611613, accumulated_submission_time=52980.662798, global_step=119327, preemption_count=0, score=52980.662798, test/accuracy=0.646300, test/loss=1.503038, test/num_examples=10000, total_duration=57148.683334, train/accuracy=0.857832, train/loss=0.539290, validation/accuracy=0.766840, validation/loss=0.913267, validation/num_examples=50000
I0319 19:10:30.343707 139592107800320 logging_writer.py:48] [119500] global_step=119500, grad_norm=2.4259297847747803, loss=1.2689176797866821
I0319 19:14:15.441833 139592099407616 logging_writer.py:48] [120000] global_step=120000, grad_norm=2.6675028800964355, loss=1.421124815940857
I0319 19:16:16.942556 139793440028480 spec.py:321] Evaluating on the training split.
I0319 19:16:27.294867 139793440028480 spec.py:333] Evaluating on the validation split.
I0319 19:16:47.900948 139793440028480 spec.py:349] Evaluating on the test split.
I0319 19:16:49.519574 139793440028480 submission_runner.py:420] Time since start: 57601.42s, 	Step: 120271, 	{'train/accuracy': 0.8631249666213989, 'train/loss': 0.5213625431060791, 'validation/accuracy': 0.769059956073761, 'validation/loss': 0.909471869468689, 'validation/num_examples': 50000, 'test/accuracy': 0.647100031375885, 'test/loss': 1.4938733577728271, 'test/num_examples': 10000, 'score': 53400.73462295532, 'total_duration': 57601.41824054718, 'accumulated_submission_time': 53400.73462295532, 'accumulated_eval_time': 4189.408996105194, 'accumulated_logging_time': 4.6450583934783936}
I0319 19:16:49.556639 139592107800320 logging_writer.py:48] [120271] accumulated_eval_time=4189.408996, accumulated_logging_time=4.645058, accumulated_submission_time=53400.734623, global_step=120271, preemption_count=0, score=53400.734623, test/accuracy=0.647100, test/loss=1.493873, test/num_examples=10000, total_duration=57601.418241, train/accuracy=0.863125, train/loss=0.521363, validation/accuracy=0.769060, validation/loss=0.909472, validation/num_examples=50000
I0319 19:18:28.477206 139592099407616 logging_writer.py:48] [120500] global_step=120500, grad_norm=2.4165215492248535, loss=1.6385612487792969
I0319 19:22:13.990838 139592107800320 logging_writer.py:48] [121000] global_step=121000, grad_norm=2.668788194656372, loss=1.4112669229507446
I0319 19:23:49.543533 139793440028480 spec.py:321] Evaluating on the training split.
I0319 19:23:59.981215 139793440028480 spec.py:333] Evaluating on the validation split.
I0319 19:24:21.130230 139793440028480 spec.py:349] Evaluating on the test split.
I0319 19:24:22.738578 139793440028480 submission_runner.py:420] Time since start: 58054.64s, 	Step: 121213, 	{'train/accuracy': 0.8573827743530273, 'train/loss': 0.5495367050170898, 'validation/accuracy': 0.7687599658966064, 'validation/loss': 0.9154432415962219, 'validation/num_examples': 50000, 'test/accuracy': 0.6465000510215759, 'test/loss': 1.504189372062683, 'test/num_examples': 10000, 'score': 53820.65683197975, 'total_duration': 58054.6372487545, 'accumulated_submission_time': 53820.65683197975, 'accumulated_eval_time': 4222.604034662247, 'accumulated_logging_time': 4.694658279418945}
I0319 19:24:22.771208 139592099407616 logging_writer.py:48] [121213] accumulated_eval_time=4222.604035, accumulated_logging_time=4.694658, accumulated_submission_time=53820.656832, global_step=121213, preemption_count=0, score=53820.656832, test/accuracy=0.646500, test/loss=1.504189, test/num_examples=10000, total_duration=58054.637249, train/accuracy=0.857383, train/loss=0.549537, validation/accuracy=0.768760, validation/loss=0.915443, validation/num_examples=50000
I0319 19:26:27.950068 139592107800320 logging_writer.py:48] [121500] global_step=121500, grad_norm=2.4255411624908447, loss=1.451640009880066
I0319 19:30:13.098458 139592099407616 logging_writer.py:48] [122000] global_step=122000, grad_norm=2.3279926776885986, loss=1.9031156301498413
I0319 19:31:22.920455 139793440028480 spec.py:321] Evaluating on the training split.
I0319 19:31:33.705227 139793440028480 spec.py:333] Evaluating on the validation split.
I0319 19:31:56.039302 139793440028480 spec.py:349] Evaluating on the test split.
I0319 19:31:57.647926 139793440028480 submission_runner.py:420] Time since start: 58509.55s, 	Step: 122156, 	{'train/accuracy': 0.8579882383346558, 'train/loss': 0.5272805094718933, 'validation/accuracy': 0.7706999778747559, 'validation/loss': 0.9024597406387329, 'validation/num_examples': 50000, 'test/accuracy': 0.65010005235672, 'test/loss': 1.487162470817566, 'test/num_examples': 10000, 'score': 54240.74327278137, 'total_duration': 58509.546602249146, 'accumulated_submission_time': 54240.74327278137, 'accumulated_eval_time': 4257.331519842148, 'accumulated_logging_time': 4.7378764152526855}
I0319 19:31:57.679586 139592107800320 logging_writer.py:48] [122156] accumulated_eval_time=4257.331520, accumulated_logging_time=4.737876, accumulated_submission_time=54240.743273, global_step=122156, preemption_count=0, score=54240.743273, test/accuracy=0.650100, test/loss=1.487162, test/num_examples=10000, total_duration=58509.546602, train/accuracy=0.857988, train/loss=0.527281, validation/accuracy=0.770700, validation/loss=0.902460, validation/num_examples=50000
I0319 19:34:27.739249 139592099407616 logging_writer.py:48] [122500] global_step=122500, grad_norm=2.6216788291931152, loss=1.3145089149475098
I0319 19:38:12.849613 139592107800320 logging_writer.py:48] [123000] global_step=123000, grad_norm=2.6140635013580322, loss=1.3963346481323242
I0319 19:38:57.902012 139793440028480 spec.py:321] Evaluating on the training split.
I0319 19:39:08.147357 139793440028480 spec.py:333] Evaluating on the validation split.
I0319 19:39:28.720475 139793440028480 spec.py:349] Evaluating on the test split.
I0319 19:39:30.335445 139793440028480 submission_runner.py:420] Time since start: 58962.23s, 	Step: 123102, 	{'train/accuracy': 0.8630273342132568, 'train/loss': 0.52430260181427, 'validation/accuracy': 0.769819974899292, 'validation/loss': 0.9018756747245789, 'validation/num_examples': 50000, 'test/accuracy': 0.6461000442504883, 'test/loss': 1.4945242404937744, 'test/num_examples': 10000, 'score': 54660.90355968475, 'total_duration': 58962.234115600586, 'accumulated_submission_time': 54660.90355968475, 'accumulated_eval_time': 4289.764947891235, 'accumulated_logging_time': 4.778675556182861}
I0319 19:39:30.368578 139592099407616 logging_writer.py:48] [123102] accumulated_eval_time=4289.764948, accumulated_logging_time=4.778676, accumulated_submission_time=54660.903560, global_step=123102, preemption_count=0, score=54660.903560, test/accuracy=0.646100, test/loss=1.494524, test/num_examples=10000, total_duration=58962.234116, train/accuracy=0.863027, train/loss=0.524303, validation/accuracy=0.769820, validation/loss=0.901876, validation/num_examples=50000
I0319 19:42:25.396193 139592107800320 logging_writer.py:48] [123500] global_step=123500, grad_norm=2.4524660110473633, loss=2.331660747528076
I0319 19:46:10.828223 139592099407616 logging_writer.py:48] [124000] global_step=124000, grad_norm=2.638317823410034, loss=1.1999025344848633
I0319 19:46:30.731737 139793440028480 spec.py:321] Evaluating on the training split.
I0319 19:46:41.194249 139793440028480 spec.py:333] Evaluating on the validation split.
I0319 19:47:03.869681 139793440028480 spec.py:349] Evaluating on the test split.
I0319 19:47:05.481158 139793440028480 submission_runner.py:420] Time since start: 59417.38s, 	Step: 124046, 	{'train/accuracy': 0.8626952767372131, 'train/loss': 0.5199557542800903, 'validation/accuracy': 0.7716799974441528, 'validation/loss': 0.8945387005805969, 'validation/num_examples': 50000, 'test/accuracy': 0.6510000228881836, 'test/loss': 1.4852551221847534, 'test/num_examples': 10000, 'score': 55081.20386981964, 'total_duration': 59417.379841566086, 'accumulated_submission_time': 55081.20386981964, 'accumulated_eval_time': 4324.514363765717, 'accumulated_logging_time': 4.8217689990997314}
I0319 19:47:05.506180 139592107800320 logging_writer.py:48] [124046] accumulated_eval_time=4324.514364, accumulated_logging_time=4.821769, accumulated_submission_time=55081.203870, global_step=124046, preemption_count=0, score=55081.203870, test/accuracy=0.651000, test/loss=1.485255, test/num_examples=10000, total_duration=59417.379842, train/accuracy=0.862695, train/loss=0.519956, validation/accuracy=0.771680, validation/loss=0.894539, validation/num_examples=50000
I0319 19:50:25.169751 139592099407616 logging_writer.py:48] [124500] global_step=124500, grad_norm=2.808210611343384, loss=1.2807722091674805
I0319 19:54:05.888759 139793440028480 spec.py:321] Evaluating on the training split.
I0319 19:54:16.089851 139793440028480 spec.py:333] Evaluating on the validation split.
I0319 19:54:38.500084 139793440028480 spec.py:349] Evaluating on the test split.
I0319 19:54:40.108324 139793440028480 submission_runner.py:420] Time since start: 59872.01s, 	Step: 124992, 	{'train/accuracy': 0.8640234470367432, 'train/loss': 0.5254991054534912, 'validation/accuracy': 0.7728999853134155, 'validation/loss': 0.8978889584541321, 'validation/num_examples': 50000, 'test/accuracy': 0.6508000493049622, 'test/loss': 1.4892643690109253, 'test/num_examples': 10000, 'score': 55501.52442550659, 'total_duration': 59872.0070066452, 'accumulated_submission_time': 55501.52442550659, 'accumulated_eval_time': 4358.733941078186, 'accumulated_logging_time': 4.85650110244751}
I0319 19:54:40.133649 139592107800320 logging_writer.py:48] [124992] accumulated_eval_time=4358.733941, accumulated_logging_time=4.856501, accumulated_submission_time=55501.524426, global_step=124992, preemption_count=0, score=55501.524426, test/accuracy=0.650800, test/loss=1.489264, test/num_examples=10000, total_duration=59872.007007, train/accuracy=0.864023, train/loss=0.525499, validation/accuracy=0.772900, validation/loss=0.897889, validation/num_examples=50000
I0319 19:54:43.739855 139592099407616 logging_writer.py:48] [125000] global_step=125000, grad_norm=2.582019567489624, loss=1.2955659627914429
I0319 19:58:24.465518 139592107800320 logging_writer.py:48] [125500] global_step=125500, grad_norm=2.6643834114074707, loss=1.3231472969055176
I0319 20:01:40.158004 139793440028480 spec.py:321] Evaluating on the training split.
I0319 20:01:50.643780 139793440028480 spec.py:333] Evaluating on the validation split.
I0319 20:02:12.700125 139793440028480 spec.py:349] Evaluating on the test split.
I0319 20:02:14.314553 139793440028480 submission_runner.py:420] Time since start: 60326.21s, 	Step: 125937, 	{'train/accuracy': 0.86328125, 'train/loss': 0.5222283601760864, 'validation/accuracy': 0.7728399634361267, 'validation/loss': 0.8917573094367981, 'validation/num_examples': 50000, 'test/accuracy': 0.6516000032424927, 'test/loss': 1.4831252098083496, 'test/num_examples': 10000, 'score': 55921.4867773056, 'total_duration': 60326.21323823929, 'accumulated_submission_time': 55921.4867773056, 'accumulated_eval_time': 4392.890504360199, 'accumulated_logging_time': 4.890900135040283}
I0319 20:02:14.343432 139592099407616 logging_writer.py:48] [125937] accumulated_eval_time=4392.890504, accumulated_logging_time=4.890900, accumulated_submission_time=55921.486777, global_step=125937, preemption_count=0, score=55921.486777, test/accuracy=0.651600, test/loss=1.483125, test/num_examples=10000, total_duration=60326.213238, train/accuracy=0.863281, train/loss=0.522228, validation/accuracy=0.772840, validation/loss=0.891757, validation/num_examples=50000
I0319 20:02:39.974240 139592107800320 logging_writer.py:48] [126000] global_step=126000, grad_norm=2.4943764209747314, loss=1.632447600364685
I0319 20:06:23.694337 139592099407616 logging_writer.py:48] [126500] global_step=126500, grad_norm=2.3985023498535156, loss=1.9669007062911987
I0319 20:09:14.651340 139793440028480 spec.py:321] Evaluating on the training split.
I0319 20:09:25.157599 139793440028480 spec.py:333] Evaluating on the validation split.
I0319 20:09:46.511626 139793440028480 spec.py:349] Evaluating on the test split.
I0319 20:09:48.130375 139793440028480 submission_runner.py:420] Time since start: 60780.03s, 	Step: 126882, 	{'train/accuracy': 0.8663085699081421, 'train/loss': 0.5123443007469177, 'validation/accuracy': 0.7719399929046631, 'validation/loss': 0.8921030163764954, 'validation/num_examples': 50000, 'test/accuracy': 0.6491000056266785, 'test/loss': 1.481019377708435, 'test/num_examples': 10000, 'score': 56341.7328619957, 'total_duration': 60780.02904462814, 'accumulated_submission_time': 56341.7328619957, 'accumulated_eval_time': 4426.36954665184, 'accumulated_logging_time': 4.929235935211182}
I0319 20:09:48.162093 139592107800320 logging_writer.py:48] [126882] accumulated_eval_time=4426.369547, accumulated_logging_time=4.929236, accumulated_submission_time=56341.732862, global_step=126882, preemption_count=0, score=56341.732862, test/accuracy=0.649100, test/loss=1.481019, test/num_examples=10000, total_duration=60780.029045, train/accuracy=0.866309, train/loss=0.512344, validation/accuracy=0.771940, validation/loss=0.892103, validation/num_examples=50000
I0319 20:10:37.116049 139592099407616 logging_writer.py:48] [127000] global_step=127000, grad_norm=2.479074001312256, loss=2.0446090698242188
I0319 20:14:22.107203 139592107800320 logging_writer.py:48] [127500] global_step=127500, grad_norm=2.9170215129852295, loss=1.317293405532837
I0319 20:16:48.142174 139793440028480 spec.py:321] Evaluating on the training split.
I0319 20:16:58.437395 139793440028480 spec.py:333] Evaluating on the validation split.
I0319 20:17:21.427540 139793440028480 spec.py:349] Evaluating on the test split.
I0319 20:17:23.033526 139793440028480 submission_runner.py:420] Time since start: 61234.93s, 	Step: 127826, 	{'train/accuracy': 0.8672655820846558, 'train/loss': 0.5014148354530334, 'validation/accuracy': 0.7742999792098999, 'validation/loss': 0.8846955299377441, 'validation/num_examples': 50000, 'test/accuracy': 0.6528000235557556, 'test/loss': 1.466226577758789, 'test/num_examples': 10000, 'score': 56761.648509025574, 'total_duration': 61234.93220591545, 'accumulated_submission_time': 56761.648509025574, 'accumulated_eval_time': 4461.260905742645, 'accumulated_logging_time': 4.972701072692871}
I0319 20:17:23.061958 139592099407616 logging_writer.py:48] [127826] accumulated_eval_time=4461.260906, accumulated_logging_time=4.972701, accumulated_submission_time=56761.648509, global_step=127826, preemption_count=0, score=56761.648509, test/accuracy=0.652800, test/loss=1.466227, test/num_examples=10000, total_duration=61234.932206, train/accuracy=0.867266, train/loss=0.501415, validation/accuracy=0.774300, validation/loss=0.884696, validation/num_examples=50000
I0319 20:17:23.082977 139592107800320 logging_writer.py:48] [127826] global_step=127826, preemption_count=0, score=56761.648509
I0319 20:17:23.425138 139793440028480 checkpoints.py:490] Saving checkpoint at step: 127826
I0319 20:17:24.160472 139793440028480 checkpoints.py:422] Saved checkpoint at /experiment_runs/variants_target_setting/study_0/imagenet_vit_map_jax/trial_1/checkpoint_127826
I0319 20:17:24.165158 139793440028480 checkpoint_utils.py:240] Saved checkpoint to /experiment_runs/variants_target_setting/study_0/imagenet_vit_map_jax/trial_1/checkpoint_127826.
I0319 20:17:25.067952 139793440028480 submission_runner.py:593] Tuning trial 1/1
I0319 20:17:25.068189 139793440028480 submission_runner.py:594] Hyperparameters: Hyperparameters(learning_rate=0.0008445074561975979, beta1=0.8895758153482813, beta2=0.9978504782314613, warmup_steps=6999, weight_decay=0.08135402759553023)
