python3 submission_runner.py --framework=jax --workload=imagenet_vit_map --submission_path=reference_algorithms/target_setting_algorithms/jax_nadamw.py --data_dir=/data/imagenet/jax --num_tuning_trials=1 --experiment_dir=/experiment_runs --experiment_name=variants_target_setting/study_0 --overwrite=true --save_checkpoints=false --rng_seed=1286235446 --max_global_steps=186666 --imagenet_v2_data_dir=/data/imagenet/jax --tuning_ruleset=external --tuning_search_space=reference_algorithms/target_setting_algorithms/imagenet_vit_map/tuning_search_space.json --num_tuning_trials=1 2>&1 | tee -a /logs/imagenet_vit_map_jax_03-19-2024-03-16-02.log
/usr/local/lib/python3.8/dist-packages/tensorflow_addons/utils/tfa_eol_msg.py:23: UserWarning: 

TensorFlow Addons (TFA) has ended development and introduction of new features.
TFA has entered a minimal maintenance and release mode until a planned end of life in May 2024.
Please modify downstream libraries to take dependencies from other repositories in our TensorFlow community (e.g. Keras, Keras-CV, and Keras-NLP). 

For more information see: https://github.com/tensorflow/addons/issues/2807 

  warnings.warn(
I0319 03:16:25.444724 139793440028480 logger_utils.py:76] Creating experiment directory at /experiment_runs/variants_target_setting/study_0/imagenet_vit_map_jax.
I0319 03:16:26.488198 139793440028480 xla_bridge.py:455] Unable to initialize backend 'rocm': NOT_FOUND: Could not find registered platform with name: "rocm". Available platform names are: Interpreter CUDA Host
I0319 03:16:26.488887 139793440028480 xla_bridge.py:455] Unable to initialize backend 'tpu': module 'jaxlib.xla_extension' has no attribute 'get_tpu_client'
I0319 03:16:26.489052 139793440028480 xla_bridge.py:455] Unable to initialize backend 'plugin': xla_extension has no attributes named get_plugin_device_client. Compile TensorFlow with //tensorflow/compiler/xla/python:enable_plugin_device set to true (defaults to false) to enable this.
I0319 03:16:26.495297 139793440028480 submission_runner.py:554] Using RNG seed 1286235446
I0319 03:16:27.629832 139793440028480 submission_runner.py:563] --- Tuning run 1/1 ---
I0319 03:16:27.630049 139793440028480 submission_runner.py:568] Creating tuning directory at /experiment_runs/variants_target_setting/study_0/imagenet_vit_map_jax/trial_1.
I0319 03:16:27.630226 139793440028480 logger_utils.py:92] Saving hparams to /experiment_runs/variants_target_setting/study_0/imagenet_vit_map_jax/trial_1/hparams.json.
I0319 03:16:27.813787 139793440028480 submission_runner.py:209] Initializing dataset.
I0319 03:16:27.829647 139793440028480 dataset_info.py:578] Load dataset info from /data/imagenet/jax/imagenet2012/5.1.0
I0319 03:16:27.846806 139793440028480 dataset_info.py:669] Fields info.[splits, supervised_keys] from disk and from code do not match. Keeping the one from code.
I0319 03:16:28.231808 139793440028480 logging_logger.py:49] Constructing tf.data.Dataset imagenet2012 for split train, from /data/imagenet/jax/imagenet2012/5.1.0
I0319 03:16:36.763496 139793440028480 submission_runner.py:220] Initializing model.
I0319 03:16:46.437251 139793440028480 submission_runner.py:262] Initializing optimizer.
I0319 03:16:47.466753 139793440028480 submission_runner.py:269] Initializing metrics bundle.
I0319 03:16:47.466988 139793440028480 submission_runner.py:287] Initializing checkpoint and logger.
I0319 03:16:47.468253 139793440028480 checkpoints.py:915] Found no checkpoint files in /experiment_runs/variants_target_setting/study_0/imagenet_vit_map_jax/trial_1 with prefix checkpoint_
I0319 03:16:47.468386 139793440028480 submission_runner.py:307] Saving meta data to /experiment_runs/variants_target_setting/study_0/imagenet_vit_map_jax/trial_1/meta_data_0.json.
fatal: detected dubious ownership in repository at '/algorithmic-efficiency'
To add an exception for this directory, call:

	git config --global --add safe.directory /algorithmic-efficiency
I0319 03:16:47.792925 139793440028480 logger_utils.py:220] Unable to record git information. Continuing without it.
I0319 03:16:48.091146 139793440028480 submission_runner.py:311] Saving flags to /experiment_runs/variants_target_setting/study_0/imagenet_vit_map_jax/trial_1/flags_0.json.
I0319 03:16:48.101269 139793440028480 submission_runner.py:321] Starting training loop.
I0319 03:17:31.249896 139630356416256 logging_writer.py:48] [0] global_step=0, grad_norm=0.3923417329788208, loss=6.9077558517456055
I0319 03:17:31.267216 139793440028480 spec.py:321] Evaluating on the training split.
I0319 03:17:31.275102 139793440028480 dataset_info.py:578] Load dataset info from /data/imagenet/jax/imagenet2012/5.1.0
I0319 03:17:31.283882 139793440028480 dataset_info.py:669] Fields info.[splits, supervised_keys] from disk and from code do not match. Keeping the one from code.
I0319 03:17:31.364866 139793440028480 logging_logger.py:49] Constructing tf.data.Dataset imagenet2012 for split train, from /data/imagenet/jax/imagenet2012/5.1.0
I0319 03:17:47.994995 139793440028480 spec.py:333] Evaluating on the validation split.
I0319 03:17:48.004667 139793440028480 dataset_info.py:578] Load dataset info from /data/imagenet/jax/imagenet2012/5.1.0
I0319 03:17:48.021100 139793440028480 dataset_info.py:669] Fields info.[splits, supervised_keys] from disk and from code do not match. Keeping the one from code.
I0319 03:17:48.086542 139793440028480 logging_logger.py:49] Constructing tf.data.Dataset imagenet2012 for split validation, from /data/imagenet/jax/imagenet2012/5.1.0
I0319 03:18:05.784544 139793440028480 spec.py:349] Evaluating on the test split.
I0319 03:18:05.792223 139793440028480 dataset_info.py:578] Load dataset info from /data/imagenet/jax/imagenet_v2/matched-frequency/3.0.0
I0319 03:18:05.798282 139793440028480 dataset_builder.py:528] Reusing dataset imagenet_v2 (/data/imagenet/jax/imagenet_v2/matched-frequency/3.0.0)
I0319 03:18:05.847246 139793440028480 logging_logger.py:49] Constructing tf.data.Dataset imagenet_v2 for split test, from /data/imagenet/jax/imagenet_v2/matched-frequency/3.0.0
I0319 03:18:11.014146 139793440028480 submission_runner.py:420] Time since start: 82.91s, 	Step: 1, 	{'train/accuracy': 0.0009570312104187906, 'train/loss': 6.907756328582764, 'validation/accuracy': 0.0009999999310821295, 'validation/loss': 6.9077558517456055, 'validation/num_examples': 50000, 'test/accuracy': 0.0010000000474974513, 'test/loss': 6.907756805419922, 'test/num_examples': 10000, 'score': 43.16585683822632, 'total_duration': 82.91282558441162, 'accumulated_submission_time': 43.16585683822632, 'accumulated_eval_time': 39.746883153915405, 'accumulated_logging_time': 0}
I0319 03:18:11.029840 139592091014912 logging_writer.py:48] [1] accumulated_eval_time=39.746883, accumulated_logging_time=0, accumulated_submission_time=43.165857, global_step=1, preemption_count=0, score=43.165857, test/accuracy=0.001000, test/loss=6.907757, test/num_examples=10000, total_duration=82.912826, train/accuracy=0.000957, train/loss=6.907756, validation/accuracy=0.001000, validation/loss=6.907756, validation/num_examples=50000
I0319 03:18:35.849274 139628359177984 logging_writer.py:48] [1] global_step=1, grad_norm=0.3923485577106476, loss=6.9077558517456055
I0319 03:18:36.243993 139628367570688 logging_writer.py:48] [2] global_step=2, grad_norm=0.38004499673843384, loss=6.907754421234131
I0319 03:18:36.650594 139628359177984 logging_writer.py:48] [3] global_step=3, grad_norm=0.3875373601913452, loss=6.907759189605713
I0319 03:18:37.055306 139628367570688 logging_writer.py:48] [4] global_step=4, grad_norm=0.3746882677078247, loss=6.907754898071289
I0319 03:18:37.465384 139628359177984 logging_writer.py:48] [5] global_step=5, grad_norm=0.3844185173511505, loss=6.907751083374023
I0319 03:18:37.872040 139628367570688 logging_writer.py:48] [6] global_step=6, grad_norm=0.3991667926311493, loss=6.907744407653809
I0319 03:18:38.278711 139628359177984 logging_writer.py:48] [7] global_step=7, grad_norm=0.390410840511322, loss=6.907754421234131
I0319 03:18:38.690249 139628367570688 logging_writer.py:48] [8] global_step=8, grad_norm=0.37340831756591797, loss=6.907754898071289
I0319 03:18:39.100911 139628359177984 logging_writer.py:48] [9] global_step=9, grad_norm=0.3989790380001068, loss=6.907741546630859
I0319 03:18:39.508986 139628367570688 logging_writer.py:48] [10] global_step=10, grad_norm=0.3737572133541107, loss=6.907749176025391
I0319 03:18:39.918668 139628359177984 logging_writer.py:48] [11] global_step=11, grad_norm=0.4040062129497528, loss=6.907748699188232
I0319 03:18:40.328657 139628367570688 logging_writer.py:48] [12] global_step=12, grad_norm=0.3750499188899994, loss=6.9077253341674805
I0319 03:18:40.736668 139628359177984 logging_writer.py:48] [13] global_step=13, grad_norm=0.4021536111831665, loss=6.9077229499816895
I0319 03:18:41.150449 139628367570688 logging_writer.py:48] [14] global_step=14, grad_norm=0.3737594485282898, loss=6.907745361328125
I0319 03:18:41.559763 139628359177984 logging_writer.py:48] [15] global_step=15, grad_norm=0.3943192958831787, loss=6.907759189605713
I0319 03:18:41.975026 139628367570688 logging_writer.py:48] [16] global_step=16, grad_norm=0.37838152050971985, loss=6.907703399658203
I0319 03:18:42.385483 139628359177984 logging_writer.py:48] [17] global_step=17, grad_norm=0.40048542618751526, loss=6.9076995849609375
I0319 03:18:42.796324 139628367570688 logging_writer.py:48] [18] global_step=18, grad_norm=0.3680283725261688, loss=6.907753944396973
I0319 03:18:43.213868 139628359177984 logging_writer.py:48] [19] global_step=19, grad_norm=0.3959503471851349, loss=6.907736778259277
I0319 03:18:43.633475 139628367570688 logging_writer.py:48] [20] global_step=20, grad_norm=0.37101617455482483, loss=6.907684326171875
I0319 03:18:44.048046 139628359177984 logging_writer.py:48] [21] global_step=21, grad_norm=0.39617323875427246, loss=6.907695293426514
I0319 03:18:44.459097 139628367570688 logging_writer.py:48] [22] global_step=22, grad_norm=0.3799636662006378, loss=6.907705307006836
I0319 03:18:44.869448 139628359177984 logging_writer.py:48] [23] global_step=23, grad_norm=0.392593115568161, loss=6.907655239105225
I0319 03:18:45.280103 139628367570688 logging_writer.py:48] [24] global_step=24, grad_norm=0.40306150913238525, loss=6.907600402832031
I0319 03:18:45.693175 139628359177984 logging_writer.py:48] [25] global_step=25, grad_norm=0.4020540714263916, loss=6.907639980316162
I0319 03:18:46.106192 139628367570688 logging_writer.py:48] [26] global_step=26, grad_norm=0.38035663962364197, loss=6.907707691192627
I0319 03:18:46.521710 139628359177984 logging_writer.py:48] [27] global_step=27, grad_norm=0.39520710706710815, loss=6.907651901245117
I0319 03:18:46.931453 139628367570688 logging_writer.py:48] [28] global_step=28, grad_norm=0.4057713747024536, loss=6.9076361656188965
I0319 03:18:47.346605 139628359177984 logging_writer.py:48] [29] global_step=29, grad_norm=0.3983427584171295, loss=6.907700538635254
I0319 03:18:47.756088 139628367570688 logging_writer.py:48] [30] global_step=30, grad_norm=0.4048977494239807, loss=6.9076738357543945
I0319 03:18:48.172363 139628359177984 logging_writer.py:48] [31] global_step=31, grad_norm=0.40237340331077576, loss=6.907589435577393
I0319 03:18:48.595889 139628367570688 logging_writer.py:48] [32] global_step=32, grad_norm=0.41003257036209106, loss=6.907623767852783
I0319 03:18:49.011783 139628359177984 logging_writer.py:48] [33] global_step=33, grad_norm=0.4013189971446991, loss=6.907495975494385
I0319 03:18:49.416722 139628367570688 logging_writer.py:48] [34] global_step=34, grad_norm=0.4067399203777313, loss=6.907567024230957
I0319 03:18:49.836020 139628359177984 logging_writer.py:48] [35] global_step=35, grad_norm=0.3716049790382385, loss=6.907565116882324
I0319 03:18:50.248021 139628367570688 logging_writer.py:48] [36] global_step=36, grad_norm=0.4034624397754669, loss=6.907437324523926
I0319 03:18:50.665586 139628359177984 logging_writer.py:48] [37] global_step=37, grad_norm=0.40890538692474365, loss=6.9074320793151855
I0319 03:18:51.076865 139628367570688 logging_writer.py:48] [38] global_step=38, grad_norm=0.3827023208141327, loss=6.9074602127075195
I0319 03:18:51.491841 139628359177984 logging_writer.py:48] [39] global_step=39, grad_norm=0.37876465916633606, loss=6.907543182373047
I0319 03:18:51.908494 139628367570688 logging_writer.py:48] [40] global_step=40, grad_norm=0.3976473808288574, loss=6.907400608062744
I0319 03:18:52.322019 139628359177984 logging_writer.py:48] [41] global_step=41, grad_norm=0.42001157999038696, loss=6.907466411590576
I0319 03:18:52.739677 139628367570688 logging_writer.py:48] [42] global_step=42, grad_norm=0.39423084259033203, loss=6.907553672790527
I0319 03:18:53.156412 139628359177984 logging_writer.py:48] [43] global_step=43, grad_norm=0.39582324028015137, loss=6.907248020172119
I0319 03:18:53.570061 139628367570688 logging_writer.py:48] [44] global_step=44, grad_norm=0.4138301610946655, loss=6.907209396362305
I0319 03:18:53.978651 139628359177984 logging_writer.py:48] [45] global_step=45, grad_norm=0.38121968507766724, loss=6.907377243041992
I0319 03:18:54.386812 139628367570688 logging_writer.py:48] [46] global_step=46, grad_norm=0.39762863516807556, loss=6.907512664794922
I0319 03:18:54.791652 139628359177984 logging_writer.py:48] [47] global_step=47, grad_norm=0.43229949474334717, loss=6.907146453857422
I0319 03:18:55.201056 139628367570688 logging_writer.py:48] [48] global_step=48, grad_norm=0.43210968375205994, loss=6.907252311706543
I0319 03:18:55.607638 139628359177984 logging_writer.py:48] [49] global_step=49, grad_norm=0.4429888427257538, loss=6.907034397125244
I0319 03:18:56.025340 139628367570688 logging_writer.py:48] [50] global_step=50, grad_norm=0.43973344564437866, loss=6.90704870223999
I0319 03:18:56.437307 139628359177984 logging_writer.py:48] [51] global_step=51, grad_norm=0.43249258399009705, loss=6.907006740570068
I0319 03:18:56.846639 139628367570688 logging_writer.py:48] [52] global_step=52, grad_norm=0.4458296000957489, loss=6.906996726989746
I0319 03:18:57.255555 139628359177984 logging_writer.py:48] [53] global_step=53, grad_norm=0.3943905830383301, loss=6.906985282897949
I0319 03:18:57.681749 139628367570688 logging_writer.py:48] [54] global_step=54, grad_norm=0.44652384519577026, loss=6.9065842628479
I0319 03:18:58.094835 139628359177984 logging_writer.py:48] [55] global_step=55, grad_norm=0.45270416140556335, loss=6.906946659088135
I0319 03:18:58.509991 139628367570688 logging_writer.py:48] [56] global_step=56, grad_norm=0.4443415105342865, loss=6.906877517700195
I0319 03:18:58.928395 139628359177984 logging_writer.py:48] [57] global_step=57, grad_norm=0.4409099221229553, loss=6.906769752502441
I0319 03:18:59.342627 139628367570688 logging_writer.py:48] [58] global_step=58, grad_norm=0.45370227098464966, loss=6.906500339508057
I0319 03:18:59.757339 139628359177984 logging_writer.py:48] [59] global_step=59, grad_norm=0.4300207197666168, loss=6.906786918640137
I0319 03:19:00.165454 139628367570688 logging_writer.py:48] [60] global_step=60, grad_norm=0.46573349833488464, loss=6.906398296356201
I0319 03:19:00.575950 139628359177984 logging_writer.py:48] [61] global_step=61, grad_norm=0.4374011754989624, loss=6.906272888183594
I0319 03:19:00.987088 139628367570688 logging_writer.py:48] [62] global_step=62, grad_norm=0.45037326216697693, loss=6.906197547912598
I0319 03:19:01.394478 139628359177984 logging_writer.py:48] [63] global_step=63, grad_norm=0.39652198553085327, loss=6.906914234161377
I0319 03:19:01.804192 139628367570688 logging_writer.py:48] [64] global_step=64, grad_norm=0.4360094964504242, loss=6.906302452087402
I0319 03:19:02.232443 139628359177984 logging_writer.py:48] [65] global_step=65, grad_norm=0.42493772506713867, loss=6.906735420227051
I0319 03:19:02.643503 139628367570688 logging_writer.py:48] [66] global_step=66, grad_norm=0.4859175682067871, loss=6.905872821807861
I0319 03:19:03.051861 139628359177984 logging_writer.py:48] [67] global_step=67, grad_norm=0.455456018447876, loss=6.906002998352051
I0319 03:19:03.470044 139628367570688 logging_writer.py:48] [68] global_step=68, grad_norm=0.40788620710372925, loss=6.906597137451172
I0319 03:19:03.889652 139628359177984 logging_writer.py:48] [69] global_step=69, grad_norm=0.47923630475997925, loss=6.90590238571167
I0319 03:19:04.309595 139628367570688 logging_writer.py:48] [70] global_step=70, grad_norm=0.4364089071750641, loss=6.906669616699219
I0319 03:19:04.729276 139628359177984 logging_writer.py:48] [71] global_step=71, grad_norm=0.42870521545410156, loss=6.905755996704102
I0319 03:19:05.147496 139628367570688 logging_writer.py:48] [72] global_step=72, grad_norm=0.4575923979282379, loss=6.9058732986450195
I0319 03:19:05.568304 139628359177984 logging_writer.py:48] [73] global_step=73, grad_norm=0.4065728783607483, loss=6.906320095062256
I0319 03:19:05.980555 139628367570688 logging_writer.py:48] [74] global_step=74, grad_norm=0.4765516519546509, loss=6.905385971069336
I0319 03:19:06.393697 139628359177984 logging_writer.py:48] [75] global_step=75, grad_norm=0.4860784113407135, loss=6.905501842498779
I0319 03:19:06.811826 139628367570688 logging_writer.py:48] [76] global_step=76, grad_norm=0.5065592527389526, loss=6.9049763679504395
I0319 03:19:07.227782 139628359177984 logging_writer.py:48] [77] global_step=77, grad_norm=0.5082146525382996, loss=6.904453754425049
I0319 03:19:07.644449 139628367570688 logging_writer.py:48] [78] global_step=78, grad_norm=0.4307555854320526, loss=6.905486106872559
I0319 03:19:08.053306 139628359177984 logging_writer.py:48] [79] global_step=79, grad_norm=0.4797598719596863, loss=6.905397415161133
I0319 03:19:08.467092 139628367570688 logging_writer.py:48] [80] global_step=80, grad_norm=0.49514079093933105, loss=6.9038543701171875
I0319 03:19:08.880325 139628359177984 logging_writer.py:48] [81] global_step=81, grad_norm=0.4758206903934479, loss=6.9035258293151855
I0319 03:19:09.295003 139628367570688 logging_writer.py:48] [82] global_step=82, grad_norm=0.5070748925209045, loss=6.904073238372803
I0319 03:19:09.717039 139628359177984 logging_writer.py:48] [83] global_step=83, grad_norm=0.5231589674949646, loss=6.903465270996094
I0319 03:19:10.134654 139628367570688 logging_writer.py:48] [84] global_step=84, grad_norm=0.5309736132621765, loss=6.904680252075195
I0319 03:19:10.556995 139628359177984 logging_writer.py:48] [85] global_step=85, grad_norm=0.516476571559906, loss=6.904383182525635
I0319 03:19:10.975142 139628367570688 logging_writer.py:48] [86] global_step=86, grad_norm=0.46645161509513855, loss=6.90440559387207
I0319 03:19:11.385635 139628359177984 logging_writer.py:48] [87] global_step=87, grad_norm=0.44660094380378723, loss=6.903837203979492
I0319 03:19:11.799573 139628367570688 logging_writer.py:48] [88] global_step=88, grad_norm=0.5116867423057556, loss=6.902742385864258
I0319 03:19:12.222818 139628359177984 logging_writer.py:48] [89] global_step=89, grad_norm=0.525126576423645, loss=6.902405261993408
I0319 03:19:12.637310 139628367570688 logging_writer.py:48] [90] global_step=90, grad_norm=0.5280630588531494, loss=6.90277624130249
I0319 03:19:13.054115 139628359177984 logging_writer.py:48] [91] global_step=91, grad_norm=0.5394647121429443, loss=6.902224540710449
I0319 03:19:13.468611 139628367570688 logging_writer.py:48] [92] global_step=92, grad_norm=0.5255193114280701, loss=6.901590347290039
I0319 03:19:13.884284 139628359177984 logging_writer.py:48] [93] global_step=93, grad_norm=0.4473772644996643, loss=6.903806686401367
I0319 03:19:14.304873 139628367570688 logging_writer.py:48] [94] global_step=94, grad_norm=0.5337128043174744, loss=6.902283668518066
I0319 03:19:14.724390 139628359177984 logging_writer.py:48] [95] global_step=95, grad_norm=0.49830734729766846, loss=6.901839256286621
I0319 03:19:15.137063 139628367570688 logging_writer.py:48] [96] global_step=96, grad_norm=0.5098371505737305, loss=6.9014892578125
I0319 03:19:15.559912 139628359177984 logging_writer.py:48] [97] global_step=97, grad_norm=0.5341997742652893, loss=6.902791976928711
I0319 03:19:15.974231 139628367570688 logging_writer.py:48] [98] global_step=98, grad_norm=0.4691062867641449, loss=6.901588439941406
I0319 03:19:16.380130 139628359177984 logging_writer.py:48] [99] global_step=99, grad_norm=0.5457556843757629, loss=6.900816440582275
I0319 03:19:16.792435 139628367570688 logging_writer.py:48] [100] global_step=100, grad_norm=0.45954251289367676, loss=6.902003765106201
I0319 03:22:10.100714 139628359177984 logging_writer.py:48] [500] global_step=500, grad_norm=1.0004082918167114, loss=6.699007987976074
I0319 03:25:11.315121 139793440028480 spec.py:321] Evaluating on the training split.
I0319 03:25:22.958438 139793440028480 spec.py:333] Evaluating on the validation split.
I0319 03:25:31.060621 139793440028480 spec.py:349] Evaluating on the test split.
I0319 03:25:32.700343 139793440028480 submission_runner.py:420] Time since start: 524.60s, 	Step: 909, 	{'train/accuracy': 0.018046874552965164, 'train/loss': 6.2387213706970215, 'validation/accuracy': 0.017799999564886093, 'validation/loss': 6.249222755432129, 'validation/num_examples': 50000, 'test/accuracy': 0.014100000262260437, 'test/loss': 6.312887191772461, 'test/num_examples': 10000, 'score': 463.3900761604309, 'total_duration': 524.5990114212036, 'accumulated_submission_time': 463.3900761604309, 'accumulated_eval_time': 61.13209390640259, 'accumulated_logging_time': 0.024669647216796875}
I0319 03:25:32.718334 139592099407616 logging_writer.py:48] [909] accumulated_eval_time=61.132094, accumulated_logging_time=0.024670, accumulated_submission_time=463.390076, global_step=909, preemption_count=0, score=463.390076, test/accuracy=0.014100, test/loss=6.312887, test/num_examples=10000, total_duration=524.599011, train/accuracy=0.018047, train/loss=6.238721, validation/accuracy=0.017800, validation/loss=6.249223, validation/num_examples=50000
I0319 03:26:09.817176 139592107800320 logging_writer.py:48] [1000] global_step=1000, grad_norm=1.350551724433899, loss=6.530638217926025
I0319 03:29:50.027401 139592099407616 logging_writer.py:48] [1500] global_step=1500, grad_norm=1.6662734746932983, loss=6.170865058898926
I0319 03:32:33.029680 139793440028480 spec.py:321] Evaluating on the training split.
I0319 03:32:44.572722 139793440028480 spec.py:333] Evaluating on the validation split.
I0319 03:32:52.660751 139793440028480 spec.py:349] Evaluating on the test split.
I0319 03:32:54.280503 139793440028480 submission_runner.py:420] Time since start: 966.18s, 	Step: 1870, 	{'train/accuracy': 0.04398437216877937, 'train/loss': 5.696121692657471, 'validation/accuracy': 0.04211999848484993, 'validation/loss': 5.730832576751709, 'validation/num_examples': 50000, 'test/accuracy': 0.0340999998152256, 'test/loss': 5.867914199829102, 'test/num_examples': 10000, 'score': 883.6368682384491, 'total_duration': 966.1791715621948, 'accumulated_submission_time': 883.6368682384491, 'accumulated_eval_time': 82.38292145729065, 'accumulated_logging_time': 0.053483009338378906}
I0319 03:32:54.299031 139592107800320 logging_writer.py:48] [1870] accumulated_eval_time=82.382921, accumulated_logging_time=0.053483, accumulated_submission_time=883.636868, global_step=1870, preemption_count=0, score=883.636868, test/accuracy=0.034100, test/loss=5.867914, test/num_examples=10000, total_duration=966.179172, train/accuracy=0.043984, train/loss=5.696122, validation/accuracy=0.042120, validation/loss=5.730833, validation/num_examples=50000
I0319 03:33:46.841672 139592099407616 logging_writer.py:48] [2000] global_step=2000, grad_norm=1.186124324798584, loss=6.605830669403076
I0319 03:37:27.972666 139592107800320 logging_writer.py:48] [2500] global_step=2500, grad_norm=1.7252264022827148, loss=5.899511337280273
I0319 03:39:54.938233 139793440028480 spec.py:321] Evaluating on the training split.
I0319 03:40:06.244851 139793440028480 spec.py:333] Evaluating on the validation split.
I0319 03:40:14.417221 139793440028480 spec.py:349] Evaluating on the test split.
I0319 03:40:16.041544 139793440028480 submission_runner.py:420] Time since start: 1407.94s, 	Step: 2834, 	{'train/accuracy': 0.07347656041383743, 'train/loss': 5.280451774597168, 'validation/accuracy': 0.06678000092506409, 'validation/loss': 5.336838722229004, 'validation/num_examples': 50000, 'test/accuracy': 0.05400000140070915, 'test/loss': 5.536876678466797, 'test/num_examples': 10000, 'score': 1304.212679862976, 'total_duration': 1407.9402105808258, 'accumulated_submission_time': 1304.212679862976, 'accumulated_eval_time': 103.48623061180115, 'accumulated_logging_time': 0.08181452751159668}
I0319 03:40:16.059283 139592099407616 logging_writer.py:48] [2834] accumulated_eval_time=103.486231, accumulated_logging_time=0.081815, accumulated_submission_time=1304.212680, global_step=2834, preemption_count=0, score=1304.212680, test/accuracy=0.054000, test/loss=5.536877, test/num_examples=10000, total_duration=1407.940211, train/accuracy=0.073477, train/loss=5.280452, validation/accuracy=0.066780, validation/loss=5.336839, validation/num_examples=50000
I0319 03:41:24.562924 139592107800320 logging_writer.py:48] [3000] global_step=3000, grad_norm=1.3163979053497314, loss=5.684362411499023
I0319 03:45:05.616439 139592099407616 logging_writer.py:48] [3500] global_step=3500, grad_norm=1.5148266553878784, loss=5.581650257110596
I0319 03:47:16.407892 139793440028480 spec.py:321] Evaluating on the training split.
I0319 03:47:28.041964 139793440028480 spec.py:333] Evaluating on the validation split.
I0319 03:47:36.965843 139793440028480 spec.py:349] Evaluating on the test split.
I0319 03:47:38.585672 139793440028480 submission_runner.py:420] Time since start: 1850.48s, 	Step: 3798, 	{'train/accuracy': 0.11041015386581421, 'train/loss': 4.8983073234558105, 'validation/accuracy': 0.10261999815702438, 'validation/loss': 4.945130825042725, 'validation/num_examples': 50000, 'test/accuracy': 0.08060000091791153, 'test/loss': 5.208343982696533, 'test/num_examples': 10000, 'score': 1724.487268447876, 'total_duration': 1850.4843425750732, 'accumulated_submission_time': 1724.487268447876, 'accumulated_eval_time': 125.66406631469727, 'accumulated_logging_time': 0.11260151863098145}
I0319 03:47:38.603794 139592107800320 logging_writer.py:48] [3798] accumulated_eval_time=125.664066, accumulated_logging_time=0.112602, accumulated_submission_time=1724.487268, global_step=3798, preemption_count=0, score=1724.487268, test/accuracy=0.080600, test/loss=5.208344, test/num_examples=10000, total_duration=1850.484343, train/accuracy=0.110410, train/loss=4.898307, validation/accuracy=0.102620, validation/loss=4.945131, validation/num_examples=50000
I0319 03:49:03.300440 139592099407616 logging_writer.py:48] [4000] global_step=4000, grad_norm=1.4906758069992065, loss=5.340146541595459
I0319 03:52:44.573875 139592107800320 logging_writer.py:48] [4500] global_step=4500, grad_norm=1.3708311319351196, loss=5.2117462158203125
I0319 03:54:38.683132 139793440028480 spec.py:321] Evaluating on the training split.
I0319 03:54:50.412152 139793440028480 spec.py:333] Evaluating on the validation split.
I0319 03:54:58.732018 139793440028480 spec.py:349] Evaluating on the test split.
I0319 03:55:00.357857 139793440028480 submission_runner.py:420] Time since start: 2292.26s, 	Step: 4758, 	{'train/accuracy': 0.1586328148841858, 'train/loss': 4.414804935455322, 'validation/accuracy': 0.14963999390602112, 'validation/loss': 4.490406036376953, 'validation/num_examples': 50000, 'test/accuracy': 0.11150000244379044, 'test/loss': 4.83000373840332, 'test/num_examples': 10000, 'score': 2144.5049920082092, 'total_duration': 2292.2565217018127, 'accumulated_submission_time': 2144.5049920082092, 'accumulated_eval_time': 147.33879375457764, 'accumulated_logging_time': 0.14018559455871582}
I0319 03:55:00.376371 139592099407616 logging_writer.py:48] [4758] accumulated_eval_time=147.338794, accumulated_logging_time=0.140186, accumulated_submission_time=2144.504992, global_step=4758, preemption_count=0, score=2144.504992, test/accuracy=0.111500, test/loss=4.830004, test/num_examples=10000, total_duration=2292.256522, train/accuracy=0.158633, train/loss=4.414805, validation/accuracy=0.149640, validation/loss=4.490406, validation/num_examples=50000
I0319 03:56:43.098263 139592107800320 logging_writer.py:48] [5000] global_step=5000, grad_norm=1.3528032302856445, loss=5.056283473968506
I0319 04:00:24.933320 139592099407616 logging_writer.py:48] [5500] global_step=5500, grad_norm=1.101552128791809, loss=6.415231704711914
I0319 04:02:00.711416 139793440028480 spec.py:321] Evaluating on the training split.
I0319 04:02:12.365238 139793440028480 spec.py:333] Evaluating on the validation split.
I0319 04:02:20.434781 139793440028480 spec.py:349] Evaluating on the test split.
I0319 04:02:22.048547 139793440028480 submission_runner.py:420] Time since start: 2733.95s, 	Step: 5718, 	{'train/accuracy': 0.21044921875, 'train/loss': 4.0167927742004395, 'validation/accuracy': 0.19209998846054077, 'validation/loss': 4.121342658996582, 'validation/num_examples': 50000, 'test/accuracy': 0.14480000734329224, 'test/loss': 4.527491569519043, 'test/num_examples': 10000, 'score': 2564.7776367664337, 'total_duration': 2733.9472160339355, 'accumulated_submission_time': 2564.7776367664337, 'accumulated_eval_time': 168.67592430114746, 'accumulated_logging_time': 0.16823530197143555}
I0319 04:02:22.065690 139592107800320 logging_writer.py:48] [5718] accumulated_eval_time=168.675924, accumulated_logging_time=0.168235, accumulated_submission_time=2564.777637, global_step=5718, preemption_count=0, score=2564.777637, test/accuracy=0.144800, test/loss=4.527492, test/num_examples=10000, total_duration=2733.947216, train/accuracy=0.210449, train/loss=4.016793, validation/accuracy=0.192100, validation/loss=4.121343, validation/num_examples=50000
I0319 04:04:22.025360 139592099407616 logging_writer.py:48] [6000] global_step=6000, grad_norm=1.5262742042541504, loss=4.716116428375244
I0319 04:08:05.649770 139592107800320 logging_writer.py:48] [6500] global_step=6500, grad_norm=1.5210963487625122, loss=4.704891204833984
I0319 04:09:22.465637 139793440028480 spec.py:321] Evaluating on the training split.
I0319 04:09:34.056731 139793440028480 spec.py:333] Evaluating on the validation split.
I0319 04:09:42.064891 139793440028480 spec.py:349] Evaluating on the test split.
I0319 04:09:43.705651 139793440028480 submission_runner.py:420] Time since start: 3175.60s, 	Step: 6675, 	{'train/accuracy': 0.2644335925579071, 'train/loss': 3.6136574745178223, 'validation/accuracy': 0.23173999786376953, 'validation/loss': 3.811569929122925, 'validation/num_examples': 50000, 'test/accuracy': 0.17500001192092896, 'test/loss': 4.2633867263793945, 'test/num_examples': 10000, 'score': 2985.114411830902, 'total_duration': 3175.604325056076, 'accumulated_submission_time': 2985.114411830902, 'accumulated_eval_time': 189.9159426689148, 'accumulated_logging_time': 0.19598150253295898}
I0319 04:09:43.727397 139592099407616 logging_writer.py:48] [6675] accumulated_eval_time=189.915943, accumulated_logging_time=0.195982, accumulated_submission_time=2985.114412, global_step=6675, preemption_count=0, score=2985.114412, test/accuracy=0.175000, test/loss=4.263387, test/num_examples=10000, total_duration=3175.604325, train/accuracy=0.264434, train/loss=3.613657, validation/accuracy=0.231740, validation/loss=3.811570, validation/num_examples=50000
I0319 04:12:03.068893 139592107800320 logging_writer.py:48] [7000] global_step=7000, grad_norm=1.1900359392166138, loss=5.56115198135376
I0319 04:15:46.170436 139592099407616 logging_writer.py:48] [7500] global_step=7500, grad_norm=1.6188240051269531, loss=4.480567932128906
I0319 04:16:43.845117 139793440028480 spec.py:321] Evaluating on the training split.
I0319 04:16:55.470072 139793440028480 spec.py:333] Evaluating on the validation split.
I0319 04:17:03.528813 139793440028480 spec.py:349] Evaluating on the test split.
I0319 04:17:05.146429 139793440028480 submission_runner.py:420] Time since start: 3617.05s, 	Step: 7630, 	{'train/accuracy': 0.2835937440395355, 'train/loss': 3.490403413772583, 'validation/accuracy': 0.26909998059272766, 'validation/loss': 3.595759868621826, 'validation/num_examples': 50000, 'test/accuracy': 0.20190000534057617, 'test/loss': 4.105603218078613, 'test/num_examples': 10000, 'score': 3405.1694016456604, 'total_duration': 3617.045097589493, 'accumulated_submission_time': 3405.1694016456604, 'accumulated_eval_time': 211.21724128723145, 'accumulated_logging_time': 0.22757172584533691}
I0319 04:17:05.169498 139592107800320 logging_writer.py:48] [7630] accumulated_eval_time=211.217241, accumulated_logging_time=0.227572, accumulated_submission_time=3405.169402, global_step=7630, preemption_count=0, score=3405.169402, test/accuracy=0.201900, test/loss=4.105603, test/num_examples=10000, total_duration=3617.045098, train/accuracy=0.283594, train/loss=3.490403, validation/accuracy=0.269100, validation/loss=3.595760, validation/num_examples=50000
I0319 04:19:45.109717 139592099407616 logging_writer.py:48] [8000] global_step=8000, grad_norm=1.031019687652588, loss=5.245437145233154
I0319 04:23:26.939880 139592107800320 logging_writer.py:48] [8500] global_step=8500, grad_norm=1.5708884000778198, loss=4.163447380065918
I0319 04:24:05.404283 139793440028480 spec.py:321] Evaluating on the training split.
I0319 04:24:17.037360 139793440028480 spec.py:333] Evaluating on the validation split.
I0319 04:24:27.940196 139793440028480 spec.py:349] Evaluating on the test split.
I0319 04:24:29.551803 139793440028480 submission_runner.py:420] Time since start: 4061.45s, 	Step: 8588, 	{'train/accuracy': 0.33900389075279236, 'train/loss': 3.164844036102295, 'validation/accuracy': 0.3127000033855438, 'validation/loss': 3.313385248184204, 'validation/num_examples': 50000, 'test/accuracy': 0.23730000853538513, 'test/loss': 3.838170051574707, 'test/num_examples': 10000, 'score': 3825.339316368103, 'total_duration': 4061.4504537582397, 'accumulated_submission_time': 3825.339316368103, 'accumulated_eval_time': 235.36473417282104, 'accumulated_logging_time': 0.2624244689941406}
I0319 04:24:29.574245 139592099407616 logging_writer.py:48] [8588] accumulated_eval_time=235.364734, accumulated_logging_time=0.262424, accumulated_submission_time=3825.339316, global_step=8588, preemption_count=0, score=3825.339316, test/accuracy=0.237300, test/loss=3.838170, test/num_examples=10000, total_duration=4061.450454, train/accuracy=0.339004, train/loss=3.164844, validation/accuracy=0.312700, validation/loss=3.313385, validation/num_examples=50000
I0319 04:27:28.414655 139592107800320 logging_writer.py:48] [9000] global_step=9000, grad_norm=1.2849980592727661, loss=4.218286991119385
I0319 04:31:09.996857 139592099407616 logging_writer.py:48] [9500] global_step=9500, grad_norm=1.4213227033615112, loss=3.923218250274658
I0319 04:31:29.580162 139793440028480 spec.py:321] Evaluating on the training split.
I0319 04:31:41.394551 139793440028480 spec.py:333] Evaluating on the validation split.
I0319 04:31:53.744595 139793440028480 spec.py:349] Evaluating on the test split.
I0319 04:31:55.363320 139793440028480 submission_runner.py:420] Time since start: 4507.26s, 	Step: 9546, 	{'train/accuracy': 0.374824196100235, 'train/loss': 2.909634828567505, 'validation/accuracy': 0.3432999849319458, 'validation/loss': 3.0872015953063965, 'validation/num_examples': 50000, 'test/accuracy': 0.2647000253200531, 'test/loss': 3.6340298652648926, 'test/num_examples': 10000, 'score': 4245.2809009552, 'total_duration': 4507.261991262436, 'accumulated_submission_time': 4245.2809009552, 'accumulated_eval_time': 261.14787244796753, 'accumulated_logging_time': 0.2952415943145752}
I0319 04:31:55.384188 139592107800320 logging_writer.py:48] [9546] accumulated_eval_time=261.147872, accumulated_logging_time=0.295242, accumulated_submission_time=4245.280901, global_step=9546, preemption_count=0, score=4245.280901, test/accuracy=0.264700, test/loss=3.634030, test/num_examples=10000, total_duration=4507.261991, train/accuracy=0.374824, train/loss=2.909635, validation/accuracy=0.343300, validation/loss=3.087202, validation/num_examples=50000
I0319 04:35:12.853936 139592099407616 logging_writer.py:48] [10000] global_step=10000, grad_norm=1.3034666776657104, loss=3.6223998069763184
I0319 04:38:55.366632 139592107800320 logging_writer.py:48] [10500] global_step=10500, grad_norm=1.2221944332122803, loss=3.994659900665283
I0319 04:38:55.380511 139793440028480 spec.py:321] Evaluating on the training split.
I0319 04:39:07.121255 139793440028480 spec.py:333] Evaluating on the validation split.
I0319 04:39:20.368798 139793440028480 spec.py:349] Evaluating on the test split.
I0319 04:39:21.987666 139793440028480 submission_runner.py:420] Time since start: 4953.89s, 	Step: 10501, 	{'train/accuracy': 0.4027148485183716, 'train/loss': 2.7752459049224854, 'validation/accuracy': 0.372439980506897, 'validation/loss': 2.9269795417785645, 'validation/num_examples': 50000, 'test/accuracy': 0.287200003862381, 'test/loss': 3.4903852939605713, 'test/num_examples': 10000, 'score': 4665.211783647537, 'total_duration': 4953.886339187622, 'accumulated_submission_time': 4665.211783647537, 'accumulated_eval_time': 287.75501561164856, 'accumulated_logging_time': 0.32796216011047363}
I0319 04:39:22.009156 139592099407616 logging_writer.py:48] [10501] accumulated_eval_time=287.755016, accumulated_logging_time=0.327962, accumulated_submission_time=4665.211784, global_step=10501, preemption_count=0, score=4665.211784, test/accuracy=0.287200, test/loss=3.490385, test/num_examples=10000, total_duration=4953.886339, train/accuracy=0.402715, train/loss=2.775246, validation/accuracy=0.372440, validation/loss=2.926980, validation/num_examples=50000
I0319 04:42:59.200715 139592107800320 logging_writer.py:48] [11000] global_step=11000, grad_norm=1.355424404144287, loss=3.681642532348633
I0319 04:46:22.423892 139793440028480 spec.py:321] Evaluating on the training split.
I0319 04:46:34.376125 139793440028480 spec.py:333] Evaluating on the validation split.
I0319 04:46:51.978579 139793440028480 spec.py:349] Evaluating on the test split.
I0319 04:46:53.585892 139793440028480 submission_runner.py:420] Time since start: 5405.48s, 	Step: 11459, 	{'train/accuracy': 0.42878904938697815, 'train/loss': 2.601086378097534, 'validation/accuracy': 0.40073999762535095, 'validation/loss': 2.763827085494995, 'validation/num_examples': 50000, 'test/accuracy': 0.3108000159263611, 'test/loss': 3.3482494354248047, 'test/num_examples': 10000, 'score': 5085.5621728897095, 'total_duration': 5405.4845468997955, 'accumulated_submission_time': 5085.5621728897095, 'accumulated_eval_time': 318.9169981479645, 'accumulated_logging_time': 0.361297607421875}
I0319 04:46:53.605801 139592099407616 logging_writer.py:48] [11459] accumulated_eval_time=318.916998, accumulated_logging_time=0.361298, accumulated_submission_time=5085.562173, global_step=11459, preemption_count=0, score=5085.562173, test/accuracy=0.310800, test/loss=3.348249, test/num_examples=10000, total_duration=5405.484547, train/accuracy=0.428789, train/loss=2.601086, validation/accuracy=0.400740, validation/loss=2.763827, validation/num_examples=50000
I0319 04:47:10.432395 139592107800320 logging_writer.py:48] [11500] global_step=11500, grad_norm=1.2756694555282593, loss=3.7338500022888184
I0319 04:50:48.593098 139592099407616 logging_writer.py:48] [12000] global_step=12000, grad_norm=1.2399592399597168, loss=3.5675976276397705
I0319 04:53:53.725490 139793440028480 spec.py:321] Evaluating on the training split.
I0319 04:54:05.775272 139793440028480 spec.py:333] Evaluating on the validation split.
I0319 04:54:16.974889 139793440028480 spec.py:349] Evaluating on the test split.
I0319 04:54:18.588916 139793440028480 submission_runner.py:420] Time since start: 5850.49s, 	Step: 12418, 	{'train/accuracy': 0.46140623092651367, 'train/loss': 2.4328789710998535, 'validation/accuracy': 0.41995999217033386, 'validation/loss': 2.623626232147217, 'validation/num_examples': 50000, 'test/accuracy': 0.3296000063419342, 'test/loss': 3.1954219341278076, 'test/num_examples': 10000, 'score': 5505.618812322617, 'total_duration': 5850.48757815361, 'accumulated_submission_time': 5505.618812322617, 'accumulated_eval_time': 343.7804172039032, 'accumulated_logging_time': 0.3915243148803711}
I0319 04:54:18.608200 139592107800320 logging_writer.py:48] [12418] accumulated_eval_time=343.780417, accumulated_logging_time=0.391524, accumulated_submission_time=5505.618812, global_step=12418, preemption_count=0, score=5505.618812, test/accuracy=0.329600, test/loss=3.195422, test/num_examples=10000, total_duration=5850.487578, train/accuracy=0.461406, train/loss=2.432879, validation/accuracy=0.419960, validation/loss=2.623626, validation/num_examples=50000
I0319 04:54:51.877146 139592099407616 logging_writer.py:48] [12500] global_step=12500, grad_norm=1.2841500043869019, loss=3.692626714706421
I0319 04:58:32.831018 139592107800320 logging_writer.py:48] [13000] global_step=13000, grad_norm=1.3763697147369385, loss=3.3372583389282227
I0319 05:01:19.096201 139793440028480 spec.py:321] Evaluating on the training split.
I0319 05:01:30.729774 139793440028480 spec.py:333] Evaluating on the validation split.
I0319 05:01:42.755694 139793440028480 spec.py:349] Evaluating on the test split.
I0319 05:01:44.368947 139793440028480 submission_runner.py:420] Time since start: 6296.27s, 	Step: 13374, 	{'train/accuracy': 0.4901757836341858, 'train/loss': 2.264934778213501, 'validation/accuracy': 0.441679984331131, 'validation/loss': 2.504922389984131, 'validation/num_examples': 50000, 'test/accuracy': 0.34700000286102295, 'test/loss': 3.0967447757720947, 'test/num_examples': 10000, 'score': 5926.041017532349, 'total_duration': 6296.2676157951355, 'accumulated_submission_time': 5926.041017532349, 'accumulated_eval_time': 369.05315804481506, 'accumulated_logging_time': 0.4241065979003906}
I0319 05:01:44.390809 139592099407616 logging_writer.py:48] [13374] accumulated_eval_time=369.053158, accumulated_logging_time=0.424107, accumulated_submission_time=5926.041018, global_step=13374, preemption_count=0, score=5926.041018, test/accuracy=0.347000, test/loss=3.096745, test/num_examples=10000, total_duration=6296.267616, train/accuracy=0.490176, train/loss=2.264935, validation/accuracy=0.441680, validation/loss=2.504922, validation/num_examples=50000
I0319 05:02:36.183764 139592107800320 logging_writer.py:48] [13500] global_step=13500, grad_norm=1.207876443862915, loss=3.2413551807403564
I0319 05:06:18.523320 139592099407616 logging_writer.py:48] [14000] global_step=14000, grad_norm=1.1396229267120361, loss=4.13105583190918
I0319 05:08:44.650634 139793440028480 spec.py:321] Evaluating on the training split.
I0319 05:08:57.093663 139793440028480 spec.py:333] Evaluating on the validation split.
I0319 05:09:12.194601 139793440028480 spec.py:349] Evaluating on the test split.
I0319 05:09:13.847156 139793440028480 submission_runner.py:420] Time since start: 6745.75s, 	Step: 14329, 	{'train/accuracy': 0.4932616949081421, 'train/loss': 2.2300097942352295, 'validation/accuracy': 0.4592999815940857, 'validation/loss': 2.401749610900879, 'validation/num_examples': 50000, 'test/accuracy': 0.3603000044822693, 'test/loss': 3.0184385776519775, 'test/num_examples': 10000, 'score': 6346.238476514816, 'total_duration': 6745.745825767517, 'accumulated_submission_time': 6346.238476514816, 'accumulated_eval_time': 398.2497239112854, 'accumulated_logging_time': 0.4554910659790039}
I0319 05:09:13.865614 139592107800320 logging_writer.py:48] [14329] accumulated_eval_time=398.249724, accumulated_logging_time=0.455491, accumulated_submission_time=6346.238477, global_step=14329, preemption_count=0, score=6346.238477, test/accuracy=0.360300, test/loss=3.018439, test/num_examples=10000, total_duration=6745.745826, train/accuracy=0.493262, train/loss=2.230010, validation/accuracy=0.459300, validation/loss=2.401750, validation/num_examples=50000
I0319 05:10:23.796316 139592099407616 logging_writer.py:48] [14500] global_step=14500, grad_norm=1.2333403825759888, loss=3.096102476119995
I0319 05:14:06.550581 139592107800320 logging_writer.py:48] [15000] global_step=15000, grad_norm=1.246605634689331, loss=3.023937463760376
I0319 05:16:14.280201 139793440028480 spec.py:321] Evaluating on the training split.
I0319 05:16:27.765126 139793440028480 spec.py:333] Evaluating on the validation split.
I0319 05:16:45.586014 139793440028480 spec.py:349] Evaluating on the test split.
I0319 05:16:47.193164 139793440028480 submission_runner.py:420] Time since start: 7199.09s, 	Step: 15288, 	{'train/accuracy': 0.5074804425239563, 'train/loss': 2.169114112854004, 'validation/accuracy': 0.47303998470306396, 'validation/loss': 2.3563408851623535, 'validation/num_examples': 50000, 'test/accuracy': 0.3693000078201294, 'test/loss': 2.9735970497131348, 'test/num_examples': 10000, 'score': 6766.591676712036, 'total_duration': 7199.091827392578, 'accumulated_submission_time': 6766.591676712036, 'accumulated_eval_time': 431.16269087791443, 'accumulated_logging_time': 0.48230671882629395}
I0319 05:16:47.212660 139592099407616 logging_writer.py:48] [15288] accumulated_eval_time=431.162691, accumulated_logging_time=0.482307, accumulated_submission_time=6766.591677, global_step=15288, preemption_count=0, score=6766.591677, test/accuracy=0.369300, test/loss=2.973597, test/num_examples=10000, total_duration=7199.091827, train/accuracy=0.507480, train/loss=2.169114, validation/accuracy=0.473040, validation/loss=2.356341, validation/num_examples=50000
I0319 05:18:15.815201 139592107800320 logging_writer.py:48] [15500] global_step=15500, grad_norm=1.2654287815093994, loss=3.086660623550415
I0319 05:21:58.499712 139592099407616 logging_writer.py:48] [16000] global_step=16000, grad_norm=1.0343589782714844, loss=4.858191967010498
I0319 05:23:47.560300 139793440028480 spec.py:321] Evaluating on the training split.
I0319 05:24:02.258629 139793440028480 spec.py:333] Evaluating on the validation split.
I0319 05:24:18.869755 139793440028480 spec.py:349] Evaluating on the test split.
I0319 05:24:20.493942 139793440028480 submission_runner.py:420] Time since start: 7652.39s, 	Step: 16246, 	{'train/accuracy': 0.5291991829872131, 'train/loss': 2.0571389198303223, 'validation/accuracy': 0.4845399856567383, 'validation/loss': 2.272536516189575, 'validation/num_examples': 50000, 'test/accuracy': 0.38130003213882446, 'test/loss': 2.9030184745788574, 'test/num_examples': 10000, 'score': 7186.874831676483, 'total_duration': 7652.392613887787, 'accumulated_submission_time': 7186.874831676483, 'accumulated_eval_time': 464.09634351730347, 'accumulated_logging_time': 0.5127396583557129}
I0319 05:24:20.515130 139592107800320 logging_writer.py:48] [16246] accumulated_eval_time=464.096344, accumulated_logging_time=0.512740, accumulated_submission_time=7186.874832, global_step=16246, preemption_count=0, score=7186.874832, test/accuracy=0.381300, test/loss=2.903018, test/num_examples=10000, total_duration=7652.392614, train/accuracy=0.529199, train/loss=2.057139, validation/accuracy=0.484540, validation/loss=2.272537, validation/num_examples=50000
I0319 05:26:10.723804 139592099407616 logging_writer.py:48] [16500] global_step=16500, grad_norm=0.9774395823478699, loss=4.813337326049805
I0319 05:29:54.210873 139592107800320 logging_writer.py:48] [17000] global_step=17000, grad_norm=1.117252230644226, loss=4.450883388519287
I0319 05:31:20.509709 139793440028480 spec.py:321] Evaluating on the training split.
I0319 05:31:35.385435 139793440028480 spec.py:333] Evaluating on the validation split.
I0319 05:31:51.679409 139793440028480 spec.py:349] Evaluating on the test split.
I0319 05:31:53.287999 139793440028480 submission_runner.py:420] Time since start: 8105.19s, 	Step: 17196, 	{'train/accuracy': 0.5538085699081421, 'train/loss': 1.9544509649276733, 'validation/accuracy': 0.497219979763031, 'validation/loss': 2.227579355239868, 'validation/num_examples': 50000, 'test/accuracy': 0.3929000198841095, 'test/loss': 2.8477354049682617, 'test/num_examples': 10000, 'score': 7606.806395292282, 'total_duration': 8105.186660289764, 'accumulated_submission_time': 7606.806395292282, 'accumulated_eval_time': 496.8746225833893, 'accumulated_logging_time': 0.544755220413208}
I0319 05:31:53.310327 139592099407616 logging_writer.py:48] [17196] accumulated_eval_time=496.874623, accumulated_logging_time=0.544755, accumulated_submission_time=7606.806395, global_step=17196, preemption_count=0, score=7606.806395, test/accuracy=0.392900, test/loss=2.847735, test/num_examples=10000, total_duration=8105.186660, train/accuracy=0.553809, train/loss=1.954451, validation/accuracy=0.497220, validation/loss=2.227579, validation/num_examples=50000
I0319 05:34:05.682632 139592107800320 logging_writer.py:48] [17500] global_step=17500, grad_norm=1.2492460012435913, loss=3.1145966053009033
I0319 05:37:50.540118 139592099407616 logging_writer.py:48] [18000] global_step=18000, grad_norm=0.9882234930992126, loss=4.692961692810059
I0319 05:38:53.505693 139793440028480 spec.py:321] Evaluating on the training split.
I0319 05:39:08.321271 139793440028480 spec.py:333] Evaluating on the validation split.
I0319 05:39:27.926126 139793440028480 spec.py:349] Evaluating on the test split.
