python3 submission_runner.py --framework=jax --workload=librispeech_deepspeech --submission_path=prize_qualification_baselines/self_tuning/jax_nadamw_full_budget.py --data_dir=/data/librispeech --num_tuning_trials=1 --experiment_dir=/experiment_runs --experiment_name=prize_qualification_self_tuning/study_2 --overwrite=true --save_checkpoints=false --rng_seed=2436168967 --max_global_steps=144000 --librispeech_tokenizer_vocab_path=/data/librispeech/spm_model.vocab --tuning_ruleset=self 2>&1 | tee -a /logs/librispeech_deepspeech_jax_03-12-2024-22-49-22.log
I0312 22:49:43.040194 140615942170432 logger_utils.py:61] Removing existing experiment directory /experiment_runs/prize_qualification_self_tuning/study_2/librispeech_deepspeech_jax because --overwrite was set.
I0312 22:49:43.043842 140615942170432 logger_utils.py:76] Creating experiment directory at /experiment_runs/prize_qualification_self_tuning/study_2/librispeech_deepspeech_jax.
I0312 22:49:44.101582 140615942170432 xla_bridge.py:455] Unable to initialize backend 'rocm': NOT_FOUND: Could not find registered platform with name: "rocm". Available platform names are: Interpreter Host CUDA
I0312 22:49:44.102256 140615942170432 xla_bridge.py:455] Unable to initialize backend 'tpu': module 'jaxlib.xla_extension' has no attribute 'get_tpu_client'
I0312 22:49:44.102399 140615942170432 xla_bridge.py:455] Unable to initialize backend 'plugin': xla_extension has no attributes named get_plugin_device_client. Compile TensorFlow with //tensorflow/compiler/xla/python:enable_plugin_device set to true (defaults to false) to enable this.
I0312 22:49:45.030727 140615942170432 submission_runner.py:612] Creating directory at /experiment_runs/prize_qualification_self_tuning/study_2/librispeech_deepspeech_jax/trial_1.
I0312 22:49:45.230208 140615942170432 submission_runner.py:209] Initializing dataset.
I0312 22:49:45.230434 140615942170432 submission_runner.py:220] Initializing model.
I0312 22:49:47.726950 140615942170432 submission_runner.py:262] Initializing optimizer.
I0312 22:49:48.394811 140615942170432 submission_runner.py:269] Initializing metrics bundle.
I0312 22:49:48.395039 140615942170432 submission_runner.py:287] Initializing checkpoint and logger.
I0312 22:49:48.395755 140615942170432 checkpoints.py:915] Found no checkpoint files in /experiment_runs/prize_qualification_self_tuning/study_2/librispeech_deepspeech_jax/trial_1 with prefix checkpoint_
I0312 22:49:48.395896 140615942170432 submission_runner.py:307] Saving meta data to /experiment_runs/prize_qualification_self_tuning/study_2/librispeech_deepspeech_jax/trial_1/meta_data_0.json.
I0312 22:49:48.396103 140615942170432 logger_utils.py:257] Unable to record workload.train_mean information. Continuing without it.
I0312 22:49:48.396163 140615942170432 logger_utils.py:257] Unable to record workload.train_stddev information. Continuing without it.
fatal: detected dubious ownership in repository at '/algorithmic-efficiency'
To add an exception for this directory, call:

	git config --global --add safe.directory /algorithmic-efficiency
I0312 22:49:48.663465 140615942170432 logger_utils.py:220] Unable to record git information. Continuing without it.
I0312 22:49:48.910516 140615942170432 submission_runner.py:311] Saving flags to /experiment_runs/prize_qualification_self_tuning/study_2/librispeech_deepspeech_jax/trial_1/flags_0.json.
I0312 22:49:48.924086 140615942170432 submission_runner.py:321] Starting training loop.
I0312 22:49:49.209704 140615942170432 input_pipeline.py:20] Loading split = train-clean-100
I0312 22:49:49.266736 140615942170432 input_pipeline.py:20] Loading split = train-clean-360
I0312 22:49:49.412702 140615942170432 input_pipeline.py:20] Loading split = train-other-500
/usr/local/lib/python3.8/dist-packages/jax/_src/interpreters/mlir.py:582: UserWarning: Some donated buffers were not usable: ShapedArray(float32[512]), ShapedArray(float32[512]), ShapedArray(float32[512]), ShapedArray(float32[512]), ShapedArray(float32[512]), ShapedArray(float32[512]), ShapedArray(float32[512]), ShapedArray(float32[512]), ShapedArray(float32[512]), ShapedArray(float32[512]), ShapedArray(float32[512]), ShapedArray(float32[512]), ShapedArray(float32[512]), ShapedArray(float32[512]), ShapedArray(float32[512]), ShapedArray(float32[512]), ShapedArray(float32[512]), ShapedArray(float32[512]).
See an explanation at https://jax.readthedocs.io/en/latest/faq.html#buffer-donation.
  warnings.warn(f"Some donated buffers were not usable: {', '.join(unused_donations)}.\n{msg}")
I0312 22:50:31.335182 140453795600128 logging_writer.py:48] [0] global_step=0, grad_norm=19.991857528686523, loss=33.774593353271484
I0312 22:50:31.366639 140615942170432 spec.py:321] Evaluating on the training split.
I0312 22:50:31.622366 140615942170432 input_pipeline.py:20] Loading split = train-clean-100
I0312 22:50:31.656238 140615942170432 input_pipeline.py:20] Loading split = train-clean-360
I0312 22:50:32.007514 140615942170432 input_pipeline.py:20] Loading split = train-other-500
/usr/local/lib/python3.8/dist-packages/jax/_src/ops/scatter.py:92: FutureWarning: scatter inputs have incompatible types: cannot safely cast value from dtype=float32 to dtype=int32. In future JAX releases this will result in an error.
  warnings.warn("scatter inputs have incompatible types: cannot safely cast "
I0312 22:52:00.034565 140615942170432 spec.py:333] Evaluating on the validation split.
I0312 22:52:00.220401 140615942170432 input_pipeline.py:20] Loading split = dev-clean
I0312 22:52:00.225660 140615942170432 input_pipeline.py:20] Loading split = dev-other
I0312 22:53:06.828548 140615942170432 spec.py:349] Evaluating on the test split.
I0312 22:53:07.021882 140615942170432 input_pipeline.py:20] Loading split = test-clean
I0312 22:53:43.047328 140615942170432 submission_runner.py:420] Time since start: 234.12s, 	Step: 1, 	{'train/ctc_loss': Array(32.005703, dtype=float32), 'train/wer': 2.172323678237511, 'validation/ctc_loss': Array(31.066788, dtype=float32), 'validation/wer': 2.115073809822644, 'validation/num_examples': 5348, 'test/ctc_loss': Array(31.068468, dtype=float32), 'test/wer': 2.0823634554059267, 'test/num_examples': 2472, 'score': 42.442474603652954, 'total_duration': 234.12087845802307, 'accumulated_submission_time': 42.442474603652954, 'accumulated_eval_time': 191.67833733558655, 'accumulated_logging_time': 0}
I0312 22:53:43.076423 140447804548864 logging_writer.py:48] [1] accumulated_eval_time=191.678337, accumulated_logging_time=0, accumulated_submission_time=42.442475, global_step=1, preemption_count=0, score=42.442475, test/ctc_loss=31.06846809387207, test/num_examples=2472, test/wer=2.082363, total_duration=234.120878, train/ctc_loss=32.00570297241211, train/wer=2.172324, validation/ctc_loss=31.066787719726562, validation/num_examples=5348, validation/wer=2.115074
I0312 22:55:09.503965 140460158203648 logging_writer.py:48] [100] global_step=100, grad_norm=0.9082452058792114, loss=6.16419792175293
I0312 22:56:26.452733 140460166596352 logging_writer.py:48] [200] global_step=200, grad_norm=0.3354356586933136, loss=5.846587181091309
I0312 22:57:43.483131 140460158203648 logging_writer.py:48] [300] global_step=300, grad_norm=0.9883583784103394, loss=5.647816181182861
I0312 22:59:02.179142 140460166596352 logging_writer.py:48] [400] global_step=400, grad_norm=1.9251047372817993, loss=5.428348541259766
I0312 23:00:19.259381 140460158203648 logging_writer.py:48] [500] global_step=500, grad_norm=1.151127576828003, loss=4.733867168426514
I0312 23:01:37.748076 140460166596352 logging_writer.py:48] [600] global_step=600, grad_norm=2.743593215942383, loss=3.949188232421875
I0312 23:02:55.609048 140460158203648 logging_writer.py:48] [700] global_step=700, grad_norm=2.186598062515259, loss=3.4644980430603027
I0312 23:04:17.931733 140460166596352 logging_writer.py:48] [800] global_step=800, grad_norm=2.272209405899048, loss=3.1959493160247803
I0312 23:05:39.571309 140460158203648 logging_writer.py:48] [900] global_step=900, grad_norm=2.411728858947754, loss=3.0193328857421875
I0312 23:07:02.640075 140460166596352 logging_writer.py:48] [1000] global_step=1000, grad_norm=2.735783815383911, loss=2.7839174270629883
I0312 23:08:24.556118 140460200167168 logging_writer.py:48] [1100] global_step=1100, grad_norm=2.3036856651306152, loss=2.7623212337493896
I0312 23:09:40.552696 140460191774464 logging_writer.py:48] [1200] global_step=1200, grad_norm=1.7342997789382935, loss=2.6403558254241943
I0312 23:10:57.640839 140460200167168 logging_writer.py:48] [1300] global_step=1300, grad_norm=2.2394134998321533, loss=2.508615493774414
I0312 23:12:13.387368 140460191774464 logging_writer.py:48] [1400] global_step=1400, grad_norm=2.776409149169922, loss=2.5174248218536377
I0312 23:13:28.966064 140460200167168 logging_writer.py:48] [1500] global_step=1500, grad_norm=1.8454039096832275, loss=2.400599241256714
I0312 23:14:45.705076 140460191774464 logging_writer.py:48] [1600] global_step=1600, grad_norm=2.382563352584839, loss=2.3699405193328857
I0312 23:16:07.345386 140460200167168 logging_writer.py:48] [1700] global_step=1700, grad_norm=1.82338547706604, loss=2.3157379627227783
I0312 23:17:27.385272 140460191774464 logging_writer.py:48] [1800] global_step=1800, grad_norm=2.8288140296936035, loss=2.227238416671753
I0312 23:17:43.115391 140615942170432 spec.py:321] Evaluating on the training split.
I0312 23:18:34.946382 140615942170432 spec.py:333] Evaluating on the validation split.
I0312 23:19:23.159098 140615942170432 spec.py:349] Evaluating on the test split.
I0312 23:19:48.093584 140615942170432 submission_runner.py:420] Time since start: 1799.16s, 	Step: 1821, 	{'train/ctc_loss': Array(1.3006566, dtype=float32), 'train/wer': 0.3580616259191366, 'validation/ctc_loss': Array(1.7522995, dtype=float32), 'validation/wer': 0.43450766096720317, 'validation/num_examples': 5348, 'test/ctc_loss': Array(1.3049777, dtype=float32), 'test/wer': 0.3606727195173969, 'test/num_examples': 2472, 'score': 1482.4016528129578, 'total_duration': 1799.1643204689026, 'accumulated_submission_time': 1482.4016528129578, 'accumulated_eval_time': 316.6514196395874, 'accumulated_logging_time': 0.043314218521118164}
I0312 23:19:48.123207 140460200167168 logging_writer.py:48] [1821] accumulated_eval_time=316.651420, accumulated_logging_time=0.043314, accumulated_submission_time=1482.401653, global_step=1821, preemption_count=0, score=1482.401653, test/ctc_loss=1.3049776554107666, test/num_examples=2472, test/wer=0.360673, total_duration=1799.164320, train/ctc_loss=1.3006565570831299, train/wer=0.358062, validation/ctc_loss=1.7522995471954346, validation/num_examples=5348, validation/wer=0.434508
I0312 23:20:48.865459 140460191774464 logging_writer.py:48] [1900] global_step=1900, grad_norm=2.2257540225982666, loss=2.27286696434021
I0312 23:22:04.650108 140460200167168 logging_writer.py:48] [2000] global_step=2000, grad_norm=1.79171884059906, loss=2.181058645248413
I0312 23:23:23.403598 140460200167168 logging_writer.py:48] [2100] global_step=2100, grad_norm=2.2316088676452637, loss=2.15950870513916
I0312 23:24:40.272904 140460191774464 logging_writer.py:48] [2200] global_step=2200, grad_norm=2.0895469188690186, loss=2.159606456756592
I0312 23:25:55.381462 140460200167168 logging_writer.py:48] [2300] global_step=2300, grad_norm=2.7346391677856445, loss=2.0998096466064453
I0312 23:27:10.529779 140460191774464 logging_writer.py:48] [2400] global_step=2400, grad_norm=2.2061767578125, loss=2.107154130935669
I0312 23:28:25.679496 140460200167168 logging_writer.py:48] [2500] global_step=2500, grad_norm=3.3295738697052, loss=2.0923092365264893
I0312 23:29:48.672655 140460191774464 logging_writer.py:48] [2600] global_step=2600, grad_norm=2.5892674922943115, loss=2.0377185344696045
I0312 23:31:11.039497 140460200167168 logging_writer.py:48] [2700] global_step=2700, grad_norm=3.299785614013672, loss=2.0636448860168457
I0312 23:32:36.128260 140460191774464 logging_writer.py:48] [2800] global_step=2800, grad_norm=1.4939275979995728, loss=2.017517328262329
I0312 23:34:00.194783 140460200167168 logging_writer.py:48] [2900] global_step=2900, grad_norm=2.9538888931274414, loss=1.9979029893875122
I0312 23:35:23.916077 140460191774464 logging_writer.py:48] [3000] global_step=3000, grad_norm=2.819003105163574, loss=1.998529076576233
I0312 23:36:47.800460 140459872487168 logging_writer.py:48] [3100] global_step=3100, grad_norm=2.4186413288116455, loss=1.9455066919326782
I0312 23:38:03.335174 140459864094464 logging_writer.py:48] [3200] global_step=3200, grad_norm=1.8742200136184692, loss=1.869689702987671
I0312 23:39:20.067976 140459872487168 logging_writer.py:48] [3300] global_step=3300, grad_norm=2.730470657348633, loss=1.8920613527297974
I0312 23:40:35.393511 140459864094464 logging_writer.py:48] [3400] global_step=3400, grad_norm=4.016321659088135, loss=1.9278732538223267
I0312 23:41:52.384857 140459872487168 logging_writer.py:48] [3500] global_step=3500, grad_norm=2.2755391597747803, loss=1.8951613903045654
I0312 23:43:12.628962 140459864094464 logging_writer.py:48] [3600] global_step=3600, grad_norm=2.2125167846679688, loss=1.8977248668670654
I0312 23:43:48.713405 140615942170432 spec.py:321] Evaluating on the training split.
I0312 23:44:40.906326 140615942170432 spec.py:333] Evaluating on the validation split.
I0312 23:45:33.534025 140615942170432 spec.py:349] Evaluating on the test split.
I0312 23:45:58.543959 140615942170432 submission_runner.py:420] Time since start: 3369.61s, 	Step: 3644, 	{'train/ctc_loss': Array(0.56066525, dtype=float32), 'train/wer': 0.18313933356417975, 'validation/ctc_loss': Array(0.90998024, dtype=float32), 'validation/wer': 0.25699720980526564, 'validation/num_examples': 5348, 'test/ctc_loss': Array(0.5849962, dtype=float32), 'test/wer': 0.1863181199601893, 'test/num_examples': 2472, 'score': 2922.9053342342377, 'total_duration': 3369.6125876903534, 'accumulated_submission_time': 2922.9053342342377, 'accumulated_eval_time': 446.47476387023926, 'accumulated_logging_time': 0.09396243095397949}
I0312 23:45:58.575865 140459580647168 logging_writer.py:48] [3644] accumulated_eval_time=446.474764, accumulated_logging_time=0.093962, accumulated_submission_time=2922.905334, global_step=3644, preemption_count=0, score=2922.905334, test/ctc_loss=0.584996223449707, test/num_examples=2472, test/wer=0.186318, total_duration=3369.612588, train/ctc_loss=0.5606652498245239, train/wer=0.183139, validation/ctc_loss=0.9099802374839783, validation/num_examples=5348, validation/wer=0.256997
I0312 23:46:41.591832 140459572254464 logging_writer.py:48] [3700] global_step=3700, grad_norm=2.1218457221984863, loss=1.8739824295043945
I0312 23:47:56.654512 140459580647168 logging_writer.py:48] [3800] global_step=3800, grad_norm=3.3883557319641113, loss=1.9998416900634766
I0312 23:49:12.140776 140459572254464 logging_writer.py:48] [3900] global_step=3900, grad_norm=2.471133232116699, loss=1.9035061597824097
I0312 23:50:31.664537 140459580647168 logging_writer.py:48] [4000] global_step=4000, grad_norm=2.685062885284424, loss=1.9432644844055176
I0312 23:51:55.685132 140459572254464 logging_writer.py:48] [4100] global_step=4100, grad_norm=3.0942137241363525, loss=1.8586843013763428
I0312 23:53:16.210958 140460200167168 logging_writer.py:48] [4200] global_step=4200, grad_norm=2.2975499629974365, loss=1.821755051612854
I0312 23:54:32.677073 140460191774464 logging_writer.py:48] [4300] global_step=4300, grad_norm=3.91947603225708, loss=1.8218356370925903
I0312 23:55:48.285290 140460200167168 logging_writer.py:48] [4400] global_step=4400, grad_norm=2.2974183559417725, loss=1.8381853103637695
I0312 23:57:03.761352 140460191774464 logging_writer.py:48] [4500] global_step=4500, grad_norm=1.9713702201843262, loss=1.8335076570510864
I0312 23:58:26.137020 140460200167168 logging_writer.py:48] [4600] global_step=4600, grad_norm=2.03615403175354, loss=1.7767928838729858
I0312 23:59:51.247743 140460191774464 logging_writer.py:48] [4700] global_step=4700, grad_norm=4.575586318969727, loss=1.855933427810669
I0313 00:01:15.573075 140460200167168 logging_writer.py:48] [4800] global_step=4800, grad_norm=2.6002297401428223, loss=1.8144373893737793
I0313 00:02:42.268825 140460191774464 logging_writer.py:48] [4900] global_step=4900, grad_norm=2.2559053897857666, loss=1.8005224466323853
I0313 00:04:08.407997 140460200167168 logging_writer.py:48] [5000] global_step=5000, grad_norm=2.591304302215576, loss=1.8071938753128052
I0313 00:05:31.325828 140460191774464 logging_writer.py:48] [5100] global_step=5100, grad_norm=2.6065354347229004, loss=1.8002545833587646
I0313 00:06:54.320749 140460200167168 logging_writer.py:48] [5200] global_step=5200, grad_norm=3.187760353088379, loss=1.7654544115066528
I0313 00:08:10.965206 140460191774464 logging_writer.py:48] [5300] global_step=5300, grad_norm=3.3878350257873535, loss=1.7559221982955933
I0313 00:09:26.687288 140460200167168 logging_writer.py:48] [5400] global_step=5400, grad_norm=2.7733442783355713, loss=1.7514927387237549
I0313 00:09:58.625538 140615942170432 spec.py:321] Evaluating on the training split.
I0313 00:10:51.100411 140615942170432 spec.py:333] Evaluating on the validation split.
I0313 00:11:41.639317 140615942170432 spec.py:349] Evaluating on the test split.
I0313 00:12:07.024714 140615942170432 submission_runner.py:420] Time since start: 4938.09s, 	Step: 5443, 	{'train/ctc_loss': Array(0.4335046, dtype=float32), 'train/wer': 0.15027594604424624, 'validation/ctc_loss': Array(0.8066129, dtype=float32), 'validation/wer': 0.22946213927802506, 'validation/num_examples': 5348, 'test/ctc_loss': Array(0.5009056, dtype=float32), 'test/wer': 0.16133487701338534, 'test/num_examples': 2472, 'score': 4362.876003265381, 'total_duration': 4938.094379425049, 'accumulated_submission_time': 4362.876003265381, 'accumulated_eval_time': 574.8677513599396, 'accumulated_logging_time': 0.13994121551513672}
I0313 00:12:07.058085 140459616487168 logging_writer.py:48] [5443] accumulated_eval_time=574.867751, accumulated_logging_time=0.139941, accumulated_submission_time=4362.876003, global_step=5443, preemption_count=0, score=4362.876003, test/ctc_loss=0.5009055733680725, test/num_examples=2472, test/wer=0.161335, total_duration=4938.094379, train/ctc_loss=0.4335046112537384, train/wer=0.150276, validation/ctc_loss=0.8066129088401794, validation/num_examples=5348, validation/wer=0.229462
I0313 00:12:50.747716 140459608094464 logging_writer.py:48] [5500] global_step=5500, grad_norm=3.00382399559021, loss=1.782913327217102
I0313 00:14:08.197914 140459616487168 logging_writer.py:48] [5600] global_step=5600, grad_norm=3.2661094665527344, loss=1.7577011585235596
I0313 00:15:24.955475 140459608094464 logging_writer.py:48] [5700] global_step=5700, grad_norm=2.0377774238586426, loss=1.7221171855926514
I0313 00:16:41.901794 140459616487168 logging_writer.py:48] [5800] global_step=5800, grad_norm=2.8368918895721436, loss=1.749031901359558
I0313 00:18:02.038220 140459608094464 logging_writer.py:48] [5900] global_step=5900, grad_norm=4.862736701965332, loss=1.7488982677459717
I0313 00:19:25.220469 140459616487168 logging_writer.py:48] [6000] global_step=6000, grad_norm=2.0937390327453613, loss=1.771435260772705
I0313 00:20:47.119754 140459608094464 logging_writer.py:48] [6100] global_step=6100, grad_norm=2.113292932510376, loss=1.6888240575790405
I0313 00:22:14.056005 140459616487168 logging_writer.py:48] [6200] global_step=6200, grad_norm=3.059412717819214, loss=1.6846083402633667
I0313 00:23:29.544964 140459608094464 logging_writer.py:48] [6300] global_step=6300, grad_norm=2.6557273864746094, loss=1.6833794116973877
I0313 00:24:46.594026 140459616487168 logging_writer.py:48] [6400] global_step=6400, grad_norm=3.235643148422241, loss=1.7042717933654785
I0313 00:26:03.987747 140459608094464 logging_writer.py:48] [6500] global_step=6500, grad_norm=3.053069591522217, loss=1.7147754430770874
I0313 00:27:20.095641 140459616487168 logging_writer.py:48] [6600] global_step=6600, grad_norm=1.804057002067566, loss=1.681706428527832
I0313 00:28:43.234909 140459608094464 logging_writer.py:48] [6700] global_step=6700, grad_norm=2.9494991302490234, loss=1.7328795194625854
I0313 00:30:05.505101 140459616487168 logging_writer.py:48] [6800] global_step=6800, grad_norm=2.260565757751465, loss=1.7433816194534302
I0313 00:31:29.039252 140459608094464 logging_writer.py:48] [6900] global_step=6900, grad_norm=5.533231735229492, loss=1.6543335914611816
I0313 00:32:56.364514 140459616487168 logging_writer.py:48] [7000] global_step=7000, grad_norm=1.497885823249817, loss=1.6987107992172241
I0313 00:34:20.292177 140459608094464 logging_writer.py:48] [7100] global_step=7100, grad_norm=2.2703492641448975, loss=1.6909338235855103
I0313 00:35:44.320281 140459616487168 logging_writer.py:48] [7200] global_step=7200, grad_norm=2.359143018722534, loss=1.7077701091766357
I0313 00:36:07.522706 140615942170432 spec.py:321] Evaluating on the training split.
I0313 00:37:01.185667 140615942170432 spec.py:333] Evaluating on the validation split.
I0313 00:37:50.531244 140615942170432 spec.py:349] Evaluating on the test split.
I0313 00:38:16.480588 140615942170432 submission_runner.py:420] Time since start: 6507.55s, 	Step: 7227, 	{'train/ctc_loss': Array(0.4039872, dtype=float32), 'train/wer': 0.1359266512373153, 'validation/ctc_loss': Array(0.7400715, dtype=float32), 'validation/wer': 0.21260511503519122, 'validation/num_examples': 5348, 'test/ctc_loss': Array(0.4495168, dtype=float32), 'test/wer': 0.14396847642841185, 'test/num_examples': 2472, 'score': 5803.261379480362, 'total_duration': 6507.550093650818, 'accumulated_submission_time': 5803.261379480362, 'accumulated_eval_time': 703.8194465637207, 'accumulated_logging_time': 0.18758726119995117}
I0313 00:38:16.515494 140459616487168 logging_writer.py:48] [7227] accumulated_eval_time=703.819447, accumulated_logging_time=0.187587, accumulated_submission_time=5803.261379, global_step=7227, preemption_count=0, score=5803.261379, test/ctc_loss=0.44951680302619934, test/num_examples=2472, test/wer=0.143968, total_duration=6507.550094, train/ctc_loss=0.40398719906806946, train/wer=0.135927, validation/ctc_loss=0.7400714755058289, validation/num_examples=5348, validation/wer=0.212605
I0313 00:39:12.871261 140459608094464 logging_writer.py:48] [7300] global_step=7300, grad_norm=2.425368309020996, loss=1.5964853763580322
I0313 00:40:30.064914 140459616487168 logging_writer.py:48] [7400] global_step=7400, grad_norm=2.3631796836853027, loss=1.6020395755767822
I0313 00:41:47.330858 140459608094464 logging_writer.py:48] [7500] global_step=7500, grad_norm=3.119025707244873, loss=1.6917378902435303
I0313 00:43:03.300178 140459616487168 logging_writer.py:48] [7600] global_step=7600, grad_norm=3.354128360748291, loss=1.7251533269882202
I0313 00:44:19.849638 140459608094464 logging_writer.py:48] [7700] global_step=7700, grad_norm=3.1752068996429443, loss=1.6928694248199463
I0313 00:45:35.389658 140459616487168 logging_writer.py:48] [7800] global_step=7800, grad_norm=4.097116470336914, loss=1.6738841533660889
I0313 00:46:56.577253 140459608094464 logging_writer.py:48] [7900] global_step=7900, grad_norm=3.0579452514648438, loss=1.6445894241333008
I0313 00:48:20.496338 140459616487168 logging_writer.py:48] [8000] global_step=8000, grad_norm=2.4961671829223633, loss=1.6309540271759033
I0313 00:49:47.474060 140459608094464 logging_writer.py:48] [8100] global_step=8100, grad_norm=2.226219415664673, loss=1.6906870603561401
I0313 00:51:10.517625 140459616487168 logging_writer.py:48] [8200] global_step=8200, grad_norm=2.279937744140625, loss=1.6740771532058716
I0313 00:52:31.580807 140459616487168 logging_writer.py:48] [8300] global_step=8300, grad_norm=4.470174312591553, loss=1.660851001739502
I0313 00:53:46.972219 140459608094464 logging_writer.py:48] [8400] global_step=8400, grad_norm=1.9943766593933105, loss=1.6688783168792725
I0313 00:55:02.721366 140459616487168 logging_writer.py:48] [8500] global_step=8500, grad_norm=2.865116596221924, loss=1.6502419710159302
I0313 00:56:19.876688 140459608094464 logging_writer.py:48] [8600] global_step=8600, grad_norm=3.0785300731658936, loss=1.6496104001998901
I0313 00:57:36.014630 140459616487168 logging_writer.py:48] [8700] global_step=8700, grad_norm=2.6677234172821045, loss=1.6600267887115479
I0313 00:58:58.607801 140459608094464 logging_writer.py:48] [8800] global_step=8800, grad_norm=2.6919236183166504, loss=1.6429585218429565
I0313 01:00:22.835194 140459616487168 logging_writer.py:48] [8900] global_step=8900, grad_norm=3.31962251663208, loss=1.703140377998352
I0313 01:01:48.939224 140459608094464 logging_writer.py:48] [9000] global_step=9000, grad_norm=3.1349573135375977, loss=1.6578547954559326
I0313 01:02:16.908974 140615942170432 spec.py:321] Evaluating on the training split.
I0313 01:03:12.282123 140615942170432 spec.py:333] Evaluating on the validation split.
I0313 01:04:02.629756 140615942170432 spec.py:349] Evaluating on the test split.
I0313 01:04:28.542133 140615942170432 submission_runner.py:420] Time since start: 8079.61s, 	Step: 9035, 	{'train/ctc_loss': Array(0.37986395, dtype=float32), 'train/wer': 0.12968862119202418, 'validation/ctc_loss': Array(0.7127948, dtype=float32), 'validation/wer': 0.20489104724021742, 'validation/num_examples': 5348, 'test/ctc_loss': Array(0.42103618, dtype=float32), 'test/wer': 0.13647350354437066, 'test/num_examples': 2472, 'score': 7243.5706782341, 'total_duration': 8079.6110672950745, 'accumulated_submission_time': 7243.5706782341, 'accumulated_eval_time': 835.4457139968872, 'accumulated_logging_time': 0.23873138427734375}
I0313 01:04:28.575639 140459616487168 logging_writer.py:48] [9035] accumulated_eval_time=835.445714, accumulated_logging_time=0.238731, accumulated_submission_time=7243.570678, global_step=9035, preemption_count=0, score=7243.570678, test/ctc_loss=0.4210361838340759, test/num_examples=2472, test/wer=0.136474, total_duration=8079.611067, train/ctc_loss=0.3798639476299286, train/wer=0.129689, validation/ctc_loss=0.7127947807312012, validation/num_examples=5348, validation/wer=0.204891
I0313 01:05:19.782299 140459608094464 logging_writer.py:48] [9100] global_step=9100, grad_norm=3.244260549545288, loss=1.685649037361145
I0313 01:06:35.795576 140459616487168 logging_writer.py:48] [9200] global_step=9200, grad_norm=2.9802255630493164, loss=1.5926527976989746
I0313 01:07:56.692772 140459616487168 logging_writer.py:48] [9300] global_step=9300, grad_norm=3.0709824562072754, loss=1.6530075073242188
I0313 01:09:13.800045 140459608094464 logging_writer.py:48] [9400] global_step=9400, grad_norm=3.373389959335327, loss=1.5768085718154907
I0313 01:10:30.537393 140459616487168 logging_writer.py:48] [9500] global_step=9500, grad_norm=2.9280989170074463, loss=1.568503499031067
I0313 01:11:47.570947 140459608094464 logging_writer.py:48] [9600] global_step=9600, grad_norm=2.641798257827759, loss=1.6447464227676392
I0313 01:13:03.310152 140459616487168 logging_writer.py:48] [9700] global_step=9700, grad_norm=3.69928240776062, loss=1.6306473016738892
I0313 01:14:24.672341 140459608094464 logging_writer.py:48] [9800] global_step=9800, grad_norm=2.540128469467163, loss=1.6181716918945312
I0313 01:15:50.517678 140459616487168 logging_writer.py:48] [9900] global_step=9900, grad_norm=2.487823963165283, loss=1.5965617895126343
I0313 01:17:17.816732 140459608094464 logging_writer.py:48] [10000] global_step=10000, grad_norm=2.227250576019287, loss=1.5555375814437866
I0313 01:18:42.186493 140459616487168 logging_writer.py:48] [10100] global_step=10100, grad_norm=3.0986721515655518, loss=1.5731898546218872
I0313 01:20:05.698660 140459608094464 logging_writer.py:48] [10200] global_step=10200, grad_norm=2.6513495445251465, loss=1.5267713069915771
I0313 01:21:35.992045 140459616487168 logging_writer.py:48] [10300] global_step=10300, grad_norm=3.3402605056762695, loss=1.614890456199646
I0313 01:22:53.522394 140459608094464 logging_writer.py:48] [10400] global_step=10400, grad_norm=3.190227508544922, loss=1.5833886861801147
I0313 01:24:08.861457 140459616487168 logging_writer.py:48] [10500] global_step=10500, grad_norm=2.2626709938049316, loss=1.6449600458145142
I0313 01:25:25.583116 140459608094464 logging_writer.py:48] [10600] global_step=10600, grad_norm=3.2855722904205322, loss=1.6054822206497192
I0313 01:26:45.109797 140459616487168 logging_writer.py:48] [10700] global_step=10700, grad_norm=4.137402057647705, loss=1.5681861639022827
I0313 01:28:09.185910 140459608094464 logging_writer.py:48] [10800] global_step=10800, grad_norm=4.843540191650391, loss=1.5760401487350464
I0313 01:28:29.173630 140615942170432 spec.py:321] Evaluating on the training split.
I0313 01:29:23.387924 140615942170432 spec.py:333] Evaluating on the validation split.
I0313 01:30:13.139945 140615942170432 spec.py:349] Evaluating on the test split.
I0313 01:30:38.927670 140615942170432 submission_runner.py:420] Time since start: 9650.00s, 	Step: 10824, 	{'train/ctc_loss': Array(0.38293672, dtype=float32), 'train/wer': 0.12693450555078395, 'validation/ctc_loss': Array(0.67859113, dtype=float32), 'validation/wer': 0.1951398476495747, 'validation/num_examples': 5348, 'test/ctc_loss': Array(0.40143517, dtype=float32), 'test/wer': 0.12930351593443423, 'test/num_examples': 2472, 'score': 8684.085877656937, 'total_duration': 9649.997616052628, 'accumulated_submission_time': 8684.085877656937, 'accumulated_eval_time': 965.1938455104828, 'accumulated_logging_time': 0.2876284122467041}
I0313 01:30:38.964529 140460200167168 logging_writer.py:48] [10824] accumulated_eval_time=965.193846, accumulated_logging_time=0.287628, accumulated_submission_time=8684.085878, global_step=10824, preemption_count=0, score=8684.085878, test/ctc_loss=0.40143516659736633, test/num_examples=2472, test/wer=0.129304, total_duration=9649.997616, train/ctc_loss=0.3829367160797119, train/wer=0.126935, validation/ctc_loss=0.6785911321640015, validation/num_examples=5348, validation/wer=0.195140
I0313 01:31:37.774615 140460191774464 logging_writer.py:48] [10900] global_step=10900, grad_norm=2.37302303314209, loss=1.5848180055618286
I0313 01:32:53.714346 140460200167168 logging_writer.py:48] [11000] global_step=11000, grad_norm=2.1881167888641357, loss=1.5728613138198853
I0313 01:34:09.920664 140460191774464 logging_writer.py:48] [11100] global_step=11100, grad_norm=2.833557605743408, loss=1.6367852687835693
I0313 01:35:38.003259 140460200167168 logging_writer.py:48] [11200] global_step=11200, grad_norm=2.964179754257202, loss=1.640061855316162
I0313 01:37:04.289134 140460191774464 logging_writer.py:48] [11300] global_step=11300, grad_norm=2.482748031616211, loss=1.5580486059188843
I0313 01:38:26.848124 140460200167168 logging_writer.py:48] [11400] global_step=11400, grad_norm=2.8605265617370605, loss=1.5942792892456055
I0313 01:39:42.449567 140460191774464 logging_writer.py:48] [11500] global_step=11500, grad_norm=2.4641289710998535, loss=1.6177729368209839
I0313 01:40:58.993082 140460200167168 logging_writer.py:48] [11600] global_step=11600, grad_norm=2.954383134841919, loss=1.5547372102737427
I0313 01:42:16.935248 140460191774464 logging_writer.py:48] [11700] global_step=11700, grad_norm=2.3285744190216064, loss=1.5350675582885742
I0313 01:43:39.811536 140460200167168 logging_writer.py:48] [11800] global_step=11800, grad_norm=3.7037181854248047, loss=1.5644410848617554
I0313 01:45:08.067364 140460191774464 logging_writer.py:48] [11900] global_step=11900, grad_norm=2.2099578380584717, loss=1.583523154258728
I0313 01:46:31.663742 140460200167168 logging_writer.py:48] [12000] global_step=12000, grad_norm=3.196622610092163, loss=1.6090388298034668
I0313 01:47:56.990587 140460191774464 logging_writer.py:48] [12100] global_step=12100, grad_norm=2.1290502548217773, loss=1.5275882482528687
I0313 01:49:21.736511 140460200167168 logging_writer.py:48] [12200] global_step=12200, grad_norm=3.897675037384033, loss=1.6169661283493042
I0313 01:50:50.625828 140460191774464 logging_writer.py:48] [12300] global_step=12300, grad_norm=2.256519317626953, loss=1.5211282968521118
I0313 01:52:15.102075 140460200167168 logging_writer.py:48] [12400] global_step=12400, grad_norm=2.909688711166382, loss=1.5808086395263672
I0313 01:53:31.398578 140460191774464 logging_writer.py:48] [12500] global_step=12500, grad_norm=2.643979072570801, loss=1.5539177656173706
I0313 01:54:39.512115 140615942170432 spec.py:321] Evaluating on the training split.
I0313 01:55:35.841131 140615942170432 spec.py:333] Evaluating on the validation split.
I0313 01:56:26.741378 140615942170432 spec.py:349] Evaluating on the test split.
I0313 01:56:53.011224 140615942170432 submission_runner.py:420] Time since start: 11224.08s, 	Step: 12589, 	{'train/ctc_loss': Array(0.34332344, dtype=float32), 'train/wer': 0.11764299236381426, 'validation/ctc_loss': Array(0.656048, dtype=float32), 'validation/wer': 0.18708786699749944, 'validation/num_examples': 5348, 'test/ctc_loss': Array(0.38833746, dtype=float32), 'test/wer': 0.12520057684886154, 'test/num_examples': 2472, 'score': 10124.552185058594, 'total_duration': 11224.081290483475, 'accumulated_submission_time': 10124.552185058594, 'accumulated_eval_time': 1098.6871774196625, 'accumulated_logging_time': 0.33974695205688477}
I0313 01:56:53.042886 140460200167168 logging_writer.py:48] [12589] accumulated_eval_time=1098.687177, accumulated_logging_time=0.339747, accumulated_submission_time=10124.552185, global_step=12589, preemption_count=0, score=10124.552185, test/ctc_loss=0.38833746314048767, test/num_examples=2472, test/wer=0.125201, total_duration=11224.081290, train/ctc_loss=0.3433234393596649, train/wer=0.117643, validation/ctc_loss=0.6560479998588562, validation/num_examples=5348, validation/wer=0.187088
I0313 01:57:02.429798 140460191774464 logging_writer.py:48] [12600] global_step=12600, grad_norm=2.4521188735961914, loss=1.5465539693832397
I0313 01:58:18.021796 140460200167168 logging_writer.py:48] [12700] global_step=12700, grad_norm=3.0161144733428955, loss=1.634752869606018
I0313 01:59:34.569445 140460191774464 logging_writer.py:48] [12800] global_step=12800, grad_norm=2.473306655883789, loss=1.5108846426010132
I0313 02:00:50.744257 140460200167168 logging_writer.py:48] [12900] global_step=12900, grad_norm=3.6275408267974854, loss=1.5984312295913696
I0313 02:02:17.431278 140460191774464 logging_writer.py:48] [13000] global_step=13000, grad_norm=2.092923402786255, loss=1.5839173793792725
I0313 02:03:46.241352 140460200167168 logging_writer.py:48] [13100] global_step=13100, grad_norm=2.935757637023926, loss=1.617538332939148
I0313 02:05:12.374625 140460191774464 logging_writer.py:48] [13200] global_step=13200, grad_norm=2.756093740463257, loss=1.5875461101531982
I0313 02:06:37.790409 140460200167168 logging_writer.py:48] [13300] global_step=13300, grad_norm=3.7324697971343994, loss=1.6059300899505615
I0313 02:08:06.158024 140460200167168 logging_writer.py:48] [13400] global_step=13400, grad_norm=2.0254738330841064, loss=1.5332810878753662
I0313 02:09:23.029543 140460191774464 logging_writer.py:48] [13500] global_step=13500, grad_norm=2.8236520290374756, loss=1.528398871421814
I0313 02:10:39.725904 140460200167168 logging_writer.py:48] [13600] global_step=13600, grad_norm=2.328813076019287, loss=1.5500744581222534
I0313 02:11:55.920352 140460191774464 logging_writer.py:48] [13700] global_step=13700, grad_norm=2.203073501586914, loss=1.5317177772521973
I0313 02:13:12.854760 140460200167168 logging_writer.py:48] [13800] global_step=13800, grad_norm=2.1804943084716797, loss=1.5451959371566772
I0313 02:14:30.864106 140460191774464 logging_writer.py:48] [13900] global_step=13900, grad_norm=3.3317947387695312, loss=1.5114911794662476
I0313 02:15:54.248887 140460200167168 logging_writer.py:48] [14000] global_step=14000, grad_norm=2.240797519683838, loss=1.5494762659072876
I0313 02:17:22.852213 140460191774464 logging_writer.py:48] [14100] global_step=14100, grad_norm=2.929013729095459, loss=1.5910348892211914
I0313 02:18:49.242583 140460200167168 logging_writer.py:48] [14200] global_step=14200, grad_norm=1.9253833293914795, loss=1.5904144048690796
I0313 02:20:16.330226 140460191774464 logging_writer.py:48] [14300] global_step=14300, grad_norm=1.7162199020385742, loss=1.5496330261230469
I0313 02:20:53.539253 140615942170432 spec.py:321] Evaluating on the training split.
I0313 02:21:48.239454 140615942170432 spec.py:333] Evaluating on the validation split.
I0313 02:22:39.042312 140615942170432 spec.py:349] Evaluating on the test split.
I0313 02:23:05.143950 140615942170432 submission_runner.py:420] Time since start: 12796.21s, 	Step: 14344, 	{'train/ctc_loss': Array(0.29857165, dtype=float32), 'train/wer': 0.10548896227150992, 'validation/ctc_loss': Array(0.63960975, dtype=float32), 'validation/wer': 0.1832839336918428, 'validation/num_examples': 5348, 'test/ctc_loss': Array(0.37290213, dtype=float32), 'test/wer': 0.12050860195397396, 'test/num_examples': 2472, 'score': 11564.96788263321, 'total_duration': 12796.214233160019, 'accumulated_submission_time': 11564.96788263321, 'accumulated_eval_time': 1230.286295413971, 'accumulated_logging_time': 0.3859894275665283}
I0313 02:23:05.185122 140459616487168 logging_writer.py:48] [14344] accumulated_eval_time=1230.286295, accumulated_logging_time=0.385989, accumulated_submission_time=11564.967883, global_step=14344, preemption_count=0, score=11564.967883, test/ctc_loss=0.37290212512016296, test/num_examples=2472, test/wer=0.120509, total_duration=12796.214233, train/ctc_loss=0.2985716462135315, train/wer=0.105489, validation/ctc_loss=0.6396097540855408, validation/num_examples=5348, validation/wer=0.183284
I0313 02:23:48.101972 140459608094464 logging_writer.py:48] [14400] global_step=14400, grad_norm=3.211970090866089, loss=1.537661075592041
I0313 02:25:08.673504 140459616487168 logging_writer.py:48] [14500] global_step=14500, grad_norm=2.038297176361084, loss=1.4432547092437744
I0313 02:26:25.597177 140459608094464 logging_writer.py:48] [14600] global_step=14600, grad_norm=5.032814025878906, loss=1.5575822591781616
I0313 02:27:42.045606 140459616487168 logging_writer.py:48] [14700] global_step=14700, grad_norm=2.0114922523498535, loss=1.5707426071166992
I0313 02:28:59.357228 140459608094464 logging_writer.py:48] [14800] global_step=14800, grad_norm=3.1793267726898193, loss=1.540359377861023
I0313 02:30:22.831597 140459616487168 logging_writer.py:48] [14900] global_step=14900, grad_norm=3.330348253250122, loss=1.513885259628296
I0313 02:31:48.811344 140459608094464 logging_writer.py:48] [15000] global_step=15000, grad_norm=3.699557304382324, loss=1.5827821493148804
I0313 02:33:16.166718 140459616487168 logging_writer.py:48] [15100] global_step=15100, grad_norm=4.124868869781494, loss=1.5910358428955078
I0313 02:34:41.670347 140459608094464 logging_writer.py:48] [15200] global_step=15200, grad_norm=2.6032557487487793, loss=1.5031323432922363
I0313 02:36:10.741797 140459616487168 logging_writer.py:48] [15300] global_step=15300, grad_norm=1.8811086416244507, loss=1.5145066976547241
I0313 02:37:37.365592 140459608094464 logging_writer.py:48] [15400] global_step=15400, grad_norm=2.5001258850097656, loss=1.558117151260376
I0313 02:39:01.901417 140459616487168 logging_writer.py:48] [15500] global_step=15500, grad_norm=2.093427896499634, loss=1.4794493913650513
I0313 02:40:17.368367 140459608094464 logging_writer.py:48] [15600] global_step=15600, grad_norm=4.729397296905518, loss=1.4818288087844849
I0313 02:41:33.229803 140459616487168 logging_writer.py:48] [15700] global_step=15700, grad_norm=2.2247025966644287, loss=1.5543022155761719
I0313 02:42:48.476392 140459608094464 logging_writer.py:48] [15800] global_step=15800, grad_norm=2.4709932804107666, loss=1.505311369895935
I0313 02:44:08.847473 140459616487168 logging_writer.py:48] [15900] global_step=15900, grad_norm=2.352931022644043, loss=1.5876492261886597
I0313 02:45:35.357862 140459608094464 logging_writer.py:48] [16000] global_step=16000, grad_norm=2.3261847496032715, loss=1.5117231607437134
I0313 02:47:02.309683 140459616487168 logging_writer.py:48] [16100] global_step=16100, grad_norm=2.7347803115844727, loss=1.5233938694000244
I0313 02:47:05.293455 140615942170432 spec.py:321] Evaluating on the training split.
I0313 02:47:59.347857 140615942170432 spec.py:333] Evaluating on the validation split.
I0313 02:48:50.983717 140615942170432 spec.py:349] Evaluating on the test split.
I0313 02:49:17.079941 140615942170432 submission_runner.py:420] Time since start: 14368.15s, 	Step: 16105, 	{'train/ctc_loss': Array(0.27393517, dtype=float32), 'train/wer': 0.0952391085764142, 'validation/ctc_loss': Array(0.61575806, dtype=float32), 'validation/wer': 0.1773077034476766, 'validation/num_examples': 5348, 'test/ctc_loss': Array(0.3568221, dtype=float32), 'test/wer': 0.11555257652387627, 'test/num_examples': 2472, 'score': 13004.995213031769, 'total_duration': 14368.149621248245, 'accumulated_submission_time': 13004.995213031769, 'accumulated_eval_time': 1362.0665986537933, 'accumulated_logging_time': 0.44080233573913574}
I0313 02:49:17.112737 140460200167168 logging_writer.py:48] [16105] accumulated_eval_time=1362.066599, accumulated_logging_time=0.440802, accumulated_submission_time=13004.995213, global_step=16105, preemption_count=0, score=13004.995213, test/ctc_loss=0.35682210326194763, test/num_examples=2472, test/wer=0.115553, total_duration=14368.149621, train/ctc_loss=0.2739351689815521, train/wer=0.095239, validation/ctc_loss=0.6157580614089966, validation/num_examples=5348, validation/wer=0.177308
I0313 02:50:30.772910 140460191774464 logging_writer.py:48] [16200] global_step=16200, grad_norm=2.0151872634887695, loss=1.4803950786590576
I0313 02:51:46.850225 140460200167168 logging_writer.py:48] [16300] global_step=16300, grad_norm=2.1487159729003906, loss=1.4473036527633667
I0313 02:53:03.075430 140460191774464 logging_writer.py:48] [16400] global_step=16400, grad_norm=3.5016584396362305, loss=1.639020562171936
I0313 02:54:28.812392 140452907292416 logging_writer.py:48] [16500] global_step=16500, grad_norm=3.0751938819885254, loss=1.4584639072418213
I0313 02:55:44.768105 140448467244800 logging_writer.py:48] [16600] global_step=16600, grad_norm=1.948865294456482, loss=1.4882181882858276
I0313 02:57:01.323591 140452907292416 logging_writer.py:48] [16700] global_step=16700, grad_norm=2.8646910190582275, loss=1.5240294933319092
I0313 02:58:18.612172 140448467244800 logging_writer.py:48] [16800] global_step=16800, grad_norm=2.007201910018921, loss=1.425959825515747
I0313 02:59:34.605226 140452907292416 logging_writer.py:48] [16900] global_step=16900, grad_norm=3.018630266189575, loss=1.458034873008728
I0313 03:00:56.397925 140448467244800 logging_writer.py:48] [17000] global_step=17000, grad_norm=2.8910703659057617, loss=1.4708107709884644
I0313 03:02:22.926826 140452907292416 logging_writer.py:48] [17100] global_step=17100, grad_norm=2.281578540802002, loss=1.4996869564056396
I0313 03:03:47.635319 140448467244800 logging_writer.py:48] [17200] global_step=17200, grad_norm=2.192337989807129, loss=1.4950816631317139
I0313 03:05:13.091909 140452907292416 logging_writer.py:48] [17300] global_step=17300, grad_norm=1.795337200164795, loss=1.4071810245513916
I0313 03:06:37.985207 140448467244800 logging_writer.py:48] [17400] global_step=17400, grad_norm=4.861261367797852, loss=1.4645975828170776
I0313 03:08:02.234276 140452907292416 logging_writer.py:48] [17500] global_step=17500, grad_norm=2.765319585800171, loss=1.558548927307129
I0313 03:09:22.207037 140452907292416 logging_writer.py:48] [17600] global_step=17600, grad_norm=4.245564937591553, loss=1.5391842126846313
I0313 03:10:37.932845 140448467244800 logging_writer.py:48] [17700] global_step=17700, grad_norm=2.911583662033081, loss=1.4637056589126587
I0313 03:11:54.311969 140452907292416 logging_writer.py:48] [17800] global_step=17800, grad_norm=5.1361308097839355, loss=1.5415984392166138
I0313 03:13:13.750919 140448467244800 logging_writer.py:48] [17900] global_step=17900, grad_norm=2.8606536388397217, loss=1.5572540760040283
I0313 03:13:17.644827 140615942170432 spec.py:321] Evaluating on the training split.
I0313 03:14:12.640067 140615942170432 spec.py:333] Evaluating on the validation split.
I0313 03:15:02.595545 140615942170432 spec.py:349] Evaluating on the test split.
I0313 03:15:28.266564 140615942170432 submission_runner.py:420] Time since start: 15939.34s, 	Step: 17906, 	{'train/ctc_loss': Array(0.28437436, dtype=float32), 'train/wer': 0.10151930368376173, 'validation/ctc_loss': Array(0.6062099, dtype=float32), 'validation/wer': 0.17544435540708844, 'validation/num_examples': 5348, 'test/ctc_loss': Array(0.34615928, dtype=float32), 'test/wer': 0.11155119533646132, 'test/num_examples': 2472, 'score': 14445.443444490433, 'total_duration': 15939.336789369583, 'accumulated_submission_time': 14445.443444490433, 'accumulated_eval_time': 1492.6827099323273, 'accumulated_logging_time': 0.4890756607055664}
I0313 03:15:28.301163 140452907292416 logging_writer.py:48] [17906] accumulated_eval_time=1492.682710, accumulated_logging_time=0.489076, accumulated_submission_time=14445.443444, global_step=17906, preemption_count=0, score=14445.443444, test/ctc_loss=0.34615927934646606, test/num_examples=2472, test/wer=0.111551, total_duration=15939.336789, train/ctc_loss=0.2843743562698364, train/wer=0.101519, validation/ctc_loss=0.6062098741531372, validation/num_examples=5348, validation/wer=0.175444
I0313 03:16:40.353748 140448467244800 logging_writer.py:48] [18000] global_step=18000, grad_norm=2.501084089279175, loss=1.5018069744110107
I0313 03:17:56.666498 140452907292416 logging_writer.py:48] [18100] global_step=18100, grad_norm=2.8020503520965576, loss=1.4015796184539795
I0313 03:19:15.245158 140448467244800 logging_writer.py:48] [18200] global_step=18200, grad_norm=2.684688091278076, loss=1.5150202512741089
I0313 03:20:42.144172 140452907292416 logging_writer.py:48] [18300] global_step=18300, grad_norm=2.2871978282928467, loss=1.5104111433029175
I0313 03:22:07.354989 140448467244800 logging_writer.py:48] [18400] global_step=18400, grad_norm=1.7678271532058716, loss=1.5187501907348633
I0313 03:23:32.501268 140452907292416 logging_writer.py:48] [18500] global_step=18500, grad_norm=2.1196439266204834, loss=1.5281468629837036
I0313 03:24:55.472324 140460200167168 logging_writer.py:48] [18600] global_step=18600, grad_norm=4.263681411743164, loss=1.5090205669403076
I0313 03:26:11.065913 140460191774464 logging_writer.py:48] [18700] global_step=18700, grad_norm=2.5780386924743652, loss=1.4223252534866333
I0313 03:27:27.936564 140460200167168 logging_writer.py:48] [18800] global_step=18800, grad_norm=2.385535955429077, loss=1.437964916229248
I0313 03:28:45.337140 140460191774464 logging_writer.py:48] [18900] global_step=18900, grad_norm=2.74031138420105, loss=1.495578646659851
I0313 03:30:09.879103 140460200167168 logging_writer.py:48] [19000] global_step=19000, grad_norm=1.6593009233474731, loss=1.4789437055587769
I0313 03:31:38.817035 140460191774464 logging_writer.py:48] [19100] global_step=19100, grad_norm=4.384947299957275, loss=1.4904676675796509
I0313 03:33:03.724073 140460200167168 logging_writer.py:48] [19200] global_step=19200, grad_norm=4.373647212982178, loss=1.4742441177368164
I0313 03:34:32.635802 140460191774464 logging_writer.py:48] [19300] global_step=19300, grad_norm=2.7667369842529297, loss=1.5394163131713867
I0313 03:36:00.233282 140460200167168 logging_writer.py:48] [19400] global_step=19400, grad_norm=2.3102023601531982, loss=1.5041841268539429
I0313 03:37:27.684770 140460191774464 logging_writer.py:48] [19500] global_step=19500, grad_norm=2.5572149753570557, loss=1.4906001091003418
I0313 03:38:53.934680 140460200167168 logging_writer.py:48] [19600] global_step=19600, grad_norm=3.6890435218811035, loss=1.4696160554885864
I0313 03:39:28.787641 140615942170432 spec.py:321] Evaluating on the training split.
I0313 03:40:23.694708 140615942170432 spec.py:333] Evaluating on the validation split.
I0313 03:41:14.634605 140615942170432 spec.py:349] Evaluating on the test split.
I0313 03:41:40.680178 140615942170432 submission_runner.py:420] Time since start: 17511.75s, 	Step: 19647, 	{'train/ctc_loss': Array(0.28456303, dtype=float32), 'train/wer': 0.09695126788122373, 'validation/ctc_loss': Array(0.58785826, dtype=float32), 'validation/wer': 0.16926537744866138, 'validation/num_examples': 5348, 'test/ctc_loss': Array(0.3346423, dtype=float32), 'test/wer': 0.10813884995836126, 'test/num_examples': 2472, 'score': 15885.84837603569, 'total_duration': 17511.750654459, 'accumulated_submission_time': 15885.84837603569, 'accumulated_eval_time': 1624.5698716640472, 'accumulated_logging_time': 0.5372681617736816}
I0313 03:41:40.714204 140460200167168 logging_writer.py:48] [19647] accumulated_eval_time=1624.569872, accumulated_logging_time=0.537268, accumulated_submission_time=15885.848376, global_step=19647, preemption_count=0, score=15885.848376, test/ctc_loss=0.33464229106903076, test/num_examples=2472, test/wer=0.108139, total_duration=17511.750654, train/ctc_loss=0.2845630347728729, train/wer=0.096951, validation/ctc_loss=0.587858259677887, validation/num_examples=5348, validation/wer=0.169265
I0313 03:42:21.424588 140460191774464 logging_writer.py:48] [19700] global_step=19700, grad_norm=1.633776307106018, loss=1.4344873428344727
I0313 03:43:36.587664 140460200167168 logging_writer.py:48] [19800] global_step=19800, grad_norm=3.0464658737182617, loss=1.4453685283660889
I0313 03:44:51.913470 140460191774464 logging_writer.py:48] [19900] global_step=19900, grad_norm=2.2587785720825195, loss=1.4377237558364868
I0313 03:46:09.120733 140460200167168 logging_writer.py:48] [20000] global_step=20000, grad_norm=3.4508368968963623, loss=1.3519201278686523
