python3 submission_runner.py --framework=jax --workload=criteo1tb_embed_init --submission_path=reference_algorithms/target_setting_algorithms/jax_nadamw.py --data_dir=/data/criteo1tb --num_tuning_trials=1 --experiment_dir=/experiment_runs --experiment_name=variants_target_setting/study_0 --overwrite=true --save_checkpoints=false --rng_seed=2465481527 --max_global_steps=10666 --tuning_ruleset=external --tuning_search_space=reference_algorithms/target_setting_algorithms/criteo1tb_embed_init/tuning_search_space.json --num_tuning_trials=1 2>&1 | tee -a /logs/criteo1tb_embed_init_jax_03-06-2024-00-04-16.log
I0306 00:04:35.483720 139827085571904 logger_utils.py:61] Removing existing experiment directory /experiment_runs/variants_target_setting/study_0/criteo1tb_embed_init_jax because --overwrite was set.
I0306 00:04:35.485039 139827085571904 logger_utils.py:76] Creating experiment directory at /experiment_runs/variants_target_setting/study_0/criteo1tb_embed_init_jax.
I0306 00:04:37.079022 139827085571904 xla_bridge.py:455] Unable to initialize backend 'rocm': NOT_FOUND: Could not find registered platform with name: "rocm". Available platform names are: CUDA Host Interpreter
I0306 00:04:37.079854 139827085571904 xla_bridge.py:455] Unable to initialize backend 'tpu': module 'jaxlib.xla_extension' has no attribute 'get_tpu_client'
I0306 00:04:37.080022 139827085571904 xla_bridge.py:455] Unable to initialize backend 'plugin': xla_extension has no attributes named get_plugin_device_client. Compile TensorFlow with //tensorflow/compiler/xla/python:enable_plugin_device set to true (defaults to false) to enable this.
I0306 00:04:37.086128 139827085571904 submission_runner.py:547] Using RNG seed 2465481527
I0306 00:04:38.100345 139827085571904 submission_runner.py:556] --- Tuning run 1/1 ---
I0306 00:04:38.100533 139827085571904 submission_runner.py:561] Creating tuning directory at /experiment_runs/variants_target_setting/study_0/criteo1tb_embed_init_jax/trial_1.
I0306 00:04:38.100697 139827085571904 logger_utils.py:92] Saving hparams to /experiment_runs/variants_target_setting/study_0/criteo1tb_embed_init_jax/trial_1/hparams.json.
I0306 00:04:38.279182 139827085571904 submission_runner.py:206] Initializing dataset.
I0306 00:04:38.279380 139827085571904 submission_runner.py:213] Initializing model.
I0306 00:04:43.679015 139827085571904 submission_runner.py:255] Initializing optimizer.
I0306 00:04:46.545466 139827085571904 submission_runner.py:262] Initializing metrics bundle.
I0306 00:04:46.545704 139827085571904 submission_runner.py:280] Initializing checkpoint and logger.
I0306 00:04:46.547081 139827085571904 checkpoints.py:915] Found no checkpoint files in /experiment_runs/variants_target_setting/study_0/criteo1tb_embed_init_jax/trial_1 with prefix checkpoint_
I0306 00:04:46.547226 139827085571904 submission_runner.py:300] Saving meta data to /experiment_runs/variants_target_setting/study_0/criteo1tb_embed_init_jax/trial_1/meta_data_0.json.
I0306 00:04:46.547414 139827085571904 logger_utils.py:257] Unable to record workload.train_mean information. Continuing without it.
I0306 00:04:46.547475 139827085571904 logger_utils.py:257] Unable to record workload.train_stddev information. Continuing without it.
fatal: detected dubious ownership in repository at '/algorithmic-efficiency'
To add an exception for this directory, call:

	git config --global --add safe.directory /algorithmic-efficiency
I0306 00:04:46.800390 139827085571904 logger_utils.py:220] Unable to record git information. Continuing without it.
I0306 00:04:47.036156 139827085571904 submission_runner.py:304] Saving flags to /experiment_runs/variants_target_setting/study_0/criteo1tb_embed_init_jax/trial_1/flags_0.json.
I0306 00:04:47.128721 139827085571904 submission_runner.py:314] Starting training loop.
I0306 00:05:07.212798 139665802774272 logging_writer.py:48] [0] global_step=0, grad_norm=516.7490844726562, loss=6.097844123840332
I0306 00:05:07.223977 139827085571904 spec.py:321] Evaluating on the training split.
I0306 00:09:17.809067 139827085571904 spec.py:333] Evaluating on the validation split.
I0306 00:13:26.164574 139827085571904 spec.py:349] Evaluating on the test split.
I0306 00:18:09.252247 139827085571904 submission_runner.py:413] Time since start: 802.12s, 	Step: 1, 	{'train/loss': 6.109228727952489, 'validation/loss': 6.167542957887646, 'validation/num_examples': 83274637, 'test/loss': 6.0549652388157895, 'test/num_examples': 95000000, 'score': 20.095224142074585, 'total_duration': 802.123473405838, 'accumulated_submission_time': 20.095224142074585, 'accumulated_eval_time': 782.0281999111176, 'accumulated_logging_time': 0}
I0306 00:18:09.268562 139646180759296 logging_writer.py:48] [1] accumulated_eval_time=782.028200, accumulated_logging_time=0, accumulated_submission_time=20.095224, global_step=1, preemption_count=0, score=20.095224, test/loss=6.054965, test/num_examples=95000000, total_duration=802.123473, train/loss=6.109229, validation/loss=6.167543, validation/num_examples=83274637
I0306 00:18:09.382597 139645962680064 logging_writer.py:48] [1] global_step=1, grad_norm=516.5078735351562, loss=6.098535537719727
I0306 00:18:09.488687 139646180759296 logging_writer.py:48] [2] global_step=2, grad_norm=516.3818359375, loss=4.829626560211182
I0306 00:18:09.593283 139645962680064 logging_writer.py:48] [3] global_step=3, grad_norm=480.20880126953125, loss=2.6128933429718018
I0306 00:18:09.695520 139646180759296 logging_writer.py:48] [4] global_step=4, grad_norm=170.25448608398438, loss=0.47416242957115173
I0306 00:18:09.798280 139645962680064 logging_writer.py:48] [5] global_step=5, grad_norm=10.324518203735352, loss=0.1668008714914322
I0306 00:18:09.900503 139646180759296 logging_writer.py:48] [6] global_step=6, grad_norm=18.06536865234375, loss=0.2775881290435791
I0306 00:18:10.002866 139645962680064 logging_writer.py:48] [7] global_step=7, grad_norm=18.30626678466797, loss=0.41954874992370605
I0306 00:18:10.105680 139646180759296 logging_writer.py:48] [8] global_step=8, grad_norm=17.746036529541016, loss=0.5522347092628479
I0306 00:18:10.208878 139645962680064 logging_writer.py:48] [9] global_step=9, grad_norm=17.757789611816406, loss=0.6947831511497498
I0306 00:18:10.312015 139646180759296 logging_writer.py:48] [10] global_step=10, grad_norm=17.853635787963867, loss=0.8393881320953369
I0306 00:18:10.415279 139645962680064 logging_writer.py:48] [11] global_step=11, grad_norm=17.527236938476562, loss=0.9630863666534424
I0306 00:18:10.518565 139646180759296 logging_writer.py:48] [12] global_step=12, grad_norm=17.485441207885742, loss=1.0926663875579834
I0306 00:18:10.624750 139645962680064 logging_writer.py:48] [13] global_step=13, grad_norm=17.888452529907227, loss=1.2389355897903442
I0306 00:18:10.729335 139646180759296 logging_writer.py:48] [14] global_step=14, grad_norm=17.615949630737305, loss=1.3426986932754517
I0306 00:18:10.833905 139645962680064 logging_writer.py:48] [15] global_step=15, grad_norm=18.165611267089844, loss=1.509902000427246
I0306 00:18:10.937318 139646180759296 logging_writer.py:48] [16] global_step=16, grad_norm=17.885784149169922, loss=1.5975816249847412
I0306 00:18:11.039970 139645962680064 logging_writer.py:48] [17] global_step=17, grad_norm=17.560997009277344, loss=1.6694689989089966
I0306 00:18:11.142570 139646180759296 logging_writer.py:48] [18] global_step=18, grad_norm=17.87299156188965, loss=1.7984763383865356
I0306 00:18:11.245648 139645962680064 logging_writer.py:48] [19] global_step=19, grad_norm=16.756338119506836, loss=1.7531299591064453
I0306 00:18:11.348468 139646180759296 logging_writer.py:48] [20] global_step=20, grad_norm=16.671777725219727, loss=1.7822932004928589
I0306 00:18:11.451385 139645962680064 logging_writer.py:48] [21] global_step=21, grad_norm=17.04622459411621, loss=1.8423644304275513
I0306 00:18:11.554476 139646180759296 logging_writer.py:48] [22] global_step=22, grad_norm=16.956178665161133, loss=1.8329836130142212
I0306 00:18:11.661919 139645962680064 logging_writer.py:48] [23] global_step=23, grad_norm=17.356868743896484, loss=1.8694539070129395
I0306 00:18:11.765554 139646180759296 logging_writer.py:48] [24] global_step=24, grad_norm=17.625192642211914, loss=1.8782310485839844
I0306 00:18:11.869199 139645962680064 logging_writer.py:48] [25] global_step=25, grad_norm=17.26377296447754, loss=1.8069489002227783
I0306 00:18:11.972018 139646180759296 logging_writer.py:48] [26] global_step=26, grad_norm=17.289030075073242, loss=1.763590693473816
I0306 00:18:12.074882 139645962680064 logging_writer.py:48] [27] global_step=27, grad_norm=17.62615203857422, loss=1.7414026260375977
I0306 00:18:12.542619 139646180759296 logging_writer.py:48] [28] global_step=28, grad_norm=17.39624786376953, loss=1.6588196754455566
I0306 00:18:13.172055 139645962680064 logging_writer.py:48] [29] global_step=29, grad_norm=17.494918823242188, loss=1.6122714281082153
I0306 00:18:14.009079 139646180759296 logging_writer.py:48] [30] global_step=30, grad_norm=17.828908920288086, loss=1.5737998485565186
I0306 00:18:14.975187 139645962680064 logging_writer.py:48] [31] global_step=31, grad_norm=17.816009521484375, loss=1.4839820861816406
I0306 00:18:15.717092 139646180759296 logging_writer.py:48] [32] global_step=32, grad_norm=17.82805061340332, loss=1.3830022811889648
I0306 00:18:16.383546 139645962680064 logging_writer.py:48] [33] global_step=33, grad_norm=18.25649642944336, loss=1.2930876016616821
I0306 00:18:17.208469 139646180759296 logging_writer.py:48] [34] global_step=34, grad_norm=17.98113441467285, loss=1.1518055200576782
I0306 00:18:18.226192 139645962680064 logging_writer.py:48] [35] global_step=35, grad_norm=17.621755599975586, loss=1.0377106666564941
I0306 00:18:18.953716 139646180759296 logging_writer.py:48] [36] global_step=36, grad_norm=18.078683853149414, loss=0.9328262805938721
I0306 00:18:19.812230 139645962680064 logging_writer.py:48] [37] global_step=37, grad_norm=18.043333053588867, loss=0.7891817688941956
I0306 00:18:20.637767 139646180759296 logging_writer.py:48] [38] global_step=38, grad_norm=18.364503860473633, loss=0.6458150148391724
I0306 00:18:21.508689 139645962680064 logging_writer.py:48] [39] global_step=39, grad_norm=18.558000564575195, loss=0.4813143312931061
I0306 00:18:22.277114 139646180759296 logging_writer.py:48] [40] global_step=40, grad_norm=18.882225036621094, loss=0.30444827675819397
I0306 00:18:23.108032 139645962680064 logging_writer.py:48] [41] global_step=41, grad_norm=3.264328718185425, loss=0.14933735132217407
I0306 00:18:23.847042 139646180759296 logging_writer.py:48] [42] global_step=42, grad_norm=499.361083984375, loss=1.9016956090927124
I0306 00:18:24.633956 139645962680064 logging_writer.py:48] [43] global_step=43, grad_norm=14.967110633850098, loss=0.16891182959079742
I0306 00:18:25.422785 139646180759296 logging_writer.py:48] [44] global_step=44, grad_norm=19.489763259887695, loss=0.25314003229141235
I0306 00:18:26.221320 139645962680064 logging_writer.py:48] [45] global_step=45, grad_norm=20.57688331604004, loss=0.35138195753097534
I0306 00:18:27.034462 139646180759296 logging_writer.py:48] [46] global_step=46, grad_norm=20.536632537841797, loss=0.43279513716697693
I0306 00:18:27.820398 139645962680064 logging_writer.py:48] [47] global_step=47, grad_norm=20.698272705078125, loss=0.5126926302909851
I0306 00:18:28.613660 139646180759296 logging_writer.py:48] [48] global_step=48, grad_norm=21.02029800415039, loss=0.5910437703132629
I0306 00:18:29.511502 139645962680064 logging_writer.py:48] [49] global_step=49, grad_norm=21.02304458618164, loss=0.6541057825088501
I0306 00:18:30.275630 139646180759296 logging_writer.py:48] [50] global_step=50, grad_norm=21.105941772460938, loss=0.7122334241867065
I0306 00:18:30.948344 139645962680064 logging_writer.py:48] [51] global_step=51, grad_norm=21.44566535949707, loss=0.7735332250595093
I0306 00:18:31.759087 139646180759296 logging_writer.py:48] [52] global_step=52, grad_norm=21.893009185791016, loss=0.8301194906234741
I0306 00:18:32.621405 139645962680064 logging_writer.py:48] [53] global_step=53, grad_norm=23.133150100708008, loss=0.9103114008903503
I0306 00:18:33.276936 139646180759296 logging_writer.py:48] [54] global_step=54, grad_norm=25.09583854675293, loss=1.0123820304870605
I0306 00:18:34.242128 139645962680064 logging_writer.py:48] [55] global_step=55, grad_norm=24.82361602783203, loss=1.0175299644470215
I0306 00:18:34.908064 139646180759296 logging_writer.py:48] [56] global_step=56, grad_norm=25.80775260925293, loss=1.0635970830917358
I0306 00:18:35.666393 139645962680064 logging_writer.py:48] [57] global_step=57, grad_norm=25.210540771484375, loss=1.0316611528396606
I0306 00:18:36.480636 139646180759296 logging_writer.py:48] [58] global_step=58, grad_norm=26.139965057373047, loss=1.0518251657485962
I0306 00:18:37.344702 139645962680064 logging_writer.py:48] [59] global_step=59, grad_norm=26.352022171020508, loss=1.0291908979415894
I0306 00:18:38.401551 139646180759296 logging_writer.py:48] [60] global_step=60, grad_norm=27.4852352142334, loss=1.023140549659729
I0306 00:18:39.071256 139645962680064 logging_writer.py:48] [61] global_step=61, grad_norm=27.98398780822754, loss=0.977035641670227
I0306 00:18:39.803799 139646180759296 logging_writer.py:48] [62] global_step=62, grad_norm=28.199405670166016, loss=0.9044374823570251
I0306 00:18:40.747613 139645962680064 logging_writer.py:48] [63] global_step=63, grad_norm=28.869565963745117, loss=0.8286904096603394
I0306 00:18:41.546030 139646180759296 logging_writer.py:48] [64] global_step=64, grad_norm=29.099185943603516, loss=0.7269311547279358
I0306 00:18:42.301258 139645962680064 logging_writer.py:48] [65] global_step=65, grad_norm=29.76829719543457, loss=0.6241589188575745
I0306 00:18:43.017029 139646180759296 logging_writer.py:48] [66] global_step=66, grad_norm=29.85430335998535, loss=0.48425987362861633
I0306 00:18:43.722961 139645962680064 logging_writer.py:48] [67] global_step=67, grad_norm=31.154054641723633, loss=0.3413657546043396
I0306 00:18:44.601106 139646180759296 logging_writer.py:48] [68] global_step=68, grad_norm=16.049129486083984, loss=0.17592813074588776
I0306 00:18:45.492153 139645962680064 logging_writer.py:48] [69] global_step=69, grad_norm=538.4461669921875, loss=1.1870497465133667
I0306 00:18:46.195631 139646180759296 logging_writer.py:48] [70] global_step=70, grad_norm=30.239646911621094, loss=0.25425633788108826
I0306 00:18:47.139888 139645962680064 logging_writer.py:48] [71] global_step=71, grad_norm=32.017459869384766, loss=0.3439784348011017
I0306 00:18:47.811622 139646180759296 logging_writer.py:48] [72] global_step=72, grad_norm=32.545169830322266, loss=0.4225199818611145
I0306 00:18:48.664774 139645962680064 logging_writer.py:48] [73] global_step=73, grad_norm=31.08759880065918, loss=0.4626971483230591
I0306 00:18:49.304537 139646180759296 logging_writer.py:48] [74] global_step=74, grad_norm=31.931623458862305, loss=0.5254627466201782
I0306 00:18:50.125564 139645962680064 logging_writer.py:48] [75] global_step=75, grad_norm=31.950620651245117, loss=0.5639941096305847
I0306 00:18:50.925947 139646180759296 logging_writer.py:48] [76] global_step=76, grad_norm=32.88936996459961, loss=0.6078606247901917
I0306 00:18:51.583871 139645962680064 logging_writer.py:48] [77] global_step=77, grad_norm=33.3443717956543, loss=0.6310637593269348
I0306 00:18:52.356801 139646180759296 logging_writer.py:48] [78] global_step=78, grad_norm=33.9566650390625, loss=0.644352912902832
I0306 00:18:53.170698 139645962680064 logging_writer.py:48] [79] global_step=79, grad_norm=34.28578186035156, loss=0.6385711431503296
I0306 00:18:53.971706 139646180759296 logging_writer.py:48] [80] global_step=80, grad_norm=34.382423400878906, loss=0.6143901348114014
I0306 00:18:54.704615 139645962680064 logging_writer.py:48] [81] global_step=81, grad_norm=35.38182067871094, loss=0.590865969657898
I0306 00:18:55.355829 139646180759296 logging_writer.py:48] [82] global_step=82, grad_norm=34.67005157470703, loss=0.5239368677139282
I0306 00:18:56.159447 139645962680064 logging_writer.py:48] [83] global_step=83, grad_norm=35.369140625, loss=0.4645903706550598
I0306 00:18:57.047299 139646180759296 logging_writer.py:48] [84] global_step=84, grad_norm=35.562076568603516, loss=0.3820359706878662
I0306 00:18:57.717857 139645962680064 logging_writer.py:48] [85] global_step=85, grad_norm=35.22426223754883, loss=0.28365767002105713
I0306 00:18:58.456141 139646180759296 logging_writer.py:48] [86] global_step=86, grad_norm=26.790935516357422, loss=0.18037474155426025
I0306 00:18:59.269157 139645962680064 logging_writer.py:48] [87] global_step=87, grad_norm=177.19735717773438, loss=0.2897792160511017
I0306 00:18:59.903949 139646180759296 logging_writer.py:48] [88] global_step=88, grad_norm=25.471660614013672, loss=0.16311857104301453
I0306 00:19:00.718010 139645962680064 logging_writer.py:48] [89] global_step=89, grad_norm=30.089170455932617, loss=0.16613076627254486
I0306 00:19:01.716931 139646180759296 logging_writer.py:48] [90] global_step=90, grad_norm=9.537077903747559, loss=0.15546733140945435
I0306 00:19:02.436118 139645962680064 logging_writer.py:48] [91] global_step=91, grad_norm=6.004272937774658, loss=0.15599927306175232
I0306 00:19:03.399273 139646180759296 logging_writer.py:48] [92] global_step=92, grad_norm=4.013781547546387, loss=0.15113845467567444
I0306 00:19:04.008765 139645962680064 logging_writer.py:48] [93] global_step=93, grad_norm=3.0210132598876953, loss=0.1509566605091095
I0306 00:19:04.747952 139646180759296 logging_writer.py:48] [94] global_step=94, grad_norm=1.770848035812378, loss=0.14847519993782043
I0306 00:19:05.602670 139645962680064 logging_writer.py:48] [95] global_step=95, grad_norm=1.8089320659637451, loss=0.14873212575912476
I0306 00:19:06.162396 139646180759296 logging_writer.py:48] [96] global_step=96, grad_norm=1.6450308561325073, loss=0.14977149665355682
I0306 00:19:06.973613 139645962680064 logging_writer.py:48] [97] global_step=97, grad_norm=0.8806089162826538, loss=0.14844386279582977
I0306 00:19:07.641223 139646180759296 logging_writer.py:48] [98] global_step=98, grad_norm=0.7820650935173035, loss=0.14820365607738495
I0306 00:19:08.454238 139645962680064 logging_writer.py:48] [99] global_step=99, grad_norm=1.4076364040374756, loss=0.14565694332122803
I0306 00:19:09.178624 139646180759296 logging_writer.py:48] [100] global_step=100, grad_norm=2.31968355178833, loss=0.14811468124389648
I0306 00:20:09.395287 139827085571904 spec.py:321] Evaluating on the training split.
I0306 00:23:32.416315 139827085571904 spec.py:333] Evaluating on the validation split.
I0306 00:26:11.202459 139827085571904 spec.py:349] Evaluating on the test split.
I0306 00:29:25.720761 139827085571904 submission_runner.py:413] Time since start: 1478.59s, 	Step: 181, 	{'train/loss': 1.0292331924978293, 'validation/loss': 1.0355964892257652, 'validation/num_examples': 83274637, 'test/loss': 1.0667826981085526, 'test/num_examples': 95000000, 'score': 140.2082736492157, 'total_duration': 1478.591975927353, 'accumulated_submission_time': 140.2082736492157, 'accumulated_eval_time': 1338.3536128997803, 'accumulated_logging_time': 0.025177478790283203}
I0306 00:29:25.734112 139645962680064 logging_writer.py:48] [181] accumulated_eval_time=1338.353613, accumulated_logging_time=0.025177, accumulated_submission_time=140.208274, global_step=181, preemption_count=0, score=140.208274, test/loss=1.066783, test/num_examples=95000000, total_duration=1478.591976, train/loss=1.029233, validation/loss=1.035596, validation/num_examples=83274637
I0306 00:31:26.048109 139827085571904 spec.py:321] Evaluating on the training split.
I0306 00:34:44.747347 139827085571904 spec.py:333] Evaluating on the validation split.
I0306 00:37:20.037306 139827085571904 spec.py:349] Evaluating on the test split.
I0306 00:40:30.931129 139827085571904 submission_runner.py:413] Time since start: 2143.80s, 	Step: 360, 	{'train/loss': 0.14613674374871283, 'validation/loss': 0.14416453528041198, 'validation/num_examples': 83274637, 'test/loss': 0.1475941744037829, 'test/num_examples': 95000000, 'score': 260.5102393627167, 'total_duration': 2143.8023307323456, 'accumulated_submission_time': 260.5102393627167, 'accumulated_eval_time': 1883.2365686893463, 'accumulated_logging_time': 0.0453038215637207}
I0306 00:40:30.943959 139646180759296 logging_writer.py:48] [360] accumulated_eval_time=1883.236569, accumulated_logging_time=0.045304, accumulated_submission_time=260.510239, global_step=360, preemption_count=0, score=260.510239, test/loss=0.147594, test/num_examples=95000000, total_duration=2143.802331, train/loss=0.146137, validation/loss=0.144165, validation/num_examples=83274637
I0306 00:42:00.882879 139645962680064 logging_writer.py:48] [500] global_step=500, grad_norm=1.043931245803833, loss=0.13358564674854279
I0306 00:42:31.646642 139827085571904 spec.py:321] Evaluating on the training split.
I0306 00:45:43.069779 139827085571904 spec.py:333] Evaluating on the validation split.
I0306 00:48:15.570456 139827085571904 spec.py:349] Evaluating on the test split.
I0306 00:51:22.909165 139827085571904 submission_runner.py:413] Time since start: 2795.78s, 	Step: 543, 	{'train/loss': 0.1408584550866541, 'validation/loss': 0.1370924884480433, 'validation/num_examples': 83274637, 'test/loss': 0.14047363409745064, 'test/num_examples': 95000000, 'score': 381.20074915885925, 'total_duration': 2795.7803695201874, 'accumulated_submission_time': 381.20074915885925, 'accumulated_eval_time': 2414.4990158081055, 'accumulated_logging_time': 0.06494522094726562}
I0306 00:51:22.926004 139646180759296 logging_writer.py:48] [543] accumulated_eval_time=2414.499016, accumulated_logging_time=0.064945, accumulated_submission_time=381.200749, global_step=543, preemption_count=0, score=381.200749, test/loss=0.140474, test/num_examples=95000000, total_duration=2795.780370, train/loss=0.140858, validation/loss=0.137092, validation/num_examples=83274637
I0306 00:53:22.958868 139827085571904 spec.py:321] Evaluating on the training split.
I0306 00:56:27.124154 139827085571904 spec.py:333] Evaluating on the validation split.
I0306 00:58:50.003604 139827085571904 spec.py:349] Evaluating on the test split.
I0306 01:01:48.239787 139827085571904 submission_runner.py:413] Time since start: 3421.11s, 	Step: 719, 	{'train/loss': 0.1346092497777639, 'validation/loss': 0.13442303210670256, 'validation/num_examples': 83274637, 'test/loss': 0.1371794584189967, 'test/num_examples': 95000000, 'score': 501.219598531723, 'total_duration': 3421.111014842987, 'accumulated_submission_time': 501.219598531723, 'accumulated_eval_time': 2919.7799072265625, 'accumulated_logging_time': 0.0905008316040039}
I0306 01:01:48.253457 139645962680064 logging_writer.py:48] [719] accumulated_eval_time=2919.779907, accumulated_logging_time=0.090501, accumulated_submission_time=501.219599, global_step=719, preemption_count=0, score=501.219599, test/loss=0.137179, test/num_examples=95000000, total_duration=3421.111015, train/loss=0.134609, validation/loss=0.134423, validation/num_examples=83274637
I0306 01:03:48.863707 139827085571904 spec.py:321] Evaluating on the training split.
I0306 01:06:24.184530 139827085571904 spec.py:333] Evaluating on the validation split.
I0306 01:08:29.423538 139827085571904 spec.py:349] Evaluating on the test split.
I0306 01:11:08.397009 139827085571904 submission_runner.py:413] Time since start: 3981.27s, 	Step: 898, 	{'train/loss': 0.13271532685689205, 'validation/loss': 0.13345795828866838, 'validation/num_examples': 83274637, 'test/loss': 0.13580814927014803, 'test/num_examples': 95000000, 'score': 621.8137724399567, 'total_duration': 3981.2682223320007, 'accumulated_submission_time': 621.8137724399567, 'accumulated_eval_time': 3359.313163995743, 'accumulated_logging_time': 0.1148374080657959}
I0306 01:11:08.410302 139646180759296 logging_writer.py:48] [898] accumulated_eval_time=3359.313164, accumulated_logging_time=0.114837, accumulated_submission_time=621.813772, global_step=898, preemption_count=0, score=621.813772, test/loss=0.135808, test/num_examples=95000000, total_duration=3981.268222, train/loss=0.132715, validation/loss=0.133458, validation/num_examples=83274637
I0306 01:12:11.135932 139645962680064 logging_writer.py:48] [1000] global_step=1000, grad_norm=0.07762499898672104, loss=0.1342036873102188
I0306 01:13:09.097679 139827085571904 spec.py:321] Evaluating on the training split.
I0306 01:14:58.253314 139827085571904 spec.py:333] Evaluating on the validation split.
I0306 01:16:28.731301 139827085571904 spec.py:349] Evaluating on the test split.
I0306 01:18:33.856422 139827085571904 submission_runner.py:413] Time since start: 4426.73s, 	Step: 1075, 	{'train/loss': 0.134810209133715, 'validation/loss': 0.13302400807072867, 'validation/num_examples': 83274637, 'test/loss': 0.13570753902138158, 'test/num_examples': 95000000, 'score': 742.4888572692871, 'total_duration': 4426.727645158768, 'accumulated_submission_time': 742.4888572692871, 'accumulated_eval_time': 3684.0718517303467, 'accumulated_logging_time': 0.13515233993530273}
I0306 01:18:33.869960 139646180759296 logging_writer.py:48] [1075] accumulated_eval_time=3684.071852, accumulated_logging_time=0.135152, accumulated_submission_time=742.488857, global_step=1075, preemption_count=0, score=742.488857, test/loss=0.135708, test/num_examples=95000000, total_duration=4426.727645, train/loss=0.134810, validation/loss=0.133024, validation/num_examples=83274637
I0306 01:20:34.260900 139827085571904 spec.py:321] Evaluating on the training split.
I0306 01:20:45.552771 139827085571904 spec.py:333] Evaluating on the validation split.
I0306 01:21:26.523566 139827085571904 spec.py:349] Evaluating on the test split.
I0306 01:22:40.480556 139827085571904 submission_runner.py:413] Time since start: 4673.35s, 	Step: 1246, 	{'train/loss': 0.1316567547853638, 'validation/loss': 0.1324533089078491, 'validation/num_examples': 83274637, 'test/loss': 0.13509689385279605, 'test/num_examples': 95000000, 'score': 862.8673768043518, 'total_duration': 4673.351754188538, 'accumulated_submission_time': 862.8673768043518, 'accumulated_eval_time': 3810.291472196579, 'accumulated_logging_time': 0.15576720237731934}
I0306 01:22:40.494517 139645962680064 logging_writer.py:48] [1246] accumulated_eval_time=3810.291472, accumulated_logging_time=0.155767, accumulated_submission_time=862.867377, global_step=1246, preemption_count=0, score=862.867377, test/loss=0.135097, test/num_examples=95000000, total_duration=4673.351754, train/loss=0.131657, validation/loss=0.132453, validation/num_examples=83274637
I0306 01:24:41.301496 139827085571904 spec.py:321] Evaluating on the training split.
I0306 01:25:21.155829 139827085571904 spec.py:333] Evaluating on the validation split.
I0306 01:25:27.191187 139827085571904 spec.py:349] Evaluating on the test split.
I0306 01:26:44.266785 139827085571904 submission_runner.py:413] Time since start: 4917.14s, 	Step: 1420, 	{'train/loss': 0.13107645994274872, 'validation/loss': 0.13247138904895497, 'validation/num_examples': 83274637, 'test/loss': 0.13497659274259868, 'test/num_examples': 95000000, 'score': 983.6590650081635, 'total_duration': 4917.13800907135, 'accumulated_submission_time': 983.6590650081635, 'accumulated_eval_time': 3933.256739139557, 'accumulated_logging_time': 0.17933344841003418}
I0306 01:26:44.281829 139646180759296 logging_writer.py:48] [1420] accumulated_eval_time=3933.256739, accumulated_logging_time=0.179333, accumulated_submission_time=983.659065, global_step=1420, preemption_count=0, score=983.659065, test/loss=0.134977, test/num_examples=95000000, total_duration=4917.138009, train/loss=0.131076, validation/loss=0.132471, validation/num_examples=83274637
I0306 01:27:30.478192 139645962680064 logging_writer.py:48] [1500] global_step=1500, grad_norm=0.09725403785705566, loss=0.1279447376728058
I0306 01:28:45.048817 139827085571904 spec.py:321] Evaluating on the training split.
I0306 01:29:44.217664 139827085571904 spec.py:333] Evaluating on the validation split.
I0306 01:29:50.252709 139827085571904 spec.py:349] Evaluating on the test split.
I0306 01:30:47.270901 139827085571904 submission_runner.py:413] Time since start: 5160.14s, 	Step: 1593, 	{'train/loss': 0.1317302388308933, 'validation/loss': 0.1320736700381834, 'validation/num_examples': 83274637, 'test/loss': 0.1345820564555921, 'test/num_examples': 95000000, 'score': 1104.4129085540771, 'total_duration': 5160.142123937607, 'accumulated_submission_time': 1104.4129085540771, 'accumulated_eval_time': 4055.4788019657135, 'accumulated_logging_time': 0.20142126083374023}
I0306 01:30:47.284762 139646180759296 logging_writer.py:48] [1593] accumulated_eval_time=4055.478802, accumulated_logging_time=0.201421, accumulated_submission_time=1104.412909, global_step=1593, preemption_count=0, score=1104.412909, test/loss=0.134582, test/num_examples=95000000, total_duration=5160.142124, train/loss=0.131730, validation/loss=0.132074, validation/num_examples=83274637
I0306 01:32:48.005606 139827085571904 spec.py:321] Evaluating on the training split.
I0306 01:34:04.552237 139827085571904 spec.py:333] Evaluating on the validation split.
I0306 01:34:10.562973 139827085571904 spec.py:349] Evaluating on the test split.
I0306 01:34:49.039862 139827085571904 submission_runner.py:413] Time since start: 5401.91s, 	Step: 1763, 	{'train/loss': 0.13105140546770216, 'validation/loss': 0.13217193276575015, 'validation/num_examples': 83274637, 'test/loss': 0.13481217767269738, 'test/num_examples': 95000000, 'score': 1225.1209287643433, 'total_duration': 5401.911085367203, 'accumulated_submission_time': 1225.1209287643433, 'accumulated_eval_time': 4176.51301908493, 'accumulated_logging_time': 0.22223329544067383}
I0306 01:34:49.053549 139645962680064 logging_writer.py:48] [1763] accumulated_eval_time=4176.513019, accumulated_logging_time=0.222233, accumulated_submission_time=1225.120929, global_step=1763, preemption_count=0, score=1225.120929, test/loss=0.134812, test/num_examples=95000000, total_duration=5401.911085, train/loss=0.131051, validation/loss=0.132172, validation/num_examples=83274637
I0306 01:36:49.169715 139827085571904 spec.py:321] Evaluating on the training split.
I0306 01:38:29.276785 139827085571904 spec.py:333] Evaluating on the validation split.
I0306 01:38:35.428279 139827085571904 spec.py:349] Evaluating on the test split.
I0306 01:38:50.386338 139827085571904 submission_runner.py:413] Time since start: 5643.26s, 	Step: 1937, 	{'train/loss': 0.13002524792023426, 'validation/loss': 0.13151014367751013, 'validation/num_examples': 83274637, 'test/loss': 0.13409731219161183, 'test/num_examples': 95000000, 'score': 1345.2244369983673, 'total_duration': 5643.257565021515, 'accumulated_submission_time': 1345.2244369983673, 'accumulated_eval_time': 4297.729638576508, 'accumulated_logging_time': 0.2428886890411377}
I0306 01:38:50.401031 139646180759296 logging_writer.py:48] [1937] accumulated_eval_time=4297.729639, accumulated_logging_time=0.242889, accumulated_submission_time=1345.224437, global_step=1937, preemption_count=0, score=1345.224437, test/loss=0.134097, test/num_examples=95000000, total_duration=5643.257565, train/loss=0.130025, validation/loss=0.131510, validation/num_examples=83274637
I0306 01:39:24.378238 139645962680064 logging_writer.py:48] [2000] global_step=2000, grad_norm=0.003961552400141954, loss=0.12539821863174438
I0306 01:40:51.124777 139827085571904 spec.py:321] Evaluating on the training split.
I0306 01:42:55.850419 139827085571904 spec.py:333] Evaluating on the validation split.
I0306 01:43:01.913447 139827085571904 spec.py:349] Evaluating on the test split.
I0306 01:43:09.062647 139827085571904 submission_runner.py:413] Time since start: 5901.93s, 	Step: 2106, 	{'train/loss': 0.13063489149014154, 'validation/loss': 0.13158152448626104, 'validation/num_examples': 83274637, 'test/loss': 0.13406168797286183, 'test/num_examples': 95000000, 'score': 1465.9347670078278, 'total_duration': 5901.933885574341, 'accumulated_submission_time': 1465.9347670078278, 'accumulated_eval_time': 4435.667479753494, 'accumulated_logging_time': 0.2652931213378906}
I0306 01:43:09.083567 139646180759296 logging_writer.py:48] [2106] accumulated_eval_time=4435.667480, accumulated_logging_time=0.265293, accumulated_submission_time=1465.934767, global_step=2106, preemption_count=0, score=1465.934767, test/loss=0.134062, test/num_examples=95000000, total_duration=5901.933886, train/loss=0.130635, validation/loss=0.131582, validation/num_examples=83274637
I0306 01:45:10.090766 139827085571904 spec.py:321] Evaluating on the training split.
I0306 01:47:19.966845 139827085571904 spec.py:333] Evaluating on the validation split.
I0306 01:47:26.088782 139827085571904 spec.py:349] Evaluating on the test split.
I0306 01:47:33.165772 139827085571904 submission_runner.py:413] Time since start: 6166.04s, 	Step: 2280, 	{'train/loss': 0.12992139915062947, 'validation/loss': 0.1314656815165703, 'validation/num_examples': 83274637, 'test/loss': 0.1339436931743421, 'test/num_examples': 95000000, 'score': 1586.92808842659, 'total_duration': 6166.037005186081, 'accumulated_submission_time': 1586.92808842659, 'accumulated_eval_time': 4578.74246764183, 'accumulated_logging_time': 0.29433465003967285}
I0306 01:47:33.180879 139645962680064 logging_writer.py:48] [2280] accumulated_eval_time=4578.742468, accumulated_logging_time=0.294335, accumulated_submission_time=1586.928088, global_step=2280, preemption_count=0, score=1586.928088, test/loss=0.133944, test/num_examples=95000000, total_duration=6166.037005, train/loss=0.129921, validation/loss=0.131466, validation/num_examples=83274637
I0306 01:49:33.580366 139827085571904 spec.py:321] Evaluating on the training split.
I0306 01:51:43.286650 139827085571904 spec.py:333] Evaluating on the validation split.
I0306 01:51:49.454875 139827085571904 spec.py:349] Evaluating on the test split.
I0306 01:51:56.537314 139827085571904 submission_runner.py:413] Time since start: 6429.41s, 	Step: 2452, 	{'train/loss': 0.1282057983320464, 'validation/loss': 0.1313638672405741, 'validation/num_examples': 83274637, 'test/loss': 0.1339249580180921, 'test/num_examples': 95000000, 'score': 1707.3107225894928, 'total_duration': 6429.408533811569, 'accumulated_submission_time': 1707.3107225894928, 'accumulated_eval_time': 4721.699376344681, 'accumulated_logging_time': 0.32056307792663574}
I0306 01:51:56.552928 139646180759296 logging_writer.py:48] [2452] accumulated_eval_time=4721.699376, accumulated_logging_time=0.320563, accumulated_submission_time=1707.310723, global_step=2452, preemption_count=0, score=1707.310723, test/loss=0.133925, test/num_examples=95000000, total_duration=6429.408534, train/loss=0.128206, validation/loss=0.131364, validation/num_examples=83274637
I0306 01:52:14.906343 139645962680064 logging_writer.py:48] [2500] global_step=2500, grad_norm=0.0028224033303558826, loss=0.12725432217121124
I0306 01:53:57.203047 139827085571904 spec.py:321] Evaluating on the training split.
I0306 01:56:10.661637 139827085571904 spec.py:333] Evaluating on the validation split.
I0306 01:56:16.796023 139827085571904 spec.py:349] Evaluating on the test split.
I0306 01:56:23.897999 139827085571904 submission_runner.py:413] Time since start: 6696.77s, 	Step: 2629, 	{'train/loss': 0.12998447534423205, 'validation/loss': 0.13116356826816608, 'validation/num_examples': 83274637, 'test/loss': 0.13356058246299343, 'test/num_examples': 95000000, 'score': 1827.946754693985, 'total_duration': 6696.769212245941, 'accumulated_submission_time': 1827.946754693985, 'accumulated_eval_time': 4868.3942856788635, 'accumulated_logging_time': 0.3444957733154297}
I0306 01:56:23.912907 139646180759296 logging_writer.py:48] [2629] accumulated_eval_time=4868.394286, accumulated_logging_time=0.344496, accumulated_submission_time=1827.946755, global_step=2629, preemption_count=0, score=1827.946755, test/loss=0.133561, test/num_examples=95000000, total_duration=6696.769212, train/loss=0.129984, validation/loss=0.131164, validation/num_examples=83274637
I0306 01:58:25.244893 139827085571904 spec.py:321] Evaluating on the training split.
I0306 02:00:34.744195 139827085571904 spec.py:333] Evaluating on the validation split.
I0306 02:00:40.866865 139827085571904 spec.py:349] Evaluating on the test split.
I0306 02:00:48.108473 139827085571904 submission_runner.py:413] Time since start: 6960.98s, 	Step: 2797, 	{'train/loss': 0.1297653577050323, 'validation/loss': 0.1309964910707146, 'validation/num_examples': 83274637, 'test/loss': 0.13345417218338815, 'test/num_examples': 95000000, 'score': 1949.261926651001, 'total_duration': 6960.97970700264, 'accumulated_submission_time': 1949.261926651001, 'accumulated_eval_time': 5011.2578637599945, 'accumulated_logging_time': 0.3702840805053711}
I0306 02:00:48.122997 139645962680064 logging_writer.py:48] [2797] accumulated_eval_time=5011.257864, accumulated_logging_time=0.370284, accumulated_submission_time=1949.261927, global_step=2797, preemption_count=0, score=1949.261927, test/loss=0.133454, test/num_examples=95000000, total_duration=6960.979707, train/loss=0.129765, validation/loss=0.130996, validation/num_examples=83274637
I0306 02:02:49.065947 139827085571904 spec.py:321] Evaluating on the training split.
I0306 02:05:03.110222 139827085571904 spec.py:333] Evaluating on the validation split.
I0306 02:05:09.376259 139827085571904 spec.py:349] Evaluating on the test split.
I0306 02:05:16.627837 139827085571904 submission_runner.py:413] Time since start: 7229.50s, 	Step: 2967, 	{'train/loss': 0.1275362218232275, 'validation/loss': 0.13100985742288496, 'validation/num_examples': 83274637, 'test/loss': 0.1332381970703125, 'test/num_examples': 95000000, 'score': 2070.1923229694366, 'total_duration': 7229.499065876007, 'accumulated_submission_time': 2070.1923229694366, 'accumulated_eval_time': 5158.819734811783, 'accumulated_logging_time': 0.3914461135864258}
I0306 02:05:16.642476 139646180759296 logging_writer.py:48] [2967] accumulated_eval_time=5158.819735, accumulated_logging_time=0.391446, accumulated_submission_time=2070.192323, global_step=2967, preemption_count=0, score=2070.192323, test/loss=0.133238, test/num_examples=95000000, total_duration=7229.499066, train/loss=0.127536, validation/loss=0.131010, validation/num_examples=83274637
I0306 02:05:24.889657 139645962680064 logging_writer.py:48] [3000] global_step=3000, grad_norm=0.004627738147974014, loss=0.12672559916973114
I0306 02:07:16.682953 139827085571904 spec.py:321] Evaluating on the training split.
I0306 02:09:29.092321 139827085571904 spec.py:333] Evaluating on the validation split.
I0306 02:09:35.327220 139827085571904 spec.py:349] Evaluating on the test split.
I0306 02:09:42.533921 139827085571904 submission_runner.py:413] Time since start: 7495.41s, 	Step: 3136, 	{'train/loss': 0.12966926681732982, 'validation/loss': 0.13062459062040102, 'validation/num_examples': 83274637, 'test/loss': 0.1330101122944079, 'test/num_examples': 95000000, 'score': 2190.217220544815, 'total_duration': 7495.405162334442, 'accumulated_submission_time': 2190.217220544815, 'accumulated_eval_time': 5304.670695304871, 'accumulated_logging_time': 0.4160161018371582}
I0306 02:09:42.548550 139646180759296 logging_writer.py:48] [3136] accumulated_eval_time=5304.670695, accumulated_logging_time=0.416016, accumulated_submission_time=2190.217221, global_step=3136, preemption_count=0, score=2190.217221, test/loss=0.133010, test/num_examples=95000000, total_duration=7495.405162, train/loss=0.129669, validation/loss=0.130625, validation/num_examples=83274637
I0306 02:11:43.078380 139827085571904 spec.py:321] Evaluating on the training split.
I0306 02:13:55.253915 139827085571904 spec.py:333] Evaluating on the validation split.
I0306 02:14:01.474786 139827085571904 spec.py:349] Evaluating on the test split.
I0306 02:14:08.639520 139827085571904 submission_runner.py:413] Time since start: 7761.51s, 	Step: 3305, 	{'train/loss': 0.1304276871418803, 'validation/loss': 0.13068166306972315, 'validation/num_examples': 83274637, 'test/loss': 0.1332013373046875, 'test/num_examples': 95000000, 'score': 2310.7342343330383, 'total_duration': 7761.510757923126, 'accumulated_submission_time': 2310.7342343330383, 'accumulated_eval_time': 5450.231810331345, 'accumulated_logging_time': 0.437877893447876}
I0306 02:14:08.654310 139645962680064 logging_writer.py:48] [3305] accumulated_eval_time=5450.231810, accumulated_logging_time=0.437878, accumulated_submission_time=2310.734234, global_step=3305, preemption_count=0, score=2310.734234, test/loss=0.133201, test/num_examples=95000000, total_duration=7761.510758, train/loss=0.130428, validation/loss=0.130682, validation/num_examples=83274637
I0306 02:16:08.768447 139827085571904 spec.py:321] Evaluating on the training split.
I0306 02:18:21.249762 139827085571904 spec.py:333] Evaluating on the validation split.
I0306 02:18:27.524270 139827085571904 spec.py:349] Evaluating on the test split.
I0306 02:18:34.795228 139827085571904 submission_runner.py:413] Time since start: 8027.67s, 	Step: 3478, 	{'train/loss': 0.1300596429866815, 'validation/loss': 0.13057972373689242, 'validation/num_examples': 83274637, 'test/loss': 0.13286286328125, 'test/num_examples': 95000000, 'score': 2430.834977388382, 'total_duration': 8027.666455030441, 'accumulated_submission_time': 2430.834977388382, 'accumulated_eval_time': 5596.258558034897, 'accumulated_logging_time': 0.46037936210632324}
I0306 02:18:34.813219 139646180759296 logging_writer.py:48] [3478] accumulated_eval_time=5596.258558, accumulated_logging_time=0.460379, accumulated_submission_time=2430.834977, global_step=3478, preemption_count=0, score=2430.834977, test/loss=0.132863, test/num_examples=95000000, total_duration=8027.666455, train/loss=0.130060, validation/loss=0.130580, validation/num_examples=83274637
I0306 02:18:37.006042 139645962680064 logging_writer.py:48] [3500] global_step=3500, grad_norm=0.010411722585558891, loss=0.13771909475326538
I0306 02:20:35.799526 139827085571904 spec.py:321] Evaluating on the training split.
I0306 02:22:45.672253 139827085571904 spec.py:333] Evaluating on the validation split.
I0306 02:22:51.930852 139827085571904 spec.py:349] Evaluating on the test split.
I0306 02:22:59.214770 139827085571904 submission_runner.py:413] Time since start: 8292.09s, 	Step: 3649, 	{'train/loss': 0.1285871615012487, 'validation/loss': 0.13035082751246338, 'validation/num_examples': 83274637, 'test/loss': 0.13268681461759868, 'test/num_examples': 95000000, 'score': 2551.807795524597, 'total_duration': 8292.085990667343, 'accumulated_submission_time': 2551.807795524597, 'accumulated_eval_time': 5739.673795938492, 'accumulated_logging_time': 0.4860258102416992}
I0306 02:22:59.234333 139646180759296 logging_writer.py:48] [3649] accumulated_eval_time=5739.673796, accumulated_logging_time=0.486026, accumulated_submission_time=2551.807796, global_step=3649, preemption_count=0, score=2551.807796, test/loss=0.132687, test/num_examples=95000000, total_duration=8292.085991, train/loss=0.128587, validation/loss=0.130351, validation/num_examples=83274637
I0306 02:25:00.454443 139827085571904 spec.py:321] Evaluating on the training split.
I0306 02:27:12.858229 139827085571904 spec.py:333] Evaluating on the validation split.
I0306 02:27:19.082303 139827085571904 spec.py:349] Evaluating on the test split.
I0306 02:27:26.327866 139827085571904 submission_runner.py:413] Time since start: 8559.20s, 	Step: 3819, 	{'train/loss': 0.1275556819900027, 'validation/loss': 0.13032559703810237, 'validation/num_examples': 83274637, 'test/loss': 0.13265292453741775, 'test/num_examples': 95000000, 'score': 2673.0149159431458, 'total_duration': 8559.199102163315, 'accumulated_submission_time': 2673.0149159431458, 'accumulated_eval_time': 5885.547197341919, 'accumulated_logging_time': 0.5128910541534424}
I0306 02:27:26.346580 139645962680064 logging_writer.py:48] [3819] accumulated_eval_time=5885.547197, accumulated_logging_time=0.512891, accumulated_submission_time=2673.014916, global_step=3819, preemption_count=0, score=2673.014916, test/loss=0.132653, test/num_examples=95000000, total_duration=8559.199102, train/loss=0.127556, validation/loss=0.130326, validation/num_examples=83274637
I0306 02:29:27.298683 139827085571904 spec.py:321] Evaluating on the training split.
I0306 02:31:41.529366 139827085571904 spec.py:333] Evaluating on the validation split.
I0306 02:31:47.779784 139827085571904 spec.py:349] Evaluating on the test split.
I0306 02:31:55.088427 139827085571904 submission_runner.py:413] Time since start: 8827.96s, 	Step: 3989, 	{'train/loss': 0.12926367576579628, 'validation/loss': 0.13040773695634664, 'validation/num_examples': 83274637, 'test/loss': 0.13273741698190789, 'test/num_examples': 95000000, 'score': 2793.950444459915, 'total_duration': 8827.959662914276, 'accumulated_submission_time': 2793.950444459915, 'accumulated_eval_time': 6033.336914777756, 'accumulated_logging_time': 0.5424618721008301}
I0306 02:31:55.108758 139646180759296 logging_writer.py:48] [3989] accumulated_eval_time=6033.336915, accumulated_logging_time=0.542462, accumulated_submission_time=2793.950444, global_step=3989, preemption_count=0, score=2793.950444, test/loss=0.132737, test/num_examples=95000000, total_duration=8827.959663, train/loss=0.129264, validation/loss=0.130408, validation/num_examples=83274637
I0306 02:31:56.261948 139645962680064 logging_writer.py:48] [4000] global_step=4000, grad_norm=0.0021689075510948896, loss=0.12781763076782227
I0306 02:33:55.372846 139827085571904 spec.py:321] Evaluating on the training split.
I0306 02:36:08.554459 139827085571904 spec.py:333] Evaluating on the validation split.
I0306 02:36:14.832269 139827085571904 spec.py:349] Evaluating on the test split.
I0306 02:36:22.152813 139827085571904 submission_runner.py:413] Time since start: 9095.02s, 	Step: 4161, 	{'train/loss': 0.1298518533226829, 'validation/loss': 0.13055444278948042, 'validation/num_examples': 83274637, 'test/loss': 0.13287225047286183, 'test/num_examples': 95000000, 'score': 2914.198286294937, 'total_duration': 9095.024054288864, 'accumulated_submission_time': 2914.198286294937, 'accumulated_eval_time': 6180.116861343384, 'accumulated_logging_time': 0.5731680393218994}
I0306 02:36:22.167989 139646180759296 logging_writer.py:48] [4161] accumulated_eval_time=6180.116861, accumulated_logging_time=0.573168, accumulated_submission_time=2914.198286, global_step=4161, preemption_count=0, score=2914.198286, test/loss=0.132872, test/num_examples=95000000, total_duration=9095.024054, train/loss=0.129852, validation/loss=0.130554, validation/num_examples=83274637
I0306 02:38:22.729942 139827085571904 spec.py:321] Evaluating on the training split.
I0306 02:40:42.477889 139827085571904 spec.py:333] Evaluating on the validation split.
I0306 02:40:48.696955 139827085571904 spec.py:349] Evaluating on the test split.
I0306 02:40:56.009322 139827085571904 submission_runner.py:413] Time since start: 9368.88s, 	Step: 4335, 	{'train/loss': 0.12814454279793133, 'validation/loss': 0.13028338416458662, 'validation/num_examples': 83274637, 'test/loss': 0.13254378745888157, 'test/num_examples': 95000000, 'score': 3034.7467846870422, 'total_duration': 9368.880550384521, 'accumulated_submission_time': 3034.7467846870422, 'accumulated_eval_time': 6333.396206855774, 'accumulated_logging_time': 0.5960559844970703}
I0306 02:40:56.027675 139645962680064 logging_writer.py:48] [4335] accumulated_eval_time=6333.396207, accumulated_logging_time=0.596056, accumulated_submission_time=3034.746785, global_step=4335, preemption_count=0, score=3034.746785, test/loss=0.132544, test/num_examples=95000000, total_duration=9368.880550, train/loss=0.128145, validation/loss=0.130283, validation/num_examples=83274637
I0306 02:42:53.488123 139646180759296 logging_writer.py:48] [4500] global_step=4500, grad_norm=0.0020384027156978846, loss=0.13808217644691467
I0306 02:42:57.026639 139827085571904 spec.py:321] Evaluating on the training split.
I0306 02:45:13.843638 139827085571904 spec.py:333] Evaluating on the validation split.
I0306 02:45:20.085056 139827085571904 spec.py:349] Evaluating on the test split.
I0306 02:45:27.489774 139827085571904 submission_runner.py:413] Time since start: 9640.36s, 	Step: 4505, 	{'train/loss': 0.12964003481580028, 'validation/loss': 0.13045328682091703, 'validation/num_examples': 83274637, 'test/loss': 0.13275666548108553, 'test/num_examples': 95000000, 'score': 3155.732577085495, 'total_duration': 9640.360978126526, 'accumulated_submission_time': 3155.732577085495, 'accumulated_eval_time': 6483.859271764755, 'accumulated_logging_time': 0.6221106052398682}
I0306 02:45:27.512455 139645962680064 logging_writer.py:48] [4505] accumulated_eval_time=6483.859272, accumulated_logging_time=0.622111, accumulated_submission_time=3155.732577, global_step=4505, preemption_count=0, score=3155.732577, test/loss=0.132757, test/num_examples=95000000, total_duration=9640.360978, train/loss=0.129640, validation/loss=0.130453, validation/num_examples=83274637
I0306 02:47:28.122742 139827085571904 spec.py:321] Evaluating on the training split.
I0306 02:49:44.806319 139827085571904 spec.py:333] Evaluating on the validation split.
I0306 02:49:51.042476 139827085571904 spec.py:349] Evaluating on the test split.
I0306 02:49:58.443171 139827085571904 submission_runner.py:413] Time since start: 9911.31s, 	Step: 4674, 	{'train/loss': 0.12741434199255217, 'validation/loss': 0.1302821550801236, 'validation/num_examples': 83274637, 'test/loss': 0.13259115851151315, 'test/num_examples': 95000000, 'score': 3276.329290866852, 'total_duration': 9911.314411640167, 'accumulated_submission_time': 3276.329290866852, 'accumulated_eval_time': 6634.179695606232, 'accumulated_logging_time': 0.6527330875396729}
