python3 submission_runner.py --framework=jax --workload=wmt --submission_path=prize_qualification_baselines/external_tuning/jax_nadamw_full_budget.py --tuning_search_space=prize_qualification_baselines/external_tuning/tuning_search_space.json --data_dir=/data/wmt --num_tuning_trials=1 --experiment_dir=/experiment_runs --experiment_name=prize_qualification/study_2 --overwrite=true --save_checkpoints=false --num_tuning_trials=5 --rng_seed=1540897543 --max_global_steps=133333 2>&1 | tee -a /logs/wmt_jax_02-06-2024-13-15-17.log
I0206 13:15:39.989489 140446903760704 logger_utils.py:76] Creating experiment directory at /experiment_runs/prize_qualification/study_2/wmt_jax.
I0206 13:15:41.046146 140446903760704 xla_bridge.py:455] Unable to initialize backend 'rocm': NOT_FOUND: Could not find registered platform with name: "rocm". Available platform names are: Interpreter Host CUDA
I0206 13:15:41.047482 140446903760704 xla_bridge.py:455] Unable to initialize backend 'tpu': module 'jaxlib.xla_extension' has no attribute 'get_tpu_client'
I0206 13:15:41.047635 140446903760704 xla_bridge.py:455] Unable to initialize backend 'plugin': xla_extension has no attributes named get_plugin_device_client. Compile TensorFlow with //tensorflow/compiler/xla/python:enable_plugin_device set to true (defaults to false) to enable this.
I0206 13:15:41.048937 140446903760704 submission_runner.py:542] Using RNG seed 1540897543
I0206 13:15:42.167707 140446903760704 submission_runner.py:551] --- Tuning run 1/5 ---
I0206 13:15:42.167908 140446903760704 submission_runner.py:556] Creating tuning directory at /experiment_runs/prize_qualification/study_2/wmt_jax/trial_1.
I0206 13:15:42.168210 140446903760704 logger_utils.py:92] Saving hparams to /experiment_runs/prize_qualification/study_2/wmt_jax/trial_1/hparams.json.
I0206 13:15:42.362506 140446903760704 submission_runner.py:206] Initializing dataset.
I0206 13:15:42.375751 140446903760704 dataset_info.py:578] Load dataset info from /data/wmt/wmt17_translate/de-en/1.0.0
I0206 13:15:42.379951 140446903760704 dataset_info.py:669] Fields info.[splits, supervised_keys] from disk and from code do not match. Keeping the one from code.
I0206 13:15:42.528204 140446903760704 logging_logger.py:49] Constructing tf.data.Dataset wmt17_translate for split train, from /data/wmt/wmt17_translate/de-en/1.0.0
I0206 13:15:44.524151 140446903760704 submission_runner.py:213] Initializing model.
I0206 13:15:53.640796 140446903760704 submission_runner.py:255] Initializing optimizer.
I0206 13:15:54.776690 140446903760704 submission_runner.py:262] Initializing metrics bundle.
I0206 13:15:54.776906 140446903760704 submission_runner.py:280] Initializing checkpoint and logger.
I0206 13:15:54.778092 140446903760704 checkpoints.py:915] Found no checkpoint files in /experiment_runs/prize_qualification/study_2/wmt_jax/trial_1 with prefix checkpoint_
I0206 13:15:54.778248 140446903760704 submission_runner.py:300] Saving meta data to /experiment_runs/prize_qualification/study_2/wmt_jax/trial_1/meta_data_0.json.
I0206 13:15:54.778448 140446903760704 logger_utils.py:257] Unable to record workload.train_mean information. Continuing without it.
I0206 13:15:54.778508 140446903760704 logger_utils.py:257] Unable to record workload.train_stddev information. Continuing without it.
fatal: detected dubious ownership in repository at '/algorithmic-efficiency'
To add an exception for this directory, call:

	git config --global --add safe.directory /algorithmic-efficiency
I0206 13:15:55.148221 140446903760704 logger_utils.py:220] Unable to record git information. Continuing without it.
I0206 13:15:55.476652 140446903760704 submission_runner.py:304] Saving flags to /experiment_runs/prize_qualification/study_2/wmt_jax/trial_1/flags_0.json.
I0206 13:15:55.487557 140446903760704 submission_runner.py:314] Starting training loop.
I0206 13:16:32.138969 140282003707648 logging_writer.py:48] [0] global_step=0, grad_norm=5.419407367706299, loss=11.158559799194336
I0206 13:16:32.156337 140446903760704 spec.py:321] Evaluating on the training split.
I0206 13:16:32.160111 140446903760704 dataset_info.py:578] Load dataset info from /data/wmt/wmt17_translate/de-en/1.0.0
I0206 13:16:32.163927 140446903760704 dataset_info.py:669] Fields info.[splits, supervised_keys] from disk and from code do not match. Keeping the one from code.
I0206 13:16:32.203531 140446903760704 logging_logger.py:49] Constructing tf.data.Dataset wmt17_translate for split train, from /data/wmt/wmt17_translate/de-en/1.0.0
I0206 13:16:39.781038 140446903760704 workload.py:181] Translating evaluation dataset.
I0206 13:21:26.913658 140446903760704 spec.py:333] Evaluating on the validation split.
I0206 13:21:26.926701 140446903760704 dataset_info.py:578] Load dataset info from /data/wmt/wmt14_translate/de-en/1.0.0
I0206 13:21:26.931062 140446903760704 dataset_info.py:669] Fields info.[splits, supervised_keys] from disk and from code do not match. Keeping the one from code.
I0206 13:21:26.970094 140446903760704 logging_logger.py:49] Constructing tf.data.Dataset wmt14_translate for split validation, from /data/wmt/wmt14_translate/de-en/1.0.0
I0206 13:21:33.785482 140446903760704 workload.py:181] Translating evaluation dataset.
I0206 13:26:11.228734 140446903760704 spec.py:349] Evaluating on the test split.
I0206 13:26:11.231651 140446903760704 dataset_info.py:578] Load dataset info from /data/wmt/wmt14_translate/de-en/1.0.0
I0206 13:26:11.234806 140446903760704 dataset_info.py:669] Fields info.[splits, supervised_keys] from disk and from code do not match. Keeping the one from code.
I0206 13:26:11.271919 140446903760704 logging_logger.py:49] Constructing tf.data.Dataset wmt14_translate for split test, from /data/wmt/wmt14_translate/de-en/1.0.0
I0206 13:26:14.115299 140446903760704 workload.py:181] Translating evaluation dataset.
I0206 13:30:51.440663 140446903760704 submission_runner.py:408] Time since start: 895.95s, 	Step: 1, 	{'train/accuracy': 0.0005978592089377344, 'train/loss': 11.188164710998535, 'train/bleu': 0.0, 'validation/accuracy': 0.0004835649742744863, 'validation/loss': 11.190281867980957, 'validation/bleu': 0.0, 'validation/num_examples': 3000, 'test/accuracy': 0.0007088489946909249, 'test/loss': 11.191027641296387, 'test/bleu': 0.0, 'test/num_examples': 3003, 'score': 36.66873526573181, 'total_duration': 895.9530372619629, 'accumulated_submission_time': 36.66873526573181, 'accumulated_eval_time': 859.2842590808868, 'accumulated_logging_time': 0}
I0206 13:30:51.461229 140277229537024 logging_writer.py:48] [1] accumulated_eval_time=859.284259, accumulated_logging_time=0, accumulated_submission_time=36.668735, global_step=1, preemption_count=0, score=36.668735, test/accuracy=0.000709, test/bleu=0.000000, test/loss=11.191028, test/num_examples=3003, total_duration=895.953037, train/accuracy=0.000598, train/bleu=0.000000, train/loss=11.188165, validation/accuracy=0.000484, validation/bleu=0.000000, validation/loss=11.190282, validation/num_examples=3000
I0206 13:31:26.359435 140277221144320 logging_writer.py:48] [100] global_step=100, grad_norm=0.4252822697162628, loss=8.962847709655762
I0206 13:32:01.315963 140277229537024 logging_writer.py:48] [200] global_step=200, grad_norm=0.16638250648975372, loss=8.640403747558594
I0206 13:32:36.336298 140277221144320 logging_writer.py:48] [300] global_step=300, grad_norm=0.20045772194862366, loss=8.420865058898926
I0206 13:33:11.380932 140277229537024 logging_writer.py:48] [400] global_step=400, grad_norm=0.2542458474636078, loss=8.01500129699707
I0206 13:33:46.440550 140277221144320 logging_writer.py:48] [500] global_step=500, grad_norm=0.3743516504764557, loss=7.683066368103027
I0206 13:34:21.506741 140277229537024 logging_writer.py:48] [600] global_step=600, grad_norm=0.48180320858955383, loss=7.466031551361084
I0206 13:34:56.587206 140277221144320 logging_writer.py:48] [700] global_step=700, grad_norm=0.5534127950668335, loss=7.244294166564941
I0206 13:35:31.690202 140277229537024 logging_writer.py:48] [800] global_step=800, grad_norm=0.5590087175369263, loss=7.012558460235596
I0206 13:36:06.808701 140277221144320 logging_writer.py:48] [900] global_step=900, grad_norm=0.48544761538505554, loss=6.849398136138916
I0206 13:36:41.901539 140277229537024 logging_writer.py:48] [1000] global_step=1000, grad_norm=0.5167056918144226, loss=6.555864334106445
I0206 13:37:17.007434 140277221144320 logging_writer.py:48] [1100] global_step=1100, grad_norm=0.6384467482566833, loss=6.400579929351807
I0206 13:37:52.130580 140277229537024 logging_writer.py:48] [1200] global_step=1200, grad_norm=0.7403523325920105, loss=6.199862003326416
I0206 13:38:27.240307 140277221144320 logging_writer.py:48] [1300] global_step=1300, grad_norm=0.7884055972099304, loss=6.103891849517822
I0206 13:39:02.338155 140277229537024 logging_writer.py:48] [1400] global_step=1400, grad_norm=0.590291440486908, loss=5.970288276672363
I0206 13:39:37.503620 140277221144320 logging_writer.py:48] [1500] global_step=1500, grad_norm=0.6430501341819763, loss=5.813462257385254
I0206 13:40:12.629927 140277229537024 logging_writer.py:48] [1600] global_step=1600, grad_norm=0.6377041935920715, loss=5.681713104248047
I0206 13:40:47.741939 140277221144320 logging_writer.py:48] [1700] global_step=1700, grad_norm=0.7515249848365784, loss=5.615146160125732
I0206 13:41:22.878948 140277229537024 logging_writer.py:48] [1800] global_step=1800, grad_norm=0.7010016441345215, loss=5.4373579025268555
I0206 13:41:58.021311 140277221144320 logging_writer.py:48] [1900] global_step=1900, grad_norm=0.8048293590545654, loss=5.384374618530273
I0206 13:42:33.131986 140277229537024 logging_writer.py:48] [2000] global_step=2000, grad_norm=1.3536357879638672, loss=5.324806213378906
I0206 13:43:08.247207 140277221144320 logging_writer.py:48] [2100] global_step=2100, grad_norm=1.108947992324829, loss=5.095524787902832
I0206 13:43:43.344719 140277229537024 logging_writer.py:48] [2200] global_step=2200, grad_norm=0.9458640813827515, loss=5.06730318069458
I0206 13:44:18.459665 140277221144320 logging_writer.py:48] [2300] global_step=2300, grad_norm=0.6677107810974121, loss=4.962762832641602
I0206 13:44:51.544556 140446903760704 spec.py:321] Evaluating on the training split.
I0206 13:44:54.570096 140446903760704 workload.py:181] Translating evaluation dataset.
I0206 13:48:39.115487 140446903760704 spec.py:333] Evaluating on the validation split.
I0206 13:48:41.827332 140446903760704 workload.py:181] Translating evaluation dataset.
I0206 13:52:25.882339 140446903760704 spec.py:349] Evaluating on the test split.
I0206 13:52:28.596492 140446903760704 workload.py:181] Translating evaluation dataset.
I0206 13:56:10.543888 140446903760704 submission_runner.py:408] Time since start: 2415.06s, 	Step: 2396, 	{'train/accuracy': 0.41089096665382385, 'train/loss': 4.017301082611084, 'train/bleu': 14.135664486209082, 'validation/accuracy': 0.39612650871276855, 'validation/loss': 4.122348785400391, 'validation/bleu': 9.774756744618458, 'validation/num_examples': 3000, 'test/accuracy': 0.38062867522239685, 'test/loss': 4.3253560066223145, 'test/bleu': 7.894892890419983, 'test/num_examples': 3003, 'score': 876.663633108139, 'total_duration': 2415.0562007427216, 'accumulated_submission_time': 876.663633108139, 'accumulated_eval_time': 1538.2834823131561, 'accumulated_logging_time': 0.03058004379272461}
I0206 13:56:10.562268 140277229537024 logging_writer.py:48] [2396] accumulated_eval_time=1538.283482, accumulated_logging_time=0.030580, accumulated_submission_time=876.663633, global_step=2396, preemption_count=0, score=876.663633, test/accuracy=0.380629, test/bleu=7.894893, test/loss=4.325356, test/num_examples=3003, total_duration=2415.056201, train/accuracy=0.410891, train/bleu=14.135664, train/loss=4.017301, validation/accuracy=0.396127, validation/bleu=9.774757, validation/loss=4.122349, validation/num_examples=3000
I0206 13:56:12.334971 140277221144320 logging_writer.py:48] [2400] global_step=2400, grad_norm=0.9126591682434082, loss=4.868469715118408
I0206 13:56:47.311635 140277229537024 logging_writer.py:48] [2500] global_step=2500, grad_norm=0.8074228763580322, loss=4.807571887969971
I0206 13:57:22.374608 140277221144320 logging_writer.py:48] [2600] global_step=2600, grad_norm=0.7062898278236389, loss=4.6922807693481445
I0206 13:57:57.451479 140277229537024 logging_writer.py:48] [2700] global_step=2700, grad_norm=1.1238913536071777, loss=4.683077335357666
I0206 13:58:32.552173 140277221144320 logging_writer.py:48] [2800] global_step=2800, grad_norm=0.8473365902900696, loss=4.485372066497803
I0206 13:59:07.667729 140277229537024 logging_writer.py:48] [2900] global_step=2900, grad_norm=0.9035133719444275, loss=4.550330638885498
I0206 13:59:42.890448 140277221144320 logging_writer.py:48] [3000] global_step=3000, grad_norm=0.7354457974433899, loss=4.463273048400879
I0206 14:00:17.985736 140277229537024 logging_writer.py:48] [3100] global_step=3100, grad_norm=0.9943550229072571, loss=4.344518661499023
I0206 14:00:53.091504 140277221144320 logging_writer.py:48] [3200] global_step=3200, grad_norm=0.8142909407615662, loss=4.224118709564209
I0206 14:01:28.209499 140277229537024 logging_writer.py:48] [3300] global_step=3300, grad_norm=0.7298564910888672, loss=4.178323745727539
I0206 14:02:03.327435 140277221144320 logging_writer.py:48] [3400] global_step=3400, grad_norm=0.5972297191619873, loss=4.1948041915893555
I0206 14:02:38.411825 140277229537024 logging_writer.py:48] [3500] global_step=3500, grad_norm=0.768618106842041, loss=4.066330432891846
I0206 14:03:13.522089 140277221144320 logging_writer.py:48] [3600] global_step=3600, grad_norm=0.7743766903877258, loss=4.082444190979004
I0206 14:03:48.660109 140277229537024 logging_writer.py:48] [3700] global_step=3700, grad_norm=0.6672372817993164, loss=3.9689033031463623
I0206 14:04:23.746610 140277221144320 logging_writer.py:48] [3800] global_step=3800, grad_norm=0.7248468399047852, loss=4.0259904861450195
I0206 14:04:58.827505 140277229537024 logging_writer.py:48] [3900] global_step=3900, grad_norm=0.5413582921028137, loss=4.073400020599365
I0206 14:05:33.948247 140277221144320 logging_writer.py:48] [4000] global_step=4000, grad_norm=0.8572595119476318, loss=3.989954710006714
I0206 14:06:09.073342 140277229537024 logging_writer.py:48] [4100] global_step=4100, grad_norm=0.8928012847900391, loss=3.9422519207000732
I0206 14:06:44.168311 140277221144320 logging_writer.py:48] [4200] global_step=4200, grad_norm=0.5906884074211121, loss=3.9767284393310547
I0206 14:07:19.281113 140277229537024 logging_writer.py:48] [4300] global_step=4300, grad_norm=0.5915396809577942, loss=3.9129204750061035
I0206 14:07:54.392449 140277221144320 logging_writer.py:48] [4400] global_step=4400, grad_norm=0.667174220085144, loss=3.926551103591919
I0206 14:08:29.493395 140277229537024 logging_writer.py:48] [4500] global_step=4500, grad_norm=0.5354586839675903, loss=3.810255765914917
I0206 14:09:04.601042 140277221144320 logging_writer.py:48] [4600] global_step=4600, grad_norm=0.7556520700454712, loss=3.901944637298584
I0206 14:09:39.679526 140277229537024 logging_writer.py:48] [4700] global_step=4700, grad_norm=0.5723801851272583, loss=3.7799127101898193
I0206 14:10:10.631093 140446903760704 spec.py:321] Evaluating on the training split.
I0206 14:10:13.640604 140446903760704 workload.py:181] Translating evaluation dataset.
I0206 14:12:41.965463 140446903760704 spec.py:333] Evaluating on the validation split.
I0206 14:12:44.691655 140446903760704 workload.py:181] Translating evaluation dataset.
I0206 14:15:18.900439 140446903760704 spec.py:349] Evaluating on the test split.
I0206 14:15:21.633802 140446903760704 workload.py:181] Translating evaluation dataset.
I0206 14:17:49.574653 140446903760704 submission_runner.py:408] Time since start: 3714.09s, 	Step: 4790, 	{'train/accuracy': 0.542180597782135, 'train/loss': 2.732574224472046, 'train/bleu': 24.602004108236525, 'validation/accuracy': 0.5455852746963501, 'validation/loss': 2.7102763652801514, 'validation/bleu': 20.36131793008979, 'validation/num_examples': 3000, 'test/accuracy': 0.5423159599304199, 'test/loss': 2.7538504600524902, 'test/bleu': 18.71880292122399, 'test/num_examples': 3003, 'score': 1716.6430037021637, 'total_duration': 3714.0869665145874, 'accumulated_submission_time': 1716.6430037021637, 'accumulated_eval_time': 1997.2269372940063, 'accumulated_logging_time': 0.06126093864440918}
I0206 14:17:49.592190 140277221144320 logging_writer.py:48] [4790] accumulated_eval_time=1997.226937, accumulated_logging_time=0.061261, accumulated_submission_time=1716.643004, global_step=4790, preemption_count=0, score=1716.643004, test/accuracy=0.542316, test/bleu=18.718803, test/loss=2.753850, test/num_examples=3003, total_duration=3714.086967, train/accuracy=0.542181, train/bleu=24.602004, train/loss=2.732574, validation/accuracy=0.545585, validation/bleu=20.361318, validation/loss=2.710276, validation/num_examples=3000
I0206 14:17:53.456868 140277229537024 logging_writer.py:48] [4800] global_step=4800, grad_norm=0.5348055362701416, loss=3.7215566635131836
I0206 14:18:28.402404 140277221144320 logging_writer.py:48] [4900] global_step=4900, grad_norm=0.5471739172935486, loss=3.766753911972046
I0206 14:19:03.466620 140277229537024 logging_writer.py:48] [5000] global_step=5000, grad_norm=0.5498983860015869, loss=3.703624725341797
I0206 14:19:38.546227 140277221144320 logging_writer.py:48] [5100] global_step=5100, grad_norm=0.6524033546447754, loss=3.7250208854675293
I0206 14:20:13.616283 140277229537024 logging_writer.py:48] [5200] global_step=5200, grad_norm=0.5699418187141418, loss=3.6971030235290527
I0206 14:20:48.692743 140277221144320 logging_writer.py:48] [5300] global_step=5300, grad_norm=0.5472283363342285, loss=3.6671037673950195
I0206 14:21:23.779776 140277229537024 logging_writer.py:48] [5400] global_step=5400, grad_norm=0.5769872665405273, loss=3.7293009757995605
I0206 14:21:58.871256 140277221144320 logging_writer.py:48] [5500] global_step=5500, grad_norm=0.6858416199684143, loss=3.6577835083007812
I0206 14:22:33.990272 140277229537024 logging_writer.py:48] [5600] global_step=5600, grad_norm=0.5695802569389343, loss=3.7140908241271973
I0206 14:23:09.095971 140277221144320 logging_writer.py:48] [5700] global_step=5700, grad_norm=0.5260539054870605, loss=3.602900266647339
I0206 14:23:44.185053 140277229537024 logging_writer.py:48] [5800] global_step=5800, grad_norm=0.5058509111404419, loss=3.558176040649414
I0206 14:24:19.260574 140277221144320 logging_writer.py:48] [5900] global_step=5900, grad_norm=0.4942609369754791, loss=3.665172815322876
I0206 14:24:54.498568 140277229537024 logging_writer.py:48] [6000] global_step=6000, grad_norm=0.4657493829727173, loss=3.5054168701171875
I0206 14:25:29.621189 140277221144320 logging_writer.py:48] [6100] global_step=6100, grad_norm=0.4761345684528351, loss=3.5620577335357666
I0206 14:26:04.691995 140277229537024 logging_writer.py:48] [6200] global_step=6200, grad_norm=0.4818444550037384, loss=3.642939805984497
I0206 14:26:39.766123 140277221144320 logging_writer.py:48] [6300] global_step=6300, grad_norm=0.522658109664917, loss=3.560152292251587
I0206 14:27:14.867354 140277229537024 logging_writer.py:48] [6400] global_step=6400, grad_norm=0.4521460235118866, loss=3.579402446746826
I0206 14:27:49.996352 140277221144320 logging_writer.py:48] [6500] global_step=6500, grad_norm=0.5410308241844177, loss=3.5853991508483887
I0206 14:28:25.105111 140277229537024 logging_writer.py:48] [6600] global_step=6600, grad_norm=0.49857982993125916, loss=3.5734000205993652
I0206 14:29:00.183663 140277221144320 logging_writer.py:48] [6700] global_step=6700, grad_norm=0.44248324632644653, loss=3.5846354961395264
I0206 14:29:35.280403 140277229537024 logging_writer.py:48] [6800] global_step=6800, grad_norm=0.4246102571487427, loss=3.4926066398620605
I0206 14:30:10.350569 140277221144320 logging_writer.py:48] [6900] global_step=6900, grad_norm=0.3876531720161438, loss=3.529780864715576
I0206 14:30:45.465413 140277229537024 logging_writer.py:48] [7000] global_step=7000, grad_norm=0.44581666588783264, loss=3.491657018661499
I0206 14:31:20.574339 140277221144320 logging_writer.py:48] [7100] global_step=7100, grad_norm=0.4662662148475647, loss=3.487107753753662
I0206 14:31:49.775200 140446903760704 spec.py:321] Evaluating on the training split.
I0206 14:31:52.783551 140446903760704 workload.py:181] Translating evaluation dataset.
I0206 14:34:15.052502 140446903760704 spec.py:333] Evaluating on the validation split.
I0206 14:34:17.766609 140446903760704 workload.py:181] Translating evaluation dataset.
I0206 14:36:46.578601 140446903760704 spec.py:349] Evaluating on the test split.
I0206 14:36:49.287287 140446903760704 workload.py:181] Translating evaluation dataset.
I0206 14:39:02.933384 140446903760704 submission_runner.py:408] Time since start: 4987.45s, 	Step: 7185, 	{'train/accuracy': 0.5838678479194641, 'train/loss': 2.3458170890808105, 'train/bleu': 27.234345079265907, 'validation/accuracy': 0.5861551761627197, 'validation/loss': 2.3145346641540527, 'validation/bleu': 23.179417644358757, 'validation/num_examples': 3000, 'test/accuracy': 0.5881703495979309, 'test/loss': 2.31225848197937, 'test/bleu': 21.78799174427264, 'test/num_examples': 3003, 'score': 2556.738527774811, 'total_duration': 4987.44571518898, 'accumulated_submission_time': 2556.738527774811, 'accumulated_eval_time': 2430.385052204132, 'accumulated_logging_time': 0.09026479721069336}
I0206 14:39:02.949291 140277229537024 logging_writer.py:48] [7185] accumulated_eval_time=2430.385052, accumulated_logging_time=0.090265, accumulated_submission_time=2556.738528, global_step=7185, preemption_count=0, score=2556.738528, test/accuracy=0.588170, test/bleu=21.787992, test/loss=2.312258, test/num_examples=3003, total_duration=4987.445715, train/accuracy=0.583868, train/bleu=27.234345, train/loss=2.345817, validation/accuracy=0.586155, validation/bleu=23.179418, validation/loss=2.314535, validation/num_examples=3000
I0206 14:39:08.551145 140277221144320 logging_writer.py:48] [7200] global_step=7200, grad_norm=0.378927081823349, loss=3.4750494956970215
I0206 14:39:43.465602 140277229537024 logging_writer.py:48] [7300] global_step=7300, grad_norm=0.4453655779361725, loss=3.4435949325561523
I0206 14:40:18.455906 140277221144320 logging_writer.py:48] [7400] global_step=7400, grad_norm=0.42507556080818176, loss=3.3938839435577393
I0206 14:40:53.507681 140277229537024 logging_writer.py:48] [7500] global_step=7500, grad_norm=0.4416424334049225, loss=3.45452880859375
I0206 14:41:28.562839 140277221144320 logging_writer.py:48] [7600] global_step=7600, grad_norm=0.3990453779697418, loss=3.4314002990722656
I0206 14:42:03.630448 140277229537024 logging_writer.py:48] [7700] global_step=7700, grad_norm=0.43114060163497925, loss=3.4200055599212646
I0206 14:42:38.675919 140277221144320 logging_writer.py:48] [7800] global_step=7800, grad_norm=0.44015446305274963, loss=3.41947078704834
I0206 14:43:13.744861 140277229537024 logging_writer.py:48] [7900] global_step=7900, grad_norm=0.407090425491333, loss=3.401553153991699
I0206 14:43:48.842043 140277221144320 logging_writer.py:48] [8000] global_step=8000, grad_norm=0.38347575068473816, loss=3.3638041019439697
I0206 14:44:23.901863 140277229537024 logging_writer.py:48] [8100] global_step=8100, grad_norm=0.42317095398902893, loss=3.4079716205596924
I0206 14:44:58.990447 140277221144320 logging_writer.py:48] [8200] global_step=8200, grad_norm=0.3909311592578888, loss=3.3104729652404785
I0206 14:45:34.108024 140277229537024 logging_writer.py:48] [8300] global_step=8300, grad_norm=0.36498674750328064, loss=3.4571468830108643
I0206 14:46:09.199352 140277221144320 logging_writer.py:48] [8400] global_step=8400, grad_norm=0.3802759647369385, loss=3.3509368896484375
I0206 14:46:44.291987 140277229537024 logging_writer.py:48] [8500] global_step=8500, grad_norm=0.41256147623062134, loss=3.3661162853240967
I0206 14:47:19.374944 140277221144320 logging_writer.py:48] [8600] global_step=8600, grad_norm=0.3622712194919586, loss=3.3794422149658203
I0206 14:47:54.464443 140277229537024 logging_writer.py:48] [8700] global_step=8700, grad_norm=0.3322342336177826, loss=3.389224052429199
I0206 14:48:29.597654 140277221144320 logging_writer.py:48] [8800] global_step=8800, grad_norm=0.38269197940826416, loss=3.3245716094970703
I0206 14:49:04.711633 140277229537024 logging_writer.py:48] [8900] global_step=8900, grad_norm=0.47024592757225037, loss=3.3904402256011963
I0206 14:49:39.771869 140277221144320 logging_writer.py:48] [9000] global_step=9000, grad_norm=0.34822672605514526, loss=3.3969030380249023
I0206 14:50:14.845152 140277229537024 logging_writer.py:48] [9100] global_step=9100, grad_norm=0.36236074566841125, loss=3.330256223678589
I0206 14:50:49.897071 140277221144320 logging_writer.py:48] [9200] global_step=9200, grad_norm=0.32539212703704834, loss=3.4247665405273438
I0206 14:51:24.978877 140277229537024 logging_writer.py:48] [9300] global_step=9300, grad_norm=0.3095315992832184, loss=3.293910264968872
I0206 14:52:00.052750 140277221144320 logging_writer.py:48] [9400] global_step=9400, grad_norm=0.30037495493888855, loss=3.3291497230529785
I0206 14:52:35.129193 140277229537024 logging_writer.py:48] [9500] global_step=9500, grad_norm=0.341197669506073, loss=3.321258306503296
I0206 14:53:03.232135 140446903760704 spec.py:321] Evaluating on the training split.
I0206 14:53:06.235298 140446903760704 workload.py:181] Translating evaluation dataset.
I0206 14:55:35.836032 140446903760704 spec.py:333] Evaluating on the validation split.
I0206 14:55:38.546386 140446903760704 workload.py:181] Translating evaluation dataset.
I0206 14:58:05.757275 140446903760704 spec.py:349] Evaluating on the test split.
I0206 14:58:08.471252 140446903760704 workload.py:181] Translating evaluation dataset.
I0206 15:00:24.854923 140446903760704 submission_runner.py:408] Time since start: 6269.37s, 	Step: 9582, 	{'train/accuracy': 0.5891788601875305, 'train/loss': 2.2676243782043457, 'train/bleu': 27.89985486351619, 'validation/accuracy': 0.6069980263710022, 'validation/loss': 2.1352217197418213, 'validation/bleu': 24.639766045857712, 'validation/num_examples': 3000, 'test/accuracy': 0.6104235649108887, 'test/loss': 2.1066174507141113, 'test/bleu': 23.303168552867703, 'test/num_examples': 3003, 'score': 3396.931195497513, 'total_duration': 6269.367269515991, 'accumulated_submission_time': 3396.931195497513, 'accumulated_eval_time': 2872.0077636241913, 'accumulated_logging_time': 0.11701345443725586}
I0206 15:00:24.870574 140277221144320 logging_writer.py:48] [9582] accumulated_eval_time=2872.007764, accumulated_logging_time=0.117013, accumulated_submission_time=3396.931195, global_step=9582, preemption_count=0, score=3396.931195, test/accuracy=0.610424, test/bleu=23.303169, test/loss=2.106617, test/num_examples=3003, total_duration=6269.367270, train/accuracy=0.589179, train/bleu=27.899855, train/loss=2.267624, validation/accuracy=0.606998, validation/bleu=24.639766, validation/loss=2.135222, validation/num_examples=3000
I0206 15:00:31.521013 140277229537024 logging_writer.py:48] [9600] global_step=9600, grad_norm=0.30918648838996887, loss=3.3186981678009033
I0206 15:01:06.429876 140277221144320 logging_writer.py:48] [9700] global_step=9700, grad_norm=0.30058935284614563, loss=3.2548539638519287
I0206 15:01:41.431540 140277229537024 logging_writer.py:48] [9800] global_step=9800, grad_norm=0.32736629247665405, loss=3.3013901710510254
I0206 15:02:16.491198 140277221144320 logging_writer.py:48] [9900] global_step=9900, grad_norm=0.2909179925918579, loss=3.26159930229187
I0206 15:02:51.539840 140277229537024 logging_writer.py:48] [10000] global_step=10000, grad_norm=0.29553937911987305, loss=3.2496519088745117
I0206 15:03:26.583379 140277221144320 logging_writer.py:48] [10100] global_step=10100, grad_norm=0.2773565948009491, loss=3.2455570697784424
I0206 15:04:01.660279 140277229537024 logging_writer.py:48] [10200] global_step=10200, grad_norm=0.3108408749103546, loss=3.274285316467285
I0206 15:04:36.716312 140277221144320 logging_writer.py:48] [10300] global_step=10300, grad_norm=0.29429131746292114, loss=3.2880263328552246
I0206 15:05:11.768457 140277229537024 logging_writer.py:48] [10400] global_step=10400, grad_norm=0.29746806621551514, loss=3.21482253074646
I0206 15:05:46.840544 140277221144320 logging_writer.py:48] [10500] global_step=10500, grad_norm=0.29367056488990784, loss=3.339071273803711
I0206 15:06:21.908917 140277229537024 logging_writer.py:48] [10600] global_step=10600, grad_norm=0.26340240240097046, loss=3.2966725826263428
I0206 15:06:56.960484 140277221144320 logging_writer.py:48] [10700] global_step=10700, grad_norm=0.3554486036300659, loss=3.383315324783325
I0206 15:07:32.037341 140277229537024 logging_writer.py:48] [10800] global_step=10800, grad_norm=0.3165813684463501, loss=3.306180000305176
I0206 15:08:07.139956 140277221144320 logging_writer.py:48] [10900] global_step=10900, grad_norm=0.3316691815853119, loss=3.236732006072998
I0206 15:08:42.221937 140277229537024 logging_writer.py:48] [11000] global_step=11000, grad_norm=0.25541993975639343, loss=3.315145492553711
I0206 15:09:17.302167 140277221144320 logging_writer.py:48] [11100] global_step=11100, grad_norm=0.26415419578552246, loss=3.2197952270507812
I0206 15:09:52.338868 140277229537024 logging_writer.py:48] [11200] global_step=11200, grad_norm=0.29156258702278137, loss=3.2983782291412354
I0206 15:10:27.420226 140277221144320 logging_writer.py:48] [11300] global_step=11300, grad_norm=0.254996120929718, loss=3.2117714881896973
I0206 15:11:02.469231 140277229537024 logging_writer.py:48] [11400] global_step=11400, grad_norm=0.27085670828819275, loss=3.206080913543701
I0206 15:11:37.557554 140277221144320 logging_writer.py:48] [11500] global_step=11500, grad_norm=0.3133297860622406, loss=3.2422802448272705
I0206 15:12:12.603522 140277229537024 logging_writer.py:48] [11600] global_step=11600, grad_norm=0.2736489176750183, loss=3.235405445098877
I0206 15:12:47.660913 140277221144320 logging_writer.py:48] [11700] global_step=11700, grad_norm=0.27029839158058167, loss=3.3683855533599854
I0206 15:13:22.713366 140277229537024 logging_writer.py:48] [11800] global_step=11800, grad_norm=0.2700740098953247, loss=3.199148416519165
I0206 15:13:57.774957 140277221144320 logging_writer.py:48] [11900] global_step=11900, grad_norm=0.29270827770233154, loss=3.2553441524505615
I0206 15:14:25.187540 140446903760704 spec.py:321] Evaluating on the training split.
I0206 15:14:28.200562 140446903760704 workload.py:181] Translating evaluation dataset.
I0206 15:17:45.574505 140446903760704 spec.py:333] Evaluating on the validation split.
I0206 15:17:48.277482 140446903760704 workload.py:181] Translating evaluation dataset.
I0206 15:21:08.750360 140446903760704 spec.py:349] Evaluating on the test split.
I0206 15:21:11.466016 140446903760704 workload.py:181] Translating evaluation dataset.
I0206 15:24:03.773181 140446903760704 submission_runner.py:408] Time since start: 7688.29s, 	Step: 11980, 	{'train/accuracy': 0.6027758717536926, 'train/loss': 2.1443228721618652, 'train/bleu': 28.891173233400416, 'validation/accuracy': 0.6202526688575745, 'validation/loss': 2.0171313285827637, 'validation/bleu': 25.276258137532324, 'validation/num_examples': 3000, 'test/accuracy': 0.6257509589195251, 'test/loss': 1.974539041519165, 'test/bleu': 24.60483532445832, 'test/num_examples': 3003, 'score': 4237.160478591919, 'total_duration': 7688.285516738892, 'accumulated_submission_time': 4237.160478591919, 'accumulated_eval_time': 3450.5933167934418, 'accumulated_logging_time': 0.14389681816101074}
I0206 15:24:03.789260 140277229537024 logging_writer.py:48] [11980] accumulated_eval_time=3450.593317, accumulated_logging_time=0.143897, accumulated_submission_time=4237.160479, global_step=11980, preemption_count=0, score=4237.160479, test/accuracy=0.625751, test/bleu=24.604835, test/loss=1.974539, test/num_examples=3003, total_duration=7688.285517, train/accuracy=0.602776, train/bleu=28.891173, train/loss=2.144323, validation/accuracy=0.620253, validation/bleu=25.276258, validation/loss=2.017131, validation/num_examples=3000
I0206 15:24:11.144217 140277221144320 logging_writer.py:48] [12000] global_step=12000, grad_norm=0.2476942539215088, loss=3.274750232696533
I0206 15:24:46.058462 140277229537024 logging_writer.py:48] [12100] global_step=12100, grad_norm=0.263623982667923, loss=3.140228509902954
I0206 15:25:21.042584 140277221144320 logging_writer.py:48] [12200] global_step=12200, grad_norm=0.2677620053291321, loss=3.1976335048675537
I0206 15:25:56.076890 140277229537024 logging_writer.py:48] [12300] global_step=12300, grad_norm=0.25190266966819763, loss=3.2384579181671143
I0206 15:26:31.081183 140277221144320 logging_writer.py:48] [12400] global_step=12400, grad_norm=0.23565365374088287, loss=3.1884899139404297
I0206 15:27:06.142358 140277229537024 logging_writer.py:48] [12500] global_step=12500, grad_norm=0.2627687454223633, loss=3.2187998294830322
I0206 15:27:41.226693 140277221144320 logging_writer.py:48] [12600] global_step=12600, grad_norm=0.25096654891967773, loss=3.2067606449127197
I0206 15:28:16.307205 140277229537024 logging_writer.py:48] [12700] global_step=12700, grad_norm=0.25492551922798157, loss=3.2115478515625
I0206 15:28:51.321148 140277221144320 logging_writer.py:48] [12800] global_step=12800, grad_norm=0.25047433376312256, loss=3.1480679512023926
I0206 15:29:26.369777 140277229537024 logging_writer.py:48] [12900] global_step=12900, grad_norm=0.2555573582649231, loss=3.216547727584839
I0206 15:30:01.382483 140277221144320 logging_writer.py:48] [13000] global_step=13000, grad_norm=0.3494240343570709, loss=3.2617440223693848
I0206 15:30:36.426666 140277229537024 logging_writer.py:48] [13100] global_step=13100, grad_norm=0.2365526556968689, loss=3.2216014862060547
I0206 15:31:11.459942 140277221144320 logging_writer.py:48] [13200] global_step=13200, grad_norm=0.2527793347835541, loss=3.2442421913146973
I0206 15:31:46.495074 140277229537024 logging_writer.py:48] [13300] global_step=13300, grad_norm=0.23422497510910034, loss=3.150493621826172
I0206 15:32:21.513320 140277221144320 logging_writer.py:48] [13400] global_step=13400, grad_norm=0.22672052681446075, loss=3.2124810218811035
I0206 15:32:56.520022 140277229537024 logging_writer.py:48] [13500] global_step=13500, grad_norm=0.2651156485080719, loss=3.163332223892212
I0206 15:33:31.533756 140277221144320 logging_writer.py:48] [13600] global_step=13600, grad_norm=0.2869572341442108, loss=3.152920722961426
I0206 15:34:06.539475 140277229537024 logging_writer.py:48] [13700] global_step=13700, grad_norm=0.26070964336395264, loss=3.1828110218048096
I0206 15:34:41.549553 140277221144320 logging_writer.py:48] [13800] global_step=13800, grad_norm=0.24832873046398163, loss=3.204739570617676
I0206 15:35:16.573444 140277229537024 logging_writer.py:48] [13900] global_step=13900, grad_norm=0.26262998580932617, loss=3.19983172416687
I0206 15:35:51.571910 140277221144320 logging_writer.py:48] [14000] global_step=14000, grad_norm=0.2531718909740448, loss=3.1302902698516846
I0206 15:36:26.576436 140277229537024 logging_writer.py:48] [14100] global_step=14100, grad_norm=0.2916249632835388, loss=3.1390998363494873
I0206 15:37:01.611653 140277221144320 logging_writer.py:48] [14200] global_step=14200, grad_norm=0.3059142529964447, loss=3.1734418869018555
I0206 15:37:36.630228 140277229537024 logging_writer.py:48] [14300] global_step=14300, grad_norm=0.24919423460960388, loss=3.0673227310180664
I0206 15:38:04.001749 140446903760704 spec.py:321] Evaluating on the training split.
I0206 15:38:07.008301 140446903760704 workload.py:181] Translating evaluation dataset.
I0206 15:40:37.764845 140446903760704 spec.py:333] Evaluating on the validation split.
I0206 15:40:40.479573 140446903760704 workload.py:181] Translating evaluation dataset.
I0206 15:43:07.463346 140446903760704 spec.py:349] Evaluating on the test split.
I0206 15:43:10.173064 140446903760704 workload.py:181] Translating evaluation dataset.
I0206 15:45:25.224668 140446903760704 submission_runner.py:408] Time since start: 8969.74s, 	Step: 14380, 	{'train/accuracy': 0.6137219071388245, 'train/loss': 2.0440056324005127, 'train/bleu': 29.763904979834205, 'validation/accuracy': 0.6301347613334656, 'validation/loss': 1.9250251054763794, 'validation/bleu': 26.04915640493588, 'validation/num_examples': 3000, 'test/accuracy': 0.637022852897644, 'test/loss': 1.8806644678115845, 'test/bleu': 25.595357216731195, 'test/num_examples': 3003, 'score': 5077.2845776081085, 'total_duration': 8969.737039804459, 'accumulated_submission_time': 5077.2845776081085, 'accumulated_eval_time': 3891.816184282303, 'accumulated_logging_time': 0.17147159576416016}
I0206 15:45:25.241304 140277221144320 logging_writer.py:48] [14380] accumulated_eval_time=3891.816184, accumulated_logging_time=0.171472, accumulated_submission_time=5077.284578, global_step=14380, preemption_count=0, score=5077.284578, test/accuracy=0.637023, test/bleu=25.595357, test/loss=1.880664, test/num_examples=3003, total_duration=8969.737040, train/accuracy=0.613722, train/bleu=29.763905, train/loss=2.044006, validation/accuracy=0.630135, validation/bleu=26.049156, validation/loss=1.925025, validation/num_examples=3000
I0206 15:45:32.592043 140277229537024 logging_writer.py:48] [14400] global_step=14400, grad_norm=0.2607742249965668, loss=3.1573984622955322
I0206 15:46:07.463418 140277221144320 logging_writer.py:48] [14500] global_step=14500, grad_norm=0.24482962489128113, loss=3.1194324493408203
I0206 15:46:42.548323 140277229537024 logging_writer.py:48] [14600] global_step=14600, grad_norm=0.2521364390850067, loss=3.1521356105804443
I0206 15:47:17.592332 140277221144320 logging_writer.py:48] [14700] global_step=14700, grad_norm=0.25548967719078064, loss=3.0929548740386963
I0206 15:47:52.695169 140277229537024 logging_writer.py:48] [14800] global_step=14800, grad_norm=0.2446095049381256, loss=3.1427929401397705
I0206 15:48:27.770283 140277221144320 logging_writer.py:48] [14900] global_step=14900, grad_norm=0.23545122146606445, loss=3.1423094272613525
I0206 15:49:02.844663 140277229537024 logging_writer.py:48] [15000] global_step=15000, grad_norm=0.31463226675987244, loss=3.063410520553589
I0206 15:49:37.884454 140277221144320 logging_writer.py:48] [15100] global_step=15100, grad_norm=0.29505306482315063, loss=3.0831186771392822
I0206 15:50:12.930650 140277229537024 logging_writer.py:48] [15200] global_step=15200, grad_norm=0.24515190720558167, loss=3.240283966064453
I0206 15:50:47.984362 140277221144320 logging_writer.py:48] [15300] global_step=15300, grad_norm=0.2649700343608856, loss=3.152944803237915
I0206 15:51:23.035285 140277229537024 logging_writer.py:48] [15400] global_step=15400, grad_norm=0.2821865379810333, loss=3.039930582046509
I0206 15:51:58.102215 140277221144320 logging_writer.py:48] [15500] global_step=15500, grad_norm=0.2611769437789917, loss=3.1575064659118652
I0206 15:52:33.151515 140277229537024 logging_writer.py:48] [15600] global_step=15600, grad_norm=0.2639353275299072, loss=3.161226511001587
I0206 15:53:08.232034 140277221144320 logging_writer.py:48] [15700] global_step=15700, grad_norm=0.3418629765510559, loss=3.0698537826538086
I0206 15:53:43.274217 140277229537024 logging_writer.py:48] [15800] global_step=15800, grad_norm=0.28408217430114746, loss=3.1444895267486572
I0206 15:54:18.356999 140277221144320 logging_writer.py:48] [15900] global_step=15900, grad_norm=0.28333181142807007, loss=3.184046506881714
I0206 15:54:53.447997 140277229537024 logging_writer.py:48] [16000] global_step=16000, grad_norm=0.2743452489376068, loss=3.1293208599090576
I0206 15:55:28.547857 140277221144320 logging_writer.py:48] [16100] global_step=16100, grad_norm=0.2658015191555023, loss=3.178889513015747
I0206 15:56:03.655967 140277229537024 logging_writer.py:48] [16200] global_step=16200, grad_norm=0.3116260766983032, loss=3.053880214691162
I0206 15:56:38.718365 140277221144320 logging_writer.py:48] [16300] global_step=16300, grad_norm=0.2843121588230133, loss=3.0812900066375732
I0206 15:57:13.768510 140277229537024 logging_writer.py:48] [16400] global_step=16400, grad_norm=0.28361260890960693, loss=3.0849623680114746
I0206 15:57:48.848989 140277221144320 logging_writer.py:48] [16500] global_step=16500, grad_norm=0.33224472403526306, loss=3.102071762084961
I0206 15:58:23.928164 140277229537024 logging_writer.py:48] [16600] global_step=16600, grad_norm=0.2537273168563843, loss=3.0719335079193115
I0206 15:58:58.956798 140277221144320 logging_writer.py:48] [16700] global_step=16700, grad_norm=0.2652885317802429, loss=3.0423147678375244
I0206 15:59:25.242385 140446903760704 spec.py:321] Evaluating on the training split.
I0206 15:59:27.979782 140446903760704 workload.py:181] Translating evaluation dataset.
I0206 16:01:57.823522 140446903760704 spec.py:333] Evaluating on the validation split.
I0206 16:02:00.537306 140446903760704 workload.py:181] Translating evaluation dataset.
I0206 16:04:24.609469 140446903760704 spec.py:349] Evaluating on the test split.
I0206 16:04:27.339280 140446903760704 workload.py:181] Translating evaluation dataset.
I0206 16:06:45.113977 140446903760704 submission_runner.py:408] Time since start: 10249.63s, 	Step: 16776, 	{'train/accuracy': 0.6152881979942322, 'train/loss': 2.0378637313842773, 'train/bleu': 29.833339905367374, 'validation/accuracy': 0.6370410919189453, 'validation/loss': 1.8624820709228516, 'validation/bleu': 26.930205823477618, 'validation/num_examples': 3000, 'test/accuracy': 0.6476788520812988, 'test/loss': 1.806699275970459, 'test/bleu': 25.957416144448224, 'test/num_examples': 3003, 'score': 5917.195971488953, 'total_duration': 10249.626316785812, 'accumulated_submission_time': 5917.195971488953, 'accumulated_eval_time': 4331.687678337097, 'accumulated_logging_time': 0.1997363567352295}
I0206 16:06:45.130603 140277229537024 logging_writer.py:48] [16776] accumulated_eval_time=4331.687678, accumulated_logging_time=0.199736, accumulated_submission_time=5917.195971, global_step=16776, preemption_count=0, score=5917.195971, test/accuracy=0.647679, test/bleu=25.957416, test/loss=1.806699, test/num_examples=3003, total_duration=10249.626317, train/accuracy=0.615288, train/bleu=29.833340, train/loss=2.037864, validation/accuracy=0.637041, validation/bleu=26.930206, validation/loss=1.862482, validation/num_examples=3000
I0206 16:06:53.886460 140277221144320 logging_writer.py:48] [16800] global_step=16800, grad_norm=0.34303018450737, loss=3.1366279125213623
I0206 16:07:28.814780 140277229537024 logging_writer.py:48] [16900] global_step=16900, grad_norm=0.2891845703125, loss=3.0609138011932373
I0206 16:08:03.830683 140277221144320 logging_writer.py:48] [17000] global_step=17000, grad_norm=0.3265472650527954, loss=3.141427993774414
I0206 16:08:38.854413 140277229537024 logging_writer.py:48] [17100] global_step=17100, grad_norm=0.3412094712257385, loss=3.1171488761901855
I0206 16:09:13.915625 140277221144320 logging_writer.py:48] [17200] global_step=17200, grad_norm=0.3782399594783783, loss=3.041304111480713
I0206 16:09:48.953273 140277229537024 logging_writer.py:48] [17300] global_step=17300, grad_norm=0.3172903060913086, loss=3.118267059326172
I0206 16:10:23.974142 140277221144320 logging_writer.py:48] [17400] global_step=17400, grad_norm=0.314172625541687, loss=3.0422091484069824
I0206 16:10:59.027486 140277229537024 logging_writer.py:48] [17500] global_step=17500, grad_norm=0.2947613298892975, loss=3.058239698410034
I0206 16:11:34.085958 140277221144320 logging_writer.py:48] [17600] global_step=17600, grad_norm=0.28779271245002747, loss=3.1181745529174805
I0206 16:12:09.115069 140277229537024 logging_writer.py:48] [17700] global_step=17700, grad_norm=0.34584328532218933, loss=3.0108909606933594
I0206 16:12:44.278435 140277221144320 logging_writer.py:48] [17800] global_step=17800, grad_norm=0.37457022070884705, loss=3.0939135551452637
I0206 16:13:19.371608 140277229537024 logging_writer.py:48] [17900] global_step=17900, grad_norm=0.4022359848022461, loss=3.07546067237854
I0206 16:13:54.412770 140277221144320 logging_writer.py:48] [18000] global_step=18000, grad_norm=0.3212311863899231, loss=3.076115369796753
I0206 16:14:29.478099 140277229537024 logging_writer.py:48] [18100] global_step=18100, grad_norm=0.3068346679210663, loss=3.096179723739624
I0206 16:15:04.534336 140277221144320 logging_writer.py:48] [18200] global_step=18200, grad_norm=0.35429567098617554, loss=3.076437473297119
I0206 16:15:39.577866 140277229537024 logging_writer.py:48] [18300] global_step=18300, grad_norm=0.29006195068359375, loss=3.056971311569214
I0206 16:16:14.624740 140277221144320 logging_writer.py:48] [18400] global_step=18400, grad_norm=0.2976939380168915, loss=3.0508852005004883
I0206 16:16:49.702944 140277229537024 logging_writer.py:48] [18500] global_step=18500, grad_norm=0.3523913621902466, loss=3.074181318283081
I0206 16:17:24.764045 140277221144320 logging_writer.py:48] [18600] global_step=18600, grad_norm=0.38958612084388733, loss=3.0714833736419678
I0206 16:17:59.831832 140277229537024 logging_writer.py:48] [18700] global_step=18700, grad_norm=0.34767431020736694, loss=3.048433780670166
I0206 16:18:34.924812 140277221144320 logging_writer.py:48] [18800] global_step=18800, grad_norm=0.3674534261226654, loss=3.078742742538452
I0206 16:19:10.004202 140277229537024 logging_writer.py:48] [18900] global_step=18900, grad_norm=0.35960790514945984, loss=2.999114513397217
I0206 16:19:45.116107 140277221144320 logging_writer.py:48] [19000] global_step=19000, grad_norm=0.33963191509246826, loss=3.071118116378784
I0206 16:20:20.204001 140277229537024 logging_writer.py:48] [19100] global_step=19100, grad_norm=0.34334462881088257, loss=3.0733230113983154
I0206 16:20:45.116359 140446903760704 spec.py:321] Evaluating on the training split.
I0206 16:20:48.129059 140446903760704 workload.py:181] Translating evaluation dataset.
I0206 16:23:38.050170 140446903760704 spec.py:333] Evaluating on the validation split.
I0206 16:23:40.760136 140446903760704 workload.py:181] Translating evaluation dataset.
I0206 16:26:02.120887 140446903760704 spec.py:349] Evaluating on the test split.
I0206 16:26:04.824811 140446903760704 workload.py:181] Translating evaluation dataset.
I0206 16:28:21.654427 140446903760704 submission_runner.py:408] Time since start: 11546.17s, 	Step: 19173, 	{'train/accuracy': 0.6377730965614319, 'train/loss': 1.8624444007873535, 'train/bleu': 31.384704872693035, 'validation/accuracy': 0.6448649168014526, 'validation/loss': 1.8179594278335571, 'validation/bleu': 27.341544220468872, 'validation/num_examples': 3000, 'test/accuracy': 0.6542908549308777, 'test/loss': 1.7641087770462036, 'test/bleu': 26.770263755815385, 'test/num_examples': 3003, 'score': 6757.092479228973, 'total_duration': 11546.166801214218, 'accumulated_submission_time': 6757.092479228973, 'accumulated_eval_time': 4788.225700378418, 'accumulated_logging_time': 0.22781896591186523}
I0206 16:28:21.671864 140277221144320 logging_writer.py:48] [19173] accumulated_eval_time=4788.225700, accumulated_logging_time=0.227819, accumulated_submission_time=6757.092479, global_step=19173, preemption_count=0, score=6757.092479, test/accuracy=0.654291, test/bleu=26.770264, test/loss=1.764109, test/num_examples=3003, total_duration=11546.166801, train/accuracy=0.637773, train/bleu=31.384705, train/loss=1.862444, validation/accuracy=0.644865, validation/bleu=27.341544, validation/loss=1.817959, validation/num_examples=3000
I0206 16:28:31.439965 140277229537024 logging_writer.py:48] [19200] global_step=19200, grad_norm=0.3008092939853668, loss=3.0157077312469482
I0206 16:29:06.325879 140277221144320 logging_writer.py:48] [19300] global_step=19300, grad_norm=0.293191522359848, loss=3.0189270973205566
I0206 16:29:41.311835 140277229537024 logging_writer.py:48] [19400] global_step=19400, grad_norm=0.3399398624897003, loss=3.1085128784179688
I0206 16:30:16.380158 140277221144320 logging_writer.py:48] [19500] global_step=19500, grad_norm=0.36164167523384094, loss=3.1157913208007812
I0206 16:30:51.420449 140277229537024 logging_writer.py:48] [19600] global_step=19600, grad_norm=0.35559019446372986, loss=3.0531883239746094
I0206 16:31:26.449588 140277221144320 logging_writer.py:48] [19700] global_step=19700, grad_norm=0.3559964597225189, loss=3.145446300506592
I0206 16:32:01.614369 140277229537024 logging_writer.py:48] [19800] global_step=19800, grad_norm=0.29391586780548096, loss=3.0334970951080322
I0206 16:32:36.635409 140277221144320 logging_writer.py:48] [19900] global_step=19900, grad_norm=0.3321797251701355, loss=3.0606260299682617
I0206 16:33:11.668726 140277229537024 logging_writer.py:48] [20000] global_step=20000, grad_norm=0.40121158957481384, loss=3.1088030338287354
I0206 16:33:46.694790 140277221144320 logging_writer.py:48] [20100] global_step=20100, grad_norm=0.34815123677253723, loss=3.0003840923309326
I0206 16:34:21.744221 140277229537024 logging_writer.py:48] [20200] global_step=20200, grad_norm=0.34517136216163635, loss=3.0677456855773926
I0206 16:34:56.761960 140277221144320 logging_writer.py:48] [20300] global_step=20300, grad_norm=0.3541131317615509, loss=3.079580783843994
I0206 16:35:31.798341 140277229537024 logging_writer.py:48] [20400] global_step=20400, grad_norm=0.309123694896698, loss=3.139852523803711
I0206 16:36:06.822263 140277221144320 logging_writer.py:48] [20500] global_step=20500, grad_norm=0.3898695111274719, loss=3.0303637981414795
I0206 16:36:41.888150 140277229537024 logging_writer.py:48] [20600] global_step=20600, grad_norm=0.3733378052711487, loss=3.065408229827881
I0206 16:37:16.900941 140277221144320 logging_writer.py:48] [20700] global_step=20700, grad_norm=0.31239795684814453, loss=3.014065742492676
