python3 submission_runner.py --framework=jax --workload=imagenet_resnet --submission_path=prize_qualification_baselines/external_tuning/jax_nadamw_full_budget.py --tuning_search_space=prize_qualification_baselines/external_tuning/tuning_search_space.json --data_dir=/data/imagenet/jax --num_tuning_trials=1 --experiment_dir=/experiment_runs --experiment_name=prize_qualification/study_4 --overwrite=true --save_checkpoints=false --num_tuning_trials=5 --rng_seed=3614520272 --max_global_steps=186666 --imagenet_v2_data_dir=/data/imagenet/jax 2>&1 | tee -a /logs/imagenet_resnet_jax_01-27-2024-01-35-38.log
/usr/local/lib/python3.8/dist-packages/tensorflow_addons/utils/tfa_eol_msg.py:23: UserWarning: 

TensorFlow Addons (TFA) has ended development and introduction of new features.
TFA has entered a minimal maintenance and release mode until a planned end of life in May 2024.
Please modify downstream libraries to take dependencies from other repositories in our TensorFlow community (e.g. Keras, Keras-CV, and Keras-NLP). 

For more information see: https://github.com/tensorflow/addons/issues/2807 

  warnings.warn(
I0127 01:36:02.826349 140169137129280 logger_utils.py:76] Creating experiment directory at /experiment_runs/prize_qualification/study_4/imagenet_resnet_jax.
I0127 01:36:03.987496 140169137129280 xla_bridge.py:455] Unable to initialize backend 'rocm': NOT_FOUND: Could not find registered platform with name: "rocm". Available platform names are: Interpreter Host CUDA
I0127 01:36:03.988358 140169137129280 xla_bridge.py:455] Unable to initialize backend 'tpu': module 'jaxlib.xla_extension' has no attribute 'get_tpu_client'
I0127 01:36:03.988492 140169137129280 xla_bridge.py:455] Unable to initialize backend 'plugin': xla_extension has no attributes named get_plugin_device_client. Compile TensorFlow with //tensorflow/compiler/xla/python:enable_plugin_device set to true (defaults to false) to enable this.
I0127 01:36:03.989644 140169137129280 submission_runner.py:542] Using RNG seed 3614520272
I0127 01:36:10.274229 140169137129280 submission_runner.py:551] --- Tuning run 1/5 ---
I0127 01:36:10.274441 140169137129280 submission_runner.py:556] Creating tuning directory at /experiment_runs/prize_qualification/study_4/imagenet_resnet_jax/trial_1.
I0127 01:36:10.274615 140169137129280 logger_utils.py:92] Saving hparams to /experiment_runs/prize_qualification/study_4/imagenet_resnet_jax/trial_1/hparams.json.
I0127 01:36:10.455862 140169137129280 submission_runner.py:206] Initializing dataset.
I0127 01:36:10.472371 140169137129280 dataset_info.py:578] Load dataset info from /data/imagenet/jax/imagenet2012/5.1.0
I0127 01:36:10.482613 140169137129280 dataset_info.py:669] Fields info.[splits, supervised_keys] from disk and from code do not match. Keeping the one from code.
I0127 01:36:10.864146 140169137129280 logging_logger.py:49] Constructing tf.data.Dataset imagenet2012 for split train, from /data/imagenet/jax/imagenet2012/5.1.0
I0127 01:36:12.066549 140169137129280 submission_runner.py:213] Initializing model.
I0127 01:36:22.055039 140169137129280 submission_runner.py:255] Initializing optimizer.
I0127 01:36:23.731436 140169137129280 submission_runner.py:262] Initializing metrics bundle.
I0127 01:36:23.731616 140169137129280 submission_runner.py:280] Initializing checkpoint and logger.
I0127 01:36:23.732705 140169137129280 checkpoints.py:915] Found no checkpoint files in /experiment_runs/prize_qualification/study_4/imagenet_resnet_jax/trial_1 with prefix checkpoint_
I0127 01:36:23.732867 140169137129280 submission_runner.py:300] Saving meta data to /experiment_runs/prize_qualification/study_4/imagenet_resnet_jax/trial_1/meta_data_0.json.
fatal: detected dubious ownership in repository at '/algorithmic-efficiency'
To add an exception for this directory, call:

	git config --global --add safe.directory /algorithmic-efficiency
I0127 01:36:24.140002 140169137129280 logger_utils.py:220] Unable to record git information. Continuing without it.
I0127 01:36:24.518108 140169137129280 submission_runner.py:304] Saving flags to /experiment_runs/prize_qualification/study_4/imagenet_resnet_jax/trial_1/flags_0.json.
I0127 01:36:24.528529 140169137129280 submission_runner.py:314] Starting training loop.
2024-01-27 01:37:30.050566: E external/xla/xla/service/rendezvous.cc:31] This thread has been waiting for 10 seconds and may be stuck:
2024-01-27 01:37:32.608135: E external/xla/xla/service/rendezvous.cc:36] Thread is unstuck! Warning above was a false-positive. Perhaps the timeout is too short.
I0127 01:37:34.177611 139996725995264 logging_writer.py:48] [0] global_step=0, grad_norm=0.5981332659721375, loss=6.92013692855835
I0127 01:37:34.195035 140169137129280 spec.py:321] Evaluating on the training split.
I0127 01:37:35.206250 140169137129280 dataset_info.py:578] Load dataset info from /data/imagenet/jax/imagenet2012/5.1.0
I0127 01:37:35.216354 140169137129280 dataset_info.py:669] Fields info.[splits, supervised_keys] from disk and from code do not match. Keeping the one from code.
I0127 01:37:35.301970 140169137129280 logging_logger.py:49] Constructing tf.data.Dataset imagenet2012 for split train, from /data/imagenet/jax/imagenet2012/5.1.0
I0127 01:37:48.686816 140169137129280 spec.py:333] Evaluating on the validation split.
I0127 01:37:50.445777 140169137129280 dataset_info.py:578] Load dataset info from /data/imagenet/jax/imagenet2012/5.1.0
I0127 01:37:50.455273 140169137129280 dataset_info.py:669] Fields info.[splits, supervised_keys] from disk and from code do not match. Keeping the one from code.
I0127 01:37:50.497014 140169137129280 logging_logger.py:49] Constructing tf.data.Dataset imagenet2012 for split validation, from /data/imagenet/jax/imagenet2012/5.1.0
I0127 01:38:07.034181 140169137129280 spec.py:349] Evaluating on the test split.
I0127 01:38:07.833976 140169137129280 dataset_info.py:578] Load dataset info from /data/imagenet/jax/imagenet_v2/matched-frequency/3.0.0
I0127 01:38:07.840276 140169137129280 dataset_builder.py:528] Reusing dataset imagenet_v2 (/data/imagenet/jax/imagenet_v2/matched-frequency/3.0.0)
I0127 01:38:07.878273 140169137129280 logging_logger.py:49] Constructing tf.data.Dataset imagenet_v2 for split test, from /data/imagenet/jax/imagenet_v2/matched-frequency/3.0.0
I0127 01:38:11.866910 140169137129280 submission_runner.py:408] Time since start: 107.34s, 	Step: 1, 	{'train/accuracy': 0.0007573341717943549, 'train/loss': 6.910542011260986, 'validation/accuracy': 0.0009599999757483602, 'validation/loss': 6.910243988037109, 'validation/num_examples': 50000, 'test/accuracy': 0.0006000000284984708, 'test/loss': 6.910250186920166, 'test/num_examples': 10000, 'score': 69.66642546653748, 'total_duration': 107.33833169937134, 'accumulated_submission_time': 69.66642546653748, 'accumulated_eval_time': 37.67181849479675, 'accumulated_logging_time': 0}
I0127 01:38:11.886567 139976700307200 logging_writer.py:48] [1] accumulated_eval_time=37.671818, accumulated_logging_time=0, accumulated_submission_time=69.666425, global_step=1, preemption_count=0, score=69.666425, test/accuracy=0.000600, test/loss=6.910250, test/num_examples=10000, total_duration=107.338332, train/accuracy=0.000757, train/loss=6.910542, validation/accuracy=0.000960, validation/loss=6.910244, validation/num_examples=50000
I0127 01:38:45.459033 139976691914496 logging_writer.py:48] [100] global_step=100, grad_norm=0.5784755945205688, loss=6.902760028839111
I0127 01:39:19.132485 139976700307200 logging_writer.py:48] [200] global_step=200, grad_norm=0.5876134634017944, loss=6.86502742767334
I0127 01:39:52.822512 139976691914496 logging_writer.py:48] [300] global_step=300, grad_norm=0.6389508843421936, loss=6.787942886352539
I0127 01:40:26.563796 139976700307200 logging_writer.py:48] [400] global_step=400, grad_norm=0.6632044911384583, loss=6.685791015625
I0127 01:41:00.281399 139976691914496 logging_writer.py:48] [500] global_step=500, grad_norm=0.711142897605896, loss=6.5861616134643555
I0127 01:41:34.051924 139976700307200 logging_writer.py:48] [600] global_step=600, grad_norm=0.7550148963928223, loss=6.546924591064453
I0127 01:42:07.794723 139976691914496 logging_writer.py:48] [700] global_step=700, grad_norm=0.8050522208213806, loss=6.420192718505859
I0127 01:42:41.554238 139976700307200 logging_writer.py:48] [800] global_step=800, grad_norm=0.8635852932929993, loss=6.26979923248291
I0127 01:43:15.298031 139976691914496 logging_writer.py:48] [900] global_step=900, grad_norm=1.2339413166046143, loss=6.202386856079102
I0127 01:43:49.175522 139976700307200 logging_writer.py:48] [1000] global_step=1000, grad_norm=1.612676739692688, loss=6.1813459396362305
I0127 01:44:22.929189 139976691914496 logging_writer.py:48] [1100] global_step=1100, grad_norm=1.245516300201416, loss=6.081448078155518
I0127 01:44:56.704722 139976700307200 logging_writer.py:48] [1200] global_step=1200, grad_norm=1.7211617231369019, loss=6.047825336456299
I0127 01:45:30.459543 139976691914496 logging_writer.py:48] [1300] global_step=1300, grad_norm=2.2765564918518066, loss=5.907381534576416
I0127 01:46:04.231181 139976700307200 logging_writer.py:48] [1400] global_step=1400, grad_norm=3.095381498336792, loss=5.835407257080078
I0127 01:46:37.993053 139976691914496 logging_writer.py:48] [1500] global_step=1500, grad_norm=3.1859354972839355, loss=5.796683311462402
I0127 01:46:42.144515 140169137129280 spec.py:321] Evaluating on the training split.
I0127 01:46:49.378988 140169137129280 spec.py:333] Evaluating on the validation split.
I0127 01:46:57.801282 140169137129280 spec.py:349] Evaluating on the test split.
I0127 01:47:00.066009 140169137129280 submission_runner.py:408] Time since start: 635.54s, 	Step: 1514, 	{'train/accuracy': 0.07354113459587097, 'train/loss': 5.336194038391113, 'validation/accuracy': 0.06785999983549118, 'validation/loss': 5.403800964355469, 'validation/num_examples': 50000, 'test/accuracy': 0.04960000142455101, 'test/loss': 5.629796504974365, 'test/num_examples': 10000, 'score': 579.8638372421265, 'total_duration': 635.5374145507812, 'accumulated_submission_time': 579.8638372421265, 'accumulated_eval_time': 55.593273878097534, 'accumulated_logging_time': 0.029314041137695312}
I0127 01:47:00.082832 139976708699904 logging_writer.py:48] [1514] accumulated_eval_time=55.593274, accumulated_logging_time=0.029314, accumulated_submission_time=579.863837, global_step=1514, preemption_count=0, score=579.863837, test/accuracy=0.049600, test/loss=5.629797, test/num_examples=10000, total_duration=635.537415, train/accuracy=0.073541, train/loss=5.336194, validation/accuracy=0.067860, validation/loss=5.403801, validation/num_examples=50000
I0127 01:47:29.456302 139976717092608 logging_writer.py:48] [1600] global_step=1600, grad_norm=2.3478713035583496, loss=5.733814716339111
I0127 01:48:03.192340 139976708699904 logging_writer.py:48] [1700] global_step=1700, grad_norm=2.9511139392852783, loss=5.678197383880615
I0127 01:48:36.944776 139976717092608 logging_writer.py:48] [1800] global_step=1800, grad_norm=2.910611391067505, loss=5.58250617980957
I0127 01:49:10.712134 139976708699904 logging_writer.py:48] [1900] global_step=1900, grad_norm=3.1299734115600586, loss=5.535990238189697
I0127 01:49:44.582821 139976717092608 logging_writer.py:48] [2000] global_step=2000, grad_norm=4.685263633728027, loss=5.428093433380127
I0127 01:50:18.343025 139976708699904 logging_writer.py:48] [2100] global_step=2100, grad_norm=4.380779266357422, loss=5.401987075805664
I0127 01:50:52.082368 139976717092608 logging_writer.py:48] [2200] global_step=2200, grad_norm=5.381535053253174, loss=5.359907150268555
I0127 01:51:25.846023 139976708699904 logging_writer.py:48] [2300] global_step=2300, grad_norm=4.170131206512451, loss=5.367110729217529
I0127 01:51:59.622238 139976717092608 logging_writer.py:48] [2400] global_step=2400, grad_norm=2.9330976009368896, loss=5.245477676391602
I0127 01:52:33.376356 139976708699904 logging_writer.py:48] [2500] global_step=2500, grad_norm=3.5452044010162354, loss=5.249812602996826
I0127 01:53:07.110246 139976717092608 logging_writer.py:48] [2600] global_step=2600, grad_norm=4.946106433868408, loss=5.195734977722168
I0127 01:53:40.849115 139976708699904 logging_writer.py:48] [2700] global_step=2700, grad_norm=4.6976447105407715, loss=5.182199001312256
I0127 01:54:14.605979 139976717092608 logging_writer.py:48] [2800] global_step=2800, grad_norm=4.1785807609558105, loss=5.124695777893066
I0127 01:54:48.375881 139976708699904 logging_writer.py:48] [2900] global_step=2900, grad_norm=4.169508457183838, loss=5.097527503967285
I0127 01:55:22.137030 139976717092608 logging_writer.py:48] [3000] global_step=3000, grad_norm=3.755920648574829, loss=4.911209583282471
I0127 01:55:30.151255 140169137129280 spec.py:321] Evaluating on the training split.
I0127 01:55:37.488861 140169137129280 spec.py:333] Evaluating on the validation split.
I0127 01:55:46.052417 140169137129280 spec.py:349] Evaluating on the test split.
I0127 01:55:48.388292 140169137129280 submission_runner.py:408] Time since start: 1163.86s, 	Step: 3025, 	{'train/accuracy': 0.1801857352256775, 'train/loss': 4.261962890625, 'validation/accuracy': 0.16099999845027924, 'validation/loss': 4.37910270690918, 'validation/num_examples': 50000, 'test/accuracy': 0.12120000272989273, 'test/loss': 4.7993268966674805, 'test/num_examples': 10000, 'score': 1089.8733115196228, 'total_duration': 1163.8596937656403, 'accumulated_submission_time': 1089.8733115196228, 'accumulated_eval_time': 73.83026790618896, 'accumulated_logging_time': 0.05568432807922363}
I0127 01:55:48.406881 140005842306816 logging_writer.py:48] [3025] accumulated_eval_time=73.830268, accumulated_logging_time=0.055684, accumulated_submission_time=1089.873312, global_step=3025, preemption_count=0, score=1089.873312, test/accuracy=0.121200, test/loss=4.799327, test/num_examples=10000, total_duration=1163.859694, train/accuracy=0.180186, train/loss=4.261963, validation/accuracy=0.161000, validation/loss=4.379103, validation/num_examples=50000
I0127 01:56:14.023869 140005850699520 logging_writer.py:48] [3100] global_step=3100, grad_norm=3.5064384937286377, loss=4.966598987579346
I0127 01:56:47.744388 140005842306816 logging_writer.py:48] [3200] global_step=3200, grad_norm=8.116687774658203, loss=4.887415885925293
I0127 01:57:21.498626 140005850699520 logging_writer.py:48] [3300] global_step=3300, grad_norm=4.777766704559326, loss=4.916378974914551
I0127 01:57:55.271459 140005842306816 logging_writer.py:48] [3400] global_step=3400, grad_norm=4.327110767364502, loss=4.885592460632324
I0127 01:58:29.060008 140005850699520 logging_writer.py:48] [3500] global_step=3500, grad_norm=5.672607421875, loss=4.750488758087158
I0127 01:59:02.826621 140005842306816 logging_writer.py:48] [3600] global_step=3600, grad_norm=3.565009117126465, loss=4.725878715515137
I0127 01:59:36.577388 140005850699520 logging_writer.py:48] [3700] global_step=3700, grad_norm=5.705304145812988, loss=4.714261054992676
I0127 02:00:10.348721 140005842306816 logging_writer.py:48] [3800] global_step=3800, grad_norm=5.639308452606201, loss=4.583737373352051
I0127 02:00:44.116585 140005850699520 logging_writer.py:48] [3900] global_step=3900, grad_norm=5.773007869720459, loss=4.588313102722168
I0127 02:01:17.883779 140005842306816 logging_writer.py:48] [4000] global_step=4000, grad_norm=4.557863235473633, loss=4.619786262512207
I0127 02:01:51.699917 140005850699520 logging_writer.py:48] [4100] global_step=4100, grad_norm=3.62069034576416, loss=4.591747283935547
I0127 02:02:25.460693 140005842306816 logging_writer.py:48] [4200] global_step=4200, grad_norm=7.86076545715332, loss=4.514934539794922
I0127 02:02:59.239312 140005850699520 logging_writer.py:48] [4300] global_step=4300, grad_norm=4.506117343902588, loss=4.533120155334473
I0127 02:03:33.009691 140005842306816 logging_writer.py:48] [4400] global_step=4400, grad_norm=4.28261137008667, loss=4.4632568359375
I0127 02:04:06.793377 140005850699520 logging_writer.py:48] [4500] global_step=4500, grad_norm=6.539878845214844, loss=4.374695777893066
I0127 02:04:18.715715 140169137129280 spec.py:321] Evaluating on the training split.
I0127 02:04:26.063029 140169137129280 spec.py:333] Evaluating on the validation split.
I0127 02:04:34.721145 140169137129280 spec.py:349] Evaluating on the test split.
I0127 02:04:36.949845 140169137129280 submission_runner.py:408] Time since start: 1692.42s, 	Step: 4537, 	{'train/accuracy': 0.28413981199264526, 'train/loss': 3.504873514175415, 'validation/accuracy': 0.2563000023365021, 'validation/loss': 3.6541614532470703, 'validation/num_examples': 50000, 'test/accuracy': 0.19180001318454742, 'test/loss': 4.191176891326904, 'test/num_examples': 10000, 'score': 1600.1244082450867, 'total_duration': 1692.4212460517883, 'accumulated_submission_time': 1600.1244082450867, 'accumulated_eval_time': 92.06435537338257, 'accumulated_logging_time': 0.08449053764343262}
I0127 02:04:36.966522 140005389362944 logging_writer.py:48] [4537] accumulated_eval_time=92.064355, accumulated_logging_time=0.084491, accumulated_submission_time=1600.124408, global_step=4537, preemption_count=0, score=1600.124408, test/accuracy=0.191800, test/loss=4.191177, test/num_examples=10000, total_duration=1692.421246, train/accuracy=0.284140, train/loss=3.504874, validation/accuracy=0.256300, validation/loss=3.654161, validation/num_examples=50000
I0127 02:04:58.580847 140005397755648 logging_writer.py:48] [4600] global_step=4600, grad_norm=5.568394660949707, loss=4.323918342590332
I0127 02:05:32.321554 140005389362944 logging_writer.py:48] [4700] global_step=4700, grad_norm=7.697589874267578, loss=4.351049900054932
I0127 02:06:06.082452 140005397755648 logging_writer.py:48] [4800] global_step=4800, grad_norm=7.027551174163818, loss=4.254675388336182
I0127 02:06:39.816986 140005389362944 logging_writer.py:48] [4900] global_step=4900, grad_norm=6.056701183319092, loss=4.305759429931641
I0127 02:07:13.588756 140005397755648 logging_writer.py:48] [5000] global_step=5000, grad_norm=6.247304439544678, loss=4.21111536026001
I0127 02:07:47.499673 140005389362944 logging_writer.py:48] [5100] global_step=5100, grad_norm=14.415817260742188, loss=4.1594719886779785
I0127 02:08:21.241615 140005397755648 logging_writer.py:48] [5200] global_step=5200, grad_norm=7.919807434082031, loss=4.157466888427734
I0127 02:08:54.996689 140005389362944 logging_writer.py:48] [5300] global_step=5300, grad_norm=4.521769046783447, loss=4.227570533752441
I0127 02:09:28.743053 140005397755648 logging_writer.py:48] [5400] global_step=5400, grad_norm=8.319543838500977, loss=4.141225814819336
I0127 02:10:02.508247 140005389362944 logging_writer.py:48] [5500] global_step=5500, grad_norm=9.417938232421875, loss=4.080438613891602
I0127 02:10:36.262794 140005397755648 logging_writer.py:48] [5600] global_step=5600, grad_norm=8.642918586730957, loss=4.115400791168213
I0127 02:11:09.979573 140005389362944 logging_writer.py:48] [5700] global_step=5700, grad_norm=6.314146041870117, loss=4.015321731567383
I0127 02:11:43.722251 140005397755648 logging_writer.py:48] [5800] global_step=5800, grad_norm=5.866004943847656, loss=4.057621002197266
I0127 02:12:17.496330 140005389362944 logging_writer.py:48] [5900] global_step=5900, grad_norm=4.334531307220459, loss=3.9822590351104736
I0127 02:12:51.260580 140005397755648 logging_writer.py:48] [6000] global_step=6000, grad_norm=6.505324363708496, loss=3.910442590713501
I0127 02:13:07.235010 140169137129280 spec.py:321] Evaluating on the training split.
I0127 02:13:14.721621 140169137129280 spec.py:333] Evaluating on the validation split.
I0127 02:13:23.196393 140169137129280 spec.py:349] Evaluating on the test split.
I0127 02:13:25.483711 140169137129280 submission_runner.py:408] Time since start: 2220.96s, 	Step: 6049, 	{'train/accuracy': 0.36937978863716125, 'train/loss': 2.9464893341064453, 'validation/accuracy': 0.34289997816085815, 'validation/loss': 3.0969789028167725, 'validation/num_examples': 50000, 'test/accuracy': 0.2526000142097473, 'test/loss': 3.744076728820801, 'test/num_examples': 10000, 'score': 2110.33571267128, 'total_duration': 2220.955129146576, 'accumulated_submission_time': 2110.33571267128, 'accumulated_eval_time': 110.31303834915161, 'accumulated_logging_time': 0.11001849174499512}
I0127 02:13:25.500493 140005833914112 logging_writer.py:48] [6049] accumulated_eval_time=110.313038, accumulated_logging_time=0.110018, accumulated_submission_time=2110.335713, global_step=6049, preemption_count=0, score=2110.335713, test/accuracy=0.252600, test/loss=3.744077, test/num_examples=10000, total_duration=2220.955129, train/accuracy=0.369380, train/loss=2.946489, validation/accuracy=0.342900, validation/loss=3.096979, validation/num_examples=50000
I0127 02:13:43.045955 140005842306816 logging_writer.py:48] [6100] global_step=6100, grad_norm=5.3293538093566895, loss=3.8790206909179688
I0127 02:14:16.798057 140005833914112 logging_writer.py:48] [6200] global_step=6200, grad_norm=10.139266014099121, loss=3.8215441703796387
I0127 02:14:50.541941 140005842306816 logging_writer.py:48] [6300] global_step=6300, grad_norm=5.658329963684082, loss=3.923800468444824
I0127 02:15:24.290839 140005833914112 logging_writer.py:48] [6400] global_step=6400, grad_norm=5.300354957580566, loss=3.9027528762817383
I0127 02:15:58.059151 140005842306816 logging_writer.py:48] [6500] global_step=6500, grad_norm=4.109261512756348, loss=3.944443702697754
I0127 02:16:31.789875 140005833914112 logging_writer.py:48] [6600] global_step=6600, grad_norm=5.530078887939453, loss=3.7791855335235596
I0127 02:17:05.546468 140005842306816 logging_writer.py:48] [6700] global_step=6700, grad_norm=5.290716648101807, loss=3.845628261566162
I0127 02:17:39.298060 140005833914112 logging_writer.py:48] [6800] global_step=6800, grad_norm=6.796193599700928, loss=3.7654876708984375
I0127 02:18:13.055632 140005842306816 logging_writer.py:48] [6900] global_step=6900, grad_norm=4.963301181793213, loss=3.765538454055786
I0127 02:18:46.820340 140005833914112 logging_writer.py:48] [7000] global_step=7000, grad_norm=4.933741569519043, loss=3.7876312732696533
I0127 02:19:20.549741 140005842306816 logging_writer.py:48] [7100] global_step=7100, grad_norm=5.758420467376709, loss=3.77095890045166
I0127 02:19:54.253287 140005833914112 logging_writer.py:48] [7200] global_step=7200, grad_norm=7.029714584350586, loss=3.7816073894500732
I0127 02:20:28.000076 140005842306816 logging_writer.py:48] [7300] global_step=7300, grad_norm=5.856439590454102, loss=3.6987359523773193
I0127 02:21:01.770415 140005833914112 logging_writer.py:48] [7400] global_step=7400, grad_norm=8.228339195251465, loss=3.7312536239624023
I0127 02:21:35.496591 140005842306816 logging_writer.py:48] [7500] global_step=7500, grad_norm=4.583555698394775, loss=3.694295644760132
I0127 02:21:55.504673 140169137129280 spec.py:321] Evaluating on the training split.
I0127 02:22:02.998760 140169137129280 spec.py:333] Evaluating on the validation split.
I0127 02:22:11.483162 140169137129280 spec.py:349] Evaluating on the test split.
I0127 02:22:13.808045 140169137129280 submission_runner.py:408] Time since start: 2749.28s, 	Step: 7561, 	{'train/accuracy': 0.44345900416374207, 'train/loss': 2.543766975402832, 'validation/accuracy': 0.4113999903202057, 'validation/loss': 2.7178561687469482, 'validation/num_examples': 50000, 'test/accuracy': 0.3183000087738037, 'test/loss': 3.374671220779419, 'test/num_examples': 10000, 'score': 2620.2774546146393, 'total_duration': 2749.279436826706, 'accumulated_submission_time': 2620.2774546146393, 'accumulated_eval_time': 128.61637711524963, 'accumulated_logging_time': 0.14015746116638184}
I0127 02:22:13.829492 140005380970240 logging_writer.py:48] [7561] accumulated_eval_time=128.616377, accumulated_logging_time=0.140157, accumulated_submission_time=2620.277455, global_step=7561, preemption_count=0, score=2620.277455, test/accuracy=0.318300, test/loss=3.374671, test/num_examples=10000, total_duration=2749.279437, train/accuracy=0.443459, train/loss=2.543767, validation/accuracy=0.411400, validation/loss=2.717856, validation/num_examples=50000
I0127 02:22:27.338771 140005389362944 logging_writer.py:48] [7600] global_step=7600, grad_norm=4.8575239181518555, loss=3.675046920776367
I0127 02:23:01.046505 140005380970240 logging_writer.py:48] [7700] global_step=7700, grad_norm=6.861529350280762, loss=3.6108627319335938
I0127 02:23:34.778776 140005389362944 logging_writer.py:48] [7800] global_step=7800, grad_norm=7.140058517456055, loss=3.5724024772644043
I0127 02:24:08.490289 140005380970240 logging_writer.py:48] [7900] global_step=7900, grad_norm=7.496475696563721, loss=3.6447296142578125
I0127 02:24:42.233835 140005389362944 logging_writer.py:48] [8000] global_step=8000, grad_norm=6.476444244384766, loss=3.570248603820801
I0127 02:25:15.989790 140005380970240 logging_writer.py:48] [8100] global_step=8100, grad_norm=4.517152786254883, loss=3.545178174972534
I0127 02:25:49.725654 140005389362944 logging_writer.py:48] [8200] global_step=8200, grad_norm=4.555913925170898, loss=3.5575294494628906
I0127 02:26:23.636359 140005380970240 logging_writer.py:48] [8300] global_step=8300, grad_norm=5.208028316497803, loss=3.535673141479492
I0127 02:26:57.389593 140005389362944 logging_writer.py:48] [8400] global_step=8400, grad_norm=4.553493976593018, loss=3.56573748588562
I0127 02:27:31.145152 140005380970240 logging_writer.py:48] [8500] global_step=8500, grad_norm=4.123766899108887, loss=3.476672887802124
I0127 02:28:04.878981 140005389362944 logging_writer.py:48] [8600] global_step=8600, grad_norm=3.7190420627593994, loss=3.5087924003601074
I0127 02:28:38.632486 140005380970240 logging_writer.py:48] [8700] global_step=8700, grad_norm=8.396598815917969, loss=3.4645519256591797
I0127 02:29:12.388670 140005389362944 logging_writer.py:48] [8800] global_step=8800, grad_norm=5.2227301597595215, loss=3.482044219970703
I0127 02:29:46.143700 140005380970240 logging_writer.py:48] [8900] global_step=8900, grad_norm=6.425182342529297, loss=3.460986852645874
I0127 02:30:19.874720 140005389362944 logging_writer.py:48] [9000] global_step=9000, grad_norm=7.482987403869629, loss=3.512913227081299
I0127 02:30:43.929945 140169137129280 spec.py:321] Evaluating on the training split.
I0127 02:30:51.344533 140169137129280 spec.py:333] Evaluating on the validation split.
I0127 02:31:00.122933 140169137129280 spec.py:349] Evaluating on the test split.
I0127 02:31:02.465611 140169137129280 submission_runner.py:408] Time since start: 3277.94s, 	Step: 9073, 	{'train/accuracy': 0.5113998651504517, 'train/loss': 2.2248189449310303, 'validation/accuracy': 0.4605399966239929, 'validation/loss': 2.471454620361328, 'validation/num_examples': 50000, 'test/accuracy': 0.35850000381469727, 'test/loss': 3.0965747833251953, 'test/num_examples': 10000, 'score': 3130.3148624897003, 'total_duration': 3277.937031984329, 'accumulated_submission_time': 3130.3148624897003, 'accumulated_eval_time': 147.15200424194336, 'accumulated_logging_time': 0.17615604400634766}
I0127 02:31:02.482313 140005842306816 logging_writer.py:48] [9073] accumulated_eval_time=147.152004, accumulated_logging_time=0.176156, accumulated_submission_time=3130.314862, global_step=9073, preemption_count=0, score=3130.314862, test/accuracy=0.358500, test/loss=3.096575, test/num_examples=10000, total_duration=3277.937032, train/accuracy=0.511400, train/loss=2.224819, validation/accuracy=0.460540, validation/loss=2.471455, validation/num_examples=50000
I0127 02:31:11.936137 140005850699520 logging_writer.py:48] [9100] global_step=9100, grad_norm=5.442668914794922, loss=3.330390214920044
I0127 02:31:45.635612 140005842306816 logging_writer.py:48] [9200] global_step=9200, grad_norm=6.70035457611084, loss=3.3748013973236084
I0127 02:32:19.342574 140005850699520 logging_writer.py:48] [9300] global_step=9300, grad_norm=5.0501227378845215, loss=3.465204954147339
I0127 02:32:53.133036 140005842306816 logging_writer.py:48] [9400] global_step=9400, grad_norm=7.131802082061768, loss=3.4227256774902344
I0127 02:33:26.865362 140005850699520 logging_writer.py:48] [9500] global_step=9500, grad_norm=5.388283729553223, loss=3.3223509788513184
I0127 02:34:00.617440 140005842306816 logging_writer.py:48] [9600] global_step=9600, grad_norm=6.927008152008057, loss=3.395998001098633
I0127 02:34:34.357909 140005850699520 logging_writer.py:48] [9700] global_step=9700, grad_norm=7.452096939086914, loss=3.4393973350524902
I0127 02:35:08.089794 140005842306816 logging_writer.py:48] [9800] global_step=9800, grad_norm=5.56898307800293, loss=3.335817337036133
I0127 02:35:41.803603 140005850699520 logging_writer.py:48] [9900] global_step=9900, grad_norm=5.522243022918701, loss=3.35628080368042
I0127 02:36:15.531108 140005842306816 logging_writer.py:48] [10000] global_step=10000, grad_norm=5.59677791595459, loss=3.360685110092163
I0127 02:36:49.258343 140005850699520 logging_writer.py:48] [10100] global_step=10100, grad_norm=4.557775974273682, loss=3.2858896255493164
I0127 02:37:22.941242 140005842306816 logging_writer.py:48] [10200] global_step=10200, grad_norm=3.6334292888641357, loss=3.414249897003174
I0127 02:37:56.683686 140005850699520 logging_writer.py:48] [10300] global_step=10300, grad_norm=5.526923179626465, loss=3.334156036376953
I0127 02:38:30.428534 140005842306816 logging_writer.py:48] [10400] global_step=10400, grad_norm=5.626438617706299, loss=3.3522520065307617
I0127 02:39:04.129764 140005850699520 logging_writer.py:48] [10500] global_step=10500, grad_norm=4.316931247711182, loss=3.2968010902404785
I0127 02:39:32.549030 140169137129280 spec.py:321] Evaluating on the training split.
I0127 02:39:40.137264 140169137129280 spec.py:333] Evaluating on the validation split.
I0127 02:39:49.132385 140169137129280 spec.py:349] Evaluating on the test split.
I0127 02:39:51.396684 140169137129280 submission_runner.py:408] Time since start: 3806.87s, 	Step: 10586, 	{'train/accuracy': 0.5440847873687744, 'train/loss': 2.0609612464904785, 'validation/accuracy': 0.49281999468803406, 'validation/loss': 2.328207492828369, 'validation/num_examples': 50000, 'test/accuracy': 0.3758000135421753, 'test/loss': 3.0121326446533203, 'test/num_examples': 10000, 'score': 3640.3234446048737, 'total_duration': 3806.8680925369263, 'accumulated_submission_time': 3640.3234446048737, 'accumulated_eval_time': 165.99961352348328, 'accumulated_logging_time': 0.20357942581176758}
I0127 02:39:51.424166 140005817128704 logging_writer.py:48] [10586] accumulated_eval_time=165.999614, accumulated_logging_time=0.203579, accumulated_submission_time=3640.323445, global_step=10586, preemption_count=0, score=3640.323445, test/accuracy=0.375800, test/loss=3.012133, test/num_examples=10000, total_duration=3806.868093, train/accuracy=0.544085, train/loss=2.060961, validation/accuracy=0.492820, validation/loss=2.328207, validation/num_examples=50000
I0127 02:39:56.481089 140005825521408 logging_writer.py:48] [10600] global_step=10600, grad_norm=7.150444030761719, loss=3.2222681045532227
I0127 02:40:30.141383 140005817128704 logging_writer.py:48] [10700] global_step=10700, grad_norm=5.3143815994262695, loss=3.267199993133545
I0127 02:41:03.832738 140005825521408 logging_writer.py:48] [10800] global_step=10800, grad_norm=6.4480299949646, loss=3.3309545516967773
I0127 02:41:37.497952 140005817128704 logging_writer.py:48] [10900] global_step=10900, grad_norm=6.594354152679443, loss=3.2648813724517822
I0127 02:42:11.202937 140005825521408 logging_writer.py:48] [11000] global_step=11000, grad_norm=4.791562080383301, loss=3.193612813949585
I0127 02:42:44.910320 140005817128704 logging_writer.py:48] [11100] global_step=11100, grad_norm=5.017348766326904, loss=3.25112247467041
I0127 02:43:18.630648 140005825521408 logging_writer.py:48] [11200] global_step=11200, grad_norm=4.166161060333252, loss=3.144587755203247
I0127 02:43:52.336137 140005817128704 logging_writer.py:48] [11300] global_step=11300, grad_norm=3.5438168048858643, loss=3.215996265411377
I0127 02:44:26.031276 140005825521408 logging_writer.py:48] [11400] global_step=11400, grad_norm=4.532037734985352, loss=3.2705821990966797
I0127 02:44:59.765622 140005817128704 logging_writer.py:48] [11500] global_step=11500, grad_norm=8.766890525817871, loss=3.2284417152404785
I0127 02:45:33.442352 140005825521408 logging_writer.py:48] [11600] global_step=11600, grad_norm=3.1683223247528076, loss=3.3576064109802246
I0127 02:46:07.131793 140005817128704 logging_writer.py:48] [11700] global_step=11700, grad_norm=5.3057451248168945, loss=3.197270631790161
I0127 02:46:40.808784 140005825521408 logging_writer.py:48] [11800] global_step=11800, grad_norm=5.436513900756836, loss=3.151087760925293
I0127 02:47:14.519300 140005817128704 logging_writer.py:48] [11900] global_step=11900, grad_norm=5.897553443908691, loss=3.2156295776367188
I0127 02:47:48.212563 140005825521408 logging_writer.py:48] [12000] global_step=12000, grad_norm=4.6742262840271, loss=3.0982253551483154
I0127 02:48:21.913228 140005817128704 logging_writer.py:48] [12100] global_step=12100, grad_norm=5.440184593200684, loss=3.07116436958313
I0127 02:48:21.919449 140169137129280 spec.py:321] Evaluating on the training split.
I0127 02:48:29.405825 140169137129280 spec.py:333] Evaluating on the validation split.
I0127 02:48:40.389796 140169137129280 spec.py:349] Evaluating on the test split.
I0127 02:48:42.658666 140169137129280 submission_runner.py:408] Time since start: 4338.13s, 	Step: 12101, 	{'train/accuracy': 0.5639150142669678, 'train/loss': 1.9292712211608887, 'validation/accuracy': 0.521619975566864, 'validation/loss': 2.1376399993896484, 'validation/num_examples': 50000, 'test/accuracy': 0.41050001978874207, 'test/loss': 2.809180498123169, 'test/num_examples': 10000, 'score': 4150.755066394806, 'total_duration': 4338.130095720291, 'accumulated_submission_time': 4150.755066394806, 'accumulated_eval_time': 186.73877835273743, 'accumulated_logging_time': 0.2456672191619873}
I0127 02:48:42.676212 140005322254080 logging_writer.py:48] [12101] accumulated_eval_time=186.738778, accumulated_logging_time=0.245667, accumulated_submission_time=4150.755066, global_step=12101, preemption_count=0, score=4150.755066, test/accuracy=0.410500, test/loss=2.809180, test/num_examples=10000, total_duration=4338.130096, train/accuracy=0.563915, train/loss=1.929271, validation/accuracy=0.521620, validation/loss=2.137640, validation/num_examples=50000
I0127 02:49:16.327083 140005330646784 logging_writer.py:48] [12200] global_step=12200, grad_norm=5.535552978515625, loss=3.0356364250183105
I0127 02:49:49.971409 140005322254080 logging_writer.py:48] [12300] global_step=12300, grad_norm=5.64260721206665, loss=3.0231316089630127
I0127 02:50:23.638592 140005330646784 logging_writer.py:48] [12400] global_step=12400, grad_norm=7.075564384460449, loss=3.1943416595458984
I0127 02:50:57.345189 140005322254080 logging_writer.py:48] [12500] global_step=12500, grad_norm=3.794612169265747, loss=3.142279863357544
I0127 02:51:31.015705 140005330646784 logging_writer.py:48] [12600] global_step=12600, grad_norm=4.629423141479492, loss=3.1680657863616943
I0127 02:52:04.721003 140005322254080 logging_writer.py:48] [12700] global_step=12700, grad_norm=6.51055908203125, loss=3.104130744934082
I0127 02:52:38.399289 140005330646784 logging_writer.py:48] [12800] global_step=12800, grad_norm=4.21491003036499, loss=3.120114326477051
I0127 02:53:12.119612 140005322254080 logging_writer.py:48] [12900] global_step=12900, grad_norm=6.27653694152832, loss=3.149958372116089
I0127 02:53:45.791771 140005330646784 logging_writer.py:48] [13000] global_step=13000, grad_norm=5.120803356170654, loss=3.210106134414673
I0127 02:54:19.459079 140005322254080 logging_writer.py:48] [13100] global_step=13100, grad_norm=4.40364408493042, loss=3.169980764389038
I0127 02:54:53.147970 140005330646784 logging_writer.py:48] [13200] global_step=13200, grad_norm=4.465131759643555, loss=3.016728162765503
I0127 02:55:26.846348 140005322254080 logging_writer.py:48] [13300] global_step=13300, grad_norm=4.840334892272949, loss=3.076244354248047
I0127 02:56:00.534836 140005330646784 logging_writer.py:48] [13400] global_step=13400, grad_norm=4.863167762756348, loss=3.143932580947876
I0127 02:56:34.232922 140005322254080 logging_writer.py:48] [13500] global_step=13500, grad_norm=6.1010661125183105, loss=3.008026599884033
I0127 02:57:07.902767 140005330646784 logging_writer.py:48] [13600] global_step=13600, grad_norm=9.281346321105957, loss=3.06264328956604
I0127 02:57:12.711958 140169137129280 spec.py:321] Evaluating on the training split.
I0127 02:57:21.013602 140169137129280 spec.py:333] Evaluating on the validation split.
I0127 02:57:29.974525 140169137129280 spec.py:349] Evaluating on the test split.
I0127 02:57:32.238809 140169137129280 submission_runner.py:408] Time since start: 4867.71s, 	Step: 13616, 	{'train/accuracy': 0.5889668464660645, 'train/loss': 1.8186978101730347, 'validation/accuracy': 0.5448799729347229, 'validation/loss': 2.03045392036438, 'validation/num_examples': 50000, 'test/accuracy': 0.41930001974105835, 'test/loss': 2.7065205574035645, 'test/num_examples': 10000, 'score': 4660.733189105988, 'total_duration': 4867.710218667984, 'accumulated_submission_time': 4660.733189105988, 'accumulated_eval_time': 206.2655758857727, 'accumulated_logging_time': 0.27249741554260254}
I0127 02:57:32.271191 140005322254080 logging_writer.py:48] [13616] accumulated_eval_time=206.265576, accumulated_logging_time=0.272497, accumulated_submission_time=4660.733189, global_step=13616, preemption_count=0, score=4660.733189, test/accuracy=0.419300, test/loss=2.706521, test/num_examples=10000, total_duration=4867.710219, train/accuracy=0.588967, train/loss=1.818698, validation/accuracy=0.544880, validation/loss=2.030454, validation/num_examples=50000
I0127 02:58:00.824344 140005330646784 logging_writer.py:48] [13700] global_step=13700, grad_norm=5.675462245941162, loss=3.106860637664795
I0127 02:58:34.469829 140005322254080 logging_writer.py:48] [13800] global_step=13800, grad_norm=4.759748935699463, loss=3.011012315750122
I0127 02:59:08.159741 140005330646784 logging_writer.py:48] [13900] global_step=13900, grad_norm=6.905990123748779, loss=3.136641263961792
I0127 02:59:41.795999 140005322254080 logging_writer.py:48] [14000] global_step=14000, grad_norm=7.304080009460449, loss=3.1802940368652344
I0127 03:00:15.471287 140005330646784 logging_writer.py:48] [14100] global_step=14100, grad_norm=6.185815334320068, loss=3.211732864379883
I0127 03:00:49.131667 140005322254080 logging_writer.py:48] [14200] global_step=14200, grad_norm=7.296192169189453, loss=3.1931800842285156
I0127 03:01:22.811172 140005330646784 logging_writer.py:48] [14300] global_step=14300, grad_norm=6.017561435699463, loss=3.110515832901001
I0127 03:01:56.479468 140005322254080 logging_writer.py:48] [14400] global_step=14400, grad_norm=4.545891761779785, loss=2.9797921180725098
I0127 03:02:30.155673 140005330646784 logging_writer.py:48] [14500] global_step=14500, grad_norm=3.285814046859741, loss=3.01381516456604
I0127 03:03:03.837196 140005322254080 logging_writer.py:48] [14600] global_step=14600, grad_norm=5.293021202087402, loss=3.1265549659729004
I0127 03:03:37.520502 140005330646784 logging_writer.py:48] [14700] global_step=14700, grad_norm=5.064038276672363, loss=3.1914217472076416
I0127 03:04:11.187403 140005322254080 logging_writer.py:48] [14800] global_step=14800, grad_norm=5.026854991912842, loss=2.989421844482422
I0127 03:04:44.857572 140005330646784 logging_writer.py:48] [14900] global_step=14900, grad_norm=5.303098201751709, loss=2.9950265884399414
I0127 03:05:18.503052 140005322254080 logging_writer.py:48] [15000] global_step=15000, grad_norm=4.939918518066406, loss=3.022498369216919
I0127 03:05:52.154041 140005330646784 logging_writer.py:48] [15100] global_step=15100, grad_norm=8.017793655395508, loss=3.1622064113616943
I0127 03:06:02.349921 140169137129280 spec.py:321] Evaluating on the training split.
I0127 03:06:10.129684 140169137129280 spec.py:333] Evaluating on the validation split.
I0127 03:06:21.991482 140169137129280 spec.py:349] Evaluating on the test split.
I0127 03:06:24.247408 140169137129280 submission_runner.py:408] Time since start: 5399.72s, 	Step: 15132, 	{'train/accuracy': 0.5876913070678711, 'train/loss': 1.8149843215942383, 'validation/accuracy': 0.5457000136375427, 'validation/loss': 2.0031583309173584, 'validation/num_examples': 50000, 'test/accuracy': 0.4246000349521637, 'test/loss': 2.713749647140503, 'test/num_examples': 10000, 'score': 5170.75431728363, 'total_duration': 5399.7187423706055, 'accumulated_submission_time': 5170.75431728363, 'accumulated_eval_time': 228.16293787956238, 'accumulated_logging_time': 0.3139839172363281}
I0127 03:06:24.270569 140005817128704 logging_writer.py:48] [15132] accumulated_eval_time=228.162938, accumulated_logging_time=0.313984, accumulated_submission_time=5170.754317, global_step=15132, preemption_count=0, score=5170.754317, test/accuracy=0.424600, test/loss=2.713750, test/num_examples=10000, total_duration=5399.718742, train/accuracy=0.587691, train/loss=1.814984, validation/accuracy=0.545700, validation/loss=2.003158, validation/num_examples=50000
I0127 03:06:47.452148 140005833914112 logging_writer.py:48] [15200] global_step=15200, grad_norm=5.229207992553711, loss=3.052354335784912
I0127 03:07:21.081971 140005817128704 logging_writer.py:48] [15300] global_step=15300, grad_norm=3.653693675994873, loss=3.0645477771759033
I0127 03:07:54.745721 140005833914112 logging_writer.py:48] [15400] global_step=15400, grad_norm=4.934172630310059, loss=3.001631259918213
I0127 03:08:28.376102 140005817128704 logging_writer.py:48] [15500] global_step=15500, grad_norm=4.013448238372803, loss=3.0839016437530518
I0127 03:09:02.079535 140005833914112 logging_writer.py:48] [15600] global_step=15600, grad_norm=4.139910697937012, loss=3.1005938053131104
I0127 03:09:35.730910 140005817128704 logging_writer.py:48] [15700] global_step=15700, grad_norm=5.123535633087158, loss=2.941267251968384
I0127 03:10:09.347438 140005833914112 logging_writer.py:48] [15800] global_step=15800, grad_norm=4.751747131347656, loss=3.0372393131256104
I0127 03:10:43.018060 140005817128704 logging_writer.py:48] [15900] global_step=15900, grad_norm=4.210514068603516, loss=3.0393247604370117
I0127 03:11:16.712034 140005833914112 logging_writer.py:48] [16000] global_step=16000, grad_norm=4.429537296295166, loss=3.038681745529175
I0127 03:11:50.376554 140005817128704 logging_writer.py:48] [16100] global_step=16100, grad_norm=4.268867492675781, loss=3.0357422828674316
I0127 03:12:24.070250 140005833914112 logging_writer.py:48] [16200] global_step=16200, grad_norm=7.7006731033325195, loss=3.1786000728607178
I0127 03:12:57.712281 140005817128704 logging_writer.py:48] [16300] global_step=16300, grad_norm=5.896332740783691, loss=3.0563716888427734
I0127 03:13:31.414837 140005833914112 logging_writer.py:48] [16400] global_step=16400, grad_norm=3.82232403755188, loss=3.019712448120117
I0127 03:14:05.028707 140005817128704 logging_writer.py:48] [16500] global_step=16500, grad_norm=4.544411659240723, loss=3.024933338165283
I0127 03:14:38.723104 140005833914112 logging_writer.py:48] [16600] global_step=16600, grad_norm=5.865044593811035, loss=2.936375141143799
I0127 03:14:54.307136 140169137129280 spec.py:321] Evaluating on the training split.
I0127 03:15:02.562801 140169137129280 spec.py:333] Evaluating on the validation split.
I0127 03:15:13.426714 140169137129280 spec.py:349] Evaluating on the test split.
I0127 03:15:16.051656 140169137129280 submission_runner.py:408] Time since start: 5931.52s, 	Step: 16648, 	{'train/accuracy': 0.5989118218421936, 'train/loss': 1.7425923347473145, 'validation/accuracy': 0.5619199872016907, 'validation/loss': 1.9272526502609253, 'validation/num_examples': 50000, 'test/accuracy': 0.44030001759529114, 'test/loss': 2.5987136363983154, 'test/num_examples': 10000, 'score': 5680.732532739639, 'total_duration': 5931.523034095764, 'accumulated_submission_time': 5680.732532739639, 'accumulated_eval_time': 249.90737676620483, 'accumulated_logging_time': 0.3474881649017334}
I0127 03:15:16.089183 140005330646784 logging_writer.py:48] [16648] accumulated_eval_time=249.907377, accumulated_logging_time=0.347488, accumulated_submission_time=5680.732533, global_step=16648, preemption_count=0, score=5680.732533, test/accuracy=0.440300, test/loss=2.598714, test/num_examples=10000, total_duration=5931.523034, train/accuracy=0.598912, train/loss=1.742592, validation/accuracy=0.561920, validation/loss=1.927253, validation/num_examples=50000
I0127 03:15:33.915006 140005817128704 logging_writer.py:48] [16700] global_step=16700, grad_norm=4.1770405769348145, loss=3.0415003299713135
I0127 03:16:07.459505 140005330646784 logging_writer.py:48] [16800] global_step=16800, grad_norm=4.203094482421875, loss=3.0214290618896484
I0127 03:16:41.046252 140005817128704 logging_writer.py:48] [16900] global_step=16900, grad_norm=4.596819877624512, loss=2.9474174976348877
I0127 03:17:14.682316 140005330646784 logging_writer.py:48] [17000] global_step=17000, grad_norm=3.3692145347595215, loss=3.0884299278259277
I0127 03:17:48.361642 140005817128704 logging_writer.py:48] [17100] global_step=17100, grad_norm=4.419428825378418, loss=2.969273805618286
I0127 03:18:21.987925 140005330646784 logging_writer.py:48] [17200] global_step=17200, grad_norm=4.422788143157959, loss=3.022703170776367
I0127 03:18:55.744482 140005817128704 logging_writer.py:48] [17300] global_step=17300, grad_norm=3.2975566387176514, loss=2.958197832107544
I0127 03:19:29.349911 140005330646784 logging_writer.py:48] [17400] global_step=17400, grad_norm=4.512965679168701, loss=3.035160541534424
I0127 03:20:03.061121 140005817128704 logging_writer.py:48] [17500] global_step=17500, grad_norm=4.2522149085998535, loss=2.9794015884399414
I0127 03:20:36.687076 140005330646784 logging_writer.py:48] [17600] global_step=17600, grad_norm=4.2010111808776855, loss=3.014404296875
I0127 03:21:10.484834 140005817128704 logging_writer.py:48] [17700] global_step=17700, grad_norm=4.054560661315918, loss=3.0217649936676025
I0127 03:21:44.108507 140005330646784 logging_writer.py:48] [17800] global_step=17800, grad_norm=3.2706751823425293, loss=3.048366069793701
I0127 03:22:17.722551 140005817128704 logging_writer.py:48] [17900] global_step=17900, grad_norm=5.29909610748291, loss=3.0035603046417236
I0127 03:22:51.339622 140005330646784 logging_writer.py:48] [18000] global_step=18000, grad_norm=4.330460071563721, loss=2.973505735397339
I0127 03:23:24.995559 140005817128704 logging_writer.py:48] [18100] global_step=18100, grad_norm=3.5759928226470947, loss=2.9204657077789307
I0127 03:23:46.316683 140169137129280 spec.py:321] Evaluating on the training split.
I0127 03:23:54.207611 140169137129280 spec.py:333] Evaluating on the validation split.
I0127 03:24:08.389786 140169137129280 spec.py:349] Evaluating on the test split.
I0127 03:24:10.584371 140169137129280 submission_runner.py:408] Time since start: 6466.06s, 	Step: 18165, 	{'train/accuracy': 0.6433154940605164, 'train/loss': 1.562894344329834, 'validation/accuracy': 0.5627399682998657, 'validation/loss': 1.9308120012283325, 'validation/num_examples': 50000, 'test/accuracy': 0.4456000328063965, 'test/loss': 2.6102218627929688, 'test/num_examples': 10000, 'score': 6190.90416431427, 'total_duration': 6466.05579328537, 'accumulated_submission_time': 6190.90416431427, 'accumulated_eval_time': 274.1750280857086, 'accumulated_logging_time': 0.39433765411376953}
I0127 03:24:10.601286 140005850699520 logging_writer.py:48] [18165] accumulated_eval_time=274.175028, accumulated_logging_time=0.394338, accumulated_submission_time=6190.904164, global_step=18165, preemption_count=0, score=6190.904164, test/accuracy=0.445600, test/loss=2.610222, test/num_examples=10000, total_duration=6466.055793, train/accuracy=0.643315, train/loss=1.562894, validation/accuracy=0.562740, validation/loss=1.930812, validation/num_examples=50000
I0127 03:24:22.691225 140005859092224 logging_writer.py:48] [18200] global_step=18200, grad_norm=4.697023868560791, loss=3.046835422515869
I0127 03:24:56.298886 140005850699520 logging_writer.py:48] [18300] global_step=18300, grad_norm=5.190150737762451, loss=2.943434000015259
I0127 03:25:29.932946 140005859092224 logging_writer.py:48] [18400] global_step=18400, grad_norm=4.342159271240234, loss=2.862069606781006
I0127 03:26:03.621669 140005850699520 logging_writer.py:48] [18500] global_step=18500, grad_norm=4.443902969360352, loss=3.0099854469299316
I0127 03:26:37.280653 140005859092224 logging_writer.py:48] [18600] global_step=18600, grad_norm=5.792394161224365, loss=3.052976608276367
I0127 03:27:10.935108 140005850699520 logging_writer.py:48] [18700] global_step=18700, grad_norm=3.0746009349823, loss=2.936655044555664
I0127 03:27:44.622932 140005859092224 logging_writer.py:48] [18800] global_step=18800, grad_norm=2.9545645713806152, loss=3.0412638187408447
I0127 03:28:18.272573 140005850699520 logging_writer.py:48] [18900] global_step=18900, grad_norm=5.332441329956055, loss=2.973301887512207
I0127 03:28:51.951852 140005859092224 logging_writer.py:48] [19000] global_step=19000, grad_norm=4.545516490936279, loss=2.8937392234802246
I0127 03:29:25.634294 140005850699520 logging_writer.py:48] [19100] global_step=19100, grad_norm=2.949542760848999, loss=2.9096102714538574
I0127 03:29:59.231236 140005859092224 logging_writer.py:48] [19200] global_step=19200, grad_norm=5.942277908325195, loss=2.9758450984954834
I0127 03:30:32.880744 140005850699520 logging_writer.py:48] [19300] global_step=19300, grad_norm=3.551961898803711, loss=3.0455102920532227
I0127 03:31:06.560182 140005859092224 logging_writer.py:48] [19400] global_step=19400, grad_norm=3.041520118713379, loss=2.919851779937744
