python3 submission_runner.py --framework=jax --workload=librispeech_conformer_layernorm --submission_path=reference_algorithms/target_setting_algorithms/jax_nadamw.py --data_dir=/data/librispeech --num_tuning_trials=1 --experiment_dir=/experiment_runs --experiment_name=variants_target_setting/study_0 --overwrite=true --save_checkpoints=false --rng_seed=2060265407 --max_global_steps=80000 --librispeech_tokenizer_vocab_path=/data/librispeech/spm_model.vocab --tuning_ruleset=external --tuning_search_space=reference_algorithms/target_setting_algorithms/librispeech_conformer_layernorm/tuning_search_space.json --num_tuning_trials=1 2>&1 | tee -a /logs/librispeech_conformer_layernorm_jax_03-06-2024-00-11-59.log
I0306 00:12:22.320387 140368653526848 logger_utils.py:76] Creating experiment directory at /experiment_runs/variants_target_setting/study_0/librispeech_conformer_layernorm_jax.
I0306 00:12:23.446742 140368653526848 xla_bridge.py:455] Unable to initialize backend 'rocm': NOT_FOUND: Could not find registered platform with name: "rocm". Available platform names are: Interpreter Host CUDA
I0306 00:12:23.448381 140368653526848 xla_bridge.py:455] Unable to initialize backend 'tpu': module 'jaxlib.xla_extension' has no attribute 'get_tpu_client'
I0306 00:12:23.448599 140368653526848 xla_bridge.py:455] Unable to initialize backend 'plugin': xla_extension has no attributes named get_plugin_device_client. Compile TensorFlow with //tensorflow/compiler/xla/python:enable_plugin_device set to true (defaults to false) to enable this.
I0306 00:12:23.456427 140368653526848 submission_runner.py:547] Using RNG seed 2060265407
I0306 00:12:24.696138 140368653526848 submission_runner.py:556] --- Tuning run 1/1 ---
I0306 00:12:24.696380 140368653526848 submission_runner.py:561] Creating tuning directory at /experiment_runs/variants_target_setting/study_0/librispeech_conformer_layernorm_jax/trial_1.
I0306 00:12:24.696585 140368653526848 logger_utils.py:92] Saving hparams to /experiment_runs/variants_target_setting/study_0/librispeech_conformer_layernorm_jax/trial_1/hparams.json.
I0306 00:12:24.881583 140368653526848 submission_runner.py:206] Initializing dataset.
I0306 00:12:24.881823 140368653526848 submission_runner.py:213] Initializing model.
I0306 00:12:29.844942 140368653526848 submission_runner.py:255] Initializing optimizer.
I0306 00:12:31.111761 140368653526848 submission_runner.py:262] Initializing metrics bundle.
I0306 00:12:31.112006 140368653526848 submission_runner.py:280] Initializing checkpoint and logger.
I0306 00:12:31.113520 140368653526848 checkpoints.py:915] Found no checkpoint files in /experiment_runs/variants_target_setting/study_0/librispeech_conformer_layernorm_jax/trial_1 with prefix checkpoint_
I0306 00:12:31.113686 140368653526848 submission_runner.py:300] Saving meta data to /experiment_runs/variants_target_setting/study_0/librispeech_conformer_layernorm_jax/trial_1/meta_data_0.json.
I0306 00:12:31.113904 140368653526848 logger_utils.py:257] Unable to record workload.train_mean information. Continuing without it.
I0306 00:12:31.113975 140368653526848 logger_utils.py:257] Unable to record workload.train_stddev information. Continuing without it.
fatal: detected dubious ownership in repository at '/algorithmic-efficiency'
To add an exception for this directory, call:

	git config --global --add safe.directory /algorithmic-efficiency
I0306 00:12:31.406385 140368653526848 logger_utils.py:220] Unable to record git information. Continuing without it.
I0306 00:12:31.676843 140368653526848 submission_runner.py:304] Saving flags to /experiment_runs/variants_target_setting/study_0/librispeech_conformer_layernorm_jax/trial_1/flags_0.json.
I0306 00:12:31.694057 140368653526848 submission_runner.py:314] Starting training loop.
I0306 00:12:31.997039 140368653526848 input_pipeline.py:20] Loading split = train-clean-100
I0306 00:12:32.044994 140368653526848 input_pipeline.py:20] Loading split = train-clean-360
I0306 00:12:32.532274 140368653526848 input_pipeline.py:20] Loading split = train-other-500
/usr/local/lib/python3.8/dist-packages/jax/_src/interpreters/mlir.py:582: UserWarning: Some donated buffers were not usable: ShapedArray(float32[512]), ShapedArray(float32[512]), ShapedArray(float32[512]), ShapedArray(float32[512]), ShapedArray(float32[512]), ShapedArray(float32[512]), ShapedArray(float32[512]), ShapedArray(float32[512]).
See an explanation at https://jax.readthedocs.io/en/latest/faq.html#buffer-donation.
  warnings.warn(f"Some donated buffers were not usable: {', '.join(unused_donations)}.\n{msg}")
I0306 00:13:31.096031 140195433273088 logging_writer.py:48] [0] global_step=0, grad_norm=29.797077178955078, loss=32.84510040283203
I0306 00:13:31.132822 140368653526848 spec.py:321] Evaluating on the training split.
I0306 00:13:31.296355 140368653526848 input_pipeline.py:20] Loading split = train-clean-100
I0306 00:13:31.331224 140368653526848 input_pipeline.py:20] Loading split = train-clean-360
I0306 00:13:31.718334 140368653526848 input_pipeline.py:20] Loading split = train-other-500
/usr/local/lib/python3.8/dist-packages/jax/_src/ops/scatter.py:92: FutureWarning: scatter inputs have incompatible types: cannot safely cast value from dtype=float32 to dtype=int32. In future JAX releases this will result in an error.
  warnings.warn("scatter inputs have incompatible types: cannot safely cast "
I0306 00:14:47.034567 140368653526848 spec.py:333] Evaluating on the validation split.
I0306 00:14:47.148546 140368653526848 input_pipeline.py:20] Loading split = dev-clean
I0306 00:14:47.154786 140368653526848 input_pipeline.py:20] Loading split = dev-other
I0306 00:15:50.930471 140368653526848 spec.py:349] Evaluating on the test split.
I0306 00:15:51.047956 140368653526848 input_pipeline.py:20] Loading split = test-clean
I0306 00:16:27.979370 140368653526848 submission_runner.py:413] Time since start: 236.28s, 	Step: 1, 	{'train/ctc_loss': Array(32.04605, dtype=float32), 'train/wer': 1.335516315099015, 'validation/ctc_loss': Array(31.162418, dtype=float32), 'validation/wer': 1.3074331173909266, 'validation/num_examples': 5348, 'test/ctc_loss': Array(31.273266, dtype=float32), 'test/wer': 1.3451343610992628, 'test/num_examples': 2472, 'score': 59.43868660926819, 'total_duration': 236.28323650360107, 'accumulated_submission_time': 59.43868660926819, 'accumulated_eval_time': 176.84447622299194, 'accumulated_logging_time': 0}
I0306 00:16:28.006805 140185937368832 logging_writer.py:48] [1] accumulated_eval_time=176.844476, accumulated_logging_time=0, accumulated_submission_time=59.438687, global_step=1, preemption_count=0, score=59.438687, test/ctc_loss=31.273265838623047, test/num_examples=2472, test/wer=1.345134, total_duration=236.283237, train/ctc_loss=32.046051025390625, train/wer=1.335516, validation/ctc_loss=31.162418365478516, validation/num_examples=5348, validation/wer=1.307433
I0306 00:16:51.272937 140197624751872 logging_writer.py:48] [1] global_step=1, grad_norm=27.739713668823242, loss=32.91159439086914
I0306 00:16:52.167100 140197633144576 logging_writer.py:48] [2] global_step=2, grad_norm=28.951396942138672, loss=32.39813995361328
I0306 00:16:52.996592 140197624751872 logging_writer.py:48] [3] global_step=3, grad_norm=29.710731506347656, loss=32.59090805053711
I0306 00:16:53.891560 140197633144576 logging_writer.py:48] [4] global_step=4, grad_norm=28.974218368530273, loss=32.67429733276367
I0306 00:16:54.803930 140197624751872 logging_writer.py:48] [5] global_step=5, grad_norm=29.220212936401367, loss=33.42625427246094
I0306 00:16:55.704063 140197633144576 logging_writer.py:48] [6] global_step=6, grad_norm=31.069679260253906, loss=32.883033752441406
I0306 00:16:56.595892 140197624751872 logging_writer.py:48] [7] global_step=7, grad_norm=31.498449325561523, loss=32.19734191894531
I0306 00:16:57.518594 140197633144576 logging_writer.py:48] [8] global_step=8, grad_norm=34.64455032348633, loss=32.53892135620117
I0306 00:16:58.428655 140197624751872 logging_writer.py:48] [9] global_step=9, grad_norm=37.075565338134766, loss=32.37123107910156
I0306 00:16:59.336295 140197633144576 logging_writer.py:48] [10] global_step=10, grad_norm=40.42967224121094, loss=31.989521026611328
I0306 00:17:00.236578 140197624751872 logging_writer.py:48] [11] global_step=11, grad_norm=45.0001335144043, loss=32.02588653564453
I0306 00:17:01.145578 140197633144576 logging_writer.py:48] [12] global_step=12, grad_norm=39.17539596557617, loss=31.743499755859375
I0306 00:17:02.056595 140197624751872 logging_writer.py:48] [13] global_step=13, grad_norm=45.843509674072266, loss=31.875404357910156
I0306 00:17:02.952520 140197633144576 logging_writer.py:48] [14] global_step=14, grad_norm=50.070796966552734, loss=31.99599838256836
I0306 00:17:03.849381 140197624751872 logging_writer.py:48] [15] global_step=15, grad_norm=60.45774459838867, loss=32.48859405517578
I0306 00:17:04.749461 140197633144576 logging_writer.py:48] [16] global_step=16, grad_norm=54.64936065673828, loss=31.8890380859375
I0306 00:17:05.651998 140197624751872 logging_writer.py:48] [17] global_step=17, grad_norm=65.11579895019531, loss=31.553665161132812
I0306 00:17:06.554178 140197633144576 logging_writer.py:48] [18] global_step=18, grad_norm=63.203372955322266, loss=30.748620986938477
I0306 00:17:07.456365 140197624751872 logging_writer.py:48] [19] global_step=19, grad_norm=64.7912826538086, loss=30.510576248168945
I0306 00:17:08.402188 140197633144576 logging_writer.py:48] [20] global_step=20, grad_norm=63.494075775146484, loss=30.76947593688965
I0306 00:17:09.305317 140197624751872 logging_writer.py:48] [21] global_step=21, grad_norm=67.29352569580078, loss=29.996870040893555
I0306 00:17:10.198924 140197633144576 logging_writer.py:48] [22] global_step=22, grad_norm=71.38676452636719, loss=29.2812442779541
I0306 00:17:11.103295 140197624751872 logging_writer.py:48] [23] global_step=23, grad_norm=69.34581756591797, loss=29.643579483032227
I0306 00:17:12.014459 140197633144576 logging_writer.py:48] [24] global_step=24, grad_norm=60.97818374633789, loss=29.010848999023438
I0306 00:17:12.922336 140197624751872 logging_writer.py:48] [25] global_step=25, grad_norm=64.403564453125, loss=28.92452049255371
I0306 00:17:13.818460 140197633144576 logging_writer.py:48] [26] global_step=26, grad_norm=66.07318878173828, loss=27.49187469482422
I0306 00:17:14.722343 140197624751872 logging_writer.py:48] [27] global_step=27, grad_norm=69.107177734375, loss=27.214357376098633
I0306 00:17:15.646569 140197633144576 logging_writer.py:48] [28] global_step=28, grad_norm=73.78704833984375, loss=26.414676666259766
I0306 00:17:16.558321 140197624751872 logging_writer.py:48] [29] global_step=29, grad_norm=67.85669708251953, loss=26.885574340820312
I0306 00:17:17.462787 140197633144576 logging_writer.py:48] [30] global_step=30, grad_norm=58.79157638549805, loss=26.845420837402344
I0306 00:17:18.385862 140197624751872 logging_writer.py:48] [31] global_step=31, grad_norm=56.68141174316406, loss=25.696290969848633
I0306 00:17:19.297586 140197633144576 logging_writer.py:48] [32] global_step=32, grad_norm=56.13970184326172, loss=25.510499954223633
I0306 00:17:20.213601 140197624751872 logging_writer.py:48] [33] global_step=33, grad_norm=52.642005920410156, loss=25.035259246826172
I0306 00:17:21.116939 140197633144576 logging_writer.py:48] [34] global_step=34, grad_norm=45.47507095336914, loss=25.519845962524414
I0306 00:17:22.016608 140197624751872 logging_writer.py:48] [35] global_step=35, grad_norm=46.17290496826172, loss=24.54812240600586
I0306 00:17:22.923673 140197633144576 logging_writer.py:48] [36] global_step=36, grad_norm=41.00753402709961, loss=24.351886749267578
I0306 00:17:23.849598 140197624751872 logging_writer.py:48] [37] global_step=37, grad_norm=40.93434143066406, loss=23.79977798461914
I0306 00:17:24.752771 140197633144576 logging_writer.py:48] [38] global_step=38, grad_norm=32.73464584350586, loss=24.226940155029297
I0306 00:17:25.646905 140197624751872 logging_writer.py:48] [39] global_step=39, grad_norm=34.35213851928711, loss=23.113561630249023
I0306 00:17:26.553751 140197633144576 logging_writer.py:48] [40] global_step=40, grad_norm=32.24427795410156, loss=22.008007049560547
I0306 00:17:27.454419 140197624751872 logging_writer.py:48] [41] global_step=41, grad_norm=26.515609741210938, loss=23.139379501342773
I0306 00:17:28.367676 140197633144576 logging_writer.py:48] [42] global_step=42, grad_norm=28.822338104248047, loss=23.203083038330078
I0306 00:17:29.307811 140197624751872 logging_writer.py:48] [43] global_step=43, grad_norm=26.100526809692383, loss=21.85009002685547
I0306 00:17:30.224906 140197633144576 logging_writer.py:48] [44] global_step=44, grad_norm=29.899085998535156, loss=22.329160690307617
I0306 00:17:31.152489 140197624751872 logging_writer.py:48] [45] global_step=45, grad_norm=30.522024154663086, loss=21.617313385009766
I0306 00:17:32.070781 140197633144576 logging_writer.py:48] [46] global_step=46, grad_norm=48.09651184082031, loss=24.012088775634766
I0306 00:17:32.985572 140197624751872 logging_writer.py:48] [47] global_step=47, grad_norm=39.359405517578125, loss=21.79850959777832
I0306 00:17:33.902112 140197633144576 logging_writer.py:48] [48] global_step=48, grad_norm=48.40169906616211, loss=22.155702590942383
I0306 00:17:34.820227 140197624751872 logging_writer.py:48] [49] global_step=49, grad_norm=55.1515007019043, loss=22.43305015563965
I0306 00:17:35.731055 140197633144576 logging_writer.py:48] [50] global_step=50, grad_norm=50.242374420166016, loss=20.251733779907227
I0306 00:17:36.639703 140197624751872 logging_writer.py:48] [51] global_step=51, grad_norm=51.26905822753906, loss=20.28009033203125
I0306 00:17:37.547074 140197633144576 logging_writer.py:48] [52] global_step=52, grad_norm=42.880104064941406, loss=18.570688247680664
I0306 00:17:38.457931 140197624751872 logging_writer.py:48] [53] global_step=53, grad_norm=65.28028106689453, loss=20.48951530456543
I0306 00:17:39.367315 140197633144576 logging_writer.py:48] [54] global_step=54, grad_norm=70.74110412597656, loss=20.56432342529297
I0306 00:17:40.275471 140197624751872 logging_writer.py:48] [55] global_step=55, grad_norm=75.46235656738281, loss=19.92597198486328
I0306 00:17:41.214712 140197633144576 logging_writer.py:48] [56] global_step=56, grad_norm=82.46778106689453, loss=19.512245178222656
I0306 00:17:42.132434 140197624751872 logging_writer.py:48] [57] global_step=57, grad_norm=79.27022552490234, loss=18.580692291259766
I0306 00:17:43.044449 140197633144576 logging_writer.py:48] [58] global_step=58, grad_norm=93.34049987792969, loss=18.939577102661133
I0306 00:17:43.954090 140197624751872 logging_writer.py:48] [59] global_step=59, grad_norm=84.43389892578125, loss=17.500696182250977
I0306 00:17:44.866552 140197633144576 logging_writer.py:48] [60] global_step=60, grad_norm=74.48936462402344, loss=16.34104347229004
I0306 00:17:45.782305 140197624751872 logging_writer.py:48] [61] global_step=61, grad_norm=73.09320831298828, loss=15.761775970458984
I0306 00:17:46.697934 140197633144576 logging_writer.py:48] [62] global_step=62, grad_norm=75.18191528320312, loss=15.449485778808594
I0306 00:17:47.609266 140197624751872 logging_writer.py:48] [63] global_step=63, grad_norm=77.14340209960938, loss=14.789715766906738
I0306 00:17:48.514153 140197633144576 logging_writer.py:48] [64] global_step=64, grad_norm=72.80628204345703, loss=14.160245895385742
I0306 00:17:49.425291 140197624751872 logging_writer.py:48] [65] global_step=65, grad_norm=60.2521858215332, loss=13.075541496276855
I0306 00:17:50.338813 140197633144576 logging_writer.py:48] [66] global_step=66, grad_norm=63.222904205322266, loss=12.663515090942383
I0306 00:17:51.245605 140197624751872 logging_writer.py:48] [67] global_step=67, grad_norm=64.92564392089844, loss=11.970026969909668
I0306 00:17:52.155431 140197633144576 logging_writer.py:48] [68] global_step=68, grad_norm=83.83110809326172, loss=11.306044578552246
I0306 00:17:53.062252 140197624751872 logging_writer.py:48] [69] global_step=69, grad_norm=89.07621765136719, loss=10.27940845489502
I0306 00:17:53.968161 140197633144576 logging_writer.py:48] [70] global_step=70, grad_norm=72.70067596435547, loss=9.326480865478516
I0306 00:17:54.877272 140197624751872 logging_writer.py:48] [71] global_step=71, grad_norm=59.49699401855469, loss=8.697126388549805
I0306 00:17:55.784043 140197633144576 logging_writer.py:48] [72] global_step=72, grad_norm=41.4983024597168, loss=8.034476280212402
I0306 00:17:56.697724 140197624751872 logging_writer.py:48] [73] global_step=73, grad_norm=27.80832290649414, loss=7.682812690734863
I0306 00:17:57.593120 140197633144576 logging_writer.py:48] [74] global_step=74, grad_norm=17.124086380004883, loss=7.436310768127441
I0306 00:17:58.489940 140197624751872 logging_writer.py:48] [75] global_step=75, grad_norm=8.344138145446777, loss=7.300528049468994
I0306 00:17:59.394593 140197633144576 logging_writer.py:48] [76] global_step=76, grad_norm=4.645171642303467, loss=7.269991874694824
I0306 00:18:00.292724 140197624751872 logging_writer.py:48] [77] global_step=77, grad_norm=7.189801216125488, loss=7.291865348815918
I0306 00:18:01.217469 140197633144576 logging_writer.py:48] [78] global_step=78, grad_norm=10.912614822387695, loss=7.3425750732421875
I0306 00:18:02.114586 140197624751872 logging_writer.py:48] [79] global_step=79, grad_norm=13.198782920837402, loss=7.376825332641602
I0306 00:18:03.010246 140197633144576 logging_writer.py:48] [80] global_step=80, grad_norm=15.579193115234375, loss=7.51837158203125
I0306 00:18:03.915642 140197624751872 logging_writer.py:48] [81] global_step=81, grad_norm=17.175588607788086, loss=7.590259552001953
I0306 00:18:04.817600 140197633144576 logging_writer.py:48] [82] global_step=82, grad_norm=18.65079116821289, loss=7.704566478729248
I0306 00:18:05.724606 140197624751872 logging_writer.py:48] [83] global_step=83, grad_norm=19.74595069885254, loss=7.829900741577148
I0306 00:18:06.620512 140197633144576 logging_writer.py:48] [84] global_step=84, grad_norm=20.31237030029297, loss=7.892021179199219
I0306 00:18:07.523180 140197624751872 logging_writer.py:48] [85] global_step=85, grad_norm=20.90896224975586, loss=8.016267776489258
I0306 00:18:08.432852 140197633144576 logging_writer.py:48] [86] global_step=86, grad_norm=21.485393524169922, loss=8.094894409179688
I0306 00:18:09.339860 140197624751872 logging_writer.py:48] [87] global_step=87, grad_norm=21.867544174194336, loss=8.171817779541016
I0306 00:18:10.248023 140197633144576 logging_writer.py:48] [88] global_step=88, grad_norm=21.9309024810791, loss=8.214167594909668
I0306 00:18:11.143625 140197624751872 logging_writer.py:48] [89] global_step=89, grad_norm=22.18886947631836, loss=8.269801139831543
I0306 00:18:12.046185 140197633144576 logging_writer.py:48] [90] global_step=90, grad_norm=22.315528869628906, loss=8.303452491760254
I0306 00:18:12.950985 140197624751872 logging_writer.py:48] [91] global_step=91, grad_norm=22.386756896972656, loss=8.336480140686035
I0306 00:18:13.887621 140197633144576 logging_writer.py:48] [92] global_step=92, grad_norm=22.518239974975586, loss=8.367853164672852
I0306 00:18:14.783266 140197624751872 logging_writer.py:48] [93] global_step=93, grad_norm=22.487445831298828, loss=8.385306358337402
I0306 00:18:15.687335 140197633144576 logging_writer.py:48] [94] global_step=94, grad_norm=22.636688232421875, loss=8.429574966430664
I0306 00:18:16.588919 140197624751872 logging_writer.py:48] [95] global_step=95, grad_norm=22.52263641357422, loss=8.393107414245605
I0306 00:18:17.504607 140197633144576 logging_writer.py:48] [96] global_step=96, grad_norm=22.467403411865234, loss=8.372322082519531
I0306 00:18:18.409643 140197624751872 logging_writer.py:48] [97] global_step=97, grad_norm=22.56238555908203, loss=8.38834285736084
I0306 00:18:19.311956 140197633144576 logging_writer.py:48] [98] global_step=98, grad_norm=22.427364349365234, loss=8.350062370300293
I0306 00:18:20.232499 140197624751872 logging_writer.py:48] [99] global_step=99, grad_norm=22.30473518371582, loss=8.31018352508545
I0306 00:18:21.143517 140197633144576 logging_writer.py:48] [100] global_step=100, grad_norm=22.25484275817871, loss=8.282084465026855
I0306 00:23:49.201974 140197624751872 logging_writer.py:48] [500] global_step=500, grad_norm=0.4483058750629425, loss=5.796970844268799
I0306 00:31:28.046741 140197633144576 logging_writer.py:48] [1000] global_step=1000, grad_norm=0.2642224431037903, loss=5.781431674957275
I0306 00:38:10.715419 140197700286208 logging_writer.py:48] [1500] global_step=1500, grad_norm=0.7655763030052185, loss=5.58915376663208
I0306 00:40:28.545480 140368653526848 spec.py:321] Evaluating on the training split.
I0306 00:41:05.439774 140368653526848 spec.py:333] Evaluating on the validation split.
I0306 00:41:49.929136 140368653526848 spec.py:349] Evaluating on the test split.
I0306 00:42:12.008342 140368653526848 submission_runner.py:413] Time since start: 1780.31s, 	Step: 1653, 	{'train/ctc_loss': Array(5.8413258, dtype=float32), 'train/wer': 0.9438116619637082, 'validation/ctc_loss': Array(5.9000506, dtype=float32), 'validation/wer': 0.8963959180126863, 'validation/num_examples': 5348, 'test/ctc_loss': Array(5.8528247, dtype=float32), 'test/wer': 0.899396746084943, 'test/num_examples': 2472, 'score': 1499.9074122905731, 'total_duration': 1780.3051240444183, 'accumulated_submission_time': 1499.9074122905731, 'accumulated_eval_time': 280.29821395874023, 'accumulated_logging_time': 0.04264330863952637}
I0306 00:42:12.048359 140197700286208 logging_writer.py:48] [1653] accumulated_eval_time=280.298214, accumulated_logging_time=0.042643, accumulated_submission_time=1499.907412, global_step=1653, preemption_count=0, score=1499.907412, test/ctc_loss=5.852824687957764, test/num_examples=2472, test/wer=0.899397, total_duration=1780.305124, train/ctc_loss=5.841325759887695, train/wer=0.943812, validation/ctc_loss=5.900050640106201, validation/num_examples=5348, validation/wer=0.896396
I0306 00:46:59.531449 140197691893504 logging_writer.py:48] [2000] global_step=2000, grad_norm=1.3868350982666016, loss=4.236348628997803
I0306 00:53:47.051858 140197700286208 logging_writer.py:48] [2500] global_step=2500, grad_norm=0.7223957777023315, loss=3.252750873565674
I0306 01:01:32.754107 140197691893504 logging_writer.py:48] [3000] global_step=3000, grad_norm=0.8974704742431641, loss=2.934234142303467
I0306 01:06:12.197527 140368653526848 spec.py:321] Evaluating on the training split.
I0306 01:07:00.562685 140368653526848 spec.py:333] Evaluating on the validation split.
I0306 01:07:47.661955 140368653526848 spec.py:349] Evaluating on the test split.
I0306 01:08:12.446129 140368653526848 submission_runner.py:413] Time since start: 3340.74s, 	Step: 3342, 	{'train/ctc_loss': Array(2.6792448, dtype=float32), 'train/wer': 0.6031004448232693, 'validation/ctc_loss': Array(3.106749, dtype=float32), 'validation/wer': 0.6445929115537233, 'validation/num_examples': 5348, 'test/ctc_loss': Array(2.741641, dtype=float32), 'test/wer': 0.594580870554303, 'test/num_examples': 2472, 'score': 2939.9757294654846, 'total_duration': 3340.7420020103455, 'accumulated_submission_time': 2939.9757294654846, 'accumulated_eval_time': 400.53701853752136, 'accumulated_logging_time': 0.10327672958374023}
I0306 01:08:12.478789 140197925566208 logging_writer.py:48] [3342] accumulated_eval_time=400.537019, accumulated_logging_time=0.103277, accumulated_submission_time=2939.975729, global_step=3342, preemption_count=0, score=2939.975729, test/ctc_loss=2.741641044616699, test/num_examples=2472, test/wer=0.594581, total_duration=3340.742002, train/ctc_loss=2.6792447566986084, train/wer=0.603100, validation/ctc_loss=3.1067490577697754, validation/num_examples=5348, validation/wer=0.644593
I0306 01:10:14.355180 140197917173504 logging_writer.py:48] [3500] global_step=3500, grad_norm=0.8867403864860535, loss=2.5879101753234863
I0306 01:17:43.469330 140197925566208 logging_writer.py:48] [4000] global_step=4000, grad_norm=0.8333742618560791, loss=2.3504459857940674
I0306 01:24:40.576879 140197236307712 logging_writer.py:48] [4500] global_step=4500, grad_norm=1.0437690019607544, loss=2.2453222274780273
I0306 01:32:13.031892 140368653526848 spec.py:321] Evaluating on the training split.
I0306 01:33:06.157769 140368653526848 spec.py:333] Evaluating on the validation split.
I0306 01:33:55.531519 140368653526848 spec.py:349] Evaluating on the test split.
I0306 01:34:20.055775 140368653526848 submission_runner.py:413] Time since start: 4908.36s, 	Step: 4996, 	{'train/ctc_loss': Array(0.8614964, dtype=float32), 'train/wer': 0.28743193594467376, 'validation/ctc_loss': Array(1.2200164, dtype=float32), 'validation/wer': 0.3474419996717418, 'validation/num_examples': 5348, 'test/ctc_loss': Array(0.9223739, dtype=float32), 'test/wer': 0.28805882233461294, 'test/num_examples': 2472, 'score': 4380.456327915192, 'total_duration': 4908.355667829514, 'accumulated_submission_time': 4380.456327915192, 'accumulated_eval_time': 527.5549194812775, 'accumulated_logging_time': 0.14971232414245605}
I0306 01:34:20.089295 140198140606208 logging_writer.py:48] [4996] accumulated_eval_time=527.554919, accumulated_logging_time=0.149712, accumulated_submission_time=4380.456328, global_step=4996, preemption_count=0, score=4380.456328, test/ctc_loss=0.92237389087677, test/num_examples=2472, test/wer=0.288059, total_duration=4908.355668, train/ctc_loss=0.8614963889122009, train/wer=0.287432, validation/ctc_loss=1.220016360282898, validation/num_examples=5348, validation/wer=0.347442
I0306 01:34:23.989878 140198132213504 logging_writer.py:48] [5000] global_step=5000, grad_norm=0.7835532426834106, loss=2.1375949382781982
I0306 01:40:57.652230 140198140606208 logging_writer.py:48] [5500] global_step=5500, grad_norm=0.9587447643280029, loss=2.0068936347961426
I0306 01:48:37.067973 140198132213504 logging_writer.py:48] [6000] global_step=6000, grad_norm=1.008760690689087, loss=1.9461373090744019
I0306 01:55:40.287236 140197812926208 logging_writer.py:48] [6500] global_step=6500, grad_norm=0.9499858021736145, loss=1.8836932182312012
I0306 01:58:20.233573 140368653526848 spec.py:321] Evaluating on the training split.
I0306 01:59:13.832120 140368653526848 spec.py:333] Evaluating on the validation split.
I0306 02:00:02.991858 140368653526848 spec.py:349] Evaluating on the test split.
I0306 02:00:28.170753 140368653526848 submission_runner.py:413] Time since start: 6476.47s, 	Step: 6687, 	{'train/ctc_loss': Array(0.5708487, dtype=float32), 'train/wer': 0.19616395605776582, 'validation/ctc_loss': Array(0.8928377, dtype=float32), 'validation/wer': 0.26462438572269903, 'validation/num_examples': 5348, 'test/ctc_loss': Array(0.61350936, dtype=float32), 'test/wer': 0.20236426786911219, 'test/num_examples': 2472, 'score': 5820.5239317417145, 'total_duration': 6476.470409393311, 'accumulated_submission_time': 5820.5239317417145, 'accumulated_eval_time': 655.4858725070953, 'accumulated_logging_time': 0.1988532543182373}
I0306 02:00:28.203639 140197633726208 logging_writer.py:48] [6687] accumulated_eval_time=655.485873, accumulated_logging_time=0.198853, accumulated_submission_time=5820.523932, global_step=6687, preemption_count=0, score=5820.523932, test/ctc_loss=0.6135093569755554, test/num_examples=2472, test/wer=0.202364, total_duration=6476.470409, train/ctc_loss=0.5708487033843994, train/wer=0.196164, validation/ctc_loss=0.8928377032279968, validation/num_examples=5348, validation/wer=0.264624
I0306 02:04:48.882367 140197625333504 logging_writer.py:48] [7000] global_step=7000, grad_norm=0.8803375959396362, loss=1.7959613800048828
I0306 02:11:55.250129 140197633726208 logging_writer.py:48] [7500] global_step=7500, grad_norm=0.7054188251495361, loss=1.8061833381652832
I0306 02:19:28.378950 140197625333504 logging_writer.py:48] [8000] global_step=8000, grad_norm=0.772388219833374, loss=1.7711817026138306
I0306 02:24:28.850021 140368653526848 spec.py:321] Evaluating on the training split.
I0306 02:25:21.512343 140368653526848 spec.py:333] Evaluating on the validation split.
I0306 02:26:10.392664 140368653526848 spec.py:349] Evaluating on the test split.
I0306 02:26:35.550849 140368653526848 submission_runner.py:413] Time since start: 8043.85s, 	Step: 8337, 	{'train/ctc_loss': Array(0.48657462, dtype=float32), 'train/wer': 0.170698427884929, 'validation/ctc_loss': Array(0.8043178, dtype=float32), 'validation/wer': 0.2403139693175126, 'validation/num_examples': 5348, 'test/ctc_loss': Array(0.53787524, dtype=float32), 'test/wer': 0.17654825015741474, 'test/num_examples': 2472, 'score': 7261.095873594284, 'total_duration': 8043.8543112277985, 'accumulated_submission_time': 7261.095873594284, 'accumulated_eval_time': 782.1844766139984, 'accumulated_logging_time': 0.24726557731628418}
I0306 02:26:35.578321 140197633726208 logging_writer.py:48] [8337] accumulated_eval_time=782.184477, accumulated_logging_time=0.247266, accumulated_submission_time=7261.095874, global_step=8337, preemption_count=0, score=7261.095874, test/ctc_loss=0.537875235080719, test/num_examples=2472, test/wer=0.176548, total_duration=8043.854311, train/ctc_loss=0.48657462000846863, train/wer=0.170698, validation/ctc_loss=0.8043177723884583, validation/num_examples=5348, validation/wer=0.240314
I0306 02:28:40.605476 140197625333504 logging_writer.py:48] [8500] global_step=8500, grad_norm=0.6642415523529053, loss=1.7034595012664795
I0306 02:36:03.012635 140197633726208 logging_writer.py:48] [9000] global_step=9000, grad_norm=0.800682544708252, loss=1.7192318439483643
I0306 02:43:20.469619 140197633726208 logging_writer.py:48] [9500] global_step=9500, grad_norm=0.8919713497161865, loss=1.7136235237121582
I0306 02:50:35.802324 140368653526848 spec.py:321] Evaluating on the training split.
I0306 02:51:28.917546 140368653526848 spec.py:333] Evaluating on the validation split.
I0306 02:52:18.608341 140368653526848 spec.py:349] Evaluating on the test split.
I0306 02:52:43.827789 140368653526848 submission_runner.py:413] Time since start: 9612.13s, 	Step: 9988, 	{'train/ctc_loss': Array(0.45870402, dtype=float32), 'train/wer': 0.1585854436626105, 'validation/ctc_loss': Array(0.735139, dtype=float32), 'validation/wer': 0.22115913764638867, 'validation/num_examples': 5348, 'test/ctc_loss': Array(0.48113072, dtype=float32), 'test/wer': 0.15983182012065078, 'test/num_examples': 2472, 'score': 8701.249643325806, 'total_duration': 9612.125791549683, 'accumulated_submission_time': 8701.249643325806, 'accumulated_eval_time': 910.2020516395569, 'accumulated_logging_time': 0.2858603000640869}
I0306 02:52:43.863053 140197633726208 logging_writer.py:48] [9988] accumulated_eval_time=910.202052, accumulated_logging_time=0.285860, accumulated_submission_time=8701.249643, global_step=9988, preemption_count=0, score=8701.249643, test/ctc_loss=0.4811307191848755, test/num_examples=2472, test/wer=0.159832, total_duration=9612.125792, train/ctc_loss=0.45870402455329895, train/wer=0.158585, validation/ctc_loss=0.735139012336731, validation/num_examples=5348, validation/wer=0.221159
I0306 02:52:53.817738 140197625333504 logging_writer.py:48] [10000] global_step=10000, grad_norm=0.9662894010543823, loss=1.652398705482483
I0306 02:59:46.937684 140197633726208 logging_writer.py:48] [10500] global_step=10500, grad_norm=0.7069675326347351, loss=1.6635990142822266
I0306 03:07:10.881569 140197625333504 logging_writer.py:48] [11000] global_step=11000, grad_norm=0.8364183306694031, loss=1.6562484502792358
I0306 03:14:41.531294 140197633726208 logging_writer.py:48] [11500] global_step=11500, grad_norm=0.7064129710197449, loss=1.587822675704956
I0306 03:16:44.818454 140368653526848 spec.py:321] Evaluating on the training split.
I0306 03:17:37.557876 140368653526848 spec.py:333] Evaluating on the validation split.
I0306 03:18:26.751375 140368653526848 spec.py:349] Evaluating on the test split.
I0306 03:18:51.944475 140368653526848 submission_runner.py:413] Time since start: 11180.25s, 	Step: 11653, 	{'train/ctc_loss': Array(0.39806068, dtype=float32), 'train/wer': 0.14108331738029906, 'validation/ctc_loss': Array(0.68826026, dtype=float32), 'validation/wer': 0.20677370458692568, 'validation/num_examples': 5348, 'test/ctc_loss': Array(0.4464232, dtype=float32), 'test/wer': 0.15107752929945362, 'test/num_examples': 2472, 'score': 10142.129729270935, 'total_duration': 11180.247917890549, 'accumulated_submission_time': 10142.129729270935, 'accumulated_eval_time': 1037.3256344795227, 'accumulated_logging_time': 0.33499813079833984}
I0306 03:18:51.968967 140197633726208 logging_writer.py:48] [11653] accumulated_eval_time=1037.325634, accumulated_logging_time=0.334998, accumulated_submission_time=10142.129729, global_step=11653, preemption_count=0, score=10142.129729, test/ctc_loss=0.446423202753067, test/num_examples=2472, test/wer=0.151078, total_duration=11180.247918, train/ctc_loss=0.39806067943573, train/wer=0.141083, validation/ctc_loss=0.6882602572441101, validation/num_examples=5348, validation/wer=0.206774
I0306 03:23:42.145378 140197625333504 logging_writer.py:48] [12000] global_step=12000, grad_norm=1.13613760471344, loss=1.6346511840820312
I0306 03:31:14.673440 140197633726208 logging_writer.py:48] [12500] global_step=12500, grad_norm=0.7393649220466614, loss=1.5419741868972778
I0306 03:38:31.716678 140197625333504 logging_writer.py:48] [13000] global_step=13000, grad_norm=0.938694953918457, loss=1.6034222841262817
I0306 03:42:52.916419 140368653526848 spec.py:321] Evaluating on the training split.
I0306 03:43:46.715842 140368653526848 spec.py:333] Evaluating on the validation split.
I0306 03:44:36.341936 140368653526848 spec.py:349] Evaluating on the test split.
I0306 03:45:01.797206 140368653526848 submission_runner.py:413] Time since start: 12750.09s, 	Step: 13278, 	{'train/ctc_loss': Array(0.3296816, dtype=float32), 'train/wer': 0.12123560154970228, 'validation/ctc_loss': Array(0.64749724, dtype=float32), 'validation/wer': 0.19373026830280854, 'validation/num_examples': 5348, 'test/ctc_loss': Array(0.40584028, dtype=float32), 'test/wer': 0.1378546909593159, 'test/num_examples': 2472, 'score': 11583.005396842957, 'total_duration': 12750.09497499466, 'accumulated_submission_time': 11583.005396842957, 'accumulated_eval_time': 1166.1983239650726, 'accumulated_logging_time': 0.3727586269378662}
I0306 03:45:01.833684 140197633726208 logging_writer.py:48] [13278] accumulated_eval_time=1166.198324, accumulated_logging_time=0.372759, accumulated_submission_time=11583.005397, global_step=13278, preemption_count=0, score=11583.005397, test/ctc_loss=0.40584027767181396, test/num_examples=2472, test/wer=0.137855, total_duration=12750.094975, train/ctc_loss=0.3296816051006317, train/wer=0.121236, validation/ctc_loss=0.6474972367286682, validation/num_examples=5348, validation/wer=0.193730
I0306 03:47:57.921753 140197633726208 logging_writer.py:48] [13500] global_step=13500, grad_norm=0.8176186084747314, loss=1.5196260213851929
I0306 03:55:16.003806 140197625333504 logging_writer.py:48] [14000] global_step=14000, grad_norm=0.9177827835083008, loss=1.6063854694366455
I0306 04:03:04.543040 140197633726208 logging_writer.py:48] [14500] global_step=14500, grad_norm=0.7844929099082947, loss=1.4871314764022827
I0306 04:09:02.460340 140368653526848 spec.py:321] Evaluating on the training split.
I0306 04:09:57.696080 140368653526848 spec.py:333] Evaluating on the validation split.
I0306 04:10:47.396370 140368653526848 spec.py:349] Evaluating on the test split.
I0306 04:11:13.346953 140368653526848 submission_runner.py:413] Time since start: 14321.65s, 	Step: 14930, 	{'train/ctc_loss': Array(0.2971048, dtype=float32), 'train/wer': 0.10709744691943884, 'validation/ctc_loss': Array(0.6080465, dtype=float32), 'validation/wer': 0.1855913957731929, 'validation/num_examples': 5348, 'test/ctc_loss': Array(0.38348365, dtype=float32), 'test/wer': 0.1286535453862247, 'test/num_examples': 2472, 'score': 13023.560427188873, 'total_duration': 14321.646738529205, 'accumulated_submission_time': 13023.560427188873, 'accumulated_eval_time': 1297.0788695812225, 'accumulated_logging_time': 0.42177796363830566}
I0306 04:11:13.392259 140197633726208 logging_writer.py:48] [14930] accumulated_eval_time=1297.078870, accumulated_logging_time=0.421778, accumulated_submission_time=13023.560427, global_step=14930, preemption_count=0, score=13023.560427, test/ctc_loss=0.3834836483001709, test/num_examples=2472, test/wer=0.128654, total_duration=14321.646739, train/ctc_loss=0.2971048057079315, train/wer=0.107097, validation/ctc_loss=0.6080464720726013, validation/num_examples=5348, validation/wer=0.185591
I0306 04:12:07.714300 140197625333504 logging_writer.py:48] [15000] global_step=15000, grad_norm=0.7813771367073059, loss=1.4907996654510498
I0306 04:19:30.588920 140197633726208 logging_writer.py:48] [15500] global_step=15500, grad_norm=0.9375016689300537, loss=1.5421255826950073
I0306 04:26:30.939864 140197625333504 logging_writer.py:48] [16000] global_step=16000, grad_norm=0.6856816411018372, loss=1.5247383117675781
I0306 04:34:21.162879 140197633726208 logging_writer.py:48] [16500] global_step=16500, grad_norm=0.804739773273468, loss=1.5177427530288696
I0306 04:35:13.595963 140368653526848 spec.py:321] Evaluating on the training split.
I0306 04:36:07.543190 140368653526848 spec.py:333] Evaluating on the validation split.
I0306 04:36:58.801119 140368653526848 spec.py:349] Evaluating on the test split.
I0306 04:37:24.080517 140368653526848 submission_runner.py:413] Time since start: 15892.38s, 	Step: 16570, 	{'train/ctc_loss': Array(0.29405665, dtype=float32), 'train/wer': 0.10955825963843469, 'validation/ctc_loss': Array(0.5923404, dtype=float32), 'validation/wer': 0.17953792830454637, 'validation/num_examples': 5348, 'test/ctc_loss': Array(0.36786732, dtype=float32), 'test/wer': 0.12507870737107224, 'test/num_examples': 2472, 'score': 14463.678126335144, 'total_duration': 15892.383562803268, 'accumulated_submission_time': 14463.678126335144, 'accumulated_eval_time': 1427.5605869293213, 'accumulated_logging_time': 0.4926631450653076}
I0306 04:37:24.108007 140197633726208 logging_writer.py:48] [16570] accumulated_eval_time=1427.560587, accumulated_logging_time=0.492663, accumulated_submission_time=14463.678126, global_step=16570, preemption_count=0, score=14463.678126, test/ctc_loss=0.3678673207759857, test/num_examples=2472, test/wer=0.125079, total_duration=15892.383563, train/ctc_loss=0.29405665397644043, train/wer=0.109558, validation/ctc_loss=0.5923404097557068, validation/num_examples=5348, validation/wer=0.179538
I0306 04:43:11.013719 140197625333504 logging_writer.py:48] [17000] global_step=17000, grad_norm=0.7904871106147766, loss=1.4794343709945679
I0306 04:51:06.459886 140197633726208 logging_writer.py:48] [17500] global_step=17500, grad_norm=0.782556414604187, loss=1.4922858476638794
I0306 04:58:01.569705 140197633726208 logging_writer.py:48] [18000] global_step=18000, grad_norm=0.8614926934242249, loss=1.4829870462417603
I0306 05:01:24.510775 140368653526848 spec.py:321] Evaluating on the training split.
I0306 05:02:18.572091 140368653526848 spec.py:333] Evaluating on the validation split.
I0306 05:03:09.553767 140368653526848 spec.py:349] Evaluating on the test split.
I0306 05:03:34.971124 140368653526848 submission_runner.py:413] Time since start: 17463.27s, 	Step: 18219, 	{'train/ctc_loss': Array(0.2975938, dtype=float32), 'train/wer': 0.10742748354001956, 'validation/ctc_loss': Array(0.58038473, dtype=float32), 'validation/wer': 0.17330102242775905, 'validation/num_examples': 5348, 'test/ctc_loss': Array(0.36038235, dtype=float32), 'test/wer': 0.12052891353360551, 'test/num_examples': 2472, 'score': 15904.00504398346, 'total_duration': 17463.268262147903, 'accumulated_submission_time': 15904.00504398346, 'accumulated_eval_time': 1558.0121684074402, 'accumulated_logging_time': 0.5351059436798096}
I0306 05:03:35.005527 140197633726208 logging_writer.py:48] [18219] accumulated_eval_time=1558.012168, accumulated_logging_time=0.535106, accumulated_submission_time=15904.005044, global_step=18219, preemption_count=0, score=15904.005044, test/ctc_loss=0.3603823482990265, test/num_examples=2472, test/wer=0.120529, total_duration=17463.268262, train/ctc_loss=0.2975938022136688, train/wer=0.107427, validation/ctc_loss=0.5803847312927246, validation/num_examples=5348, validation/wer=0.173301
I0306 05:07:29.520725 140197625333504 logging_writer.py:48] [18500] global_step=18500, grad_norm=0.6848519444465637, loss=1.4768519401550293
I0306 05:14:34.150972 140197633726208 logging_writer.py:48] [19000] global_step=19000, grad_norm=0.7164268493652344, loss=1.38287353515625
I0306 05:22:32.526987 140197625333504 logging_writer.py:48] [19500] global_step=19500, grad_norm=1.1491776704788208, loss=1.4600528478622437
I0306 05:27:35.275616 140368653526848 spec.py:321] Evaluating on the training split.
I0306 05:28:29.113850 140368653526848 spec.py:333] Evaluating on the validation split.
I0306 05:29:19.905275 140368653526848 spec.py:349] Evaluating on the test split.
I0306 05:29:44.908221 140368653526848 submission_runner.py:413] Time since start: 19033.21s, 	Step: 19863, 	{'train/ctc_loss': Array(0.2913368, dtype=float32), 'train/wer': 0.10476165352045796, 'validation/ctc_loss': Array(0.5629047, dtype=float32), 'validation/wer': 0.16939088793844193, 'validation/num_examples': 5348, 'test/ctc_loss': Array(0.3433145, dtype=float32), 'test/wer': 0.11601974285540187, 'test/num_examples': 2472, 'score': 17344.200548171997, 'total_duration': 19033.211532354355, 'accumulated_submission_time': 17344.200548171997, 'accumulated_eval_time': 1687.6422917842865, 'accumulated_logging_time': 0.5837585926055908}
I0306 05:29:44.934736 140197633726208 logging_writer.py:48] [19863] accumulated_eval_time=1687.642292, accumulated_logging_time=0.583759, accumulated_submission_time=17344.200548, global_step=19863, preemption_count=0, score=17344.200548, test/ctc_loss=0.3433144986629486, test/num_examples=2472, test/wer=0.116020, total_duration=19033.211532, train/ctc_loss=0.2913368046283722, train/wer=0.104762, validation/ctc_loss=0.5629047155380249, validation/num_examples=5348, validation/wer=0.169391
I0306 05:31:30.110399 140197625333504 logging_writer.py:48] [20000] global_step=20000, grad_norm=0.858001708984375, loss=1.5256314277648926
I0306 05:39:12.628459 140197633726208 logging_writer.py:48] [20500] global_step=20500, grad_norm=1.0529613494873047, loss=1.4365332126617432
I0306 05:46:17.221517 140197633726208 logging_writer.py:48] [21000] global_step=21000, grad_norm=0.8307763934135437, loss=1.4161885976791382
I0306 05:53:45.312894 140368653526848 spec.py:321] Evaluating on the training split.
I0306 05:54:40.368660 140368653526848 spec.py:333] Evaluating on the validation split.
I0306 05:55:31.769035 140368653526848 spec.py:349] Evaluating on the test split.
I0306 05:55:57.696334 140368653526848 submission_runner.py:413] Time since start: 20606.00s, 	Step: 21473, 	{'train/ctc_loss': Array(0.27229375, dtype=float32), 'train/wer': 0.10090029838460747, 'validation/ctc_loss': Array(0.54559654, dtype=float32), 'validation/wer': 0.16386842638809773, 'validation/num_examples': 5348, 'test/ctc_loss': Array(0.33318508, dtype=float32), 'test/wer': 0.11402920805151016, 'test/num_examples': 2472, 'score': 18784.50802588463, 'total_duration': 20605.99622106552, 'accumulated_submission_time': 18784.50802588463, 'accumulated_eval_time': 1820.0197281837463, 'accumulated_logging_time': 0.6220605373382568}
I0306 05:55:57.735111 140197633726208 logging_writer.py:48] [21473] accumulated_eval_time=1820.019728, accumulated_logging_time=0.622061, accumulated_submission_time=18784.508026, global_step=21473, preemption_count=0, score=18784.508026, test/ctc_loss=0.333185076713562, test/num_examples=2472, test/wer=0.114029, total_duration=20605.996221, train/ctc_loss=0.27229374647140503, train/wer=0.100900, validation/ctc_loss=0.5455965399742126, validation/num_examples=5348, validation/wer=0.163868
I0306 05:56:19.366618 140197625333504 logging_writer.py:48] [21500] global_step=21500, grad_norm=0.8662906289100647, loss=1.459130048751831
I0306 06:03:07.194547 140197633726208 logging_writer.py:48] [22000] global_step=22000, grad_norm=0.8636831045150757, loss=1.4665007591247559
I0306 06:11:00.207359 140197625333504 logging_writer.py:48] [22500] global_step=22500, grad_norm=0.8515315651893616, loss=1.4775564670562744
I0306 06:18:10.910892 140197633726208 logging_writer.py:48] [23000] global_step=23000, grad_norm=0.8373427391052246, loss=1.3401634693145752
I0306 06:19:57.744064 140368653526848 spec.py:321] Evaluating on the training split.
I0306 06:20:51.973443 140368653526848 spec.py:333] Evaluating on the validation split.
I0306 06:21:42.969140 140368653526848 spec.py:349] Evaluating on the test split.
I0306 06:22:08.669866 140368653526848 submission_runner.py:413] Time since start: 22176.97s, 	Step: 23122, 	{'train/ctc_loss': Array(0.24628168, dtype=float32), 'train/wer': 0.08880537139478907, 'validation/ctc_loss': Array(0.525093, dtype=float32), 'validation/wer': 0.156849493613447, 'validation/num_examples': 5348, 'test/ctc_loss': Array(0.32100928, dtype=float32), 'test/wer': 0.10610769199520646, 'test/num_examples': 2472, 'score': 20224.44011592865, 'total_duration': 22176.966822862625, 'accumulated_submission_time': 20224.44011592865, 'accumulated_eval_time': 1950.936583995819, 'accumulated_logging_time': 0.6775879859924316}
I0306 06:22:08.702483 140197633726208 logging_writer.py:48] [23122] accumulated_eval_time=1950.936584, accumulated_logging_time=0.677588, accumulated_submission_time=20224.440116, global_step=23122, preemption_count=0, score=20224.440116, test/ctc_loss=0.3210092782974243, test/num_examples=2472, test/wer=0.106108, total_duration=22176.966823, train/ctc_loss=0.2462816834449768, train/wer=0.088805, validation/ctc_loss=0.5250930190086365, validation/num_examples=5348, validation/wer=0.156849
I0306 06:27:36.067848 140197625333504 logging_writer.py:48] [23500] global_step=23500, grad_norm=0.8006777167320251, loss=1.3542619943618774
I0306 06:34:50.997080 140197633726208 logging_writer.py:48] [24000] global_step=24000, grad_norm=0.7617939710617065, loss=1.3762035369873047
I0306 06:42:38.925603 140197625333504 logging_writer.py:48] [24500] global_step=24500, grad_norm=0.7613263726234436, loss=1.3973240852355957
I0306 06:46:12.731429 140368653526848 spec.py:321] Evaluating on the training split.
I0306 06:47:07.168837 140368653526848 spec.py:333] Evaluating on the validation split.
I0306 06:47:57.466511 140368653526848 spec.py:349] Evaluating on the test split.
I0306 06:48:22.628729 140368653526848 submission_runner.py:413] Time since start: 23750.93s, 	Step: 24721, 	{'train/ctc_loss': Array(0.23662172, dtype=float32), 'train/wer': 0.08667936044236939, 'validation/ctc_loss': Array(0.5193285, dtype=float32), 'validation/wer': 0.1571970611236085, 'validation/num_examples': 5348, 'test/ctc_loss': Array(0.3122066, dtype=float32), 'test/wer': 0.10537647512847075, 'test/num_examples': 2472, 'score': 21668.39456653595, 'total_duration': 23750.926522254944, 'accumulated_submission_time': 21668.39456653595, 'accumulated_eval_time': 2080.825926065445, 'accumulated_logging_time': 0.7248210906982422}
I0306 06:48:22.664203 140197633726208 logging_writer.py:48] [24721] accumulated_eval_time=2080.825926, accumulated_logging_time=0.724821, accumulated_submission_time=21668.394567, global_step=24721, preemption_count=0, score=21668.394567, test/ctc_loss=0.31220659613609314, test/num_examples=2472, test/wer=0.105376, total_duration=23750.926522, train/ctc_loss=0.23662172257900238, train/wer=0.086679, validation/ctc_loss=0.5193284749984741, validation/num_examples=5348, validation/wer=0.157197
I0306 06:51:56.023904 140197625333504 logging_writer.py:48] [25000] global_step=25000, grad_norm=0.8265722990036011, loss=1.36077082157135
I0306 06:59:28.199362 140197633726208 logging_writer.py:48] [25500] global_step=25500, grad_norm=0.8884899616241455, loss=1.3785313367843628
I0306 07:06:49.842517 140197633726208 logging_writer.py:48] [26000] global_step=26000, grad_norm=0.7433770298957825, loss=1.3931645154953003
I0306 07:12:23.274800 140368653526848 spec.py:321] Evaluating on the training split.
I0306 07:13:18.281064 140368653526848 spec.py:333] Evaluating on the validation split.
I0306 07:14:09.196526 140368653526848 spec.py:349] Evaluating on the test split.
I0306 07:14:34.512666 140368653526848 submission_runner.py:413] Time since start: 25322.81s, 	Step: 26370, 	{'train/ctc_loss': Array(0.23301694, dtype=float32), 'train/wer': 0.08400241380368412, 'validation/ctc_loss': Array(0.5139927, dtype=float32), 'validation/wer': 0.15359587553221274, 'validation/num_examples': 5348, 'test/ctc_loss': Array(0.30361816, dtype=float32), 'test/wer': 0.10165945605589746, 'test/num_examples': 2472, 'score': 23108.929773569107, 'total_duration': 25322.810742616653, 'accumulated_submission_time': 23108.929773569107, 'accumulated_eval_time': 2212.0559780597687, 'accumulated_logging_time': 0.7746150493621826}
I0306 07:14:34.553615 140197633726208 logging_writer.py:48] [26370] accumulated_eval_time=2212.055978, accumulated_logging_time=0.774615, accumulated_submission_time=23108.929774, global_step=26370, preemption_count=0, score=23108.929774, test/ctc_loss=0.3036181628704071, test/num_examples=2472, test/wer=0.101659, total_duration=25322.810743, train/ctc_loss=0.2330169379711151, train/wer=0.084002, validation/ctc_loss=0.5139927268028259, validation/num_examples=5348, validation/wer=0.153596
I0306 07:16:14.545392 140197625333504 logging_writer.py:48] [26500] global_step=26500, grad_norm=0.7416338324546814, loss=1.4829431772232056
I0306 07:23:28.685905 140197633726208 logging_writer.py:48] [27000] global_step=27000, grad_norm=0.7104581594467163, loss=1.3238662481307983
