I0207 22:20:29.683360 140051005212416 logging_writer.py:48] [51300] global_step=51300, grad_norm=0.25153273344039917, loss=3.8875176906585693
I0207 22:21:04.245946 140050996819712 logging_writer.py:48] [51400] global_step=51400, grad_norm=0.29653751850128174, loss=3.863389730453491
I0207 22:21:38.817513 140051005212416 logging_writer.py:48] [51500] global_step=51500, grad_norm=0.2642882168292999, loss=3.8529419898986816
I0207 22:22:13.381742 140050996819712 logging_writer.py:48] [51600] global_step=51600, grad_norm=0.3375265598297119, loss=3.876390218734741
I0207 22:22:47.960209 140051005212416 logging_writer.py:48] [51700] global_step=51700, grad_norm=0.2689485251903534, loss=3.8506062030792236
I0207 22:23:22.521330 140050996819712 logging_writer.py:48] [51800] global_step=51800, grad_norm=0.2882454991340637, loss=3.9431257247924805
I0207 22:23:57.097785 140051005212416 logging_writer.py:48] [51900] global_step=51900, grad_norm=0.22878921031951904, loss=3.825143575668335
I0207 22:24:31.672068 140050996819712 logging_writer.py:48] [52000] global_step=52000, grad_norm=0.2646961212158203, loss=3.809255599975586
I0207 22:25:06.234114 140051005212416 logging_writer.py:48] [52100] global_step=52100, grad_norm=0.27889278531074524, loss=3.8834142684936523
I0207 22:25:40.800130 140050996819712 logging_writer.py:48] [52200] global_step=52200, grad_norm=0.25808173418045044, loss=3.876121997833252
I0207 22:26:15.364112 140051005212416 logging_writer.py:48] [52300] global_step=52300, grad_norm=0.2946462631225586, loss=3.8447351455688477
I0207 22:26:49.924625 140050996819712 logging_writer.py:48] [52400] global_step=52400, grad_norm=0.24412381649017334, loss=3.881608486175537
I0207 22:27:24.519770 140051005212416 logging_writer.py:48] [52500] global_step=52500, grad_norm=0.24483919143676758, loss=3.8533456325531006
I0207 22:27:59.106887 140050996819712 logging_writer.py:48] [52600] global_step=52600, grad_norm=0.3389495611190796, loss=3.8215579986572266
I0207 22:28:33.697414 140051005212416 logging_writer.py:48] [52700] global_step=52700, grad_norm=0.25931793451309204, loss=3.8489749431610107
I0207 22:29:08.252240 140050996819712 logging_writer.py:48] [52800] global_step=52800, grad_norm=0.257035493850708, loss=3.8975555896759033
I0207 22:29:42.802620 140051005212416 logging_writer.py:48] [52900] global_step=52900, grad_norm=0.26892125606536865, loss=3.9006378650665283
I0207 22:30:17.376550 140050996819712 logging_writer.py:48] [53000] global_step=53000, grad_norm=0.25602012872695923, loss=3.8712010383605957
I0207 22:30:51.940890 140051005212416 logging_writer.py:48] [53100] global_step=53100, grad_norm=0.23304246366024017, loss=3.856241226196289
I0207 22:31:26.502562 140050996819712 logging_writer.py:48] [53200] global_step=53200, grad_norm=0.2268061339855194, loss=3.846177816390991
I0207 22:32:01.103559 140051005212416 logging_writer.py:48] [53300] global_step=53300, grad_norm=0.2833682596683502, loss=3.8525829315185547
I0207 22:32:35.697155 140050996819712 logging_writer.py:48] [53400] global_step=53400, grad_norm=0.24749819934368134, loss=3.848418951034546
I0207 22:33:03.756257 140225696298816 spec.py:321] Evaluating on the training split.
I0207 22:33:06.746317 140225696298816 workload.py:181] Translating evaluation dataset.
I0207 22:36:35.512717 140225696298816 spec.py:333] Evaluating on the validation split.
I0207 22:36:38.187442 140225696298816 workload.py:181] Translating evaluation dataset.
I0207 22:39:17.772741 140225696298816 spec.py:349] Evaluating on the test split.
I0207 22:39:20.453092 140225696298816 workload.py:181] Translating evaluation dataset.
I0207 22:41:54.040266 140225696298816 submission_runner.py:408] Time since start: 30843.16s, 	Step: 53483, 	{'train/accuracy': 0.6628263592720032, 'train/loss': 1.7955244779586792, 'train/bleu': 32.78826064342799, 'validation/accuracy': 0.6780325174331665, 'validation/loss': 1.6881910562515259, 'validation/bleu': 29.682209609916477, 'validation/num_examples': 3000, 'test/accuracy': 0.693265974521637, 'test/loss': 1.6090433597564697, 'test/bleu': 29.551221567046127, 'test/num_examples': 3003, 'score': 18507.86905694008, 'total_duration': 30843.158007144928, 'accumulated_submission_time': 18507.86905694008, 'accumulated_eval_time': 12332.954099178314, 'accumulated_logging_time': 0.6230416297912598}
I0207 22:41:54.062671 140051005212416 logging_writer.py:48] [53483] accumulated_eval_time=12332.954099, accumulated_logging_time=0.623042, accumulated_submission_time=18507.869057, global_step=53483, preemption_count=0, score=18507.869057, test/accuracy=0.693266, test/bleu=29.551222, test/loss=1.609043, test/num_examples=3003, total_duration=30843.158007, train/accuracy=0.662826, train/bleu=32.788261, train/loss=1.795524, validation/accuracy=0.678033, validation/bleu=29.682210, validation/loss=1.688191, validation/num_examples=3000
I0207 22:42:00.275000 140050996819712 logging_writer.py:48] [53500] global_step=53500, grad_norm=0.2557179927825928, loss=3.8873965740203857
I0207 22:42:34.717663 140051005212416 logging_writer.py:48] [53600] global_step=53600, grad_norm=0.358858197927475, loss=3.90541410446167
I0207 22:43:09.281262 140050996819712 logging_writer.py:48] [53700] global_step=53700, grad_norm=0.3734321594238281, loss=3.9133691787719727
I0207 22:43:43.851407 140051005212416 logging_writer.py:48] [53800] global_step=53800, grad_norm=0.26381176710128784, loss=3.861985921859741
I0207 22:44:18.423293 140050996819712 logging_writer.py:48] [53900] global_step=53900, grad_norm=0.22903560101985931, loss=3.824986457824707
I0207 22:44:52.973488 140051005212416 logging_writer.py:48] [54000] global_step=54000, grad_norm=0.2693463861942291, loss=3.8576624393463135
I0207 22:45:27.530310 140050996819712 logging_writer.py:48] [54100] global_step=54100, grad_norm=0.2640257775783539, loss=3.806222438812256
I0207 22:46:02.098569 140051005212416 logging_writer.py:48] [54200] global_step=54200, grad_norm=0.2743483781814575, loss=3.852358341217041
I0207 22:46:36.669847 140050996819712 logging_writer.py:48] [54300] global_step=54300, grad_norm=0.2476479411125183, loss=3.8506460189819336
I0207 22:47:11.234785 140051005212416 logging_writer.py:48] [54400] global_step=54400, grad_norm=0.29702457785606384, loss=3.838413953781128
I0207 22:47:45.838595 140050996819712 logging_writer.py:48] [54500] global_step=54500, grad_norm=0.25271227955818176, loss=3.8240647315979004
I0207 22:48:20.432780 140051005212416 logging_writer.py:48] [54600] global_step=54600, grad_norm=0.2552281320095062, loss=3.877140522003174
I0207 22:48:55.044436 140050996819712 logging_writer.py:48] [54700] global_step=54700, grad_norm=0.2457047402858734, loss=3.855095386505127
I0207 22:49:29.630429 140051005212416 logging_writer.py:48] [54800] global_step=54800, grad_norm=0.2822751998901367, loss=3.8546299934387207
I0207 22:50:04.223954 140050996819712 logging_writer.py:48] [54900] global_step=54900, grad_norm=0.2729698717594147, loss=3.8964672088623047
I0207 22:50:38.793506 140051005212416 logging_writer.py:48] [55000] global_step=55000, grad_norm=0.23260515928268433, loss=3.8328025341033936
I0207 22:51:13.364955 140050996819712 logging_writer.py:48] [55100] global_step=55100, grad_norm=0.2512141764163971, loss=3.9018964767456055
I0207 22:51:47.940493 140051005212416 logging_writer.py:48] [55200] global_step=55200, grad_norm=0.2615797221660614, loss=3.8639369010925293
I0207 22:52:22.501109 140050996819712 logging_writer.py:48] [55300] global_step=55300, grad_norm=0.25545743107795715, loss=3.8528878688812256
I0207 22:52:57.087798 140051005212416 logging_writer.py:48] [55400] global_step=55400, grad_norm=0.3017694354057312, loss=3.834608793258667
I0207 22:53:31.646576 140050996819712 logging_writer.py:48] [55500] global_step=55500, grad_norm=0.29449737071990967, loss=3.839144706726074
I0207 22:54:06.240852 140051005212416 logging_writer.py:48] [55600] global_step=55600, grad_norm=0.2833166718482971, loss=3.8625311851501465
I0207 22:54:40.806531 140050996819712 logging_writer.py:48] [55700] global_step=55700, grad_norm=0.283915638923645, loss=3.838257312774658
I0207 22:55:15.386469 140051005212416 logging_writer.py:48] [55800] global_step=55800, grad_norm=0.2652827799320221, loss=3.892587184906006
I0207 22:55:49.934103 140050996819712 logging_writer.py:48] [55900] global_step=55900, grad_norm=0.25122299790382385, loss=3.8606865406036377
I0207 22:55:54.150990 140225696298816 spec.py:321] Evaluating on the training split.
I0207 22:55:57.123105 140225696298816 workload.py:181] Translating evaluation dataset.
I0207 22:58:46.355070 140225696298816 spec.py:333] Evaluating on the validation split.
I0207 22:58:49.036218 140225696298816 workload.py:181] Translating evaluation dataset.
I0207 23:01:15.608164 140225696298816 spec.py:349] Evaluating on the test split.
I0207 23:01:18.298183 140225696298816 workload.py:181] Translating evaluation dataset.
I0207 23:03:37.595674 140225696298816 submission_runner.py:408] Time since start: 32146.71s, 	Step: 55914, 	{'train/accuracy': 0.6604369282722473, 'train/loss': 1.8041754961013794, 'train/bleu': 33.13701132138776, 'validation/accuracy': 0.6777101159095764, 'validation/loss': 1.676916241645813, 'validation/bleu': 29.615411459159855, 'validation/num_examples': 3000, 'test/accuracy': 0.6930218935012817, 'test/loss': 1.5961912870407104, 'test/bleu': 29.350988973732594, 'test/num_examples': 3003, 'score': 19347.87039089203, 'total_duration': 32146.713432073593, 'accumulated_submission_time': 19347.87039089203, 'accumulated_eval_time': 12796.398730516434, 'accumulated_logging_time': 0.6548542976379395}
I0207 23:03:37.618775 140051005212416 logging_writer.py:48] [55914] accumulated_eval_time=12796.398731, accumulated_logging_time=0.654854, accumulated_submission_time=19347.870391, global_step=55914, preemption_count=0, score=19347.870391, test/accuracy=0.693022, test/bleu=29.350989, test/loss=1.596191, test/num_examples=3003, total_duration=32146.713432, train/accuracy=0.660437, train/bleu=33.137011, train/loss=1.804175, validation/accuracy=0.677710, validation/bleu=29.615411, validation/loss=1.676916, validation/num_examples=3000
I0207 23:04:07.593667 140050996819712 logging_writer.py:48] [56000] global_step=56000, grad_norm=0.2782432436943054, loss=3.8768904209136963
I0207 23:04:42.047096 140051005212416 logging_writer.py:48] [56100] global_step=56100, grad_norm=0.2412707507610321, loss=3.762803554534912
I0207 23:05:16.622064 140050996819712 logging_writer.py:48] [56200] global_step=56200, grad_norm=0.24669066071510315, loss=3.826969623565674
I0207 23:05:51.188235 140051005212416 logging_writer.py:48] [56300] global_step=56300, grad_norm=0.26728081703186035, loss=3.8855581283569336
I0207 23:06:25.771241 140050996819712 logging_writer.py:48] [56400] global_step=56400, grad_norm=0.3404485583305359, loss=3.858881711959839
I0207 23:07:00.337643 140051005212416 logging_writer.py:48] [56500] global_step=56500, grad_norm=0.26974642276763916, loss=3.874890089035034
I0207 23:07:34.912531 140050996819712 logging_writer.py:48] [56600] global_step=56600, grad_norm=0.2385350465774536, loss=3.803246021270752
I0207 23:08:09.467522 140051005212416 logging_writer.py:48] [56700] global_step=56700, grad_norm=0.23586997389793396, loss=3.8948724269866943
I0207 23:08:44.075255 140050996819712 logging_writer.py:48] [56800] global_step=56800, grad_norm=0.25172725319862366, loss=3.8572299480438232
I0207 23:09:18.639405 140051005212416 logging_writer.py:48] [56900] global_step=56900, grad_norm=0.3076040744781494, loss=3.858938694000244
I0207 23:09:53.209486 140050996819712 logging_writer.py:48] [57000] global_step=57000, grad_norm=0.2373872697353363, loss=3.834374189376831
I0207 23:10:27.754770 140051005212416 logging_writer.py:48] [57100] global_step=57100, grad_norm=1.0005040168762207, loss=6.006791591644287
I0207 23:11:02.258078 140050996819712 logging_writer.py:48] [57200] global_step=57200, grad_norm=0.397331178188324, loss=5.490871429443359
I0207 23:11:36.760393 140051005212416 logging_writer.py:48] [57300] global_step=57300, grad_norm=0.47814658284187317, loss=5.46678352355957
I0207 23:12:11.273035 140050996819712 logging_writer.py:48] [57400] global_step=57400, grad_norm=0.3166877329349518, loss=5.448461055755615
I0207 23:12:45.793632 140051005212416 logging_writer.py:48] [57500] global_step=57500, grad_norm=0.34830284118652344, loss=5.4281768798828125
I0207 23:13:20.300053 140050996819712 logging_writer.py:48] [57600] global_step=57600, grad_norm=0.542475163936615, loss=5.391366958618164
I0207 23:13:54.827512 140051005212416 logging_writer.py:48] [57700] global_step=57700, grad_norm=0.4003169536590576, loss=5.391411781311035
I0207 23:14:29.281934 140050996819712 logging_writer.py:48] [57800] global_step=57800, grad_norm=0.41851183772087097, loss=5.379457950592041
I0207 23:15:03.755077 140051005212416 logging_writer.py:48] [57900] global_step=57900, grad_norm=1.1971882581710815, loss=5.345099449157715
I0207 23:15:38.282078 140050996819712 logging_writer.py:48] [58000] global_step=58000, grad_norm=1.1504794359207153, loss=5.372134685516357
I0207 23:16:12.792029 140051005212416 logging_writer.py:48] [58100] global_step=58100, grad_norm=0.7998668551445007, loss=5.332372188568115
I0207 23:16:47.281012 140050996819712 logging_writer.py:48] [58200] global_step=58200, grad_norm=0.765768826007843, loss=5.30422830581665
I0207 23:17:21.796658 140051005212416 logging_writer.py:48] [58300] global_step=58300, grad_norm=1.2589586973190308, loss=5.307278633117676
I0207 23:17:37.740323 140225696298816 spec.py:321] Evaluating on the training split.
I0207 23:17:40.707973 140225696298816 workload.py:181] Translating evaluation dataset.
W0207 23:22:15.039744 140225696298816 bleu.py:65] That's 100 lines that end in a tokenized period ('.')
W0207 23:22:15.039972 140225696298816 bleu.py:67] It looks like you forgot to detokenize your test data, which may hurt your score.
W0207 23:22:15.040041 140225696298816 bleu.py:69] If you insist your data is detokenized, or don't care, you can suppress this message with '--force'.
I0207 23:22:16.027850 140225696298816 spec.py:333] Evaluating on the validation split.
I0207 23:22:18.698337 140225696298816 workload.py:181] Translating evaluation dataset.
W0207 23:26:42.493447 140225696298816 bleu.py:65] That's 100 lines that end in a tokenized period ('.')
W0207 23:26:42.493684 140225696298816 bleu.py:67] It looks like you forgot to detokenize your test data, which may hurt your score.
W0207 23:26:42.493735 140225696298816 bleu.py:69] If you insist your data is detokenized, or don't care, you can suppress this message with '--force'.
I0207 23:26:42.756503 140225696298816 spec.py:349] Evaluating on the test split.
I0207 23:26:45.425960 140225696298816 workload.py:181] Translating evaluation dataset.
W0207 23:31:11.308767 140225696298816 bleu.py:65] That's 100 lines that end in a tokenized period ('.')
W0207 23:31:11.309032 140225696298816 bleu.py:67] It looks like you forgot to detokenize your test data, which may hurt your score.
W0207 23:31:11.309091 140225696298816 bleu.py:69] If you insist your data is detokenized, or don't care, you can suppress this message with '--force'.
I0207 23:31:11.981468 140225696298816 submission_runner.py:408] Time since start: 33801.10s, 	Step: 58348, 	{'train/accuracy': 0.37330424785614014, 'train/loss': 3.6769845485687256, 'train/bleu': 1.7790266662847813, 'validation/accuracy': 0.3269147276878357, 'validation/loss': 4.14604377746582, 'validation/bleu': 0.3167417668719349, 'validation/num_examples': 3000, 'test/accuracy': 0.3172041177749634, 'test/loss': 4.3111090660095215, 'test/bleu': 0.2760901163922393, 'test/num_examples': 3003, 'score': 20187.9033575058, 'total_duration': 33801.09925675392, 'accumulated_submission_time': 20187.9033575058, 'accumulated_eval_time': 13610.639861106873, 'accumulated_logging_time': 0.6897470951080322}
I0207 23:31:12.003994 140050996819712 logging_writer.py:48] [58348] accumulated_eval_time=13610.639861, accumulated_logging_time=0.689747, accumulated_submission_time=20187.903358, global_step=58348, preemption_count=0, score=20187.903358, test/accuracy=0.317204, test/bleu=0.276090, test/loss=4.311109, test/num_examples=3003, total_duration=33801.099257, train/accuracy=0.373304, train/bleu=1.779027, train/loss=3.676985, validation/accuracy=0.326915, validation/bleu=0.316742, validation/loss=4.146044, validation/num_examples=3000
I0207 23:31:30.260672 140051005212416 logging_writer.py:48] [58400] global_step=58400, grad_norm=1.3828009366989136, loss=5.268263816833496
I0207 23:32:04.685984 140050996819712 logging_writer.py:48] [58500] global_step=58500, grad_norm=2.398813247680664, loss=5.15802001953125
I0207 23:32:39.246067 140051005212416 logging_writer.py:48] [58600] global_step=58600, grad_norm=0.2665734887123108, loss=3.945512533187866
I0207 23:33:13.815565 140050996819712 logging_writer.py:48] [58700] global_step=58700, grad_norm=0.2844873070716858, loss=3.9067811965942383
I0207 23:33:48.380311 140051005212416 logging_writer.py:48] [58800] global_step=58800, grad_norm=0.2709341049194336, loss=3.9058637619018555
I0207 23:34:22.935409 140050996819712 logging_writer.py:48] [58900] global_step=58900, grad_norm=0.24271491169929504, loss=3.853599786758423
I0207 23:34:57.498706 140051005212416 logging_writer.py:48] [59000] global_step=59000, grad_norm=0.26187440752983093, loss=3.8010809421539307
I0207 23:35:32.074670 140050996819712 logging_writer.py:48] [59100] global_step=59100, grad_norm=0.2376195788383484, loss=3.870619773864746
I0207 23:36:06.631059 140051005212416 logging_writer.py:48] [59200] global_step=59200, grad_norm=0.263492614030838, loss=3.851738929748535
I0207 23:36:41.176107 140050996819712 logging_writer.py:48] [59300] global_step=59300, grad_norm=0.2900862991809845, loss=3.928718328475952
I0207 23:37:15.746909 140051005212416 logging_writer.py:48] [59400] global_step=59400, grad_norm=0.2527647316455841, loss=3.8404147624969482
I0207 23:37:50.368668 140050996819712 logging_writer.py:48] [59500] global_step=59500, grad_norm=0.2652356028556824, loss=3.8337485790252686
I0207 23:38:24.955347 140051005212416 logging_writer.py:48] [59600] global_step=59600, grad_norm=0.2533286213874817, loss=3.794769525527954
I0207 23:38:59.536032 140050996819712 logging_writer.py:48] [59700] global_step=59700, grad_norm=0.25778135657310486, loss=3.8686115741729736
I0207 23:39:34.105079 140051005212416 logging_writer.py:48] [59800] global_step=59800, grad_norm=0.2449825555086136, loss=3.8295605182647705
I0207 23:40:08.670778 140050996819712 logging_writer.py:48] [59900] global_step=59900, grad_norm=0.2510177493095398, loss=3.810486078262329
I0207 23:40:43.246207 140051005212416 logging_writer.py:48] [60000] global_step=60000, grad_norm=0.34755122661590576, loss=3.8387317657470703
I0207 23:41:17.822575 140050996819712 logging_writer.py:48] [60100] global_step=60100, grad_norm=0.2522396445274353, loss=3.8680036067962646
I0207 23:41:52.402753 140051005212416 logging_writer.py:48] [60200] global_step=60200, grad_norm=0.25331664085388184, loss=3.835911750793457
I0207 23:42:26.992536 140050996819712 logging_writer.py:48] [60300] global_step=60300, grad_norm=0.25713035464286804, loss=3.8714091777801514
I0207 23:43:01.574041 140051005212416 logging_writer.py:48] [60400] global_step=60400, grad_norm=0.308293879032135, loss=3.881650447845459
I0207 23:43:36.143851 140050996819712 logging_writer.py:48] [60500] global_step=60500, grad_norm=0.24636434018611908, loss=3.859909772872925
I0207 23:44:10.724811 140051005212416 logging_writer.py:48] [60600] global_step=60600, grad_norm=0.24792687594890594, loss=3.8451526165008545
I0207 23:44:45.292173 140050996819712 logging_writer.py:48] [60700] global_step=60700, grad_norm=0.3262316584587097, loss=3.7905337810516357
I0207 23:45:11.988107 140225696298816 spec.py:321] Evaluating on the training split.
I0207 23:45:14.960098 140225696298816 workload.py:181] Translating evaluation dataset.
I0207 23:48:27.205650 140225696298816 spec.py:333] Evaluating on the validation split.
I0207 23:48:29.895447 140225696298816 workload.py:181] Translating evaluation dataset.
I0207 23:51:11.315680 140225696298816 spec.py:349] Evaluating on the test split.
I0207 23:51:13.996319 140225696298816 workload.py:181] Translating evaluation dataset.
I0207 23:53:48.199598 140225696298816 submission_runner.py:408] Time since start: 35157.32s, 	Step: 60779, 	{'train/accuracy': 0.6671022176742554, 'train/loss': 1.770507574081421, 'train/bleu': 32.896878208625374, 'validation/accuracy': 0.6774373650550842, 'validation/loss': 1.6847100257873535, 'validation/bleu': 29.561452728455883, 'validation/num_examples': 3000, 'test/accuracy': 0.6925687193870544, 'test/loss': 1.6012877225875854, 'test/bleu': 29.86454461957114, 'test/num_examples': 3003, 'score': 21027.7988653183, 'total_duration': 35157.31735706329, 'accumulated_submission_time': 21027.7988653183, 'accumulated_eval_time': 14126.851303100586, 'accumulated_logging_time': 0.7242088317871094}
I0207 23:53:48.221754 140051005212416 logging_writer.py:48] [60779] accumulated_eval_time=14126.851303, accumulated_logging_time=0.724209, accumulated_submission_time=21027.798865, global_step=60779, preemption_count=0, score=21027.798865, test/accuracy=0.692569, test/bleu=29.864545, test/loss=1.601288, test/num_examples=3003, total_duration=35157.317357, train/accuracy=0.667102, train/bleu=32.896878, train/loss=1.770508, validation/accuracy=0.677437, validation/bleu=29.561453, validation/loss=1.684710, validation/num_examples=3000
I0207 23:53:55.792286 140050996819712 logging_writer.py:48] [60800] global_step=60800, grad_norm=0.2714906334877014, loss=3.913820505142212
I0207 23:54:30.234489 140051005212416 logging_writer.py:48] [60900] global_step=60900, grad_norm=0.24337273836135864, loss=3.8705451488494873
I0207 23:55:04.751305 140050996819712 logging_writer.py:48] [61000] global_step=61000, grad_norm=0.2735728621482849, loss=3.8522469997406006
I0207 23:55:39.295076 140051005212416 logging_writer.py:48] [61100] global_step=61100, grad_norm=0.27244460582733154, loss=3.833728790283203
I0207 23:56:13.848666 140050996819712 logging_writer.py:48] [61200] global_step=61200, grad_norm=0.2716515362262726, loss=3.832090377807617
I0207 23:56:48.411492 140051005212416 logging_writer.py:48] [61300] global_step=61300, grad_norm=0.263903945684433, loss=3.8557443618774414
I0207 23:57:22.979477 140050996819712 logging_writer.py:48] [61400] global_step=61400, grad_norm=0.2656375467777252, loss=3.7992987632751465
I0207 23:57:57.544906 140051005212416 logging_writer.py:48] [61500] global_step=61500, grad_norm=0.2528819441795349, loss=3.794316291809082
I0207 23:58:32.099221 140050996819712 logging_writer.py:48] [61600] global_step=61600, grad_norm=0.3071014881134033, loss=3.8374617099761963
I0207 23:59:06.673629 140051005212416 logging_writer.py:48] [61700] global_step=61700, grad_norm=0.2536109387874603, loss=3.8190855979919434
I0207 23:59:41.253559 140050996819712 logging_writer.py:48] [61800] global_step=61800, grad_norm=0.29482439160346985, loss=3.863626480102539
I0208 00:00:15.817667 140051005212416 logging_writer.py:48] [61900] global_step=61900, grad_norm=0.2543027400970459, loss=3.8664119243621826
I0208 00:00:50.397246 140050996819712 logging_writer.py:48] [62000] global_step=62000, grad_norm=0.32459861040115356, loss=3.866293430328369
I0208 00:01:24.949246 140051005212416 logging_writer.py:48] [62100] global_step=62100, grad_norm=0.2535490393638611, loss=3.7997384071350098
I0208 00:01:59.514027 140050996819712 logging_writer.py:48] [62200] global_step=62200, grad_norm=0.26557520031929016, loss=3.8631889820098877
I0208 00:02:34.086595 140051005212416 logging_writer.py:48] [62300] global_step=62300, grad_norm=0.270192414522171, loss=3.8518190383911133
I0208 00:03:08.668147 140050996819712 logging_writer.py:48] [62400] global_step=62400, grad_norm=0.28028973937034607, loss=3.8066728115081787
I0208 00:03:43.255629 140051005212416 logging_writer.py:48] [62500] global_step=62500, grad_norm=0.2727140188217163, loss=3.823957920074463
I0208 00:04:17.819314 140050996819712 logging_writer.py:48] [62600] global_step=62600, grad_norm=0.261653870344162, loss=3.7942192554473877
I0208 00:04:52.376025 140051005212416 logging_writer.py:48] [62700] global_step=62700, grad_norm=0.2724251449108124, loss=3.8395564556121826
I0208 00:05:26.957126 140050996819712 logging_writer.py:48] [62800] global_step=62800, grad_norm=0.2854558527469635, loss=3.9033849239349365
I0208 00:06:01.513814 140051005212416 logging_writer.py:48] [62900] global_step=62900, grad_norm=0.24836596846580505, loss=3.8578941822052
I0208 00:06:36.075390 140050996819712 logging_writer.py:48] [63000] global_step=63000, grad_norm=0.2625378668308258, loss=3.865088939666748
I0208 00:07:10.646046 140051005212416 logging_writer.py:48] [63100] global_step=63100, grad_norm=0.26604270935058594, loss=3.817692518234253
I0208 00:07:45.208172 140050996819712 logging_writer.py:48] [63200] global_step=63200, grad_norm=0.2606356739997864, loss=3.7981362342834473
I0208 00:07:48.392533 140225696298816 spec.py:321] Evaluating on the training split.
I0208 00:07:51.370827 140225696298816 workload.py:181] Translating evaluation dataset.
I0208 00:10:40.968531 140225696298816 spec.py:333] Evaluating on the validation split.
I0208 00:10:43.657840 140225696298816 workload.py:181] Translating evaluation dataset.
I0208 00:13:10.302829 140225696298816 spec.py:349] Evaluating on the test split.
I0208 00:13:12.991462 140225696298816 workload.py:181] Translating evaluation dataset.
I0208 00:15:34.049946 140225696298816 submission_runner.py:408] Time since start: 36463.17s, 	Step: 63211, 	{'train/accuracy': 0.6855831146240234, 'train/loss': 1.6496340036392212, 'train/bleu': 34.1527935497728, 'validation/accuracy': 0.679582417011261, 'validation/loss': 1.6690008640289307, 'validation/bleu': 29.659998515776348, 'validation/num_examples': 3000, 'test/accuracy': 0.6939283013343811, 'test/loss': 1.5856915712356567, 'test/bleu': 29.44425505315059, 'test/num_examples': 3003, 'score': 21867.882091760635, 'total_duration': 36463.16767692566, 'accumulated_submission_time': 21867.882091760635, 'accumulated_eval_time': 14592.508635282516, 'accumulated_logging_time': 0.7560958862304688}
I0208 00:15:34.073156 140051005212416 logging_writer.py:48] [63211] accumulated_eval_time=14592.508635, accumulated_logging_time=0.756096, accumulated_submission_time=21867.882092, global_step=63211, preemption_count=0, score=21867.882092, test/accuracy=0.693928, test/bleu=29.444255, test/loss=1.585692, test/num_examples=3003, total_duration=36463.167677, train/accuracy=0.685583, train/bleu=34.152794, train/loss=1.649634, validation/accuracy=0.679582, validation/bleu=29.659999, validation/loss=1.669001, validation/num_examples=3000
I0208 00:16:05.083027 140050996819712 logging_writer.py:48] [63300] global_step=63300, grad_norm=0.300694078207016, loss=3.8047051429748535
I0208 00:16:39.571129 140051005212416 logging_writer.py:48] [63400] global_step=63400, grad_norm=0.274112731218338, loss=3.890941858291626
I0208 00:17:14.149484 140050996819712 logging_writer.py:48] [63500] global_step=63500, grad_norm=0.25234660506248474, loss=3.880359649658203
I0208 00:17:48.710224 140051005212416 logging_writer.py:48] [63600] global_step=63600, grad_norm=0.26744288206100464, loss=3.8758370876312256
I0208 00:18:23.269708 140050996819712 logging_writer.py:48] [63700] global_step=63700, grad_norm=0.25095152854919434, loss=3.813692331314087
I0208 00:18:57.837850 140051005212416 logging_writer.py:48] [63800] global_step=63800, grad_norm=0.2618899643421173, loss=3.8617663383483887
I0208 00:19:32.437045 140050996819712 logging_writer.py:48] [63900] global_step=63900, grad_norm=0.2702102065086365, loss=3.85361385345459
I0208 00:20:07.012586 140051005212416 logging_writer.py:48] [64000] global_step=64000, grad_norm=0.27079787850379944, loss=3.869053602218628
I0208 00:20:41.565154 140050996819712 logging_writer.py:48] [64100] global_step=64100, grad_norm=0.28131574392318726, loss=3.843829393386841
I0208 00:21:16.123555 140051005212416 logging_writer.py:48] [64200] global_step=64200, grad_norm=0.2746049761772156, loss=3.8743865489959717
I0208 00:21:50.689126 140050996819712 logging_writer.py:48] [64300] global_step=64300, grad_norm=0.23813848197460175, loss=3.8674168586730957
I0208 00:22:25.270735 140051005212416 logging_writer.py:48] [64400] global_step=64400, grad_norm=0.26033249497413635, loss=3.884176254272461
I0208 00:22:59.863011 140050996819712 logging_writer.py:48] [64500] global_step=64500, grad_norm=0.2651752829551697, loss=3.892024278640747
I0208 00:23:34.448610 140051005212416 logging_writer.py:48] [64600] global_step=64600, grad_norm=0.24339184165000916, loss=3.863196849822998
I0208 00:24:09.018209 140050996819712 logging_writer.py:48] [64700] global_step=64700, grad_norm=0.27064254879951477, loss=3.868314266204834
I0208 00:24:43.610958 140051005212416 logging_writer.py:48] [64800] global_step=64800, grad_norm=0.2461249977350235, loss=3.839677095413208
I0208 00:25:18.185119 140050996819712 logging_writer.py:48] [64900] global_step=64900, grad_norm=0.2598545551300049, loss=3.8188161849975586
I0208 00:25:52.783190 140051005212416 logging_writer.py:48] [65000] global_step=65000, grad_norm=0.256561815738678, loss=3.8224480152130127
I0208 00:26:27.356236 140050996819712 logging_writer.py:48] [65100] global_step=65100, grad_norm=0.2581036388874054, loss=3.807894706726074
I0208 00:27:01.940087 140051005212416 logging_writer.py:48] [65200] global_step=65200, grad_norm=0.25636833906173706, loss=3.847747564315796
I0208 00:27:36.523663 140050996819712 logging_writer.py:48] [65300] global_step=65300, grad_norm=0.2538689374923706, loss=3.839674711227417
I0208 00:28:11.092497 140051005212416 logging_writer.py:48] [65400] global_step=65400, grad_norm=0.27267560362815857, loss=3.865158796310425
I0208 00:28:45.676273 140050996819712 logging_writer.py:48] [65500] global_step=65500, grad_norm=0.26022040843963623, loss=3.8428401947021484
I0208 00:29:20.255892 140051005212416 logging_writer.py:48] [65600] global_step=65600, grad_norm=0.25667038559913635, loss=3.841326951980591
I0208 00:29:34.141487 140225696298816 spec.py:321] Evaluating on the training split.
I0208 00:29:37.108866 140225696298816 workload.py:181] Translating evaluation dataset.
I0208 00:32:18.628925 140225696298816 spec.py:333] Evaluating on the validation split.
I0208 00:32:21.314162 140225696298816 workload.py:181] Translating evaluation dataset.
I0208 00:34:48.522638 140225696298816 spec.py:349] Evaluating on the test split.
I0208 00:34:51.205368 140225696298816 workload.py:181] Translating evaluation dataset.
I0208 00:37:13.232693 140225696298816 submission_runner.py:408] Time since start: 37762.35s, 	Step: 65642, 	{'train/accuracy': 0.6722832322120667, 'train/loss': 1.7180349826812744, 'train/bleu': 33.70603561239361, 'validation/accuracy': 0.681913435459137, 'validation/loss': 1.6529948711395264, 'validation/bleu': 30.087363587995426, 'validation/num_examples': 3000, 'test/accuracy': 0.6969264149665833, 'test/loss': 1.5698133707046509, 'test/bleu': 29.882720372420852, 'test/num_examples': 3003, 'score': 22707.863388299942, 'total_duration': 37762.350452661514, 'accumulated_submission_time': 22707.863388299942, 'accumulated_eval_time': 15051.599786758423, 'accumulated_logging_time': 0.7890956401824951}
I0208 00:37:13.255818 140050996819712 logging_writer.py:48] [65642] accumulated_eval_time=15051.599787, accumulated_logging_time=0.789096, accumulated_submission_time=22707.863388, global_step=65642, preemption_count=0, score=22707.863388, test/accuracy=0.696926, test/bleu=29.882720, test/loss=1.569813, test/num_examples=3003, total_duration=37762.350453, train/accuracy=0.672283, train/bleu=33.706036, train/loss=1.718035, validation/accuracy=0.681913, validation/bleu=30.087364, validation/loss=1.652995, validation/num_examples=3000
I0208 00:37:33.596921 140051005212416 logging_writer.py:48] [65700] global_step=65700, grad_norm=0.2422344833612442, loss=3.7911767959594727
I0208 00:38:08.064350 140050996819712 logging_writer.py:48] [65800] global_step=65800, grad_norm=0.32175084948539734, loss=3.8611340522766113
I0208 00:38:42.605138 140051005212416 logging_writer.py:48] [65900] global_step=65900, grad_norm=0.2508993148803711, loss=3.8199551105499268
I0208 00:39:17.163298 140050996819712 logging_writer.py:48] [66000] global_step=66000, grad_norm=0.3612169623374939, loss=3.8390464782714844
I0208 00:39:51.717878 140051005212416 logging_writer.py:48] [66100] global_step=66100, grad_norm=0.2899060845375061, loss=3.7909111976623535
I0208 00:40:26.292255 140050996819712 logging_writer.py:48] [66200] global_step=66200, grad_norm=0.252130925655365, loss=3.7936604022979736
I0208 00:41:00.879019 140051005212416 logging_writer.py:48] [66300] global_step=66300, grad_norm=0.2625163793563843, loss=3.767585039138794
I0208 00:41:35.454238 140050996819712 logging_writer.py:48] [66400] global_step=66400, grad_norm=0.25495460629463196, loss=3.7594857215881348
I0208 00:42:10.026615 140051005212416 logging_writer.py:48] [66500] global_step=66500, grad_norm=0.2822674512863159, loss=3.8217358589172363
I0208 00:42:44.608452 140050996819712 logging_writer.py:48] [66600] global_step=66600, grad_norm=0.2694402039051056, loss=3.890561819076538
I0208 00:43:19.166702 140051005212416 logging_writer.py:48] [66700] global_step=66700, grad_norm=0.2690873444080353, loss=3.792001724243164
I0208 00:43:53.758877 140050996819712 logging_writer.py:48] [66800] global_step=66800, grad_norm=0.2917812466621399, loss=3.8209640979766846
I0208 00:44:28.317141 140051005212416 logging_writer.py:48] [66900] global_step=66900, grad_norm=0.2754669189453125, loss=3.789418935775757
I0208 00:45:02.900715 140050996819712 logging_writer.py:48] [67000] global_step=67000, grad_norm=0.2933413088321686, loss=3.8612749576568604
I0208 00:45:37.482820 140051005212416 logging_writer.py:48] [67100] global_step=67100, grad_norm=0.2636653780937195, loss=3.836181163787842
I0208 00:46:12.071723 140050996819712 logging_writer.py:48] [67200] global_step=67200, grad_norm=0.25142455101013184, loss=3.7998099327087402
I0208 00:46:46.726101 140051005212416 logging_writer.py:48] [67300] global_step=67300, grad_norm=0.25735875964164734, loss=3.76261305809021
I0208 00:47:21.307327 140050996819712 logging_writer.py:48] [67400] global_step=67400, grad_norm=0.2714356780052185, loss=3.8433587551116943
I0208 00:47:55.871984 140051005212416 logging_writer.py:48] [67500] global_step=67500, grad_norm=0.2522423267364502, loss=3.7525224685668945
I0208 00:48:30.438308 140050996819712 logging_writer.py:48] [67600] global_step=67600, grad_norm=0.2699161767959595, loss=3.7268929481506348
I0208 00:49:05.026624 140051005212416 logging_writer.py:48] [67700] global_step=67700, grad_norm=0.2588476836681366, loss=3.8132505416870117
I0208 00:49:39.609230 140050996819712 logging_writer.py:48] [67800] global_step=67800, grad_norm=0.27615904808044434, loss=3.8233959674835205
I0208 00:50:14.206557 140051005212416 logging_writer.py:48] [67900] global_step=67900, grad_norm=0.3195739686489105, loss=3.8445186614990234
I0208 00:50:48.782332 140050996819712 logging_writer.py:48] [68000] global_step=68000, grad_norm=0.2530386745929718, loss=3.76932954788208
I0208 00:51:13.407130 140225696298816 spec.py:321] Evaluating on the training split.
I0208 00:51:16.383373 140225696298816 workload.py:181] Translating evaluation dataset.
I0208 00:53:51.776322 140225696298816 spec.py:333] Evaluating on the validation split.
I0208 00:53:54.454804 140225696298816 workload.py:181] Translating evaluation dataset.
I0208 00:56:22.883466 140225696298816 spec.py:349] Evaluating on the test split.
I0208 00:56:25.558793 140225696298816 workload.py:181] Translating evaluation dataset.
I0208 00:58:44.644688 140225696298816 submission_runner.py:408] Time since start: 39053.76s, 	Step: 68073, 	{'train/accuracy': 0.6699897646903992, 'train/loss': 1.7524583339691162, 'train/bleu': 33.207613914396966, 'validation/accuracy': 0.6819630265235901, 'validation/loss': 1.6551176309585571, 'validation/bleu': 30.112537396175984, 'validation/num_examples': 3000, 'test/accuracy': 0.6972169280052185, 'test/loss': 1.5671659708023071, 'test/bleu': 29.769703618118545, 'test/num_examples': 3003, 'score': 23547.92662167549, 'total_duration': 39053.7624464035, 'accumulated_submission_time': 23547.92662167549, 'accumulated_eval_time': 15502.837298870087, 'accumulated_logging_time': 0.822166919708252}
I0208 00:58:44.670512 140051005212416 logging_writer.py:48] [68073] accumulated_eval_time=15502.837299, accumulated_logging_time=0.822167, accumulated_submission_time=23547.926622, global_step=68073, preemption_count=0, score=23547.926622, test/accuracy=0.697217, test/bleu=29.769704, test/loss=1.567166, test/num_examples=3003, total_duration=39053.762446, train/accuracy=0.669990, train/bleu=33.207614, train/loss=1.752458, validation/accuracy=0.681963, validation/bleu=30.112537, validation/loss=1.655118, validation/num_examples=3000
I0208 00:58:54.323698 140050996819712 logging_writer.py:48] [68100] global_step=68100, grad_norm=0.3529020845890045, loss=3.757683515548706
I0208 00:59:28.745191 140051005212416 logging_writer.py:48] [68200] global_step=68200, grad_norm=0.30201292037963867, loss=3.860259771347046
I0208 01:00:03.274864 140050996819712 logging_writer.py:48] [68300] global_step=68300, grad_norm=0.27506232261657715, loss=3.8519914150238037
I0208 01:00:37.840448 140051005212416 logging_writer.py:48] [68400] global_step=68400, grad_norm=0.27119725942611694, loss=3.8357009887695312
I0208 01:01:12.418776 140050996819712 logging_writer.py:48] [68500] global_step=68500, grad_norm=0.2752152681350708, loss=3.8147103786468506
I0208 01:01:47.000512 140051005212416 logging_writer.py:48] [68600] global_step=68600, grad_norm=0.2955404818058014, loss=3.843435525894165
I0208 01:02:21.571446 140050996819712 logging_writer.py:48] [68700] global_step=68700, grad_norm=0.2791227698326111, loss=3.812194347381592
I0208 01:02:56.161432 140051005212416 logging_writer.py:48] [68800] global_step=68800, grad_norm=0.30702632665634155, loss=3.8709468841552734
I0208 01:03:30.762440 140050996819712 logging_writer.py:48] [68900] global_step=68900, grad_norm=0.24526984989643097, loss=3.8051133155822754
I0208 01:04:05.326383 140051005212416 logging_writer.py:48] [69000] global_step=69000, grad_norm=0.3044312596321106, loss=3.823650360107422
I0208 01:04:39.920011 140050996819712 logging_writer.py:48] [69100] global_step=69100, grad_norm=0.2776345908641815, loss=3.850435495376587
I0208 01:05:14.495381 140051005212416 logging_writer.py:48] [69200] global_step=69200, grad_norm=0.2815868854522705, loss=3.8403067588806152
I0208 01:05:49.057770 140050996819712 logging_writer.py:48] [69300] global_step=69300, grad_norm=0.25146210193634033, loss=3.7633957862854004
I0208 01:06:23.655087 140051005212416 logging_writer.py:48] [69400] global_step=69400, grad_norm=0.2537950277328491, loss=3.782496929168701
I0208 01:06:58.257761 140050996819712 logging_writer.py:48] [69500] global_step=69500, grad_norm=0.26683783531188965, loss=3.7780921459198
I0208 01:07:32.849603 140051005212416 logging_writer.py:48] [69600] global_step=69600, grad_norm=0.2830752432346344, loss=3.8178365230560303
I0208 01:08:07.425046 140050996819712 logging_writer.py:48] [69700] global_step=69700, grad_norm=0.2574551999568939, loss=3.839623212814331
I0208 01:08:41.985651 140051005212416 logging_writer.py:48] [69800] global_step=69800, grad_norm=0.2623016834259033, loss=3.759312152862549
I0208 01:09:16.545554 140050996819712 logging_writer.py:48] [69900] global_step=69900, grad_norm=0.26326555013656616, loss=3.80429744720459
I0208 01:09:51.122905 140051005212416 logging_writer.py:48] [70000] global_step=70000, grad_norm=0.26970627903938293, loss=3.777355432510376
I0208 01:10:25.679100 140050996819712 logging_writer.py:48] [70100] global_step=70100, grad_norm=0.2930193543434143, loss=3.8066320419311523
I0208 01:11:00.256770 140051005212416 logging_writer.py:48] [70200] global_step=70200, grad_norm=0.2680193781852722, loss=3.7725768089294434
I0208 01:11:34.801575 140050996819712 logging_writer.py:48] [70300] global_step=70300, grad_norm=0.27542930841445923, loss=3.7576892375946045
I0208 01:12:09.372070 140051005212416 logging_writer.py:48] [70400] global_step=70400, grad_norm=0.3068651854991913, loss=3.8197031021118164
I0208 01:12:43.963960 140050996819712 logging_writer.py:48] [70500] global_step=70500, grad_norm=0.2586732506752014, loss=3.8116118907928467
I0208 01:12:44.726460 140225696298816 spec.py:321] Evaluating on the training split.
I0208 01:12:47.709433 140225696298816 workload.py:181] Translating evaluation dataset.
I0208 01:15:29.963022 140225696298816 spec.py:333] Evaluating on the validation split.
I0208 01:15:32.646233 140225696298816 workload.py:181] Translating evaluation dataset.
I0208 01:18:14.092876 140225696298816 spec.py:349] Evaluating on the test split.
I0208 01:18:16.776059 140225696298816 workload.py:181] Translating evaluation dataset.
I0208 01:20:45.206337 140225696298816 submission_runner.py:408] Time since start: 40374.32s, 	Step: 70504, 	{'train/accuracy': 0.6783646941184998, 'train/loss': 1.6977791786193848, 'train/bleu': 34.29033621037187, 'validation/accuracy': 0.6820374131202698, 'validation/loss': 1.6467190980911255, 'validation/bleu': 30.249611344394367, 'validation/num_examples': 3000, 'test/accuracy': 0.6974377036094666, 'test/loss': 1.5637001991271973, 'test/bleu': 30.00090817367382, 'test/num_examples': 3003, 'score': 24387.89455485344, 'total_duration': 40374.32408332825, 'accumulated_submission_time': 24387.89455485344, 'accumulated_eval_time': 15983.3171210289, 'accumulated_logging_time': 0.857762336730957}
I0208 01:20:45.231899 140051005212416 logging_writer.py:48] [70504] accumulated_eval_time=15983.317121, accumulated_logging_time=0.857762, accumulated_submission_time=24387.894555, global_step=70504, preemption_count=0, score=24387.894555, test/accuracy=0.697438, test/bleu=30.000908, test/loss=1.563700, test/num_examples=3003, total_duration=40374.324083, train/accuracy=0.678365, train/bleu=34.290336, train/loss=1.697779, validation/accuracy=0.682037, validation/bleu=30.249611, validation/loss=1.646719, validation/num_examples=3000
I0208 01:21:18.636155 140050996819712 logging_writer.py:48] [70600] global_step=70600, grad_norm=0.26016244292259216, loss=3.848670482635498
I0208 01:21:53.144692 140051005212416 logging_writer.py:48] [70700] global_step=70700, grad_norm=0.27728113532066345, loss=3.7738656997680664
I0208 01:22:27.722365 140050996819712 logging_writer.py:48] [70800] global_step=70800, grad_norm=0.32757699489593506, loss=3.8621010780334473
I0208 01:23:02.291007 140051005212416 logging_writer.py:48] [70900] global_step=70900, grad_norm=0.26113420724868774, loss=3.8026905059814453
I0208 01:23:36.865869 140050996819712 logging_writer.py:48] [71000] global_step=71000, grad_norm=0.2621091902256012, loss=3.8722362518310547
I0208 01:24:11.432377 140051005212416 logging_writer.py:48] [71100] global_step=71100, grad_norm=0.26396864652633667, loss=3.825652599334717
I0208 01:24:46.011364 140050996819712 logging_writer.py:48] [71200] global_step=71200, grad_norm=0.25936076045036316, loss=3.805419683456421
I0208 01:25:20.593009 140051005212416 logging_writer.py:48] [71300] global_step=71300, grad_norm=0.30463898181915283, loss=3.8298516273498535
I0208 01:25:55.176692 140050996819712 logging_writer.py:48] [71400] global_step=71400, grad_norm=0.27202460169792175, loss=3.8236541748046875
I0208 01:26:29.761912 140051005212416 logging_writer.py:48] [71500] global_step=71500, grad_norm=0.3414310812950134, loss=3.8382833003997803
I0208 01:27:04.350758 140050996819712 logging_writer.py:48] [71600] global_step=71600, grad_norm=0.2667616009712219, loss=3.785893678665161
I0208 01:27:38.935347 140051005212416 logging_writer.py:48] [71700] global_step=71700, grad_norm=0.2743469774723053, loss=3.8285040855407715
I0208 01:28:13.533843 140050996819712 logging_writer.py:48] [71800] global_step=71800, grad_norm=0.27693474292755127, loss=3.8232715129852295
I0208 01:28:48.098153 140051005212416 logging_writer.py:48] [71900] global_step=71900, grad_norm=0.27937066555023193, loss=3.7802963256835938
I0208 01:29:22.682180 140050996819712 logging_writer.py:48] [72000] global_step=72000, grad_norm=0.2611674666404724, loss=3.8119466304779053
I0208 01:29:57.270890 140051005212416 logging_writer.py:48] [72100] global_step=72100, grad_norm=0.3037644624710083, loss=3.756375312805176
I0208 01:30:31.838998 140050996819712 logging_writer.py:48] [72200] global_step=72200, grad_norm=0.28924310207366943, loss=3.832331895828247
I0208 01:31:06.412225 140051005212416 logging_writer.py:48] [72300] global_step=72300, grad_norm=0.31454047560691833, loss=3.7783026695251465
I0208 01:31:40.995205 140050996819712 logging_writer.py:48] [72400] global_step=72400, grad_norm=0.3245512843132019, loss=3.7821640968322754
I0208 01:32:15.567399 140051005212416 logging_writer.py:48] [72500] global_step=72500, grad_norm=0.26051998138427734, loss=3.7722840309143066
I0208 01:32:50.148344 140050996819712 logging_writer.py:48] [72600] global_step=72600, grad_norm=0.2681584358215332, loss=3.7562832832336426
I0208 01:33:24.763620 140051005212416 logging_writer.py:48] [72700] global_step=72700, grad_norm=0.2703252136707306, loss=3.720841646194458
I0208 01:33:59.334225 140050996819712 logging_writer.py:48] [72800] global_step=72800, grad_norm=0.27606895565986633, loss=3.8058273792266846
I0208 01:34:33.947776 140051005212416 logging_writer.py:48] [72900] global_step=72900, grad_norm=0.2649347186088562, loss=3.7151317596435547
I0208 01:34:45.421396 140225696298816 spec.py:321] Evaluating on the training split.
I0208 01:34:48.395147 140225696298816 workload.py:181] Translating evaluation dataset.
I0208 01:37:28.629831 140225696298816 spec.py:333] Evaluating on the validation split.
I0208 01:37:31.321769 140225696298816 workload.py:181] Translating evaluation dataset.
I0208 01:40:04.207787 140225696298816 spec.py:349] Evaluating on the test split.
I0208 01:40:06.885716 140225696298816 workload.py:181] Translating evaluation dataset.
I0208 01:42:21.923895 140225696298816 submission_runner.py:408] Time since start: 41671.04s, 	Step: 72935, 	{'train/accuracy': 0.6749582886695862, 'train/loss': 1.7154207229614258, 'train/bleu': 33.6660576168447, 'validation/accuracy': 0.6837732791900635, 'validation/loss': 1.6429944038391113, 'validation/bleu': 29.911717014627982, 'validation/num_examples': 3000, 'test/accuracy': 0.6994480490684509, 'test/loss': 1.5574828386306763, 'test/bleu': 29.76888711725281, 'test/num_examples': 3003, 'score': 25227.994698286057, 'total_duration': 41671.04165291786, 'accumulated_submission_time': 25227.994698286057, 'accumulated_eval_time': 16439.81956934929, 'accumulated_logging_time': 0.8949284553527832}
I0208 01:42:21.951958 140050996819712 logging_writer.py:48] [72935] accumulated_eval_time=16439.819569, accumulated_logging_time=0.894928, accumulated_submission_time=25227.994698, global_step=72935, preemption_count=0, score=25227.994698, test/accuracy=0.699448, test/bleu=29.768887, test/loss=1.557483, test/num_examples=3003, total_duration=41671.041653, train/accuracy=0.674958, train/bleu=33.666058, train/loss=1.715421, validation/accuracy=0.683773, validation/bleu=29.911717, validation/loss=1.642994, validation/num_examples=3000
I0208 01:42:44.674306 140051005212416 logging_writer.py:48] [73000] global_step=73000, grad_norm=0.27458858489990234, loss=3.8241019248962402
I0208 01:43:19.158775 140050996819712 logging_writer.py:48] [73100] global_step=73100, grad_norm=0.34678855538368225, loss=3.745931625366211
I0208 01:43:53.728777 140051005212416 logging_writer.py:48] [73200] global_step=73200, grad_norm=0.29720667004585266, loss=3.7751591205596924
I0208 01:44:28.315476 140050996819712 logging_writer.py:48] [73300] global_step=73300, grad_norm=0.28941085934638977, loss=3.758068561553955
I0208 01:45:02.902334 140051005212416 logging_writer.py:48] [73400] global_step=73400, grad_norm=0.28134673833847046, loss=3.7825584411621094
I0208 01:45:37.481037 140050996819712 logging_writer.py:48] [73500] global_step=73500, grad_norm=0.31697842478752136, loss=3.7451937198638916
I0208 01:46:12.054909 140051005212416 logging_writer.py:48] [73600] global_step=73600, grad_norm=0.29168397188186646, loss=3.7777435779571533
I0208 01:46:46.619064 140050996819712 logging_writer.py:48] [73700] global_step=73700, grad_norm=0.28388893604278564, loss=3.7998900413513184
I0208 01:47:21.197044 140051005212416 logging_writer.py:48] [73800] global_step=73800, grad_norm=0.2692694664001465, loss=3.7972943782806396
I0208 01:47:55.770792 140050996819712 logging_writer.py:48] [73900] global_step=73900, grad_norm=0.3017245829105377, loss=3.7557737827301025
I0208 01:48:30.339531 140051005212416 logging_writer.py:48] [74000] global_step=74000, grad_norm=0.4251098036766052, loss=3.8072738647460938
I0208 01:49:04.952115 140050996819712 logging_writer.py:48] [74100] global_step=74100, grad_norm=0.2944132387638092, loss=3.7578952312469482
I0208 01:49:39.555313 140051005212416 logging_writer.py:48] [74200] global_step=74200, grad_norm=0.2936718463897705, loss=3.81655216217041
I0208 01:50:14.129593 140050996819712 logging_writer.py:48] [74300] global_step=74300, grad_norm=0.28058257699012756, loss=3.750844717025757
I0208 01:50:48.700683 140051005212416 logging_writer.py:48] [74400] global_step=74400, grad_norm=0.28378400206565857, loss=3.790029525756836
I0208 01:51:23.273209 140050996819712 logging_writer.py:48] [74500] global_step=74500, grad_norm=0.2888910472393036, loss=3.824929714202881
I0208 01:51:57.843919 140051005212416 logging_writer.py:48] [74600] global_step=74600, grad_norm=0.2808966040611267, loss=3.7610487937927246
