python3 submission_runner.py --framework=jax --workload=imagenet_resnet --submission_path=prize_qualification_baselines/self_tuning/jax_nadamw_full_budget.py --data_dir=/data/imagenet/jax --num_tuning_trials=1 --experiment_dir=/experiment_runs --experiment_name=prize_qualification_self_tuning/study_3 --overwrite=true --save_checkpoints=false --rng_seed=460736287 --max_global_steps=559998 --imagenet_v2_data_dir=/data/imagenet/jax --tuning_ruleset=self 2>&1 | tee -a /logs/imagenet_resnet_jax_02-29-2024-05-13-57.log
/usr/local/lib/python3.8/dist-packages/tensorflow_addons/utils/tfa_eol_msg.py:23: UserWarning: 

TensorFlow Addons (TFA) has ended development and introduction of new features.
TFA has entered a minimal maintenance and release mode until a planned end of life in May 2024.
Please modify downstream libraries to take dependencies from other repositories in our TensorFlow community (e.g. Keras, Keras-CV, and Keras-NLP). 

For more information see: https://github.com/tensorflow/addons/issues/2807 

  warnings.warn(
I0229 05:14:19.749966 140573303715648 logger_utils.py:76] Creating experiment directory at /experiment_runs/prize_qualification_self_tuning/study_3/imagenet_resnet_jax.
I0229 05:14:20.811078 140573303715648 xla_bridge.py:455] Unable to initialize backend 'rocm': NOT_FOUND: Could not find registered platform with name: "rocm". Available platform names are: Interpreter Host CUDA
I0229 05:14:20.812505 140573303715648 xla_bridge.py:455] Unable to initialize backend 'tpu': module 'jaxlib.xla_extension' has no attribute 'get_tpu_client'
I0229 05:14:20.812662 140573303715648 xla_bridge.py:455] Unable to initialize backend 'plugin': xla_extension has no attributes named get_plugin_device_client. Compile TensorFlow with //tensorflow/compiler/xla/python:enable_plugin_device set to true (defaults to false) to enable this.
I0229 05:14:21.739432 140573303715648 submission_runner.py:605] Creating directory at /experiment_runs/prize_qualification_self_tuning/study_3/imagenet_resnet_jax/trial_1.
I0229 05:14:21.940429 140573303715648 submission_runner.py:206] Initializing dataset.
I0229 05:14:21.955738 140573303715648 dataset_info.py:578] Load dataset info from /data/imagenet/jax/imagenet2012/5.1.0
I0229 05:14:21.965630 140573303715648 dataset_info.py:669] Fields info.[splits, supervised_keys] from disk and from code do not match. Keeping the one from code.
I0229 05:14:22.335850 140573303715648 logging_logger.py:49] Constructing tf.data.Dataset imagenet2012 for split train, from /data/imagenet/jax/imagenet2012/5.1.0
I0229 05:14:23.525160 140573303715648 submission_runner.py:213] Initializing model.
I0229 05:14:33.582734 140573303715648 submission_runner.py:255] Initializing optimizer.
I0229 05:14:35.313882 140573303715648 submission_runner.py:262] Initializing metrics bundle.
I0229 05:14:35.314105 140573303715648 submission_runner.py:280] Initializing checkpoint and logger.
I0229 05:14:35.315004 140573303715648 checkpoints.py:915] Found no checkpoint files in /experiment_runs/prize_qualification_self_tuning/study_3/imagenet_resnet_jax/trial_1 with prefix checkpoint_
I0229 05:14:35.315168 140573303715648 submission_runner.py:300] Saving meta data to /experiment_runs/prize_qualification_self_tuning/study_3/imagenet_resnet_jax/trial_1/meta_data_0.json.
fatal: detected dubious ownership in repository at '/algorithmic-efficiency'
To add an exception for this directory, call:

	git config --global --add safe.directory /algorithmic-efficiency
I0229 05:14:35.666248 140573303715648 logger_utils.py:220] Unable to record git information. Continuing without it.
I0229 05:14:35.998625 140573303715648 submission_runner.py:304] Saving flags to /experiment_runs/prize_qualification_self_tuning/study_3/imagenet_resnet_jax/trial_1/flags_0.json.
I0229 05:14:36.007384 140573303715648 submission_runner.py:314] Starting training loop.
I0229 05:15:28.371917 140409816737536 logging_writer.py:48] [0] global_step=0, grad_norm=0.6620714664459229, loss=6.922584056854248
I0229 05:15:28.389045 140573303715648 spec.py:321] Evaluating on the training split.
I0229 05:15:29.533172 140573303715648 dataset_info.py:578] Load dataset info from /data/imagenet/jax/imagenet2012/5.1.0
I0229 05:15:29.542379 140573303715648 dataset_info.py:669] Fields info.[splits, supervised_keys] from disk and from code do not match. Keeping the one from code.
I0229 05:15:29.625874 140573303715648 logging_logger.py:49] Constructing tf.data.Dataset imagenet2012 for split train, from /data/imagenet/jax/imagenet2012/5.1.0
I0229 05:15:43.156523 140573303715648 spec.py:333] Evaluating on the validation split.
I0229 05:15:44.847122 140573303715648 dataset_info.py:578] Load dataset info from /data/imagenet/jax/imagenet2012/5.1.0
I0229 05:15:44.856233 140573303715648 dataset_info.py:669] Fields info.[splits, supervised_keys] from disk and from code do not match. Keeping the one from code.
I0229 05:15:44.896604 140573303715648 logging_logger.py:49] Constructing tf.data.Dataset imagenet2012 for split validation, from /data/imagenet/jax/imagenet2012/5.1.0
I0229 05:16:00.567774 140573303715648 spec.py:349] Evaluating on the test split.
I0229 05:16:01.373734 140573303715648 dataset_info.py:578] Load dataset info from /data/imagenet/jax/imagenet_v2/matched-frequency/3.0.0
I0229 05:16:01.378766 140573303715648 dataset_builder.py:528] Reusing dataset imagenet_v2 (/data/imagenet/jax/imagenet_v2/matched-frequency/3.0.0)
I0229 05:16:01.419231 140573303715648 logging_logger.py:49] Constructing tf.data.Dataset imagenet_v2 for split test, from /data/imagenet/jax/imagenet_v2/matched-frequency/3.0.0
I0229 05:16:05.753338 140573303715648 submission_runner.py:411] Time since start: 89.75s, 	Step: 1, 	{'train/accuracy': 0.001235650503076613, 'train/loss': 6.911959171295166, 'validation/accuracy': 0.00107999995816499, 'validation/loss': 6.912962913513184, 'validation/num_examples': 50000, 'test/accuracy': 0.0009000000427477062, 'test/loss': 6.913362979888916, 'test/num_examples': 10000, 'score': 52.38156604766846, 'total_duration': 89.74589896202087, 'accumulated_submission_time': 52.38156604766846, 'accumulated_eval_time': 37.36424398422241, 'accumulated_logging_time': 0}
I0229 05:16:05.770001 140388975236864 logging_writer.py:48] [1] accumulated_eval_time=37.364244, accumulated_logging_time=0, accumulated_submission_time=52.381566, global_step=1, preemption_count=0, score=52.381566, test/accuracy=0.000900, test/loss=6.913363, test/num_examples=10000, total_duration=89.745899, train/accuracy=0.001236, train/loss=6.911959, validation/accuracy=0.001080, validation/loss=6.912963, validation/num_examples=50000
I0229 05:16:39.441783 140388966844160 logging_writer.py:48] [100] global_step=100, grad_norm=0.692540168762207, loss=6.815499305725098
I0229 05:17:13.159399 140388975236864 logging_writer.py:48] [200] global_step=200, grad_norm=0.7990751266479492, loss=6.577093601226807
I0229 05:17:46.985095 140388966844160 logging_writer.py:48] [300] global_step=300, grad_norm=1.1705163717269897, loss=6.2867431640625
I0229 05:18:20.861859 140388975236864 logging_writer.py:48] [400] global_step=400, grad_norm=2.405721664428711, loss=6.004097938537598
I0229 05:18:54.740327 140388966844160 logging_writer.py:48] [500] global_step=500, grad_norm=1.9332082271575928, loss=5.811285495758057
I0229 05:19:28.590503 140388975236864 logging_writer.py:48] [600] global_step=600, grad_norm=3.895981788635254, loss=5.684521675109863
I0229 05:20:02.475262 140388966844160 logging_writer.py:48] [700] global_step=700, grad_norm=3.622304677963257, loss=5.467580795288086
I0229 05:20:36.353154 140388975236864 logging_writer.py:48] [800] global_step=800, grad_norm=2.6068127155303955, loss=5.245099067687988
I0229 05:21:10.293855 140388966844160 logging_writer.py:48] [900] global_step=900, grad_norm=2.5341005325317383, loss=5.197074890136719
I0229 05:21:44.197380 140388975236864 logging_writer.py:48] [1000] global_step=1000, grad_norm=3.7051384449005127, loss=4.999974727630615
I0229 05:22:18.076856 140388966844160 logging_writer.py:48] [1100] global_step=1100, grad_norm=3.712677478790283, loss=4.9583024978637695
I0229 05:22:51.966769 140388975236864 logging_writer.py:48] [1200] global_step=1200, grad_norm=3.8295438289642334, loss=4.911057472229004
I0229 05:23:25.827781 140388966844160 logging_writer.py:48] [1300] global_step=1300, grad_norm=5.943663120269775, loss=4.669180870056152
I0229 05:23:59.714042 140388975236864 logging_writer.py:48] [1400] global_step=1400, grad_norm=5.835800647735596, loss=4.745398044586182
I0229 05:24:33.566630 140388966844160 logging_writer.py:48] [1500] global_step=1500, grad_norm=5.863056659698486, loss=4.449187278747559
I0229 05:24:36.032840 140573303715648 spec.py:321] Evaluating on the training split.
I0229 05:24:43.769153 140573303715648 spec.py:333] Evaluating on the validation split.
I0229 05:24:52.006440 140573303715648 spec.py:349] Evaluating on the test split.
I0229 05:24:54.490549 140573303715648 submission_runner.py:411] Time since start: 618.48s, 	Step: 1509, 	{'train/accuracy': 0.17956791818141937, 'train/loss': 4.181913375854492, 'validation/accuracy': 0.16129998862743378, 'validation/loss': 4.331301212310791, 'validation/num_examples': 50000, 'test/accuracy': 0.125900000333786, 'test/loss': 4.813449382781982, 'test/num_examples': 10000, 'score': 562.5784339904785, 'total_duration': 618.4830918312073, 'accumulated_submission_time': 562.5784339904785, 'accumulated_eval_time': 55.82190465927124, 'accumulated_logging_time': 0.02535843849182129}
I0229 05:24:54.507350 140388983629568 logging_writer.py:48] [1509] accumulated_eval_time=55.821905, accumulated_logging_time=0.025358, accumulated_submission_time=562.578434, global_step=1509, preemption_count=0, score=562.578434, test/accuracy=0.125900, test/loss=4.813449, test/num_examples=10000, total_duration=618.483092, train/accuracy=0.179568, train/loss=4.181913, validation/accuracy=0.161300, validation/loss=4.331301, validation/num_examples=50000
I0229 05:25:25.625372 140388992022272 logging_writer.py:48] [1600] global_step=1600, grad_norm=6.101463794708252, loss=4.438639163970947
I0229 05:25:59.500893 140388983629568 logging_writer.py:48] [1700] global_step=1700, grad_norm=3.5576651096343994, loss=4.258892059326172
I0229 05:26:33.344958 140388992022272 logging_writer.py:48] [1800] global_step=1800, grad_norm=4.506561279296875, loss=4.312245845794678
I0229 05:27:07.184303 140388983629568 logging_writer.py:48] [1900] global_step=1900, grad_norm=4.8925395011901855, loss=4.1575751304626465
I0229 05:27:41.065995 140388992022272 logging_writer.py:48] [2000] global_step=2000, grad_norm=3.4145431518554688, loss=4.063216686248779
I0229 05:28:14.941375 140388983629568 logging_writer.py:48] [2100] global_step=2100, grad_norm=4.113146781921387, loss=3.99088191986084
I0229 05:28:48.796089 140388992022272 logging_writer.py:48] [2200] global_step=2200, grad_norm=3.90683913230896, loss=3.94757342338562
I0229 05:29:22.662675 140388983629568 logging_writer.py:48] [2300] global_step=2300, grad_norm=3.8362860679626465, loss=3.944209098815918
I0229 05:29:56.551392 140388992022272 logging_writer.py:48] [2400] global_step=2400, grad_norm=4.069746017456055, loss=3.7279787063598633
I0229 05:30:30.393918 140388983629568 logging_writer.py:48] [2500] global_step=2500, grad_norm=4.288114070892334, loss=3.687290668487549
I0229 05:31:04.233323 140388992022272 logging_writer.py:48] [2600] global_step=2600, grad_norm=5.069544792175293, loss=3.55552077293396
I0229 05:31:38.082374 140388983629568 logging_writer.py:48] [2700] global_step=2700, grad_norm=4.258487224578857, loss=3.598402738571167
I0229 05:32:11.971888 140388992022272 logging_writer.py:48] [2800] global_step=2800, grad_norm=2.9544129371643066, loss=3.4953131675720215
I0229 05:32:45.794724 140388983629568 logging_writer.py:48] [2900] global_step=2900, grad_norm=4.67189359664917, loss=3.5627503395080566
I0229 05:33:19.621738 140388992022272 logging_writer.py:48] [3000] global_step=3000, grad_norm=3.816506862640381, loss=3.4730958938598633
I0229 05:33:24.495326 140573303715648 spec.py:321] Evaluating on the training split.
I0229 05:33:32.039675 140573303715648 spec.py:333] Evaluating on the validation split.
I0229 05:33:40.358886 140573303715648 spec.py:349] Evaluating on the test split.
I0229 05:33:42.674689 140573303715648 submission_runner.py:411] Time since start: 1146.67s, 	Step: 3016, 	{'train/accuracy': 0.32543447613716125, 'train/loss': 3.1697702407836914, 'validation/accuracy': 0.2942200005054474, 'validation/loss': 3.366985559463501, 'validation/num_examples': 50000, 'test/accuracy': 0.22660000622272491, 'test/loss': 3.981245994567871, 'test/num_examples': 10000, 'score': 1072.4957585334778, 'total_duration': 1146.6672384738922, 'accumulated_submission_time': 1072.4957585334778, 'accumulated_eval_time': 74.00124216079712, 'accumulated_logging_time': 0.052672624588012695}
I0229 05:33:42.691077 140411238594304 logging_writer.py:48] [3016] accumulated_eval_time=74.001242, accumulated_logging_time=0.052673, accumulated_submission_time=1072.495759, global_step=3016, preemption_count=0, score=1072.495759, test/accuracy=0.226600, test/loss=3.981246, test/num_examples=10000, total_duration=1146.667238, train/accuracy=0.325434, train/loss=3.169770, validation/accuracy=0.294220, validation/loss=3.366986, validation/num_examples=50000
I0229 05:34:11.466112 140411423135488 logging_writer.py:48] [3100] global_step=3100, grad_norm=4.24754524230957, loss=3.344306468963623
I0229 05:34:45.285899 140411238594304 logging_writer.py:48] [3200] global_step=3200, grad_norm=4.009617328643799, loss=3.3332061767578125
I0229 05:35:19.113012 140411423135488 logging_writer.py:48] [3300] global_step=3300, grad_norm=3.497917413711548, loss=3.1886494159698486
I0229 05:35:52.929440 140411238594304 logging_writer.py:48] [3400] global_step=3400, grad_norm=3.4969427585601807, loss=3.2402215003967285
I0229 05:36:26.764086 140411423135488 logging_writer.py:48] [3500] global_step=3500, grad_norm=3.473181962966919, loss=3.2089200019836426
I0229 05:37:00.618699 140411238594304 logging_writer.py:48] [3600] global_step=3600, grad_norm=2.9827325344085693, loss=3.006589412689209
I0229 05:37:34.460048 140411423135488 logging_writer.py:48] [3700] global_step=3700, grad_norm=3.7398035526275635, loss=3.0332682132720947
I0229 05:38:08.264535 140411238594304 logging_writer.py:48] [3800] global_step=3800, grad_norm=2.6491341590881348, loss=3.1060638427734375
I0229 05:38:42.113861 140411423135488 logging_writer.py:48] [3900] global_step=3900, grad_norm=2.7471039295196533, loss=3.0167927742004395
I0229 05:39:15.947614 140411238594304 logging_writer.py:48] [4000] global_step=4000, grad_norm=2.3151426315307617, loss=2.858444929122925
I0229 05:39:49.841344 140411423135488 logging_writer.py:48] [4100] global_step=4100, grad_norm=3.11122727394104, loss=2.7797183990478516
I0229 05:40:23.648387 140411238594304 logging_writer.py:48] [4200] global_step=4200, grad_norm=2.7393226623535156, loss=2.846562147140503
I0229 05:40:57.451460 140411423135488 logging_writer.py:48] [4300] global_step=4300, grad_norm=3.609480857849121, loss=2.8371267318725586
I0229 05:41:31.279560 140411238594304 logging_writer.py:48] [4400] global_step=4400, grad_norm=2.332937717437744, loss=2.887770175933838
I0229 05:42:05.079815 140411423135488 logging_writer.py:48] [4500] global_step=4500, grad_norm=3.1944196224212646, loss=2.8549282550811768
I0229 05:42:12.955429 140573303715648 spec.py:321] Evaluating on the training split.
I0229 05:42:20.423946 140573303715648 spec.py:333] Evaluating on the validation split.
I0229 05:42:28.853784 140573303715648 spec.py:349] Evaluating on the test split.
I0229 05:42:31.248571 140573303715648 submission_runner.py:411] Time since start: 1675.24s, 	Step: 4525, 	{'train/accuracy': 0.4550183117389679, 'train/loss': 2.387629985809326, 'validation/accuracy': 0.42486000061035156, 'validation/loss': 2.5835626125335693, 'validation/num_examples': 50000, 'test/accuracy': 0.3230000138282776, 'test/loss': 3.316889524459839, 'test/num_examples': 10000, 'score': 1582.6927065849304, 'total_duration': 1675.2411172389984, 'accumulated_submission_time': 1582.6927065849304, 'accumulated_eval_time': 92.29433751106262, 'accumulated_logging_time': 0.07882332801818848}
I0229 05:42:31.265554 140411473458944 logging_writer.py:48] [4525] accumulated_eval_time=92.294338, accumulated_logging_time=0.078823, accumulated_submission_time=1582.692707, global_step=4525, preemption_count=0, score=1582.692707, test/accuracy=0.323000, test/loss=3.316890, test/num_examples=10000, total_duration=1675.241117, train/accuracy=0.455018, train/loss=2.387630, validation/accuracy=0.424860, validation/loss=2.583563, validation/num_examples=50000
I0229 05:42:56.936108 140411481851648 logging_writer.py:48] [4600] global_step=4600, grad_norm=1.8694888353347778, loss=2.7803478240966797
I0229 05:43:30.751568 140411473458944 logging_writer.py:48] [4700] global_step=4700, grad_norm=2.392277717590332, loss=2.543057441711426
I0229 05:44:04.536613 140411481851648 logging_writer.py:48] [4800] global_step=4800, grad_norm=2.3386552333831787, loss=2.742393970489502
I0229 05:44:38.362214 140411473458944 logging_writer.py:48] [4900] global_step=4900, grad_norm=3.557190418243408, loss=2.521973133087158
I0229 05:45:12.141227 140411481851648 logging_writer.py:48] [5000] global_step=5000, grad_norm=1.7361699342727661, loss=2.6280345916748047
I0229 05:45:45.976328 140411473458944 logging_writer.py:48] [5100] global_step=5100, grad_norm=1.9416104555130005, loss=2.549105405807495
I0229 05:46:19.830068 140411481851648 logging_writer.py:48] [5200] global_step=5200, grad_norm=2.321366786956787, loss=2.6383216381073
I0229 05:46:53.624654 140411473458944 logging_writer.py:48] [5300] global_step=5300, grad_norm=2.7856802940368652, loss=2.609780788421631
I0229 05:47:27.403402 140411481851648 logging_writer.py:48] [5400] global_step=5400, grad_norm=2.825610399246216, loss=2.6751134395599365
I0229 05:48:01.214570 140411473458944 logging_writer.py:48] [5500] global_step=5500, grad_norm=2.174238443374634, loss=2.539276361465454
I0229 05:48:34.994895 140411481851648 logging_writer.py:48] [5600] global_step=5600, grad_norm=2.875600814819336, loss=2.585177421569824
I0229 05:49:08.800348 140411473458944 logging_writer.py:48] [5700] global_step=5700, grad_norm=2.6065003871917725, loss=2.389204978942871
I0229 05:49:42.564909 140411481851648 logging_writer.py:48] [5800] global_step=5800, grad_norm=2.4691858291625977, loss=2.6340410709381104
I0229 05:50:16.337282 140411473458944 logging_writer.py:48] [5900] global_step=5900, grad_norm=2.080082893371582, loss=2.4161810874938965
I0229 05:50:50.120330 140411481851648 logging_writer.py:48] [6000] global_step=6000, grad_norm=2.259460210800171, loss=2.4600279331207275
I0229 05:51:01.331966 140573303715648 spec.py:321] Evaluating on the training split.
I0229 05:51:08.763686 140573303715648 spec.py:333] Evaluating on the validation split.
I0229 05:51:17.107680 140573303715648 spec.py:349] Evaluating on the test split.
I0229 05:51:19.424264 140573303715648 submission_runner.py:411] Time since start: 2203.42s, 	Step: 6035, 	{'train/accuracy': 0.5336614847183228, 'train/loss': 1.9763846397399902, 'validation/accuracy': 0.49616000056266785, 'validation/loss': 2.1787710189819336, 'validation/num_examples': 50000, 'test/accuracy': 0.3857000172138214, 'test/loss': 2.9400079250335693, 'test/num_examples': 10000, 'score': 2092.6917436122894, 'total_duration': 2203.4167931079865, 'accumulated_submission_time': 2092.6917436122894, 'accumulated_eval_time': 110.38658118247986, 'accumulated_logging_time': 0.10665202140808105}
I0229 05:51:19.441413 140411448280832 logging_writer.py:48] [6035] accumulated_eval_time=110.386581, accumulated_logging_time=0.106652, accumulated_submission_time=2092.691744, global_step=6035, preemption_count=0, score=2092.691744, test/accuracy=0.385700, test/loss=2.940008, test/num_examples=10000, total_duration=2203.416793, train/accuracy=0.533661, train/loss=1.976385, validation/accuracy=0.496160, validation/loss=2.178771, validation/num_examples=50000
I0229 05:51:41.751759 140411490244352 logging_writer.py:48] [6100] global_step=6100, grad_norm=2.3696658611297607, loss=2.390756607055664
I0229 05:52:15.556799 140411448280832 logging_writer.py:48] [6200] global_step=6200, grad_norm=2.351480484008789, loss=2.497347831726074
I0229 05:52:49.364361 140411490244352 logging_writer.py:48] [6300] global_step=6300, grad_norm=1.6102458238601685, loss=2.357940435409546
I0229 05:53:23.127274 140411448280832 logging_writer.py:48] [6400] global_step=6400, grad_norm=1.9783589839935303, loss=2.341113328933716
I0229 05:53:56.914698 140411490244352 logging_writer.py:48] [6500] global_step=6500, grad_norm=2.424567937850952, loss=2.4395694732666016
I0229 05:54:30.691637 140411448280832 logging_writer.py:48] [6600] global_step=6600, grad_norm=1.8677903413772583, loss=2.2537083625793457
I0229 05:55:04.497812 140411490244352 logging_writer.py:48] [6700] global_step=6700, grad_norm=2.2172796726226807, loss=2.3451688289642334
I0229 05:55:38.297535 140411448280832 logging_writer.py:48] [6800] global_step=6800, grad_norm=1.978116750717163, loss=2.2951667308807373
I0229 05:56:12.065189 140411490244352 logging_writer.py:48] [6900] global_step=6900, grad_norm=2.0268421173095703, loss=2.3875906467437744
I0229 05:56:45.854152 140411448280832 logging_writer.py:48] [7000] global_step=7000, grad_norm=1.811771273612976, loss=2.387484073638916
I0229 05:57:19.644556 140411490244352 logging_writer.py:48] [7100] global_step=7100, grad_norm=2.1692445278167725, loss=2.3757028579711914
I0229 05:57:53.451961 140411448280832 logging_writer.py:48] [7200] global_step=7200, grad_norm=1.5760080814361572, loss=2.275660276412964
I0229 05:58:27.340099 140411490244352 logging_writer.py:48] [7300] global_step=7300, grad_norm=1.5512161254882812, loss=2.382817506790161
I0229 05:59:01.109167 140411448280832 logging_writer.py:48] [7400] global_step=7400, grad_norm=1.8084678649902344, loss=2.210935592651367
I0229 05:59:34.913251 140411490244352 logging_writer.py:48] [7500] global_step=7500, grad_norm=2.386507511138916, loss=2.2670176029205322
I0229 05:59:49.567928 140573303715648 spec.py:321] Evaluating on the training split.
I0229 05:59:56.864260 140573303715648 spec.py:333] Evaluating on the validation split.
I0229 06:00:05.381114 140573303715648 spec.py:349] Evaluating on the test split.
I0229 06:00:07.754111 140573303715648 submission_runner.py:411] Time since start: 2731.75s, 	Step: 7545, 	{'train/accuracy': 0.5792012214660645, 'train/loss': 1.7531155347824097, 'validation/accuracy': 0.5401399731636047, 'validation/loss': 1.9743461608886719, 'validation/num_examples': 50000, 'test/accuracy': 0.415800005197525, 'test/loss': 2.75813889503479, 'test/num_examples': 10000, 'score': 2602.7501418590546, 'total_duration': 2731.746652841568, 'accumulated_submission_time': 2602.7501418590546, 'accumulated_eval_time': 128.57271671295166, 'accumulated_logging_time': 0.13351845741271973}
I0229 06:00:07.773668 140411389597440 logging_writer.py:48] [7545] accumulated_eval_time=128.572717, accumulated_logging_time=0.133518, accumulated_submission_time=2602.750142, global_step=7545, preemption_count=0, score=2602.750142, test/accuracy=0.415800, test/loss=2.758139, test/num_examples=10000, total_duration=2731.746653, train/accuracy=0.579201, train/loss=1.753116, validation/accuracy=0.540140, validation/loss=1.974346, validation/num_examples=50000
I0229 06:00:26.661933 140411397990144 logging_writer.py:48] [7600] global_step=7600, grad_norm=2.220508337020874, loss=2.2340645790100098
I0229 06:01:00.409820 140411389597440 logging_writer.py:48] [7700] global_step=7700, grad_norm=1.3145149946212769, loss=2.301109552383423
I0229 06:01:34.160422 140411397990144 logging_writer.py:48] [7800] global_step=7800, grad_norm=1.8160374164581299, loss=2.2865424156188965
I0229 06:02:07.922920 140411389597440 logging_writer.py:48] [7900] global_step=7900, grad_norm=1.850171685218811, loss=2.175875186920166
I0229 06:02:41.675344 140411397990144 logging_writer.py:48] [8000] global_step=8000, grad_norm=1.9277327060699463, loss=2.0507893562316895
I0229 06:03:15.435769 140411389597440 logging_writer.py:48] [8100] global_step=8100, grad_norm=1.8478299379348755, loss=2.2830498218536377
I0229 06:03:49.255601 140411397990144 logging_writer.py:48] [8200] global_step=8200, grad_norm=1.8696295022964478, loss=2.2012412548065186
I0229 06:04:23.040357 140411389597440 logging_writer.py:48] [8300] global_step=8300, grad_norm=1.6535130739212036, loss=2.1108832359313965
I0229 06:04:56.762460 140411397990144 logging_writer.py:48] [8400] global_step=8400, grad_norm=1.7048662900924683, loss=2.148905038833618
I0229 06:05:30.562360 140411389597440 logging_writer.py:48] [8500] global_step=8500, grad_norm=1.6650699377059937, loss=2.31663179397583
I0229 06:06:04.303447 140411397990144 logging_writer.py:48] [8600] global_step=8600, grad_norm=1.8943533897399902, loss=2.0560481548309326
I0229 06:06:38.063224 140411389597440 logging_writer.py:48] [8700] global_step=8700, grad_norm=1.456316351890564, loss=2.1254372596740723
I0229 06:07:11.822273 140411397990144 logging_writer.py:48] [8800] global_step=8800, grad_norm=1.4190295934677124, loss=2.1183066368103027
I0229 06:07:45.564308 140411389597440 logging_writer.py:48] [8900] global_step=8900, grad_norm=1.7317124605178833, loss=2.135807991027832
I0229 06:08:19.356736 140411397990144 logging_writer.py:48] [9000] global_step=9000, grad_norm=1.9203370809555054, loss=2.2643282413482666
I0229 06:08:37.999430 140573303715648 spec.py:321] Evaluating on the training split.
I0229 06:08:45.371309 140573303715648 spec.py:333] Evaluating on the validation split.
I0229 06:08:53.747508 140573303715648 spec.py:349] Evaluating on the test split.
I0229 06:08:56.088503 140573303715648 submission_runner.py:411] Time since start: 3260.08s, 	Step: 9057, 	{'train/accuracy': 0.6060865521430969, 'train/loss': 1.620163083076477, 'validation/accuracy': 0.5582199692726135, 'validation/loss': 1.88018000125885, 'validation/num_examples': 50000, 'test/accuracy': 0.43380001187324524, 'test/loss': 2.645254135131836, 'test/num_examples': 10000, 'score': 3112.906903028488, 'total_duration': 3260.0810463428497, 'accumulated_submission_time': 3112.906903028488, 'accumulated_eval_time': 146.66174578666687, 'accumulated_logging_time': 0.1640608310699463}
I0229 06:08:56.106499 140411498637056 logging_writer.py:48] [9057] accumulated_eval_time=146.661746, accumulated_logging_time=0.164061, accumulated_submission_time=3112.906903, global_step=9057, preemption_count=0, score=3112.906903, test/accuracy=0.433800, test/loss=2.645254, test/num_examples=10000, total_duration=3260.081046, train/accuracy=0.606087, train/loss=1.620163, validation/accuracy=0.558220, validation/loss=1.880180, validation/num_examples=50000
I0229 06:09:10.932255 140411507029760 logging_writer.py:48] [9100] global_step=9100, grad_norm=1.6585404872894287, loss=2.083142042160034
I0229 06:09:44.676014 140411498637056 logging_writer.py:48] [9200] global_step=9200, grad_norm=1.7573002576828003, loss=1.8674521446228027
I0229 06:10:18.483527 140411507029760 logging_writer.py:48] [9300] global_step=9300, grad_norm=1.9714369773864746, loss=2.0393755435943604
I0229 06:10:52.291532 140411498637056 logging_writer.py:48] [9400] global_step=9400, grad_norm=1.6478744745254517, loss=1.9677211046218872
I0229 06:11:26.100016 140411507029760 logging_writer.py:48] [9500] global_step=9500, grad_norm=1.5748075246810913, loss=2.136183261871338
I0229 06:11:59.863048 140411498637056 logging_writer.py:48] [9600] global_step=9600, grad_norm=1.480690360069275, loss=2.024057626724243
I0229 06:12:33.606522 140411507029760 logging_writer.py:48] [9700] global_step=9700, grad_norm=2.1133761405944824, loss=2.077425956726074
I0229 06:13:07.362066 140411498637056 logging_writer.py:48] [9800] global_step=9800, grad_norm=1.7837451696395874, loss=2.124507188796997
I0229 06:13:41.139808 140411507029760 logging_writer.py:48] [9900] global_step=9900, grad_norm=1.6334751844406128, loss=2.1006641387939453
I0229 06:14:14.900160 140411498637056 logging_writer.py:48] [10000] global_step=10000, grad_norm=2.231367588043213, loss=2.2084550857543945
I0229 06:14:48.690044 140411507029760 logging_writer.py:48] [10100] global_step=10100, grad_norm=1.534478783607483, loss=2.085439443588257
I0229 06:15:22.459497 140411498637056 logging_writer.py:48] [10200] global_step=10200, grad_norm=1.6624863147735596, loss=1.9759957790374756
I0229 06:15:56.276278 140411507029760 logging_writer.py:48] [10300] global_step=10300, grad_norm=1.402248501777649, loss=2.226161479949951
I0229 06:16:30.029747 140411498637056 logging_writer.py:48] [10400] global_step=10400, grad_norm=1.6689810752868652, loss=2.194237470626831
I0229 06:17:03.880153 140411507029760 logging_writer.py:48] [10500] global_step=10500, grad_norm=2.0092408657073975, loss=2.0191593170166016
I0229 06:17:26.231112 140573303715648 spec.py:321] Evaluating on the training split.
I0229 06:17:33.862471 140573303715648 spec.py:333] Evaluating on the validation split.
I0229 06:17:42.390931 140573303715648 spec.py:349] Evaluating on the test split.
I0229 06:17:44.733486 140573303715648 submission_runner.py:411] Time since start: 3788.73s, 	Step: 10568, 	{'train/accuracy': 0.6356824040412903, 'train/loss': 1.4726837873458862, 'validation/accuracy': 0.5694800019264221, 'validation/loss': 1.8395023345947266, 'validation/num_examples': 50000, 'test/accuracy': 0.45000001788139343, 'test/loss': 2.5940630435943604, 'test/num_examples': 10000, 'score': 3622.9626841545105, 'total_duration': 3788.7260398864746, 'accumulated_submission_time': 3622.9626841545105, 'accumulated_eval_time': 165.1640853881836, 'accumulated_logging_time': 0.19446921348571777}
I0229 06:17:44.757423 140411397990144 logging_writer.py:48] [10568] accumulated_eval_time=165.164085, accumulated_logging_time=0.194469, accumulated_submission_time=3622.962684, global_step=10568, preemption_count=0, score=3622.962684, test/accuracy=0.450000, test/loss=2.594063, test/num_examples=10000, total_duration=3788.726040, train/accuracy=0.635682, train/loss=1.472684, validation/accuracy=0.569480, validation/loss=1.839502, validation/num_examples=50000
I0229 06:17:55.920734 140411406382848 logging_writer.py:48] [10600] global_step=10600, grad_norm=1.544245719909668, loss=1.943590760231018
I0229 06:18:29.633947 140411397990144 logging_writer.py:48] [10700] global_step=10700, grad_norm=1.3953707218170166, loss=1.9922947883605957
I0229 06:19:03.374135 140411406382848 logging_writer.py:48] [10800] global_step=10800, grad_norm=1.7219038009643555, loss=2.048593759536743
I0229 06:19:37.132416 140411397990144 logging_writer.py:48] [10900] global_step=10900, grad_norm=2.3047473430633545, loss=2.0653867721557617
I0229 06:20:10.873263 140411406382848 logging_writer.py:48] [11000] global_step=11000, grad_norm=1.720388650894165, loss=2.0498175621032715
I0229 06:20:44.639643 140411397990144 logging_writer.py:48] [11100] global_step=11100, grad_norm=1.7942984104156494, loss=2.0949432849884033
I0229 06:21:18.404683 140411406382848 logging_writer.py:48] [11200] global_step=11200, grad_norm=1.5128192901611328, loss=1.9994536638259888
I0229 06:21:52.153411 140411397990144 logging_writer.py:48] [11300] global_step=11300, grad_norm=1.8164664506912231, loss=2.0022289752960205
I0229 06:22:25.901527 140411406382848 logging_writer.py:48] [11400] global_step=11400, grad_norm=1.496950626373291, loss=1.9663324356079102
I0229 06:22:59.678585 140411397990144 logging_writer.py:48] [11500] global_step=11500, grad_norm=1.571509838104248, loss=2.1068081855773926
I0229 06:23:33.446510 140411406382848 logging_writer.py:48] [11600] global_step=11600, grad_norm=1.4875926971435547, loss=1.920050859451294
I0229 06:24:07.202486 140411397990144 logging_writer.py:48] [11700] global_step=11700, grad_norm=2.4138271808624268, loss=2.0018386840820312
I0229 06:24:40.978601 140411406382848 logging_writer.py:48] [11800] global_step=11800, grad_norm=2.216326951980591, loss=2.008803367614746
I0229 06:25:14.742234 140411397990144 logging_writer.py:48] [11900] global_step=11900, grad_norm=1.8924671411514282, loss=1.9328161478042603
I0229 06:25:48.514761 140411406382848 logging_writer.py:48] [12000] global_step=12000, grad_norm=1.6246012449264526, loss=1.905951976776123
I0229 06:26:14.949460 140573303715648 spec.py:321] Evaluating on the training split.
I0229 06:26:22.370573 140573303715648 spec.py:333] Evaluating on the validation split.
I0229 06:26:32.949237 140573303715648 spec.py:349] Evaluating on the test split.
I0229 06:26:35.217748 140573303715648 submission_runner.py:411] Time since start: 4319.21s, 	Step: 12080, 	{'train/accuracy': 0.6251793503761292, 'train/loss': 1.5146089792251587, 'validation/accuracy': 0.5725199580192566, 'validation/loss': 1.817832112312317, 'validation/num_examples': 50000, 'test/accuracy': 0.45500001311302185, 'test/loss': 2.581552028656006, 'test/num_examples': 10000, 'score': 4133.085363149643, 'total_duration': 4319.210289001465, 'accumulated_submission_time': 4133.085363149643, 'accumulated_eval_time': 185.43234658241272, 'accumulated_logging_time': 0.23001718521118164}
I0229 06:26:35.237784 140411381204736 logging_writer.py:48] [12080] accumulated_eval_time=185.432347, accumulated_logging_time=0.230017, accumulated_submission_time=4133.085363, global_step=12080, preemption_count=0, score=4133.085363, test/accuracy=0.455000, test/loss=2.581552, test/num_examples=10000, total_duration=4319.210289, train/accuracy=0.625179, train/loss=1.514609, validation/accuracy=0.572520, validation/loss=1.817832, validation/num_examples=50000
I0229 06:26:42.361770 140411389597440 logging_writer.py:48] [12100] global_step=12100, grad_norm=2.074453353881836, loss=2.0693511962890625
I0229 06:27:16.061481 140411381204736 logging_writer.py:48] [12200] global_step=12200, grad_norm=1.8290690183639526, loss=2.093493938446045
I0229 06:27:49.795614 140411389597440 logging_writer.py:48] [12300] global_step=12300, grad_norm=1.5557197332382202, loss=1.9505878686904907
I0229 06:28:23.537536 140411381204736 logging_writer.py:48] [12400] global_step=12400, grad_norm=1.6902716159820557, loss=1.9426807165145874
I0229 06:28:57.294694 140411389597440 logging_writer.py:48] [12500] global_step=12500, grad_norm=1.5573629140853882, loss=2.012634754180908
I0229 06:29:31.105628 140411381204736 logging_writer.py:48] [12600] global_step=12600, grad_norm=1.5117148160934448, loss=1.9615806341171265
I0229 06:30:04.888097 140411389597440 logging_writer.py:48] [12700] global_step=12700, grad_norm=1.4087283611297607, loss=1.9813940525054932
I0229 06:30:38.657968 140411381204736 logging_writer.py:48] [12800] global_step=12800, grad_norm=1.6026029586791992, loss=1.982323169708252
I0229 06:31:12.429878 140411389597440 logging_writer.py:48] [12900] global_step=12900, grad_norm=1.6018708944320679, loss=1.9222582578659058
I0229 06:31:46.143764 140411381204736 logging_writer.py:48] [13000] global_step=13000, grad_norm=1.72682785987854, loss=1.9579250812530518
I0229 06:32:19.899279 140411389597440 logging_writer.py:48] [13100] global_step=13100, grad_norm=1.4103944301605225, loss=1.9468128681182861
I0229 06:32:53.682493 140411381204736 logging_writer.py:48] [13200] global_step=13200, grad_norm=1.6245478391647339, loss=1.9835941791534424
I0229 06:33:27.405806 140411389597440 logging_writer.py:48] [13300] global_step=13300, grad_norm=1.634112000465393, loss=1.9105879068374634
I0229 06:34:01.180923 140411381204736 logging_writer.py:48] [13400] global_step=13400, grad_norm=1.237041711807251, loss=1.906664490699768
I0229 06:34:34.945660 140411389597440 logging_writer.py:48] [13500] global_step=13500, grad_norm=1.6139665842056274, loss=1.875719666481018
I0229 06:35:05.453861 140573303715648 spec.py:321] Evaluating on the training split.
I0229 06:35:13.196279 140573303715648 spec.py:333] Evaluating on the validation split.
I0229 06:35:23.679309 140573303715648 spec.py:349] Evaluating on the test split.
I0229 06:35:25.879748 140573303715648 submission_runner.py:411] Time since start: 4849.87s, 	Step: 13592, 	{'train/accuracy': 0.6494539380073547, 'train/loss': 1.422621726989746, 'validation/accuracy': 0.5925599932670593, 'validation/loss': 1.7074165344238281, 'validation/num_examples': 50000, 'test/accuracy': 0.46300002932548523, 'test/loss': 2.468202829360962, 'test/num_examples': 10000, 'score': 4643.2337856292725, 'total_duration': 4849.872251987457, 'accumulated_submission_time': 4643.2337856292725, 'accumulated_eval_time': 205.85814785957336, 'accumulated_logging_time': 0.26001858711242676}
I0229 06:35:25.899604 140411490244352 logging_writer.py:48] [13592] accumulated_eval_time=205.858148, accumulated_logging_time=0.260019, accumulated_submission_time=4643.233786, global_step=13592, preemption_count=0, score=4643.233786, test/accuracy=0.463000, test/loss=2.468203, test/num_examples=10000, total_duration=4849.872252, train/accuracy=0.649454, train/loss=1.422622, validation/accuracy=0.592560, validation/loss=1.707417, validation/num_examples=50000
I0229 06:35:28.955995 140411498637056 logging_writer.py:48] [13600] global_step=13600, grad_norm=1.388547658920288, loss=1.9373071193695068
I0229 06:36:02.663922 140411490244352 logging_writer.py:48] [13700] global_step=13700, grad_norm=1.3273447751998901, loss=1.8733657598495483
I0229 06:36:36.336819 140411498637056 logging_writer.py:48] [13800] global_step=13800, grad_norm=1.4475153684616089, loss=1.7762351036071777
I0229 06:37:10.142521 140411490244352 logging_writer.py:48] [13900] global_step=13900, grad_norm=1.7190765142440796, loss=1.9416933059692383
I0229 06:37:43.838902 140411498637056 logging_writer.py:48] [14000] global_step=14000, grad_norm=1.3878488540649414, loss=1.891541838645935
I0229 06:38:17.599858 140411490244352 logging_writer.py:48] [14100] global_step=14100, grad_norm=1.5666207075119019, loss=1.92037832736969
I0229 06:38:51.341869 140411498637056 logging_writer.py:48] [14200] global_step=14200, grad_norm=1.5271801948547363, loss=1.9070024490356445
I0229 06:39:25.080447 140411490244352 logging_writer.py:48] [14300] global_step=14300, grad_norm=1.5660264492034912, loss=1.974847435951233
I0229 06:39:58.830976 140411498637056 logging_writer.py:48] [14400] global_step=14400, grad_norm=1.5081268548965454, loss=1.8939721584320068
I0229 06:40:32.618668 140411490244352 logging_writer.py:48] [14500] global_step=14500, grad_norm=1.5316168069839478, loss=1.847068190574646
I0229 06:41:06.310471 140411498637056 logging_writer.py:48] [14600] global_step=14600, grad_norm=1.6878557205200195, loss=1.8981878757476807
I0229 06:41:40.104278 140411490244352 logging_writer.py:48] [14700] global_step=14700, grad_norm=1.5303993225097656, loss=1.843419075012207
I0229 06:42:13.848563 140411498637056 logging_writer.py:48] [14800] global_step=14800, grad_norm=1.7918739318847656, loss=1.7937240600585938
I0229 06:42:47.633784 140411490244352 logging_writer.py:48] [14900] global_step=14900, grad_norm=1.5603442192077637, loss=1.9086991548538208
I0229 06:43:21.322885 140411498637056 logging_writer.py:48] [15000] global_step=15000, grad_norm=2.2639389038085938, loss=1.881772518157959
I0229 06:43:55.112067 140411490244352 logging_writer.py:48] [15100] global_step=15100, grad_norm=1.7147789001464844, loss=1.892196536064148
I0229 06:43:55.887656 140573303715648 spec.py:321] Evaluating on the training split.
I0229 06:44:04.254536 140573303715648 spec.py:333] Evaluating on the validation split.
I0229 06:44:14.113737 140573303715648 spec.py:349] Evaluating on the test split.
I0229 06:44:16.401458 140573303715648 submission_runner.py:411] Time since start: 5380.39s, 	Step: 15104, 	{'train/accuracy': 0.6466438174247742, 'train/loss': 1.4184733629226685, 'validation/accuracy': 0.5945199728012085, 'validation/loss': 1.7023662328720093, 'validation/num_examples': 50000, 'test/accuracy': 0.4723000228404999, 'test/loss': 2.4483578205108643, 'test/num_examples': 10000, 'score': 5153.15531373024, 'total_duration': 5380.393999576569, 'accumulated_submission_time': 5153.15531373024, 'accumulated_eval_time': 226.37191343307495, 'accumulated_logging_time': 0.28925299644470215}
I0229 06:44:16.435389 140409577658112 logging_writer.py:48] [15104] accumulated_eval_time=226.371913, accumulated_logging_time=0.289253, accumulated_submission_time=5153.155314, global_step=15104, preemption_count=0, score=5153.155314, test/accuracy=0.472300, test/loss=2.448358, test/num_examples=10000, total_duration=5380.394000, train/accuracy=0.646644, train/loss=1.418473, validation/accuracy=0.594520, validation/loss=1.702366, validation/num_examples=50000
I0229 06:44:49.126005 140409586050816 logging_writer.py:48] [15200] global_step=15200, grad_norm=2.4344518184661865, loss=1.9752328395843506
I0229 06:45:22.891921 140409577658112 logging_writer.py:48] [15300] global_step=15300, grad_norm=1.821218490600586, loss=1.8752355575561523
I0229 06:45:56.643319 140409586050816 logging_writer.py:48] [15400] global_step=15400, grad_norm=1.4886921644210815, loss=1.9561129808425903
I0229 06:46:30.403166 140409577658112 logging_writer.py:48] [15500] global_step=15500, grad_norm=1.607450008392334, loss=1.8833801746368408
I0229 06:47:04.130740 140409586050816 logging_writer.py:48] [15600] global_step=15600, grad_norm=1.9487675428390503, loss=1.891173243522644
I0229 06:47:37.947625 140409577658112 logging_writer.py:48] [15700] global_step=15700, grad_norm=1.5084922313690186, loss=1.8160218000411987
I0229 06:48:11.691378 140409586050816 logging_writer.py:48] [15800] global_step=15800, grad_norm=1.6441764831542969, loss=1.9404199123382568
I0229 06:48:45.460129 140409577658112 logging_writer.py:48] [15900] global_step=15900, grad_norm=1.5614221096038818, loss=1.8219796419143677
I0229 06:49:19.228505 140409586050816 logging_writer.py:48] [16000] global_step=16000, grad_norm=1.5444614887237549, loss=1.7870759963989258
I0229 06:49:52.966165 140409577658112 logging_writer.py:48] [16100] global_step=16100, grad_norm=1.5549736022949219, loss=1.8057911396026611
I0229 06:50:26.693244 140409586050816 logging_writer.py:48] [16200] global_step=16200, grad_norm=1.592703938484192, loss=1.9324897527694702
I0229 06:51:00.466797 140409577658112 logging_writer.py:48] [16300] global_step=16300, grad_norm=1.7414618730545044, loss=1.879831314086914
I0229 06:51:34.231471 140409586050816 logging_writer.py:48] [16400] global_step=16400, grad_norm=1.6637173891067505, loss=1.8852229118347168
I0229 06:52:07.969906 140409577658112 logging_writer.py:48] [16500] global_step=16500, grad_norm=1.564829707145691, loss=1.8082647323608398
I0229 06:52:41.759216 140409586050816 logging_writer.py:48] [16600] global_step=16600, grad_norm=1.4952465295791626, loss=1.8218191862106323
I0229 06:52:46.601832 140573303715648 spec.py:321] Evaluating on the training split.
I0229 06:52:54.347802 140573303715648 spec.py:333] Evaluating on the validation split.
I0229 06:53:04.354553 140573303715648 spec.py:349] Evaluating on the test split.
I0229 06:53:06.616805 140573303715648 submission_runner.py:411] Time since start: 5910.61s, 	Step: 16616, 	{'train/accuracy': 0.6574457883834839, 'train/loss': 1.3805900812149048, 'validation/accuracy': 0.6076599955558777, 'validation/loss': 1.6330012083053589, 'validation/num_examples': 50000, 'test/accuracy': 0.4771000146865845, 'test/loss': 2.402414321899414, 'test/num_examples': 10000, 'score': 5663.251859664917, 'total_duration': 5910.609344005585, 'accumulated_submission_time': 5663.251859664917, 'accumulated_eval_time': 246.38683366775513, 'accumulated_logging_time': 0.33504152297973633}
I0229 06:53:06.636070 140409854486272 logging_writer.py:48] [16616] accumulated_eval_time=246.386834, accumulated_logging_time=0.335042, accumulated_submission_time=5663.251860, global_step=16616, preemption_count=0, score=5663.251860, test/accuracy=0.477100, test/loss=2.402414, test/num_examples=10000, total_duration=5910.609344, train/accuracy=0.657446, train/loss=1.380590, validation/accuracy=0.607660, validation/loss=1.633001, validation/num_examples=50000
I0229 06:53:35.304693 140409862878976 logging_writer.py:48] [16700] global_step=16700, grad_norm=1.6077244281768799, loss=1.7354613542556763
I0229 06:54:08.992257 140409854486272 logging_writer.py:48] [16800] global_step=16800, grad_norm=1.432328701019287, loss=1.8023923635482788
I0229 06:54:42.756070 140409862878976 logging_writer.py:48] [16900] global_step=16900, grad_norm=1.4223320484161377, loss=1.8682688474655151
I0229 06:55:16.556631 140409854486272 logging_writer.py:48] [17000] global_step=17000, grad_norm=1.8735108375549316, loss=1.8591538667678833
I0229 06:55:50.311015 140409862878976 logging_writer.py:48] [17100] global_step=17100, grad_norm=1.6815694570541382, loss=1.9117645025253296
I0229 06:56:24.005284 140409854486272 logging_writer.py:48] [17200] global_step=17200, grad_norm=1.5338358879089355, loss=1.841970443725586
I0229 06:56:57.753565 140409862878976 logging_writer.py:48] [17300] global_step=17300, grad_norm=1.5154155492782593, loss=1.8643007278442383
I0229 06:57:31.522520 140409854486272 logging_writer.py:48] [17400] global_step=17400, grad_norm=1.4101619720458984, loss=1.7777464389801025
I0229 06:58:05.229078 140409862878976 logging_writer.py:48] [17500] global_step=17500, grad_norm=1.6006954908370972, loss=1.9022243022918701
I0229 06:58:39.025529 140409854486272 logging_writer.py:48] [17600] global_step=17600, grad_norm=1.638486623764038, loss=1.8783950805664062
I0229 06:59:12.739886 140409862878976 logging_writer.py:48] [17700] global_step=17700, grad_norm=1.598052740097046, loss=1.9847993850708008
I0229 06:59:46.512822 140409854486272 logging_writer.py:48] [17800] global_step=17800, grad_norm=1.5307430028915405, loss=1.901479959487915
I0229 07:00:20.264217 140409862878976 logging_writer.py:48] [17900] global_step=17900, grad_norm=1.4515641927719116, loss=1.873020887374878
I0229 07:00:53.980273 140409854486272 logging_writer.py:48] [18000] global_step=18000, grad_norm=1.638105869293213, loss=1.758778691291809
I0229 07:01:27.735354 140409862878976 logging_writer.py:48] [18100] global_step=18100, grad_norm=1.746930718421936, loss=1.8166061639785767
I0229 07:01:36.636995 140573303715648 spec.py:321] Evaluating on the training split.
I0229 07:01:45.000046 140573303715648 spec.py:333] Evaluating on the validation split.
I0229 07:01:58.609107 140573303715648 spec.py:349] Evaluating on the test split.
I0229 07:02:00.782918 140573303715648 submission_runner.py:411] Time since start: 6444.78s, 	Step: 18128, 	{'train/accuracy': 0.6847695708274841, 'train/loss': 1.253440260887146, 'validation/accuracy': 0.6041199564933777, 'validation/loss': 1.6582300662994385, 'validation/num_examples': 50000, 'test/accuracy': 0.4830000102519989, 'test/loss': 2.4177982807159424, 'test/num_examples': 10000, 'score': 6173.184433221817, 'total_duration': 6444.77542424202, 'accumulated_submission_time': 6173.184433221817, 'accumulated_eval_time': 270.5326895713806, 'accumulated_logging_time': 0.364840030670166}
I0229 07:02:00.813737 140408587810560 logging_writer.py:48] [18128] accumulated_eval_time=270.532690, accumulated_logging_time=0.364840, accumulated_submission_time=6173.184433, global_step=18128, preemption_count=0, score=6173.184433, test/accuracy=0.483000, test/loss=2.417798, test/num_examples=10000, total_duration=6444.775424, train/accuracy=0.684770, train/loss=1.253440, validation/accuracy=0.604120, validation/loss=1.658230, validation/num_examples=50000
I0229 07:02:25.449627 140409124681472 logging_writer.py:48] [18200] global_step=18200, grad_norm=1.786577582359314, loss=1.8345216512680054
I0229 07:02:59.143679 140408587810560 logging_writer.py:48] [18300] global_step=18300, grad_norm=1.3550034761428833, loss=1.7252565622329712
I0229 07:03:32.903368 140409124681472 logging_writer.py:48] [18400] global_step=18400, grad_norm=1.7307405471801758, loss=1.9855538606643677
I0229 07:04:06.670082 140408587810560 logging_writer.py:48] [18500] global_step=18500, grad_norm=1.5898514986038208, loss=1.761640191078186
I0229 07:04:40.414840 140409124681472 logging_writer.py:48] [18600] global_step=18600, grad_norm=1.7692509889602661, loss=1.8084497451782227
I0229 07:05:14.159364 140408587810560 logging_writer.py:48] [18700] global_step=18700, grad_norm=1.757508635520935, loss=1.9363391399383545
I0229 07:05:47.905066 140409124681472 logging_writer.py:48] [18800] global_step=18800, grad_norm=1.5892385244369507, loss=1.8625324964523315
I0229 07:06:21.707241 140408587810560 logging_writer.py:48] [18900] global_step=18900, grad_norm=1.525392770767212, loss=1.8968183994293213
I0229 07:06:55.472116 140409124681472 logging_writer.py:48] [19000] global_step=19000, grad_norm=1.4814234972000122, loss=1.7537438869476318
I0229 07:07:29.236286 140408587810560 logging_writer.py:48] [19100] global_step=19100, grad_norm=1.520169734954834, loss=1.5621156692504883
I0229 07:08:02.955454 140409124681472 logging_writer.py:48] [19200] global_step=19200, grad_norm=1.7342860698699951, loss=1.804443597793579
I0229 07:08:36.701820 140408587810560 logging_writer.py:48] [19300] global_step=19300, grad_norm=1.9129524230957031, loss=1.8291397094726562
I0229 07:09:10.448276 140409124681472 logging_writer.py:48] [19400] global_step=19400, grad_norm=1.5827549695968628, loss=1.8249006271362305
I0229 07:09:44.169595 140408587810560 logging_writer.py:48] [19500] global_step=19500, grad_norm=1.886936902999878, loss=1.8827649354934692
I0229 07:10:17.918582 140409124681472 logging_writer.py:48] [19600] global_step=19600, grad_norm=1.7310817241668701, loss=1.7750777006149292
I0229 07:10:30.821214 140573303715648 spec.py:321] Evaluating on the training split.
I0229 07:10:38.601568 140573303715648 spec.py:333] Evaluating on the validation split.
I0229 07:10:53.098194 140573303715648 spec.py:349] Evaluating on the test split.
