python3 submission_runner.py --framework=jax --workload=imagenet_resnet --submission_path=prize_qualification_baselines/external_tuning/jax_nadamw_full_budget.py --tuning_search_space=prize_qualification_baselines/external_tuning/tuning_search_space.json --data_dir=/data/imagenet/jax --num_tuning_trials=1 --experiment_dir=/experiment_runs --experiment_name=prize_qualification/study_1 --overwrite=true --save_checkpoints=false --num_tuning_trials=5 --rng_seed=916031063 --max_global_steps=186666 --imagenet_v2_data_dir=/data/imagenet/jax 2>&1 | tee -a /logs/imagenet_resnet_jax_01-26-2024-19-02-48.log
/usr/local/lib/python3.8/dist-packages/tensorflow_addons/utils/tfa_eol_msg.py:23: UserWarning: 

TensorFlow Addons (TFA) has ended development and introduction of new features.
TFA has entered a minimal maintenance and release mode until a planned end of life in May 2024.
Please modify downstream libraries to take dependencies from other repositories in our TensorFlow community (e.g. Keras, Keras-CV, and Keras-NLP). 

For more information see: https://github.com/tensorflow/addons/issues/2807 

  warnings.warn(
I0126 19:03:09.630706 139822745589568 logger_utils.py:76] Creating experiment directory at /experiment_runs/prize_qualification/study_1/imagenet_resnet_jax.
I0126 19:03:10.706087 139822745589568 xla_bridge.py:455] Unable to initialize backend 'rocm': NOT_FOUND: Could not find registered platform with name: "rocm". Available platform names are: Interpreter Host CUDA
I0126 19:03:10.707062 139822745589568 xla_bridge.py:455] Unable to initialize backend 'tpu': module 'jaxlib.xla_extension' has no attribute 'get_tpu_client'
I0126 19:03:10.707206 139822745589568 xla_bridge.py:455] Unable to initialize backend 'plugin': xla_extension has no attributes named get_plugin_device_client. Compile TensorFlow with //tensorflow/compiler/xla/python:enable_plugin_device set to true (defaults to false) to enable this.
I0126 19:03:10.708595 139822745589568 submission_runner.py:542] Using RNG seed 916031063
I0126 19:03:11.868288 139822745589568 submission_runner.py:551] --- Tuning run 1/5 ---
I0126 19:03:11.868479 139822745589568 submission_runner.py:556] Creating tuning directory at /experiment_runs/prize_qualification/study_1/imagenet_resnet_jax/trial_1.
I0126 19:03:11.868852 139822745589568 logger_utils.py:92] Saving hparams to /experiment_runs/prize_qualification/study_1/imagenet_resnet_jax/trial_1/hparams.json.
I0126 19:03:12.048344 139822745589568 submission_runner.py:206] Initializing dataset.
I0126 19:03:12.065601 139822745589568 dataset_info.py:578] Load dataset info from /data/imagenet/jax/imagenet2012/5.1.0
I0126 19:03:12.080677 139822745589568 dataset_info.py:669] Fields info.[splits, supervised_keys] from disk and from code do not match. Keeping the one from code.
I0126 19:03:12.451655 139822745589568 logging_logger.py:49] Constructing tf.data.Dataset imagenet2012 for split train, from /data/imagenet/jax/imagenet2012/5.1.0
I0126 19:03:13.621155 139822745589568 submission_runner.py:213] Initializing model.
I0126 19:03:23.839234 139822745589568 submission_runner.py:255] Initializing optimizer.
I0126 19:03:25.540735 139822745589568 submission_runner.py:262] Initializing metrics bundle.
I0126 19:03:25.540917 139822745589568 submission_runner.py:280] Initializing checkpoint and logger.
I0126 19:03:25.542019 139822745589568 checkpoints.py:915] Found no checkpoint files in /experiment_runs/prize_qualification/study_1/imagenet_resnet_jax/trial_1 with prefix checkpoint_
I0126 19:03:25.542150 139822745589568 submission_runner.py:300] Saving meta data to /experiment_runs/prize_qualification/study_1/imagenet_resnet_jax/trial_1/meta_data_0.json.
fatal: detected dubious ownership in repository at '/algorithmic-efficiency'
To add an exception for this directory, call:

	git config --global --add safe.directory /algorithmic-efficiency
I0126 19:03:25.850574 139822745589568 logger_utils.py:220] Unable to record git information. Continuing without it.
I0126 19:03:26.128603 139822745589568 submission_runner.py:304] Saving flags to /experiment_runs/prize_qualification/study_1/imagenet_resnet_jax/trial_1/flags_0.json.
I0126 19:03:26.138535 139822745589568 submission_runner.py:314] Starting training loop.
I0126 19:04:22.430693 139651717256960 logging_writer.py:48] [0] global_step=0, grad_norm=0.5895074009895325, loss=6.928974628448486
I0126 19:04:22.449882 139822745589568 spec.py:321] Evaluating on the training split.
I0126 19:04:23.458961 139822745589568 dataset_info.py:578] Load dataset info from /data/imagenet/jax/imagenet2012/5.1.0
I0126 19:04:23.468740 139822745589568 dataset_info.py:669] Fields info.[splits, supervised_keys] from disk and from code do not match. Keeping the one from code.
I0126 19:04:23.556414 139822745589568 logging_logger.py:49] Constructing tf.data.Dataset imagenet2012 for split train, from /data/imagenet/jax/imagenet2012/5.1.0
I0126 19:04:36.861889 139822745589568 spec.py:333] Evaluating on the validation split.
I0126 19:04:38.114722 139822745589568 dataset_info.py:578] Load dataset info from /data/imagenet/jax/imagenet2012/5.1.0
I0126 19:04:38.140797 139822745589568 dataset_info.py:669] Fields info.[splits, supervised_keys] from disk and from code do not match. Keeping the one from code.
I0126 19:04:38.208095 139822745589568 logging_logger.py:49] Constructing tf.data.Dataset imagenet2012 for split validation, from /data/imagenet/jax/imagenet2012/5.1.0
I0126 19:04:54.537138 139822745589568 spec.py:349] Evaluating on the test split.
I0126 19:04:55.328947 139822745589568 dataset_info.py:578] Load dataset info from /data/imagenet/jax/imagenet_v2/matched-frequency/3.0.0
I0126 19:04:55.334500 139822745589568 dataset_builder.py:528] Reusing dataset imagenet_v2 (/data/imagenet/jax/imagenet_v2/matched-frequency/3.0.0)
I0126 19:04:55.373885 139822745589568 logging_logger.py:49] Constructing tf.data.Dataset imagenet_v2 for split test, from /data/imagenet/jax/imagenet_v2/matched-frequency/3.0.0
I0126 19:04:59.297026 139822745589568 submission_runner.py:408] Time since start: 93.16s, 	Step: 1, 	{'train/accuracy': 0.000996492337435484, 'train/loss': 6.9111857414245605, 'validation/accuracy': 0.001019999966956675, 'validation/loss': 6.91091251373291, 'validation/num_examples': 50000, 'test/accuracy': 0.0012000000569969416, 'test/loss': 6.910790920257568, 'test/num_examples': 10000, 'score': 56.31122303009033, 'total_duration': 93.1584370136261, 'accumulated_submission_time': 56.31122303009033, 'accumulated_eval_time': 36.84709548950195, 'accumulated_logging_time': 0}
I0126 19:04:59.316853 139637196564224 logging_writer.py:48] [1] accumulated_eval_time=36.847095, accumulated_logging_time=0, accumulated_submission_time=56.311223, global_step=1, preemption_count=0, score=56.311223, test/accuracy=0.001200, test/loss=6.910791, test/num_examples=10000, total_duration=93.158437, train/accuracy=0.000996, train/loss=6.911186, validation/accuracy=0.001020, validation/loss=6.910913, validation/num_examples=50000
I0126 19:05:33.373101 139637188171520 logging_writer.py:48] [100] global_step=100, grad_norm=0.5772567987442017, loss=6.899452209472656
I0126 19:06:07.569322 139637196564224 logging_writer.py:48] [200] global_step=200, grad_norm=0.6113818287849426, loss=6.865882873535156
I0126 19:06:41.816716 139637188171520 logging_writer.py:48] [300] global_step=300, grad_norm=0.625784158706665, loss=6.790506362915039
I0126 19:07:16.074388 139637196564224 logging_writer.py:48] [400] global_step=400, grad_norm=0.6774555444717407, loss=6.702958106994629
I0126 19:07:50.335682 139637188171520 logging_writer.py:48] [500] global_step=500, grad_norm=0.7048503756523132, loss=6.610506057739258
I0126 19:08:24.607059 139637196564224 logging_writer.py:48] [600] global_step=600, grad_norm=0.7116144299507141, loss=6.535238742828369
I0126 19:08:58.875787 139637188171520 logging_writer.py:48] [700] global_step=700, grad_norm=0.759596049785614, loss=6.447327613830566
I0126 19:09:33.132525 139637196564224 logging_writer.py:48] [800] global_step=800, grad_norm=0.8377950191497803, loss=6.326313018798828
I0126 19:10:07.399710 139637188171520 logging_writer.py:48] [900] global_step=900, grad_norm=1.352582573890686, loss=6.24613094329834
I0126 19:10:41.720597 139637196564224 logging_writer.py:48] [1000] global_step=1000, grad_norm=1.293196201324463, loss=6.17104434967041
I0126 19:11:15.981931 139637188171520 logging_writer.py:48] [1100] global_step=1100, grad_norm=1.929782748222351, loss=6.088641166687012
I0126 19:11:50.226078 139637196564224 logging_writer.py:48] [1200] global_step=1200, grad_norm=1.395042896270752, loss=5.990081310272217
I0126 19:12:24.516856 139637188171520 logging_writer.py:48] [1300] global_step=1300, grad_norm=1.704973578453064, loss=5.945969581604004
I0126 19:12:58.780971 139637196564224 logging_writer.py:48] [1400] global_step=1400, grad_norm=2.5060513019561768, loss=5.887012958526611
I0126 19:13:29.390793 139822745589568 spec.py:321] Evaluating on the training split.
I0126 19:13:36.667489 139822745589568 spec.py:333] Evaluating on the validation split.
I0126 19:13:44.867412 139822745589568 spec.py:349] Evaluating on the test split.
I0126 19:13:47.181506 139822745589568 submission_runner.py:408] Time since start: 621.04s, 	Step: 1491, 	{'train/accuracy': 0.0701729878783226, 'train/loss': 5.387164115905762, 'validation/accuracy': 0.065420001745224, 'validation/loss': 5.45823860168457, 'validation/num_examples': 50000, 'test/accuracy': 0.04310000315308571, 'test/loss': 5.679708957672119, 'test/num_examples': 10000, 'score': 566.3269417285919, 'total_duration': 621.0424935817719, 'accumulated_submission_time': 566.3269417285919, 'accumulated_eval_time': 54.637348890304565, 'accumulated_logging_time': 0.02869892120361328}
I0126 19:13:47.198437 139637204956928 logging_writer.py:48] [1491] accumulated_eval_time=54.637349, accumulated_logging_time=0.028699, accumulated_submission_time=566.326942, global_step=1491, preemption_count=0, score=566.326942, test/accuracy=0.043100, test/loss=5.679709, test/num_examples=10000, total_duration=621.042494, train/accuracy=0.070173, train/loss=5.387164, validation/accuracy=0.065420, validation/loss=5.458239, validation/num_examples=50000
I0126 19:13:50.664306 139637213349632 logging_writer.py:48] [1500] global_step=1500, grad_norm=2.3757593631744385, loss=5.80648136138916
I0126 19:14:24.943822 139637204956928 logging_writer.py:48] [1600] global_step=1600, grad_norm=3.0248076915740967, loss=5.640132427215576
I0126 19:14:59.205315 139637213349632 logging_writer.py:48] [1700] global_step=1700, grad_norm=2.770111560821533, loss=5.607471466064453
I0126 19:15:33.488073 139637204956928 logging_writer.py:48] [1800] global_step=1800, grad_norm=2.669863224029541, loss=5.614739418029785
I0126 19:16:07.771155 139637213349632 logging_writer.py:48] [1900] global_step=1900, grad_norm=3.0676565170288086, loss=5.4826273918151855
I0126 19:16:42.056050 139637204956928 logging_writer.py:48] [2000] global_step=2000, grad_norm=3.729973554611206, loss=5.5666069984436035
I0126 19:17:16.328987 139637213349632 logging_writer.py:48] [2100] global_step=2100, grad_norm=3.445631980895996, loss=5.451547622680664
I0126 19:17:50.626467 139637204956928 logging_writer.py:48] [2200] global_step=2200, grad_norm=4.438642501831055, loss=5.438160419464111
I0126 19:18:24.920764 139637213349632 logging_writer.py:48] [2300] global_step=2300, grad_norm=4.120720863342285, loss=5.354284286499023
I0126 19:18:59.232069 139637204956928 logging_writer.py:48] [2400] global_step=2400, grad_norm=4.999114990234375, loss=5.330583572387695
I0126 19:19:33.542395 139637213349632 logging_writer.py:48] [2500] global_step=2500, grad_norm=4.61124849319458, loss=5.230302333831787
I0126 19:20:07.850486 139637204956928 logging_writer.py:48] [2600] global_step=2600, grad_norm=4.429361343383789, loss=5.205065727233887
I0126 19:20:42.130979 139637213349632 logging_writer.py:48] [2700] global_step=2700, grad_norm=4.988426685333252, loss=5.1666059494018555
I0126 19:21:16.420979 139637204956928 logging_writer.py:48] [2800] global_step=2800, grad_norm=3.5241105556488037, loss=5.0879740715026855
I0126 19:21:50.702595 139637213349632 logging_writer.py:48] [2900] global_step=2900, grad_norm=3.997931480407715, loss=5.1210103034973145
I0126 19:22:17.205853 139822745589568 spec.py:321] Evaluating on the training split.
I0126 19:22:24.427486 139822745589568 spec.py:333] Evaluating on the validation split.
I0126 19:22:32.895564 139822745589568 spec.py:349] Evaluating on the test split.
I0126 19:22:35.205651 139822745589568 submission_runner.py:408] Time since start: 1149.07s, 	Step: 2979, 	{'train/accuracy': 0.17562180757522583, 'train/loss': 4.2726922035217285, 'validation/accuracy': 0.15737999975681305, 'validation/loss': 4.3756303787231445, 'validation/num_examples': 50000, 'test/accuracy': 0.11840000748634338, 'test/loss': 4.798498630523682, 'test/num_examples': 10000, 'score': 1076.2741117477417, 'total_duration': 1149.0670676231384, 'accumulated_submission_time': 1076.2741117477417, 'accumulated_eval_time': 72.63711643218994, 'accumulated_logging_time': 0.05626201629638672}
I0126 19:22:35.221534 139657354401536 logging_writer.py:48] [2979] accumulated_eval_time=72.637116, accumulated_logging_time=0.056262, accumulated_submission_time=1076.274112, global_step=2979, preemption_count=0, score=1076.274112, test/accuracy=0.118400, test/loss=4.798499, test/num_examples=10000, total_duration=1149.067068, train/accuracy=0.175622, train/loss=4.272692, validation/accuracy=0.157380, validation/loss=4.375630, validation/num_examples=50000
I0126 19:22:42.867589 139657362794240 logging_writer.py:48] [3000] global_step=3000, grad_norm=3.831789255142212, loss=5.012396335601807
I0126 19:23:17.111649 139657354401536 logging_writer.py:48] [3100] global_step=3100, grad_norm=4.3626580238342285, loss=4.919944763183594
I0126 19:23:51.365423 139657362794240 logging_writer.py:48] [3200] global_step=3200, grad_norm=4.951066017150879, loss=4.988751411437988
I0126 19:24:25.630287 139657354401536 logging_writer.py:48] [3300] global_step=3300, grad_norm=6.482789993286133, loss=4.852258682250977
I0126 19:24:59.896784 139657362794240 logging_writer.py:48] [3400] global_step=3400, grad_norm=4.8726582527160645, loss=4.822033882141113
I0126 19:25:34.158175 139657354401536 logging_writer.py:48] [3500] global_step=3500, grad_norm=3.394551992416382, loss=4.80084228515625
I0126 19:26:08.448700 139657362794240 logging_writer.py:48] [3600] global_step=3600, grad_norm=6.8550639152526855, loss=4.811044216156006
I0126 19:26:42.716606 139657354401536 logging_writer.py:48] [3700] global_step=3700, grad_norm=4.431732654571533, loss=4.686102867126465
I0126 19:27:16.998449 139657362794240 logging_writer.py:48] [3800] global_step=3800, grad_norm=4.863382339477539, loss=4.6667799949646
I0126 19:27:51.290039 139657354401536 logging_writer.py:48] [3900] global_step=3900, grad_norm=5.929996967315674, loss=4.658666610717773
I0126 19:28:25.552947 139657362794240 logging_writer.py:48] [4000] global_step=4000, grad_norm=3.9148645401000977, loss=4.7302069664001465
I0126 19:28:59.860349 139657354401536 logging_writer.py:48] [4100] global_step=4100, grad_norm=6.791965484619141, loss=4.5623369216918945
I0126 19:29:34.135489 139657362794240 logging_writer.py:48] [4200] global_step=4200, grad_norm=3.26137638092041, loss=4.599891185760498
I0126 19:30:08.427856 139657354401536 logging_writer.py:48] [4300] global_step=4300, grad_norm=4.483529090881348, loss=4.475386142730713
I0126 19:30:42.709846 139657362794240 logging_writer.py:48] [4400] global_step=4400, grad_norm=9.046587944030762, loss=4.3758039474487305
I0126 19:31:05.432142 139822745589568 spec.py:321] Evaluating on the training split.
I0126 19:31:12.836415 139822745589568 spec.py:333] Evaluating on the validation split.
I0126 19:31:21.176312 139822745589568 spec.py:349] Evaluating on the test split.
I0126 19:31:23.493890 139822745589568 submission_runner.py:408] Time since start: 1677.36s, 	Step: 4468, 	{'train/accuracy': 0.2839604616165161, 'train/loss': 3.509944200515747, 'validation/accuracy': 0.2582399845123291, 'validation/loss': 3.6567907333374023, 'validation/num_examples': 50000, 'test/accuracy': 0.19550001621246338, 'test/loss': 4.1657586097717285, 'test/num_examples': 10000, 'score': 1586.424509525299, 'total_duration': 1677.3552947044373, 'accumulated_submission_time': 1586.424509525299, 'accumulated_eval_time': 90.69883179664612, 'accumulated_logging_time': 0.08253097534179688}
I0126 19:31:23.510566 139657354401536 logging_writer.py:48] [4468] accumulated_eval_time=90.698832, accumulated_logging_time=0.082531, accumulated_submission_time=1586.424510, global_step=4468, preemption_count=0, score=1586.424510, test/accuracy=0.195500, test/loss=4.165759, test/num_examples=10000, total_duration=1677.355295, train/accuracy=0.283960, train/loss=3.509944, validation/accuracy=0.258240, validation/loss=3.656791, validation/num_examples=50000
I0126 19:31:34.816281 139657362794240 logging_writer.py:48] [4500] global_step=4500, grad_norm=4.270728588104248, loss=4.4645094871521
I0126 19:32:09.030235 139657354401536 logging_writer.py:48] [4600] global_step=4600, grad_norm=8.197526931762695, loss=4.384858131408691
I0126 19:32:43.268302 139657362794240 logging_writer.py:48] [4700] global_step=4700, grad_norm=4.137369632720947, loss=4.26632833480835
I0126 19:33:17.510554 139657354401536 logging_writer.py:48] [4800] global_step=4800, grad_norm=4.4427361488342285, loss=4.48989200592041
I0126 19:33:51.756039 139657362794240 logging_writer.py:48] [4900] global_step=4900, grad_norm=4.5336174964904785, loss=4.247706413269043
I0126 19:34:26.014866 139657354401536 logging_writer.py:48] [5000] global_step=5000, grad_norm=4.612009525299072, loss=4.266610622406006
I0126 19:35:00.272103 139657362794240 logging_writer.py:48] [5100] global_step=5100, grad_norm=8.081154823303223, loss=4.142897129058838
I0126 19:35:34.617374 139657354401536 logging_writer.py:48] [5200] global_step=5200, grad_norm=6.059261798858643, loss=4.134467124938965
I0126 19:36:08.864434 139657362794240 logging_writer.py:48] [5300] global_step=5300, grad_norm=3.2196877002716064, loss=4.120340824127197
I0126 19:36:43.103160 139657354401536 logging_writer.py:48] [5400] global_step=5400, grad_norm=4.821855068206787, loss=4.091835021972656
I0126 19:37:17.371177 139657362794240 logging_writer.py:48] [5500] global_step=5500, grad_norm=5.791485786437988, loss=4.06736946105957
I0126 19:37:51.637930 139657354401536 logging_writer.py:48] [5600] global_step=5600, grad_norm=10.132582664489746, loss=4.1694655418396
I0126 19:38:25.933557 139657362794240 logging_writer.py:48] [5700] global_step=5700, grad_norm=7.987112998962402, loss=3.9863884449005127
I0126 19:39:00.215423 139657354401536 logging_writer.py:48] [5800] global_step=5800, grad_norm=5.142765522003174, loss=4.015437602996826
I0126 19:39:34.484897 139657362794240 logging_writer.py:48] [5900] global_step=5900, grad_norm=5.198458671569824, loss=4.100183963775635
I0126 19:39:53.780463 139822745589568 spec.py:321] Evaluating on the training split.
I0126 19:40:01.124026 139822745589568 spec.py:333] Evaluating on the validation split.
I0126 19:40:09.548056 139822745589568 spec.py:349] Evaluating on the test split.
I0126 19:40:11.855609 139822745589568 submission_runner.py:408] Time since start: 2205.72s, 	Step: 5958, 	{'train/accuracy': 0.37035635113716125, 'train/loss': 2.9588210582733154, 'validation/accuracy': 0.34237998723983765, 'validation/loss': 3.106684684753418, 'validation/num_examples': 50000, 'test/accuracy': 0.26080000400543213, 'test/loss': 3.706625461578369, 'test/num_examples': 10000, 'score': 2096.635529756546, 'total_duration': 2205.71702504158, 'accumulated_submission_time': 2096.635529756546, 'accumulated_eval_time': 108.77395868301392, 'accumulated_logging_time': 0.10939264297485352}
I0126 19:40:11.872917 139657455048448 logging_writer.py:48] [5958] accumulated_eval_time=108.773959, accumulated_logging_time=0.109393, accumulated_submission_time=2096.635530, global_step=5958, preemption_count=0, score=2096.635530, test/accuracy=0.260800, test/loss=3.706625, test/num_examples=10000, total_duration=2205.717025, train/accuracy=0.370356, train/loss=2.958821, validation/accuracy=0.342380, validation/loss=3.106685, validation/num_examples=50000
I0126 19:40:26.601448 139657471833856 logging_writer.py:48] [6000] global_step=6000, grad_norm=6.555472373962402, loss=4.005924224853516
I0126 19:41:00.834094 139657455048448 logging_writer.py:48] [6100] global_step=6100, grad_norm=3.696709156036377, loss=3.9733691215515137
I0126 19:41:35.217038 139657471833856 logging_writer.py:48] [6200] global_step=6200, grad_norm=8.859808921813965, loss=3.9406189918518066
I0126 19:42:09.494932 139657455048448 logging_writer.py:48] [6300] global_step=6300, grad_norm=5.924485683441162, loss=3.8748068809509277
I0126 19:42:43.738768 139657471833856 logging_writer.py:48] [6400] global_step=6400, grad_norm=6.574971675872803, loss=3.9508349895477295
I0126 19:43:18.015424 139657455048448 logging_writer.py:48] [6500] global_step=6500, grad_norm=4.736406326293945, loss=3.8130717277526855
I0126 19:43:52.278683 139657471833856 logging_writer.py:48] [6600] global_step=6600, grad_norm=6.053013324737549, loss=3.8931727409362793
I0126 19:44:26.548506 139657455048448 logging_writer.py:48] [6700] global_step=6700, grad_norm=8.603790283203125, loss=3.8447861671447754
I0126 19:45:00.814331 139657471833856 logging_writer.py:48] [6800] global_step=6800, grad_norm=8.308513641357422, loss=3.731717109680176
I0126 19:45:35.079168 139657455048448 logging_writer.py:48] [6900] global_step=6900, grad_norm=4.939874172210693, loss=3.7732720375061035
I0126 19:46:09.367455 139657471833856 logging_writer.py:48] [7000] global_step=7000, grad_norm=7.132235527038574, loss=3.716707229614258
I0126 19:46:43.643320 139657455048448 logging_writer.py:48] [7100] global_step=7100, grad_norm=3.89044189453125, loss=3.7151241302490234
I0126 19:47:17.924777 139657471833856 logging_writer.py:48] [7200] global_step=7200, grad_norm=4.2491068840026855, loss=3.7288947105407715
I0126 19:47:52.255092 139657455048448 logging_writer.py:48] [7300] global_step=7300, grad_norm=5.357142448425293, loss=3.727902889251709
I0126 19:48:26.541364 139657471833856 logging_writer.py:48] [7400] global_step=7400, grad_norm=3.671941041946411, loss=3.6264710426330566
I0126 19:48:42.061899 139822745589568 spec.py:321] Evaluating on the training split.
I0126 19:48:49.280697 139822745589568 spec.py:333] Evaluating on the validation split.
I0126 19:48:57.823806 139822745589568 spec.py:349] Evaluating on the test split.
I0126 19:49:00.102156 139822745589568 submission_runner.py:408] Time since start: 2733.96s, 	Step: 7447, 	{'train/accuracy': 0.437519907951355, 'train/loss': 2.5694799423217773, 'validation/accuracy': 0.407260000705719, 'validation/loss': 2.7285168170928955, 'validation/num_examples': 50000, 'test/accuracy': 0.314300000667572, 'test/loss': 3.3685951232910156, 'test/num_examples': 10000, 'score': 2606.764097929001, 'total_duration': 2733.9635617733, 'accumulated_submission_time': 2606.764097929001, 'accumulated_eval_time': 126.81416702270508, 'accumulated_logging_time': 0.13728642463684082}
I0126 19:49:00.119625 139659954833152 logging_writer.py:48] [7447] accumulated_eval_time=126.814167, accumulated_logging_time=0.137286, accumulated_submission_time=2606.764098, global_step=7447, preemption_count=0, score=2606.764098, test/accuracy=0.314300, test/loss=3.368595, test/num_examples=10000, total_duration=2733.963562, train/accuracy=0.437520, train/loss=2.569480, validation/accuracy=0.407260, validation/loss=2.728517, validation/num_examples=50000
I0126 19:49:18.609525 139659963225856 logging_writer.py:48] [7500] global_step=7500, grad_norm=4.91544771194458, loss=3.681046485900879
I0126 19:49:52.820839 139659954833152 logging_writer.py:48] [7600] global_step=7600, grad_norm=7.34246826171875, loss=3.740280866622925
I0126 19:50:27.078397 139659963225856 logging_writer.py:48] [7700] global_step=7700, grad_norm=4.483015537261963, loss=3.733088731765747
I0126 19:51:01.360326 139659954833152 logging_writer.py:48] [7800] global_step=7800, grad_norm=6.156131267547607, loss=3.5267584323883057
I0126 19:51:35.631367 139659963225856 logging_writer.py:48] [7900] global_step=7900, grad_norm=6.3159613609313965, loss=3.684309720993042
I0126 19:52:09.868655 139659954833152 logging_writer.py:48] [8000] global_step=8000, grad_norm=4.924932956695557, loss=3.6138246059417725
I0126 19:52:44.132908 139659963225856 logging_writer.py:48] [8100] global_step=8100, grad_norm=4.100943088531494, loss=3.5411882400512695
I0126 19:53:18.421031 139659954833152 logging_writer.py:48] [8200] global_step=8200, grad_norm=6.226868152618408, loss=3.608050584793091
I0126 19:53:52.710372 139659963225856 logging_writer.py:48] [8300] global_step=8300, grad_norm=7.3953022956848145, loss=3.5445573329925537
I0126 19:54:26.953629 139659954833152 logging_writer.py:48] [8400] global_step=8400, grad_norm=4.865201473236084, loss=3.46103835105896
I0126 19:55:01.203031 139659963225856 logging_writer.py:48] [8500] global_step=8500, grad_norm=5.623788356781006, loss=3.5927982330322266
I0126 19:55:35.430860 139659954833152 logging_writer.py:48] [8600] global_step=8600, grad_norm=6.063503742218018, loss=3.5028271675109863
I0126 19:56:09.682566 139659963225856 logging_writer.py:48] [8700] global_step=8700, grad_norm=4.759899616241455, loss=3.393589496612549
I0126 19:56:43.915763 139659954833152 logging_writer.py:48] [8800] global_step=8800, grad_norm=4.820744037628174, loss=3.5024118423461914
I0126 19:57:18.124025 139659963225856 logging_writer.py:48] [8900] global_step=8900, grad_norm=4.640816688537598, loss=3.4457085132598877
I0126 19:57:30.180521 139822745589568 spec.py:321] Evaluating on the training split.
I0126 19:57:37.599904 139822745589568 spec.py:333] Evaluating on the validation split.
I0126 19:57:45.996183 139822745589568 spec.py:349] Evaluating on the test split.
I0126 19:57:48.277336 139822745589568 submission_runner.py:408] Time since start: 3262.14s, 	Step: 8937, 	{'train/accuracy': 0.49557557702064514, 'train/loss': 2.2581822872161865, 'validation/accuracy': 0.46515998244285583, 'validation/loss': 2.4037249088287354, 'validation/num_examples': 50000, 'test/accuracy': 0.3574000298976898, 'test/loss': 3.0720314979553223, 'test/num_examples': 10000, 'score': 3116.7672028541565, 'total_duration': 3262.1387367248535, 'accumulated_submission_time': 3116.7672028541565, 'accumulated_eval_time': 144.91092801094055, 'accumulated_logging_time': 0.16506457328796387}
I0126 19:57:48.297631 139659837429504 logging_writer.py:48] [8937] accumulated_eval_time=144.910928, accumulated_logging_time=0.165065, accumulated_submission_time=3116.767203, global_step=8937, preemption_count=0, score=3116.767203, test/accuracy=0.357400, test/loss=3.072031, test/num_examples=10000, total_duration=3262.138737, train/accuracy=0.495576, train/loss=2.258182, validation/accuracy=0.465160, validation/loss=2.403725, validation/num_examples=50000
I0126 19:58:10.157904 139659845822208 logging_writer.py:48] [9000] global_step=9000, grad_norm=4.50288200378418, loss=3.4859390258789062
I0126 19:58:44.332271 139659837429504 logging_writer.py:48] [9100] global_step=9100, grad_norm=4.2429728507995605, loss=3.4087109565734863
I0126 19:59:18.527845 139659845822208 logging_writer.py:48] [9200] global_step=9200, grad_norm=5.031585216522217, loss=3.4421119689941406
I0126 19:59:52.764587 139659837429504 logging_writer.py:48] [9300] global_step=9300, grad_norm=5.146710395812988, loss=3.401054620742798
I0126 20:00:27.058667 139659845822208 logging_writer.py:48] [9400] global_step=9400, grad_norm=4.777846813201904, loss=3.3029255867004395
I0126 20:01:01.277187 139659837429504 logging_writer.py:48] [9500] global_step=9500, grad_norm=5.258566379547119, loss=3.442873001098633
I0126 20:01:35.529276 139659845822208 logging_writer.py:48] [9600] global_step=9600, grad_norm=6.7564287185668945, loss=3.3723440170288086
I0126 20:02:09.793925 139659837429504 logging_writer.py:48] [9700] global_step=9700, grad_norm=3.6445183753967285, loss=3.3211004734039307
I0126 20:02:44.034823 139659845822208 logging_writer.py:48] [9800] global_step=9800, grad_norm=4.57077169418335, loss=3.3833916187286377
I0126 20:03:18.280767 139659837429504 logging_writer.py:48] [9900] global_step=9900, grad_norm=4.605046272277832, loss=3.389096975326538
I0126 20:03:52.520132 139659845822208 logging_writer.py:48] [10000] global_step=10000, grad_norm=6.50069522857666, loss=3.416236400604248
I0126 20:04:26.800840 139659837429504 logging_writer.py:48] [10100] global_step=10100, grad_norm=3.5985121726989746, loss=3.3524703979492188
I0126 20:05:01.009385 139659845822208 logging_writer.py:48] [10200] global_step=10200, grad_norm=6.76072359085083, loss=3.320722818374634
I0126 20:05:35.202021 139659837429504 logging_writer.py:48] [10300] global_step=10300, grad_norm=5.937306880950928, loss=3.2602453231811523
I0126 20:06:09.552684 139659845822208 logging_writer.py:48] [10400] global_step=10400, grad_norm=5.093777656555176, loss=3.331470012664795
I0126 20:06:18.573827 139822745589568 spec.py:321] Evaluating on the training split.
I0126 20:06:26.012567 139822745589568 spec.py:333] Evaluating on the validation split.
I0126 20:06:36.021314 139822745589568 spec.py:349] Evaluating on the test split.
I0126 20:06:38.317160 139822745589568 submission_runner.py:408] Time since start: 3792.18s, 	Step: 10428, 	{'train/accuracy': 0.5627790093421936, 'train/loss': 1.9515559673309326, 'validation/accuracy': 0.4867599904537201, 'validation/loss': 2.320361614227295, 'validation/num_examples': 50000, 'test/accuracy': 0.37290000915527344, 'test/loss': 2.9771018028259277, 'test/num_examples': 10000, 'score': 3626.985067844391, 'total_duration': 3792.1785800457, 'accumulated_submission_time': 3626.985067844391, 'accumulated_eval_time': 164.654226064682, 'accumulated_logging_time': 0.1945652961730957}
I0126 20:06:38.339060 139659820644096 logging_writer.py:48] [10428] accumulated_eval_time=164.654226, accumulated_logging_time=0.194565, accumulated_submission_time=3626.985068, global_step=10428, preemption_count=0, score=3626.985068, test/accuracy=0.372900, test/loss=2.977102, test/num_examples=10000, total_duration=3792.178580, train/accuracy=0.562779, train/loss=1.951556, validation/accuracy=0.486760, validation/loss=2.320362, validation/num_examples=50000
I0126 20:07:03.282851 139659829036800 logging_writer.py:48] [10500] global_step=10500, grad_norm=4.167823314666748, loss=3.266547441482544
I0126 20:07:37.429849 139659820644096 logging_writer.py:48] [10600] global_step=10600, grad_norm=6.493260860443115, loss=3.2156219482421875
I0126 20:08:11.598130 139659829036800 logging_writer.py:48] [10700] global_step=10700, grad_norm=8.52490234375, loss=3.2133259773254395
I0126 20:08:45.786797 139659820644096 logging_writer.py:48] [10800] global_step=10800, grad_norm=5.009561538696289, loss=3.305443286895752
I0126 20:09:20.014045 139659829036800 logging_writer.py:48] [10900] global_step=10900, grad_norm=4.3906121253967285, loss=3.15867018699646
I0126 20:09:54.195291 139659820644096 logging_writer.py:48] [11000] global_step=11000, grad_norm=4.763702392578125, loss=3.1563665866851807
I0126 20:10:28.401960 139659829036800 logging_writer.py:48] [11100] global_step=11100, grad_norm=7.332118511199951, loss=3.329965829849243
I0126 20:11:02.611158 139659820644096 logging_writer.py:48] [11200] global_step=11200, grad_norm=5.129617214202881, loss=3.293384552001953
I0126 20:11:36.818509 139659829036800 logging_writer.py:48] [11300] global_step=11300, grad_norm=6.028299808502197, loss=3.2185726165771484
I0126 20:12:11.044220 139659820644096 logging_writer.py:48] [11400] global_step=11400, grad_norm=5.914187431335449, loss=3.185037136077881
I0126 20:12:45.336452 139659829036800 logging_writer.py:48] [11500] global_step=11500, grad_norm=7.655546188354492, loss=3.2082512378692627
I0126 20:13:19.559121 139659820644096 logging_writer.py:48] [11600] global_step=11600, grad_norm=6.708667755126953, loss=3.195308208465576
I0126 20:13:53.787781 139659829036800 logging_writer.py:48] [11700] global_step=11700, grad_norm=5.583789348602295, loss=3.1415820121765137
I0126 20:14:28.009510 139659820644096 logging_writer.py:48] [11800] global_step=11800, grad_norm=5.712433815002441, loss=3.1835312843322754
I0126 20:15:02.202547 139659829036800 logging_writer.py:48] [11900] global_step=11900, grad_norm=6.001020908355713, loss=3.148294448852539
I0126 20:15:08.457413 139822745589568 spec.py:321] Evaluating on the training split.
I0126 20:15:15.857411 139822745589568 spec.py:333] Evaluating on the validation split.
I0126 20:15:29.307966 139822745589568 spec.py:349] Evaluating on the test split.
I0126 20:15:31.560285 139822745589568 submission_runner.py:408] Time since start: 4325.42s, 	Step: 11920, 	{'train/accuracy': 0.5782246589660645, 'train/loss': 1.846057415008545, 'validation/accuracy': 0.52947998046875, 'validation/loss': 2.106097936630249, 'validation/num_examples': 50000, 'test/accuracy': 0.4123000204563141, 'test/loss': 2.767740249633789, 'test/num_examples': 10000, 'score': 4137.04333615303, 'total_duration': 4325.421687364578, 'accumulated_submission_time': 4137.04333615303, 'accumulated_eval_time': 187.7570457458496, 'accumulated_logging_time': 0.22736477851867676}
I0126 20:15:31.578166 139659820644096 logging_writer.py:48] [11920] accumulated_eval_time=187.757046, accumulated_logging_time=0.227365, accumulated_submission_time=4137.043336, global_step=11920, preemption_count=0, score=4137.043336, test/accuracy=0.412300, test/loss=2.767740, test/num_examples=10000, total_duration=4325.421687, train/accuracy=0.578225, train/loss=1.846057, validation/accuracy=0.529480, validation/loss=2.106098, validation/num_examples=50000
I0126 20:15:59.240907 139659845822208 logging_writer.py:48] [12000] global_step=12000, grad_norm=6.381893157958984, loss=3.182943820953369
I0126 20:16:33.392143 139659820644096 logging_writer.py:48] [12100] global_step=12100, grad_norm=6.389663219451904, loss=3.220639228820801
I0126 20:17:07.588425 139659845822208 logging_writer.py:48] [12200] global_step=12200, grad_norm=4.453591346740723, loss=3.1947760581970215
I0126 20:17:41.774788 139659820644096 logging_writer.py:48] [12300] global_step=12300, grad_norm=4.868540287017822, loss=3.076131820678711
I0126 20:18:15.973700 139659845822208 logging_writer.py:48] [12400] global_step=12400, grad_norm=4.916029930114746, loss=3.1708712577819824
I0126 20:18:50.201594 139659820644096 logging_writer.py:48] [12500] global_step=12500, grad_norm=5.517735481262207, loss=3.1819570064544678
I0126 20:19:24.408626 139659845822208 logging_writer.py:48] [12600] global_step=12600, grad_norm=3.6453394889831543, loss=3.232417106628418
I0126 20:19:58.568595 139659820644096 logging_writer.py:48] [12700] global_step=12700, grad_norm=3.6493561267852783, loss=3.1098239421844482
I0126 20:20:32.735326 139659845822208 logging_writer.py:48] [12800] global_step=12800, grad_norm=5.706775188446045, loss=3.1393632888793945
I0126 20:21:06.898646 139659820644096 logging_writer.py:48] [12900] global_step=12900, grad_norm=7.533092498779297, loss=3.181645631790161
I0126 20:21:41.100521 139659845822208 logging_writer.py:48] [13000] global_step=13000, grad_norm=4.946208953857422, loss=3.1071839332580566
I0126 20:22:15.256862 139659820644096 logging_writer.py:48] [13100] global_step=13100, grad_norm=5.343477249145508, loss=3.164422035217285
I0126 20:22:49.429663 139659845822208 logging_writer.py:48] [13200] global_step=13200, grad_norm=4.13609504699707, loss=3.121568202972412
I0126 20:23:23.584830 139659820644096 logging_writer.py:48] [13300] global_step=13300, grad_norm=2.5819101333618164, loss=3.093426465988159
I0126 20:23:57.755815 139659845822208 logging_writer.py:48] [13400] global_step=13400, grad_norm=5.2800140380859375, loss=3.2263426780700684
I0126 20:24:01.619348 139822745589568 spec.py:321] Evaluating on the training split.
I0126 20:24:09.233510 139822745589568 spec.py:333] Evaluating on the validation split.
I0126 20:24:20.874409 139822745589568 spec.py:349] Evaluating on the test split.
I0126 20:24:23.207060 139822745589568 submission_runner.py:408] Time since start: 4857.07s, 	Step: 13413, 	{'train/accuracy': 0.5894252061843872, 'train/loss': 1.8045969009399414, 'validation/accuracy': 0.5416799783706665, 'validation/loss': 2.0362939834594727, 'validation/num_examples': 50000, 'test/accuracy': 0.4132000207901001, 'test/loss': 2.7203760147094727, 'test/num_examples': 10000, 'score': 4647.025430679321, 'total_duration': 4857.068476676941, 'accumulated_submission_time': 4647.025430679321, 'accumulated_eval_time': 209.34475588798523, 'accumulated_logging_time': 0.25449466705322266}
I0126 20:24:23.225175 139659946440448 logging_writer.py:48] [13413] accumulated_eval_time=209.344756, accumulated_logging_time=0.254495, accumulated_submission_time=4647.025431, global_step=13413, preemption_count=0, score=4647.025431, test/accuracy=0.413200, test/loss=2.720376, test/num_examples=10000, total_duration=4857.068477, train/accuracy=0.589425, train/loss=1.804597, validation/accuracy=0.541680, validation/loss=2.036294, validation/num_examples=50000
I0126 20:24:53.247660 139659954833152 logging_writer.py:48] [13500] global_step=13500, grad_norm=6.340548992156982, loss=3.1953868865966797
I0126 20:25:27.385938 139659946440448 logging_writer.py:48] [13600] global_step=13600, grad_norm=5.540302276611328, loss=3.1057167053222656
I0126 20:26:01.547132 139659954833152 logging_writer.py:48] [13700] global_step=13700, grad_norm=4.409440994262695, loss=2.9903461933135986
I0126 20:26:35.706458 139659946440448 logging_writer.py:48] [13800] global_step=13800, grad_norm=6.418600082397461, loss=3.141829013824463
I0126 20:27:09.892075 139659954833152 logging_writer.py:48] [13900] global_step=13900, grad_norm=7.01458215713501, loss=3.054094076156616
I0126 20:27:44.094612 139659946440448 logging_writer.py:48] [14000] global_step=14000, grad_norm=4.757302284240723, loss=3.2167093753814697
I0126 20:28:18.279853 139659954833152 logging_writer.py:48] [14100] global_step=14100, grad_norm=4.13300085067749, loss=3.08553409576416
I0126 20:28:52.451351 139659946440448 logging_writer.py:48] [14200] global_step=14200, grad_norm=4.596252918243408, loss=3.021465539932251
I0126 20:29:26.603576 139659954833152 logging_writer.py:48] [14300] global_step=14300, grad_norm=4.581105709075928, loss=3.083350658416748
I0126 20:30:00.745742 139659946440448 logging_writer.py:48] [14400] global_step=14400, grad_norm=7.843330383300781, loss=3.0923004150390625
I0126 20:30:34.909129 139659954833152 logging_writer.py:48] [14500] global_step=14500, grad_norm=5.114778995513916, loss=3.0809762477874756
I0126 20:31:09.079502 139659946440448 logging_writer.py:48] [14600] global_step=14600, grad_norm=6.177337169647217, loss=3.0728232860565186
I0126 20:31:43.263886 139659954833152 logging_writer.py:48] [14700] global_step=14700, grad_norm=6.43451452255249, loss=3.139662265777588
I0126 20:32:17.432142 139659946440448 logging_writer.py:48] [14800] global_step=14800, grad_norm=5.089831829071045, loss=3.0474350452423096
I0126 20:32:51.602383 139659954833152 logging_writer.py:48] [14900] global_step=14900, grad_norm=5.43201208114624, loss=2.9903690814971924
I0126 20:32:53.407919 139822745589568 spec.py:321] Evaluating on the training split.
I0126 20:33:01.468144 139822745589568 spec.py:333] Evaluating on the validation split.
I0126 20:33:13.497593 139822745589568 spec.py:349] Evaluating on the test split.
I0126 20:33:15.713575 139822745589568 submission_runner.py:408] Time since start: 5389.57s, 	Step: 14907, 	{'train/accuracy': 0.5977359414100647, 'train/loss': 1.8043289184570312, 'validation/accuracy': 0.5502399802207947, 'validation/loss': 2.0121490955352783, 'validation/num_examples': 50000, 'test/accuracy': 0.428600013256073, 'test/loss': 2.705935001373291, 'test/num_examples': 10000, 'score': 5157.151046037674, 'total_duration': 5389.574882030487, 'accumulated_submission_time': 5157.151046037674, 'accumulated_eval_time': 231.6502606868744, 'accumulated_logging_time': 0.28139376640319824}
I0126 20:33:15.750856 139659845822208 logging_writer.py:48] [14907] accumulated_eval_time=231.650261, accumulated_logging_time=0.281394, accumulated_submission_time=5157.151046, global_step=14907, preemption_count=0, score=5157.151046, test/accuracy=0.428600, test/loss=2.705935, test/num_examples=10000, total_duration=5389.574882, train/accuracy=0.597736, train/loss=1.804329, validation/accuracy=0.550240, validation/loss=2.012149, validation/num_examples=50000
I0126 20:33:47.901667 139659854214912 logging_writer.py:48] [15000] global_step=15000, grad_norm=6.613935470581055, loss=2.983919143676758
I0126 20:34:22.054561 139659845822208 logging_writer.py:48] [15100] global_step=15100, grad_norm=4.360640048980713, loss=3.076157569885254
I0126 20:34:56.205000 139659854214912 logging_writer.py:48] [15200] global_step=15200, grad_norm=3.869245767593384, loss=3.0746641159057617
I0126 20:35:30.395191 139659845822208 logging_writer.py:48] [15300] global_step=15300, grad_norm=5.6894917488098145, loss=3.045903444290161
I0126 20:36:04.587428 139659854214912 logging_writer.py:48] [15400] global_step=15400, grad_norm=6.758702278137207, loss=3.082629442214966
I0126 20:36:38.761927 139659845822208 logging_writer.py:48] [15500] global_step=15500, grad_norm=7.6156005859375, loss=3.022310733795166
I0126 20:37:12.939096 139659854214912 logging_writer.py:48] [15600] global_step=15600, grad_norm=4.674737930297852, loss=3.197625160217285
I0126 20:37:47.139238 139659845822208 logging_writer.py:48] [15700] global_step=15700, grad_norm=4.922648906707764, loss=3.155409574508667
I0126 20:38:21.345525 139659854214912 logging_writer.py:48] [15800] global_step=15800, grad_norm=3.868298292160034, loss=3.0097179412841797
I0126 20:38:55.522339 139659845822208 logging_writer.py:48] [15900] global_step=15900, grad_norm=5.148065567016602, loss=3.014676570892334
I0126 20:39:29.691810 139659854214912 logging_writer.py:48] [16000] global_step=16000, grad_norm=9.116355895996094, loss=3.1389763355255127
I0126 20:40:03.851316 139659845822208 logging_writer.py:48] [16100] global_step=16100, grad_norm=5.713602066040039, loss=2.976804494857788
I0126 20:40:38.056543 139659854214912 logging_writer.py:48] [16200] global_step=16200, grad_norm=4.851357936859131, loss=3.023141622543335
I0126 20:41:12.235157 139659845822208 logging_writer.py:48] [16300] global_step=16300, grad_norm=3.775148630142212, loss=2.9075160026550293
I0126 20:41:45.807510 139822745589568 spec.py:321] Evaluating on the training split.
I0126 20:41:53.274981 139822745589568 spec.py:333] Evaluating on the validation split.
I0126 20:42:04.537421 139822745589568 spec.py:349] Evaluating on the test split.
I0126 20:42:06.778688 139822745589568 submission_runner.py:408] Time since start: 5920.64s, 	Step: 16400, 	{'train/accuracy': 0.5902822017669678, 'train/loss': 1.8064643144607544, 'validation/accuracy': 0.5517199635505676, 'validation/loss': 1.9904471635818481, 'validation/num_examples': 50000, 'test/accuracy': 0.43080002069473267, 'test/loss': 2.7112877368927, 'test/num_examples': 10000, 'score': 5667.149292945862, 'total_duration': 5920.640057086945, 'accumulated_submission_time': 5667.149292945862, 'accumulated_eval_time': 252.6213595867157, 'accumulated_logging_time': 0.3276073932647705}
I0126 20:42:06.799123 139659820644096 logging_writer.py:48] [16400] accumulated_eval_time=252.621360, accumulated_logging_time=0.327607, accumulated_submission_time=5667.149293, global_step=16400, preemption_count=0, score=5667.149293, test/accuracy=0.430800, test/loss=2.711288, test/num_examples=10000, total_duration=5920.640057, train/accuracy=0.590282, train/loss=1.806464, validation/accuracy=0.551720, validation/loss=1.990447, validation/num_examples=50000
I0126 20:42:07.149886 139659829036800 logging_writer.py:48] [16400] global_step=16400, grad_norm=3.455562114715576, loss=3.006168842315674
I0126 20:42:41.234596 139659820644096 logging_writer.py:48] [16500] global_step=16500, grad_norm=4.608307361602783, loss=2.961912155151367
I0126 20:43:15.369190 139659829036800 logging_writer.py:48] [16600] global_step=16600, grad_norm=4.608582496643066, loss=2.971184015274048
I0126 20:43:49.508394 139659820644096 logging_writer.py:48] [16700] global_step=16700, grad_norm=5.225165367126465, loss=3.0735530853271484
I0126 20:44:23.645343 139659829036800 logging_writer.py:48] [16800] global_step=16800, grad_norm=3.6180291175842285, loss=2.990039348602295
I0126 20:44:57.777070 139659820644096 logging_writer.py:48] [16900] global_step=16900, grad_norm=4.574426174163818, loss=2.9801549911499023
I0126 20:45:31.915080 139659829036800 logging_writer.py:48] [17000] global_step=17000, grad_norm=4.785045623779297, loss=3.0246763229370117
I0126 20:46:06.076488 139659820644096 logging_writer.py:48] [17100] global_step=17100, grad_norm=2.468384265899658, loss=3.0000829696655273
I0126 20:46:40.228243 139659829036800 logging_writer.py:48] [17200] global_step=17200, grad_norm=5.929401874542236, loss=2.9868061542510986
I0126 20:47:14.382504 139659820644096 logging_writer.py:48] [17300] global_step=17300, grad_norm=3.8814361095428467, loss=2.923262119293213
I0126 20:47:48.539341 139659829036800 logging_writer.py:48] [17400] global_step=17400, grad_norm=3.9210643768310547, loss=2.9689791202545166
I0126 20:48:22.664367 139659820644096 logging_writer.py:48] [17500] global_step=17500, grad_norm=3.474013328552246, loss=3.0550363063812256
I0126 20:48:56.814403 139659829036800 logging_writer.py:48] [17600] global_step=17600, grad_norm=4.339324951171875, loss=3.0171375274658203
I0126 20:49:30.992199 139659820644096 logging_writer.py:48] [17700] global_step=17700, grad_norm=4.4251708984375, loss=3.1029820442199707
I0126 20:50:05.194304 139659829036800 logging_writer.py:48] [17800] global_step=17800, grad_norm=4.626692771911621, loss=3.0032477378845215
I0126 20:50:37.065945 139822745589568 spec.py:321] Evaluating on the training split.
I0126 20:50:45.302096 139822745589568 spec.py:333] Evaluating on the validation split.
I0126 20:50:58.366382 139822745589568 spec.py:349] Evaluating on the test split.
I0126 20:51:00.647140 139822745589568 submission_runner.py:408] Time since start: 6454.51s, 	Step: 17895, 	{'train/accuracy': 0.5936902165412903, 'train/loss': 1.7567952871322632, 'validation/accuracy': 0.5552600026130676, 'validation/loss': 1.939975380897522, 'validation/num_examples': 50000, 'test/accuracy': 0.4360000193119049, 'test/loss': 2.634429931640625, 'test/num_examples': 10000, 'score': 6177.358016967773, 'total_duration': 6454.508526086807, 'accumulated_submission_time': 6177.358016967773, 'accumulated_eval_time': 276.202490568161, 'accumulated_logging_time': 0.35756540298461914}
I0126 20:51:00.678805 139659829036800 logging_writer.py:48] [17895] accumulated_eval_time=276.202491, accumulated_logging_time=0.357565, accumulated_submission_time=6177.358017, global_step=17895, preemption_count=0, score=6177.358017, test/accuracy=0.436000, test/loss=2.634430, test/num_examples=10000, total_duration=6454.508526, train/accuracy=0.593690, train/loss=1.756795, validation/accuracy=0.555260, validation/loss=1.939975, validation/num_examples=50000
I0126 20:51:02.733309 139659837429504 logging_writer.py:48] [17900] global_step=17900, grad_norm=3.342442035675049, loss=3.0672101974487305
I0126 20:51:36.818653 139659829036800 logging_writer.py:48] [18000] global_step=18000, grad_norm=3.470538854598999, loss=3.132720708847046
I0126 20:52:10.943831 139659837429504 logging_writer.py:48] [18100] global_step=18100, grad_norm=2.559720754623413, loss=2.9775636196136475
I0126 20:52:45.081059 139659829036800 logging_writer.py:48] [18200] global_step=18200, grad_norm=3.8288211822509766, loss=2.9187889099121094
I0126 20:53:19.266425 139659837429504 logging_writer.py:48] [18300] global_step=18300, grad_norm=4.171499729156494, loss=2.9551684856414795
I0126 20:53:53.429953 139659829036800 logging_writer.py:48] [18400] global_step=18400, grad_norm=3.994952917098999, loss=3.0951180458068848
I0126 20:54:27.602698 139659837429504 logging_writer.py:48] [18500] global_step=18500, grad_norm=3.350830316543579, loss=2.940547466278076
I0126 20:55:01.760992 139659829036800 logging_writer.py:48] [18600] global_step=18600, grad_norm=4.47796630859375, loss=2.9966325759887695
I0126 20:55:35.917245 139659837429504 logging_writer.py:48] [18700] global_step=18700, grad_norm=4.0706377029418945, loss=2.9345927238464355
I0126 20:56:10.098814 139659829036800 logging_writer.py:48] [18800] global_step=18800, grad_norm=2.7947607040405273, loss=3.015052556991577
I0126 20:56:44.259412 139659837429504 logging_writer.py:48] [18900] global_step=18900, grad_norm=2.971529245376587, loss=3.043416738510132
I0126 20:57:18.434840 139659829036800 logging_writer.py:48] [19000] global_step=19000, grad_norm=3.796992301940918, loss=3.084406614303589
I0126 20:57:52.604721 139659837429504 logging_writer.py:48] [19100] global_step=19100, grad_norm=3.9584896564483643, loss=2.972977876663208
I0126 20:58:26.785806 139659829036800 logging_writer.py:48] [19200] global_step=19200, grad_norm=3.9303689002990723, loss=3.095721960067749
I0126 20:59:00.953807 139659837429504 logging_writer.py:48] [19300] global_step=19300, grad_norm=2.967951536178589, loss=2.9514589309692383
I0126 20:59:30.761694 139822745589568 spec.py:321] Evaluating on the training split.
I0126 20:59:38.445261 139822745589568 spec.py:333] Evaluating on the validation split.
I0126 20:59:51.226166 139822745589568 spec.py:349] Evaluating on the test split.
