python3 submission_runner.py --framework=jax --workload=imagenet_vit_post_ln --submission_path=reference_algorithms/target_setting_algorithms/jax_nadamw.py --data_dir=/data/imagenet/jax --num_tuning_trials=1 --experiment_dir=/experiment_runs --experiment_name=variants_target_setting/study_0 --overwrite=true --save_checkpoints=false --rng_seed=3173852236 --max_global_steps=186666 --imagenet_v2_data_dir=/data/imagenet/jax --tuning_ruleset=external --tuning_search_space=reference_algorithms/target_setting_algorithms/imagenet_vit_post_ln/tuning_search_space.json --num_tuning_trials=1 2>&1 | tee -a /logs/imagenet_vit_post_ln_jax_03-15-2024-23-59-51.log
/usr/local/lib/python3.8/dist-packages/tensorflow_addons/utils/tfa_eol_msg.py:23: UserWarning: 

TensorFlow Addons (TFA) has ended development and introduction of new features.
TFA has entered a minimal maintenance and release mode until a planned end of life in May 2024.
Please modify downstream libraries to take dependencies from other repositories in our TensorFlow community (e.g. Keras, Keras-CV, and Keras-NLP). 

For more information see: https://github.com/tensorflow/addons/issues/2807 

  warnings.warn(
I0316 00:00:11.566439 140033285822272 logger_utils.py:76] Creating experiment directory at /experiment_runs/variants_target_setting/study_0/imagenet_vit_post_ln_jax.
I0316 00:00:12.563362 140033285822272 xla_bridge.py:455] Unable to initialize backend 'rocm': NOT_FOUND: Could not find registered platform with name: "rocm". Available platform names are: CUDA Host Interpreter
I0316 00:00:12.564169 140033285822272 xla_bridge.py:455] Unable to initialize backend 'tpu': module 'jaxlib.xla_extension' has no attribute 'get_tpu_client'
I0316 00:00:12.564315 140033285822272 xla_bridge.py:455] Unable to initialize backend 'plugin': xla_extension has no attributes named get_plugin_device_client. Compile TensorFlow with //tensorflow/compiler/xla/python:enable_plugin_device set to true (defaults to false) to enable this.
I0316 00:00:12.569919 140033285822272 submission_runner.py:554] Using RNG seed 3173852236
I0316 00:00:13.659821 140033285822272 submission_runner.py:563] --- Tuning run 1/1 ---
I0316 00:00:13.660044 140033285822272 submission_runner.py:568] Creating tuning directory at /experiment_runs/variants_target_setting/study_0/imagenet_vit_post_ln_jax/trial_1.
I0316 00:00:13.660221 140033285822272 logger_utils.py:92] Saving hparams to /experiment_runs/variants_target_setting/study_0/imagenet_vit_post_ln_jax/trial_1/hparams.json.
I0316 00:00:13.839598 140033285822272 submission_runner.py:209] Initializing dataset.
I0316 00:00:13.855502 140033285822272 dataset_info.py:578] Load dataset info from /data/imagenet/jax/imagenet2012/5.1.0
I0316 00:00:13.865468 140033285822272 dataset_info.py:669] Fields info.[splits, supervised_keys] from disk and from code do not match. Keeping the one from code.
I0316 00:00:14.247655 140033285822272 logging_logger.py:49] Constructing tf.data.Dataset imagenet2012 for split train, from /data/imagenet/jax/imagenet2012/5.1.0
I0316 00:00:22.466131 140033285822272 submission_runner.py:220] Initializing model.
I0316 00:00:31.458210 140033285822272 submission_runner.py:262] Initializing optimizer.
I0316 00:00:32.420233 140033285822272 submission_runner.py:269] Initializing metrics bundle.
I0316 00:00:32.420427 140033285822272 submission_runner.py:287] Initializing checkpoint and logger.
I0316 00:00:32.421577 140033285822272 checkpoints.py:915] Found no checkpoint files in /experiment_runs/variants_target_setting/study_0/imagenet_vit_post_ln_jax/trial_1 with prefix checkpoint_
I0316 00:00:32.421716 140033285822272 submission_runner.py:307] Saving meta data to /experiment_runs/variants_target_setting/study_0/imagenet_vit_post_ln_jax/trial_1/meta_data_0.json.
fatal: detected dubious ownership in repository at '/algorithmic-efficiency'
To add an exception for this directory, call:

	git config --global --add safe.directory /algorithmic-efficiency
I0316 00:00:32.756739 140033285822272 logger_utils.py:220] Unable to record git information. Continuing without it.
I0316 00:00:33.064836 140033285822272 submission_runner.py:311] Saving flags to /experiment_runs/variants_target_setting/study_0/imagenet_vit_post_ln_jax/trial_1/flags_0.json.
I0316 00:00:33.075245 140033285822272 submission_runner.py:321] Starting training loop.
I0316 00:01:14.138068 139869720401664 logging_writer.py:48] [0] global_step=0, grad_norm=0.3938342034816742, loss=6.9077558517456055
I0316 00:01:14.155561 140033285822272 spec.py:321] Evaluating on the training split.
I0316 00:01:14.163531 140033285822272 dataset_info.py:578] Load dataset info from /data/imagenet/jax/imagenet2012/5.1.0
I0316 00:01:14.172635 140033285822272 dataset_info.py:669] Fields info.[splits, supervised_keys] from disk and from code do not match. Keeping the one from code.
I0316 00:01:14.254874 140033285822272 logging_logger.py:49] Constructing tf.data.Dataset imagenet2012 for split train, from /data/imagenet/jax/imagenet2012/5.1.0
I0316 00:01:31.504192 140033285822272 spec.py:333] Evaluating on the validation split.
I0316 00:01:31.512259 140033285822272 dataset_info.py:578] Load dataset info from /data/imagenet/jax/imagenet2012/5.1.0
I0316 00:01:31.528261 140033285822272 dataset_info.py:669] Fields info.[splits, supervised_keys] from disk and from code do not match. Keeping the one from code.
I0316 00:01:31.593162 140033285822272 logging_logger.py:49] Constructing tf.data.Dataset imagenet2012 for split validation, from /data/imagenet/jax/imagenet2012/5.1.0
I0316 00:01:48.860535 140033285822272 spec.py:349] Evaluating on the test split.
I0316 00:01:48.867143 140033285822272 dataset_info.py:578] Load dataset info from /data/imagenet/jax/imagenet_v2/matched-frequency/3.0.0
I0316 00:01:48.874033 140033285822272 dataset_builder.py:528] Reusing dataset imagenet_v2 (/data/imagenet/jax/imagenet_v2/matched-frequency/3.0.0)
I0316 00:01:48.928765 140033285822272 logging_logger.py:49] Constructing tf.data.Dataset imagenet_v2 for split test, from /data/imagenet/jax/imagenet_v2/matched-frequency/3.0.0
I0316 00:01:54.239927 140033285822272 submission_runner.py:420] Time since start: 81.16s, 	Step: 1, 	{'train/accuracy': 0.0007617187220603228, 'train/loss': 6.907756328582764, 'validation/accuracy': 0.0009999999310821295, 'validation/loss': 6.9077558517456055, 'validation/num_examples': 50000, 'test/accuracy': 0.0010000000474974513, 'test/loss': 6.907756805419922, 'test/num_examples': 10000, 'score': 41.08020734786987, 'total_duration': 81.16462087631226, 'accumulated_submission_time': 41.08020734786987, 'accumulated_eval_time': 40.084317207336426, 'accumulated_logging_time': 0}
I0316 00:01:54.256282 139836400850688 logging_writer.py:48] [1] accumulated_eval_time=40.084317, accumulated_logging_time=0, accumulated_submission_time=41.080207, global_step=1, preemption_count=0, score=41.080207, test/accuracy=0.001000, test/loss=6.907757, test/num_examples=10000, total_duration=81.164621, train/accuracy=0.000762, train/loss=6.907756, validation/accuracy=0.001000, validation/loss=6.907756, validation/num_examples=50000
I0316 00:02:16.276137 139870466991872 logging_writer.py:48] [1] global_step=1, grad_norm=0.3756982386112213, loss=6.9077558517456055
I0316 00:02:16.661754 139870475384576 logging_writer.py:48] [2] global_step=2, grad_norm=0.3727283775806427, loss=6.9077558517456055
I0316 00:02:17.056505 139870466991872 logging_writer.py:48] [3] global_step=3, grad_norm=0.3983844518661499, loss=6.907755374908447
I0316 00:02:17.451198 139870475384576 logging_writer.py:48] [4] global_step=4, grad_norm=0.38651415705680847, loss=6.907754421234131
I0316 00:02:17.847070 139870466991872 logging_writer.py:48] [5] global_step=5, grad_norm=0.3883418142795563, loss=6.907754898071289
I0316 00:02:18.248831 139870475384576 logging_writer.py:48] [6] global_step=6, grad_norm=0.3876117765903473, loss=6.907753944396973
I0316 00:02:18.646788 139870466991872 logging_writer.py:48] [7] global_step=7, grad_norm=0.3863912522792816, loss=6.907754421234131
I0316 00:02:19.039775 139870475384576 logging_writer.py:48] [8] global_step=8, grad_norm=0.381976455450058, loss=6.907753944396973
I0316 00:02:19.439713 139870466991872 logging_writer.py:48] [9] global_step=9, grad_norm=0.39094141125679016, loss=6.90775203704834
I0316 00:02:19.837753 139870475384576 logging_writer.py:48] [10] global_step=10, grad_norm=0.38759270310401917, loss=6.907751083374023
I0316 00:02:20.245109 139870466991872 logging_writer.py:48] [11] global_step=11, grad_norm=0.392534464597702, loss=6.9077558517456055
I0316 00:02:20.644135 139870475384576 logging_writer.py:48] [12] global_step=12, grad_norm=0.3960970640182495, loss=6.9077534675598145
I0316 00:02:21.043689 139870466991872 logging_writer.py:48] [13] global_step=13, grad_norm=0.38809719681739807, loss=6.907748222351074
I0316 00:02:21.447440 139870475384576 logging_writer.py:48] [14] global_step=14, grad_norm=0.374808132648468, loss=6.90775203704834
I0316 00:02:21.914649 139870466991872 logging_writer.py:48] [15] global_step=15, grad_norm=0.3880757689476013, loss=6.907755374908447
I0316 00:02:22.317076 139870475384576 logging_writer.py:48] [16] global_step=16, grad_norm=0.3722555935382843, loss=6.907750129699707
I0316 00:02:22.717270 139870466991872 logging_writer.py:48] [17] global_step=17, grad_norm=0.36764946579933167, loss=6.907749652862549
I0316 00:02:23.117752 139870475384576 logging_writer.py:48] [18] global_step=18, grad_norm=0.3859368562698364, loss=6.907754421234131
I0316 00:02:23.515083 139870466991872 logging_writer.py:48] [19] global_step=19, grad_norm=0.3734357953071594, loss=6.907746315002441
I0316 00:02:23.918158 139870475384576 logging_writer.py:48] [20] global_step=20, grad_norm=0.38179147243499756, loss=6.907746315002441
I0316 00:02:24.322252 139870466991872 logging_writer.py:48] [21] global_step=21, grad_norm=0.3887183368206024, loss=6.90773868560791
I0316 00:02:24.725409 139870475384576 logging_writer.py:48] [22] global_step=22, grad_norm=0.3929829001426697, loss=6.907731056213379
I0316 00:02:25.127587 139870466991872 logging_writer.py:48] [23] global_step=23, grad_norm=0.40158843994140625, loss=6.907745361328125
I0316 00:02:25.536915 139870475384576 logging_writer.py:48] [24] global_step=24, grad_norm=0.3835151493549347, loss=6.9077348709106445
I0316 00:02:25.939705 139870466991872 logging_writer.py:48] [25] global_step=25, grad_norm=0.38055744767189026, loss=6.907729625701904
I0316 00:02:26.342969 139870475384576 logging_writer.py:48] [26] global_step=26, grad_norm=0.388971209526062, loss=6.907727241516113
I0316 00:02:26.743848 139870466991872 logging_writer.py:48] [27] global_step=27, grad_norm=0.3871460556983948, loss=6.9077324867248535
I0316 00:02:27.143694 139870475384576 logging_writer.py:48] [28] global_step=28, grad_norm=0.39195382595062256, loss=6.9077372550964355
I0316 00:02:27.542354 139870466991872 logging_writer.py:48] [29] global_step=29, grad_norm=0.38741835951805115, loss=6.907736778259277
I0316 00:02:27.940728 139870475384576 logging_writer.py:48] [30] global_step=30, grad_norm=0.36873483657836914, loss=6.907726764678955
I0316 00:02:28.344924 139870466991872 logging_writer.py:48] [31] global_step=31, grad_norm=0.37401294708251953, loss=6.907739639282227
I0316 00:02:28.742841 139870475384576 logging_writer.py:48] [32] global_step=32, grad_norm=0.3872448205947876, loss=6.907716751098633
I0316 00:02:29.146697 139870466991872 logging_writer.py:48] [33] global_step=33, grad_norm=0.4009174108505249, loss=6.907731056213379
I0316 00:02:29.552837 139870475384576 logging_writer.py:48] [34] global_step=34, grad_norm=0.400471568107605, loss=6.907718181610107
I0316 00:02:29.956585 139870466991872 logging_writer.py:48] [35] global_step=35, grad_norm=0.38762012124061584, loss=6.907716751098633
I0316 00:02:30.357203 139870475384576 logging_writer.py:48] [36] global_step=36, grad_norm=0.3907240927219391, loss=6.907711505889893
I0316 00:02:30.757600 139870466991872 logging_writer.py:48] [37] global_step=37, grad_norm=0.3834764063358307, loss=6.907725811004639
I0316 00:02:31.157552 139870475384576 logging_writer.py:48] [38] global_step=38, grad_norm=0.39075538516044617, loss=6.907743453979492
I0316 00:02:31.559998 139870466991872 logging_writer.py:48] [39] global_step=39, grad_norm=0.3595119118690491, loss=6.90773868560791
I0316 00:02:31.968888 139870475384576 logging_writer.py:48] [40] global_step=40, grad_norm=0.3969852328300476, loss=6.9077043533325195
I0316 00:02:32.366866 139870466991872 logging_writer.py:48] [41] global_step=41, grad_norm=0.3811723291873932, loss=6.907686710357666
I0316 00:02:32.780363 139870475384576 logging_writer.py:48] [42] global_step=42, grad_norm=0.38330987095832825, loss=6.90768575668335
I0316 00:02:33.184152 139870466991872 logging_writer.py:48] [43] global_step=43, grad_norm=0.37313687801361084, loss=6.907722473144531
I0316 00:02:33.594841 139870475384576 logging_writer.py:48] [44] global_step=44, grad_norm=0.3610216975212097, loss=6.907707214355469
I0316 00:02:34.000790 139870466991872 logging_writer.py:48] [45] global_step=45, grad_norm=0.3700004816055298, loss=6.907674789428711
I0316 00:02:34.401733 139870475384576 logging_writer.py:48] [46] global_step=46, grad_norm=0.3751589357852936, loss=6.9076972007751465
I0316 00:02:34.798743 139870466991872 logging_writer.py:48] [47] global_step=47, grad_norm=0.38514575362205505, loss=6.907703399658203
I0316 00:02:35.203786 139870475384576 logging_writer.py:48] [48] global_step=48, grad_norm=0.3755865693092346, loss=6.9077229499816895
I0316 00:02:35.606493 139870466991872 logging_writer.py:48] [49] global_step=49, grad_norm=0.3890818655490875, loss=6.907654285430908
I0316 00:02:36.009911 139870475384576 logging_writer.py:48] [50] global_step=50, grad_norm=0.3641391098499298, loss=6.907707214355469
I0316 00:02:36.417762 139870466991872 logging_writer.py:48] [51] global_step=51, grad_norm=0.37825286388397217, loss=6.907679080963135
I0316 00:02:36.814741 139870475384576 logging_writer.py:48] [52] global_step=52, grad_norm=0.3994346261024475, loss=6.9076642990112305
I0316 00:02:37.213932 139870466991872 logging_writer.py:48] [53] global_step=53, grad_norm=0.3940330147743225, loss=6.90762996673584
I0316 00:02:37.617130 139870475384576 logging_writer.py:48] [54] global_step=54, grad_norm=0.36783677339553833, loss=6.907686233520508
I0316 00:02:38.019535 139870466991872 logging_writer.py:48] [55] global_step=55, grad_norm=0.3597096800804138, loss=6.9077067375183105
I0316 00:02:38.422367 139870475384576 logging_writer.py:48] [56] global_step=56, grad_norm=0.38616427779197693, loss=6.907678127288818
I0316 00:02:38.823628 139870466991872 logging_writer.py:48] [57] global_step=57, grad_norm=0.3645528554916382, loss=6.9076738357543945
I0316 00:02:39.222534 139870475384576 logging_writer.py:48] [58] global_step=58, grad_norm=0.40399906039237976, loss=6.907609939575195
I0316 00:02:39.628535 139870466991872 logging_writer.py:48] [59] global_step=59, grad_norm=0.38753125071525574, loss=6.907637119293213
I0316 00:02:40.033708 139870475384576 logging_writer.py:48] [60] global_step=60, grad_norm=0.3954210579395294, loss=6.907646656036377
I0316 00:02:40.430833 139870466991872 logging_writer.py:48] [61] global_step=61, grad_norm=0.40130117535591125, loss=6.9075727462768555
I0316 00:02:40.838682 139870475384576 logging_writer.py:48] [62] global_step=62, grad_norm=0.3826932907104492, loss=6.907632827758789
I0316 00:02:41.243902 139870466991872 logging_writer.py:48] [63] global_step=63, grad_norm=0.3523252606391907, loss=6.907651901245117
I0316 00:02:41.645392 139870475384576 logging_writer.py:48] [64] global_step=64, grad_norm=0.3976028263568878, loss=6.907646179199219
I0316 00:02:42.050686 139870466991872 logging_writer.py:48] [65] global_step=65, grad_norm=0.3846225440502167, loss=6.907635688781738
I0316 00:02:42.455766 139870475384576 logging_writer.py:48] [66] global_step=66, grad_norm=0.358576238155365, loss=6.907681941986084
I0316 00:02:42.858140 139870466991872 logging_writer.py:48] [67] global_step=67, grad_norm=0.39309802651405334, loss=6.907655715942383
I0316 00:02:43.272307 139870475384576 logging_writer.py:48] [68] global_step=68, grad_norm=0.3952833414077759, loss=6.9075469970703125
I0316 00:02:43.677933 139870466991872 logging_writer.py:48] [69] global_step=69, grad_norm=0.3775479793548584, loss=6.9075727462768555
I0316 00:02:44.077314 139870475384576 logging_writer.py:48] [70] global_step=70, grad_norm=0.37853148579597473, loss=6.907590866088867
I0316 00:02:44.478043 139870466991872 logging_writer.py:48] [71] global_step=71, grad_norm=0.3910606801509857, loss=6.907551288604736
I0316 00:02:44.875658 139870475384576 logging_writer.py:48] [72] global_step=72, grad_norm=0.38537517189979553, loss=6.9075775146484375
I0316 00:02:45.285796 139870466991872 logging_writer.py:48] [73] global_step=73, grad_norm=0.3603183925151825, loss=6.907563209533691
I0316 00:02:45.687719 139870475384576 logging_writer.py:48] [74] global_step=74, grad_norm=0.3872446119785309, loss=6.9075541496276855
I0316 00:02:46.095379 139870466991872 logging_writer.py:48] [75] global_step=75, grad_norm=0.3711696267127991, loss=6.9076337814331055
I0316 00:02:46.503122 139870475384576 logging_writer.py:48] [76] global_step=76, grad_norm=0.39352166652679443, loss=6.907537937164307
I0316 00:02:46.910634 139870466991872 logging_writer.py:48] [77] global_step=77, grad_norm=0.37241482734680176, loss=6.907571792602539
I0316 00:02:47.320080 139870475384576 logging_writer.py:48] [78] global_step=78, grad_norm=0.39632466435432434, loss=6.907477378845215
I0316 00:02:47.725515 139870466991872 logging_writer.py:48] [79] global_step=79, grad_norm=0.36467212438583374, loss=6.907602310180664
I0316 00:02:48.127052 139870475384576 logging_writer.py:48] [80] global_step=80, grad_norm=0.39542290568351746, loss=6.907540798187256
I0316 00:02:48.531691 139870466991872 logging_writer.py:48] [81] global_step=81, grad_norm=0.3710428476333618, loss=6.907440662384033
I0316 00:02:48.933456 139870475384576 logging_writer.py:48] [82] global_step=82, grad_norm=0.37729504704475403, loss=6.907524108886719
I0316 00:02:49.339848 139870466991872 logging_writer.py:48] [83] global_step=83, grad_norm=0.3981883227825165, loss=6.907421112060547
I0316 00:02:49.752156 139870475384576 logging_writer.py:48] [84] global_step=84, grad_norm=0.39913302659988403, loss=6.907473087310791
I0316 00:02:50.158516 139870466991872 logging_writer.py:48] [85] global_step=85, grad_norm=0.4009978473186493, loss=6.9074249267578125
I0316 00:02:50.557017 139870475384576 logging_writer.py:48] [86] global_step=86, grad_norm=0.3658345341682434, loss=6.907509803771973
I0316 00:02:50.957000 139870466991872 logging_writer.py:48] [87] global_step=87, grad_norm=0.37548014521598816, loss=6.907475471496582
I0316 00:02:51.363280 139870475384576 logging_writer.py:48] [88] global_step=88, grad_norm=0.3715553283691406, loss=6.907506942749023
I0316 00:02:51.763214 139870466991872 logging_writer.py:48] [89] global_step=89, grad_norm=0.39217332005500793, loss=6.907364845275879
I0316 00:02:52.170582 139870475384576 logging_writer.py:48] [90] global_step=90, grad_norm=0.3951757550239563, loss=6.907480716705322
I0316 00:02:52.574336 139870466991872 logging_writer.py:48] [91] global_step=91, grad_norm=0.3605244755744934, loss=6.9074482917785645
I0316 00:02:52.980626 139870475384576 logging_writer.py:48] [92] global_step=92, grad_norm=0.3535877466201782, loss=6.907451629638672
I0316 00:02:53.380526 139870466991872 logging_writer.py:48] [93] global_step=93, grad_norm=0.404690146446228, loss=6.907233238220215
I0316 00:02:53.780294 139870475384576 logging_writer.py:48] [94] global_step=94, grad_norm=0.40517139434814453, loss=6.9072442054748535
I0316 00:02:54.188600 139870466991872 logging_writer.py:48] [95] global_step=95, grad_norm=0.348324716091156, loss=6.907526969909668
I0316 00:02:54.591829 139870475384576 logging_writer.py:48] [96] global_step=96, grad_norm=0.3589041531085968, loss=6.907482624053955
I0316 00:02:55.005522 139870466991872 logging_writer.py:48] [97] global_step=97, grad_norm=0.4015863239765167, loss=6.907263278961182
I0316 00:02:55.413764 139870475384576 logging_writer.py:48] [98] global_step=98, grad_norm=0.36165595054626465, loss=6.907513618469238
I0316 00:02:55.813298 139870466991872 logging_writer.py:48] [99] global_step=99, grad_norm=0.41321390867233276, loss=6.9072747230529785
I0316 00:02:56.225621 139870475384576 logging_writer.py:48] [100] global_step=100, grad_norm=0.40392428636550903, loss=6.907224178314209
I0316 00:05:48.198702 139870466991872 logging_writer.py:48] [500] global_step=500, grad_norm=0.663736879825592, loss=6.8600616455078125
I0316 00:08:54.258125 140033285822272 spec.py:321] Evaluating on the training split.
I0316 00:09:05.875423 140033285822272 spec.py:333] Evaluating on the validation split.
I0316 00:09:13.934720 140033285822272 spec.py:349] Evaluating on the test split.
I0316 00:09:15.753179 140033285822272 submission_runner.py:420] Time since start: 522.68s, 	Step: 926, 	{'train/accuracy': 0.006582031026482582, 'train/loss': 6.714056968688965, 'validation/accuracy': 0.006300000008195639, 'validation/loss': 6.719353675842285, 'validation/num_examples': 50000, 'test/accuracy': 0.004600000102072954, 'test/loss': 6.733641147613525, 'test/num_examples': 10000, 'score': 461.0231363773346, 'total_duration': 522.6778628826141, 'accumulated_submission_time': 461.0231363773346, 'accumulated_eval_time': 61.57937526702881, 'accumulated_logging_time': 0.02532482147216797}
I0316 00:09:15.772152 139836409243392 logging_writer.py:48] [926] accumulated_eval_time=61.579375, accumulated_logging_time=0.025325, accumulated_submission_time=461.023136, global_step=926, preemption_count=0, score=461.023136, test/accuracy=0.004600, test/loss=6.733641, test/num_examples=10000, total_duration=522.677863, train/accuracy=0.006582, train/loss=6.714057, validation/accuracy=0.006300, validation/loss=6.719354, validation/num_examples=50000
I0316 00:09:44.999123 139836417636096 logging_writer.py:48] [1000] global_step=1000, grad_norm=1.3733290433883667, loss=6.808742523193359
I0316 00:13:21.530723 139836409243392 logging_writer.py:48] [1500] global_step=1500, grad_norm=2.105346918106079, loss=6.595977306365967
I0316 00:16:15.953275 140033285822272 spec.py:321] Evaluating on the training split.
I0316 00:16:27.592169 140033285822272 spec.py:333] Evaluating on the validation split.
I0316 00:16:35.584512 140033285822272 spec.py:349] Evaluating on the test split.
I0316 00:16:37.250607 140033285822272 submission_runner.py:420] Time since start: 964.18s, 	Step: 1901, 	{'train/accuracy': 0.016679687425494194, 'train/loss': 6.3422441482543945, 'validation/accuracy': 0.01565999910235405, 'validation/loss': 6.359914302825928, 'validation/num_examples': 50000, 'test/accuracy': 0.012800000607967377, 'test/loss': 6.409088134765625, 'test/num_examples': 10000, 'score': 881.1417100429535, 'total_duration': 964.175261259079, 'accumulated_submission_time': 881.1417100429535, 'accumulated_eval_time': 82.8766758441925, 'accumulated_logging_time': 0.0546259880065918}
I0316 00:16:37.268356 139836417636096 logging_writer.py:48] [1901] accumulated_eval_time=82.876676, accumulated_logging_time=0.054626, accumulated_submission_time=881.141710, global_step=1901, preemption_count=0, score=881.141710, test/accuracy=0.012800, test/loss=6.409088, test/num_examples=10000, total_duration=964.175261, train/accuracy=0.016680, train/loss=6.342244, validation/accuracy=0.015660, validation/loss=6.359914, validation/num_examples=50000
I0316 00:17:16.309884 139836409243392 logging_writer.py:48] [2000] global_step=2000, grad_norm=1.8527872562408447, loss=6.572420120239258
I0316 00:20:53.839626 139836417636096 logging_writer.py:48] [2500] global_step=2500, grad_norm=2.9981958866119385, loss=6.289988040924072
I0316 00:23:37.695665 140033285822272 spec.py:321] Evaluating on the training split.
I0316 00:23:49.830704 140033285822272 spec.py:333] Evaluating on the validation split.
I0316 00:23:57.965974 140033285822272 spec.py:349] Evaluating on the test split.
I0316 00:23:59.637390 140033285822272 submission_runner.py:420] Time since start: 1406.56s, 	Step: 2877, 	{'train/accuracy': 0.03150390461087227, 'train/loss': 5.981964111328125, 'validation/accuracy': 0.029159998521208763, 'validation/loss': 6.014761924743652, 'validation/num_examples': 50000, 'test/accuracy': 0.02410000190138817, 'test/loss': 6.1073899269104, 'test/num_examples': 10000, 'score': 1301.505422115326, 'total_duration': 1406.5620710849762, 'accumulated_submission_time': 1301.505422115326, 'accumulated_eval_time': 104.81840634346008, 'accumulated_logging_time': 0.08502578735351562}
I0316 00:23:59.655832 139836409243392 logging_writer.py:48] [2877] accumulated_eval_time=104.818406, accumulated_logging_time=0.085026, accumulated_submission_time=1301.505422, global_step=2877, preemption_count=0, score=1301.505422, test/accuracy=0.024100, test/loss=6.107390, test/num_examples=10000, total_duration=1406.562071, train/accuracy=0.031504, train/loss=5.981964, validation/accuracy=0.029160, validation/loss=6.014762, validation/num_examples=50000
I0316 00:24:48.225124 139836417636096 logging_writer.py:48] [3000] global_step=3000, grad_norm=2.385685682296753, loss=6.676101207733154
I0316 00:28:26.200214 139836409243392 logging_writer.py:48] [3500] global_step=3500, grad_norm=3.6762969493865967, loss=6.627563953399658
I0316 00:30:59.711719 140033285822272 spec.py:321] Evaluating on the training split.
I0316 00:31:11.922576 140033285822272 spec.py:333] Evaluating on the validation split.
I0316 00:31:20.026575 140033285822272 spec.py:349] Evaluating on the test split.
I0316 00:31:21.696637 140033285822272 submission_runner.py:420] Time since start: 1848.62s, 	Step: 3855, 	{'train/accuracy': 0.04957031086087227, 'train/loss': 5.680673122406006, 'validation/accuracy': 0.04731999710202217, 'validation/loss': 5.7118449211120605, 'validation/num_examples': 50000, 'test/accuracy': 0.03920000046491623, 'test/loss': 5.855755805969238, 'test/num_examples': 10000, 'score': 1721.4997999668121, 'total_duration': 1848.6213216781616, 'accumulated_submission_time': 1721.4997999668121, 'accumulated_eval_time': 126.8033504486084, 'accumulated_logging_time': 0.11359977722167969}
I0316 00:31:21.715250 139836417636096 logging_writer.py:48] [3855] accumulated_eval_time=126.803350, accumulated_logging_time=0.113600, accumulated_submission_time=1721.499800, global_step=3855, preemption_count=0, score=1721.499800, test/accuracy=0.039200, test/loss=5.855756, test/num_examples=10000, total_duration=1848.621322, train/accuracy=0.049570, train/loss=5.680673, validation/accuracy=0.047320, validation/loss=5.711845, validation/num_examples=50000
I0316 00:32:21.826791 139836409243392 logging_writer.py:48] [4000] global_step=4000, grad_norm=3.877549171447754, loss=5.921272277832031
I0316 00:36:00.819413 139836417636096 logging_writer.py:48] [4500] global_step=4500, grad_norm=3.5056729316711426, loss=6.5387773513793945
I0316 00:38:21.792718 140033285822272 spec.py:321] Evaluating on the training split.
I0316 00:38:33.815444 140033285822272 spec.py:333] Evaluating on the validation split.
I0316 00:38:41.936545 140033285822272 spec.py:349] Evaluating on the test split.
I0316 00:38:43.599800 140033285822272 submission_runner.py:420] Time since start: 2290.52s, 	Step: 4824, 	{'train/accuracy': 0.06197265535593033, 'train/loss': 5.449063777923584, 'validation/accuracy': 0.06045999750494957, 'validation/loss': 5.482926845550537, 'validation/num_examples': 50000, 'test/accuracy': 0.04780000075697899, 'test/loss': 5.6592698097229, 'test/num_examples': 10000, 'score': 2141.5182423591614, 'total_duration': 2290.524486064911, 'accumulated_submission_time': 2141.5182423591614, 'accumulated_eval_time': 148.610445022583, 'accumulated_logging_time': 0.1418454647064209}
I0316 00:38:43.621641 139836409243392 logging_writer.py:48] [4824] accumulated_eval_time=148.610445, accumulated_logging_time=0.141845, accumulated_submission_time=2141.518242, global_step=4824, preemption_count=0, score=2141.518242, test/accuracy=0.047800, test/loss=5.659270, test/num_examples=10000, total_duration=2290.524486, train/accuracy=0.061973, train/loss=5.449064, validation/accuracy=0.060460, validation/loss=5.482927, validation/num_examples=50000
I0316 00:39:56.104463 139836417636096 logging_writer.py:48] [5000] global_step=5000, grad_norm=2.4057490825653076, loss=6.511286735534668
I0316 00:43:37.388892 139836409243392 logging_writer.py:48] [5500] global_step=5500, grad_norm=2.684587240219116, loss=5.762458801269531
I0316 00:45:43.640608 140033285822272 spec.py:321] Evaluating on the training split.
I0316 00:45:55.855650 140033285822272 spec.py:333] Evaluating on the validation split.
I0316 00:46:03.945611 140033285822272 spec.py:349] Evaluating on the test split.
I0316 00:46:05.609762 140033285822272 submission_runner.py:420] Time since start: 2732.53s, 	Step: 5789, 	{'train/accuracy': 0.08013671636581421, 'train/loss': 5.217288494110107, 'validation/accuracy': 0.07655999809503555, 'validation/loss': 5.264044284820557, 'validation/num_examples': 50000, 'test/accuracy': 0.05620000138878822, 'test/loss': 5.48585319519043, 'test/num_examples': 10000, 'score': 2561.473810195923, 'total_duration': 2732.53444647789, 'accumulated_submission_time': 2561.473810195923, 'accumulated_eval_time': 170.5796058177948, 'accumulated_logging_time': 0.17626452445983887}
I0316 00:46:05.628213 139836417636096 logging_writer.py:48] [5789] accumulated_eval_time=170.579606, accumulated_logging_time=0.176265, accumulated_submission_time=2561.473810, global_step=5789, preemption_count=0, score=2561.473810, test/accuracy=0.056200, test/loss=5.485853, test/num_examples=10000, total_duration=2732.534446, train/accuracy=0.080137, train/loss=5.217288, validation/accuracy=0.076560, validation/loss=5.264044, validation/num_examples=50000
I0316 00:47:33.389941 139836409243392 logging_writer.py:48] [6000] global_step=6000, grad_norm=2.7999861240386963, loss=5.764077186584473
I0316 00:51:12.797288 139836417636096 logging_writer.py:48] [6500] global_step=6500, grad_norm=2.392307996749878, loss=5.517270088195801
I0316 00:53:05.743373 140033285822272 spec.py:321] Evaluating on the training split.
I0316 00:53:17.786026 140033285822272 spec.py:333] Evaluating on the validation split.
I0316 00:53:25.816338 140033285822272 spec.py:349] Evaluating on the test split.
I0316 00:53:27.489469 140033285822272 submission_runner.py:420] Time since start: 3174.41s, 	Step: 6759, 	{'train/accuracy': 0.1013476550579071, 'train/loss': 4.993688106536865, 'validation/accuracy': 0.09341999888420105, 'validation/loss': 5.065521240234375, 'validation/num_examples': 50000, 'test/accuracy': 0.06980000436306, 'test/loss': 5.323365211486816, 'test/num_examples': 10000, 'score': 2981.527709722519, 'total_duration': 3174.414154291153, 'accumulated_submission_time': 2981.527709722519, 'accumulated_eval_time': 192.32569646835327, 'accumulated_logging_time': 0.20553112030029297}
I0316 00:53:27.508949 139836409243392 logging_writer.py:48] [6759] accumulated_eval_time=192.325696, accumulated_logging_time=0.205531, accumulated_submission_time=2981.527710, global_step=6759, preemption_count=0, score=2981.527710, test/accuracy=0.069800, test/loss=5.323365, test/num_examples=10000, total_duration=3174.414154, train/accuracy=0.101348, train/loss=4.993688, validation/accuracy=0.093420, validation/loss=5.065521, validation/num_examples=50000
I0316 00:55:08.368804 139836417636096 logging_writer.py:48] [7000] global_step=7000, grad_norm=1.8995023965835571, loss=5.953338623046875
I0316 00:58:47.442536 139836409243392 logging_writer.py:48] [7500] global_step=7500, grad_norm=2.3726680278778076, loss=5.385939121246338
I0316 01:00:27.786553 140033285822272 spec.py:321] Evaluating on the training split.
I0316 01:00:39.845598 140033285822272 spec.py:333] Evaluating on the validation split.
I0316 01:00:47.957743 140033285822272 spec.py:349] Evaluating on the test split.
I0316 01:00:49.628428 140033285822272 submission_runner.py:420] Time since start: 3616.55s, 	Step: 7728, 	{'train/accuracy': 0.11998046934604645, 'train/loss': 4.808412551879883, 'validation/accuracy': 0.11267999559640884, 'validation/loss': 4.850436687469482, 'validation/num_examples': 50000, 'test/accuracy': 0.08540000766515732, 'test/loss': 5.1297783851623535, 'test/num_examples': 10000, 'score': 3401.743551969528, 'total_duration': 3616.5531113147736, 'accumulated_submission_time': 3401.743551969528, 'accumulated_eval_time': 214.16758465766907, 'accumulated_logging_time': 0.23641633987426758}
I0316 01:00:49.647923 139836417636096 logging_writer.py:48] [7728] accumulated_eval_time=214.167585, accumulated_logging_time=0.236416, accumulated_submission_time=3401.743552, global_step=7728, preemption_count=0, score=3401.743552, test/accuracy=0.085400, test/loss=5.129778, test/num_examples=10000, total_duration=3616.553111, train/accuracy=0.119980, train/loss=4.808413, validation/accuracy=0.112680, validation/loss=4.850437, validation/num_examples=50000
I0316 01:02:44.076588 139836409243392 logging_writer.py:48] [8000] global_step=8000, grad_norm=2.4321954250335693, loss=5.259451866149902
I0316 01:06:22.913592 139836417636096 logging_writer.py:48] [8500] global_step=8500, grad_norm=2.7267894744873047, loss=5.11539888381958
I0316 01:07:49.950989 140033285822272 spec.py:321] Evaluating on the training split.
I0316 01:08:02.106780 140033285822272 spec.py:333] Evaluating on the validation split.
I0316 01:08:15.202741 140033285822272 spec.py:349] Evaluating on the test split.
I0316 01:08:16.872568 140033285822272 submission_runner.py:420] Time since start: 4063.80s, 	Step: 8699, 	{'train/accuracy': 0.14232420921325684, 'train/loss': 4.569924354553223, 'validation/accuracy': 0.13220000267028809, 'validation/loss': 4.647293567657471, 'validation/num_examples': 50000, 'test/accuracy': 0.10190000385046005, 'test/loss': 4.963707447052002, 'test/num_examples': 10000, 'score': 3821.985910177231, 'total_duration': 4063.7972338199615, 'accumulated_submission_time': 3821.985910177231, 'accumulated_eval_time': 241.08913397789001, 'accumulated_logging_time': 0.26611995697021484}
I0316 01:08:16.894884 139836409243392 logging_writer.py:48] [8699] accumulated_eval_time=241.089134, accumulated_logging_time=0.266120, accumulated_submission_time=3821.985910, global_step=8699, preemption_count=0, score=3821.985910, test/accuracy=0.101900, test/loss=4.963707, test/num_examples=10000, total_duration=4063.797234, train/accuracy=0.142324, train/loss=4.569924, validation/accuracy=0.132200, validation/loss=4.647294, validation/num_examples=50000
I0316 01:10:24.229824 139836417636096 logging_writer.py:48] [9000] global_step=9000, grad_norm=2.6268692016601562, loss=5.083146572113037
I0316 01:14:04.901102 139836409243392 logging_writer.py:48] [9500] global_step=9500, grad_norm=2.0920021533966064, loss=5.5659637451171875
I0316 01:15:16.890302 140033285822272 spec.py:321] Evaluating on the training split.
I0316 01:15:28.932950 140033285822272 spec.py:333] Evaluating on the validation split.
I0316 01:15:38.142295 140033285822272 spec.py:349] Evaluating on the test split.
I0316 01:15:39.813854 140033285822272 submission_runner.py:420] Time since start: 4506.74s, 	Step: 9666, 	{'train/accuracy': 0.16783203184604645, 'train/loss': 4.347902297973633, 'validation/accuracy': 0.15410000085830688, 'validation/loss': 4.429182529449463, 'validation/num_examples': 50000, 'test/accuracy': 0.11750000715255737, 'test/loss': 4.765655040740967, 'test/num_examples': 10000, 'score': 4241.9191472530365, 'total_duration': 4506.738534450531, 'accumulated_submission_time': 4241.9191472530365, 'accumulated_eval_time': 264.0126805305481, 'accumulated_logging_time': 0.30106043815612793}
I0316 01:15:39.836527 139836417636096 logging_writer.py:48] [9666] accumulated_eval_time=264.012681, accumulated_logging_time=0.301060, accumulated_submission_time=4241.919147, global_step=9666, preemption_count=0, score=4241.919147, test/accuracy=0.117500, test/loss=4.765655, test/num_examples=10000, total_duration=4506.738534, train/accuracy=0.167832, train/loss=4.347902, validation/accuracy=0.154100, validation/loss=4.429183, validation/num_examples=50000
I0316 01:18:02.064039 139836409243392 logging_writer.py:48] [10000] global_step=10000, grad_norm=2.3676891326904297, loss=5.079387664794922
I0316 01:21:41.412999 139836417636096 logging_writer.py:48] [10500] global_step=10500, grad_norm=2.8513402938842773, loss=5.1435723304748535
I0316 01:22:39.958813 140033285822272 spec.py:321] Evaluating on the training split.
I0316 01:22:52.044312 140033285822272 spec.py:333] Evaluating on the validation split.
I0316 01:23:02.578686 140033285822272 spec.py:349] Evaluating on the test split.
I0316 01:23:04.237395 140033285822272 submission_runner.py:420] Time since start: 4951.16s, 	Step: 10636, 	{'train/accuracy': 0.19873046875, 'train/loss': 4.126186370849609, 'validation/accuracy': 0.1750599890947342, 'validation/loss': 4.249802589416504, 'validation/num_examples': 50000, 'test/accuracy': 0.1315000057220459, 'test/loss': 4.625553131103516, 'test/num_examples': 10000, 'score': 4661.980578184128, 'total_duration': 4951.162081241608, 'accumulated_submission_time': 4661.980578184128, 'accumulated_eval_time': 288.2912566661835, 'accumulated_logging_time': 0.3340919017791748}
I0316 01:23:04.256389 139836409243392 logging_writer.py:48] [10636] accumulated_eval_time=288.291257, accumulated_logging_time=0.334092, accumulated_submission_time=4661.980578, global_step=10636, preemption_count=0, score=4661.980578, test/accuracy=0.131500, test/loss=4.625553, test/num_examples=10000, total_duration=4951.162081, train/accuracy=0.198730, train/loss=4.126186, validation/accuracy=0.175060, validation/loss=4.249803, validation/num_examples=50000
I0316 01:25:40.018753 139836417636096 logging_writer.py:48] [11000] global_step=11000, grad_norm=2.37420654296875, loss=5.783533096313477
I0316 01:29:20.239945 139836409243392 logging_writer.py:48] [11500] global_step=11500, grad_norm=2.9659290313720703, loss=4.879312992095947
I0316 01:30:04.369719 140033285822272 spec.py:321] Evaluating on the training split.
I0316 01:30:16.568273 140033285822272 spec.py:333] Evaluating on the validation split.
I0316 01:30:29.378816 140033285822272 spec.py:349] Evaluating on the test split.
I0316 01:30:31.044678 140033285822272 submission_runner.py:420] Time since start: 5397.97s, 	Step: 11602, 	{'train/accuracy': 0.22062499821186066, 'train/loss': 3.9403603076934814, 'validation/accuracy': 0.20306000113487244, 'validation/loss': 4.047501564025879, 'validation/num_examples': 50000, 'test/accuracy': 0.15280000865459442, 'test/loss': 4.449875354766846, 'test/num_examples': 10000, 'score': 5082.0325129032135, 'total_duration': 5397.969358682632, 'accumulated_submission_time': 5082.0325129032135, 'accumulated_eval_time': 314.96621322631836, 'accumulated_logging_time': 0.36377620697021484}
I0316 01:30:31.064167 139836417636096 logging_writer.py:48] [11602] accumulated_eval_time=314.966213, accumulated_logging_time=0.363776, accumulated_submission_time=5082.032513, global_step=11602, preemption_count=0, score=5082.032513, test/accuracy=0.152800, test/loss=4.449875, test/num_examples=10000, total_duration=5397.969359, train/accuracy=0.220625, train/loss=3.940360, validation/accuracy=0.203060, validation/loss=4.047502, validation/num_examples=50000
I0316 01:33:20.902376 139836409243392 logging_writer.py:48] [12000] global_step=12000, grad_norm=2.6697497367858887, loss=4.509191513061523
I0316 01:37:02.701857 139836417636096 logging_writer.py:48] [12500] global_step=12500, grad_norm=2.283820867538452, loss=5.351311206817627
I0316 01:37:31.203890 140033285822272 spec.py:321] Evaluating on the training split.
I0316 01:37:43.579053 140033285822272 spec.py:333] Evaluating on the validation split.
I0316 01:37:54.547649 140033285822272 spec.py:349] Evaluating on the test split.
I0316 01:37:56.246025 140033285822272 submission_runner.py:420] Time since start: 5843.17s, 	Step: 12566, 	{'train/accuracy': 0.2492968738079071, 'train/loss': 3.7531585693359375, 'validation/accuracy': 0.2243800014257431, 'validation/loss': 3.883746385574341, 'validation/num_examples': 50000, 'test/accuracy': 0.170400008559227, 'test/loss': 4.311071395874023, 'test/num_examples': 10000, 'score': 5502.110665559769, 'total_duration': 5843.170692920685, 'accumulated_submission_time': 5502.110665559769, 'accumulated_eval_time': 340.00833344459534, 'accumulated_logging_time': 0.3936030864715576}
I0316 01:37:56.278365 139836409243392 logging_writer.py:48] [12566] accumulated_eval_time=340.008333, accumulated_logging_time=0.393603, accumulated_submission_time=5502.110666, global_step=12566, preemption_count=0, score=5502.110666, test/accuracy=0.170400, test/loss=4.311071, test/num_examples=10000, total_duration=5843.170693, train/accuracy=0.249297, train/loss=3.753159, validation/accuracy=0.224380, validation/loss=3.883746, validation/num_examples=50000
I0316 01:41:04.215811 139836417636096 logging_writer.py:48] [13000] global_step=13000, grad_norm=2.5142998695373535, loss=4.467177867889404
I0316 01:44:45.108213 139836409243392 logging_writer.py:48] [13500] global_step=13500, grad_norm=2.6672472953796387, loss=4.406020164489746
I0316 01:44:56.662820 140033285822272 spec.py:321] Evaluating on the training split.
I0316 01:45:09.266491 140033285822272 spec.py:333] Evaluating on the validation split.
I0316 01:45:24.002130 140033285822272 spec.py:349] Evaluating on the test split.
I0316 01:45:25.652848 140033285822272 submission_runner.py:420] Time since start: 6292.58s, 	Step: 13528, 	{'train/accuracy': 0.27210935950279236, 'train/loss': 3.5523247718811035, 'validation/accuracy': 0.2468400001525879, 'validation/loss': 3.6852965354919434, 'validation/num_examples': 50000, 'test/accuracy': 0.18460001051425934, 'test/loss': 4.1573100090026855, 'test/num_examples': 10000, 'score': 5922.427560567856, 'total_duration': 6292.57753610611, 'accumulated_submission_time': 5922.427560567856, 'accumulated_eval_time': 368.9983401298523, 'accumulated_logging_time': 0.4434661865234375}
I0316 01:45:25.674712 139836417636096 logging_writer.py:48] [13528] accumulated_eval_time=368.998340, accumulated_logging_time=0.443466, accumulated_submission_time=5922.427561, global_step=13528, preemption_count=0, score=5922.427561, test/accuracy=0.184600, test/loss=4.157310, test/num_examples=10000, total_duration=6292.577536, train/accuracy=0.272109, train/loss=3.552325, validation/accuracy=0.246840, validation/loss=3.685297, validation/num_examples=50000
I0316 01:48:52.270058 139836409243392 logging_writer.py:48] [14000] global_step=14000, grad_norm=2.5004820823669434, loss=4.241806983947754
I0316 01:52:26.072044 140033285822272 spec.py:321] Evaluating on the training split.
I0316 01:52:39.498989 140033285822272 spec.py:333] Evaluating on the validation split.
I0316 01:52:56.503895 140033285822272 spec.py:349] Evaluating on the test split.
I0316 01:52:58.189764 140033285822272 submission_runner.py:420] Time since start: 6745.11s, 	Step: 14478, 	{'train/accuracy': 0.2886328101158142, 'train/loss': 3.419095039367676, 'validation/accuracy': 0.2662599980831146, 'validation/loss': 3.558997392654419, 'validation/num_examples': 50000, 'test/accuracy': 0.1997000128030777, 'test/loss': 4.048617839813232, 'test/num_examples': 10000, 'score': 6342.762490987778, 'total_duration': 6745.11438536644, 'accumulated_submission_time': 6342.762490987778, 'accumulated_eval_time': 401.11600852012634, 'accumulated_logging_time': 0.47854089736938477}
I0316 01:52:58.218903 139836417636096 logging_writer.py:48] [14478] accumulated_eval_time=401.116009, accumulated_logging_time=0.478541, accumulated_submission_time=6342.762491, global_step=14478, preemption_count=0, score=6342.762491, test/accuracy=0.199700, test/loss=4.048618, test/num_examples=10000, total_duration=6745.114385, train/accuracy=0.288633, train/loss=3.419095, validation/accuracy=0.266260, validation/loss=3.558997, validation/num_examples=50000
I0316 01:53:07.230112 139836409243392 logging_writer.py:48] [14500] global_step=14500, grad_norm=2.650756359100342, loss=4.276134490966797
I0316 01:56:43.811527 139836417636096 logging_writer.py:48] [15000] global_step=15000, grad_norm=2.923889636993408, loss=4.2390055656433105
I0316 01:59:59.019975 140033285822272 spec.py:321] Evaluating on the training split.
I0316 02:00:12.329347 140033285822272 spec.py:333] Evaluating on the validation split.
I0316 02:00:30.354830 140033285822272 spec.py:349] Evaluating on the test split.
I0316 02:00:32.012499 140033285822272 submission_runner.py:420] Time since start: 7198.94s, 	Step: 15440, 	{'train/accuracy': 0.31990233063697815, 'train/loss': 3.2628514766693115, 'validation/accuracy': 0.2917400002479553, 'validation/loss': 3.4116780757904053, 'validation/num_examples': 50000, 'test/accuracy': 0.22120000422000885, 'test/loss': 3.929030656814575, 'test/num_examples': 10000, 'score': 6763.496320009232, 'total_duration': 7198.937178134918, 'accumulated_submission_time': 6763.496320009232, 'accumulated_eval_time': 434.10852456092834, 'accumulated_logging_time': 0.5244593620300293}
I0316 02:00:32.033220 139836409243392 logging_writer.py:48] [15440] accumulated_eval_time=434.108525, accumulated_logging_time=0.524459, accumulated_submission_time=6763.496320, global_step=15440, preemption_count=0, score=6763.496320, test/accuracy=0.221200, test/loss=3.929031, test/num_examples=10000, total_duration=7198.937178, train/accuracy=0.319902, train/loss=3.262851, validation/accuracy=0.291740, validation/loss=3.411678, validation/num_examples=50000
I0316 02:00:55.856010 139836417636096 logging_writer.py:48] [15500] global_step=15500, grad_norm=2.3620405197143555, loss=4.395965576171875
I0316 02:04:33.947204 139836409243392 logging_writer.py:48] [16000] global_step=16000, grad_norm=2.404599189758301, loss=4.384859085083008
I0316 02:07:32.308421 140033285822272 spec.py:321] Evaluating on the training split.
I0316 02:07:46.656122 140033285822272 spec.py:333] Evaluating on the validation split.
I0316 02:08:04.276907 140033285822272 spec.py:349] Evaluating on the test split.
I0316 02:08:05.933039 140033285822272 submission_runner.py:420] Time since start: 7652.86s, 	Step: 16403, 	{'train/accuracy': 0.33998045325279236, 'train/loss': 3.1379647254943848, 'validation/accuracy': 0.3125, 'validation/loss': 3.283846139907837, 'validation/num_examples': 50000, 'test/accuracy': 0.2395000159740448, 'test/loss': 3.829561948776245, 'test/num_examples': 10000, 'score': 7183.709098100662, 'total_duration': 7652.857706308365, 'accumulated_submission_time': 7183.709098100662, 'accumulated_eval_time': 467.7331323623657, 'accumulated_logging_time': 0.5573093891143799}
I0316 02:08:05.957861 139836417636096 logging_writer.py:48] [16403] accumulated_eval_time=467.733132, accumulated_logging_time=0.557309, accumulated_submission_time=7183.709098, global_step=16403, preemption_count=0, score=7183.709098, test/accuracy=0.239500, test/loss=3.829562, test/num_examples=10000, total_duration=7652.857706, train/accuracy=0.339980, train/loss=3.137965, validation/accuracy=0.312500, validation/loss=3.283846, validation/num_examples=50000
I0316 02:08:45.242818 139836409243392 logging_writer.py:48] [16500] global_step=16500, grad_norm=2.7538528442382812, loss=4.14132022857666
I0316 02:12:27.542339 139836417636096 logging_writer.py:48] [17000] global_step=17000, grad_norm=2.8053340911865234, loss=3.9863710403442383
I0316 02:15:06.022714 140033285822272 spec.py:321] Evaluating on the training split.
I0316 02:15:20.617527 140033285822272 spec.py:333] Evaluating on the validation split.
I0316 02:15:36.731950 140033285822272 spec.py:349] Evaluating on the test split.
I0316 02:15:38.388734 140033285822272 submission_runner.py:420] Time since start: 8105.31s, 	Step: 17359, 	{'train/accuracy': 0.36570310592651367, 'train/loss': 2.9488189220428467, 'validation/accuracy': 0.3349599838256836, 'validation/loss': 3.1350302696228027, 'validation/num_examples': 50000, 'test/accuracy': 0.25550001859664917, 'test/loss': 3.685300588607788, 'test/num_examples': 10000, 'score': 7603.709952116013, 'total_duration': 8105.313410997391, 'accumulated_submission_time': 7603.709952116013, 'accumulated_eval_time': 500.099139213562, 'accumulated_logging_time': 0.5962083339691162}
I0316 02:15:38.411573 139836409243392 logging_writer.py:48] [17359] accumulated_eval_time=500.099139, accumulated_logging_time=0.596208, accumulated_submission_time=7603.709952, global_step=17359, preemption_count=0, score=7603.709952, test/accuracy=0.255500, test/loss=3.685301, test/num_examples=10000, total_duration=8105.313411, train/accuracy=0.365703, train/loss=2.948819, validation/accuracy=0.334960, validation/loss=3.135030, validation/num_examples=50000
I0316 02:16:37.987507 139836417636096 logging_writer.py:48] [17500] global_step=17500, grad_norm=2.6293017864227295, loss=3.980131149291992
I0316 02:20:20.089283 139836409243392 logging_writer.py:48] [18000] global_step=18000, grad_norm=2.850609302520752, loss=3.8735756874084473
I0316 02:22:38.616988 140033285822272 spec.py:321] Evaluating on the training split.
I0316 02:22:53.394989 140033285822272 spec.py:333] Evaluating on the validation split.
I0316 02:23:16.183955 140033285822272 spec.py:349] Evaluating on the test split.
