I0316 14:20:14.258255 140033285822272 submission_runner.py:420] Time since start: 51581.18s, 	Step: 108092, 	{'train/accuracy': 0.8363671898841858, 'train/loss': 0.6227496862411499, 'validation/accuracy': 0.74617999792099, 'validation/loss': 1.0163707733154297, 'validation/num_examples': 50000, 'test/accuracy': 0.6180000305175781, 'test/loss': 1.650549292564392, 'test/num_examples': 10000, 'score': 47516.14053821564, 'total_duration': 51581.18294215202, 'accumulated_submission_time': 47516.14053821564, 'accumulated_eval_time': 4055.074747800827, 'accumulated_logging_time': 4.367753982543945}
I0316 14:20:14.285707 139836417636096 logging_writer.py:48] [108092] accumulated_eval_time=4055.074748, accumulated_logging_time=4.367754, accumulated_submission_time=47516.140538, global_step=108092, preemption_count=0, score=47516.140538, test/accuracy=0.618000, test/loss=1.650549, test/num_examples=10000, total_duration=51581.182942, train/accuracy=0.836367, train/loss=0.622750, validation/accuracy=0.746180, validation/loss=1.016371, validation/num_examples=50000
I0316 14:23:12.279374 139836409243392 logging_writer.py:48] [108500] global_step=108500, grad_norm=2.6128461360931396, loss=2.162569999694824
I0316 14:26:55.182492 139836417636096 logging_writer.py:48] [109000] global_step=109000, grad_norm=2.61177659034729, loss=1.390035629272461
I0316 14:27:14.564319 140033285822272 spec.py:321] Evaluating on the training split.
I0316 14:27:24.519491 140033285822272 spec.py:333] Evaluating on the validation split.
I0316 14:27:53.810135 140033285822272 spec.py:349] Evaluating on the test split.
I0316 14:27:55.462163 140033285822272 submission_runner.py:420] Time since start: 52042.39s, 	Step: 109045, 	{'train/accuracy': 0.8378320336341858, 'train/loss': 0.6192162036895752, 'validation/accuracy': 0.7454800009727478, 'validation/loss': 1.0157496929168701, 'validation/num_examples': 50000, 'test/accuracy': 0.619700014591217, 'test/loss': 1.6563630104064941, 'test/num_examples': 10000, 'score': 47936.36020040512, 'total_duration': 52042.38684606552, 'accumulated_submission_time': 47936.36020040512, 'accumulated_eval_time': 4095.97256565094, 'accumulated_logging_time': 4.40497350692749}
I0316 14:27:55.487893 139836409243392 logging_writer.py:48] [109045] accumulated_eval_time=4095.972566, accumulated_logging_time=4.404974, accumulated_submission_time=47936.360200, global_step=109045, preemption_count=0, score=47936.360200, test/accuracy=0.619700, test/loss=1.656363, test/num_examples=10000, total_duration=52042.386846, train/accuracy=0.837832, train/loss=0.619216, validation/accuracy=0.745480, validation/loss=1.015750, validation/num_examples=50000
I0316 14:31:12.864711 139836417636096 logging_writer.py:48] [109500] global_step=109500, grad_norm=2.857593059539795, loss=3.738266944885254
I0316 14:34:54.906553 139836409243392 logging_writer.py:48] [110000] global_step=110000, grad_norm=2.5699479579925537, loss=1.8095107078552246
I0316 14:34:55.551467 140033285822272 spec.py:321] Evaluating on the training split.
I0316 14:35:05.985112 140033285822272 spec.py:333] Evaluating on the validation split.
I0316 14:35:27.916501 140033285822272 spec.py:349] Evaluating on the test split.
I0316 14:35:29.576635 140033285822272 submission_runner.py:420] Time since start: 52496.50s, 	Step: 110003, 	{'train/accuracy': 0.8412694931030273, 'train/loss': 0.6067090630531311, 'validation/accuracy': 0.7469399571418762, 'validation/loss': 1.0047023296356201, 'validation/num_examples': 50000, 'test/accuracy': 0.6170000433921814, 'test/loss': 1.6504782438278198, 'test/num_examples': 10000, 'score': 48356.365557193756, 'total_duration': 52496.501323223114, 'accumulated_submission_time': 48356.365557193756, 'accumulated_eval_time': 4129.997729063034, 'accumulated_logging_time': 4.440007448196411}
I0316 14:35:29.605355 139836417636096 logging_writer.py:48] [110003] accumulated_eval_time=4129.997729, accumulated_logging_time=4.440007, accumulated_submission_time=48356.365557, global_step=110003, preemption_count=0, score=48356.365557, test/accuracy=0.617000, test/loss=1.650478, test/num_examples=10000, total_duration=52496.501323, train/accuracy=0.841269, train/loss=0.606709, validation/accuracy=0.746940, validation/loss=1.004702, validation/num_examples=50000
I0316 14:39:06.728421 139836409243392 logging_writer.py:48] [110500] global_step=110500, grad_norm=2.6382689476013184, loss=2.2019386291503906
I0316 14:42:29.988420 140033285822272 spec.py:321] Evaluating on the training split.
I0316 14:42:40.478371 140033285822272 spec.py:333] Evaluating on the validation split.
I0316 14:43:04.852884 140033285822272 spec.py:349] Evaluating on the test split.
I0316 14:43:06.502099 140033285822272 submission_runner.py:420] Time since start: 52953.43s, 	Step: 110958, 	{'train/accuracy': 0.8490819931030273, 'train/loss': 0.5812028646469116, 'validation/accuracy': 0.7455199956893921, 'validation/loss': 1.0081909894943237, 'validation/num_examples': 50000, 'test/accuracy': 0.6190000176429749, 'test/loss': 1.6425085067749023, 'test/num_examples': 10000, 'score': 48776.686744213104, 'total_duration': 52953.426795721054, 'accumulated_submission_time': 48776.686744213104, 'accumulated_eval_time': 4166.511432647705, 'accumulated_logging_time': 4.481417894363403}
I0316 14:43:06.527902 139836417636096 logging_writer.py:48] [110958] accumulated_eval_time=4166.511433, accumulated_logging_time=4.481418, accumulated_submission_time=48776.686744, global_step=110958, preemption_count=0, score=48776.686744, test/accuracy=0.619000, test/loss=1.642509, test/num_examples=10000, total_duration=52953.426796, train/accuracy=0.849082, train/loss=0.581203, validation/accuracy=0.745520, validation/loss=1.008191, validation/num_examples=50000
I0316 14:43:23.333355 139836409243392 logging_writer.py:48] [111000] global_step=111000, grad_norm=2.618905544281006, loss=3.1694722175598145
I0316 14:47:03.067662 139836417636096 logging_writer.py:48] [111500] global_step=111500, grad_norm=2.493710994720459, loss=2.4668502807617188
I0316 14:50:06.735165 140033285822272 spec.py:321] Evaluating on the training split.
I0316 14:50:16.939903 140033285822272 spec.py:333] Evaluating on the validation split.
I0316 14:50:41.754081 140033285822272 spec.py:349] Evaluating on the test split.
I0316 14:50:43.417824 140033285822272 submission_runner.py:420] Time since start: 53410.34s, 	Step: 111914, 	{'train/accuracy': 0.8423241972923279, 'train/loss': 0.5987648367881775, 'validation/accuracy': 0.7480199933052063, 'validation/loss': 0.9991421103477478, 'validation/num_examples': 50000, 'test/accuracy': 0.6178000569343567, 'test/loss': 1.642221212387085, 'test/num_examples': 10000, 'score': 49196.83443522453, 'total_duration': 53410.34250831604, 'accumulated_submission_time': 49196.83443522453, 'accumulated_eval_time': 4203.194106340408, 'accumulated_logging_time': 4.517452716827393}
I0316 14:50:43.451645 139836409243392 logging_writer.py:48] [111914] accumulated_eval_time=4203.194106, accumulated_logging_time=4.517453, accumulated_submission_time=49196.834435, global_step=111914, preemption_count=0, score=49196.834435, test/accuracy=0.617800, test/loss=1.642221, test/num_examples=10000, total_duration=53410.342508, train/accuracy=0.842324, train/loss=0.598765, validation/accuracy=0.748020, validation/loss=0.999142, validation/num_examples=50000
I0316 14:51:17.601466 139836417636096 logging_writer.py:48] [112000] global_step=112000, grad_norm=2.761420488357544, loss=3.7416625022888184
I0316 14:55:00.223637 139836409243392 logging_writer.py:48] [112500] global_step=112500, grad_norm=2.7716352939605713, loss=3.7218713760375977
I0316 14:57:43.591314 140033285822272 spec.py:321] Evaluating on the training split.
I0316 14:57:54.238238 140033285822272 spec.py:333] Evaluating on the validation split.
I0316 14:58:16.175796 140033285822272 spec.py:349] Evaluating on the test split.
I0316 14:58:17.836998 140033285822272 submission_runner.py:420] Time since start: 53864.76s, 	Step: 112866, 	{'train/accuracy': 0.84486323595047, 'train/loss': 0.590288519859314, 'validation/accuracy': 0.7480799555778503, 'validation/loss': 1.0019407272338867, 'validation/num_examples': 50000, 'test/accuracy': 0.6195000410079956, 'test/loss': 1.6393332481384277, 'test/num_examples': 10000, 'score': 49616.911490917206, 'total_duration': 53864.761655807495, 'accumulated_submission_time': 49616.911490917206, 'accumulated_eval_time': 4237.439774990082, 'accumulated_logging_time': 4.564082384109497}
I0316 14:58:17.868743 139836417636096 logging_writer.py:48] [112866] accumulated_eval_time=4237.439775, accumulated_logging_time=4.564082, accumulated_submission_time=49616.911491, global_step=112866, preemption_count=0, score=49616.911491, test/accuracy=0.619500, test/loss=1.639333, test/num_examples=10000, total_duration=53864.761656, train/accuracy=0.844863, train/loss=0.590289, validation/accuracy=0.748080, validation/loss=1.001941, validation/num_examples=50000
I0316 14:59:13.754963 139836409243392 logging_writer.py:48] [113000] global_step=113000, grad_norm=2.812783718109131, loss=1.4881266355514526
I0316 15:02:56.609249 139836417636096 logging_writer.py:48] [113500] global_step=113500, grad_norm=2.60040545463562, loss=1.394440770149231
I0316 15:05:17.921431 140033285822272 spec.py:321] Evaluating on the training split.
I0316 15:05:28.143109 140033285822272 spec.py:333] Evaluating on the validation split.
I0316 15:05:58.888981 140033285822272 spec.py:349] Evaluating on the test split.
I0316 15:06:00.560121 140033285822272 submission_runner.py:420] Time since start: 54327.48s, 	Step: 113818, 	{'train/accuracy': 0.8456445336341858, 'train/loss': 0.5927426815032959, 'validation/accuracy': 0.7485799789428711, 'validation/loss': 1.003954291343689, 'validation/num_examples': 50000, 'test/accuracy': 0.6198000311851501, 'test/loss': 1.6341878175735474, 'test/num_examples': 10000, 'score': 50036.90283083916, 'total_duration': 54327.484815359116, 'accumulated_submission_time': 50036.90283083916, 'accumulated_eval_time': 4280.078495264053, 'accumulated_logging_time': 4.607403755187988}
I0316 15:06:00.588934 139836409243392 logging_writer.py:48] [113818] accumulated_eval_time=4280.078495, accumulated_logging_time=4.607404, accumulated_submission_time=50036.902831, global_step=113818, preemption_count=0, score=50036.902831, test/accuracy=0.619800, test/loss=1.634188, test/num_examples=10000, total_duration=54327.484815, train/accuracy=0.845645, train/loss=0.592743, validation/accuracy=0.748580, validation/loss=1.003954, validation/num_examples=50000
I0316 15:07:16.004728 139836417636096 logging_writer.py:48] [114000] global_step=114000, grad_norm=2.5159995555877686, loss=2.048860788345337
I0316 15:10:59.312140 139836409243392 logging_writer.py:48] [114500] global_step=114500, grad_norm=2.72920298576355, loss=1.730337381362915
I0316 15:13:00.883386 140033285822272 spec.py:321] Evaluating on the training split.
I0316 15:13:11.276435 140033285822272 spec.py:333] Evaluating on the validation split.
I0316 15:13:34.187452 140033285822272 spec.py:349] Evaluating on the test split.
I0316 15:13:35.854674 140033285822272 submission_runner.py:420] Time since start: 54782.78s, 	Step: 114775, 	{'train/accuracy': 0.8468554615974426, 'train/loss': 0.5843576788902283, 'validation/accuracy': 0.7496199607849121, 'validation/loss': 0.9976999759674072, 'validation/num_examples': 50000, 'test/accuracy': 0.6207000017166138, 'test/loss': 1.6386059522628784, 'test/num_examples': 10000, 'score': 50457.13864898682, 'total_duration': 54782.779359579086, 'accumulated_submission_time': 50457.13864898682, 'accumulated_eval_time': 4315.04980134964, 'accumulated_logging_time': 4.645892381668091}
I0316 15:13:35.883900 139836417636096 logging_writer.py:48] [114775] accumulated_eval_time=4315.049801, accumulated_logging_time=4.645892, accumulated_submission_time=50457.138649, global_step=114775, preemption_count=0, score=50457.138649, test/accuracy=0.620700, test/loss=1.638606, test/num_examples=10000, total_duration=54782.779360, train/accuracy=0.846855, train/loss=0.584358, validation/accuracy=0.749620, validation/loss=0.997700, validation/num_examples=50000
I0316 15:15:10.877641 139836409243392 logging_writer.py:48] [115000] global_step=115000, grad_norm=2.7419273853302, loss=1.857874870300293
I0316 15:18:54.245790 139836417636096 logging_writer.py:48] [115500] global_step=115500, grad_norm=2.879556179046631, loss=1.4349052906036377
I0316 15:20:35.918647 140033285822272 spec.py:321] Evaluating on the training split.
I0316 15:20:46.529594 140033285822272 spec.py:333] Evaluating on the validation split.
I0316 15:21:08.851790 140033285822272 spec.py:349] Evaluating on the test split.
I0316 15:21:10.518406 140033285822272 submission_runner.py:420] Time since start: 55237.44s, 	Step: 115730, 	{'train/accuracy': 0.8459765315055847, 'train/loss': 0.5903598070144653, 'validation/accuracy': 0.750059962272644, 'validation/loss': 0.9998406171798706, 'validation/num_examples': 50000, 'test/accuracy': 0.6201000213623047, 'test/loss': 1.6393582820892334, 'test/num_examples': 10000, 'score': 50877.113295555115, 'total_duration': 55237.44309091568, 'accumulated_submission_time': 50877.113295555115, 'accumulated_eval_time': 4349.649586200714, 'accumulated_logging_time': 4.686129331588745}
I0316 15:21:10.547602 139836409243392 logging_writer.py:48] [115730] accumulated_eval_time=4349.649586, accumulated_logging_time=4.686129, accumulated_submission_time=50877.113296, global_step=115730, preemption_count=0, score=50877.113296, test/accuracy=0.620100, test/loss=1.639358, test/num_examples=10000, total_duration=55237.443091, train/accuracy=0.845977, train/loss=0.590360, validation/accuracy=0.750060, validation/loss=0.999841, validation/num_examples=50000
I0316 15:23:06.821580 139836417636096 logging_writer.py:48] [116000] global_step=116000, grad_norm=2.7155377864837646, loss=1.5553290843963623
I0316 15:26:50.236997 139836409243392 logging_writer.py:48] [116500] global_step=116500, grad_norm=2.6289970874786377, loss=3.3276212215423584
I0316 15:28:10.786060 140033285822272 spec.py:321] Evaluating on the training split.
I0316 15:28:21.024239 140033285822272 spec.py:333] Evaluating on the validation split.
I0316 15:28:48.802759 140033285822272 spec.py:349] Evaluating on the test split.
I0316 15:28:50.466792 140033285822272 submission_runner.py:420] Time since start: 55697.39s, 	Step: 116683, 	{'train/accuracy': 0.8506445288658142, 'train/loss': 0.5619098544120789, 'validation/accuracy': 0.749779999256134, 'validation/loss': 0.9848576188087463, 'validation/num_examples': 50000, 'test/accuracy': 0.6219000220298767, 'test/loss': 1.6262645721435547, 'test/num_examples': 10000, 'score': 51297.29220557213, 'total_duration': 55697.39147853851, 'accumulated_submission_time': 51297.29220557213, 'accumulated_eval_time': 4389.330322742462, 'accumulated_logging_time': 4.725714683532715}
I0316 15:28:50.500905 139836417636096 logging_writer.py:48] [116683] accumulated_eval_time=4389.330323, accumulated_logging_time=4.725715, accumulated_submission_time=51297.292206, global_step=116683, preemption_count=0, score=51297.292206, test/accuracy=0.621900, test/loss=1.626265, test/num_examples=10000, total_duration=55697.391479, train/accuracy=0.850645, train/loss=0.561910, validation/accuracy=0.749780, validation/loss=0.984858, validation/num_examples=50000
I0316 15:31:07.388300 139836409243392 logging_writer.py:48] [117000] global_step=117000, grad_norm=2.7903575897216797, loss=3.8008534908294678
I0316 15:34:51.280270 139836417636096 logging_writer.py:48] [117500] global_step=117500, grad_norm=2.980363607406616, loss=1.4859163761138916
I0316 15:35:50.703075 140033285822272 spec.py:321] Evaluating on the training split.
I0316 15:36:01.092912 140033285822272 spec.py:333] Evaluating on the validation split.
I0316 15:36:25.119300 140033285822272 spec.py:349] Evaluating on the test split.
I0316 15:36:26.777970 140033285822272 submission_runner.py:420] Time since start: 56153.70s, 	Step: 117635, 	{'train/accuracy': 0.85218745470047, 'train/loss': 0.5644310712814331, 'validation/accuracy': 0.7512800097465515, 'validation/loss': 0.9909461736679077, 'validation/num_examples': 50000, 'test/accuracy': 0.6231000423431396, 'test/loss': 1.6262131929397583, 'test/num_examples': 10000, 'score': 51717.43297958374, 'total_duration': 56153.70263981819, 'accumulated_submission_time': 51717.43297958374, 'accumulated_eval_time': 4425.405205488205, 'accumulated_logging_time': 4.772045850753784}
I0316 15:36:26.806188 139836409243392 logging_writer.py:48] [117635] accumulated_eval_time=4425.405205, accumulated_logging_time=4.772046, accumulated_submission_time=51717.432980, global_step=117635, preemption_count=0, score=51717.432980, test/accuracy=0.623100, test/loss=1.626213, test/num_examples=10000, total_duration=56153.702640, train/accuracy=0.852187, train/loss=0.564431, validation/accuracy=0.751280, validation/loss=0.990946, validation/num_examples=50000
I0316 15:39:05.031394 139836417636096 logging_writer.py:48] [118000] global_step=118000, grad_norm=2.671696186065674, loss=1.7622793912887573
I0316 15:42:47.647067 139836409243392 logging_writer.py:48] [118500] global_step=118500, grad_norm=2.733752489089966, loss=1.4186807870864868
I0316 15:43:27.238933 140033285822272 spec.py:321] Evaluating on the training split.
I0316 15:43:38.028055 140033285822272 spec.py:333] Evaluating on the validation split.
I0316 15:44:00.164183 140033285822272 spec.py:349] Evaluating on the test split.
I0316 15:44:01.832309 140033285822272 submission_runner.py:420] Time since start: 56608.76s, 	Step: 118590, 	{'train/accuracy': 0.8519335985183716, 'train/loss': 0.5597919821739197, 'validation/accuracy': 0.7525599598884583, 'validation/loss': 0.9866520762443542, 'validation/num_examples': 50000, 'test/accuracy': 0.6267000436782837, 'test/loss': 1.6207976341247559, 'test/num_examples': 10000, 'score': 52137.802012205124, 'total_duration': 56608.75700259209, 'accumulated_submission_time': 52137.802012205124, 'accumulated_eval_time': 4459.998586654663, 'accumulated_logging_time': 4.8138206005096436}
I0316 15:44:01.857162 139836417636096 logging_writer.py:48] [118590] accumulated_eval_time=4459.998587, accumulated_logging_time=4.813821, accumulated_submission_time=52137.802012, global_step=118590, preemption_count=0, score=52137.802012, test/accuracy=0.626700, test/loss=1.620798, test/num_examples=10000, total_duration=56608.757003, train/accuracy=0.851934, train/loss=0.559792, validation/accuracy=0.752560, validation/loss=0.986652, validation/num_examples=50000
I0316 15:47:00.067219 139836409243392 logging_writer.py:48] [119000] global_step=119000, grad_norm=2.822307825088501, loss=1.785922646522522
I0316 15:50:43.205837 139836417636096 logging_writer.py:48] [119500] global_step=119500, grad_norm=2.573101758956909, loss=3.366636037826538
I0316 15:51:01.899830 140033285822272 spec.py:321] Evaluating on the training split.
I0316 15:51:12.411833 140033285822272 spec.py:333] Evaluating on the validation split.
I0316 15:51:37.398745 140033285822272 spec.py:349] Evaluating on the test split.
I0316 15:51:39.048473 140033285822272 submission_runner.py:420] Time since start: 57065.97s, 	Step: 119544, 	{'train/accuracy': 0.8473632335662842, 'train/loss': 0.5713116526603699, 'validation/accuracy': 0.7536199688911438, 'validation/loss': 0.9778622984886169, 'validation/num_examples': 50000, 'test/accuracy': 0.6262000203132629, 'test/loss': 1.6168922185897827, 'test/num_examples': 10000, 'score': 52557.78605103493, 'total_duration': 57065.97317624092, 'accumulated_submission_time': 52557.78605103493, 'accumulated_eval_time': 4497.1472289562225, 'accumulated_logging_time': 4.847980976104736}
I0316 15:51:39.073946 139836409243392 logging_writer.py:48] [119544] accumulated_eval_time=4497.147229, accumulated_logging_time=4.847981, accumulated_submission_time=52557.786051, global_step=119544, preemption_count=0, score=52557.786051, test/accuracy=0.626200, test/loss=1.616892, test/num_examples=10000, total_duration=57065.973176, train/accuracy=0.847363, train/loss=0.571312, validation/accuracy=0.753620, validation/loss=0.977862, validation/num_examples=50000
I0316 15:54:57.326788 139836417636096 logging_writer.py:48] [120000] global_step=120000, grad_norm=2.7615277767181396, loss=2.5081727504730225
I0316 15:58:39.295870 140033285822272 spec.py:321] Evaluating on the training split.
I0316 15:58:49.543519 140033285822272 spec.py:333] Evaluating on the validation split.
I0316 15:59:14.061012 140033285822272 spec.py:349] Evaluating on the test split.
I0316 15:59:15.715582 140033285822272 submission_runner.py:420] Time since start: 57522.64s, 	Step: 120499, 	{'train/accuracy': 0.8544335961341858, 'train/loss': 0.5522642135620117, 'validation/accuracy': 0.7531799674034119, 'validation/loss': 0.9789881110191345, 'validation/num_examples': 50000, 'test/accuracy': 0.6262000203132629, 'test/loss': 1.6122066974639893, 'test/num_examples': 10000, 'score': 52977.94923663139, 'total_duration': 57522.64027953148, 'accumulated_submission_time': 52977.94923663139, 'accumulated_eval_time': 4533.566967010498, 'accumulated_logging_time': 4.882195711135864}
I0316 15:59:15.741162 139836409243392 logging_writer.py:48] [120499] accumulated_eval_time=4533.566967, accumulated_logging_time=4.882196, accumulated_submission_time=52977.949237, global_step=120499, preemption_count=0, score=52977.949237, test/accuracy=0.626200, test/loss=1.612207, test/num_examples=10000, total_duration=57522.640280, train/accuracy=0.854434, train/loss=0.552264, validation/accuracy=0.753180, validation/loss=0.978988, validation/num_examples=50000
I0316 15:59:16.528250 139836417636096 logging_writer.py:48] [120500] global_step=120500, grad_norm=2.4892375469207764, loss=2.424450397491455
I0316 16:02:54.144076 139836409243392 logging_writer.py:48] [121000] global_step=121000, grad_norm=2.761993646621704, loss=1.2789356708526611
I0316 16:06:16.090990 140033285822272 spec.py:321] Evaluating on the training split.
I0316 16:06:26.677448 140033285822272 spec.py:333] Evaluating on the validation split.
I0316 16:06:49.586547 140033285822272 spec.py:349] Evaluating on the test split.
I0316 16:06:51.251810 140033285822272 submission_runner.py:420] Time since start: 57978.18s, 	Step: 121454, 	{'train/accuracy': 0.8498241901397705, 'train/loss': 0.5694214701652527, 'validation/accuracy': 0.7528199553489685, 'validation/loss': 0.9818065166473389, 'validation/num_examples': 50000, 'test/accuracy': 0.6256000399589539, 'test/loss': 1.615452766418457, 'test/num_examples': 10000, 'score': 53398.238001823425, 'total_duration': 57978.176491975784, 'accumulated_submission_time': 53398.238001823425, 'accumulated_eval_time': 4568.727827787399, 'accumulated_logging_time': 4.91951847076416}
I0316 16:06:51.282175 139836417636096 logging_writer.py:48] [121454] accumulated_eval_time=4568.727828, accumulated_logging_time=4.919518, accumulated_submission_time=53398.238002, global_step=121454, preemption_count=0, score=53398.238002, test/accuracy=0.625600, test/loss=1.615453, test/num_examples=10000, total_duration=57978.176492, train/accuracy=0.849824, train/loss=0.569421, validation/accuracy=0.752820, validation/loss=0.981807, validation/num_examples=50000
I0316 16:07:09.661806 139836409243392 logging_writer.py:48] [121500] global_step=121500, grad_norm=2.8079307079315186, loss=1.3981389999389648
I0316 16:10:51.062003 139836417636096 logging_writer.py:48] [122000] global_step=122000, grad_norm=2.5496578216552734, loss=1.9748940467834473
I0316 16:13:51.679003 140033285822272 spec.py:321] Evaluating on the training split.
I0316 16:14:02.212908 140033285822272 spec.py:333] Evaluating on the validation split.
I0316 16:14:29.549708 140033285822272 spec.py:349] Evaluating on the test split.
I0316 16:14:31.197777 140033285822272 submission_runner.py:420] Time since start: 58438.12s, 	Step: 122407, 	{'train/accuracy': 0.8509570360183716, 'train/loss': 0.5583187341690063, 'validation/accuracy': 0.7542600035667419, 'validation/loss': 0.9754990339279175, 'validation/num_examples': 50000, 'test/accuracy': 0.6246000528335571, 'test/loss': 1.6070241928100586, 'test/num_examples': 10000, 'score': 53818.574295282364, 'total_duration': 58438.1224565506, 'accumulated_submission_time': 53818.574295282364, 'accumulated_eval_time': 4608.24661231041, 'accumulated_logging_time': 4.96071720123291}
I0316 16:14:31.229265 139836409243392 logging_writer.py:48] [122407] accumulated_eval_time=4608.246612, accumulated_logging_time=4.960717, accumulated_submission_time=53818.574295, global_step=122407, preemption_count=0, score=53818.574295, test/accuracy=0.624600, test/loss=1.607024, test/num_examples=10000, total_duration=58438.122457, train/accuracy=0.850957, train/loss=0.558319, validation/accuracy=0.754260, validation/loss=0.975499, validation/num_examples=50000
I0316 16:15:07.947618 139836417636096 logging_writer.py:48] [122500] global_step=122500, grad_norm=2.582069158554077, loss=1.810657024383545
I0316 16:18:51.298544 139836409243392 logging_writer.py:48] [123000] global_step=123000, grad_norm=2.975858688354492, loss=1.3594043254852295
I0316 16:21:31.419917 140033285822272 spec.py:321] Evaluating on the training split.
I0316 16:21:41.560677 140033285822272 spec.py:333] Evaluating on the validation split.
I0316 16:22:06.173759 140033285822272 spec.py:349] Evaluating on the test split.
I0316 16:22:07.830832 140033285822272 submission_runner.py:420] Time since start: 58894.76s, 	Step: 123362, 	{'train/accuracy': 0.8512694835662842, 'train/loss': 0.5596078634262085, 'validation/accuracy': 0.7537999749183655, 'validation/loss': 0.9762325286865234, 'validation/num_examples': 50000, 'test/accuracy': 0.625, 'test/loss': 1.6111570596694946, 'test/num_examples': 10000, 'score': 54238.704822063446, 'total_duration': 58894.75551557541, 'accumulated_submission_time': 54238.704822063446, 'accumulated_eval_time': 4644.657539606094, 'accumulated_logging_time': 5.002605438232422}
I0316 16:22:07.863130 139836417636096 logging_writer.py:48] [123362] accumulated_eval_time=4644.657540, accumulated_logging_time=5.002605, accumulated_submission_time=54238.704822, global_step=123362, preemption_count=0, score=54238.704822, test/accuracy=0.625000, test/loss=1.611157, test/num_examples=10000, total_duration=58894.755516, train/accuracy=0.851269, train/loss=0.559608, validation/accuracy=0.753800, validation/loss=0.976233, validation/num_examples=50000
I0316 16:23:04.698097 139836409243392 logging_writer.py:48] [123500] global_step=123500, grad_norm=2.98730731010437, loss=3.8082895278930664
I0316 16:26:47.953714 139836417636096 logging_writer.py:48] [124000] global_step=124000, grad_norm=2.8174679279327393, loss=1.3400955200195312
I0316 16:29:08.296038 140033285822272 spec.py:321] Evaluating on the training split.
I0316 16:29:18.749949 140033285822272 spec.py:333] Evaluating on the validation split.
I0316 16:29:40.499580 140033285822272 spec.py:349] Evaluating on the test split.
I0316 16:29:42.165259 140033285822272 submission_runner.py:420] Time since start: 59349.09s, 	Step: 124316, 	{'train/accuracy': 0.8517382740974426, 'train/loss': 0.559052050113678, 'validation/accuracy': 0.7544599771499634, 'validation/loss': 0.9752328395843506, 'validation/num_examples': 50000, 'test/accuracy': 0.6267000436782837, 'test/loss': 1.606034278869629, 'test/num_examples': 10000, 'score': 54659.079010009766, 'total_duration': 59349.08994650841, 'accumulated_submission_time': 54659.079010009766, 'accumulated_eval_time': 4678.526756763458, 'accumulated_logging_time': 5.044040679931641}
I0316 16:29:42.201344 139836409243392 logging_writer.py:48] [124316] accumulated_eval_time=4678.526757, accumulated_logging_time=5.044041, accumulated_submission_time=54659.079010, global_step=124316, preemption_count=0, score=54659.079010, test/accuracy=0.626700, test/loss=1.606034, test/num_examples=10000, total_duration=59349.089947, train/accuracy=0.851738, train/loss=0.559052, validation/accuracy=0.754460, validation/loss=0.975233, validation/num_examples=50000
I0316 16:31:00.275428 139836417636096 logging_writer.py:48] [124500] global_step=124500, grad_norm=2.6674795150756836, loss=2.6568350791931152
I0316 16:34:43.262738 139836409243392 logging_writer.py:48] [125000] global_step=125000, grad_norm=2.735722303390503, loss=1.3411622047424316
I0316 16:36:42.627169 140033285822272 spec.py:321] Evaluating on the training split.
I0316 16:36:53.090474 140033285822272 spec.py:333] Evaluating on the validation split.
I0316 16:37:23.975173 140033285822272 spec.py:349] Evaluating on the test split.
I0316 16:37:25.633797 140033285822272 submission_runner.py:420] Time since start: 59812.56s, 	Step: 125269, 	{'train/accuracy': 0.8548241853713989, 'train/loss': 0.5492197871208191, 'validation/accuracy': 0.7552599906921387, 'validation/loss': 0.9727584719657898, 'validation/num_examples': 50000, 'test/accuracy': 0.6283000111579895, 'test/loss': 1.6030774116516113, 'test/num_examples': 10000, 'score': 55079.44510221481, 'total_duration': 59812.55849838257, 'accumulated_submission_time': 55079.44510221481, 'accumulated_eval_time': 4721.533430814743, 'accumulated_logging_time': 5.090787410736084}
I0316 16:37:25.658964 139836417636096 logging_writer.py:48] [125269] accumulated_eval_time=4721.533431, accumulated_logging_time=5.090787, accumulated_submission_time=55079.445102, global_step=125269, preemption_count=0, score=55079.445102, test/accuracy=0.628300, test/loss=1.603077, test/num_examples=10000, total_duration=59812.558498, train/accuracy=0.854824, train/loss=0.549220, validation/accuracy=0.755260, validation/loss=0.972758, validation/num_examples=50000
I0316 16:39:03.520023 139836409243392 logging_writer.py:48] [125500] global_step=125500, grad_norm=2.656106948852539, loss=3.050891876220703
I0316 16:42:46.205754 139836417636096 logging_writer.py:48] [126000] global_step=126000, grad_norm=2.878282070159912, loss=1.3344112634658813
I0316 16:44:25.825814 140033285822272 spec.py:321] Evaluating on the training split.
I0316 16:44:36.113399 140033285822272 spec.py:333] Evaluating on the validation split.
I0316 16:45:02.498209 140033285822272 spec.py:349] Evaluating on the test split.
I0316 16:45:04.144922 140033285822272 submission_runner.py:420] Time since start: 60271.07s, 	Step: 126226, 	{'train/accuracy': 0.85462886095047, 'train/loss': 0.5483165979385376, 'validation/accuracy': 0.7567200064659119, 'validation/loss': 0.9677868485450745, 'validation/num_examples': 50000, 'test/accuracy': 0.6284000277519226, 'test/loss': 1.5996743440628052, 'test/num_examples': 10000, 'score': 55499.55207681656, 'total_duration': 60271.06962299347, 'accumulated_submission_time': 55499.55207681656, 'accumulated_eval_time': 4759.852556467056, 'accumulated_logging_time': 5.126350402832031}
I0316 16:45:04.169844 139836409243392 logging_writer.py:48] [126226] accumulated_eval_time=4759.852556, accumulated_logging_time=5.126350, accumulated_submission_time=55499.552077, global_step=126226, preemption_count=0, score=55499.552077, test/accuracy=0.628400, test/loss=1.599674, test/num_examples=10000, total_duration=60271.069623, train/accuracy=0.854629, train/loss=0.548317, validation/accuracy=0.756720, validation/loss=0.967787, validation/num_examples=50000
I0316 16:47:01.426827 139836417636096 logging_writer.py:48] [126500] global_step=126500, grad_norm=2.7243967056274414, loss=1.459614872932434
I0316 16:50:43.643666 139836409243392 logging_writer.py:48] [127000] global_step=127000, grad_norm=2.696437120437622, loss=2.143028497695923
I0316 16:52:04.533690 140033285822272 spec.py:321] Evaluating on the training split.
I0316 16:52:14.956702 140033285822272 spec.py:333] Evaluating on the validation split.
I0316 16:52:38.957004 140033285822272 spec.py:349] Evaluating on the test split.
I0316 16:52:40.619162 140033285822272 submission_runner.py:420] Time since start: 60727.54s, 	Step: 127183, 	{'train/accuracy': 0.85498046875, 'train/loss': 0.5480813384056091, 'validation/accuracy': 0.756659984588623, 'validation/loss': 0.9674642086029053, 'validation/num_examples': 50000, 'test/accuracy': 0.6272000074386597, 'test/loss': 1.5985677242279053, 'test/num_examples': 10000, 'score': 55919.85713505745, 'total_duration': 60727.54383111, 'accumulated_submission_time': 55919.85713505745, 'accumulated_eval_time': 4795.938015937805, 'accumulated_logging_time': 5.16035270690918}
I0316 16:52:40.651932 139836417636096 logging_writer.py:48] [127183] accumulated_eval_time=4795.938016, accumulated_logging_time=5.160353, accumulated_submission_time=55919.857135, global_step=127183, preemption_count=0, score=55919.857135, test/accuracy=0.627200, test/loss=1.598568, test/num_examples=10000, total_duration=60727.543831, train/accuracy=0.854980, train/loss=0.548081, validation/accuracy=0.756660, validation/loss=0.967464, validation/num_examples=50000
I0316 16:54:57.002693 139836409243392 logging_writer.py:48] [127500] global_step=127500, grad_norm=2.731327772140503, loss=1.2821810245513916
I0316 16:58:40.405305 139836417636096 logging_writer.py:48] [128000] global_step=128000, grad_norm=2.4990830421447754, loss=2.332676887512207
I0316 16:59:41.116310 140033285822272 spec.py:321] Evaluating on the training split.
I0316 16:59:51.528705 140033285822272 spec.py:333] Evaluating on the validation split.
I0316 17:00:15.904775 140033285822272 spec.py:349] Evaluating on the test split.
I0316 17:00:17.566134 140033285822272 submission_runner.py:420] Time since start: 61184.49s, 	Step: 128138, 	{'train/accuracy': 0.855273425579071, 'train/loss': 0.5533023476600647, 'validation/accuracy': 0.7561399936676025, 'validation/loss': 0.9704608917236328, 'validation/num_examples': 50000, 'test/accuracy': 0.6276000142097473, 'test/loss': 1.5983819961547852, 'test/num_examples': 10000, 'score': 56340.26157164574, 'total_duration': 61184.4908246994, 'accumulated_submission_time': 56340.26157164574, 'accumulated_eval_time': 4832.387828111649, 'accumulated_logging_time': 5.203810453414917}
I0316 17:00:17.597930 139836409243392 logging_writer.py:48] [128138] accumulated_eval_time=4832.387828, accumulated_logging_time=5.203810, accumulated_submission_time=56340.261572, global_step=128138, preemption_count=0, score=56340.261572, test/accuracy=0.627600, test/loss=1.598382, test/num_examples=10000, total_duration=61184.490825, train/accuracy=0.855273, train/loss=0.553302, validation/accuracy=0.756140, validation/loss=0.970461, validation/num_examples=50000
I0316 17:02:54.654271 139836417636096 logging_writer.py:48] [128500] global_step=128500, grad_norm=2.5589470863342285, loss=1.4362283945083618
I0316 17:06:37.856738 139836409243392 logging_writer.py:48] [129000] global_step=129000, grad_norm=2.8120219707489014, loss=3.625898599624634
I0316 17:07:17.631504 140033285822272 spec.py:321] Evaluating on the training split.
I0316 17:07:27.749619 140033285822272 spec.py:333] Evaluating on the validation split.
I0316 17:07:56.228016 140033285822272 spec.py:349] Evaluating on the test split.
I0316 17:07:57.911117 140033285822272 submission_runner.py:420] Time since start: 61644.84s, 	Step: 129091, 	{'train/accuracy': 0.8565039038658142, 'train/loss': 0.5440993905067444, 'validation/accuracy': 0.7568199634552002, 'validation/loss': 0.9676470160484314, 'validation/num_examples': 50000, 'test/accuracy': 0.6288000345230103, 'test/loss': 1.6001191139221191, 'test/num_examples': 10000, 'score': 56760.22937917709, 'total_duration': 61644.83579325676, 'accumulated_submission_time': 56760.22937917709, 'accumulated_eval_time': 4872.667409658432, 'accumulated_logging_time': 5.245442152023315}
I0316 17:07:57.941419 139836417636096 logging_writer.py:48] [129091] accumulated_eval_time=4872.667410, accumulated_logging_time=5.245442, accumulated_submission_time=56760.229379, global_step=129091, preemption_count=0, score=56760.229379, test/accuracy=0.628800, test/loss=1.600119, test/num_examples=10000, total_duration=61644.835793, train/accuracy=0.856504, train/loss=0.544099, validation/accuracy=0.756820, validation/loss=0.967647, validation/num_examples=50000
I0316 17:07:57.963165 139836409243392 logging_writer.py:48] [129091] global_step=129091, preemption_count=0, score=56760.229379
I0316 17:07:58.303812 140033285822272 checkpoints.py:490] Saving checkpoint at step: 129091
I0316 17:07:59.374222 140033285822272 checkpoints.py:422] Saved checkpoint at /experiment_runs/variants_target_setting/study_0/imagenet_vit_post_ln_jax/trial_1/checkpoint_129091
I0316 17:07:59.398053 140033285822272 checkpoint_utils.py:240] Saved checkpoint to /experiment_runs/variants_target_setting/study_0/imagenet_vit_post_ln_jax/trial_1/checkpoint_129091.
I0316 17:08:00.338047 140033285822272 submission_runner.py:593] Tuning trial 1/1
I0316 17:08:00.338312 140033285822272 submission_runner.py:594] Hyperparameters: Hyperparameters(learning_rate=0.00026032497966327757, beta1=0.9709035036599892, beta2=0.6572080806975734, warmup_steps=13999, weight_decay=0.03077045727617869)
