python3 submission_runner.py --framework=jax --workload=librispeech_deepspeech --submission_path=prize_qualification_baselines/external_tuning/jax_nadamw_full_budget.py --tuning_search_space=prize_qualification_baselines/external_tuning/tuning_search_space.json --data_dir=/data/librispeech --num_tuning_trials=1 --experiment_dir=/experiment_runs --experiment_name=prize_qualification/study_0 --overwrite=true --save_checkpoints=false --num_tuning_trials=5 --rng_seed=2622380006 --max_global_steps=48000 --librispeech_tokenizer_vocab_path=/data/librispeech/spm_model.vocab 2>&1 | tee -a /logs/librispeech_deepspeech_jax_02-10-2024-22-49-44.log
I0210 22:50:05.888770 140218947737408 logger_utils.py:76] Creating experiment directory at /experiment_runs/prize_qualification/study_0/librispeech_deepspeech_jax.
I0210 22:50:06.921764 140218947737408 xla_bridge.py:455] Unable to initialize backend 'rocm': NOT_FOUND: Could not find registered platform with name: "rocm". Available platform names are: Interpreter Host CUDA
I0210 22:50:06.922608 140218947737408 xla_bridge.py:455] Unable to initialize backend 'tpu': module 'jaxlib.xla_extension' has no attribute 'get_tpu_client'
I0210 22:50:06.922776 140218947737408 xla_bridge.py:455] Unable to initialize backend 'plugin': xla_extension has no attributes named get_plugin_device_client. Compile TensorFlow with //tensorflow/compiler/xla/python:enable_plugin_device set to true (defaults to false) to enable this.
I0210 22:50:06.923860 140218947737408 submission_runner.py:542] Using RNG seed 2622380006
I0210 22:50:08.111724 140218947737408 submission_runner.py:551] --- Tuning run 1/5 ---
I0210 22:50:08.111924 140218947737408 submission_runner.py:556] Creating tuning directory at /experiment_runs/prize_qualification/study_0/librispeech_deepspeech_jax/trial_1.
I0210 22:50:08.112270 140218947737408 logger_utils.py:92] Saving hparams to /experiment_runs/prize_qualification/study_0/librispeech_deepspeech_jax/trial_1/hparams.json.
I0210 22:50:08.297938 140218947737408 submission_runner.py:206] Initializing dataset.
I0210 22:50:08.298161 140218947737408 submission_runner.py:213] Initializing model.
I0210 22:50:10.825613 140218947737408 submission_runner.py:255] Initializing optimizer.
I0210 22:50:11.539490 140218947737408 submission_runner.py:262] Initializing metrics bundle.
I0210 22:50:11.539721 140218947737408 submission_runner.py:280] Initializing checkpoint and logger.
I0210 22:50:11.540805 140218947737408 checkpoints.py:915] Found no checkpoint files in /experiment_runs/prize_qualification/study_0/librispeech_deepspeech_jax/trial_1 with prefix checkpoint_
I0210 22:50:11.540937 140218947737408 submission_runner.py:300] Saving meta data to /experiment_runs/prize_qualification/study_0/librispeech_deepspeech_jax/trial_1/meta_data_0.json.
I0210 22:50:11.541136 140218947737408 logger_utils.py:257] Unable to record workload.train_mean information. Continuing without it.
I0210 22:50:11.541197 140218947737408 logger_utils.py:257] Unable to record workload.train_stddev information. Continuing without it.
fatal: detected dubious ownership in repository at '/algorithmic-efficiency'
To add an exception for this directory, call:

	git config --global --add safe.directory /algorithmic-efficiency
I0210 22:50:11.836056 140218947737408 logger_utils.py:220] Unable to record git information. Continuing without it.
I0210 22:50:12.104752 140218947737408 submission_runner.py:304] Saving flags to /experiment_runs/prize_qualification/study_0/librispeech_deepspeech_jax/trial_1/flags_0.json.
I0210 22:50:12.117966 140218947737408 submission_runner.py:314] Starting training loop.
I0210 22:50:12.416846 140218947737408 input_pipeline.py:20] Loading split = train-clean-100
I0210 22:50:12.457125 140218947737408 input_pipeline.py:20] Loading split = train-clean-360
I0210 22:50:12.593399 140218947737408 input_pipeline.py:20] Loading split = train-other-500
/usr/local/lib/python3.8/dist-packages/jax/_src/interpreters/mlir.py:582: UserWarning: Some donated buffers were not usable: ShapedArray(float32[512]), ShapedArray(float32[512]), ShapedArray(float32[512]), ShapedArray(float32[512]), ShapedArray(float32[512]), ShapedArray(float32[512]), ShapedArray(float32[512]), ShapedArray(float32[512]), ShapedArray(float32[512]), ShapedArray(float32[512]), ShapedArray(float32[512]), ShapedArray(float32[512]), ShapedArray(float32[512]), ShapedArray(float32[512]), ShapedArray(float32[512]), ShapedArray(float32[512]), ShapedArray(float32[512]), ShapedArray(float32[512]).
See an explanation at https://jax.readthedocs.io/en/latest/faq.html#buffer-donation.
  warnings.warn(f"Some donated buffers were not usable: {', '.join(unused_donations)}.\n{msg}")
I0210 22:50:55.935839 140054622107392 logging_writer.py:48] [0] global_step=0, grad_norm=21.39870834350586, loss=32.6155891418457
I0210 22:50:55.969738 140218947737408 spec.py:321] Evaluating on the training split.
I0210 22:50:56.226074 140218947737408 input_pipeline.py:20] Loading split = train-clean-100
I0210 22:50:56.261235 140218947737408 input_pipeline.py:20] Loading split = train-clean-360
I0210 22:50:56.639688 140218947737408 input_pipeline.py:20] Loading split = train-other-500
/usr/local/lib/python3.8/dist-packages/jax/_src/ops/scatter.py:92: FutureWarning: scatter inputs have incompatible types: cannot safely cast value from dtype=float32 to dtype=int32. In future JAX releases this will result in an error.
  warnings.warn("scatter inputs have incompatible types: cannot safely cast "
I0210 22:52:31.001500 140218947737408 spec.py:333] Evaluating on the validation split.
I0210 22:52:31.195957 140218947737408 input_pipeline.py:20] Loading split = dev-clean
I0210 22:52:31.201591 140218947737408 input_pipeline.py:20] Loading split = dev-other
I0210 22:53:40.690857 140218947737408 spec.py:349] Evaluating on the test split.
I0210 22:53:40.892370 140218947737408 input_pipeline.py:20] Loading split = test-clean
I0210 22:54:20.867328 140218947737408 submission_runner.py:408] Time since start: 248.75s, 	Step: 1, 	{'train/ctc_loss': Array(29.405813, dtype=float32), 'train/wer': 2.4046810903108926, 'validation/ctc_loss': Array(28.149015, dtype=float32), 'validation/wer': 2.1852631375691516, 'validation/num_examples': 5348, 'test/ctc_loss': Array(28.255945, dtype=float32), 'test/wer': 2.343875043162107, 'test/num_examples': 2472, 'score': 43.85169339179993, 'total_duration': 248.746901512146, 'accumulated_submission_time': 43.85169339179993, 'accumulated_eval_time': 204.89513993263245, 'accumulated_logging_time': 0}
I0210 22:54:20.894047 140049437939456 logging_writer.py:48] [1] accumulated_eval_time=204.895140, accumulated_logging_time=0, accumulated_submission_time=43.851693, global_step=1, preemption_count=0, score=43.851693, test/ctc_loss=28.255945205688477, test/num_examples=2472, test/wer=2.343875, total_duration=248.746902, train/ctc_loss=29.405813217163086, train/wer=2.404681, validation/ctc_loss=28.149015426635742, validation/num_examples=5348, validation/wer=2.185263
I0210 22:55:47.149386 140061680506624 logging_writer.py:48] [100] global_step=100, grad_norm=5.108521461486816, loss=9.070860862731934
I0210 22:57:03.576011 140061688899328 logging_writer.py:48] [200] global_step=200, grad_norm=1.7772639989852905, loss=6.5102949142456055
I0210 22:58:20.330102 140061680506624 logging_writer.py:48] [300] global_step=300, grad_norm=0.5284517407417297, loss=5.9052042961120605
I0210 22:59:36.992542 140061688899328 logging_writer.py:48] [400] global_step=400, grad_norm=0.33134540915489197, loss=5.8404035568237305
I0210 23:00:59.331332 140061680506624 logging_writer.py:48] [500] global_step=500, grad_norm=0.3701581358909607, loss=5.83010196685791
I0210 23:02:26.313069 140061688899328 logging_writer.py:48] [600] global_step=600, grad_norm=0.6390092968940735, loss=5.813042640686035
I0210 23:03:51.549137 140061680506624 logging_writer.py:48] [700] global_step=700, grad_norm=0.38070085644721985, loss=5.742334842681885
I0210 23:05:15.883172 140061688899328 logging_writer.py:48] [800] global_step=800, grad_norm=0.5992259383201599, loss=5.628917694091797
I0210 23:06:41.795273 140061680506624 logging_writer.py:48] [900] global_step=900, grad_norm=0.49952641129493713, loss=5.5087456703186035
I0210 23:08:11.615458 140061688899328 logging_writer.py:48] [1000] global_step=1000, grad_norm=0.5268377661705017, loss=5.389214038848877
I0210 23:09:35.735752 140054513051392 logging_writer.py:48] [1100] global_step=1100, grad_norm=0.7466924786567688, loss=5.221552848815918
I0210 23:10:53.027272 140054408951552 logging_writer.py:48] [1200] global_step=1200, grad_norm=0.876548707485199, loss=4.796853065490723
I0210 23:12:09.638616 140054513051392 logging_writer.py:48] [1300] global_step=1300, grad_norm=1.055216908454895, loss=4.3396077156066895
I0210 23:13:30.741209 140054408951552 logging_writer.py:48] [1400] global_step=1400, grad_norm=1.2957212924957275, loss=4.015049934387207
I0210 23:14:53.291705 140054513051392 logging_writer.py:48] [1500] global_step=1500, grad_norm=1.85483980178833, loss=3.718287706375122
I0210 23:16:20.304917 140054408951552 logging_writer.py:48] [1600] global_step=1600, grad_norm=3.1208066940307617, loss=3.517321825027466
I0210 23:17:50.397716 140054513051392 logging_writer.py:48] [1700] global_step=1700, grad_norm=1.8177955150604248, loss=3.302433967590332
I0210 23:18:21.085810 140218947737408 spec.py:321] Evaluating on the training split.
I0210 23:18:58.806300 140218947737408 spec.py:333] Evaluating on the validation split.
I0210 23:19:46.056662 140218947737408 spec.py:349] Evaluating on the test split.
I0210 23:20:11.585698 140218947737408 submission_runner.py:408] Time since start: 1799.47s, 	Step: 1737, 	{'train/ctc_loss': Array(6.6251674, dtype=float32), 'train/wer': 0.9446252394389405, 'validation/ctc_loss': Array(6.4828987, dtype=float32), 'validation/wer': 0.8966179750330672, 'validation/num_examples': 5348, 'test/ctc_loss': Array(6.369111, dtype=float32), 'test/wer': 0.899579550301627, 'test/num_examples': 2472, 'score': 1483.9563069343567, 'total_duration': 1799.4650785923004, 'accumulated_submission_time': 1483.9563069343567, 'accumulated_eval_time': 315.39243960380554, 'accumulated_logging_time': 0.04180431365966797}
I0210 23:20:11.613415 140062386222848 logging_writer.py:48] [1737] accumulated_eval_time=315.392440, accumulated_logging_time=0.041804, accumulated_submission_time=1483.956307, global_step=1737, preemption_count=0, score=1483.956307, test/ctc_loss=6.369111061096191, test/num_examples=2472, test/wer=0.899580, total_duration=1799.465079, train/ctc_loss=6.625167369842529, train/wer=0.944625, validation/ctc_loss=6.482898712158203, validation/num_examples=5348, validation/wer=0.896618
I0210 23:21:00.243128 140062377830144 logging_writer.py:48] [1800] global_step=1800, grad_norm=2.4579784870147705, loss=3.148090124130249
I0210 23:22:16.097402 140062386222848 logging_writer.py:48] [1900] global_step=1900, grad_norm=2.0120089054107666, loss=3.057124137878418
I0210 23:23:33.560280 140062377830144 logging_writer.py:48] [2000] global_step=2000, grad_norm=2.452073812484741, loss=2.965277910232544
I0210 23:24:59.595995 140063041582848 logging_writer.py:48] [2100] global_step=2100, grad_norm=2.6451144218444824, loss=2.858618974685669
I0210 23:26:17.537926 140063033190144 logging_writer.py:48] [2200] global_step=2200, grad_norm=2.872898578643799, loss=2.751055955886841
I0210 23:27:35.821684 140063041582848 logging_writer.py:48] [2300] global_step=2300, grad_norm=3.566946029663086, loss=2.7148725986480713
I0210 23:28:57.000715 140063033190144 logging_writer.py:48] [2400] global_step=2400, grad_norm=2.4731783866882324, loss=2.6518383026123047
I0210 23:30:22.212936 140063041582848 logging_writer.py:48] [2500] global_step=2500, grad_norm=3.9669971466064453, loss=2.6543612480163574
I0210 23:31:45.739190 140063033190144 logging_writer.py:48] [2600] global_step=2600, grad_norm=2.65641713142395, loss=2.5630388259887695
I0210 23:33:12.506610 140063041582848 logging_writer.py:48] [2700] global_step=2700, grad_norm=3.0697412490844727, loss=2.444042921066284
I0210 23:34:40.320713 140063033190144 logging_writer.py:48] [2800] global_step=2800, grad_norm=2.5152692794799805, loss=2.4802026748657227
I0210 23:36:04.644851 140063041582848 logging_writer.py:48] [2900] global_step=2900, grad_norm=2.791865587234497, loss=2.474022626876831
I0210 23:37:30.909435 140063033190144 logging_writer.py:48] [3000] global_step=3000, grad_norm=2.7497365474700928, loss=2.3681859970092773
I0210 23:38:58.800356 140062386222848 logging_writer.py:48] [3100] global_step=3100, grad_norm=4.807803630828857, loss=2.3284032344818115
I0210 23:40:13.664092 140062377830144 logging_writer.py:48] [3200] global_step=3200, grad_norm=3.9053826332092285, loss=2.2233316898345947
I0210 23:41:29.402384 140062386222848 logging_writer.py:48] [3300] global_step=3300, grad_norm=4.91341495513916, loss=2.305410861968994
I0210 23:42:46.818024 140062377830144 logging_writer.py:48] [3400] global_step=3400, grad_norm=3.5811586380004883, loss=2.151973009109497
I0210 23:44:09.833322 140062386222848 logging_writer.py:48] [3500] global_step=3500, grad_norm=4.179701805114746, loss=2.172199249267578
I0210 23:44:11.997063 140218947737408 spec.py:321] Evaluating on the training split.
I0210 23:44:58.709856 140218947737408 spec.py:333] Evaluating on the validation split.
I0210 23:45:47.583658 140218947737408 spec.py:349] Evaluating on the test split.
I0210 23:46:13.061633 140218947737408 submission_runner.py:408] Time since start: 3360.94s, 	Step: 3504, 	{'train/ctc_loss': Array(3.5062532, dtype=float32), 'train/wer': 0.7003595876728018, 'validation/ctc_loss': Array(3.887965, dtype=float32), 'validation/wer': 0.7383395927667339, 'validation/num_examples': 5348, 'test/ctc_loss': Array(3.4329967, dtype=float32), 'test/wer': 0.6812706924217496, 'test/num_examples': 2472, 'score': 2924.2540802955627, 'total_duration': 3360.9410836696625, 'accumulated_submission_time': 2924.2540802955627, 'accumulated_eval_time': 436.4544777870178, 'accumulated_logging_time': 0.08056855201721191}
I0210 23:46:13.087074 140061505578752 logging_writer.py:48] [3504] accumulated_eval_time=436.454478, accumulated_logging_time=0.080569, accumulated_submission_time=2924.254080, global_step=3504, preemption_count=0, score=2924.254080, test/ctc_loss=3.4329967498779297, test/num_examples=2472, test/wer=0.681271, total_duration=3360.941084, train/ctc_loss=3.506253242492676, train/wer=0.700360, validation/ctc_loss=3.887964963912964, validation/num_examples=5348, validation/wer=0.738340
I0210 23:47:26.344922 140061497186048 logging_writer.py:48] [3600] global_step=3600, grad_norm=3.182952642440796, loss=2.154426097869873
I0210 23:48:41.386876 140061505578752 logging_writer.py:48] [3700] global_step=3700, grad_norm=3.441622734069824, loss=2.1347575187683105
I0210 23:50:04.052641 140061497186048 logging_writer.py:48] [3800] global_step=3800, grad_norm=3.5311472415924072, loss=2.1965298652648926
I0210 23:51:32.685882 140061505578752 logging_writer.py:48] [3900] global_step=3900, grad_norm=3.907694101333618, loss=2.1776480674743652
I0210 23:52:59.682369 140061497186048 logging_writer.py:48] [4000] global_step=4000, grad_norm=4.38476037979126, loss=2.0996594429016113
I0210 23:54:26.212347 140061505578752 logging_writer.py:48] [4100] global_step=4100, grad_norm=3.4973483085632324, loss=2.1148483753204346
I0210 23:55:47.249771 140061505578752 logging_writer.py:48] [4200] global_step=4200, grad_norm=4.187182903289795, loss=2.0517866611480713
I0210 23:57:04.124321 140061497186048 logging_writer.py:48] [4300] global_step=4300, grad_norm=3.5326554775238037, loss=2.081021547317505
I0210 23:58:24.710472 140061505578752 logging_writer.py:48] [4400] global_step=4400, grad_norm=4.543118476867676, loss=2.059230327606201
I0210 23:59:49.730021 140061497186048 logging_writer.py:48] [4500] global_step=4500, grad_norm=4.423924446105957, loss=2.0807313919067383
I0211 00:01:14.228222 140061505578752 logging_writer.py:48] [4600] global_step=4600, grad_norm=3.055083751678467, loss=2.066577434539795
I0211 00:02:44.227775 140061497186048 logging_writer.py:48] [4700] global_step=4700, grad_norm=3.513718366622925, loss=2.0376110076904297
I0211 00:04:10.658476 140061505578752 logging_writer.py:48] [4800] global_step=4800, grad_norm=6.692656517028809, loss=2.026404619216919
I0211 00:05:37.146911 140061497186048 logging_writer.py:48] [4900] global_step=4900, grad_norm=3.8163540363311768, loss=1.9780137538909912
I0211 00:07:04.184397 140061505578752 logging_writer.py:48] [5000] global_step=5000, grad_norm=4.329700946807861, loss=1.9567620754241943
I0211 00:08:33.037392 140061497186048 logging_writer.py:48] [5100] global_step=5100, grad_norm=4.126415252685547, loss=1.9815438985824585
I0211 00:10:00.481629 140061505578752 logging_writer.py:48] [5200] global_step=5200, grad_norm=5.1036057472229, loss=1.9750175476074219
I0211 00:10:13.440128 140218947737408 spec.py:321] Evaluating on the training split.
I0211 00:11:16.347775 140218947737408 spec.py:333] Evaluating on the validation split.
I0211 00:12:07.680045 140218947737408 spec.py:349] Evaluating on the test split.
I0211 00:12:34.464207 140218947737408 submission_runner.py:408] Time since start: 4942.34s, 	Step: 5218, 	{'train/ctc_loss': Array(0.7218365, dtype=float32), 'train/wer': 0.23713964925597356, 'validation/ctc_loss': Array(1.1679587, dtype=float32), 'validation/wer': 0.3178311787365921, 'validation/num_examples': 5348, 'test/ctc_loss': Array(0.794886, dtype=float32), 'test/wer': 0.24412487559157475, 'test/num_examples': 2472, 'score': 4364.524667263031, 'total_duration': 4942.343545675278, 'accumulated_submission_time': 4364.524667263031, 'accumulated_eval_time': 577.4759426116943, 'accumulated_logging_time': 0.11744523048400879}
I0211 00:12:34.489942 140061505578752 logging_writer.py:48] [5218] accumulated_eval_time=577.475943, accumulated_logging_time=0.117445, accumulated_submission_time=4364.524667, global_step=5218, preemption_count=0, score=4364.524667, test/ctc_loss=0.7948859930038452, test/num_examples=2472, test/wer=0.244125, total_duration=4942.343546, train/ctc_loss=0.721836507320404, train/wer=0.237140, validation/ctc_loss=1.1679587364196777, validation/num_examples=5348, validation/wer=0.317831
I0211 00:13:36.781664 140061497186048 logging_writer.py:48] [5300] global_step=5300, grad_norm=4.715252876281738, loss=1.9312832355499268
I0211 00:14:51.928358 140061505578752 logging_writer.py:48] [5400] global_step=5400, grad_norm=4.601005554199219, loss=1.905468225479126
I0211 00:16:07.414436 140061497186048 logging_writer.py:48] [5500] global_step=5500, grad_norm=3.131726026535034, loss=1.9735376834869385
I0211 00:17:23.594799 140061505578752 logging_writer.py:48] [5600] global_step=5600, grad_norm=4.436183929443359, loss=1.8797751665115356
I0211 00:18:49.808365 140061497186048 logging_writer.py:48] [5700] global_step=5700, grad_norm=4.9060797691345215, loss=1.9372237920761108
I0211 00:20:17.943072 140061505578752 logging_writer.py:48] [5800] global_step=5800, grad_norm=3.3846518993377686, loss=1.8795784711837769
I0211 00:21:47.799418 140061497186048 logging_writer.py:48] [5900] global_step=5900, grad_norm=3.693007707595825, loss=1.871795415878296
I0211 00:23:17.494137 140061505578752 logging_writer.py:48] [6000] global_step=6000, grad_norm=4.488388538360596, loss=1.8274651765823364
I0211 00:24:42.711956 140061497186048 logging_writer.py:48] [6100] global_step=6100, grad_norm=3.2653231620788574, loss=1.893609642982483
I0211 00:26:13.118808 140063041582848 logging_writer.py:48] [6200] global_step=6200, grad_norm=2.9022789001464844, loss=1.7421424388885498
I0211 00:27:29.838076 140063033190144 logging_writer.py:48] [6300] global_step=6300, grad_norm=3.055802345275879, loss=1.841551423072815
I0211 00:28:50.043346 140063041582848 logging_writer.py:48] [6400] global_step=6400, grad_norm=3.350654125213623, loss=1.8629076480865479
I0211 00:30:14.121046 140063033190144 logging_writer.py:48] [6500] global_step=6500, grad_norm=4.939678192138672, loss=1.8705146312713623
I0211 00:31:40.513977 140063041582848 logging_writer.py:48] [6600] global_step=6600, grad_norm=3.5608222484588623, loss=1.7723870277404785
I0211 00:33:11.348150 140063033190144 logging_writer.py:48] [6700] global_step=6700, grad_norm=5.279329299926758, loss=1.8865468502044678
I0211 00:34:41.240210 140063041582848 logging_writer.py:48] [6800] global_step=6800, grad_norm=2.4084136486053467, loss=1.742469072341919
I0211 00:36:09.452125 140063033190144 logging_writer.py:48] [6900] global_step=6900, grad_norm=8.998476028442383, loss=1.8027106523513794
I0211 00:36:34.604615 140218947737408 spec.py:321] Evaluating on the training split.
I0211 00:37:34.244347 140218947737408 spec.py:333] Evaluating on the validation split.
I0211 00:38:26.877841 140218947737408 spec.py:349] Evaluating on the test split.
I0211 00:38:52.957891 140218947737408 submission_runner.py:408] Time since start: 6520.84s, 	Step: 6930, 	{'train/ctc_loss': Array(0.5146038, dtype=float32), 'train/wer': 0.17154331912576318, 'validation/ctc_loss': Array(0.8652903, dtype=float32), 'validation/wer': 0.2476997789084449, 'validation/num_examples': 5348, 'test/ctc_loss': Array(0.5532459, dtype=float32), 'test/wer': 0.17837629232425406, 'test/num_examples': 2472, 'score': 5804.555928230286, 'total_duration': 6520.837166547775, 'accumulated_submission_time': 5804.555928230286, 'accumulated_eval_time': 715.8265788555145, 'accumulated_logging_time': 0.1547858715057373}
I0211 00:38:52.983118 140063041582848 logging_writer.py:48] [6930] accumulated_eval_time=715.826579, accumulated_logging_time=0.154786, accumulated_submission_time=5804.555928, global_step=6930, preemption_count=0, score=5804.555928, test/ctc_loss=0.5532459020614624, test/num_examples=2472, test/wer=0.178376, total_duration=6520.837167, train/ctc_loss=0.5146037936210632, train/wer=0.171543, validation/ctc_loss=0.8652902841567993, validation/num_examples=5348, validation/wer=0.247700
I0211 00:39:46.387030 140063033190144 logging_writer.py:48] [7000] global_step=7000, grad_norm=3.1535627841949463, loss=1.7718747854232788
I0211 00:41:01.740778 140063041582848 logging_writer.py:48] [7100] global_step=7100, grad_norm=2.436856508255005, loss=1.7199065685272217
I0211 00:42:19.821272 140063033190144 logging_writer.py:48] [7200] global_step=7200, grad_norm=2.982677698135376, loss=1.8539609909057617
I0211 00:43:42.032100 140063041582848 logging_writer.py:48] [7300] global_step=7300, grad_norm=3.9120917320251465, loss=1.7712891101837158
I0211 00:45:00.564615 140063033190144 logging_writer.py:48] [7400] global_step=7400, grad_norm=3.880356788635254, loss=1.80027437210083
I0211 00:46:21.696216 140063041582848 logging_writer.py:48] [7500] global_step=7500, grad_norm=3.429746627807617, loss=1.756798267364502
I0211 00:47:46.926871 140063033190144 logging_writer.py:48] [7600] global_step=7600, grad_norm=2.386213541030884, loss=1.7660504579544067
I0211 00:49:15.050472 140063041582848 logging_writer.py:48] [7700] global_step=7700, grad_norm=3.030092716217041, loss=1.7446017265319824
I0211 00:50:45.611464 140063033190144 logging_writer.py:48] [7800] global_step=7800, grad_norm=3.5532009601593018, loss=1.7625945806503296
I0211 00:52:10.958742 140063041582848 logging_writer.py:48] [7900] global_step=7900, grad_norm=4.003543853759766, loss=1.7037510871887207
I0211 00:53:35.803801 140063033190144 logging_writer.py:48] [8000] global_step=8000, grad_norm=3.7526674270629883, loss=1.7017453908920288
I0211 00:55:05.230293 140063041582848 logging_writer.py:48] [8100] global_step=8100, grad_norm=3.1776041984558105, loss=1.699992299079895
I0211 00:56:33.107447 140063033190144 logging_writer.py:48] [8200] global_step=8200, grad_norm=3.2860679626464844, loss=1.7199623584747314
I0211 00:57:58.304529 140063041582848 logging_writer.py:48] [8300] global_step=8300, grad_norm=2.926849842071533, loss=1.7126951217651367
I0211 00:59:13.867120 140063033190144 logging_writer.py:48] [8400] global_step=8400, grad_norm=3.4740915298461914, loss=1.7072426080703735
I0211 01:00:34.871817 140063041582848 logging_writer.py:48] [8500] global_step=8500, grad_norm=2.3861844539642334, loss=1.6728391647338867
I0211 01:01:58.065276 140063033190144 logging_writer.py:48] [8600] global_step=8600, grad_norm=2.746481418609619, loss=1.6659585237503052
I0211 01:02:54.298468 140218947737408 spec.py:321] Evaluating on the training split.
I0211 01:03:58.313838 140218947737408 spec.py:333] Evaluating on the validation split.
I0211 01:04:50.211415 140218947737408 spec.py:349] Evaluating on the test split.
I0211 01:05:17.757344 140218947737408 submission_runner.py:408] Time since start: 8105.64s, 	Step: 8665, 	{'train/ctc_loss': Array(0.46659666, dtype=float32), 'train/wer': 0.15698862771532324, 'validation/ctc_loss': Array(0.8137787, dtype=float32), 'validation/wer': 0.23474323450186818, 'validation/num_examples': 5348, 'test/ctc_loss': Array(0.5063116, dtype=float32), 'test/wer': 0.16480815713038002, 'test/num_examples': 2472, 'score': 7245.780788183212, 'total_duration': 8105.636641263962, 'accumulated_submission_time': 7245.780788183212, 'accumulated_eval_time': 859.2827861309052, 'accumulated_logging_time': 0.1961219310760498}
I0211 01:05:17.785655 140063041582848 logging_writer.py:48] [8665] accumulated_eval_time=859.282786, accumulated_logging_time=0.196122, accumulated_submission_time=7245.780788, global_step=8665, preemption_count=0, score=7245.780788, test/ctc_loss=0.5063115954399109, test/num_examples=2472, test/wer=0.164808, total_duration=8105.636641, train/ctc_loss=0.46659666299819946, train/wer=0.156989, validation/ctc_loss=0.8137786984443665, validation/num_examples=5348, validation/wer=0.234743
I0211 01:05:44.750539 140063033190144 logging_writer.py:48] [8700] global_step=8700, grad_norm=2.900932788848877, loss=1.6916409730911255
I0211 01:06:59.651269 140063041582848 logging_writer.py:48] [8800] global_step=8800, grad_norm=4.0621657371521, loss=1.6662778854370117
I0211 01:08:15.617765 140063033190144 logging_writer.py:48] [8900] global_step=8900, grad_norm=2.254005193710327, loss=1.6753441095352173
I0211 01:09:39.344327 140063041582848 logging_writer.py:48] [9000] global_step=9000, grad_norm=4.54015588760376, loss=1.67471182346344
I0211 01:11:08.461460 140063033190144 logging_writer.py:48] [9100] global_step=9100, grad_norm=3.8015284538269043, loss=1.7016533613204956
I0211 01:12:37.089304 140063041582848 logging_writer.py:48] [9200] global_step=9200, grad_norm=3.1764750480651855, loss=1.7374354600906372
I0211 01:14:05.163330 140062713902848 logging_writer.py:48] [9300] global_step=9300, grad_norm=4.650041580200195, loss=1.6830309629440308
I0211 01:15:21.389056 140062705510144 logging_writer.py:48] [9400] global_step=9400, grad_norm=2.8451590538024902, loss=1.6812922954559326
I0211 01:16:37.118568 140062713902848 logging_writer.py:48] [9500] global_step=9500, grad_norm=3.7906134128570557, loss=1.6621111631393433
I0211 01:17:55.110228 140062705510144 logging_writer.py:48] [9600] global_step=9600, grad_norm=4.7979655265808105, loss=1.6681947708129883
I0211 01:19:22.792699 140062713902848 logging_writer.py:48] [9700] global_step=9700, grad_norm=3.6013247966766357, loss=1.698038101196289
I0211 01:20:51.636949 140062705510144 logging_writer.py:48] [9800] global_step=9800, grad_norm=3.263122797012329, loss=1.6938215494155884
I0211 01:22:17.974139 140062713902848 logging_writer.py:48] [9900] global_step=9900, grad_norm=2.2245330810546875, loss=1.6844302415847778
I0211 01:23:43.982775 140062705510144 logging_writer.py:48] [10000] global_step=10000, grad_norm=4.263829708099365, loss=1.6988908052444458
I0211 01:25:13.558719 140062713902848 logging_writer.py:48] [10100] global_step=10100, grad_norm=2.6798219680786133, loss=1.7072343826293945
I0211 01:26:39.117943 140062705510144 logging_writer.py:48] [10200] global_step=10200, grad_norm=3.361384153366089, loss=1.657080054283142
I0211 01:28:07.633533 140062713902848 logging_writer.py:48] [10300] global_step=10300, grad_norm=2.90263032913208, loss=1.678858757019043
I0211 01:29:17.930953 140218947737408 spec.py:321] Evaluating on the training split.
I0211 01:30:12.750574 140218947737408 spec.py:333] Evaluating on the validation split.
I0211 01:31:04.231118 140218947737408 spec.py:349] Evaluating on the test split.
I0211 01:31:30.566706 140218947737408 submission_runner.py:408] Time since start: 9678.45s, 	Step: 10391, 	{'train/ctc_loss': Array(0.43561387, dtype=float32), 'train/wer': 0.14434705603064268, 'validation/ctc_loss': Array(0.7429956, dtype=float32), 'validation/wer': 0.2146808654431003, 'validation/num_examples': 5348, 'test/ctc_loss': Array(0.45595506, dtype=float32), 'test/wer': 0.14790892287693214, 'test/num_examples': 2472, 'score': 8685.838481426239, 'total_duration': 9678.446252822876, 'accumulated_submission_time': 8685.838481426239, 'accumulated_eval_time': 991.9161324501038, 'accumulated_logging_time': 0.239854097366333}
I0211 01:31:30.593402 140062498862848 logging_writer.py:48] [10391] accumulated_eval_time=991.916132, accumulated_logging_time=0.239854, accumulated_submission_time=8685.838481, global_step=10391, preemption_count=0, score=8685.838481, test/ctc_loss=0.45595505833625793, test/num_examples=2472, test/wer=0.147909, total_duration=9678.446253, train/ctc_loss=0.43561387062072754, train/wer=0.144347, validation/ctc_loss=0.7429956197738647, validation/num_examples=5348, validation/wer=0.214681
I0211 01:31:38.151190 140062490470144 logging_writer.py:48] [10400] global_step=10400, grad_norm=3.392834186553955, loss=1.7078441381454468
I0211 01:32:53.155801 140062498862848 logging_writer.py:48] [10500] global_step=10500, grad_norm=3.7410199642181396, loss=1.7292084693908691
I0211 01:34:08.136389 140062490470144 logging_writer.py:48] [10600] global_step=10600, grad_norm=3.205348491668701, loss=1.6771650314331055
I0211 01:35:23.296361 140062498862848 logging_writer.py:48] [10700] global_step=10700, grad_norm=2.623189687728882, loss=1.703762173652649
I0211 01:36:46.024063 140062490470144 logging_writer.py:48] [10800] global_step=10800, grad_norm=2.893519639968872, loss=1.6150246858596802
I0211 01:38:15.983075 140062498862848 logging_writer.py:48] [10900] global_step=10900, grad_norm=2.8665645122528076, loss=1.6930838823318481
I0211 01:39:42.661740 140062490470144 logging_writer.py:48] [11000] global_step=11000, grad_norm=2.8037917613983154, loss=1.7222180366516113
I0211 01:41:10.454888 140062498862848 logging_writer.py:48] [11100] global_step=11100, grad_norm=2.858466386795044, loss=1.6613528728485107
I0211 01:42:37.846347 140062490470144 logging_writer.py:48] [11200] global_step=11200, grad_norm=3.299863576889038, loss=1.6368964910507202
I0211 01:44:04.731532 140062498862848 logging_writer.py:48] [11300] global_step=11300, grad_norm=3.684375047683716, loss=1.6390732526779175
I0211 01:45:27.172105 140062171182848 logging_writer.py:48] [11400] global_step=11400, grad_norm=2.199174404144287, loss=1.6058906316757202
I0211 01:46:43.934946 140062162790144 logging_writer.py:48] [11500] global_step=11500, grad_norm=2.6797268390655518, loss=1.6797431707382202
I0211 01:48:00.310361 140062171182848 logging_writer.py:48] [11600] global_step=11600, grad_norm=4.956852436065674, loss=1.7143075466156006
I0211 01:49:22.479868 140062162790144 logging_writer.py:48] [11700] global_step=11700, grad_norm=2.454987049102783, loss=1.6018586158752441
I0211 01:50:50.845914 140062171182848 logging_writer.py:48] [11800] global_step=11800, grad_norm=4.627811908721924, loss=1.6111356019973755
I0211 01:52:14.221396 140062162790144 logging_writer.py:48] [11900] global_step=11900, grad_norm=2.6002044677734375, loss=1.576728105545044
I0211 01:53:43.816263 140062171182848 logging_writer.py:48] [12000] global_step=12000, grad_norm=3.606466770172119, loss=1.611024022102356
I0211 01:55:11.269929 140062162790144 logging_writer.py:48] [12100] global_step=12100, grad_norm=2.288673162460327, loss=1.6403111219406128
I0211 01:55:30.570265 140218947737408 spec.py:321] Evaluating on the training split.
I0211 01:56:25.770725 140218947737408 spec.py:333] Evaluating on the validation split.
I0211 01:57:17.538065 140218947737408 spec.py:349] Evaluating on the test split.
I0211 01:57:44.519852 140218947737408 submission_runner.py:408] Time since start: 11252.40s, 	Step: 12124, 	{'train/ctc_loss': Array(0.39994377, dtype=float32), 'train/wer': 0.13405334694658924, 'validation/ctc_loss': Array(0.71666336, dtype=float32), 'validation/wer': 0.20626200797474342, 'validation/num_examples': 5348, 'test/ctc_loss': Array(0.44069472, dtype=float32), 'test/wer': 0.14283102796904515, 'test/num_examples': 2472, 'score': 10125.729723930359, 'total_duration': 11252.399189710617, 'accumulated_submission_time': 10125.729723930359, 'accumulated_eval_time': 1125.8630819320679, 'accumulated_logging_time': 0.27825331687927246}
I0211 01:57:44.546856 140062611502848 logging_writer.py:48] [12124] accumulated_eval_time=1125.863082, accumulated_logging_time=0.278253, accumulated_submission_time=10125.729724, global_step=12124, preemption_count=0, score=10125.729724, test/ctc_loss=0.4406947195529938, test/num_examples=2472, test/wer=0.142831, total_duration=11252.399190, train/ctc_loss=0.3999437689781189, train/wer=0.134053, validation/ctc_loss=0.7166633605957031, validation/num_examples=5348, validation/wer=0.206262
I0211 01:58:42.374777 140062603110144 logging_writer.py:48] [12200] global_step=12200, grad_norm=3.0434696674346924, loss=1.5873390436172485
I0211 01:59:57.973938 140062611502848 logging_writer.py:48] [12300] global_step=12300, grad_norm=3.0273067951202393, loss=1.6103655099868774
I0211 02:01:18.148330 140062611502848 logging_writer.py:48] [12400] global_step=12400, grad_norm=1.6783376932144165, loss=1.546745777130127
I0211 02:02:34.177468 140062603110144 logging_writer.py:48] [12500] global_step=12500, grad_norm=2.2396466732025146, loss=1.626021146774292
I0211 02:03:55.140748 140062611502848 logging_writer.py:48] [12600] global_step=12600, grad_norm=3.234346389770508, loss=1.6614056825637817
I0211 02:05:19.455948 140062603110144 logging_writer.py:48] [12700] global_step=12700, grad_norm=2.0881593227386475, loss=1.5546252727508545
I0211 02:06:45.890845 140062611502848 logging_writer.py:48] [12800] global_step=12800, grad_norm=2.786787509918213, loss=1.5838303565979004
I0211 02:08:12.216561 140062603110144 logging_writer.py:48] [12900] global_step=12900, grad_norm=3.3464207649230957, loss=1.6482874155044556
I0211 02:09:39.271200 140062611502848 logging_writer.py:48] [13000] global_step=13000, grad_norm=4.342458724975586, loss=1.668267011642456
I0211 02:11:07.645721 140062603110144 logging_writer.py:48] [13100] global_step=13100, grad_norm=3.3395538330078125, loss=1.6328874826431274
I0211 02:12:34.744036 140062611502848 logging_writer.py:48] [13200] global_step=13200, grad_norm=3.249788999557495, loss=1.6316301822662354
I0211 02:14:00.990897 140062603110144 logging_writer.py:48] [13300] global_step=13300, grad_norm=2.7837815284729004, loss=1.6338846683502197
I0211 02:15:33.444226 140062611502848 logging_writer.py:48] [13400] global_step=13400, grad_norm=2.844358205795288, loss=1.5960108041763306
I0211 02:16:50.745336 140062603110144 logging_writer.py:48] [13500] global_step=13500, grad_norm=3.5556461811065674, loss=1.5586447715759277
I0211 02:18:06.576237 140062611502848 logging_writer.py:48] [13600] global_step=13600, grad_norm=3.7671120166778564, loss=1.651251196861267
I0211 02:19:25.678849 140062603110144 logging_writer.py:48] [13700] global_step=13700, grad_norm=2.77681303024292, loss=1.5769490003585815
I0211 02:20:51.324150 140062611502848 logging_writer.py:48] [13800] global_step=13800, grad_norm=3.1870462894439697, loss=1.5510649681091309
I0211 02:21:46.022634 140218947737408 spec.py:321] Evaluating on the training split.
I0211 02:22:41.494138 140218947737408 spec.py:333] Evaluating on the validation split.
I0211 02:23:35.994069 140218947737408 spec.py:349] Evaluating on the test split.
I0211 02:24:02.978739 140218947737408 submission_runner.py:408] Time since start: 12830.86s, 	Step: 13863, 	{'train/ctc_loss': Array(0.34301874, dtype=float32), 'train/wer': 0.11864063028159859, 'validation/ctc_loss': Array(0.683678, dtype=float32), 'validation/wer': 0.19800727960840728, 'validation/num_examples': 5348, 'test/ctc_loss': Array(0.41449788, dtype=float32), 'test/wer': 0.1320862023439563, 'test/num_examples': 2472, 'score': 11567.119065999985, 'total_duration': 12830.857915639877, 'accumulated_submission_time': 11567.119065999985, 'accumulated_eval_time': 1262.8164167404175, 'accumulated_logging_time': 0.31701135635375977}
I0211 02:24:03.007532 140062319662848 logging_writer.py:48] [13863] accumulated_eval_time=1262.816417, accumulated_logging_time=0.317011, accumulated_submission_time=11567.119066, global_step=13863, preemption_count=0, score=11567.119066, test/ctc_loss=0.41449788212776184, test/num_examples=2472, test/wer=0.132086, total_duration=12830.857916, train/ctc_loss=0.3430187404155731, train/wer=0.118641, validation/ctc_loss=0.6836779713630676, validation/num_examples=5348, validation/wer=0.198007
I0211 02:24:31.821520 140062311270144 logging_writer.py:48] [13900] global_step=13900, grad_norm=3.35628604888916, loss=1.6200021505355835
I0211 02:25:47.384802 140062319662848 logging_writer.py:48] [14000] global_step=14000, grad_norm=3.744652271270752, loss=1.6168766021728516
I0211 02:27:02.805356 140062311270144 logging_writer.py:48] [14100] global_step=14100, grad_norm=3.483431577682495, loss=1.6116185188293457
I0211 02:28:28.144790 140062319662848 logging_writer.py:48] [14200] global_step=14200, grad_norm=2.3770217895507812, loss=1.5610514879226685
I0211 02:29:55.912971 140062311270144 logging_writer.py:48] [14300] global_step=14300, grad_norm=1.8962397575378418, loss=1.5166022777557373
I0211 02:31:23.465094 140062319662848 logging_writer.py:48] [14400] global_step=14400, grad_norm=2.4544849395751953, loss=1.609846591949463
I0211 02:32:44.547542 140061991982848 logging_writer.py:48] [14500] global_step=14500, grad_norm=2.099709987640381, loss=1.6050199270248413
I0211 02:34:04.288888 140061983590144 logging_writer.py:48] [14600] global_step=14600, grad_norm=2.909656047821045, loss=1.5646151304244995
I0211 02:35:22.052376 140061991982848 logging_writer.py:48] [14700] global_step=14700, grad_norm=2.690934419631958, loss=1.5690644979476929
I0211 02:36:43.240739 140061983590144 logging_writer.py:48] [14800] global_step=14800, grad_norm=4.17411994934082, loss=1.5956329107284546
I0211 02:38:09.812524 140061991982848 logging_writer.py:48] [14900] global_step=14900, grad_norm=2.249917507171631, loss=1.4634920358657837
I0211 02:39:36.657585 140061983590144 logging_writer.py:48] [15000] global_step=15000, grad_norm=2.9991021156311035, loss=1.5675048828125
I0211 02:41:03.400105 140061991982848 logging_writer.py:48] [15100] global_step=15100, grad_norm=2.0471560955047607, loss=1.5501620769500732
I0211 02:42:31.607807 140061983590144 logging_writer.py:48] [15200] global_step=15200, grad_norm=2.694098472595215, loss=1.6158174276351929
I0211 02:43:59.637952 140061991982848 logging_writer.py:48] [15300] global_step=15300, grad_norm=2.3427698612213135, loss=1.60804283618927
I0211 02:45:27.302361 140061983590144 logging_writer.py:48] [15400] global_step=15400, grad_norm=2.5872268676757812, loss=1.6694968938827515
I0211 02:46:53.357201 140062319662848 logging_writer.py:48] [15500] global_step=15500, grad_norm=2.925333261489868, loss=1.5057847499847412
I0211 02:48:03.483580 140218947737408 spec.py:321] Evaluating on the training split.
I0211 02:49:02.085530 140218947737408 spec.py:333] Evaluating on the validation split.
I0211 02:49:54.266223 140218947737408 spec.py:349] Evaluating on the test split.
I0211 02:50:21.895053 140218947737408 submission_runner.py:408] Time since start: 14409.77s, 	Step: 15594, 	{'train/ctc_loss': Array(0.31959072, dtype=float32), 'train/wer': 0.10852853396038709, 'validation/ctc_loss': Array(0.67307526, dtype=float32), 'validation/wer': 0.19473435222105293, 'validation/num_examples': 5348, 'test/ctc_loss': Array(0.39703676, dtype=float32), 'test/wer': 0.12692706111754312, 'test/num_examples': 2472, 'score': 13007.510919809341, 'total_duration': 14409.774055480957, 'accumulated_submission_time': 13007.510919809341, 'accumulated_eval_time': 1401.224974155426, 'accumulated_logging_time': 0.3565559387207031}
I0211 02:50:21.923078 140062611502848 logging_writer.py:48] [15594] accumulated_eval_time=1401.224974, accumulated_logging_time=0.356556, accumulated_submission_time=13007.510920, global_step=15594, preemption_count=0, score=13007.510920, test/ctc_loss=0.39703676104545593, test/num_examples=2472, test/wer=0.126927, total_duration=14409.774055, train/ctc_loss=0.3195907175540924, train/wer=0.108529, validation/ctc_loss=0.673075258731842, validation/num_examples=5348, validation/wer=0.194734
I0211 02:50:27.313082 140062603110144 logging_writer.py:48] [15600] global_step=15600, grad_norm=2.448021173477173, loss=1.553350806236267
I0211 02:51:42.214139 140062611502848 logging_writer.py:48] [15700] global_step=15700, grad_norm=2.8171679973602295, loss=1.5075994729995728
I0211 02:52:57.264148 140062603110144 logging_writer.py:48] [15800] global_step=15800, grad_norm=4.5091657638549805, loss=1.4829713106155396
I0211 02:54:14.817638 140062611502848 logging_writer.py:48] [15900] global_step=15900, grad_norm=2.989919662475586, loss=1.5507681369781494
I0211 02:55:40.774820 140062603110144 logging_writer.py:48] [16000] global_step=16000, grad_norm=2.027257204055786, loss=1.4831528663635254
I0211 02:57:08.201546 140062611502848 logging_writer.py:48] [16100] global_step=16100, grad_norm=2.7678916454315186, loss=1.5923656225204468
I0211 02:58:32.566723 140062603110144 logging_writer.py:48] [16200] global_step=16200, grad_norm=3.4699795246124268, loss=1.61447012424469
I0211 02:59:59.215019 140062611502848 logging_writer.py:48] [16300] global_step=16300, grad_norm=4.419902324676514, loss=1.5870776176452637
I0211 03:01:25.019858 140062603110144 logging_writer.py:48] [16400] global_step=16400, grad_norm=4.351787567138672, loss=1.5339221954345703
I0211 03:02:53.353785 140062611502848 logging_writer.py:48] [16500] global_step=16500, grad_norm=2.151810646057129, loss=1.5295863151550293
I0211 03:04:11.215795 140062603110144 logging_writer.py:48] [16600] global_step=16600, grad_norm=2.6055638790130615, loss=1.531622290611267
I0211 03:05:27.006252 140062611502848 logging_writer.py:48] [16700] global_step=16700, grad_norm=3.455812931060791, loss=1.5218369960784912
I0211 03:06:43.300394 140062603110144 logging_writer.py:48] [16800] global_step=16800, grad_norm=2.036628484725952, loss=1.5015993118286133
I0211 03:08:06.836194 140062611502848 logging_writer.py:48] [16900] global_step=16900, grad_norm=3.1007535457611084, loss=1.5981091260910034
I0211 03:09:34.919738 140062603110144 logging_writer.py:48] [17000] global_step=17000, grad_norm=2.0834269523620605, loss=1.504032015800476
I0211 03:11:04.357848 140062611502848 logging_writer.py:48] [17100] global_step=17100, grad_norm=3.7302308082580566, loss=1.536708116531372
I0211 03:12:30.914650 140062603110144 logging_writer.py:48] [17200] global_step=17200, grad_norm=2.4289581775665283, loss=1.5356686115264893
I0211 03:13:58.268542 140062611502848 logging_writer.py:48] [17300] global_step=17300, grad_norm=4.16570520401001, loss=1.5666935443878174
I0211 03:14:21.959257 140218947737408 spec.py:321] Evaluating on the training split.
I0211 03:15:25.561621 140218947737408 spec.py:333] Evaluating on the validation split.
I0211 03:16:18.722506 140218947737408 spec.py:349] Evaluating on the test split.
I0211 03:16:45.338955 140218947737408 submission_runner.py:408] Time since start: 15993.22s, 	Step: 17329, 	{'train/ctc_loss': Array(0.32896024, dtype=float32), 'train/wer': 0.11624040714979057, 'validation/ctc_loss': Array(0.6574222, dtype=float32), 'validation/wer': 0.1909786921806965, 'validation/num_examples': 5348, 'test/ctc_loss': Array(0.39617884, dtype=float32), 'test/wer': 0.1280238864176467, 'test/num_examples': 2472, 'score': 14447.46181845665, 'total_duration': 15993.21812081337, 'accumulated_submission_time': 14447.46181845665, 'accumulated_eval_time': 1544.6018645763397, 'accumulated_logging_time': 0.3955864906311035}
I0211 03:16:45.368395 140063041582848 logging_writer.py:48] [17329] accumulated_eval_time=1544.601865, accumulated_logging_time=0.395586, accumulated_submission_time=14447.461818, global_step=17329, preemption_count=0, score=14447.461818, test/ctc_loss=0.39617884159088135, test/num_examples=2472, test/wer=0.128024, total_duration=15993.218121, train/ctc_loss=0.32896023988723755, train/wer=0.116240, validation/ctc_loss=0.6574221849441528, validation/num_examples=5348, validation/wer=0.190979
I0211 03:17:39.431509 140063033190144 logging_writer.py:48] [17400] global_step=17400, grad_norm=3.3722851276397705, loss=1.5402971506118774
I0211 03:18:55.068295 140063041582848 logging_writer.py:48] [17500] global_step=17500, grad_norm=3.2387235164642334, loss=1.5775318145751953
I0211 03:20:14.944754 140062386222848 logging_writer.py:48] [17600] global_step=17600, grad_norm=4.016010761260986, loss=1.490418553352356
I0211 03:21:33.286727 140062377830144 logging_writer.py:48] [17700] global_step=17700, grad_norm=3.0007131099700928, loss=1.5513249635696411
I0211 03:22:53.034556 140062386222848 logging_writer.py:48] [17800] global_step=17800, grad_norm=3.1084694862365723, loss=1.5676575899124146
I0211 03:24:17.009702 140062377830144 logging_writer.py:48] [17900] global_step=17900, grad_norm=5.395583152770996, loss=1.5127381086349487
I0211 03:25:41.445704 140062386222848 logging_writer.py:48] [18000] global_step=18000, grad_norm=3.220369577407837, loss=1.5345637798309326
I0211 03:27:08.425996 140062377830144 logging_writer.py:48] [18100] global_step=18100, grad_norm=2.4906458854675293, loss=1.5610687732696533
I0211 03:28:36.880319 140062386222848 logging_writer.py:48] [18200] global_step=18200, grad_norm=4.796048641204834, loss=1.510694146156311
I0211 03:30:07.035284 140062377830144 logging_writer.py:48] [18300] global_step=18300, grad_norm=4.158450603485107, loss=1.4789148569107056
I0211 03:31:34.657974 140062386222848 logging_writer.py:48] [18400] global_step=18400, grad_norm=1.8493058681488037, loss=1.5668654441833496
I0211 03:32:59.294625 140062377830144 logging_writer.py:48] [18500] global_step=18500, grad_norm=4.404531478881836, loss=1.5202417373657227
I0211 03:34:23.055382 140063041582848 logging_writer.py:48] [18600] global_step=18600, grad_norm=3.0169460773468018, loss=1.5200459957122803
I0211 03:35:40.970769 140063033190144 logging_writer.py:48] [18700] global_step=18700, grad_norm=3.478393793106079, loss=1.4543766975402832
I0211 03:36:55.958800 140063041582848 logging_writer.py:48] [18800] global_step=18800, grad_norm=2.5046987533569336, loss=1.4733508825302124
I0211 03:38:20.037378 140063033190144 logging_writer.py:48] [18900] global_step=18900, grad_norm=2.5557191371917725, loss=1.4932348728179932
I0211 03:39:48.730235 140063041582848 logging_writer.py:48] [19000] global_step=19000, grad_norm=4.8509440422058105, loss=1.4936566352844238
I0211 03:40:45.357957 140218947737408 spec.py:321] Evaluating on the training split.
I0211 03:41:40.846296 140218947737408 spec.py:333] Evaluating on the validation split.
I0211 03:42:33.327539 140218947737408 spec.py:349] Evaluating on the test split.
I0211 03:42:59.489728 140218947737408 submission_runner.py:408] Time since start: 17567.37s, 	Step: 19065, 	{'train/ctc_loss': Array(0.32634243, dtype=float32), 'train/wer': 0.10938417197704857, 'validation/ctc_loss': Array(0.6247462, dtype=float32), 'validation/wer': 0.1807544145901117, 'validation/num_examples': 5348, 'test/ctc_loss': Array(0.3724943, dtype=float32), 'test/wer': 0.12136168829849897, 'test/num_examples': 2472, 'score': 15887.366396427155, 'total_duration': 17567.369089365005, 'accumulated_submission_time': 15887.366396427155, 'accumulated_eval_time': 1678.731039762497, 'accumulated_logging_time': 0.43723106384277344}
I0211 03:42:59.516844 140062027822848 logging_writer.py:48] [19065] accumulated_eval_time=1678.731040, accumulated_logging_time=0.437231, accumulated_submission_time=15887.366396, global_step=19065, preemption_count=0, score=15887.366396, test/ctc_loss=0.37249431014060974, test/num_examples=2472, test/wer=0.121362, total_duration=17567.369089, train/ctc_loss=0.3263424336910248, train/wer=0.109384, validation/ctc_loss=0.6247462034225464, validation/num_examples=5348, validation/wer=0.180754
I0211 03:43:26.934099 140062019430144 logging_writer.py:48] [19100] global_step=19100, grad_norm=3.3866398334503174, loss=1.5254440307617188
I0211 03:44:41.857770 140062027822848 logging_writer.py:48] [19200] global_step=19200, grad_norm=3.0151734352111816, loss=1.5373561382293701
I0211 03:45:56.761266 140062019430144 logging_writer.py:48] [19300] global_step=19300, grad_norm=2.6043038368225098, loss=1.5412256717681885
I0211 03:47:24.234700 140062027822848 logging_writer.py:48] [19400] global_step=19400, grad_norm=1.9343465566635132, loss=1.5011717081069946
I0211 03:48:49.318092 140062019430144 logging_writer.py:48] [19500] global_step=19500, grad_norm=3.357231616973877, loss=1.4948598146438599
I0211 03:50:17.704556 140061372462848 logging_writer.py:48] [19600] global_step=19600, grad_norm=2.97613263130188, loss=1.4904805421829224
I0211 03:51:35.604016 140061364070144 logging_writer.py:48] [19700] global_step=19700, grad_norm=3.3888628482818604, loss=1.4913147687911987
I0211 03:52:53.092412 140061372462848 logging_writer.py:48] [19800] global_step=19800, grad_norm=2.1466429233551025, loss=1.490572214126587
I0211 03:54:15.008847 140061364070144 logging_writer.py:48] [19900] global_step=19900, grad_norm=2.4987008571624756, loss=1.5068676471710205
