I0211 18:34:08.313035 140062860113664 logging_writer.py:48] [28848] accumulated_eval_time=2406.277083, accumulated_logging_time=0.896016, accumulated_submission_time=24501.122561, global_step=28848, preemption_count=0, score=24501.122561, test/ctc_loss=0.27055633068084717, test/num_examples=2472, test/wer=0.087746, total_duration=26909.666397, train/ctc_loss=0.2831781208515167, train/wer=0.098764, validation/ctc_loss=0.4912922978401184, validation/num_examples=5348, validation/wer=0.141537
I0211 18:34:48.473528 140062851720960 logging_writer.py:48] [28900] global_step=28900, grad_norm=2.3467092514038086, loss=1.2517238855361938
I0211 18:36:04.173001 140062860113664 logging_writer.py:48] [29000] global_step=29000, grad_norm=3.8634836673736572, loss=1.2264702320098877
I0211 18:37:19.378266 140062851720960 logging_writer.py:48] [29100] global_step=29100, grad_norm=2.147587776184082, loss=1.2567061185836792
I0211 18:38:34.428426 140062860113664 logging_writer.py:48] [29200] global_step=29200, grad_norm=2.111499309539795, loss=1.2352689504623413
I0211 18:39:56.040564 140062851720960 logging_writer.py:48] [29300] global_step=29300, grad_norm=1.7375482320785522, loss=1.274186372756958
I0211 18:41:23.717360 140062860113664 logging_writer.py:48] [29400] global_step=29400, grad_norm=2.799837112426758, loss=1.2866942882537842
I0211 18:42:52.867292 140062851720960 logging_writer.py:48] [29500] global_step=29500, grad_norm=2.6439857482910156, loss=1.3232758045196533
I0211 18:44:19.587455 140062860113664 logging_writer.py:48] [29600] global_step=29600, grad_norm=2.229983329772949, loss=1.3043040037155151
I0211 18:45:51.121843 140062851720960 logging_writer.py:48] [29700] global_step=29700, grad_norm=2.518117666244507, loss=1.230145812034607
I0211 18:47:21.360399 140062860113664 logging_writer.py:48] [29800] global_step=29800, grad_norm=1.7945870161056519, loss=1.3088988065719604
I0211 18:48:51.260800 140062204753664 logging_writer.py:48] [29900] global_step=29900, grad_norm=2.613290548324585, loss=1.2801451683044434
I0211 18:50:08.364244 140062196360960 logging_writer.py:48] [30000] global_step=30000, grad_norm=2.5938141345977783, loss=1.2134209871292114
I0211 18:51:25.875711 140062204753664 logging_writer.py:48] [30100] global_step=30100, grad_norm=2.6098906993865967, loss=1.240537166595459
I0211 18:52:47.701549 140062196360960 logging_writer.py:48] [30200] global_step=30200, grad_norm=2.1083521842956543, loss=1.2292855978012085
I0211 18:54:14.018503 140062204753664 logging_writer.py:48] [30300] global_step=30300, grad_norm=1.8567731380462646, loss=1.202427864074707
I0211 18:55:44.211150 140062196360960 logging_writer.py:48] [30400] global_step=30400, grad_norm=2.9527201652526855, loss=1.2724961042404175
I0211 18:57:14.390922 140062204753664 logging_writer.py:48] [30500] global_step=30500, grad_norm=2.564483404159546, loss=1.239951491355896
I0211 18:58:09.018393 140218947737408 spec.py:321] Evaluating on the training split.
I0211 18:59:05.084593 140218947737408 spec.py:333] Evaluating on the validation split.
I0211 18:59:59.285999 140218947737408 spec.py:349] Evaluating on the test split.
I0211 19:00:26.096197 140218947737408 submission_runner.py:408] Time since start: 28487.49s, 	Step: 30561, 	{'train/ctc_loss': Array(0.2763036, dtype=float32), 'train/wer': 0.09663587059888074, 'validation/ctc_loss': Array(0.48683694, dtype=float32), 'validation/wer': 0.14026279965629435, 'validation/num_examples': 5348, 'test/ctc_loss': Array(0.26829788, dtype=float32), 'test/wer': 0.08750228505270854, 'test/num_examples': 2472, 'score': 25941.73451423645, 'total_duration': 28487.4870493412, 'accumulated_submission_time': 25941.73451423645, 'accumulated_eval_time': 2543.348155975342, 'accumulated_logging_time': 0.951606273651123}
I0211 19:00:26.130774 140062204753664 logging_writer.py:48] [30561] accumulated_eval_time=2543.348156, accumulated_logging_time=0.951606, accumulated_submission_time=25941.734514, global_step=30561, preemption_count=0, score=25941.734514, test/ctc_loss=0.26829788088798523, test/num_examples=2472, test/wer=0.087502, total_duration=28487.487049, train/ctc_loss=0.27630358934402466, train/wer=0.096636, validation/ctc_loss=0.4868369400501251, validation/num_examples=5348, validation/wer=0.140263
I0211 19:00:56.457835 140062196360960 logging_writer.py:48] [30600] global_step=30600, grad_norm=2.1194655895233154, loss=1.3066153526306152
I0211 19:02:11.843653 140062204753664 logging_writer.py:48] [30700] global_step=30700, grad_norm=2.323591709136963, loss=1.2156001329421997
I0211 19:03:31.625292 140062196360960 logging_writer.py:48] [30800] global_step=30800, grad_norm=2.8834190368652344, loss=1.2625792026519775
I0211 19:05:03.175661 140062860113664 logging_writer.py:48] [30900] global_step=30900, grad_norm=1.5351868867874146, loss=1.237624168395996
I0211 19:06:20.281283 140062851720960 logging_writer.py:48] [31000] global_step=31000, grad_norm=2.6898550987243652, loss=1.3192006349563599
I0211 19:07:38.317719 140062860113664 logging_writer.py:48] [31100] global_step=31100, grad_norm=3.6598801612854004, loss=1.2636741399765015
I0211 19:08:54.630461 140062851720960 logging_writer.py:48] [31200] global_step=31200, grad_norm=2.577110528945923, loss=1.2324755191802979
I0211 19:10:16.673158 140062860113664 logging_writer.py:48] [31300] global_step=31300, grad_norm=2.3758952617645264, loss=1.2396109104156494
I0211 19:11:47.597141 140062851720960 logging_writer.py:48] [31400] global_step=31400, grad_norm=3.474954128265381, loss=1.2182942628860474
I0211 19:13:17.990872 140062860113664 logging_writer.py:48] [31500] global_step=31500, grad_norm=2.178866386413574, loss=1.226792812347412
I0211 19:14:49.489509 140062851720960 logging_writer.py:48] [31600] global_step=31600, grad_norm=2.623091459274292, loss=1.2221628427505493
I0211 19:16:18.101785 140062860113664 logging_writer.py:48] [31700] global_step=31700, grad_norm=1.7602771520614624, loss=1.2181912660598755
I0211 19:17:49.754126 140062851720960 logging_writer.py:48] [31800] global_step=31800, grad_norm=2.2508182525634766, loss=1.2742905616760254
I0211 19:19:17.898404 140062860113664 logging_writer.py:48] [31900] global_step=31900, grad_norm=3.8397042751312256, loss=1.213122844696045
I0211 19:20:39.057778 140062860113664 logging_writer.py:48] [32000] global_step=32000, grad_norm=2.1322193145751953, loss=1.237296223640442
I0211 19:21:55.534168 140062851720960 logging_writer.py:48] [32100] global_step=32100, grad_norm=3.176450252532959, loss=1.3106322288513184
I0211 19:23:14.502840 140062860113664 logging_writer.py:48] [32200] global_step=32200, grad_norm=2.5214028358459473, loss=1.2106958627700806
I0211 19:24:26.602919 140218947737408 spec.py:321] Evaluating on the training split.
I0211 19:25:20.526696 140218947737408 spec.py:333] Evaluating on the validation split.
I0211 19:26:13.361225 140218947737408 spec.py:349] Evaluating on the test split.
I0211 19:26:41.225470 140218947737408 submission_runner.py:408] Time since start: 30062.62s, 	Step: 32288, 	{'train/ctc_loss': Array(0.25569287, dtype=float32), 'train/wer': 0.0897257371193316, 'validation/ctc_loss': Array(0.46944138, dtype=float32), 'validation/wer': 0.13578304063643473, 'validation/num_examples': 5348, 'test/ctc_loss': Array(0.26102412, dtype=float32), 'test/wer': 0.08433367863018706, 'test/num_examples': 2472, 'score': 27382.11405301094, 'total_duration': 30062.6204662323, 'accumulated_submission_time': 27382.11405301094, 'accumulated_eval_time': 2677.9681293964386, 'accumulated_logging_time': 1.001542568206787}
I0211 19:26:41.259134 140062860113664 logging_writer.py:48] [32288] accumulated_eval_time=2677.968129, accumulated_logging_time=1.001543, accumulated_submission_time=27382.114053, global_step=32288, preemption_count=0, score=27382.114053, test/ctc_loss=0.2610241174697876, test/num_examples=2472, test/wer=0.084334, total_duration=30062.620466, train/ctc_loss=0.25569286942481995, train/wer=0.089726, validation/ctc_loss=0.46944138407707214, validation/num_examples=5348, validation/wer=0.135783
I0211 19:26:51.078414 140062851720960 logging_writer.py:48] [32300] global_step=32300, grad_norm=2.6046268939971924, loss=1.232419490814209
I0211 19:28:06.323778 140062860113664 logging_writer.py:48] [32400] global_step=32400, grad_norm=2.557495355606079, loss=1.2138142585754395
I0211 19:29:21.928322 140062851720960 logging_writer.py:48] [32500] global_step=32500, grad_norm=2.3175182342529297, loss=1.2113049030303955
I0211 19:30:51.828770 140062860113664 logging_writer.py:48] [32600] global_step=32600, grad_norm=3.512939453125, loss=1.167862057685852
I0211 19:32:24.070186 140062851720960 logging_writer.py:48] [32700] global_step=32700, grad_norm=2.5519165992736816, loss=1.2160972356796265
I0211 19:33:54.599322 140062860113664 logging_writer.py:48] [32800] global_step=32800, grad_norm=2.800165891647339, loss=1.2720043659210205
I0211 19:35:26.447131 140062851720960 logging_writer.py:48] [32900] global_step=32900, grad_norm=1.8832368850708008, loss=1.2198879718780518
I0211 19:36:52.786357 140062860113664 logging_writer.py:48] [33000] global_step=33000, grad_norm=3.439828872680664, loss=1.2305172681808472
I0211 19:38:08.150370 140062851720960 logging_writer.py:48] [33100] global_step=33100, grad_norm=3.315761089324951, loss=1.278594970703125
I0211 19:39:23.535442 140062860113664 logging_writer.py:48] [33200] global_step=33200, grad_norm=1.693339228630066, loss=1.1931350231170654
I0211 19:40:40.812161 140062851720960 logging_writer.py:48] [33300] global_step=33300, grad_norm=2.6541221141815186, loss=1.2178839445114136
I0211 19:42:01.596709 140062860113664 logging_writer.py:48] [33400] global_step=33400, grad_norm=2.6624715328216553, loss=1.2100012302398682
I0211 19:43:30.550329 140062851720960 logging_writer.py:48] [33500] global_step=33500, grad_norm=2.4991462230682373, loss=1.2473747730255127
I0211 19:45:01.472958 140062860113664 logging_writer.py:48] [33600] global_step=33600, grad_norm=2.502732515335083, loss=1.2047251462936401
I0211 19:46:29.244843 140062851720960 logging_writer.py:48] [33700] global_step=33700, grad_norm=2.4319067001342773, loss=1.212242841720581
I0211 19:47:58.973587 140062860113664 logging_writer.py:48] [33800] global_step=33800, grad_norm=2.36087703704834, loss=1.2269824743270874
I0211 19:49:28.728797 140062851720960 logging_writer.py:48] [33900] global_step=33900, grad_norm=2.2440662384033203, loss=1.1790313720703125
I0211 19:50:42.110709 140218947737408 spec.py:321] Evaluating on the training split.
/usr/local/lib/python3.8/dist-packages/jax/_src/ops/scatter.py:92: FutureWarning: scatter inputs have incompatible types: cannot safely cast value from dtype=float32 to dtype=int32. In future JAX releases this will result in an error.
  warnings.warn("scatter inputs have incompatible types: cannot safely cast "
I0211 19:51:55.587646 140218947737408 spec.py:333] Evaluating on the validation split.
I0211 19:52:49.597651 140218947737408 spec.py:349] Evaluating on the test split.
I0211 19:53:16.567047 140218947737408 submission_runner.py:408] Time since start: 31657.96s, 	Step: 33983, 	{'train/ctc_loss': Array(0.15601371, dtype=float32), 'train/wer': 0.05595349430368985, 'validation/ctc_loss': Array(0.46224105, dtype=float32), 'validation/wer': 0.1343155333713083, 'validation/num_examples': 5348, 'test/ctc_loss': Array(0.2518262, dtype=float32), 'test/wer': 0.08207909329108524, 'test/num_examples': 2472, 'score': 28822.875962257385, 'total_duration': 31657.9614071846, 'accumulated_submission_time': 28822.875962257385, 'accumulated_eval_time': 2832.4212596416473, 'accumulated_logging_time': 1.0486581325531006}
I0211 19:53:16.602558 140062276433664 logging_writer.py:48] [33983] accumulated_eval_time=2832.421260, accumulated_logging_time=1.048658, accumulated_submission_time=28822.875962, global_step=33983, preemption_count=0, score=28822.875962, test/ctc_loss=0.2518261969089508, test/num_examples=2472, test/wer=0.082079, total_duration=31657.961407, train/ctc_loss=0.15601371228694916, train/wer=0.055953, validation/ctc_loss=0.4622410535812378, validation/num_examples=5348, validation/wer=0.134316
I0211 19:53:34.591413 140062276433664 logging_writer.py:48] [34000] global_step=34000, grad_norm=3.612610340118408, loss=1.1992624998092651
I0211 19:54:52.410633 140062268040960 logging_writer.py:48] [34100] global_step=34100, grad_norm=2.64609432220459, loss=1.2157248258590698
I0211 19:56:09.527648 140062276433664 logging_writer.py:48] [34200] global_step=34200, grad_norm=2.5089235305786133, loss=1.2385871410369873
I0211 19:57:31.723222 140062268040960 logging_writer.py:48] [34300] global_step=34300, grad_norm=1.6186766624450684, loss=1.1493902206420898
I0211 19:58:55.708811 140062276433664 logging_writer.py:48] [34400] global_step=34400, grad_norm=1.7183482646942139, loss=1.1579070091247559
I0211 20:00:25.220008 140062268040960 logging_writer.py:48] [34500] global_step=34500, grad_norm=2.08483624458313, loss=1.2209045886993408
I0211 20:01:56.324823 140062276433664 logging_writer.py:48] [34600] global_step=34600, grad_norm=3.317147731781006, loss=1.238412618637085
I0211 20:03:26.920731 140062268040960 logging_writer.py:48] [34700] global_step=34700, grad_norm=3.208791494369507, loss=1.1570477485656738
I0211 20:04:55.526775 140062276433664 logging_writer.py:48] [34800] global_step=34800, grad_norm=2.0471413135528564, loss=1.1831904649734497
I0211 20:06:26.098639 140062268040960 logging_writer.py:48] [34900] global_step=34900, grad_norm=2.234071731567383, loss=1.1724634170532227
I0211 20:07:59.356526 140062276433664 logging_writer.py:48] [35000] global_step=35000, grad_norm=2.2872426509857178, loss=1.257399082183838
I0211 20:09:21.470321 140062276433664 logging_writer.py:48] [35100] global_step=35100, grad_norm=1.8330051898956299, loss=1.1898841857910156
I0211 20:10:39.884063 140062268040960 logging_writer.py:48] [35200] global_step=35200, grad_norm=2.7351889610290527, loss=1.196475625038147
I0211 20:12:00.501823 140062276433664 logging_writer.py:48] [35300] global_step=35300, grad_norm=2.0972931385040283, loss=1.1891212463378906
I0211 20:13:26.973474 140062268040960 logging_writer.py:48] [35400] global_step=35400, grad_norm=1.9959499835968018, loss=1.1948217153549194
I0211 20:14:52.341389 140062276433664 logging_writer.py:48] [35500] global_step=35500, grad_norm=3.3247692584991455, loss=1.2058007717132568
I0211 20:16:20.204115 140062268040960 logging_writer.py:48] [35600] global_step=35600, grad_norm=1.7641448974609375, loss=1.160095453262329
I0211 20:17:16.698173 140218947737408 spec.py:321] Evaluating on the training split.
I0211 20:18:12.919765 140218947737408 spec.py:333] Evaluating on the validation split.
I0211 20:19:05.591860 140218947737408 spec.py:349] Evaluating on the test split.
I0211 20:19:33.119688 140218947737408 submission_runner.py:408] Time since start: 33234.51s, 	Step: 35663, 	{'train/ctc_loss': Array(0.15231837, dtype=float32), 'train/wer': 0.05323829957452998, 'validation/ctc_loss': Array(0.45944563, dtype=float32), 'validation/wer': 0.1315349932900161, 'validation/num_examples': 5348, 'test/ctc_loss': Array(0.24787179, dtype=float32), 'test/wer': 0.07962139215566795, 'test/num_examples': 2472, 'score': 30262.88162112236, 'total_duration': 33234.50987505913, 'accumulated_submission_time': 30262.88162112236, 'accumulated_eval_time': 2968.835390806198, 'accumulated_logging_time': 1.0996172428131104}
I0211 20:19:33.156795 140062645073664 logging_writer.py:48] [35663] accumulated_eval_time=2968.835391, accumulated_logging_time=1.099617, accumulated_submission_time=30262.881621, global_step=35663, preemption_count=0, score=30262.881621, test/ctc_loss=0.2478717863559723, test/num_examples=2472, test/wer=0.079621, total_duration=33234.509875, train/ctc_loss=0.15231837332248688, train/wer=0.053238, validation/ctc_loss=0.45944562554359436, validation/num_examples=5348, validation/wer=0.131535
I0211 20:20:01.847496 140062636680960 logging_writer.py:48] [35700] global_step=35700, grad_norm=2.5304431915283203, loss=1.2051429748535156
I0211 20:21:17.036119 140062645073664 logging_writer.py:48] [35800] global_step=35800, grad_norm=2.9383175373077393, loss=1.1867790222167969
I0211 20:22:39.237748 140062636680960 logging_writer.py:48] [35900] global_step=35900, grad_norm=1.4899190664291382, loss=1.2163962125778198
I0211 20:24:12.363788 140062645073664 logging_writer.py:48] [36000] global_step=36000, grad_norm=2.9034481048583984, loss=1.2591979503631592
I0211 20:25:41.566690 140062645073664 logging_writer.py:48] [36100] global_step=36100, grad_norm=2.0128939151763916, loss=1.1991921663284302
I0211 20:26:57.791935 140062636680960 logging_writer.py:48] [36200] global_step=36200, grad_norm=2.460343360900879, loss=1.1688319444656372
I0211 20:28:15.179688 140062645073664 logging_writer.py:48] [36300] global_step=36300, grad_norm=1.711495041847229, loss=1.146596908569336
I0211 20:29:38.094328 140062636680960 logging_writer.py:48] [36400] global_step=36400, grad_norm=2.342132568359375, loss=1.2173962593078613
I0211 20:31:06.751467 140062645073664 logging_writer.py:48] [36500] global_step=36500, grad_norm=2.2340142726898193, loss=1.2169904708862305
I0211 20:32:35.734866 140062636680960 logging_writer.py:48] [36600] global_step=36600, grad_norm=3.6316592693328857, loss=1.178218126296997
I0211 20:34:07.786328 140062645073664 logging_writer.py:48] [36700] global_step=36700, grad_norm=2.6290950775146484, loss=1.1752904653549194
I0211 20:35:39.161349 140062636680960 logging_writer.py:48] [36800] global_step=36800, grad_norm=2.3738656044006348, loss=1.185711145401001
I0211 20:37:09.304397 140062645073664 logging_writer.py:48] [36900] global_step=36900, grad_norm=1.649944543838501, loss=1.1814693212509155
I0211 20:38:39.061391 140062636680960 logging_writer.py:48] [37000] global_step=37000, grad_norm=2.402576446533203, loss=1.1829442977905273
I0211 20:40:10.617815 140062317393664 logging_writer.py:48] [37100] global_step=37100, grad_norm=2.0077261924743652, loss=1.1447453498840332
I0211 20:41:27.742799 140062309000960 logging_writer.py:48] [37200] global_step=37200, grad_norm=1.665217638015747, loss=1.115732192993164
I0211 20:42:47.705496 140062317393664 logging_writer.py:48] [37300] global_step=37300, grad_norm=2.91788649559021, loss=1.1376489400863647
I0211 20:43:34.340374 140218947737408 spec.py:321] Evaluating on the training split.
I0211 20:44:30.440982 140218947737408 spec.py:333] Evaluating on the validation split.
I0211 20:45:22.867567 140218947737408 spec.py:349] Evaluating on the test split.
I0211 20:45:49.691049 140218947737408 submission_runner.py:408] Time since start: 34811.08s, 	Step: 37356, 	{'train/ctc_loss': Array(0.1572897, dtype=float32), 'train/wer': 0.055789000766405035, 'validation/ctc_loss': Array(0.44850588, dtype=float32), 'validation/wer': 0.1289282369638047, 'validation/num_examples': 5348, 'test/ctc_loss': Array(0.23940639, dtype=float32), 'test/wer': 0.07734649523693457, 'test/num_examples': 2472, 'score': 31703.973056077957, 'total_duration': 34811.08276438713, 'accumulated_submission_time': 31703.973056077957, 'accumulated_eval_time': 3104.18021607399, 'accumulated_logging_time': 1.1535747051239014}
I0211 20:45:49.733872 140062317393664 logging_writer.py:48] [37356] accumulated_eval_time=3104.180216, accumulated_logging_time=1.153575, accumulated_submission_time=31703.973056, global_step=37356, preemption_count=0, score=31703.973056, test/ctc_loss=0.23940639197826385, test/num_examples=2472, test/wer=0.077346, total_duration=34811.082764, train/ctc_loss=0.15728969871997833, train/wer=0.055789, validation/ctc_loss=0.44850587844848633, validation/num_examples=5348, validation/wer=0.128928
I0211 20:46:23.855759 140062309000960 logging_writer.py:48] [37400] global_step=37400, grad_norm=2.6763150691986084, loss=1.23729407787323
I0211 20:47:38.663638 140062317393664 logging_writer.py:48] [37500] global_step=37500, grad_norm=1.8620678186416626, loss=1.1738721132278442
I0211 20:48:57.617106 140062309000960 logging_writer.py:48] [37600] global_step=37600, grad_norm=2.5114235877990723, loss=1.1401551961898804
I0211 20:50:28.460153 140062317393664 logging_writer.py:48] [37700] global_step=37700, grad_norm=2.4777729511260986, loss=1.1633278131484985
I0211 20:51:55.011800 140062309000960 logging_writer.py:48] [37800] global_step=37800, grad_norm=2.4062466621398926, loss=1.1630393266677856
I0211 20:53:24.286232 140062317393664 logging_writer.py:48] [37900] global_step=37900, grad_norm=2.3565115928649902, loss=1.1812105178833008
I0211 20:54:52.995439 140062309000960 logging_writer.py:48] [38000] global_step=38000, grad_norm=3.398630142211914, loss=1.1551846265792847
I0211 20:56:24.148663 140062317393664 logging_writer.py:48] [38100] global_step=38100, grad_norm=2.3816213607788086, loss=1.1752523183822632
I0211 20:57:45.824966 140062317393664 logging_writer.py:48] [38200] global_step=38200, grad_norm=1.9646855592727661, loss=1.174627423286438
I0211 20:59:02.331133 140062309000960 logging_writer.py:48] [38300] global_step=38300, grad_norm=2.9213504791259766, loss=1.1821051836013794
I0211 21:00:21.029734 140062317393664 logging_writer.py:48] [38400] global_step=38400, grad_norm=1.7314457893371582, loss=1.1309033632278442
I0211 21:01:44.754524 140062309000960 logging_writer.py:48] [38500] global_step=38500, grad_norm=2.2443289756774902, loss=1.1373677253723145
I0211 21:03:13.922556 140062317393664 logging_writer.py:48] [38600] global_step=38600, grad_norm=2.769569158554077, loss=1.1728057861328125
I0211 21:04:43.846020 140062309000960 logging_writer.py:48] [38700] global_step=38700, grad_norm=3.2754127979278564, loss=1.1743422746658325
I0211 21:06:14.388682 140062317393664 logging_writer.py:48] [38800] global_step=38800, grad_norm=2.1639935970306396, loss=1.1462781429290771
I0211 21:07:45.643965 140062309000960 logging_writer.py:48] [38900] global_step=38900, grad_norm=2.2480735778808594, loss=1.1778253316879272
I0211 21:09:18.247625 140062317393664 logging_writer.py:48] [39000] global_step=39000, grad_norm=2.1564061641693115, loss=1.1338597536087036
I0211 21:09:50.088463 140218947737408 spec.py:321] Evaluating on the training split.
I0211 21:10:46.488203 140218947737408 spec.py:333] Evaluating on the validation split.
I0211 21:11:40.623929 140218947737408 spec.py:349] Evaluating on the test split.
I0211 21:12:08.152688 140218947737408 submission_runner.py:408] Time since start: 36389.54s, 	Step: 39037, 	{'train/ctc_loss': Array(0.13856104, dtype=float32), 'train/wer': 0.04972243092077803, 'validation/ctc_loss': Array(0.44071487, dtype=float32), 'validation/wer': 0.12696834239261612, 'validation/num_examples': 5348, 'test/ctc_loss': Array(0.2376608, dtype=float32), 'test/wer': 0.07629029309609409, 'test/num_examples': 2472, 'score': 33144.23564553261, 'total_duration': 36389.54399847984, 'accumulated_submission_time': 33144.23564553261, 'accumulated_eval_time': 3242.2381801605225, 'accumulated_logging_time': 1.2139358520507812}
I0211 21:12:08.192713 140062317393664 logging_writer.py:48] [39037] accumulated_eval_time=3242.238180, accumulated_logging_time=1.213936, accumulated_submission_time=33144.235646, global_step=39037, preemption_count=0, score=33144.235646, test/ctc_loss=0.23766079545021057, test/num_examples=2472, test/wer=0.076290, total_duration=36389.543998, train/ctc_loss=0.13856104016304016, train/wer=0.049722, validation/ctc_loss=0.44071486592292786, validation/num_examples=5348, validation/wer=0.126968
I0211 21:12:56.105366 140062309000960 logging_writer.py:48] [39100] global_step=39100, grad_norm=2.041167974472046, loss=1.1757214069366455
I0211 21:14:15.920469 140062317393664 logging_writer.py:48] [39200] global_step=39200, grad_norm=1.8815984725952148, loss=1.1725735664367676
I0211 21:15:35.732844 140062309000960 logging_writer.py:48] [39300] global_step=39300, grad_norm=2.9599320888519287, loss=1.1666852235794067
I0211 21:16:56.106543 140062317393664 logging_writer.py:48] [39400] global_step=39400, grad_norm=2.950187921524048, loss=1.174231767654419
I0211 21:18:20.256117 140062309000960 logging_writer.py:48] [39500] global_step=39500, grad_norm=1.69814932346344, loss=1.1254751682281494
I0211 21:19:47.483925 140062317393664 logging_writer.py:48] [39600] global_step=39600, grad_norm=3.786937713623047, loss=1.1572554111480713
I0211 21:21:19.150191 140062309000960 logging_writer.py:48] [39700] global_step=39700, grad_norm=2.2860536575317383, loss=1.1556233167648315
I0211 21:22:48.204266 140062317393664 logging_writer.py:48] [39800] global_step=39800, grad_norm=2.461228370666504, loss=1.1478099822998047
I0211 21:24:19.979806 140062309000960 logging_writer.py:48] [39900] global_step=39900, grad_norm=2.3080978393554688, loss=1.1281797885894775
I0211 21:25:47.531673 140062317393664 logging_writer.py:48] [40000] global_step=40000, grad_norm=3.670862913131714, loss=1.2182507514953613
I0211 21:27:15.408474 140062309000960 logging_writer.py:48] [40100] global_step=40100, grad_norm=2.080333948135376, loss=1.1484782695770264
I0211 21:28:44.413610 140062645073664 logging_writer.py:48] [40200] global_step=40200, grad_norm=2.4746179580688477, loss=1.1378949880599976
I0211 21:30:03.394185 140062636680960 logging_writer.py:48] [40300] global_step=40300, grad_norm=1.8026341199874878, loss=1.1436504125595093
I0211 21:31:21.634291 140062645073664 logging_writer.py:48] [40400] global_step=40400, grad_norm=3.305178642272949, loss=1.0834425687789917
I0211 21:32:44.556884 140062636680960 logging_writer.py:48] [40500] global_step=40500, grad_norm=2.936809778213501, loss=1.1455243825912476
I0211 21:34:09.792205 140062645073664 logging_writer.py:48] [40600] global_step=40600, grad_norm=3.736811399459839, loss=1.1507500410079956
I0211 21:35:40.420209 140062636680960 logging_writer.py:48] [40700] global_step=40700, grad_norm=2.7818281650543213, loss=1.1729909181594849
I0211 21:36:08.401771 140218947737408 spec.py:321] Evaluating on the training split.
I0211 21:37:04.389248 140218947737408 spec.py:333] Evaluating on the validation split.
I0211 21:37:58.099848 140218947737408 spec.py:349] Evaluating on the test split.
I0211 21:38:25.712993 140218947737408 submission_runner.py:408] Time since start: 37967.10s, 	Step: 40732, 	{'train/ctc_loss': Array(0.1460249, dtype=float32), 'train/wer': 0.051847033923154436, 'validation/ctc_loss': Array(0.4341819, dtype=float32), 'validation/wer': 0.1248636280255269, 'validation/num_examples': 5348, 'test/ctc_loss': Array(0.23402792, dtype=float32), 'test/wer': 0.07533564885341133, 'test/num_examples': 2472, 'score': 34584.34844779968, 'total_duration': 37967.1045422554, 'accumulated_submission_time': 34584.34844779968, 'accumulated_eval_time': 3379.5433967113495, 'accumulated_logging_time': 1.2748100757598877}
I0211 21:38:25.757457 140063075153664 logging_writer.py:48] [40732] accumulated_eval_time=3379.543397, accumulated_logging_time=1.274810, accumulated_submission_time=34584.348448, global_step=40732, preemption_count=0, score=34584.348448, test/ctc_loss=0.2340279221534729, test/num_examples=2472, test/wer=0.075336, total_duration=37967.104542, train/ctc_loss=0.1460248976945877, train/wer=0.051847, validation/ctc_loss=0.43418189883232117, validation/num_examples=5348, validation/wer=0.124864
I0211 21:39:17.500476 140063066760960 logging_writer.py:48] [40800] global_step=40800, grad_norm=1.9111979007720947, loss=1.1399500370025635
I0211 21:40:32.791881 140063075153664 logging_writer.py:48] [40900] global_step=40900, grad_norm=4.237691879272461, loss=1.0966110229492188
I0211 21:42:00.016333 140063066760960 logging_writer.py:48] [41000] global_step=41000, grad_norm=1.5761948823928833, loss=1.1211214065551758
I0211 21:43:28.257049 140063075153664 logging_writer.py:48] [41100] global_step=41100, grad_norm=2.1860663890838623, loss=1.0701825618743896
I0211 21:44:59.504612 140062419793664 logging_writer.py:48] [41200] global_step=41200, grad_norm=3.0330333709716797, loss=1.139389991760254
I0211 21:46:17.496663 140062411400960 logging_writer.py:48] [41300] global_step=41300, grad_norm=2.8109731674194336, loss=1.1448601484298706
I0211 21:47:37.462987 140062419793664 logging_writer.py:48] [41400] global_step=41400, grad_norm=2.1803181171417236, loss=1.1889591217041016
I0211 21:49:00.827697 140062411400960 logging_writer.py:48] [41500] global_step=41500, grad_norm=4.281904697418213, loss=1.1898868083953857
I0211 21:50:23.729088 140062419793664 logging_writer.py:48] [41600] global_step=41600, grad_norm=3.093144178390503, loss=1.1591525077819824
I0211 21:51:54.004321 140062411400960 logging_writer.py:48] [41700] global_step=41700, grad_norm=2.96708345413208, loss=1.1020126342773438
I0211 21:53:21.734981 140062419793664 logging_writer.py:48] [41800] global_step=41800, grad_norm=2.494123935699463, loss=1.1396234035491943
I0211 21:54:51.864812 140062411400960 logging_writer.py:48] [41900] global_step=41900, grad_norm=2.9968769550323486, loss=1.156110405921936
I0211 21:56:25.586411 140062419793664 logging_writer.py:48] [42000] global_step=42000, grad_norm=2.4081406593322754, loss=1.1326793432235718
I0211 21:57:57.229915 140062411400960 logging_writer.py:48] [42100] global_step=42100, grad_norm=2.3788602352142334, loss=1.2031075954437256
I0211 21:59:26.111372 140062419793664 logging_writer.py:48] [42200] global_step=42200, grad_norm=5.048399925231934, loss=1.0972816944122314
I0211 22:00:49.863272 140062419793664 logging_writer.py:48] [42300] global_step=42300, grad_norm=4.8155951499938965, loss=1.1112850904464722
I0211 22:02:08.011512 140062411400960 logging_writer.py:48] [42400] global_step=42400, grad_norm=3.9656941890716553, loss=1.0919783115386963
I0211 22:02:26.469836 140218947737408 spec.py:321] Evaluating on the training split.
I0211 22:03:22.240913 140218947737408 spec.py:333] Evaluating on the validation split.
I0211 22:04:14.319824 140218947737408 spec.py:349] Evaluating on the test split.
I0211 22:04:40.752180 140218947737408 submission_runner.py:408] Time since start: 39542.14s, 	Step: 42425, 	{'train/ctc_loss': Array(0.13446575, dtype=float32), 'train/wer': 0.04884225373182173, 'validation/ctc_loss': Array(0.43170702, dtype=float32), 'validation/wer': 0.12386919876034255, 'validation/num_examples': 5348, 'test/ctc_loss': Array(0.23212434, dtype=float32), 'test/wer': 0.07478723620335953, 'test/num_examples': 2472, 'score': 36024.96976852417, 'total_duration': 39542.14425396919, 'accumulated_submission_time': 36024.96976852417, 'accumulated_eval_time': 3513.8202295303345, 'accumulated_logging_time': 1.3349525928497314}
I0211 22:04:40.792798 140062204753664 logging_writer.py:48] [42425] accumulated_eval_time=3513.820230, accumulated_logging_time=1.334953, accumulated_submission_time=36024.969769, global_step=42425, preemption_count=0, score=36024.969769, test/ctc_loss=0.23212434351444244, test/num_examples=2472, test/wer=0.074787, total_duration=39542.144254, train/ctc_loss=0.134465754032135, train/wer=0.048842, validation/ctc_loss=0.4317070245742798, validation/num_examples=5348, validation/wer=0.123869
I0211 22:05:37.657162 140062196360960 logging_writer.py:48] [42500] global_step=42500, grad_norm=2.171616315841675, loss=1.153422474861145
I0211 22:06:52.584708 140062204753664 logging_writer.py:48] [42600] global_step=42600, grad_norm=3.781364679336548, loss=1.1089144945144653
I0211 22:08:13.817025 140062196360960 logging_writer.py:48] [42700] global_step=42700, grad_norm=2.2349534034729004, loss=1.141144871711731
I0211 22:09:44.208501 140062204753664 logging_writer.py:48] [42800] global_step=42800, grad_norm=2.9633865356445312, loss=1.130257487297058
I0211 22:11:12.105014 140062196360960 logging_writer.py:48] [42900] global_step=42900, grad_norm=2.877495765686035, loss=1.1413769721984863
I0211 22:12:42.756923 140062204753664 logging_writer.py:48] [43000] global_step=43000, grad_norm=2.4459481239318848, loss=1.1461397409439087
I0211 22:14:11.045678 140062196360960 logging_writer.py:48] [43100] global_step=43100, grad_norm=3.3685050010681152, loss=1.1303315162658691
I0211 22:15:41.839974 140062204753664 logging_writer.py:48] [43200] global_step=43200, grad_norm=3.5800068378448486, loss=1.1067053079605103
I0211 22:17:11.038155 140062204753664 logging_writer.py:48] [43300] global_step=43300, grad_norm=2.590129852294922, loss=1.151967167854309
I0211 22:18:28.878410 140062196360960 logging_writer.py:48] [43400] global_step=43400, grad_norm=3.600414752960205, loss=1.108455777168274
I0211 22:19:49.281037 140062204753664 logging_writer.py:48] [43500] global_step=43500, grad_norm=3.276047706604004, loss=1.2074471712112427
I0211 22:21:11.731151 140062196360960 logging_writer.py:48] [43600] global_step=43600, grad_norm=2.329977512359619, loss=1.1684013605117798
I0211 22:22:38.401986 140062204753664 logging_writer.py:48] [43700] global_step=43700, grad_norm=2.3858773708343506, loss=1.150415062904358
I0211 22:24:09.517334 140062196360960 logging_writer.py:48] [43800] global_step=43800, grad_norm=2.754209280014038, loss=1.119733214378357
I0211 22:25:42.277871 140062204753664 logging_writer.py:48] [43900] global_step=43900, grad_norm=2.8330111503601074, loss=1.123566746711731
I0211 22:27:17.367614 140062196360960 logging_writer.py:48] [44000] global_step=44000, grad_norm=2.9917151927948, loss=1.1722993850708008
I0211 22:28:41.811046 140218947737408 spec.py:321] Evaluating on the training split.
I0211 22:29:37.469122 140218947737408 spec.py:333] Evaluating on the validation split.
I0211 22:30:31.284380 140218947737408 spec.py:349] Evaluating on the test split.
I0211 22:30:57.594237 140218947737408 submission_runner.py:408] Time since start: 41118.99s, 	Step: 44094, 	{'train/ctc_loss': Array(0.15975782, dtype=float32), 'train/wer': 0.0529069018799897, 'validation/ctc_loss': Array(0.4287825, dtype=float32), 'validation/wer': 0.12279753227067786, 'validation/num_examples': 5348, 'test/ctc_loss': Array(0.23024347, dtype=float32), 'test/wer': 0.07438100461072858, 'test/num_examples': 2472, 'score': 37465.898456811905, 'total_duration': 41118.98565912247, 'accumulated_submission_time': 37465.898456811905, 'accumulated_eval_time': 3649.597271680832, 'accumulated_logging_time': 1.391124963760376}
I0211 22:30:57.635946 140062419793664 logging_writer.py:48] [44094] accumulated_eval_time=3649.597272, accumulated_logging_time=1.391125, accumulated_submission_time=37465.898457, global_step=44094, preemption_count=0, score=37465.898457, test/ctc_loss=0.2302434742450714, test/num_examples=2472, test/wer=0.074381, total_duration=41118.985659, train/ctc_loss=0.1597578227519989, train/wer=0.052907, validation/ctc_loss=0.42878249287605286, validation/num_examples=5348, validation/wer=0.122798
I0211 22:31:03.043699 140062411400960 logging_writer.py:48] [44100] global_step=44100, grad_norm=3.1078290939331055, loss=1.1759792566299438
I0211 22:32:18.073566 140062419793664 logging_writer.py:48] [44200] global_step=44200, grad_norm=2.719956159591675, loss=1.141902208328247
I0211 22:33:36.736857 140062092113664 logging_writer.py:48] [44300] global_step=44300, grad_norm=2.273033618927002, loss=1.1246662139892578
I0211 22:34:54.413015 140062083720960 logging_writer.py:48] [44400] global_step=44400, grad_norm=2.278559684753418, loss=1.106320858001709
I0211 22:36:13.621712 140062092113664 logging_writer.py:48] [44500] global_step=44500, grad_norm=3.9163599014282227, loss=1.111636757850647
I0211 22:37:38.667870 140062083720960 logging_writer.py:48] [44600] global_step=44600, grad_norm=3.120738983154297, loss=1.1144602298736572
I0211 22:39:04.724145 140062092113664 logging_writer.py:48] [44700] global_step=44700, grad_norm=2.714238166809082, loss=1.1346256732940674
I0211 22:40:35.848069 140062083720960 logging_writer.py:48] [44800] global_step=44800, grad_norm=2.141653060913086, loss=1.1320456266403198
I0211 22:42:07.773795 140062092113664 logging_writer.py:48] [44900] global_step=44900, grad_norm=2.82255482673645, loss=1.0912747383117676
I0211 22:43:36.888028 140062083720960 logging_writer.py:48] [45000] global_step=45000, grad_norm=2.744271755218506, loss=1.1488991975784302
I0211 22:45:08.984631 140062092113664 logging_writer.py:48] [45100] global_step=45100, grad_norm=4.522619724273682, loss=1.1169779300689697
I0211 22:46:38.326928 140062083720960 logging_writer.py:48] [45200] global_step=45200, grad_norm=4.730421543121338, loss=1.1143503189086914
I0211 22:48:08.814986 140062092113664 logging_writer.py:48] [45300] global_step=45300, grad_norm=3.368523359298706, loss=1.1301512718200684
I0211 22:49:34.053100 140062092113664 logging_writer.py:48] [45400] global_step=45400, grad_norm=3.3416476249694824, loss=1.1129168272018433
I0211 22:50:54.789259 140062083720960 logging_writer.py:48] [45500] global_step=45500, grad_norm=2.718508005142212, loss=1.1710307598114014
I0211 22:52:19.106287 140062092113664 logging_writer.py:48] [45600] global_step=45600, grad_norm=4.237386703491211, loss=1.139358401298523
I0211 22:53:46.080126 140062083720960 logging_writer.py:48] [45700] global_step=45700, grad_norm=2.415870428085327, loss=1.1353336572647095
I0211 22:54:58.076853 140218947737408 spec.py:321] Evaluating on the training split.
I0211 22:55:54.172234 140218947737408 spec.py:333] Evaluating on the validation split.
I0211 22:56:46.419877 140218947737408 spec.py:349] Evaluating on the test split.
I0211 22:57:13.344496 140218947737408 submission_runner.py:408] Time since start: 42694.74s, 	Step: 45785, 	{'train/ctc_loss': Array(0.14198789, dtype=float32), 'train/wer': 0.05093299406276505, 'validation/ctc_loss': Array(0.42813993, dtype=float32), 'validation/wer': 0.1223051449646157, 'validation/num_examples': 5348, 'test/ctc_loss': Array(0.22979745, dtype=float32), 'test/wer': 0.07413726565515, 'test/num_examples': 2472, 'score': 38906.245678424835, 'total_duration': 42694.73621749878, 'accumulated_submission_time': 38906.245678424835, 'accumulated_eval_time': 3784.859577178955, 'accumulated_logging_time': 1.4510438442230225}
I0211 22:57:13.389178 140062092113664 logging_writer.py:48] [45785] accumulated_eval_time=3784.859577, accumulated_logging_time=1.451044, accumulated_submission_time=38906.245678, global_step=45785, preemption_count=0, score=38906.245678, test/ctc_loss=0.22979745268821716, test/num_examples=2472, test/wer=0.074137, total_duration=42694.736217, train/ctc_loss=0.1419878900051117, train/wer=0.050933, validation/ctc_loss=0.42813992500305176, validation/num_examples=5348, validation/wer=0.122305
I0211 22:57:25.537789 140062083720960 logging_writer.py:48] [45800] global_step=45800, grad_norm=1.8461953401565552, loss=1.0937111377716064
I0211 22:58:40.552150 140062092113664 logging_writer.py:48] [45900] global_step=45900, grad_norm=2.4331412315368652, loss=1.119387149810791
I0211 22:59:58.448017 140062083720960 logging_writer.py:48] [46000] global_step=46000, grad_norm=2.379734992980957, loss=1.1584779024124146
I0211 23:01:26.251545 140062092113664 logging_writer.py:48] [46100] global_step=46100, grad_norm=2.631728172302246, loss=1.1289827823638916
I0211 23:02:56.110925 140062083720960 logging_writer.py:48] [46200] global_step=46200, grad_norm=2.1141269207000732, loss=1.1120637655258179
I0211 23:04:28.218615 140062092113664 logging_writer.py:48] [46300] global_step=46300, grad_norm=4.022430419921875, loss=1.0989607572555542
I0211 23:05:56.336928 140062419793664 logging_writer.py:48] [46400] global_step=46400, grad_norm=2.366818904876709, loss=1.1539318561553955
I0211 23:07:15.156206 140062411400960 logging_writer.py:48] [46500] global_step=46500, grad_norm=2.925726890563965, loss=1.1649293899536133
I0211 23:08:33.653588 140062419793664 logging_writer.py:48] [46600] global_step=46600, grad_norm=1.9326982498168945, loss=1.0988271236419678
I0211 23:09:59.261612 140062411400960 logging_writer.py:48] [46700] global_step=46700, grad_norm=3.0938568115234375, loss=1.135497808456421
I0211 23:11:25.220142 140062419793664 logging_writer.py:48] [46800] global_step=46800, grad_norm=2.1974074840545654, loss=1.0843254327774048
I0211 23:12:54.626392 140062411400960 logging_writer.py:48] [46900] global_step=46900, grad_norm=1.933664083480835, loss=1.159222960472107
I0211 23:14:25.434516 140062419793664 logging_writer.py:48] [47000] global_step=47000, grad_norm=3.8459136486053467, loss=1.1474905014038086
I0211 23:15:55.551983 140062411400960 logging_writer.py:48] [47100] global_step=47100, grad_norm=1.8317204713821411, loss=1.1101919412612915
I0211 23:17:27.294856 140062419793664 logging_writer.py:48] [47200] global_step=47200, grad_norm=3.5093348026275635, loss=1.1300517320632935
I0211 23:18:56.102212 140062411400960 logging_writer.py:48] [47300] global_step=47300, grad_norm=2.339556932449341, loss=1.1364892721176147
I0211 23:20:28.635044 140062092113664 logging_writer.py:48] [47400] global_step=47400, grad_norm=3.4949326515197754, loss=1.1349745988845825
I0211 23:21:13.830492 140218947737408 spec.py:321] Evaluating on the training split.
I0211 23:22:09.857507 140218947737408 spec.py:333] Evaluating on the validation split.
I0211 23:23:01.961278 140218947737408 spec.py:349] Evaluating on the test split.
I0211 23:23:29.471750 140218947737408 submission_runner.py:408] Time since start: 44270.86s, 	Step: 47459, 	{'train/ctc_loss': Array(0.1208012, dtype=float32), 'train/wer': 0.04385094853777968, 'validation/ctc_loss': Array(0.4275235, dtype=float32), 'validation/wer': 0.12211205190341486, 'validation/num_examples': 5348, 'test/ctc_loss': Array(0.22964966, dtype=float32), 'test/wer': 0.07391383827920298, 'test/num_examples': 2472, 'score': 40346.5943479538, 'total_duration': 44270.86405515671, 'accumulated_submission_time': 40346.5943479538, 'accumulated_eval_time': 3920.4955565929413, 'accumulated_logging_time': 1.513451337814331}
I0211 23:23:29.513094 140063075153664 logging_writer.py:48] [47459] accumulated_eval_time=3920.495557, accumulated_logging_time=1.513451, accumulated_submission_time=40346.594348, global_step=47459, preemption_count=0, score=40346.594348, test/ctc_loss=0.22964966297149658, test/num_examples=2472, test/wer=0.073914, total_duration=44270.864055, train/ctc_loss=0.12080120295286179, train/wer=0.043851, validation/ctc_loss=0.42752349376678467, validation/num_examples=5348, validation/wer=0.122112
I0211 23:24:01.410614 140063066760960 logging_writer.py:48] [47500] global_step=47500, grad_norm=2.5071451663970947, loss=1.1223721504211426
I0211 23:25:16.339481 140063075153664 logging_writer.py:48] [47600] global_step=47600, grad_norm=2.3632638454437256, loss=1.1283282041549683
I0211 23:26:31.784028 140063066760960 logging_writer.py:48] [47700] global_step=47700, grad_norm=3.215019464492798, loss=1.1287946701049805
I0211 23:27:48.151174 140063075153664 logging_writer.py:48] [47800] global_step=47800, grad_norm=2.472579002380371, loss=1.1213895082473755
I0211 23:29:19.117182 140063066760960 logging_writer.py:48] [47900] global_step=47900, grad_norm=3.441574811935425, loss=1.096247673034668
I0211 23:30:45.741944 140218947737408 spec.py:321] Evaluating on the training split.
I0211 23:31:41.393815 140218947737408 spec.py:333] Evaluating on the validation split.
I0211 23:32:35.987652 140218947737408 spec.py:349] Evaluating on the test split.
I0211 23:33:02.923634 140218947737408 submission_runner.py:408] Time since start: 44844.32s, 	Step: 48000, 	{'train/ctc_loss': Array(0.12780735, dtype=float32), 'train/wer': 0.0460682191722342, 'validation/ctc_loss': Array(0.42751795, dtype=float32), 'validation/wer': 0.12202516002587448, 'validation/num_examples': 5348, 'test/ctc_loss': Array(0.22965063, dtype=float32), 'test/wer': 0.07399508459772916, 'test/num_examples': 2472, 'score': 40782.78246617317, 'total_duration': 44844.3178961277, 'accumulated_submission_time': 40782.78246617317, 'accumulated_eval_time': 4057.6739218235016, 'accumulated_logging_time': 1.570603847503662}
I0211 23:33:02.962626 140063075153664 logging_writer.py:48] [48000] accumulated_eval_time=4057.673922, accumulated_logging_time=1.570604, accumulated_submission_time=40782.782466, global_step=48000, preemption_count=0, score=40782.782466, test/ctc_loss=0.22965063154697418, test/num_examples=2472, test/wer=0.073995, total_duration=44844.317896, train/ctc_loss=0.1278073489665985, train/wer=0.046068, validation/ctc_loss=0.42751795053482056, validation/num_examples=5348, validation/wer=0.122025
I0211 23:33:02.985494 140063066760960 logging_writer.py:48] [48000] global_step=48000, preemption_count=0, score=40782.782466
I0211 23:33:03.214101 140218947737408 checkpoints.py:490] Saving checkpoint at step: 48000
I0211 23:33:04.240912 140218947737408 checkpoints.py:422] Saved checkpoint at /experiment_runs/prize_qualification/study_0/librispeech_deepspeech_jax/trial_2/checkpoint_48000
I0211 23:33:04.259889 140218947737408 checkpoint_utils.py:240] Saved checkpoint to /experiment_runs/prize_qualification/study_0/librispeech_deepspeech_jax/trial_2/checkpoint_48000.
I0211 23:33:05.599826 140218947737408 submission_runner.py:583] Tuning trial 2/5
I0211 23:33:05.600071 140218947737408 submission_runner.py:584] Hyperparameters: Hyperparameters(dropout_rate=0.0, label_smoothing=0.2, learning_rate=0.0008445074561975979, one_minus_beta1=0.11042418465, beta2=0.9978504782314613, weight_decay=0.08135402759553023, warmup_factor=0.05)
