I0212 11:58:55.882152 140218947737408 checkpoints.py:915] Found no checkpoint files in /experiment_runs/prize_qualification/study_0/librispeech_deepspeech_jax/trial_4 with prefix checkpoint_
I0212 11:58:55.882279 140218947737408 submission_runner.py:300] Saving meta data to /experiment_runs/prize_qualification/study_0/librispeech_deepspeech_jax/trial_4/meta_data_0.json.
I0212 11:58:55.882639 140218947737408 logger_utils.py:257] Unable to record workload.train_mean information. Continuing without it.
I0212 11:58:55.882749 140218947737408 logger_utils.py:257] Unable to record workload.train_stddev information. Continuing without it.
fatal: detected dubious ownership in repository at '/algorithmic-efficiency'
To add an exception for this directory, call:

	git config --global --add safe.directory /algorithmic-efficiency
I0212 11:58:56.420675 140218947737408 logger_utils.py:220] Unable to record git information. Continuing without it.
I0212 11:58:56.899914 140218947737408 submission_runner.py:304] Saving flags to /experiment_runs/prize_qualification/study_0/librispeech_deepspeech_jax/trial_4/flags_0.json.
I0212 11:58:56.920421 140218947737408 submission_runner.py:314] Starting training loop.
I0212 11:58:56.923979 140218947737408 input_pipeline.py:20] Loading split = train-clean-100
I0212 11:58:57.451826 140218947737408 input_pipeline.py:20] Loading split = train-clean-360
I0212 11:58:57.587893 140218947737408 input_pipeline.py:20] Loading split = train-other-500
/usr/local/lib/python3.8/dist-packages/jax/_src/interpreters/mlir.py:582: UserWarning: Some donated buffers were not usable: ShapedArray(float32[512]), ShapedArray(float32[512]), ShapedArray(float32[512]), ShapedArray(float32[512]), ShapedArray(float32[512]), ShapedArray(float32[512]), ShapedArray(float32[512]), ShapedArray(float32[512]), ShapedArray(float32[512]), ShapedArray(float32[512]), ShapedArray(float32[512]), ShapedArray(float32[512]), ShapedArray(float32[512]), ShapedArray(float32[512]), ShapedArray(float32[512]), ShapedArray(float32[512]), ShapedArray(float32[512]), ShapedArray(float32[512]).
See an explanation at https://jax.readthedocs.io/en/latest/faq.html#buffer-donation.
  warnings.warn(f"Some donated buffers were not usable: {', '.join(unused_donations)}.\n{msg}")
I0212 11:59:12.707721 140062382368512 logging_writer.py:48] [0] global_step=0, grad_norm=21.40202522277832, loss=33.18222427368164
I0212 11:59:12.722286 140218947737408 spec.py:321] Evaluating on the training split.
I0212 12:00:28.030236 140218947737408 spec.py:333] Evaluating on the validation split.
I0212 12:01:23.433338 140218947737408 spec.py:349] Evaluating on the test split.
I0212 12:01:52.846130 140218947737408 submission_runner.py:408] Time since start: 175.92s, 	Step: 1, 	{'train/ctc_loss': Array(28.983004, dtype=float32), 'train/wer': 2.33386175402295, 'validation/ctc_loss': Array(28.14912, dtype=float32), 'validation/wer': 2.185417612018112, 'validation/num_examples': 5348, 'test/ctc_loss': Array(28.256042, dtype=float32), 'test/wer': 2.3442000284362114, 'test/num_examples': 2472, 'score': 15.801752090454102, 'total_duration': 175.9230306148529, 'accumulated_submission_time': 15.801752090454102, 'accumulated_eval_time': 160.12119221687317, 'accumulated_logging_time': 0}
I0212 12:01:52.864181 140062491473664 logging_writer.py:48] [1] accumulated_eval_time=160.121192, accumulated_logging_time=0, accumulated_submission_time=15.801752, global_step=1, preemption_count=0, score=15.801752, test/ctc_loss=28.25604248046875, test/num_examples=2472, test/wer=2.344200, total_duration=175.923031, train/ctc_loss=28.983003616333008, train/wer=2.333862, validation/ctc_loss=28.149120330810547, validation/num_examples=5348, validation/wer=2.185418
I0212 12:03:18.440241 140062348797696 logging_writer.py:48] [100] global_step=100, grad_norm=2.6790850162506104, loss=5.772139072418213
I0212 12:04:34.461263 140062357190400 logging_writer.py:48] [200] global_step=200, grad_norm=2.7632884979248047, loss=4.759521961212158
I0212 12:05:49.862025 140062348797696 logging_writer.py:48] [300] global_step=300, grad_norm=2.3266255855560303, loss=3.6058547496795654
I0212 12:07:06.474971 140062357190400 logging_writer.py:48] [400] global_step=400, grad_norm=2.1590006351470947, loss=3.2106542587280273
I0212 12:08:34.771002 140062348797696 logging_writer.py:48] [500] global_step=500, grad_norm=2.180483102798462, loss=3.0468225479125977
I0212 12:10:02.571083 140062357190400 logging_writer.py:48] [600] global_step=600, grad_norm=2.3486359119415283, loss=2.821340322494507
I0212 12:11:32.410181 140062348797696 logging_writer.py:48] [700] global_step=700, grad_norm=2.122840166091919, loss=2.6121034622192383
I0212 12:13:01.057017 140062357190400 logging_writer.py:48] [800] global_step=800, grad_norm=2.4508519172668457, loss=2.5945804119110107
I0212 12:14:32.400150 140062348797696 logging_writer.py:48] [900] global_step=900, grad_norm=3.2810428142547607, loss=2.5915443897247314
I0212 12:16:04.946733 140062357190400 logging_writer.py:48] [1000] global_step=1000, grad_norm=3.0836682319641113, loss=2.5805156230926514
I0212 12:17:30.149654 140062491473664 logging_writer.py:48] [1100] global_step=1100, grad_norm=2.1638102531433105, loss=2.372736930847168
I0212 12:18:47.494430 140062483080960 logging_writer.py:48] [1200] global_step=1200, grad_norm=2.3843753337860107, loss=2.3358304500579834
I0212 12:20:10.193728 140062491473664 logging_writer.py:48] [1300] global_step=1300, grad_norm=3.778975486755371, loss=2.3662304878234863
I0212 12:21:35.647275 140062483080960 logging_writer.py:48] [1400] global_step=1400, grad_norm=2.680866003036499, loss=2.3000335693359375
I0212 12:23:05.083587 140062491473664 logging_writer.py:48] [1500] global_step=1500, grad_norm=2.1726651191711426, loss=2.239424228668213
I0212 12:24:34.716309 140062483080960 logging_writer.py:48] [1600] global_step=1600, grad_norm=3.257554531097412, loss=2.279357433319092
I0212 12:25:53.194530 140218947737408 spec.py:321] Evaluating on the training split.
I0212 12:26:44.858088 140218947737408 spec.py:333] Evaluating on the validation split.
I0212 12:27:36.820700 140218947737408 spec.py:349] Evaluating on the test split.
I0212 12:28:04.079339 140218947737408 submission_runner.py:408] Time since start: 1747.15s, 	Step: 1688, 	{'train/ctc_loss': Array(1.6165359, dtype=float32), 'train/wer': 0.4345034367663282, 'validation/ctc_loss': Array(1.767953, dtype=float32), 'validation/wer': 0.4371240719464746, 'validation/num_examples': 5348, 'test/ctc_loss': Array(1.3364433, dtype=float32), 'test/wer': 0.37432210102979707, 'test/num_examples': 2472, 'score': 1456.0460293293, 'total_duration': 1747.1521837711334, 'accumulated_submission_time': 1456.0460293293, 'accumulated_eval_time': 290.99935603141785, 'accumulated_logging_time': 0.02970576286315918}
I0212 12:28:04.113879 140062860113664 logging_writer.py:48] [1688] accumulated_eval_time=290.999356, accumulated_logging_time=0.029706, accumulated_submission_time=1456.046029, global_step=1688, preemption_count=0, score=1456.046029, test/ctc_loss=1.336443305015564, test/num_examples=2472, test/wer=0.374322, total_duration=1747.152184, train/ctc_loss=1.6165359020233154, train/wer=0.434503, validation/ctc_loss=1.7679530382156372, validation/num_examples=5348, validation/wer=0.437124
I0212 12:28:13.932006 140062851720960 logging_writer.py:48] [1700] global_step=1700, grad_norm=2.4285354614257812, loss=2.215106964111328
I0212 12:29:29.073544 140062860113664 logging_writer.py:48] [1800] global_step=1800, grad_norm=3.03835391998291, loss=2.184033155441284
I0212 12:30:48.026294 140062851720960 logging_writer.py:48] [1900] global_step=1900, grad_norm=3.056318998336792, loss=2.1802570819854736
I0212 12:32:16.177799 140062860113664 logging_writer.py:48] [2000] global_step=2000, grad_norm=5.786306381225586, loss=2.1576147079467773
I0212 12:33:43.667276 140062860113664 logging_writer.py:48] [2100] global_step=2100, grad_norm=3.2626357078552246, loss=2.1446781158447266
I0212 12:35:00.747150 140062851720960 logging_writer.py:48] [2200] global_step=2200, grad_norm=5.669500827789307, loss=2.095284938812256
I0212 12:36:20.020081 140062860113664 logging_writer.py:48] [2300] global_step=2300, grad_norm=4.141225814819336, loss=2.1571526527404785
I0212 12:37:46.138979 140062851720960 logging_writer.py:48] [2400] global_step=2400, grad_norm=2.0999765396118164, loss=2.114281177520752
I0212 12:39:11.115615 140062860113664 logging_writer.py:48] [2500] global_step=2500, grad_norm=3.6034653186798096, loss=2.1122825145721436
I0212 12:40:39.330572 140062851720960 logging_writer.py:48] [2600] global_step=2600, grad_norm=4.110374450683594, loss=2.0720584392547607
I0212 12:42:09.330092 140062860113664 logging_writer.py:48] [2700] global_step=2700, grad_norm=3.4062600135803223, loss=2.050753116607666
I0212 12:43:39.018560 140062851720960 logging_writer.py:48] [2800] global_step=2800, grad_norm=3.6083953380584717, loss=2.073024272918701
I0212 12:45:05.868645 140062860113664 logging_writer.py:48] [2900] global_step=2900, grad_norm=2.797830104827881, loss=2.0460290908813477
I0212 12:46:37.570810 140062851720960 logging_writer.py:48] [3000] global_step=3000, grad_norm=1.8778178691864014, loss=2.0617384910583496
I0212 12:48:11.123215 140062860113664 logging_writer.py:48] [3100] global_step=3100, grad_norm=3.441262722015381, loss=2.013286828994751
I0212 12:49:29.097514 140062851720960 logging_writer.py:48] [3200] global_step=3200, grad_norm=3.44944167137146, loss=2.044227361679077
I0212 12:50:50.003192 140062860113664 logging_writer.py:48] [3300] global_step=3300, grad_norm=3.3756604194641113, loss=2.093614339828491
I0212 12:52:04.205880 140218947737408 spec.py:321] Evaluating on the training split.
I0212 12:52:57.728307 140218947737408 spec.py:333] Evaluating on the validation split.
I0212 12:53:50.401273 140218947737408 spec.py:349] Evaluating on the test split.
I0212 12:54:18.513827 140218947737408 submission_runner.py:408] Time since start: 3321.59s, 	Step: 3393, 	{'train/ctc_loss': Array(0.9240469, dtype=float32), 'train/wer': 0.2783773278611686, 'validation/ctc_loss': Array(1.0730573, dtype=float32), 'validation/wer': 0.29669714318815954, 'validation/num_examples': 5348, 'test/ctc_loss': Array(0.71331537, dtype=float32), 'test/wer': 0.22472731704344648, 'test/num_examples': 2472, 'score': 2896.040989637375, 'total_duration': 3321.5905945301056, 'accumulated_submission_time': 2896.040989637375, 'accumulated_eval_time': 425.304594039917, 'accumulated_logging_time': 0.08489155769348145}
I0212 12:54:18.550322 140062568273664 logging_writer.py:48] [3393] accumulated_eval_time=425.304594, accumulated_logging_time=0.084892, accumulated_submission_time=2896.040990, global_step=3393, preemption_count=0, score=2896.040990, test/ctc_loss=0.7133153676986694, test/num_examples=2472, test/wer=0.224727, total_duration=3321.590595, train/ctc_loss=0.9240468740463257, train/wer=0.278377, validation/ctc_loss=1.0730572938919067, validation/num_examples=5348, validation/wer=0.296697
I0212 12:54:24.695046 140062559880960 logging_writer.py:48] [3400] global_step=3400, grad_norm=2.483943223953247, loss=2.0671133995056152
I0212 12:55:39.880302 140062568273664 logging_writer.py:48] [3500] global_step=3500, grad_norm=2.7382452487945557, loss=2.024446964263916
I0212 12:56:54.949051 140062559880960 logging_writer.py:48] [3600] global_step=3600, grad_norm=4.122016906738281, loss=2.035463333129883
I0212 12:58:25.782397 140062568273664 logging_writer.py:48] [3700] global_step=3700, grad_norm=2.8532073497772217, loss=2.0609683990478516
I0212 12:59:56.918260 140062559880960 logging_writer.py:48] [3800] global_step=3800, grad_norm=4.297232627868652, loss=1.9819506406784058
I0212 13:01:26.609808 140062568273664 logging_writer.py:48] [3900] global_step=3900, grad_norm=4.376824378967285, loss=1.9752278327941895
I0212 13:02:55.857998 140062559880960 logging_writer.py:48] [4000] global_step=4000, grad_norm=3.632413625717163, loss=2.0129268169403076
I0212 13:04:22.742066 140062568273664 logging_writer.py:48] [4100] global_step=4100, grad_norm=2.7815678119659424, loss=1.9922221899032593
I0212 13:05:46.278993 140062568273664 logging_writer.py:48] [4200] global_step=4200, grad_norm=5.22413444519043, loss=1.9282914400100708
I0212 13:07:06.311882 140062559880960 logging_writer.py:48] [4300] global_step=4300, grad_norm=2.375809669494629, loss=1.9902560710906982
I0212 13:08:26.463287 140062568273664 logging_writer.py:48] [4400] global_step=4400, grad_norm=2.2320103645324707, loss=1.9671951532363892
I0212 13:09:51.799009 140062559880960 logging_writer.py:48] [4500] global_step=4500, grad_norm=3.057142972946167, loss=2.0341947078704834
I0212 13:11:20.430269 140062568273664 logging_writer.py:48] [4600] global_step=4600, grad_norm=2.797654151916504, loss=2.0119948387145996
I0212 13:12:53.066103 140062559880960 logging_writer.py:48] [4700] global_step=4700, grad_norm=7.244880199432373, loss=2.005096197128296
I0212 13:14:21.841903 140062568273664 logging_writer.py:48] [4800] global_step=4800, grad_norm=3.255034923553467, loss=1.9337037801742554
I0212 13:15:53.031498 140062559880960 logging_writer.py:48] [4900] global_step=4900, grad_norm=3.2504687309265137, loss=1.8924411535263062
I0212 13:17:27.469644 140062568273664 logging_writer.py:48] [5000] global_step=5000, grad_norm=2.7521684169769287, loss=2.0069475173950195
I0212 13:18:18.965909 140218947737408 spec.py:321] Evaluating on the training split.
I0212 13:19:13.412187 140218947737408 spec.py:333] Evaluating on the validation split.
I0212 13:20:06.162152 140218947737408 spec.py:349] Evaluating on the test split.
I0212 13:20:32.840676 140218947737408 submission_runner.py:408] Time since start: 4895.91s, 	Step: 5060, 	{'train/ctc_loss': Array(0.891339, dtype=float32), 'train/wer': 0.26996244674341974, 'validation/ctc_loss': Array(0.94086546, dtype=float32), 'validation/wer': 0.2633403168657134, 'validation/num_examples': 5348, 'test/ctc_loss': Array(0.6102613, dtype=float32), 'test/wer': 0.19052261694391973, 'test/num_examples': 2472, 'score': 4336.36754155159, 'total_duration': 4895.912990808487, 'accumulated_submission_time': 4336.36754155159, 'accumulated_eval_time': 559.1721725463867, 'accumulated_logging_time': 0.1350078582763672}
I0212 13:20:32.879957 140063075153664 logging_writer.py:48] [5060] accumulated_eval_time=559.172173, accumulated_logging_time=0.135008, accumulated_submission_time=4336.367542, global_step=5060, preemption_count=0, score=4336.367542, test/ctc_loss=0.6102613210678101, test/num_examples=2472, test/wer=0.190523, total_duration=4895.912991, train/ctc_loss=0.8913390040397644, train/wer=0.269962, validation/ctc_loss=0.9408654570579529, validation/num_examples=5348, validation/wer=0.263340
I0212 13:21:03.721609 140063066760960 logging_writer.py:48] [5100] global_step=5100, grad_norm=3.226483106613159, loss=2.087047815322876
I0212 13:22:24.419324 140063075153664 logging_writer.py:48] [5200] global_step=5200, grad_norm=2.9891715049743652, loss=1.9791204929351807
I0212 13:23:42.830600 140063066760960 logging_writer.py:48] [5300] global_step=5300, grad_norm=1.9661471843719482, loss=1.933200478553772
I0212 13:25:03.005048 140063075153664 logging_writer.py:48] [5400] global_step=5400, grad_norm=4.728000640869141, loss=1.9262583255767822
I0212 13:26:26.798687 140063066760960 logging_writer.py:48] [5500] global_step=5500, grad_norm=4.087809085845947, loss=1.9495469331741333
I0212 13:27:55.576146 140063075153664 logging_writer.py:48] [5600] global_step=5600, grad_norm=2.793912887573242, loss=1.9593377113342285
I0212 13:29:24.277193 140063066760960 logging_writer.py:48] [5700] global_step=5700, grad_norm=2.518941640853882, loss=1.9835649728775024
I0212 13:30:56.081334 140063075153664 logging_writer.py:48] [5800] global_step=5800, grad_norm=2.6883296966552734, loss=1.9103695154190063
I0212 13:32:26.537362 140063066760960 logging_writer.py:48] [5900] global_step=5900, grad_norm=2.7731575965881348, loss=1.9524264335632324
I0212 13:33:56.530245 140063075153664 logging_writer.py:48] [6000] global_step=6000, grad_norm=3.896665096282959, loss=1.9514834880828857
I0212 13:35:25.132081 140063066760960 logging_writer.py:48] [6100] global_step=6100, grad_norm=2.0712268352508545, loss=1.9826469421386719
I0212 13:36:55.958625 140062532433664 logging_writer.py:48] [6200] global_step=6200, grad_norm=3.5499930381774902, loss=1.9048714637756348
I0212 13:38:12.321277 140062524040960 logging_writer.py:48] [6300] global_step=6300, grad_norm=2.941758871078491, loss=1.8999378681182861
I0212 13:39:33.488410 140062532433664 logging_writer.py:48] [6400] global_step=6400, grad_norm=2.86666202545166, loss=1.9200985431671143
I0212 13:40:56.496163 140062524040960 logging_writer.py:48] [6500] global_step=6500, grad_norm=6.466559886932373, loss=2.0359861850738525
I0212 13:42:21.633788 140062532433664 logging_writer.py:48] [6600] global_step=6600, grad_norm=3.5624003410339355, loss=1.9022434949874878
I0212 13:43:51.693401 140062524040960 logging_writer.py:48] [6700] global_step=6700, grad_norm=4.918457508087158, loss=1.9310429096221924
I0212 13:44:33.414923 140218947737408 spec.py:321] Evaluating on the training split.
I0212 13:45:27.756675 140218947737408 spec.py:333] Evaluating on the validation split.
I0212 13:46:22.240051 140218947737408 spec.py:349] Evaluating on the test split.
I0212 13:46:50.278202 140218947737408 submission_runner.py:408] Time since start: 6473.35s, 	Step: 6747, 	{'train/ctc_loss': Array(0.77726054, dtype=float32), 'train/wer': 0.23642880380520748, 'validation/ctc_loss': Array(0.8973155, dtype=float32), 'validation/wer': 0.24943761645925253, 'validation/num_examples': 5348, 'test/ctc_loss': Array(0.57886106, dtype=float32), 'test/wer': 0.18176832612272256, 'test/num_examples': 2472, 'score': 5776.8087022304535, 'total_duration': 6473.349189996719, 'accumulated_submission_time': 5776.8087022304535, 'accumulated_eval_time': 696.0269293785095, 'accumulated_logging_time': 0.1918809413909912}
I0212 13:46:50.316492 140062532433664 logging_writer.py:48] [6747] accumulated_eval_time=696.026929, accumulated_logging_time=0.191881, accumulated_submission_time=5776.808702, global_step=6747, preemption_count=0, score=5776.808702, test/ctc_loss=0.5788610577583313, test/num_examples=2472, test/wer=0.181768, total_duration=6473.349190, train/ctc_loss=0.7772605419158936, train/wer=0.236429, validation/ctc_loss=0.897315502166748, validation/num_examples=5348, validation/wer=0.249438
I0212 13:47:30.888008 140062524040960 logging_writer.py:48] [6800] global_step=6800, grad_norm=2.717616319656372, loss=1.9436808824539185
I0212 13:48:46.476031 140062532433664 logging_writer.py:48] [6900] global_step=6900, grad_norm=5.144005298614502, loss=1.9615952968597412
I0212 13:50:08.385574 140062524040960 logging_writer.py:48] [7000] global_step=7000, grad_norm=3.9231066703796387, loss=1.8999319076538086
I0212 13:51:39.109961 140062532433664 logging_writer.py:48] [7100] global_step=7100, grad_norm=2.6946511268615723, loss=1.809941291809082
I0212 13:53:09.684464 140062524040960 logging_writer.py:48] [7200] global_step=7200, grad_norm=2.1283676624298096, loss=1.959496259689331
I0212 13:54:32.628044 140062532433664 logging_writer.py:48] [7300] global_step=7300, grad_norm=2.7589526176452637, loss=1.802437663078308
I0212 13:55:49.148948 140062524040960 logging_writer.py:48] [7400] global_step=7400, grad_norm=3.3087644577026367, loss=1.9079921245574951
I0212 13:57:08.073343 140062532433664 logging_writer.py:48] [7500] global_step=7500, grad_norm=1.8875259160995483, loss=1.8183579444885254
I0212 13:58:31.968487 140062524040960 logging_writer.py:48] [7600] global_step=7600, grad_norm=3.430999994277954, loss=1.914157509803772
I0212 14:00:02.420425 140062532433664 logging_writer.py:48] [7700] global_step=7700, grad_norm=3.089833974838257, loss=1.9173094034194946
I0212 14:01:32.898992 140062524040960 logging_writer.py:48] [7800] global_step=7800, grad_norm=2.7078211307525635, loss=1.923012375831604
I0212 14:03:02.098443 140062532433664 logging_writer.py:48] [7900] global_step=7900, grad_norm=3.581008195877075, loss=1.829885482788086
I0212 14:04:34.211075 140062524040960 logging_writer.py:48] [8000] global_step=8000, grad_norm=2.697707176208496, loss=1.7644106149673462
I0212 14:06:03.186312 140062532433664 logging_writer.py:48] [8100] global_step=8100, grad_norm=2.499476909637451, loss=1.9230084419250488
I0212 14:07:32.852248 140062524040960 logging_writer.py:48] [8200] global_step=8200, grad_norm=2.9069833755493164, loss=1.9074573516845703
I0212 14:08:57.476796 140062532433664 logging_writer.py:48] [8300] global_step=8300, grad_norm=1.627471685409546, loss=1.844000220298767
I0212 14:10:15.219036 140062524040960 logging_writer.py:48] [8400] global_step=8400, grad_norm=3.483013868331909, loss=2.214313268661499
I0212 14:10:50.715680 140218947737408 spec.py:321] Evaluating on the training split.
I0212 14:11:45.584806 140218947737408 spec.py:333] Evaluating on the validation split.
I0212 14:12:38.531100 140218947737408 spec.py:349] Evaluating on the test split.
I0212 14:13:05.852470 140218947737408 submission_runner.py:408] Time since start: 8048.93s, 	Step: 8445, 	{'train/ctc_loss': Array(0.8788927, dtype=float32), 'train/wer': 0.2620743476444855, 'validation/ctc_loss': Array(0.9430648, dtype=float32), 'validation/wer': 0.2627127644168107, 'validation/num_examples': 5348, 'test/ctc_loss': Array(0.59052604, dtype=float32), 'test/wer': 0.1910100948550769, 'test/num_examples': 2472, 'score': 7217.110549926758, 'total_duration': 8048.926936626434, 'accumulated_submission_time': 7217.110549926758, 'accumulated_eval_time': 831.1587114334106, 'accumulated_logging_time': 0.25078248977661133}
I0212 14:13:05.888317 140062532433664 logging_writer.py:48] [8445] accumulated_eval_time=831.158711, accumulated_logging_time=0.250782, accumulated_submission_time=7217.110550, global_step=8445, preemption_count=0, score=7217.110550, test/ctc_loss=0.5905260443687439, test/num_examples=2472, test/wer=0.191010, total_duration=8048.926937, train/ctc_loss=0.878892719745636, train/wer=0.262074, validation/ctc_loss=0.94306480884552, validation/num_examples=5348, validation/wer=0.262713
I0212 14:13:47.933218 140062524040960 logging_writer.py:48] [8500] global_step=8500, grad_norm=1.9773184061050415, loss=1.85650634765625
I0212 14:15:03.327759 140062532433664 logging_writer.py:48] [8600] global_step=8600, grad_norm=2.8339154720306396, loss=1.8514671325683594
I0212 14:16:20.180721 140062524040960 logging_writer.py:48] [8700] global_step=8700, grad_norm=2.168994426727295, loss=1.8494700193405151
I0212 14:17:50.476541 140062532433664 logging_writer.py:48] [8800] global_step=8800, grad_norm=3.7861597537994385, loss=1.9215717315673828
I0212 14:19:21.944051 140062524040960 logging_writer.py:48] [8900] global_step=8900, grad_norm=1.8640302419662476, loss=1.7972557544708252
I0212 14:20:50.735941 140062532433664 logging_writer.py:48] [9000] global_step=9000, grad_norm=2.317404270172119, loss=1.8224235773086548
I0212 14:22:21.474602 140062524040960 logging_writer.py:48] [9100] global_step=9100, grad_norm=2.000896453857422, loss=1.8580442667007446
I0212 14:23:50.988988 140062532433664 logging_writer.py:48] [9200] global_step=9200, grad_norm=2.6861746311187744, loss=1.786644697189331
I0212 14:25:20.659201 140062532433664 logging_writer.py:48] [9300] global_step=9300, grad_norm=3.3915202617645264, loss=1.783522367477417
I0212 14:26:38.106661 140062524040960 logging_writer.py:48] [9400] global_step=9400, grad_norm=3.6509902477264404, loss=1.791294813156128
I0212 14:27:56.288326 140062532433664 logging_writer.py:48] [9500] global_step=9500, grad_norm=2.4303596019744873, loss=1.906684160232544
I0212 14:29:19.080139 140062524040960 logging_writer.py:48] [9600] global_step=9600, grad_norm=2.9804890155792236, loss=1.7466239929199219
I0212 14:30:46.374299 140062532433664 logging_writer.py:48] [9700] global_step=9700, grad_norm=2.3174376487731934, loss=1.8691227436065674
I0212 14:32:16.886246 140062524040960 logging_writer.py:48] [9800] global_step=9800, grad_norm=3.051123857498169, loss=1.8000434637069702
I0212 14:33:47.530231 140062532433664 logging_writer.py:48] [9900] global_step=9900, grad_norm=3.831766128540039, loss=1.8144952058792114
I0212 14:35:20.463533 140062524040960 logging_writer.py:48] [10000] global_step=10000, grad_norm=3.5085501670837402, loss=1.8967697620391846
I0212 14:36:49.904397 140062532433664 logging_writer.py:48] [10100] global_step=10100, grad_norm=2.228172540664673, loss=1.8144651651382446
I0212 14:37:06.149431 140218947737408 spec.py:321] Evaluating on the training split.
I0212 14:38:01.413260 140218947737408 spec.py:333] Evaluating on the validation split.
I0212 14:38:54.137329 140218947737408 spec.py:349] Evaluating on the test split.
I0212 14:39:21.174432 140218947737408 submission_runner.py:408] Time since start: 9624.25s, 	Step: 10120, 	{'train/ctc_loss': Array(0.711383, dtype=float32), 'train/wer': 0.21622274832054403, 'validation/ctc_loss': Array(0.83408403, dtype=float32), 'validation/wer': 0.2332853818898018, 'validation/num_examples': 5348, 'test/ctc_loss': Array(0.52912104, dtype=float32), 'test/wer': 0.16547843925822112, 'test/num_examples': 2472, 'score': 8657.196389913559, 'total_duration': 9624.246983766556, 'accumulated_submission_time': 8657.196389913559, 'accumulated_eval_time': 966.1767551898956, 'accumulated_logging_time': 0.3870253562927246}
I0212 14:39:21.211296 140062532433664 logging_writer.py:48] [10120] accumulated_eval_time=966.176755, accumulated_logging_time=0.387025, accumulated_submission_time=8657.196390, global_step=10120, preemption_count=0, score=8657.196390, test/ctc_loss=0.5291210412979126, test/num_examples=2472, test/wer=0.165478, total_duration=9624.246984, train/ctc_loss=0.7113829851150513, train/wer=0.216223, validation/ctc_loss=0.8340840339660645, validation/num_examples=5348, validation/wer=0.233285
I0212 14:40:22.149232 140062524040960 logging_writer.py:48] [10200] global_step=10200, grad_norm=2.725741147994995, loss=1.857109785079956
I0212 14:41:40.504003 140063075153664 logging_writer.py:48] [10300] global_step=10300, grad_norm=2.6226394176483154, loss=1.8040175437927246
I0212 14:42:58.383355 140063066760960 logging_writer.py:48] [10400] global_step=10400, grad_norm=2.8272833824157715, loss=1.809807300567627
I0212 14:44:19.042758 140063075153664 logging_writer.py:48] [10500] global_step=10500, grad_norm=5.191779136657715, loss=1.8444441556930542
I0212 14:45:42.483686 140063066760960 logging_writer.py:48] [10600] global_step=10600, grad_norm=3.606715679168701, loss=1.859323263168335
I0212 14:47:08.383865 140063075153664 logging_writer.py:48] [10700] global_step=10700, grad_norm=2.533125638961792, loss=1.861956000328064
I0212 14:48:37.144589 140063066760960 logging_writer.py:48] [10800] global_step=10800, grad_norm=3.0315120220184326, loss=1.8340915441513062
I0212 14:50:07.358838 140063075153664 logging_writer.py:48] [10900] global_step=10900, grad_norm=14.249970436096191, loss=2.2990036010742188
I0212 14:51:37.787906 140063066760960 logging_writer.py:48] [11000] global_step=11000, grad_norm=2.5948877334594727, loss=1.9076045751571655
I0212 14:53:08.112173 140063075153664 logging_writer.py:48] [11100] global_step=11100, grad_norm=2.755032539367676, loss=1.86347496509552
I0212 14:54:40.329756 140063066760960 logging_writer.py:48] [11200] global_step=11200, grad_norm=2.9268877506256104, loss=1.7585794925689697
I0212 14:56:12.335906 140063075153664 logging_writer.py:48] [11300] global_step=11300, grad_norm=2.4003636837005615, loss=1.775038242340088
I0212 14:57:35.081259 140062532433664 logging_writer.py:48] [11400] global_step=11400, grad_norm=3.820584297180176, loss=1.8111521005630493
I0212 14:58:53.233307 140062524040960 logging_writer.py:48] [11500] global_step=11500, grad_norm=3.8867106437683105, loss=1.844537615776062
I0212 15:00:13.374073 140062532433664 logging_writer.py:48] [11600] global_step=11600, grad_norm=2.0911805629730225, loss=1.8408862352371216
I0212 15:01:37.382304 140062524040960 logging_writer.py:48] [11700] global_step=11700, grad_norm=2.5667474269866943, loss=1.7542973756790161
I0212 15:03:05.449096 140062532433664 logging_writer.py:48] [11800] global_step=11800, grad_norm=2.1948132514953613, loss=1.7882570028305054
I0212 15:03:21.802120 140218947737408 spec.py:321] Evaluating on the training split.
I0212 15:04:15.602962 140218947737408 spec.py:333] Evaluating on the validation split.
I0212 15:05:09.468256 140218947737408 spec.py:349] Evaluating on the test split.
I0212 15:05:38.262006 140218947737408 submission_runner.py:408] Time since start: 11201.34s, 	Step: 11820, 	{'train/ctc_loss': Array(0.7196112, dtype=float32), 'train/wer': 0.2243399922553017, 'validation/ctc_loss': Array(0.83782446, dtype=float32), 'validation/wer': 0.23663554650163646, 'validation/num_examples': 5348, 'test/ctc_loss': Array(0.51529604, dtype=float32), 'test/wer': 0.16371133183027645, 'test/num_examples': 2472, 'score': 10097.694558858871, 'total_duration': 11201.33668255806, 'accumulated_submission_time': 10097.694558858871, 'accumulated_eval_time': 1102.631802558899, 'accumulated_logging_time': 0.44161391258239746}
I0212 15:05:38.301133 140062532433664 logging_writer.py:48] [11820] accumulated_eval_time=1102.631803, accumulated_logging_time=0.441614, accumulated_submission_time=10097.694559, global_step=11820, preemption_count=0, score=10097.694559, test/ctc_loss=0.5152960419654846, test/num_examples=2472, test/wer=0.163711, total_duration=11201.336683, train/ctc_loss=0.7196112275123596, train/wer=0.224340, validation/ctc_loss=0.8378244638442993, validation/num_examples=5348, validation/wer=0.236636
I0212 15:06:39.780817 140062524040960 logging_writer.py:48] [11900] global_step=11900, grad_norm=2.444537878036499, loss=1.7899476289749146
I0212 15:07:54.748246 140062532433664 logging_writer.py:48] [12000] global_step=12000, grad_norm=3.1031150817871094, loss=1.75755774974823
I0212 15:09:21.224119 140062524040960 logging_writer.py:48] [12100] global_step=12100, grad_norm=2.9072937965393066, loss=1.834804654121399
I0212 15:10:51.616698 140062532433664 logging_writer.py:48] [12200] global_step=12200, grad_norm=2.385542631149292, loss=1.7550338506698608
I0212 15:12:21.824048 140062524040960 logging_writer.py:48] [12300] global_step=12300, grad_norm=1.9582512378692627, loss=1.8392292261123657
I0212 15:13:49.823346 140062532433664 logging_writer.py:48] [12400] global_step=12400, grad_norm=3.737426519393921, loss=1.816420316696167
I0212 15:15:05.436406 140062524040960 logging_writer.py:48] [12500] global_step=12500, grad_norm=5.171058177947998, loss=1.834415316581726
I0212 15:16:24.923577 140062532433664 logging_writer.py:48] [12600] global_step=12600, grad_norm=3.5440096855163574, loss=1.7873690128326416
I0212 15:17:43.447180 140062524040960 logging_writer.py:48] [12700] global_step=12700, grad_norm=2.899662494659424, loss=1.7143142223358154
I0212 15:19:09.792122 140062532433664 logging_writer.py:48] [12800] global_step=12800, grad_norm=3.3319342136383057, loss=1.8052905797958374
I0212 15:20:39.767179 140062524040960 logging_writer.py:48] [12900] global_step=12900, grad_norm=2.0133144855499268, loss=1.7891710996627808
I0212 15:22:08.441605 140062532433664 logging_writer.py:48] [13000] global_step=13000, grad_norm=2.804450511932373, loss=1.7630743980407715
I0212 15:23:39.540971 140062524040960 logging_writer.py:48] [13100] global_step=13100, grad_norm=4.067433834075928, loss=1.8030670881271362
I0212 15:25:11.160677 140062532433664 logging_writer.py:48] [13200] global_step=13200, grad_norm=2.278536796569824, loss=1.8735724687576294
I0212 15:26:43.365782 140062524040960 logging_writer.py:48] [13300] global_step=13300, grad_norm=3.8315958976745605, loss=1.7398247718811035
I0212 15:28:15.991428 140063075153664 logging_writer.py:48] [13400] global_step=13400, grad_norm=4.767216205596924, loss=1.8314522504806519
I0212 15:29:32.370101 140063066760960 logging_writer.py:48] [13500] global_step=13500, grad_norm=4.283509254455566, loss=1.7373546361923218
I0212 15:29:38.264451 140218947737408 spec.py:321] Evaluating on the training split.
I0212 15:30:32.244472 140218947737408 spec.py:333] Evaluating on the validation split.
I0212 15:31:26.992057 140218947737408 spec.py:349] Evaluating on the test split.
I0212 15:31:53.901184 140218947737408 submission_runner.py:408] Time since start: 12776.98s, 	Step: 13509, 	{'train/ctc_loss': Array(0.68961746, dtype=float32), 'train/wer': 0.21113669643755378, 'validation/ctc_loss': Array(0.8070212, dtype=float32), 'validation/wer': 0.2289504426658428, 'validation/num_examples': 5348, 'test/ctc_loss': Array(0.5031106, dtype=float32), 'test/wer': 0.15944590010765136, 'test/num_examples': 2472, 'score': 11537.564745664597, 'total_duration': 12776.975717544556, 'accumulated_submission_time': 11537.564745664597, 'accumulated_eval_time': 1238.2635581493378, 'accumulated_logging_time': 0.4966261386871338}
I0212 15:31:53.940448 140062645073664 logging_writer.py:48] [13509] accumulated_eval_time=1238.263558, accumulated_logging_time=0.496626, accumulated_submission_time=11537.564746, global_step=13509, preemption_count=0, score=11537.564746, test/ctc_loss=0.5031105875968933, test/num_examples=2472, test/wer=0.159446, total_duration=12776.975718, train/ctc_loss=0.6896174550056458, train/wer=0.211137, validation/ctc_loss=0.8070212006568909, validation/num_examples=5348, validation/wer=0.228950
I0212 15:33:03.067796 140062636680960 logging_writer.py:48] [13600] global_step=13600, grad_norm=1.9557632207870483, loss=1.7704851627349854
I0212 15:34:18.146305 140062645073664 logging_writer.py:48] [13700] global_step=13700, grad_norm=2.9038727283477783, loss=1.7863279581069946
I0212 15:35:33.000967 140062636680960 logging_writer.py:48] [13800] global_step=13800, grad_norm=2.907681703567505, loss=1.7231453657150269
I0212 15:36:55.959242 140062645073664 logging_writer.py:48] [13900] global_step=13900, grad_norm=2.773221492767334, loss=1.8083724975585938
I0212 15:38:29.604908 140062636680960 logging_writer.py:48] [14000] global_step=14000, grad_norm=2.601806402206421, loss=1.7965450286865234
I0212 15:39:58.830741 140062645073664 logging_writer.py:48] [14100] global_step=14100, grad_norm=6.036249160766602, loss=1.7502131462097168
I0212 15:41:25.545255 140062636680960 logging_writer.py:48] [14200] global_step=14200, grad_norm=3.5084173679351807, loss=1.717922568321228
I0212 15:42:55.016675 140062645073664 logging_writer.py:48] [14300] global_step=14300, grad_norm=2.3091413974761963, loss=1.7781729698181152
I0212 15:44:24.807743 140062636680960 logging_writer.py:48] [14400] global_step=14400, grad_norm=1.941159963607788, loss=1.7332478761672974
I0212 15:45:45.837480 140062645073664 logging_writer.py:48] [14500] global_step=14500, grad_norm=2.861908435821533, loss=1.7795617580413818
I0212 15:47:02.476987 140062636680960 logging_writer.py:48] [14600] global_step=14600, grad_norm=2.3991668224334717, loss=1.7322200536727905
I0212 15:48:19.992157 140062645073664 logging_writer.py:48] [14700] global_step=14700, grad_norm=2.927577018737793, loss=1.6968350410461426
I0212 15:49:35.776433 140062636680960 logging_writer.py:48] [14800] global_step=14800, grad_norm=2.1981396675109863, loss=1.7597377300262451
I0212 15:51:03.396627 140062645073664 logging_writer.py:48] [14900] global_step=14900, grad_norm=3.717881441116333, loss=1.760589599609375
I0212 15:52:33.476211 140062636680960 logging_writer.py:48] [15000] global_step=15000, grad_norm=2.269092082977295, loss=1.7499210834503174
I0212 15:54:03.825387 140062645073664 logging_writer.py:48] [15100] global_step=15100, grad_norm=2.713646173477173, loss=1.713161826133728
I0212 15:55:37.242970 140062636680960 logging_writer.py:48] [15200] global_step=15200, grad_norm=2.1235544681549072, loss=1.7205947637557983
I0212 15:55:54.127728 140218947737408 spec.py:321] Evaluating on the training split.
I0212 15:56:58.478835 140218947737408 spec.py:333] Evaluating on the validation split.
I0212 15:57:53.285957 140218947737408 spec.py:349] Evaluating on the test split.
I0212 15:58:19.888898 140218947737408 submission_runner.py:408] Time since start: 14362.96s, 	Step: 15220, 	{'train/ctc_loss': Array(0.44087306, dtype=float32), 'train/wer': 0.14397901555097561, 'validation/ctc_loss': Array(0.77578115, dtype=float32), 'validation/wer': 0.218031030054935, 'validation/num_examples': 5348, 'test/ctc_loss': Array(0.4793862, dtype=float32), 'test/wer': 0.14955416082708753, 'test/num_examples': 2472, 'score': 12977.657584190369, 'total_duration': 14362.963431596756, 'accumulated_submission_time': 12977.657584190369, 'accumulated_eval_time': 1384.0197823047638, 'accumulated_logging_time': 0.5527534484863281}
I0212 15:58:19.928611 140063075153664 logging_writer.py:48] [15220] accumulated_eval_time=1384.019782, accumulated_logging_time=0.552753, accumulated_submission_time=12977.657584, global_step=15220, preemption_count=0, score=12977.657584, test/ctc_loss=0.47938621044158936, test/num_examples=2472, test/wer=0.149554, total_duration=14362.963432, train/ctc_loss=0.44087305665016174, train/wer=0.143979, validation/ctc_loss=0.7757811546325684, validation/num_examples=5348, validation/wer=0.218031
I0212 15:59:20.736190 140063066760960 logging_writer.py:48] [15300] global_step=15300, grad_norm=2.1244311332702637, loss=1.753174901008606
I0212 16:00:36.340438 140063075153664 logging_writer.py:48] [15400] global_step=15400, grad_norm=2.6752336025238037, loss=1.7667889595031738
I0212 16:01:56.300590 140062532433664 logging_writer.py:48] [15500] global_step=15500, grad_norm=2.657508134841919, loss=1.7531359195709229
I0212 16:03:14.393519 140062524040960 logging_writer.py:48] [15600] global_step=15600, grad_norm=1.660933494567871, loss=1.6920135021209717
I0212 16:04:34.346161 140062532433664 logging_writer.py:48] [15700] global_step=15700, grad_norm=2.8268651962280273, loss=1.7215349674224854
I0212 16:05:55.314674 140062524040960 logging_writer.py:48] [15800] global_step=15800, grad_norm=3.048255205154419, loss=1.7460228204727173
I0212 16:07:21.386656 140062532433664 logging_writer.py:48] [15900] global_step=15900, grad_norm=2.6414835453033447, loss=1.7851446866989136
I0212 16:08:52.606542 140062524040960 logging_writer.py:48] [16000] global_step=16000, grad_norm=1.6753511428833008, loss=1.6529675722122192
I0212 16:10:22.219508 140062532433664 logging_writer.py:48] [16100] global_step=16100, grad_norm=2.8851959705352783, loss=1.717687726020813
I0212 16:11:50.148942 140062524040960 logging_writer.py:48] [16200] global_step=16200, grad_norm=3.7562754154205322, loss=1.701650619506836
I0212 16:13:21.607223 140062532433664 logging_writer.py:48] [16300] global_step=16300, grad_norm=3.2309036254882812, loss=1.733763337135315
I0212 16:14:53.182610 140062524040960 logging_writer.py:48] [16400] global_step=16400, grad_norm=1.5874013900756836, loss=1.735010027885437
I0212 16:16:24.649163 140062532433664 logging_writer.py:48] [16500] global_step=16500, grad_norm=2.3049747943878174, loss=1.8194934129714966
I0212 16:17:39.949892 140062524040960 logging_writer.py:48] [16600] global_step=16600, grad_norm=1.6829144954681396, loss=1.6794694662094116
I0212 16:18:59.245203 140062532433664 logging_writer.py:48] [16700] global_step=16700, grad_norm=2.8906102180480957, loss=1.6699676513671875
I0212 16:20:17.436282 140062524040960 logging_writer.py:48] [16800] global_step=16800, grad_norm=2.6293771266937256, loss=1.71700918674469
I0212 16:21:38.905566 140062532433664 logging_writer.py:48] [16900] global_step=16900, grad_norm=2.682140827178955, loss=1.745823860168457
I0212 16:22:20.532907 140218947737408 spec.py:321] Evaluating on the training split.
I0212 16:23:20.793203 140218947737408 spec.py:333] Evaluating on the validation split.
I0212 16:24:15.506475 140218947737408 spec.py:349] Evaluating on the test split.
I0212 16:24:42.787143 140218947737408 submission_runner.py:408] Time since start: 15945.86s, 	Step: 16948, 	{'train/ctc_loss': Array(0.42074928, dtype=float32), 'train/wer': 0.13690937458024652, 'validation/ctc_loss': Array(0.75233626, dtype=float32), 'validation/wer': 0.2137443640962762, 'validation/num_examples': 5348, 'test/ctc_loss': Array(0.46206802, dtype=float32), 'test/wer': 0.14872138606219407, 'test/num_examples': 2472, 'score': 14418.166572093964, 'total_duration': 15945.859293460846, 'accumulated_submission_time': 14418.166572093964, 'accumulated_eval_time': 1526.2666816711426, 'accumulated_logging_time': 0.6094729900360107}
I0212 16:24:42.830253 140062532433664 logging_writer.py:48] [16948] accumulated_eval_time=1526.266682, accumulated_logging_time=0.609473, accumulated_submission_time=14418.166572, global_step=16948, preemption_count=0, score=14418.166572, test/ctc_loss=0.46206802129745483, test/num_examples=2472, test/wer=0.148721, total_duration=15945.859293, train/ctc_loss=0.4207492768764496, train/wer=0.136909, validation/ctc_loss=0.7523362636566162, validation/num_examples=5348, validation/wer=0.213744
I0212 16:25:22.590339 140062524040960 logging_writer.py:48] [17000] global_step=17000, grad_norm=1.859753131866455, loss=1.6409502029418945
I0212 16:26:37.417222 140062532433664 logging_writer.py:48] [17100] global_step=17100, grad_norm=1.7847076654434204, loss=1.6500641107559204
I0212 16:28:01.885931 140062524040960 logging_writer.py:48] [17200] global_step=17200, grad_norm=1.9909204244613647, loss=1.684577226638794
I0212 16:29:32.619227 140062532433664 logging_writer.py:48] [17300] global_step=17300, grad_norm=2.291795253753662, loss=1.7222108840942383
I0212 16:31:02.100679 140062524040960 logging_writer.py:48] [17400] global_step=17400, grad_norm=1.902858018875122, loss=1.722293496131897
I0212 16:32:33.793566 140062532433664 logging_writer.py:48] [17500] global_step=17500, grad_norm=2.331965208053589, loss=1.7102234363555908
I0212 16:33:55.355763 140063075153664 logging_writer.py:48] [17600] global_step=17600, grad_norm=4.264520645141602, loss=1.6788514852523804
I0212 16:35:15.320255 140063066760960 logging_writer.py:48] [17700] global_step=17700, grad_norm=2.315838098526001, loss=1.692755937576294
I0212 16:36:36.686950 140063075153664 logging_writer.py:48] [17800] global_step=17800, grad_norm=3.7232327461242676, loss=1.6831632852554321
I0212 16:38:01.052887 140063066760960 logging_writer.py:48] [17900] global_step=17900, grad_norm=2.1863853931427, loss=1.7206754684448242
I0212 16:39:32.554522 140063075153664 logging_writer.py:48] [18000] global_step=18000, grad_norm=3.0093178749084473, loss=1.7550791501998901
I0212 16:41:03.422708 140063066760960 logging_writer.py:48] [18100] global_step=18100, grad_norm=2.975095510482788, loss=1.8448002338409424
I0212 16:42:34.992172 140063075153664 logging_writer.py:48] [18200] global_step=18200, grad_norm=1.6647450923919678, loss=1.7788349390029907
I0212 16:44:05.554406 140063066760960 logging_writer.py:48] [18300] global_step=18300, grad_norm=2.1613080501556396, loss=1.7111443281173706
I0212 16:45:34.410508 140063075153664 logging_writer.py:48] [18400] global_step=18400, grad_norm=2.72737717628479, loss=1.7701866626739502
I0212 16:47:03.728809 140063066760960 logging_writer.py:48] [18500] global_step=18500, grad_norm=2.2467081546783447, loss=1.7429008483886719
I0212 16:48:27.298212 140063075153664 logging_writer.py:48] [18600] global_step=18600, grad_norm=2.0474627017974854, loss=1.6983312368392944
I0212 16:48:43.461609 140218947737408 spec.py:321] Evaluating on the training split.
I0212 16:49:41.152345 140218947737408 spec.py:333] Evaluating on the validation split.
I0212 16:50:34.479135 140218947737408 spec.py:349] Evaluating on the test split.
I0212 16:51:01.276966 140218947737408 submission_runner.py:408] Time since start: 17524.35s, 	Step: 18622, 	{'train/ctc_loss': Array(0.41944084, dtype=float32), 'train/wer': 0.13867461707128548, 'validation/ctc_loss': Array(0.7515029, dtype=float32), 'validation/wer': 0.21325197679021404, 'validation/num_examples': 5348, 'test/ctc_loss': Array(0.458045, dtype=float32), 'test/wer': 0.14557309121930412, 'test/num_examples': 2472, 'score': 15858.704028606415, 'total_duration': 17524.35138106346, 'accumulated_submission_time': 15858.704028606415, 'accumulated_eval_time': 1664.0769486427307, 'accumulated_logging_time': 0.6706218719482422}
I0212 16:51:01.315992 140062645073664 logging_writer.py:48] [18622] accumulated_eval_time=1664.076949, accumulated_logging_time=0.670622, accumulated_submission_time=15858.704029, global_step=18622, preemption_count=0, score=15858.704029, test/ctc_loss=0.45804500579833984, test/num_examples=2472, test/wer=0.145573, total_duration=17524.351381, train/ctc_loss=0.4194408357143402, train/wer=0.138675, validation/ctc_loss=0.7515028715133667, validation/num_examples=5348, validation/wer=0.213252
I0212 16:52:00.822109 140062636680960 logging_writer.py:48] [18700] global_step=18700, grad_norm=3.621798276901245, loss=1.7134703397750854
I0212 16:53:16.165480 140062645073664 logging_writer.py:48] [18800] global_step=18800, grad_norm=2.7596323490142822, loss=1.6711714267730713
I0212 16:54:31.700683 140062636680960 logging_writer.py:48] [18900] global_step=18900, grad_norm=2.367072820663452, loss=1.6936856508255005
I0212 16:55:57.999401 140062645073664 logging_writer.py:48] [19000] global_step=19000, grad_norm=2.0139145851135254, loss=1.688962697982788
I0212 16:57:28.842628 140062636680960 logging_writer.py:48] [19100] global_step=19100, grad_norm=2.5081844329833984, loss=1.7013142108917236
I0212 16:58:58.724169 140062645073664 logging_writer.py:48] [19200] global_step=19200, grad_norm=2.762791633605957, loss=1.7470372915267944
I0212 17:00:27.836668 140062636680960 logging_writer.py:48] [19300] global_step=19300, grad_norm=2.808156967163086, loss=1.6995892524719238
I0212 17:01:58.328902 140062645073664 logging_writer.py:48] [19400] global_step=19400, grad_norm=2.947392463684082, loss=1.6901183128356934
I0212 17:03:26.042271 140062636680960 logging_writer.py:48] [19500] global_step=19500, grad_norm=3.1359705924987793, loss=1.6885020732879639
I0212 17:04:55.808709 140062645073664 logging_writer.py:48] [19600] global_step=19600, grad_norm=4.086726665496826, loss=1.7037839889526367
I0212 17:06:13.639248 140062636680960 logging_writer.py:48] [19700] global_step=19700, grad_norm=2.7978649139404297, loss=1.7224310636520386
I0212 17:07:31.679269 140062645073664 logging_writer.py:48] [19800] global_step=19800, grad_norm=1.6558167934417725, loss=1.651530385017395
I0212 17:08:51.923060 140062636680960 logging_writer.py:48] [19900] global_step=19900, grad_norm=1.8963373899459839, loss=1.6313271522521973
I0212 17:10:19.160983 140062645073664 logging_writer.py:48] [20000] global_step=20000, grad_norm=2.087204694747925, loss=1.674186110496521
I0212 17:11:48.941542 140062636680960 logging_writer.py:48] [20100] global_step=20100, grad_norm=2.7535407543182373, loss=1.7033820152282715
I0212 17:13:19.101850 140062645073664 logging_writer.py:48] [20200] global_step=20200, grad_norm=2.6909451484680176, loss=1.6338543891906738
I0212 17:14:51.063467 140062636680960 logging_writer.py:48] [20300] global_step=20300, grad_norm=5.098876953125, loss=1.640363097190857
I0212 17:15:01.402529 140218947737408 spec.py:321] Evaluating on the training split.
I0212 17:15:57.536359 140218947737408 spec.py:333] Evaluating on the validation split.
I0212 17:16:50.331286 140218947737408 spec.py:349] Evaluating on the test split.
I0212 17:17:19.355898 140218947737408 submission_runner.py:408] Time since start: 19102.43s, 	Step: 20312, 	{'train/ctc_loss': Array(0.37821147, dtype=float32), 'train/wer': 0.12641768516383303, 'validation/ctc_loss': Array(0.7153456, dtype=float32), 'validation/wer': 0.20442762389333538, 'validation/num_examples': 5348, 'test/ctc_loss': Array(0.4342024, dtype=float32), 'test/wer': 0.13826092255194686, 'test/num_examples': 2472, 'score': 17298.691420793533, 'total_duration': 19102.427579641342, 'accumulated_submission_time': 17298.691420793533, 'accumulated_eval_time': 1802.022501707077, 'accumulated_logging_time': 0.7339036464691162}
I0212 17:17:19.400234 140062645073664 logging_writer.py:48] [20312] accumulated_eval_time=1802.022502, accumulated_logging_time=0.733904, accumulated_submission_time=17298.691421, global_step=20312, preemption_count=0, score=17298.691421, test/ctc_loss=0.4342024028301239, test/num_examples=2472, test/wer=0.138261, total_duration=19102.427580, train/ctc_loss=0.37821146845817566, train/wer=0.126418, validation/ctc_loss=0.7153456211090088, validation/num_examples=5348, validation/wer=0.204428
I0212 17:18:26.479107 140062636680960 logging_writer.py:48] [20400] global_step=20400, grad_norm=7.290337085723877, loss=1.7055498361587524
I0212 17:19:41.352053 140062645073664 logging_writer.py:48] [20500] global_step=20500, grad_norm=3.6134254932403564, loss=1.6812785863876343
I0212 17:21:11.827859 140062645073664 logging_writer.py:48] [20600] global_step=20600, grad_norm=3.625906467437744, loss=1.660837173461914
I0212 17:22:29.601063 140062636680960 logging_writer.py:48] [20700] global_step=20700, grad_norm=2.207573652267456, loss=1.7029340267181396
I0212 17:23:50.431172 140062645073664 logging_writer.py:48] [20800] global_step=20800, grad_norm=2.508246660232544, loss=1.6683164834976196
I0212 17:25:12.704307 140062636680960 logging_writer.py:48] [20900] global_step=20900, grad_norm=3.104189157485962, loss=1.7460182905197144
I0212 17:26:41.099797 140062645073664 logging_writer.py:48] [21000] global_step=21000, grad_norm=2.1619455814361572, loss=1.6237508058547974
I0212 17:28:08.086875 140062636680960 logging_writer.py:48] [21100] global_step=21100, grad_norm=3.6147165298461914, loss=1.6358530521392822
I0212 17:29:36.937092 140062645073664 logging_writer.py:48] [21200] global_step=21200, grad_norm=2.373502492904663, loss=1.6452263593673706
I0212 17:31:09.680096 140062636680960 logging_writer.py:48] [21300] global_step=21300, grad_norm=2.9886012077331543, loss=1.6913418769836426
