python3 submission_runner.py --framework=jax --workload=imagenet_vit --submission_path=prize_qualification_baselines/self_tuning/jax_nadamw_full_budget.py --data_dir=/data/imagenet/jax --num_tuning_trials=1 --experiment_dir=/experiment_runs --experiment_name=prize_qualification_self_tuning/study_4 --overwrite=true --save_checkpoints=false --rng_seed=3803206025 --max_global_steps=559998 --imagenet_v2_data_dir=/data/imagenet/jax --tuning_ruleset=self 2>&1 | tee -a /logs/imagenet_vit_jax_03-08-2024-05-00-35.log
/usr/local/lib/python3.8/dist-packages/tensorflow_addons/utils/tfa_eol_msg.py:23: UserWarning: 

TensorFlow Addons (TFA) has ended development and introduction of new features.
TFA has entered a minimal maintenance and release mode until a planned end of life in May 2024.
Please modify downstream libraries to take dependencies from other repositories in our TensorFlow community (e.g. Keras, Keras-CV, and Keras-NLP). 

For more information see: https://github.com/tensorflow/addons/issues/2807 

  warnings.warn(
I0308 05:00:55.938817 139902746892096 logger_utils.py:76] Creating experiment directory at /experiment_runs/prize_qualification_self_tuning/study_4/imagenet_vit_jax.
I0308 05:00:56.932799 139902746892096 xla_bridge.py:455] Unable to initialize backend 'rocm': NOT_FOUND: Could not find registered platform with name: "rocm". Available platform names are: CUDA Interpreter Host
I0308 05:00:56.933755 139902746892096 xla_bridge.py:455] Unable to initialize backend 'tpu': module 'jaxlib.xla_extension' has no attribute 'get_tpu_client'
I0308 05:00:56.933933 139902746892096 xla_bridge.py:455] Unable to initialize backend 'plugin': xla_extension has no attributes named get_plugin_device_client. Compile TensorFlow with //tensorflow/compiler/xla/python:enable_plugin_device set to true (defaults to false) to enable this.
I0308 05:00:57.768373 139902746892096 submission_runner.py:605] Creating directory at /experiment_runs/prize_qualification_self_tuning/study_4/imagenet_vit_jax/trial_1.
I0308 05:00:57.965320 139902746892096 submission_runner.py:206] Initializing dataset.
I0308 05:00:57.980430 139902746892096 dataset_info.py:578] Load dataset info from /data/imagenet/jax/imagenet2012/5.1.0
I0308 05:00:57.990942 139902746892096 dataset_info.py:669] Fields info.[splits, supervised_keys] from disk and from code do not match. Keeping the one from code.
I0308 05:00:58.369959 139902746892096 logging_logger.py:49] Constructing tf.data.Dataset imagenet2012 for split train, from /data/imagenet/jax/imagenet2012/5.1.0
I0308 05:01:06.608560 139902746892096 submission_runner.py:213] Initializing model.
I0308 05:01:15.343434 139902746892096 submission_runner.py:255] Initializing optimizer.
I0308 05:01:16.314308 139902746892096 submission_runner.py:262] Initializing metrics bundle.
I0308 05:01:16.314495 139902746892096 submission_runner.py:280] Initializing checkpoint and logger.
I0308 05:01:16.315275 139902746892096 checkpoints.py:915] Found no checkpoint files in /experiment_runs/prize_qualification_self_tuning/study_4/imagenet_vit_jax/trial_1 with prefix checkpoint_
I0308 05:01:16.315420 139902746892096 submission_runner.py:300] Saving meta data to /experiment_runs/prize_qualification_self_tuning/study_4/imagenet_vit_jax/trial_1/meta_data_0.json.
fatal: detected dubious ownership in repository at '/algorithmic-efficiency'
To add an exception for this directory, call:

	git config --global --add safe.directory /algorithmic-efficiency
I0308 05:01:16.652510 139902746892096 logger_utils.py:220] Unable to record git information. Continuing without it.
I0308 05:01:16.959204 139902746892096 submission_runner.py:304] Saving flags to /experiment_runs/prize_qualification_self_tuning/study_4/imagenet_vit_jax/trial_1/flags_0.json.
I0308 05:01:16.971160 139902746892096 submission_runner.py:314] Starting training loop.
I0308 05:02:01.742808 139740946884352 logging_writer.py:48] [0] global_step=0, grad_norm=0.35123199224472046, loss=6.907756328582764
I0308 05:02:01.763051 139902746892096 spec.py:321] Evaluating on the training split.
I0308 05:02:01.974059 139902746892096 dataset_info.py:578] Load dataset info from /data/imagenet/jax/imagenet2012/5.1.0
I0308 05:02:01.984180 139902746892096 dataset_info.py:669] Fields info.[splits, supervised_keys] from disk and from code do not match. Keeping the one from code.
I0308 05:02:02.078369 139902746892096 logging_logger.py:49] Constructing tf.data.Dataset imagenet2012 for split train, from /data/imagenet/jax/imagenet2012/5.1.0
I0308 05:02:19.541634 139902746892096 spec.py:333] Evaluating on the validation split.
I0308 05:02:19.552777 139902746892096 dataset_info.py:578] Load dataset info from /data/imagenet/jax/imagenet2012/5.1.0
I0308 05:02:19.569541 139902746892096 dataset_info.py:669] Fields info.[splits, supervised_keys] from disk and from code do not match. Keeping the one from code.
I0308 05:02:19.642602 139902746892096 logging_logger.py:49] Constructing tf.data.Dataset imagenet2012 for split validation, from /data/imagenet/jax/imagenet2012/5.1.0
I0308 05:02:38.335506 139902746892096 spec.py:349] Evaluating on the test split.
I0308 05:02:38.342781 139902746892096 dataset_info.py:578] Load dataset info from /data/imagenet/jax/imagenet_v2/matched-frequency/3.0.0
I0308 05:02:38.348623 139902746892096 dataset_builder.py:528] Reusing dataset imagenet_v2 (/data/imagenet/jax/imagenet_v2/matched-frequency/3.0.0)
I0308 05:02:38.398636 139902746892096 logging_logger.py:49] Constructing tf.data.Dataset imagenet_v2 for split test, from /data/imagenet/jax/imagenet_v2/matched-frequency/3.0.0
I0308 05:02:43.776565 139902746892096 submission_runner.py:411] Time since start: 86.81s, 	Step: 1, 	{'train/accuracy': 0.0009960937313735485, 'train/loss': 6.907756328582764, 'validation/accuracy': 0.0009999999310821295, 'validation/loss': 6.9077558517456055, 'validation/num_examples': 50000, 'test/accuracy': 0.0010000000474974513, 'test/loss': 6.907756805419922, 'test/num_examples': 10000, 'score': 44.79174327850342, 'total_duration': 86.80535459518433, 'accumulated_submission_time': 44.79174327850342, 'accumulated_eval_time': 42.01347494125366, 'accumulated_logging_time': 0}
I0308 05:02:43.794170 139708399068928 logging_writer.py:48] [1] accumulated_eval_time=42.013475, accumulated_logging_time=0, accumulated_submission_time=44.791743, global_step=1, preemption_count=0, score=44.791743, test/accuracy=0.001000, test/loss=6.907757, test/num_examples=10000, total_duration=86.805355, train/accuracy=0.000996, train/loss=6.907756, validation/accuracy=0.001000, validation/loss=6.907756, validation/num_examples=50000
I0308 05:03:46.037418 139737700456192 logging_writer.py:48] [100] global_step=100, grad_norm=0.4582446813583374, loss=6.886221885681152
I0308 05:04:28.520586 139737708848896 logging_writer.py:48] [200] global_step=200, grad_norm=0.8139545917510986, loss=6.783972263336182
I0308 05:05:13.116839 139737700456192 logging_writer.py:48] [300] global_step=300, grad_norm=1.3399606943130493, loss=6.652459621429443
I0308 05:05:57.524091 139737708848896 logging_writer.py:48] [400] global_step=400, grad_norm=1.4092906713485718, loss=6.608523845672607
I0308 05:06:41.956133 139737700456192 logging_writer.py:48] [500] global_step=500, grad_norm=1.0150960683822632, loss=6.441729545593262
I0308 05:07:26.317933 139737708848896 logging_writer.py:48] [600] global_step=600, grad_norm=1.302433729171753, loss=6.328929424285889
I0308 05:08:11.063702 139737700456192 logging_writer.py:48] [700] global_step=700, grad_norm=1.1906754970550537, loss=6.2654876708984375
I0308 05:08:55.338309 139737708848896 logging_writer.py:48] [800] global_step=800, grad_norm=1.367615818977356, loss=6.215804100036621
I0308 05:09:39.813676 139737700456192 logging_writer.py:48] [900] global_step=900, grad_norm=2.0298030376434326, loss=6.227717399597168
I0308 05:09:44.115952 139902746892096 spec.py:321] Evaluating on the training split.
I0308 05:09:55.708079 139902746892096 spec.py:333] Evaluating on the validation split.
I0308 05:10:03.906845 139902746892096 spec.py:349] Evaluating on the test split.
I0308 05:10:05.617272 139902746892096 submission_runner.py:411] Time since start: 528.65s, 	Step: 911, 	{'train/accuracy': 0.03218749910593033, 'train/loss': 5.927576541900635, 'validation/accuracy': 0.03003999963402748, 'validation/loss': 5.954702377319336, 'validation/num_examples': 50000, 'test/accuracy': 0.024000000208616257, 'test/loss': 6.074681758880615, 'test/num_examples': 10000, 'score': 465.0541150569916, 'total_duration': 528.6460611820221, 'accumulated_submission_time': 465.0541150569916, 'accumulated_eval_time': 63.51478552818298, 'accumulated_logging_time': 0.02664351463317871}
I0308 05:10:05.634112 139708407461632 logging_writer.py:48] [911] accumulated_eval_time=63.514786, accumulated_logging_time=0.026644, accumulated_submission_time=465.054115, global_step=911, preemption_count=0, score=465.054115, test/accuracy=0.024000, test/loss=6.074682, test/num_examples=10000, total_duration=528.646061, train/accuracy=0.032187, train/loss=5.927577, validation/accuracy=0.030040, validation/loss=5.954702, validation/num_examples=50000
I0308 05:10:41.052624 139708415854336 logging_writer.py:48] [1000] global_step=1000, grad_norm=1.2887667417526245, loss=6.038479804992676
I0308 05:11:24.719073 139708407461632 logging_writer.py:48] [1100] global_step=1100, grad_norm=1.2446568012237549, loss=5.960165977478027
I0308 05:12:09.042211 139708415854336 logging_writer.py:48] [1200] global_step=1200, grad_norm=1.1817066669464111, loss=6.294707298278809
I0308 05:12:53.281172 139708407461632 logging_writer.py:48] [1300] global_step=1300, grad_norm=1.3577219247817993, loss=5.963889122009277
I0308 05:13:37.648721 139708415854336 logging_writer.py:48] [1400] global_step=1400, grad_norm=1.3026957511901855, loss=5.885857582092285
I0308 05:14:22.107021 139708407461632 logging_writer.py:48] [1500] global_step=1500, grad_norm=1.0981281995773315, loss=6.094729900360107
I0308 05:15:06.521273 139708415854336 logging_writer.py:48] [1600] global_step=1600, grad_norm=1.3342331647872925, loss=5.779654502868652
I0308 05:15:51.110009 139708407461632 logging_writer.py:48] [1700] global_step=1700, grad_norm=0.9762179851531982, loss=5.803779125213623
I0308 05:16:35.556736 139708415854336 logging_writer.py:48] [1800] global_step=1800, grad_norm=1.201309084892273, loss=5.8436479568481445
I0308 05:17:05.932072 139902746892096 spec.py:321] Evaluating on the training split.
I0308 05:17:17.608541 139902746892096 spec.py:333] Evaluating on the validation split.
I0308 05:17:25.831706 139902746892096 spec.py:349] Evaluating on the test split.
I0308 05:17:27.519336 139902746892096 submission_runner.py:411] Time since start: 970.55s, 	Step: 1870, 	{'train/accuracy': 0.08306640386581421, 'train/loss': 5.143368244171143, 'validation/accuracy': 0.0786999985575676, 'validation/loss': 5.1934967041015625, 'validation/num_examples': 50000, 'test/accuracy': 0.06360000371932983, 'test/loss': 5.44067907333374, 'test/num_examples': 10000, 'score': 885.2891094684601, 'total_duration': 970.5481154918671, 'accumulated_submission_time': 885.2891094684601, 'accumulated_eval_time': 85.10202193260193, 'accumulated_logging_time': 0.05381202697753906}
I0308 05:17:27.538042 139708407461632 logging_writer.py:48] [1870] accumulated_eval_time=85.102022, accumulated_logging_time=0.053812, accumulated_submission_time=885.289109, global_step=1870, preemption_count=0, score=885.289109, test/accuracy=0.063600, test/loss=5.440679, test/num_examples=10000, total_duration=970.548115, train/accuracy=0.083066, train/loss=5.143368, validation/accuracy=0.078700, validation/loss=5.193497, validation/num_examples=50000
I0308 05:17:39.775788 139708415854336 logging_writer.py:48] [1900] global_step=1900, grad_norm=1.0409438610076904, loss=6.134364128112793
I0308 05:18:20.583013 139708407461632 logging_writer.py:48] [2000] global_step=2000, grad_norm=1.1345226764678955, loss=5.650221347808838
I0308 05:19:04.920461 139708415854336 logging_writer.py:48] [2100] global_step=2100, grad_norm=1.0412840843200684, loss=5.551708698272705
I0308 05:19:49.392755 139708407461632 logging_writer.py:48] [2200] global_step=2200, grad_norm=1.0325231552124023, loss=5.431797504425049
I0308 05:20:33.653314 139708415854336 logging_writer.py:48] [2300] global_step=2300, grad_norm=1.3840596675872803, loss=5.604598045349121
I0308 05:21:18.084172 139708407461632 logging_writer.py:48] [2400] global_step=2400, grad_norm=0.987842321395874, loss=5.533862590789795
I0308 05:22:02.106844 139708415854336 logging_writer.py:48] [2500] global_step=2500, grad_norm=0.8826150298118591, loss=5.631213665008545
I0308 05:22:46.443398 139708407461632 logging_writer.py:48] [2600] global_step=2600, grad_norm=1.1280584335327148, loss=5.42926025390625
I0308 05:23:30.930284 139708415854336 logging_writer.py:48] [2700] global_step=2700, grad_norm=1.0806463956832886, loss=5.421566963195801
I0308 05:24:15.243189 139708407461632 logging_writer.py:48] [2800] global_step=2800, grad_norm=0.7673525810241699, loss=6.4145331382751465
I0308 05:24:27.815616 139902746892096 spec.py:321] Evaluating on the training split.
I0308 05:24:39.688890 139902746892096 spec.py:333] Evaluating on the validation split.
I0308 05:24:47.925666 139902746892096 spec.py:349] Evaluating on the test split.
I0308 05:24:49.614440 139902746892096 submission_runner.py:411] Time since start: 1412.64s, 	Step: 2830, 	{'train/accuracy': 0.1516406238079071, 'train/loss': 4.460026264190674, 'validation/accuracy': 0.13831999897956848, 'validation/loss': 4.5624847412109375, 'validation/num_examples': 50000, 'test/accuracy': 0.10940000414848328, 'test/loss': 4.899428367614746, 'test/num_examples': 10000, 'score': 1305.504187822342, 'total_duration': 1412.643222808838, 'accumulated_submission_time': 1305.504187822342, 'accumulated_eval_time': 106.90083980560303, 'accumulated_logging_time': 0.0830845832824707}
I0308 05:24:49.630918 139708415854336 logging_writer.py:48] [2830] accumulated_eval_time=106.900840, accumulated_logging_time=0.083085, accumulated_submission_time=1305.504188, global_step=2830, preemption_count=0, score=1305.504188, test/accuracy=0.109400, test/loss=4.899428, test/num_examples=10000, total_duration=1412.643223, train/accuracy=0.151641, train/loss=4.460026, validation/accuracy=0.138320, validation/loss=4.562485, validation/num_examples=50000
I0308 05:25:17.652381 139708407461632 logging_writer.py:48] [2900] global_step=2900, grad_norm=1.0160126686096191, loss=5.573594093322754
I0308 05:26:00.514312 139708415854336 logging_writer.py:48] [3000] global_step=3000, grad_norm=1.5141512155532837, loss=5.135382175445557
I0308 05:26:44.893343 139708407461632 logging_writer.py:48] [3100] global_step=3100, grad_norm=0.9134519696235657, loss=5.207550525665283
I0308 05:27:29.300253 139708415854336 logging_writer.py:48] [3200] global_step=3200, grad_norm=1.0291645526885986, loss=5.12495231628418
I0308 05:28:13.709106 139708407461632 logging_writer.py:48] [3300] global_step=3300, grad_norm=1.4217256307601929, loss=5.131625652313232
I0308 05:28:58.279503 139708415854336 logging_writer.py:48] [3400] global_step=3400, grad_norm=1.0347895622253418, loss=5.055929183959961
I0308 05:29:42.580336 139708407461632 logging_writer.py:48] [3500] global_step=3500, grad_norm=1.1369736194610596, loss=4.981963634490967
I0308 05:30:26.842116 139708415854336 logging_writer.py:48] [3600] global_step=3600, grad_norm=1.7900651693344116, loss=4.919894695281982
I0308 05:31:11.015218 139708407461632 logging_writer.py:48] [3700] global_step=3700, grad_norm=0.8612973093986511, loss=5.053664684295654
I0308 05:31:49.933702 139902746892096 spec.py:321] Evaluating on the training split.
I0308 05:32:01.636104 139902746892096 spec.py:333] Evaluating on the validation split.
I0308 05:32:11.019378 139902746892096 spec.py:349] Evaluating on the test split.
I0308 05:32:12.704230 139902746892096 submission_runner.py:411] Time since start: 1855.73s, 	Step: 3789, 	{'train/accuracy': 0.20103515684604645, 'train/loss': 4.068780422210693, 'validation/accuracy': 0.1882999986410141, 'validation/loss': 4.150966644287109, 'validation/num_examples': 50000, 'test/accuracy': 0.14630000293254852, 'test/loss': 4.5577168464660645, 'test/num_examples': 10000, 'score': 1725.7441012859344, 'total_duration': 1855.7330009937286, 'accumulated_submission_time': 1725.7441012859344, 'accumulated_eval_time': 129.67135000228882, 'accumulated_logging_time': 0.11062073707580566}
I0308 05:32:12.722784 139708415854336 logging_writer.py:48] [3789] accumulated_eval_time=129.671350, accumulated_logging_time=0.110621, accumulated_submission_time=1725.744101, global_step=3789, preemption_count=0, score=1725.744101, test/accuracy=0.146300, test/loss=4.557717, test/num_examples=10000, total_duration=1855.733001, train/accuracy=0.201035, train/loss=4.068780, validation/accuracy=0.188300, validation/loss=4.150967, validation/num_examples=50000
I0308 05:32:17.453005 139708407461632 logging_writer.py:48] [3800] global_step=3800, grad_norm=1.3576674461364746, loss=4.825761795043945
I0308 05:32:57.470477 139708415854336 logging_writer.py:48] [3900] global_step=3900, grad_norm=1.1853227615356445, loss=4.878255844116211
I0308 05:33:41.706977 139708407461632 logging_writer.py:48] [4000] global_step=4000, grad_norm=0.9051675796508789, loss=5.912497520446777
I0308 05:34:26.126869 139708415854336 logging_writer.py:48] [4100] global_step=4100, grad_norm=0.963656485080719, loss=4.6209797859191895
I0308 05:35:10.756753 139708407461632 logging_writer.py:48] [4200] global_step=4200, grad_norm=1.2333476543426514, loss=5.393614292144775
I0308 05:35:55.386383 139708415854336 logging_writer.py:48] [4300] global_step=4300, grad_norm=0.6716492772102356, loss=6.02644157409668
I0308 05:36:39.964507 139708407461632 logging_writer.py:48] [4400] global_step=4400, grad_norm=0.9180312156677246, loss=4.405512809753418
I0308 05:37:24.362193 139708415854336 logging_writer.py:48] [4500] global_step=4500, grad_norm=0.8241650462150574, loss=5.0109124183654785
I0308 05:38:08.976071 139708407461632 logging_writer.py:48] [4600] global_step=4600, grad_norm=0.8046782612800598, loss=6.183475017547607
I0308 05:38:53.276485 139708415854336 logging_writer.py:48] [4700] global_step=4700, grad_norm=0.91409832239151, loss=4.831539630889893
I0308 05:39:12.860667 139902746892096 spec.py:321] Evaluating on the training split.
I0308 05:39:24.742820 139902746892096 spec.py:333] Evaluating on the validation split.
I0308 05:39:34.359615 139902746892096 spec.py:349] Evaluating on the test split.
I0308 05:39:36.038956 139902746892096 submission_runner.py:411] Time since start: 2299.07s, 	Step: 4746, 	{'train/accuracy': 0.2476171851158142, 'train/loss': 3.7524003982543945, 'validation/accuracy': 0.2291399985551834, 'validation/loss': 3.8650801181793213, 'validation/num_examples': 50000, 'test/accuracy': 0.17740000784397125, 'test/loss': 4.310952663421631, 'test/num_examples': 10000, 'score': 2145.8203287124634, 'total_duration': 2299.0677371025085, 'accumulated_submission_time': 2145.8203287124634, 'accumulated_eval_time': 152.84962821006775, 'accumulated_logging_time': 0.1393589973449707}
I0308 05:39:36.059697 139708407461632 logging_writer.py:48] [4746] accumulated_eval_time=152.849628, accumulated_logging_time=0.139359, accumulated_submission_time=2145.820329, global_step=4746, preemption_count=0, score=2145.820329, test/accuracy=0.177400, test/loss=4.310953, test/num_examples=10000, total_duration=2299.067737, train/accuracy=0.247617, train/loss=3.752400, validation/accuracy=0.229140, validation/loss=3.865080, validation/num_examples=50000
I0308 05:39:57.793864 139708415854336 logging_writer.py:48] [4800] global_step=4800, grad_norm=0.6941478848457336, loss=5.907039642333984
I0308 05:40:39.544524 139708407461632 logging_writer.py:48] [4900] global_step=4900, grad_norm=1.0629137754440308, loss=4.461195945739746
I0308 05:41:24.466982 139708415854336 logging_writer.py:48] [5000] global_step=5000, grad_norm=1.019897699356079, loss=4.870678901672363
I0308 05:42:08.852042 139708407461632 logging_writer.py:48] [5100] global_step=5100, grad_norm=0.8990657925605774, loss=4.179068565368652
I0308 05:42:53.637119 139708415854336 logging_writer.py:48] [5200] global_step=5200, grad_norm=0.949479877948761, loss=4.351895809173584
I0308 05:43:37.668772 139708407461632 logging_writer.py:48] [5300] global_step=5300, grad_norm=0.9195323586463928, loss=4.366115570068359
I0308 05:44:21.945172 139708415854336 logging_writer.py:48] [5400] global_step=5400, grad_norm=1.1289669275283813, loss=4.400463104248047
I0308 05:45:06.409311 139708407461632 logging_writer.py:48] [5500] global_step=5500, grad_norm=0.8307434320449829, loss=4.234140872955322
I0308 05:45:50.981378 139708415854336 logging_writer.py:48] [5600] global_step=5600, grad_norm=0.9200742244720459, loss=4.539524555206299
I0308 05:46:35.498526 139708407461632 logging_writer.py:48] [5700] global_step=5700, grad_norm=0.8809751272201538, loss=4.395073413848877
I0308 05:46:36.075830 139902746892096 spec.py:321] Evaluating on the training split.
I0308 05:46:47.956389 139902746892096 spec.py:333] Evaluating on the validation split.
I0308 05:46:56.052695 139902746892096 spec.py:349] Evaluating on the test split.
I0308 05:46:57.739651 139902746892096 submission_runner.py:411] Time since start: 2740.77s, 	Step: 5703, 	{'train/accuracy': 0.3254687488079071, 'train/loss': 3.208423376083374, 'validation/accuracy': 0.2970999777317047, 'validation/loss': 3.3675014972686768, 'validation/num_examples': 50000, 'test/accuracy': 0.23010000586509705, 'test/loss': 3.9030966758728027, 'test/num_examples': 10000, 'score': 2565.7739176750183, 'total_duration': 2740.7684206962585, 'accumulated_submission_time': 2565.7739176750183, 'accumulated_eval_time': 174.51342248916626, 'accumulated_logging_time': 0.17061710357666016}
I0308 05:46:57.757233 139708415854336 logging_writer.py:48] [5703] accumulated_eval_time=174.513422, accumulated_logging_time=0.170617, accumulated_submission_time=2565.773918, global_step=5703, preemption_count=0, score=2565.773918, test/accuracy=0.230100, test/loss=3.903097, test/num_examples=10000, total_duration=2740.768421, train/accuracy=0.325469, train/loss=3.208423, validation/accuracy=0.297100, validation/loss=3.367501, validation/num_examples=50000
I0308 05:47:36.449151 139708407461632 logging_writer.py:48] [5800] global_step=5800, grad_norm=1.0887792110443115, loss=4.646831512451172
I0308 05:48:20.569567 139708415854336 logging_writer.py:48] [5900] global_step=5900, grad_norm=0.7888306379318237, loss=4.663852214813232
I0308 05:49:05.157159 139708407461632 logging_writer.py:48] [6000] global_step=6000, grad_norm=0.8944064378738403, loss=5.226290702819824
I0308 05:49:49.785294 139708415854336 logging_writer.py:48] [6100] global_step=6100, grad_norm=0.932733952999115, loss=4.059269905090332
I0308 05:50:34.587870 139708407461632 logging_writer.py:48] [6200] global_step=6200, grad_norm=0.6997201442718506, loss=6.028197288513184
I0308 05:51:19.357277 139708415854336 logging_writer.py:48] [6300] global_step=6300, grad_norm=0.9230855107307434, loss=4.03924036026001
I0308 05:52:03.678567 139708407461632 logging_writer.py:48] [6400] global_step=6400, grad_norm=0.8768429756164551, loss=4.180597305297852
I0308 05:52:48.490957 139708415854336 logging_writer.py:48] [6500] global_step=6500, grad_norm=0.6834492683410645, loss=6.133124351501465
I0308 05:53:33.334585 139708407461632 logging_writer.py:48] [6600] global_step=6600, grad_norm=0.8928042054176331, loss=4.413501739501953
I0308 05:53:57.777700 139902746892096 spec.py:321] Evaluating on the training split.
I0308 05:54:09.867904 139902746892096 spec.py:333] Evaluating on the validation split.
I0308 05:54:18.120174 139902746892096 spec.py:349] Evaluating on the test split.
I0308 05:54:19.809979 139902746892096 submission_runner.py:411] Time since start: 3182.84s, 	Step: 6657, 	{'train/accuracy': 0.37757810950279236, 'train/loss': 2.9110069274902344, 'validation/accuracy': 0.329039990901947, 'validation/loss': 3.1772096157073975, 'validation/num_examples': 50000, 'test/accuracy': 0.2517000138759613, 'test/loss': 3.7387924194335938, 'test/num_examples': 10000, 'score': 2985.7302856445312, 'total_duration': 3182.8387632369995, 'accumulated_submission_time': 2985.7302856445312, 'accumulated_eval_time': 196.54568314552307, 'accumulated_logging_time': 0.2015841007232666}
I0308 05:54:19.831266 139708415854336 logging_writer.py:48] [6657] accumulated_eval_time=196.545683, accumulated_logging_time=0.201584, accumulated_submission_time=2985.730286, global_step=6657, preemption_count=0, score=2985.730286, test/accuracy=0.251700, test/loss=3.738792, test/num_examples=10000, total_duration=3182.838763, train/accuracy=0.377578, train/loss=2.911007, validation/accuracy=0.329040, validation/loss=3.177210, validation/num_examples=50000
I0308 05:54:37.212285 139708407461632 logging_writer.py:48] [6700] global_step=6700, grad_norm=0.8887903094291687, loss=4.0686116218566895
I0308 05:55:18.125115 139708415854336 logging_writer.py:48] [6800] global_step=6800, grad_norm=0.8489484190940857, loss=3.839097261428833
I0308 05:56:02.779485 139708407461632 logging_writer.py:48] [6900] global_step=6900, grad_norm=0.9594964981079102, loss=3.873145818710327
I0308 05:56:47.271095 139708415854336 logging_writer.py:48] [7000] global_step=7000, grad_norm=0.892325758934021, loss=4.318722248077393
I0308 05:57:31.929145 139708407461632 logging_writer.py:48] [7100] global_step=7100, grad_norm=0.6107140183448792, loss=5.537678241729736
I0308 05:58:16.766057 139708415854336 logging_writer.py:48] [7200] global_step=7200, grad_norm=0.7681466341018677, loss=4.236312389373779
I0308 05:59:01.442493 139708407461632 logging_writer.py:48] [7300] global_step=7300, grad_norm=0.8823738098144531, loss=4.911396026611328
I0308 05:59:46.243448 139708415854336 logging_writer.py:48] [7400] global_step=7400, grad_norm=1.005608081817627, loss=3.927762269973755
I0308 06:00:31.095880 139708407461632 logging_writer.py:48] [7500] global_step=7500, grad_norm=0.716719388961792, loss=5.184209823608398
I0308 06:01:15.787071 139708415854336 logging_writer.py:48] [7600] global_step=7600, grad_norm=0.893518328666687, loss=3.9492411613464355
I0308 06:01:19.872621 139902746892096 spec.py:321] Evaluating on the training split.
I0308 06:01:32.150925 139902746892096 spec.py:333] Evaluating on the validation split.
I0308 06:01:40.369679 139902746892096 spec.py:349] Evaluating on the test split.
I0308 06:01:42.057611 139902746892096 submission_runner.py:411] Time since start: 3625.09s, 	Step: 7611, 	{'train/accuracy': 0.38499999046325684, 'train/loss': 2.8280928134918213, 'validation/accuracy': 0.3578599989414215, 'validation/loss': 2.9794843196868896, 'validation/num_examples': 50000, 'test/accuracy': 0.27459999918937683, 'test/loss': 3.569232940673828, 'test/num_examples': 10000, 'score': 3405.709196329117, 'total_duration': 3625.086359500885, 'accumulated_submission_time': 3405.709196329117, 'accumulated_eval_time': 218.73062229156494, 'accumulated_logging_time': 0.23441076278686523}
I0308 06:01:42.083543 139708407461632 logging_writer.py:48] [7611] accumulated_eval_time=218.730622, accumulated_logging_time=0.234411, accumulated_submission_time=3405.709196, global_step=7611, preemption_count=0, score=3405.709196, test/accuracy=0.274600, test/loss=3.569233, test/num_examples=10000, total_duration=3625.086360, train/accuracy=0.385000, train/loss=2.828093, validation/accuracy=0.357860, validation/loss=2.979484, validation/num_examples=50000
I0308 06:02:19.077624 139708415854336 logging_writer.py:48] [7700] global_step=7700, grad_norm=0.7505097985267639, loss=4.1993865966796875
I0308 06:03:03.185131 139708407461632 logging_writer.py:48] [7800] global_step=7800, grad_norm=0.9383473992347717, loss=4.344995021820068
I0308 06:03:50.050348 139708415854336 logging_writer.py:48] [7900] global_step=7900, grad_norm=0.9390153884887695, loss=3.7383806705474854
I0308 06:04:34.706307 139708407461632 logging_writer.py:48] [8000] global_step=8000, grad_norm=0.8748038411140442, loss=3.695923089981079
I0308 06:05:18.981623 139708415854336 logging_writer.py:48] [8100] global_step=8100, grad_norm=1.0022157430648804, loss=3.8782074451446533
I0308 06:06:03.561304 139708407461632 logging_writer.py:48] [8200] global_step=8200, grad_norm=1.0406162738800049, loss=3.6022915840148926
I0308 06:06:48.350986 139708415854336 logging_writer.py:48] [8300] global_step=8300, grad_norm=0.849363386631012, loss=3.7746589183807373
I0308 06:07:33.587059 139708407461632 logging_writer.py:48] [8400] global_step=8400, grad_norm=0.8204595446586609, loss=4.545758247375488
I0308 06:08:18.812587 139708415854336 logging_writer.py:48] [8500] global_step=8500, grad_norm=0.8529036045074463, loss=3.653083562850952
I0308 06:08:42.327791 139902746892096 spec.py:321] Evaluating on the training split.
I0308 06:08:54.579622 139902746892096 spec.py:333] Evaluating on the validation split.
I0308 06:09:05.597769 139902746892096 spec.py:349] Evaluating on the test split.
I0308 06:09:07.280210 139902746892096 submission_runner.py:411] Time since start: 4070.31s, 	Step: 8554, 	{'train/accuracy': 0.41865232586860657, 'train/loss': 2.685232162475586, 'validation/accuracy': 0.38405999541282654, 'validation/loss': 2.860114574432373, 'validation/num_examples': 50000, 'test/accuracy': 0.2945000231266022, 'test/loss': 3.458648204803467, 'test/num_examples': 10000, 'score': 3825.8883900642395, 'total_duration': 4070.3089945316315, 'accumulated_submission_time': 3825.8883900642395, 'accumulated_eval_time': 243.68302154541016, 'accumulated_logging_time': 0.27391767501831055}
I0308 06:09:07.297971 139708407461632 logging_writer.py:48] [8554] accumulated_eval_time=243.683022, accumulated_logging_time=0.273918, accumulated_submission_time=3825.888390, global_step=8554, preemption_count=0, score=3825.888390, test/accuracy=0.294500, test/loss=3.458648, test/num_examples=10000, total_duration=4070.308995, train/accuracy=0.418652, train/loss=2.685232, validation/accuracy=0.384060, validation/loss=2.860115, validation/num_examples=50000
I0308 06:09:26.073240 139708415854336 logging_writer.py:48] [8600] global_step=8600, grad_norm=0.8271018266677856, loss=3.7337217330932617
I0308 06:10:07.858245 139708407461632 logging_writer.py:48] [8700] global_step=8700, grad_norm=1.0454578399658203, loss=3.5917601585388184
I0308 06:10:52.512579 139708415854336 logging_writer.py:48] [8800] global_step=8800, grad_norm=0.9205541014671326, loss=3.554917097091675
I0308 06:11:37.214880 139708407461632 logging_writer.py:48] [8900] global_step=8900, grad_norm=0.9524821043014526, loss=3.788969039916992
I0308 06:12:21.764676 139708415854336 logging_writer.py:48] [9000] global_step=9000, grad_norm=0.881303071975708, loss=3.6217777729034424
I0308 06:13:07.803077 139708407461632 logging_writer.py:48] [9100] global_step=9100, grad_norm=0.8380907773971558, loss=3.695016622543335
I0308 06:13:52.410810 139708415854336 logging_writer.py:48] [9200] global_step=9200, grad_norm=0.7871325016021729, loss=4.075154781341553
I0308 06:14:37.348386 139708407461632 logging_writer.py:48] [9300] global_step=9300, grad_norm=1.0064226388931274, loss=3.6371688842773438
I0308 06:15:22.008377 139708415854336 logging_writer.py:48] [9400] global_step=9400, grad_norm=1.089680790901184, loss=3.4886722564697266
I0308 06:16:07.215482 139708407461632 logging_writer.py:48] [9500] global_step=9500, grad_norm=0.6234606504440308, loss=5.068737983703613
I0308 06:16:07.306191 139902746892096 spec.py:321] Evaluating on the training split.
I0308 06:16:19.645963 139902746892096 spec.py:333] Evaluating on the validation split.
I0308 06:16:34.183218 139902746892096 spec.py:349] Evaluating on the test split.
I0308 06:16:35.861950 139902746892096 submission_runner.py:411] Time since start: 4518.89s, 	Step: 9502, 	{'train/accuracy': 0.44822263717651367, 'train/loss': 2.5037455558776855, 'validation/accuracy': 0.4045199751853943, 'validation/loss': 2.7109215259552, 'validation/num_examples': 50000, 'test/accuracy': 0.30960002541542053, 'test/loss': 3.3151302337646484, 'test/num_examples': 10000, 'score': 4245.836257696152, 'total_duration': 4518.890733718872, 'accumulated_submission_time': 4245.836257696152, 'accumulated_eval_time': 272.23877477645874, 'accumulated_logging_time': 0.3016986846923828}
I0308 06:16:35.883852 139708415854336 logging_writer.py:48] [9502] accumulated_eval_time=272.238775, accumulated_logging_time=0.301699, accumulated_submission_time=4245.836258, global_step=9502, preemption_count=0, score=4245.836258, test/accuracy=0.309600, test/loss=3.315130, test/num_examples=10000, total_duration=4518.890734, train/accuracy=0.448223, train/loss=2.503746, validation/accuracy=0.404520, validation/loss=2.710922, validation/num_examples=50000
I0308 06:17:14.940798 139708407461632 logging_writer.py:48] [9600] global_step=9600, grad_norm=0.8121103644371033, loss=4.164614200592041
I0308 06:17:58.899339 139708415854336 logging_writer.py:48] [9700] global_step=9700, grad_norm=0.850589394569397, loss=4.622722625732422
I0308 06:18:43.327260 139708407461632 logging_writer.py:48] [9800] global_step=9800, grad_norm=0.9701638221740723, loss=3.508631944656372
I0308 06:19:28.014736 139708415854336 logging_writer.py:48] [9900] global_step=9900, grad_norm=1.1321650743484497, loss=3.4797351360321045
I0308 06:20:12.661254 139708407461632 logging_writer.py:48] [10000] global_step=10000, grad_norm=0.7717058658599854, loss=5.201070308685303
I0308 06:20:57.252230 139708415854336 logging_writer.py:48] [10100] global_step=10100, grad_norm=1.125377893447876, loss=3.587555408477783
I0308 06:21:42.146122 139708407461632 logging_writer.py:48] [10200] global_step=10200, grad_norm=0.984130322933197, loss=4.5803656578063965
I0308 06:22:27.040119 139708415854336 logging_writer.py:48] [10300] global_step=10300, grad_norm=0.8221574425697327, loss=5.780340671539307
I0308 06:23:11.893081 139708407461632 logging_writer.py:48] [10400] global_step=10400, grad_norm=0.7828481197357178, loss=4.517143726348877
I0308 06:23:35.910069 139902746892096 spec.py:321] Evaluating on the training split.
I0308 06:23:48.282174 139902746892096 spec.py:333] Evaluating on the validation split.
I0308 06:24:00.382985 139902746892096 spec.py:349] Evaluating on the test split.
I0308 06:24:02.067705 139902746892096 submission_runner.py:411] Time since start: 4965.10s, 	Step: 10455, 	{'train/accuracy': 0.4553320109844208, 'train/loss': 2.4251720905303955, 'validation/accuracy': 0.43039998412132263, 'validation/loss': 2.5701441764831543, 'validation/num_examples': 50000, 'test/accuracy': 0.32850000262260437, 'test/loss': 3.205925226211548, 'test/num_examples': 10000, 'score': 4665.796049118042, 'total_duration': 4965.096488714218, 'accumulated_submission_time': 4665.796049118042, 'accumulated_eval_time': 298.39640188217163, 'accumulated_logging_time': 0.3389160633087158}
I0308 06:24:02.087069 139708415854336 logging_writer.py:48] [10455] accumulated_eval_time=298.396402, accumulated_logging_time=0.338916, accumulated_submission_time=4665.796049, global_step=10455, preemption_count=0, score=4665.796049, test/accuracy=0.328500, test/loss=3.205925, test/num_examples=10000, total_duration=4965.096489, train/accuracy=0.455332, train/loss=2.425172, validation/accuracy=0.430400, validation/loss=2.570144, validation/num_examples=50000
I0308 06:24:20.244225 139708407461632 logging_writer.py:48] [10500] global_step=10500, grad_norm=0.9677510857582092, loss=3.351682662963867
I0308 06:25:01.764708 139708415854336 logging_writer.py:48] [10600] global_step=10600, grad_norm=0.9503567218780518, loss=3.2927608489990234
I0308 06:25:46.262629 139708407461632 logging_writer.py:48] [10700] global_step=10700, grad_norm=0.8752926588058472, loss=3.808448314666748
I0308 06:26:31.045441 139708415854336 logging_writer.py:48] [10800] global_step=10800, grad_norm=0.955477237701416, loss=4.761781215667725
I0308 06:27:15.485754 139708407461632 logging_writer.py:48] [10900] global_step=10900, grad_norm=0.8116329908370972, loss=5.815688133239746
I0308 06:28:00.340100 139708415854336 logging_writer.py:48] [11000] global_step=11000, grad_norm=0.8622728586196899, loss=5.384802341461182
I0308 06:28:44.999500 139708407461632 logging_writer.py:48] [11100] global_step=11100, grad_norm=0.7228991985321045, loss=5.601840496063232
I0308 06:29:29.743118 139708415854336 logging_writer.py:48] [11200] global_step=11200, grad_norm=1.0208004713058472, loss=3.370495319366455
I0308 06:30:15.021267 139708407461632 logging_writer.py:48] [11300] global_step=11300, grad_norm=1.0402767658233643, loss=3.3261232376098633
I0308 06:30:59.854797 139708415854336 logging_writer.py:48] [11400] global_step=11400, grad_norm=0.9386584758758545, loss=3.4590184688568115
I0308 06:31:02.134522 139902746892096 spec.py:321] Evaluating on the training split.
I0308 06:31:14.541604 139902746892096 spec.py:333] Evaluating on the validation split.
I0308 06:31:25.434065 139902746892096 spec.py:349] Evaluating on the test split.
I0308 06:31:27.122900 139902746892096 submission_runner.py:411] Time since start: 5410.15s, 	Step: 11407, 	{'train/accuracy': 0.4743359386920929, 'train/loss': 2.3213415145874023, 'validation/accuracy': 0.4418199956417084, 'validation/loss': 2.4998693466186523, 'validation/num_examples': 50000, 'test/accuracy': 0.3394000232219696, 'test/loss': 3.1411850452423096, 'test/num_examples': 10000, 'score': 5085.781652927399, 'total_duration': 5410.151679992676, 'accumulated_submission_time': 5085.781652927399, 'accumulated_eval_time': 323.38474798202515, 'accumulated_logging_time': 0.36933016777038574}
I0308 06:31:27.141407 139708407461632 logging_writer.py:48] [11407] accumulated_eval_time=323.384748, accumulated_logging_time=0.369330, accumulated_submission_time=5085.781653, global_step=11407, preemption_count=0, score=5085.781653, test/accuracy=0.339400, test/loss=3.141185, test/num_examples=10000, total_duration=5410.151680, train/accuracy=0.474336, train/loss=2.321342, validation/accuracy=0.441820, validation/loss=2.499869, validation/num_examples=50000
I0308 06:32:04.154800 139708415854336 logging_writer.py:48] [11500] global_step=11500, grad_norm=0.9901995658874512, loss=3.2860264778137207
I0308 06:32:48.556203 139708407461632 logging_writer.py:48] [11600] global_step=11600, grad_norm=0.8564633727073669, loss=4.388264179229736
I0308 06:33:33.201987 139708415854336 logging_writer.py:48] [11700] global_step=11700, grad_norm=1.157469391822815, loss=3.2647180557250977
I0308 06:34:17.943288 139708407461632 logging_writer.py:48] [11800] global_step=11800, grad_norm=0.8127090334892273, loss=5.684340000152588
I0308 06:35:02.438623 139708415854336 logging_writer.py:48] [11900] global_step=11900, grad_norm=0.8409996628761292, loss=4.18455171585083
I0308 06:35:46.826499 139708407461632 logging_writer.py:48] [12000] global_step=12000, grad_norm=1.0023678541183472, loss=3.2677230834960938
I0308 06:36:31.677929 139708415854336 logging_writer.py:48] [12100] global_step=12100, grad_norm=0.9073351621627808, loss=5.717979431152344
I0308 06:37:16.880035 139708407461632 logging_writer.py:48] [12200] global_step=12200, grad_norm=0.7574542760848999, loss=4.785717010498047
I0308 06:38:01.968688 139708415854336 logging_writer.py:48] [12300] global_step=12300, grad_norm=0.954140305519104, loss=3.270841360092163
I0308 06:38:27.650545 139902746892096 spec.py:321] Evaluating on the training split.
I0308 06:38:39.866522 139902746892096 spec.py:333] Evaluating on the validation split.
I0308 06:38:54.007977 139902746892096 spec.py:349] Evaluating on the test split.
I0308 06:38:55.692114 139902746892096 submission_runner.py:411] Time since start: 5858.72s, 	Step: 12359, 	{'train/accuracy': 0.4992382824420929, 'train/loss': 2.207763910293579, 'validation/accuracy': 0.4544000029563904, 'validation/loss': 2.4317727088928223, 'validation/num_examples': 50000, 'test/accuracy': 0.35200002789497375, 'test/loss': 3.048286199569702, 'test/num_examples': 10000, 'score': 5506.2299082279205, 'total_duration': 5858.720902204514, 'accumulated_submission_time': 5506.2299082279205, 'accumulated_eval_time': 351.4263126850128, 'accumulated_logging_time': 0.3970980644226074}
I0308 06:38:55.714606 139708407461632 logging_writer.py:48] [12359] accumulated_eval_time=351.426313, accumulated_logging_time=0.397098, accumulated_submission_time=5506.229908, global_step=12359, preemption_count=0, score=5506.229908, test/accuracy=0.352000, test/loss=3.048286, test/num_examples=10000, total_duration=5858.720902, train/accuracy=0.499238, train/loss=2.207764, validation/accuracy=0.454400, validation/loss=2.431773, validation/num_examples=50000
I0308 06:39:12.265753 139708415854336 logging_writer.py:48] [12400] global_step=12400, grad_norm=1.1811870336532593, loss=3.38702130317688
I0308 06:39:54.227609 139708407461632 logging_writer.py:48] [12500] global_step=12500, grad_norm=0.9360304474830627, loss=5.237989902496338
I0308 06:40:38.924983 139708415854336 logging_writer.py:48] [12600] global_step=12600, grad_norm=0.922407865524292, loss=3.5032670497894287
I0308 06:41:23.475777 139708407461632 logging_writer.py:48] [12700] global_step=12700, grad_norm=1.0948619842529297, loss=3.1642909049987793
I0308 06:42:07.964825 139708415854336 logging_writer.py:48] [12800] global_step=12800, grad_norm=1.0414716005325317, loss=3.3608319759368896
I0308 06:42:52.898603 139708407461632 logging_writer.py:48] [12900] global_step=12900, grad_norm=1.0103262662887573, loss=3.3317666053771973
I0308 06:43:38.245749 139708415854336 logging_writer.py:48] [13000] global_step=13000, grad_norm=0.9623115062713623, loss=5.130971908569336
I0308 06:44:23.256930 139708407461632 logging_writer.py:48] [13100] global_step=13100, grad_norm=0.9690180420875549, loss=3.517634868621826
I0308 06:45:07.966876 139708415854336 logging_writer.py:48] [13200] global_step=13200, grad_norm=1.0720717906951904, loss=3.0507748126983643
I0308 06:45:52.846123 139708407461632 logging_writer.py:48] [13300] global_step=13300, grad_norm=1.2770370244979858, loss=3.0713183879852295
I0308 06:45:55.733108 139902746892096 spec.py:321] Evaluating on the training split.
I0308 06:46:07.788338 139902746892096 spec.py:333] Evaluating on the validation split.
I0308 06:46:22.677168 139902746892096 spec.py:349] Evaluating on the test split.
I0308 06:46:24.379147 139902746892096 submission_runner.py:411] Time since start: 6307.41s, 	Step: 13308, 	{'train/accuracy': 0.5203320384025574, 'train/loss': 2.1063053607940674, 'validation/accuracy': 0.4576999843120575, 'validation/loss': 2.4315109252929688, 'validation/num_examples': 50000, 'test/accuracy': 0.3541000187397003, 'test/loss': 3.0787501335144043, 'test/num_examples': 10000, 'score': 5926.184532165527, 'total_duration': 6307.407933473587, 'accumulated_submission_time': 5926.184532165527, 'accumulated_eval_time': 380.0723383426666, 'accumulated_logging_time': 0.4321315288543701}
I0308 06:46:24.402388 139708415854336 logging_writer.py:48] [13308] accumulated_eval_time=380.072338, accumulated_logging_time=0.432132, accumulated_submission_time=5926.184532, global_step=13308, preemption_count=0, score=5926.184532, test/accuracy=0.354100, test/loss=3.078750, test/num_examples=10000, total_duration=6307.407933, train/accuracy=0.520332, train/loss=2.106305, validation/accuracy=0.457700, validation/loss=2.431511, validation/num_examples=50000
I0308 06:47:01.116240 139708407461632 logging_writer.py:48] [13400] global_step=13400, grad_norm=0.9527361989021301, loss=3.2455546855926514
I0308 06:47:46.100207 139708415854336 logging_writer.py:48] [13500] global_step=13500, grad_norm=0.7650936841964722, loss=5.662360191345215
I0308 06:48:30.628498 139708407461632 logging_writer.py:48] [13600] global_step=13600, grad_norm=0.9363771677017212, loss=3.9869747161865234
I0308 06:49:15.022750 139708415854336 logging_writer.py:48] [13700] global_step=13700, grad_norm=0.9787187576293945, loss=3.1947460174560547
I0308 06:49:59.992784 139708407461632 logging_writer.py:48] [13800] global_step=13800, grad_norm=1.061736822128296, loss=3.1435885429382324
I0308 06:50:44.642916 139708415854336 logging_writer.py:48] [13900] global_step=13900, grad_norm=1.0460776090621948, loss=3.0475401878356934
I0308 06:51:30.059876 139708407461632 logging_writer.py:48] [14000] global_step=14000, grad_norm=0.7832553386688232, loss=5.349855899810791
I0308 06:52:15.148524 139708415854336 logging_writer.py:48] [14100] global_step=14100, grad_norm=0.7903652787208557, loss=4.6651291847229
I0308 06:53:00.036293 139708407461632 logging_writer.py:48] [14200] global_step=14200, grad_norm=1.0942931175231934, loss=3.3321330547332764
I0308 06:53:24.515944 139902746892096 spec.py:321] Evaluating on the training split.
I0308 06:53:36.595382 139902746892096 spec.py:333] Evaluating on the validation split.
I0308 06:53:50.100501 139902746892096 spec.py:349] Evaluating on the test split.
I0308 06:53:51.793936 139902746892096 submission_runner.py:411] Time since start: 6754.82s, 	Step: 14256, 	{'train/accuracy': 0.512402355670929, 'train/loss': 2.137631893157959, 'validation/accuracy': 0.47807997465133667, 'validation/loss': 2.320540189743042, 'validation/num_examples': 50000, 'test/accuracy': 0.3675000071525574, 'test/loss': 2.9688971042633057, 'test/num_examples': 10000, 'score': 6346.236738204956, 'total_duration': 6754.822709321976, 'accumulated_submission_time': 6346.236738204956, 'accumulated_eval_time': 407.3503110408783, 'accumulated_logging_time': 0.4661853313446045}
I0308 06:53:51.813679 139708415854336 logging_writer.py:48] [14256] accumulated_eval_time=407.350311, accumulated_logging_time=0.466185, accumulated_submission_time=6346.236738, global_step=14256, preemption_count=0, score=6346.236738, test/accuracy=0.367500, test/loss=2.968897, test/num_examples=10000, total_duration=6754.822709, train/accuracy=0.512402, train/loss=2.137632, validation/accuracy=0.478080, validation/loss=2.320540, validation/num_examples=50000
I0308 06:54:09.543900 139708407461632 logging_writer.py:48] [14300] global_step=14300, grad_norm=1.192652702331543, loss=3.171837329864502
I0308 06:54:51.052462 139708415854336 logging_writer.py:48] [14400] global_step=14400, grad_norm=1.0587542057037354, loss=3.120791435241699
I0308 06:55:35.831917 139708407461632 logging_writer.py:48] [14500] global_step=14500, grad_norm=1.0595595836639404, loss=3.2466609477996826
I0308 06:56:20.168880 139708415854336 logging_writer.py:48] [14600] global_step=14600, grad_norm=1.0852032899856567, loss=3.1526870727539062
I0308 06:57:04.796982 139708407461632 logging_writer.py:48] [14700] global_step=14700, grad_norm=1.0408259630203247, loss=4.369129657745361
I0308 06:57:50.071561 139708415854336 logging_writer.py:48] [14800] global_step=14800, grad_norm=0.8053280711174011, loss=5.526827812194824
I0308 06:58:35.073848 139708407461632 logging_writer.py:48] [14900] global_step=14900, grad_norm=1.008172631263733, loss=3.05633807182312
I0308 06:59:20.579240 139708415854336 logging_writer.py:48] [15000] global_step=15000, grad_norm=0.7685831189155579, loss=5.180373191833496
I0308 07:00:05.647188 139708407461632 logging_writer.py:48] [15100] global_step=15100, grad_norm=1.1010159254074097, loss=3.032496452331543
I0308 07:00:50.978437 139708415854336 logging_writer.py:48] [15200] global_step=15200, grad_norm=0.9630394577980042, loss=4.163135051727295
I0308 07:00:51.851044 139902746892096 spec.py:321] Evaluating on the training split.
I0308 07:01:04.017755 139902746892096 spec.py:333] Evaluating on the validation split.
I0308 07:01:16.701685 139902746892096 spec.py:349] Evaluating on the test split.
I0308 07:01:18.385818 139902746892096 submission_runner.py:411] Time since start: 7201.41s, 	Step: 15204, 	{'train/accuracy': 0.5299218893051147, 'train/loss': 2.066849708557129, 'validation/accuracy': 0.4887799918651581, 'validation/loss': 2.277812957763672, 'validation/num_examples': 50000, 'test/accuracy': 0.3815000057220459, 'test/loss': 2.909775972366333, 'test/num_examples': 10000, 'score': 6766.212954044342, 'total_duration': 7201.414595603943, 'accumulated_submission_time': 6766.212954044342, 'accumulated_eval_time': 433.88506269454956, 'accumulated_logging_time': 0.49620556831359863}
I0308 07:01:18.410770 139708407461632 logging_writer.py:48] [15204] accumulated_eval_time=433.885063, accumulated_logging_time=0.496206, accumulated_submission_time=6766.212954, global_step=15204, preemption_count=0, score=6766.212954, test/accuracy=0.381500, test/loss=2.909776, test/num_examples=10000, total_duration=7201.414596, train/accuracy=0.529922, train/loss=2.066850, validation/accuracy=0.488780, validation/loss=2.277813, validation/num_examples=50000
I0308 07:01:56.626926 139708415854336 logging_writer.py:48] [15300] global_step=15300, grad_norm=1.0849740505218506, loss=3.038667678833008
I0308 07:02:41.835957 139708407461632 logging_writer.py:48] [15400] global_step=15400, grad_norm=1.2538843154907227, loss=3.0330915451049805
I0308 07:03:27.373974 139708415854336 logging_writer.py:48] [15500] global_step=15500, grad_norm=1.2952076196670532, loss=3.0996925830841064
I0308 07:04:12.606083 139708407461632 logging_writer.py:48] [15600] global_step=15600, grad_norm=0.8454304337501526, loss=5.571461200714111
I0308 07:04:58.019570 139708415854336 logging_writer.py:48] [15700] global_step=15700, grad_norm=1.1316287517547607, loss=3.0174131393432617
I0308 07:05:43.758134 139708407461632 logging_writer.py:48] [15800] global_step=15800, grad_norm=1.0846943855285645, loss=3.1015572547912598
I0308 07:06:28.836380 139708415854336 logging_writer.py:48] [15900] global_step=15900, grad_norm=1.0724283456802368, loss=3.0411057472229004
I0308 07:07:13.873892 139708407461632 logging_writer.py:48] [16000] global_step=16000, grad_norm=1.001943588256836, loss=3.0180301666259766
