python3 submission_runner.py --framework=jax --workload=wmt --submission_path=prize_qualification_baselines/external_tuning/jax_nadamw_full_budget.py --tuning_search_space=prize_qualification_baselines/external_tuning/tuning_search_space.json --data_dir=/data/wmt --num_tuning_trials=1 --experiment_dir=/experiment_runs --experiment_name=prize_qualification/study_3 --overwrite=true --save_checkpoints=false --num_tuning_trials=5 --rng_seed=599091471 --max_global_steps=133333 2>&1 | tee -a /logs/wmt_jax_02-10-2024-14-47-06.log
I0210 14:47:29.915060 140144802662208 logger_utils.py:76] Creating experiment directory at /experiment_runs/prize_qualification/study_3/wmt_jax.
I0210 14:47:30.953753 140144802662208 xla_bridge.py:455] Unable to initialize backend 'rocm': NOT_FOUND: Could not find registered platform with name: "rocm". Available platform names are: Interpreter Host CUDA
I0210 14:47:30.954532 140144802662208 xla_bridge.py:455] Unable to initialize backend 'tpu': module 'jaxlib.xla_extension' has no attribute 'get_tpu_client'
I0210 14:47:30.954687 140144802662208 xla_bridge.py:455] Unable to initialize backend 'plugin': xla_extension has no attributes named get_plugin_device_client. Compile TensorFlow with //tensorflow/compiler/xla/python:enable_plugin_device set to true (defaults to false) to enable this.
I0210 14:47:30.955784 140144802662208 submission_runner.py:542] Using RNG seed 599091471
I0210 14:47:32.115251 140144802662208 submission_runner.py:551] --- Tuning run 1/5 ---
I0210 14:47:32.115497 140144802662208 submission_runner.py:556] Creating tuning directory at /experiment_runs/prize_qualification/study_3/wmt_jax/trial_1.
I0210 14:47:32.115719 140144802662208 logger_utils.py:92] Saving hparams to /experiment_runs/prize_qualification/study_3/wmt_jax/trial_1/hparams.json.
I0210 14:47:32.303259 140144802662208 submission_runner.py:206] Initializing dataset.
I0210 14:47:32.314707 140144802662208 dataset_info.py:578] Load dataset info from /data/wmt/wmt17_translate/de-en/1.0.0
I0210 14:47:32.318731 140144802662208 dataset_info.py:669] Fields info.[splits, supervised_keys] from disk and from code do not match. Keeping the one from code.
I0210 14:47:32.485207 140144802662208 logging_logger.py:49] Constructing tf.data.Dataset wmt17_translate for split train, from /data/wmt/wmt17_translate/de-en/1.0.0
I0210 14:47:34.662997 140144802662208 submission_runner.py:213] Initializing model.
I0210 14:47:44.509356 140144802662208 submission_runner.py:255] Initializing optimizer.
I0210 14:47:45.680173 140144802662208 submission_runner.py:262] Initializing metrics bundle.
I0210 14:47:45.680447 140144802662208 submission_runner.py:280] Initializing checkpoint and logger.
I0210 14:47:45.681996 140144802662208 checkpoints.py:915] Found no checkpoint files in /experiment_runs/prize_qualification/study_3/wmt_jax/trial_1 with prefix checkpoint_
I0210 14:47:45.682172 140144802662208 submission_runner.py:300] Saving meta data to /experiment_runs/prize_qualification/study_3/wmt_jax/trial_1/meta_data_0.json.
I0210 14:47:45.682430 140144802662208 logger_utils.py:257] Unable to record workload.train_mean information. Continuing without it.
I0210 14:47:45.682507 140144802662208 logger_utils.py:257] Unable to record workload.train_stddev information. Continuing without it.
fatal: detected dubious ownership in repository at '/algorithmic-efficiency'
To add an exception for this directory, call:

	git config --global --add safe.directory /algorithmic-efficiency
I0210 14:47:46.058176 140144802662208 logger_utils.py:220] Unable to record git information. Continuing without it.
I0210 14:47:46.423394 140144802662208 submission_runner.py:304] Saving flags to /experiment_runs/prize_qualification/study_3/wmt_jax/trial_1/flags_0.json.
I0210 14:47:46.434691 140144802662208 submission_runner.py:314] Starting training loop.
I0210 14:48:23.807879 139979510503168 logging_writer.py:48] [0] global_step=0, grad_norm=5.227548599243164, loss=10.960338592529297
I0210 14:48:23.824057 140144802662208 spec.py:321] Evaluating on the training split.
I0210 14:48:23.828356 140144802662208 dataset_info.py:578] Load dataset info from /data/wmt/wmt17_translate/de-en/1.0.0
I0210 14:48:23.831305 140144802662208 dataset_info.py:669] Fields info.[splits, supervised_keys] from disk and from code do not match. Keeping the one from code.
I0210 14:48:23.869636 140144802662208 logging_logger.py:49] Constructing tf.data.Dataset wmt17_translate for split train, from /data/wmt/wmt17_translate/de-en/1.0.0
I0210 14:48:31.498505 140144802662208 workload.py:181] Translating evaluation dataset.
I0210 14:53:26.372305 140144802662208 spec.py:333] Evaluating on the validation split.
I0210 14:53:26.376279 140144802662208 dataset_info.py:578] Load dataset info from /data/wmt/wmt14_translate/de-en/1.0.0
I0210 14:53:26.380351 140144802662208 dataset_info.py:669] Fields info.[splits, supervised_keys] from disk and from code do not match. Keeping the one from code.
I0210 14:53:26.419528 140144802662208 logging_logger.py:49] Constructing tf.data.Dataset wmt14_translate for split validation, from /data/wmt/wmt14_translate/de-en/1.0.0
I0210 14:53:33.167082 140144802662208 workload.py:181] Translating evaluation dataset.
I0210 14:58:17.902229 140144802662208 spec.py:349] Evaluating on the test split.
I0210 14:58:17.905262 140144802662208 dataset_info.py:578] Load dataset info from /data/wmt/wmt14_translate/de-en/1.0.0
I0210 14:58:17.909169 140144802662208 dataset_info.py:669] Fields info.[splits, supervised_keys] from disk and from code do not match. Keeping the one from code.
I0210 14:58:17.949527 140144802662208 logging_logger.py:49] Constructing tf.data.Dataset wmt14_translate for split test, from /data/wmt/wmt14_translate/de-en/1.0.0
I0210 14:58:20.779281 140144802662208 workload.py:181] Translating evaluation dataset.
I0210 15:03:06.360929 140144802662208 submission_runner.py:408] Time since start: 919.93s, 	Step: 1, 	{'train/accuracy': 0.0006382566643878818, 'train/loss': 10.960665702819824, 'train/bleu': 0.0, 'validation/accuracy': 0.0004835649742744863, 'validation/loss': 10.980294227600098, 'validation/bleu': 0.0, 'validation/num_examples': 3000, 'test/accuracy': 0.0007088489946909249, 'test/loss': 10.966498374938965, 'test/bleu': 0.0, 'test/num_examples': 3003, 'score': 37.38932204246521, 'total_duration': 919.9261367321014, 'accumulated_submission_time': 37.38932204246521, 'accumulated_eval_time': 882.5367727279663, 'accumulated_logging_time': 0}
I0210 15:03:06.387621 139975138969344 logging_writer.py:48] [1] accumulated_eval_time=882.536773, accumulated_logging_time=0, accumulated_submission_time=37.389322, global_step=1, preemption_count=0, score=37.389322, test/accuracy=0.000709, test/bleu=0.000000, test/loss=10.966498, test/num_examples=3003, total_duration=919.926137, train/accuracy=0.000638, train/bleu=0.000000, train/loss=10.960666, validation/accuracy=0.000484, validation/bleu=0.000000, validation/loss=10.980294, validation/num_examples=3000
I0210 15:03:41.159806 139975130576640 logging_writer.py:48] [100] global_step=100, grad_norm=0.3925250470638275, loss=8.968056678771973
I0210 15:04:15.915627 139975138969344 logging_writer.py:48] [200] global_step=200, grad_norm=0.16082531213760376, loss=8.581539154052734
I0210 15:04:50.719187 139975130576640 logging_writer.py:48] [300] global_step=300, grad_norm=0.17985734343528748, loss=8.335307121276855
I0210 15:05:25.534181 139975138969344 logging_writer.py:48] [400] global_step=400, grad_norm=0.25205564498901367, loss=8.01386547088623
I0210 15:06:00.343320 139975130576640 logging_writer.py:48] [500] global_step=500, grad_norm=0.3576721251010895, loss=7.663034915924072
I0210 15:06:35.189382 139975138969344 logging_writer.py:48] [600] global_step=600, grad_norm=0.5109453797340393, loss=7.411953926086426
I0210 15:07:10.058465 139975130576640 logging_writer.py:48] [700] global_step=700, grad_norm=0.6136749386787415, loss=7.24736213684082
I0210 15:07:44.923220 139975138969344 logging_writer.py:48] [800] global_step=800, grad_norm=0.5663554072380066, loss=6.976061820983887
I0210 15:08:19.840136 139975130576640 logging_writer.py:48] [900] global_step=900, grad_norm=0.579888641834259, loss=6.743558406829834
I0210 15:08:54.755199 139975138969344 logging_writer.py:48] [1000] global_step=1000, grad_norm=0.5630159974098206, loss=6.590373992919922
I0210 15:09:29.755689 139975130576640 logging_writer.py:48] [1100] global_step=1100, grad_norm=0.696350634098053, loss=6.362935543060303
I0210 15:10:04.636513 139975138969344 logging_writer.py:48] [1200] global_step=1200, grad_norm=0.8131218552589417, loss=6.2095537185668945
I0210 15:10:39.508209 139975130576640 logging_writer.py:48] [1300] global_step=1300, grad_norm=0.5065469741821289, loss=6.120990753173828
I0210 15:11:14.413781 139975138969344 logging_writer.py:48] [1400] global_step=1400, grad_norm=0.7784177660942078, loss=5.982620716094971
I0210 15:11:49.288156 139975130576640 logging_writer.py:48] [1500] global_step=1500, grad_norm=0.6148735284805298, loss=5.829615592956543
I0210 15:12:24.231720 139975138969344 logging_writer.py:48] [1600] global_step=1600, grad_norm=0.6450021266937256, loss=5.666720867156982
I0210 15:12:59.158735 139975130576640 logging_writer.py:48] [1700] global_step=1700, grad_norm=0.54518723487854, loss=5.567314624786377
I0210 15:13:34.075694 139975138969344 logging_writer.py:48] [1800] global_step=1800, grad_norm=1.5623139142990112, loss=5.4891357421875
I0210 15:14:08.942723 139975130576640 logging_writer.py:48] [1900] global_step=1900, grad_norm=1.0547086000442505, loss=5.3503546714782715
I0210 15:14:43.809026 139975138969344 logging_writer.py:48] [2000] global_step=2000, grad_norm=0.6484910845756531, loss=5.307024002075195
I0210 15:15:18.716192 139975130576640 logging_writer.py:48] [2100] global_step=2100, grad_norm=1.1187018156051636, loss=5.157747745513916
I0210 15:15:53.602314 139975138969344 logging_writer.py:48] [2200] global_step=2200, grad_norm=0.6460539698600769, loss=5.094728946685791
I0210 15:16:28.498494 139975130576640 logging_writer.py:48] [2300] global_step=2300, grad_norm=0.7437392473220825, loss=4.9894328117370605
I0210 15:17:03.395400 139975138969344 logging_writer.py:48] [2400] global_step=2400, grad_norm=1.2064570188522339, loss=4.8471760749816895
I0210 15:17:06.605982 140144802662208 spec.py:321] Evaluating on the training split.
I0210 15:17:09.592664 140144802662208 workload.py:181] Translating evaluation dataset.
I0210 15:20:46.672337 140144802662208 spec.py:333] Evaluating on the validation split.
I0210 15:20:49.356288 140144802662208 workload.py:181] Translating evaluation dataset.
I0210 15:24:10.854655 140144802662208 spec.py:349] Evaluating on the test split.
I0210 15:24:13.535611 140144802662208 workload.py:181] Translating evaluation dataset.
I0210 15:27:01.613107 140144802662208 submission_runner.py:408] Time since start: 2355.18s, 	Step: 2411, 	{'train/accuracy': 0.4126627445220947, 'train/loss': 4.002304553985596, 'train/bleu': 14.245377447202788, 'validation/accuracy': 0.3975647985935211, 'validation/loss': 4.118062496185303, 'validation/bleu': 9.613389479466635, 'validation/num_examples': 3000, 'test/accuracy': 0.38110512495040894, 'test/loss': 4.32146692276001, 'test/bleu': 8.015197424590168, 'test/num_examples': 3003, 'score': 877.514372587204, 'total_duration': 2355.1783118247986, 'accumulated_submission_time': 877.514372587204, 'accumulated_eval_time': 1477.5438141822815, 'accumulated_logging_time': 0.03843188285827637}
I0210 15:27:01.639443 139975130576640 logging_writer.py:48] [2411] accumulated_eval_time=1477.543814, accumulated_logging_time=0.038432, accumulated_submission_time=877.514373, global_step=2411, preemption_count=0, score=877.514373, test/accuracy=0.381105, test/bleu=8.015197, test/loss=4.321467, test/num_examples=3003, total_duration=2355.178312, train/accuracy=0.412663, train/bleu=14.245377, train/loss=4.002305, validation/accuracy=0.397565, validation/bleu=9.613389, validation/loss=4.118062, validation/num_examples=3000
I0210 15:27:32.973709 139975138969344 logging_writer.py:48] [2500] global_step=2500, grad_norm=0.8057059645652771, loss=4.867135524749756
I0210 15:28:07.809557 139975130576640 logging_writer.py:48] [2600] global_step=2600, grad_norm=1.074629306793213, loss=4.644018173217773
I0210 15:28:42.661449 139975138969344 logging_writer.py:48] [2700] global_step=2700, grad_norm=1.3878788948059082, loss=4.660332202911377
I0210 15:29:17.558048 139975130576640 logging_writer.py:48] [2800] global_step=2800, grad_norm=1.342105746269226, loss=4.604974746704102
I0210 15:29:52.494420 139975138969344 logging_writer.py:48] [2900] global_step=2900, grad_norm=0.6634406447410583, loss=4.4743852615356445
I0210 15:30:27.412127 139975130576640 logging_writer.py:48] [3000] global_step=3000, grad_norm=0.6725298166275024, loss=4.434315204620361
I0210 15:31:02.306720 139975138969344 logging_writer.py:48] [3100] global_step=3100, grad_norm=0.8506165146827698, loss=4.383145809173584
I0210 15:31:37.159545 139975130576640 logging_writer.py:48] [3200] global_step=3200, grad_norm=0.7431073784828186, loss=4.345571994781494
I0210 15:32:12.048713 139975138969344 logging_writer.py:48] [3300] global_step=3300, grad_norm=0.9651064276695251, loss=4.210877895355225
I0210 15:32:46.895047 139975130576640 logging_writer.py:48] [3400] global_step=3400, grad_norm=0.7661617398262024, loss=4.210417747497559
I0210 15:33:21.769389 139975138969344 logging_writer.py:48] [3500] global_step=3500, grad_norm=0.7244096398353577, loss=4.14396858215332
I0210 15:33:56.660499 139975130576640 logging_writer.py:48] [3600] global_step=3600, grad_norm=0.6636103391647339, loss=4.169451713562012
I0210 15:34:31.581722 139975138969344 logging_writer.py:48] [3700] global_step=3700, grad_norm=0.6447309255599976, loss=4.098654747009277
I0210 15:35:06.483609 139975130576640 logging_writer.py:48] [3800] global_step=3800, grad_norm=0.6762318015098572, loss=4.060280799865723
I0210 15:35:41.334213 139975138969344 logging_writer.py:48] [3900] global_step=3900, grad_norm=0.6723310947418213, loss=4.0118536949157715
I0210 15:36:16.210529 139975130576640 logging_writer.py:48] [4000] global_step=4000, grad_norm=0.7229121327400208, loss=4.028074741363525
I0210 15:36:51.093267 139975138969344 logging_writer.py:48] [4100] global_step=4100, grad_norm=0.6332935690879822, loss=3.9788341522216797
I0210 15:37:25.983583 139975130576640 logging_writer.py:48] [4200] global_step=4200, grad_norm=0.6585279107093811, loss=3.931668758392334
I0210 15:38:00.867208 139975138969344 logging_writer.py:48] [4300] global_step=4300, grad_norm=0.707805335521698, loss=3.8942818641662598
I0210 15:38:35.706233 139975130576640 logging_writer.py:48] [4400] global_step=4400, grad_norm=0.5523741841316223, loss=3.8605098724365234
I0210 15:39:10.543043 139975138969344 logging_writer.py:48] [4500] global_step=4500, grad_norm=0.5686829686164856, loss=3.8099186420440674
I0210 15:39:45.402911 139975130576640 logging_writer.py:48] [4600] global_step=4600, grad_norm=0.5650508403778076, loss=3.8154847621917725
I0210 15:40:20.271372 139975138969344 logging_writer.py:48] [4700] global_step=4700, grad_norm=0.5659034252166748, loss=3.7825920581817627
I0210 15:40:55.125857 139975130576640 logging_writer.py:48] [4800] global_step=4800, grad_norm=0.5085803866386414, loss=3.7526779174804688
I0210 15:41:01.817202 140144802662208 spec.py:321] Evaluating on the training split.
I0210 15:41:04.797621 140144802662208 workload.py:181] Translating evaluation dataset.
I0210 15:43:52.476085 140144802662208 spec.py:333] Evaluating on the validation split.
I0210 15:43:55.161250 140144802662208 workload.py:181] Translating evaluation dataset.
I0210 15:46:44.855030 140144802662208 spec.py:349] Evaluating on the test split.
I0210 15:46:47.531143 140144802662208 workload.py:181] Translating evaluation dataset.
I0210 15:49:24.124413 140144802662208 submission_runner.py:408] Time since start: 3697.69s, 	Step: 4821, 	{'train/accuracy': 0.5397511124610901, 'train/loss': 2.7535836696624756, 'train/bleu': 24.513584478437387, 'validation/accuracy': 0.5449033379554749, 'validation/loss': 2.7072184085845947, 'validation/bleu': 20.628340353540654, 'validation/num_examples': 3000, 'test/accuracy': 0.5461623668670654, 'test/loss': 2.733055353164673, 'test/bleu': 19.172664785009378, 'test/num_examples': 3003, 'score': 1717.5991599559784, 'total_duration': 3697.6896362304688, 'accumulated_submission_time': 1717.5991599559784, 'accumulated_eval_time': 1979.8509588241577, 'accumulated_logging_time': 0.07812023162841797}
I0210 15:49:24.139668 139975138969344 logging_writer.py:48] [4821] accumulated_eval_time=1979.850959, accumulated_logging_time=0.078120, accumulated_submission_time=1717.599160, global_step=4821, preemption_count=0, score=1717.599160, test/accuracy=0.546162, test/bleu=19.172665, test/loss=2.733055, test/num_examples=3003, total_duration=3697.689636, train/accuracy=0.539751, train/bleu=24.513584, train/loss=2.753584, validation/accuracy=0.544903, validation/bleu=20.628340, validation/loss=2.707218, validation/num_examples=3000
I0210 15:49:51.914129 139975130576640 logging_writer.py:48] [4900] global_step=4900, grad_norm=0.5931035280227661, loss=3.7777349948883057
I0210 15:50:26.689330 139975138969344 logging_writer.py:48] [5000] global_step=5000, grad_norm=0.5547078251838684, loss=3.7565388679504395
I0210 15:51:01.545074 139975130576640 logging_writer.py:48] [5100] global_step=5100, grad_norm=0.582527756690979, loss=3.70314884185791
I0210 15:51:36.396548 139975138969344 logging_writer.py:48] [5200] global_step=5200, grad_norm=0.5369121432304382, loss=3.6902101039886475
I0210 15:52:11.230098 139975130576640 logging_writer.py:48] [5300] global_step=5300, grad_norm=0.4780627191066742, loss=3.64874267578125
I0210 15:52:46.076312 139975138969344 logging_writer.py:48] [5400] global_step=5400, grad_norm=0.5045372843742371, loss=3.664782762527466
I0210 15:53:20.957580 139975130576640 logging_writer.py:48] [5500] global_step=5500, grad_norm=0.6062529683113098, loss=3.6937451362609863
I0210 15:53:55.788174 139975138969344 logging_writer.py:48] [5600] global_step=5600, grad_norm=0.49247485399246216, loss=3.675201654434204
I0210 15:54:30.646486 139975130576640 logging_writer.py:48] [5700] global_step=5700, grad_norm=0.4781562089920044, loss=3.650358200073242
I0210 15:55:05.483553 139975138969344 logging_writer.py:48] [5800] global_step=5800, grad_norm=0.5348918437957764, loss=3.6206936836242676
I0210 15:55:40.312323 139975130576640 logging_writer.py:48] [5900] global_step=5900, grad_norm=0.5837454795837402, loss=3.6176536083221436
I0210 15:56:15.140825 139975138969344 logging_writer.py:48] [6000] global_step=6000, grad_norm=0.502457320690155, loss=3.5911879539489746
I0210 15:56:50.011542 139975130576640 logging_writer.py:48] [6100] global_step=6100, grad_norm=0.5925126075744629, loss=3.6254005432128906
I0210 15:57:24.854442 139975138969344 logging_writer.py:48] [6200] global_step=6200, grad_norm=0.4726894795894623, loss=3.6206979751586914
I0210 15:57:59.680799 139975130576640 logging_writer.py:48] [6300] global_step=6300, grad_norm=0.4330565631389618, loss=3.5316152572631836
I0210 15:58:34.500358 139975138969344 logging_writer.py:48] [6400] global_step=6400, grad_norm=0.46436405181884766, loss=3.550802230834961
I0210 15:59:09.322386 139975130576640 logging_writer.py:48] [6500] global_step=6500, grad_norm=0.42809411883354187, loss=3.5744171142578125
I0210 15:59:44.180893 139975138969344 logging_writer.py:48] [6600] global_step=6600, grad_norm=0.5007066130638123, loss=3.6033291816711426
I0210 16:00:18.992472 139975130576640 logging_writer.py:48] [6700] global_step=6700, grad_norm=0.399629145860672, loss=3.534602165222168
I0210 16:00:53.838446 139975138969344 logging_writer.py:48] [6800] global_step=6800, grad_norm=0.5077768564224243, loss=3.511838674545288
I0210 16:01:28.684514 139975130576640 logging_writer.py:48] [6900] global_step=6900, grad_norm=0.44078943133354187, loss=3.554338216781616
I0210 16:02:03.501865 139975138969344 logging_writer.py:48] [7000] global_step=7000, grad_norm=0.4331341087818146, loss=3.5046873092651367
I0210 16:02:38.322694 139975130576640 logging_writer.py:48] [7100] global_step=7100, grad_norm=0.409318745136261, loss=3.5500969886779785
I0210 16:03:13.155444 139975138969344 logging_writer.py:48] [7200] global_step=7200, grad_norm=0.4650873839855194, loss=3.467601776123047
I0210 16:03:24.370124 140144802662208 spec.py:321] Evaluating on the training split.
I0210 16:03:27.356071 140144802662208 workload.py:181] Translating evaluation dataset.
I0210 16:06:16.374204 140144802662208 spec.py:333] Evaluating on the validation split.
I0210 16:06:19.044084 140144802662208 workload.py:181] Translating evaluation dataset.
I0210 16:09:01.561922 140144802662208 spec.py:349] Evaluating on the test split.
I0210 16:09:04.250095 140144802662208 workload.py:181] Translating evaluation dataset.
I0210 16:11:36.545281 140144802662208 submission_runner.py:408] Time since start: 5030.11s, 	Step: 7234, 	{'train/accuracy': 0.5832327604293823, 'train/loss': 2.348278522491455, 'train/bleu': 27.40869814351565, 'validation/accuracy': 0.5864651203155518, 'validation/loss': 2.313688039779663, 'validation/bleu': 23.116123270683246, 'validation/num_examples': 3000, 'test/accuracy': 0.5904944539070129, 'test/loss': 2.3054873943328857, 'test/bleu': 22.381906824340813, 'test/num_examples': 3003, 'score': 2557.73996424675, 'total_duration': 5030.1105189323425, 'accumulated_submission_time': 2557.73996424675, 'accumulated_eval_time': 2472.0260739326477, 'accumulated_logging_time': 0.1051478385925293}
I0210 16:11:36.561593 139975130576640 logging_writer.py:48] [7234] accumulated_eval_time=2472.026074, accumulated_logging_time=0.105148, accumulated_submission_time=2557.739964, global_step=7234, preemption_count=0, score=2557.739964, test/accuracy=0.590494, test/bleu=22.381907, test/loss=2.305487, test/num_examples=3003, total_duration=5030.110519, train/accuracy=0.583233, train/bleu=27.408698, train/loss=2.348279, validation/accuracy=0.586465, validation/bleu=23.116123, validation/loss=2.313688, validation/num_examples=3000
I0210 16:11:59.802799 139975138969344 logging_writer.py:48] [7300] global_step=7300, grad_norm=0.472279816865921, loss=3.4267892837524414
I0210 16:12:34.528587 139975130576640 logging_writer.py:48] [7400] global_step=7400, grad_norm=0.40985485911369324, loss=3.390139102935791
I0210 16:13:09.329184 139975138969344 logging_writer.py:48] [7500] global_step=7500, grad_norm=0.3846465051174164, loss=3.408179521560669
I0210 16:13:44.138423 139975130576640 logging_writer.py:48] [7600] global_step=7600, grad_norm=0.5143766403198242, loss=3.3850200176239014
I0210 16:14:18.929900 139975138969344 logging_writer.py:48] [7700] global_step=7700, grad_norm=0.4704464375972748, loss=3.4234282970428467
I0210 16:14:53.764932 139975130576640 logging_writer.py:48] [7800] global_step=7800, grad_norm=0.43230873346328735, loss=3.4490268230438232
I0210 16:15:28.597387 139975138969344 logging_writer.py:48] [7900] global_step=7900, grad_norm=0.409260094165802, loss=3.5037918090820312
I0210 16:16:03.409680 139975130576640 logging_writer.py:48] [8000] global_step=8000, grad_norm=0.3558630347251892, loss=3.381349563598633
I0210 16:16:38.215259 139975138969344 logging_writer.py:48] [8100] global_step=8100, grad_norm=0.3592727780342102, loss=3.4032180309295654
I0210 16:17:13.048130 139975130576640 logging_writer.py:48] [8200] global_step=8200, grad_norm=0.34859907627105713, loss=3.4089365005493164
I0210 16:17:47.843446 139975138969344 logging_writer.py:48] [8300] global_step=8300, grad_norm=0.41517335176467896, loss=3.373161792755127
I0210 16:18:22.662565 139975130576640 logging_writer.py:48] [8400] global_step=8400, grad_norm=0.3799896240234375, loss=3.3937671184539795
I0210 16:18:57.495691 139975138969344 logging_writer.py:48] [8500] global_step=8500, grad_norm=0.3320157527923584, loss=3.274843692779541
I0210 16:19:32.289285 139975130576640 logging_writer.py:48] [8600] global_step=8600, grad_norm=0.3228687644004822, loss=3.287137746810913
I0210 16:20:07.109597 139975138969344 logging_writer.py:48] [8700] global_step=8700, grad_norm=0.3356499969959259, loss=3.3740103244781494
I0210 16:20:41.926412 139975130576640 logging_writer.py:48] [8800] global_step=8800, grad_norm=0.4032892882823944, loss=3.2943270206451416
I0210 16:21:16.726377 139975138969344 logging_writer.py:48] [8900] global_step=8900, grad_norm=0.4150007367134094, loss=3.320326328277588
I0210 16:21:51.509373 139975130576640 logging_writer.py:48] [9000] global_step=9000, grad_norm=0.32754915952682495, loss=3.4274916648864746
I0210 16:22:26.307513 139975138969344 logging_writer.py:48] [9100] global_step=9100, grad_norm=0.3552957773208618, loss=3.3640332221984863
I0210 16:23:01.111481 139975130576640 logging_writer.py:48] [9200] global_step=9200, grad_norm=0.348432332277298, loss=3.4304583072662354
I0210 16:23:35.969373 139975138969344 logging_writer.py:48] [9300] global_step=9300, grad_norm=0.34474238753318787, loss=3.32116961479187
I0210 16:24:10.767969 139975130576640 logging_writer.py:48] [9400] global_step=9400, grad_norm=0.32194826006889343, loss=3.377534866333008
I0210 16:24:45.576504 139975138969344 logging_writer.py:48] [9500] global_step=9500, grad_norm=0.3061966300010681, loss=3.2913477420806885
I0210 16:25:20.374153 139975130576640 logging_writer.py:48] [9600] global_step=9600, grad_norm=0.3259735107421875, loss=3.301790237426758
I0210 16:25:36.817665 140144802662208 spec.py:321] Evaluating on the training split.
I0210 16:25:39.797934 140144802662208 workload.py:181] Translating evaluation dataset.
I0210 16:28:26.196099 140144802662208 spec.py:333] Evaluating on the validation split.
I0210 16:28:28.883295 140144802662208 workload.py:181] Translating evaluation dataset.
I0210 16:30:55.034055 140144802662208 spec.py:349] Evaluating on the test split.
I0210 16:30:57.738665 140144802662208 workload.py:181] Translating evaluation dataset.
I0210 16:33:10.594043 140144802662208 submission_runner.py:408] Time since start: 6324.16s, 	Step: 9649, 	{'train/accuracy': 0.5944892764091492, 'train/loss': 2.2307252883911133, 'train/bleu': 27.885071200396293, 'validation/accuracy': 0.608386754989624, 'validation/loss': 2.125382423400879, 'validation/bleu': 24.95503798977198, 'validation/num_examples': 3000, 'test/accuracy': 0.6160014271736145, 'test/loss': 2.0950565338134766, 'test/bleu': 23.70429726840615, 'test/num_examples': 3003, 'score': 3397.9064087867737, 'total_duration': 6324.159275770187, 'accumulated_submission_time': 3397.9064087867737, 'accumulated_eval_time': 2925.8024010658264, 'accumulated_logging_time': 0.13380646705627441}
I0210 16:33:10.609730 139975138969344 logging_writer.py:48] [9649] accumulated_eval_time=2925.802401, accumulated_logging_time=0.133806, accumulated_submission_time=3397.906409, global_step=9649, preemption_count=0, score=3397.906409, test/accuracy=0.616001, test/bleu=23.704297, test/loss=2.095057, test/num_examples=3003, total_duration=6324.159276, train/accuracy=0.594489, train/bleu=27.885071, train/loss=2.230725, validation/accuracy=0.608387, validation/bleu=24.955038, validation/loss=2.125382, validation/num_examples=3000
I0210 16:33:28.635281 139975130576640 logging_writer.py:48] [9700] global_step=9700, grad_norm=0.3052666187286377, loss=3.2355875968933105
I0210 16:34:03.347041 139975138969344 logging_writer.py:48] [9800] global_step=9800, grad_norm=0.2855355143547058, loss=3.300259828567505
I0210 16:34:38.133826 139975130576640 logging_writer.py:48] [9900] global_step=9900, grad_norm=0.3014712333679199, loss=3.2819252014160156
I0210 16:35:12.924702 139975138969344 logging_writer.py:48] [10000] global_step=10000, grad_norm=0.30411529541015625, loss=3.2554852962493896
I0210 16:35:47.752317 139975130576640 logging_writer.py:48] [10100] global_step=10100, grad_norm=0.34643349051475525, loss=3.3613510131835938
I0210 16:36:22.539382 139975138969344 logging_writer.py:48] [10200] global_step=10200, grad_norm=0.3137511909008026, loss=3.2769975662231445
I0210 16:36:57.356953 139975130576640 logging_writer.py:48] [10300] global_step=10300, grad_norm=0.30692917108535767, loss=3.2743873596191406
I0210 16:37:32.155657 139975138969344 logging_writer.py:48] [10400] global_step=10400, grad_norm=0.30265992879867554, loss=3.2707467079162598
I0210 16:38:06.922544 139975130576640 logging_writer.py:48] [10500] global_step=10500, grad_norm=0.2777225077152252, loss=3.360426425933838
I0210 16:38:41.728952 139975138969344 logging_writer.py:48] [10600] global_step=10600, grad_norm=0.2896631062030792, loss=3.28259539604187
I0210 16:39:16.568685 139975130576640 logging_writer.py:48] [10700] global_step=10700, grad_norm=0.2702847421169281, loss=3.3261172771453857
I0210 16:39:51.396616 139975138969344 logging_writer.py:48] [10800] global_step=10800, grad_norm=0.26410922408103943, loss=3.2859439849853516
I0210 16:40:26.196649 139975130576640 logging_writer.py:48] [10900] global_step=10900, grad_norm=0.25657257437705994, loss=3.253636121749878
I0210 16:41:00.995817 139975138969344 logging_writer.py:48] [11000] global_step=11000, grad_norm=0.3216131329536438, loss=3.373443365097046
I0210 16:41:35.852100 139975130576640 logging_writer.py:48] [11100] global_step=11100, grad_norm=0.292220801115036, loss=3.193500518798828
I0210 16:42:10.653842 139975138969344 logging_writer.py:48] [11200] global_step=11200, grad_norm=0.26737380027770996, loss=3.2042653560638428
I0210 16:42:45.422984 139975130576640 logging_writer.py:48] [11300] global_step=11300, grad_norm=0.2636148929595947, loss=3.2574470043182373
I0210 16:43:20.210718 139975138969344 logging_writer.py:48] [11400] global_step=11400, grad_norm=0.28549739718437195, loss=3.233229875564575
I0210 16:43:55.048110 139975130576640 logging_writer.py:48] [11500] global_step=11500, grad_norm=0.2521972060203552, loss=3.2548015117645264
I0210 16:44:29.879023 139975138969344 logging_writer.py:48] [11600] global_step=11600, grad_norm=0.256357878446579, loss=3.218306064605713
I0210 16:45:04.693742 139975130576640 logging_writer.py:48] [11700] global_step=11700, grad_norm=0.2826078236103058, loss=3.2771666049957275
I0210 16:45:39.496522 139975138969344 logging_writer.py:48] [11800] global_step=11800, grad_norm=0.2684893012046814, loss=3.142275094985962
I0210 16:46:14.288719 139975130576640 logging_writer.py:48] [11900] global_step=11900, grad_norm=0.2725159227848053, loss=3.2387681007385254
I0210 16:46:49.075684 139975138969344 logging_writer.py:48] [12000] global_step=12000, grad_norm=0.33407050371170044, loss=3.270742177963257
I0210 16:47:10.685404 140144802662208 spec.py:321] Evaluating on the training split.
I0210 16:47:13.663213 140144802662208 workload.py:181] Translating evaluation dataset.
I0210 16:49:57.712271 140144802662208 spec.py:333] Evaluating on the validation split.
I0210 16:50:00.398758 140144802662208 workload.py:181] Translating evaluation dataset.
I0210 16:52:37.526511 140144802662208 spec.py:349] Evaluating on the test split.
I0210 16:52:40.211839 140144802662208 workload.py:181] Translating evaluation dataset.
I0210 16:55:00.097934 140144802662208 submission_runner.py:408] Time since start: 7633.66s, 	Step: 12064, 	{'train/accuracy': 0.6005798578262329, 'train/loss': 2.151870012283325, 'train/bleu': 28.89981054140853, 'validation/accuracy': 0.6196823120117188, 'validation/loss': 2.009481906890869, 'validation/bleu': 25.802299412078856, 'validation/num_examples': 3000, 'test/accuracy': 0.6272267699241638, 'test/loss': 1.9692918062210083, 'test/bleu': 24.68109616132204, 'test/num_examples': 3003, 'score': 4237.891711235046, 'total_duration': 7633.663153886795, 'accumulated_submission_time': 4237.891711235046, 'accumulated_eval_time': 3395.214864253998, 'accumulated_logging_time': 0.15960693359375}
I0210 16:55:00.113812 139975130576640 logging_writer.py:48] [12064] accumulated_eval_time=3395.214864, accumulated_logging_time=0.159607, accumulated_submission_time=4237.891711, global_step=12064, preemption_count=0, score=4237.891711, test/accuracy=0.627227, test/bleu=24.681096, test/loss=1.969292, test/num_examples=3003, total_duration=7633.663154, train/accuracy=0.600580, train/bleu=28.899811, train/loss=2.151870, validation/accuracy=0.619682, validation/bleu=25.802299, validation/loss=2.009482, validation/num_examples=3000
I0210 16:55:12.970070 139975138969344 logging_writer.py:48] [12100] global_step=12100, grad_norm=0.26004812121391296, loss=3.1697614192962646
I0210 16:55:47.648840 139975130576640 logging_writer.py:48] [12200] global_step=12200, grad_norm=0.30160561203956604, loss=3.2389421463012695
I0210 16:56:22.444869 139975138969344 logging_writer.py:48] [12300] global_step=12300, grad_norm=0.24179185926914215, loss=3.1535708904266357
I0210 16:56:57.216222 139975130576640 logging_writer.py:48] [12400] global_step=12400, grad_norm=0.25865066051483154, loss=3.1942877769470215
I0210 16:57:32.000925 139975138969344 logging_writer.py:48] [12500] global_step=12500, grad_norm=0.25805747509002686, loss=3.281750440597534
I0210 16:58:06.786110 139975130576640 logging_writer.py:48] [12600] global_step=12600, grad_norm=0.26463544368743896, loss=3.236955404281616
I0210 16:58:41.566275 139975138969344 logging_writer.py:48] [12700] global_step=12700, grad_norm=0.2513737976551056, loss=3.263801336288452
I0210 16:59:16.363541 139975130576640 logging_writer.py:48] [12800] global_step=12800, grad_norm=0.27784860134124756, loss=3.230191469192505
I0210 16:59:51.151843 139975138969344 logging_writer.py:48] [12900] global_step=12900, grad_norm=0.24338778853416443, loss=3.138737201690674
I0210 17:00:25.908264 139975130576640 logging_writer.py:48] [13000] global_step=13000, grad_norm=0.22688056528568268, loss=3.1480605602264404
I0210 17:01:00.692292 139975138969344 logging_writer.py:48] [13100] global_step=13100, grad_norm=0.23473107814788818, loss=3.193376302719116
I0210 17:01:35.485683 139975130576640 logging_writer.py:48] [13200] global_step=13200, grad_norm=0.25882238149642944, loss=3.197476387023926
I0210 17:02:10.264990 139975138969344 logging_writer.py:48] [13300] global_step=13300, grad_norm=0.2622393071651459, loss=3.167595148086548
I0210 17:02:45.043154 139975130576640 logging_writer.py:48] [13400] global_step=13400, grad_norm=0.24577999114990234, loss=3.2129838466644287
I0210 17:03:19.832576 139975138969344 logging_writer.py:48] [13500] global_step=13500, grad_norm=0.26636043190956116, loss=3.1724939346313477
I0210 17:03:54.638289 139975130576640 logging_writer.py:48] [13600] global_step=13600, grad_norm=0.2686603367328644, loss=3.165519952774048
I0210 17:04:29.430737 139975138969344 logging_writer.py:48] [13700] global_step=13700, grad_norm=0.2696445882320404, loss=3.1810083389282227
I0210 17:05:04.214910 139975130576640 logging_writer.py:48] [13800] global_step=13800, grad_norm=0.2514292895793915, loss=3.098299741744995
I0210 17:05:39.135054 139975138969344 logging_writer.py:48] [13900] global_step=13900, grad_norm=0.2572169899940491, loss=3.239983558654785
I0210 17:06:13.966301 139975130576640 logging_writer.py:48] [14000] global_step=14000, grad_norm=0.23973295092582703, loss=3.156761407852173
I0210 17:06:48.741755 139975138969344 logging_writer.py:48] [14100] global_step=14100, grad_norm=0.23575174808502197, loss=3.1682629585266113
I0210 17:07:23.518908 139975130576640 logging_writer.py:48] [14200] global_step=14200, grad_norm=0.26650315523147583, loss=3.167815685272217
I0210 17:07:58.294644 139975138969344 logging_writer.py:48] [14300] global_step=14300, grad_norm=0.28743553161621094, loss=3.100123405456543
I0210 17:08:33.083339 139975130576640 logging_writer.py:48] [14400] global_step=14400, grad_norm=0.2676851749420166, loss=3.154449462890625
I0210 17:09:00.311980 140144802662208 spec.py:321] Evaluating on the training split.
I0210 17:09:03.301611 140144802662208 workload.py:181] Translating evaluation dataset.
I0210 17:12:24.277170 140144802662208 spec.py:333] Evaluating on the validation split.
I0210 17:12:26.942650 140144802662208 workload.py:181] Translating evaluation dataset.
I0210 17:14:57.841868 140144802662208 spec.py:349] Evaluating on the test split.
I0210 17:15:00.538060 140144802662208 workload.py:181] Translating evaluation dataset.
I0210 17:17:18.536907 140144802662208 submission_runner.py:408] Time since start: 8972.10s, 	Step: 14480, 	{'train/accuracy': 0.6170651316642761, 'train/loss': 2.030705451965332, 'train/bleu': 29.54870471997391, 'validation/accuracy': 0.630109965801239, 'validation/loss': 1.9172378778457642, 'validation/bleu': 26.213816054497475, 'validation/num_examples': 3000, 'test/accuracy': 0.6392307281494141, 'test/loss': 1.868680477142334, 'test/bleu': 25.582985135267798, 'test/num_examples': 3003, 'score': 5078.001572847366, 'total_duration': 8972.102147102356, 'accumulated_submission_time': 5078.001572847366, 'accumulated_eval_time': 3893.4397599697113, 'accumulated_logging_time': 0.18552017211914062}
I0210 17:17:18.553525 139975138969344 logging_writer.py:48] [14480] accumulated_eval_time=3893.439760, accumulated_logging_time=0.185520, accumulated_submission_time=5078.001573, global_step=14480, preemption_count=0, score=5078.001573, test/accuracy=0.639231, test/bleu=25.582985, test/loss=1.868680, test/num_examples=3003, total_duration=8972.102147, train/accuracy=0.617065, train/bleu=29.548705, train/loss=2.030705, validation/accuracy=0.630110, validation/bleu=26.213816, validation/loss=1.917238, validation/num_examples=3000
I0210 17:17:25.855949 139975130576640 logging_writer.py:48] [14500] global_step=14500, grad_norm=0.25089481472969055, loss=3.090949296951294
I0210 17:18:00.688511 139975138969344 logging_writer.py:48] [14600] global_step=14600, grad_norm=0.2520360052585602, loss=3.1672091484069824
I0210 17:18:35.447478 139975130576640 logging_writer.py:48] [14700] global_step=14700, grad_norm=0.24547214806079865, loss=3.189225673675537
I0210 17:19:10.248030 139975138969344 logging_writer.py:48] [14800] global_step=14800, grad_norm=0.28479665517807007, loss=3.1375935077667236
I0210 17:19:45.068362 139975130576640 logging_writer.py:48] [14900] global_step=14900, grad_norm=0.2624741792678833, loss=3.1697709560394287
I0210 17:20:19.847076 139975138969344 logging_writer.py:48] [15000] global_step=15000, grad_norm=0.27270370721817017, loss=3.1038286685943604
I0210 17:20:54.650151 139975130576640 logging_writer.py:48] [15100] global_step=15100, grad_norm=0.2980414628982544, loss=3.179926872253418
I0210 17:21:29.461036 139975138969344 logging_writer.py:48] [15200] global_step=15200, grad_norm=0.25690561532974243, loss=3.1932265758514404
I0210 17:22:04.281793 139975130576640 logging_writer.py:48] [15300] global_step=15300, grad_norm=0.2700249254703522, loss=3.144822120666504
I0210 17:22:39.109668 139975138969344 logging_writer.py:48] [15400] global_step=15400, grad_norm=0.25288763642311096, loss=3.0837624073028564
I0210 17:23:13.921264 139975130576640 logging_writer.py:48] [15500] global_step=15500, grad_norm=0.22979260981082916, loss=3.07589054107666
I0210 17:23:48.692048 139975138969344 logging_writer.py:48] [15600] global_step=15600, grad_norm=0.3434945046901703, loss=3.147327423095703
I0210 17:24:23.484302 139975130576640 logging_writer.py:48] [15700] global_step=15700, grad_norm=0.3605646789073944, loss=3.1736257076263428
I0210 17:24:58.281965 139975138969344 logging_writer.py:48] [15800] global_step=15800, grad_norm=0.2677477300167084, loss=3.097569704055786
I0210 17:25:33.050967 139975130576640 logging_writer.py:48] [15900] global_step=15900, grad_norm=0.2920781075954437, loss=3.1415483951568604
I0210 17:26:07.842323 139975138969344 logging_writer.py:48] [16000] global_step=16000, grad_norm=0.2988378703594208, loss=3.0200045108795166
I0210 17:26:42.683213 139975130576640 logging_writer.py:48] [16100] global_step=16100, grad_norm=0.2842118740081787, loss=3.131408452987671
I0210 17:27:17.462982 139975138969344 logging_writer.py:48] [16200] global_step=16200, grad_norm=0.280392050743103, loss=3.0481338500976562
I0210 17:27:52.237485 139975130576640 logging_writer.py:48] [16300] global_step=16300, grad_norm=0.25814032554626465, loss=3.069786310195923
I0210 17:28:27.025591 139975138969344 logging_writer.py:48] [16400] global_step=16400, grad_norm=0.27843236923217773, loss=3.0477468967437744
I0210 17:29:01.793690 139975130576640 logging_writer.py:48] [16500] global_step=16500, grad_norm=0.29799267649650574, loss=3.1566927433013916
I0210 17:29:36.579055 139975138969344 logging_writer.py:48] [16600] global_step=16600, grad_norm=0.2867805063724518, loss=3.0136704444885254
I0210 17:30:11.386624 139975130576640 logging_writer.py:48] [16700] global_step=16700, grad_norm=0.350700706243515, loss=3.146448850631714
I0210 17:30:46.306675 139975138969344 logging_writer.py:48] [16800] global_step=16800, grad_norm=0.29503530263900757, loss=3.050377368927002
I0210 17:31:18.792282 140144802662208 spec.py:321] Evaluating on the training split.
I0210 17:31:21.780890 140144802662208 workload.py:181] Translating evaluation dataset.
I0210 17:34:18.171750 140144802662208 spec.py:333] Evaluating on the validation split.
I0210 17:34:20.853183 140144802662208 workload.py:181] Translating evaluation dataset.
I0210 17:37:02.890972 140144802662208 spec.py:349] Evaluating on the test split.
I0210 17:37:05.594062 140144802662208 workload.py:181] Translating evaluation dataset.
I0210 17:39:22.262684 140144802662208 submission_runner.py:408] Time since start: 10295.83s, 	Step: 16895, 	{'train/accuracy': 0.6205698847770691, 'train/loss': 2.0030786991119385, 'train/bleu': 30.48051704857396, 'validation/accuracy': 0.6400168538093567, 'validation/loss': 1.8531957864761353, 'validation/bleu': 26.91149584465031, 'validation/num_examples': 3000, 'test/accuracy': 0.648678183555603, 'test/loss': 1.8056501150131226, 'test/bleu': 26.355332277203157, 'test/num_examples': 3003, 'score': 5918.144634008408, 'total_duration': 10295.827911376953, 'accumulated_submission_time': 5918.144634008408, 'accumulated_eval_time': 4376.910125494003, 'accumulated_logging_time': 0.2147214412689209}
I0210 17:39:22.280887 139975130576640 logging_writer.py:48] [16895] accumulated_eval_time=4376.910125, accumulated_logging_time=0.214721, accumulated_submission_time=5918.144634, global_step=16895, preemption_count=0, score=5918.144634, test/accuracy=0.648678, test/bleu=26.355332, test/loss=1.805650, test/num_examples=3003, total_duration=10295.827911, train/accuracy=0.620570, train/bleu=30.480517, train/loss=2.003079, validation/accuracy=0.640017, validation/bleu=26.911496, validation/loss=1.853196, validation/num_examples=3000
I0210 17:39:24.389758 139975138969344 logging_writer.py:48] [16900] global_step=16900, grad_norm=0.2952533960342407, loss=3.1278254985809326
I0210 17:39:59.036994 139975130576640 logging_writer.py:48] [17000] global_step=17000, grad_norm=0.2757393717765808, loss=3.206655740737915
I0210 17:40:33.757600 139975138969344 logging_writer.py:48] [17100] global_step=17100, grad_norm=0.2784336805343628, loss=3.1288633346557617
I0210 17:41:08.522321 139975130576640 logging_writer.py:48] [17200] global_step=17200, grad_norm=0.28093650937080383, loss=3.0417184829711914
I0210 17:41:43.319566 139975138969344 logging_writer.py:48] [17300] global_step=17300, grad_norm=0.3298672139644623, loss=3.113344430923462
I0210 17:42:18.108201 139975130576640 logging_writer.py:48] [17400] global_step=17400, grad_norm=0.2766452729701996, loss=3.047348976135254
I0210 17:42:52.887874 139975138969344 logging_writer.py:48] [17500] global_step=17500, grad_norm=0.28681668639183044, loss=3.089740514755249
I0210 17:43:27.683043 139975130576640 logging_writer.py:48] [17600] global_step=17600, grad_norm=0.2992739975452423, loss=3.117866039276123
I0210 17:44:02.486875 139975138969344 logging_writer.py:48] [17700] global_step=17700, grad_norm=0.292901873588562, loss=3.0494232177734375
I0210 17:44:37.338262 139975130576640 logging_writer.py:48] [17800] global_step=17800, grad_norm=0.30405786633491516, loss=3.0771732330322266
I0210 17:45:12.124067 139975138969344 logging_writer.py:48] [17900] global_step=17900, grad_norm=0.314297616481781, loss=3.0552914142608643
I0210 17:45:46.934403 139975130576640 logging_writer.py:48] [18000] global_step=18000, grad_norm=0.3208718001842499, loss=3.076965808868408
I0210 17:46:21.759362 139975138969344 logging_writer.py:48] [18100] global_step=18100, grad_norm=0.27747634053230286, loss=3.0225138664245605
I0210 17:46:56.594469 139975130576640 logging_writer.py:48] [18200] global_step=18200, grad_norm=0.33193129301071167, loss=3.161677837371826
I0210 17:47:31.354160 139975138969344 logging_writer.py:48] [18300] global_step=18300, grad_norm=0.2787584662437439, loss=3.004356861114502
I0210 17:48:06.118203 139975130576640 logging_writer.py:48] [18400] global_step=18400, grad_norm=0.32286369800567627, loss=3.077329635620117
I0210 17:48:40.901585 139975138969344 logging_writer.py:48] [18500] global_step=18500, grad_norm=0.32039451599121094, loss=3.0780365467071533
I0210 17:49:15.712420 139975130576640 logging_writer.py:48] [18600] global_step=18600, grad_norm=0.3162247836589813, loss=3.0876026153564453
I0210 17:49:50.508413 139975138969344 logging_writer.py:48] [18700] global_step=18700, grad_norm=0.3585866391658783, loss=3.0108561515808105
I0210 17:50:25.291209 139975130576640 logging_writer.py:48] [18800] global_step=18800, grad_norm=0.33488449454307556, loss=3.093548059463501
I0210 17:51:00.070863 139975138969344 logging_writer.py:48] [18900] global_step=18900, grad_norm=0.329345166683197, loss=2.9899370670318604
I0210 17:51:34.880735 139975130576640 logging_writer.py:48] [19000] global_step=19000, grad_norm=0.38035696744918823, loss=3.0012435913085938
I0210 17:52:09.667480 139975138969344 logging_writer.py:48] [19100] global_step=19100, grad_norm=0.3728669583797455, loss=3.0697686672210693
I0210 17:52:44.436708 139975130576640 logging_writer.py:48] [19200] global_step=19200, grad_norm=0.3186057209968567, loss=3.0394601821899414
I0210 17:53:19.233521 139975138969344 logging_writer.py:48] [19300] global_step=19300, grad_norm=0.3406315743923187, loss=2.9742846488952637
I0210 17:53:22.436645 140144802662208 spec.py:321] Evaluating on the training split.
I0210 17:53:25.413593 140144802662208 workload.py:181] Translating evaluation dataset.
I0210 17:56:18.773709 140144802662208 spec.py:333] Evaluating on the validation split.
I0210 17:56:21.451285 140144802662208 workload.py:181] Translating evaluation dataset.
I0210 17:59:00.702399 140144802662208 spec.py:349] Evaluating on the test split.
I0210 17:59:03.395654 140144802662208 workload.py:181] Translating evaluation dataset.
I0210 18:01:31.414205 140144802662208 submission_runner.py:408] Time since start: 11624.98s, 	Step: 19311, 	{'train/accuracy': 0.6361596584320068, 'train/loss': 1.8797343969345093, 'train/bleu': 30.912875387106396, 'validation/accuracy': 0.6456212401390076, 'validation/loss': 1.8102855682373047, 'validation/bleu': 27.351768905608047, 'validation/num_examples': 3000, 'test/accuracy': 0.6544535756111145, 'test/loss': 1.754570722579956, 'test/bleu': 26.59917892660872, 'test/num_examples': 3003, 'score': 6758.210176944733, 'total_duration': 11624.979398727417, 'accumulated_submission_time': 6758.210176944733, 'accumulated_eval_time': 4865.887587070465, 'accumulated_logging_time': 0.24300289154052734}
I0210 18:01:31.431047 139975130576640 logging_writer.py:48] [19311] accumulated_eval_time=4865.887587, accumulated_logging_time=0.243003, accumulated_submission_time=6758.210177, global_step=19311, preemption_count=0, score=6758.210177, test/accuracy=0.654454, test/bleu=26.599179, test/loss=1.754571, test/num_examples=3003, total_duration=11624.979399, train/accuracy=0.636160, train/bleu=30.912875, train/loss=1.879734, validation/accuracy=0.645621, validation/bleu=27.351769, validation/loss=1.810286, validation/num_examples=3000
I0210 18:02:02.639409 139975138969344 logging_writer.py:48] [19400] global_step=19400, grad_norm=0.36272987723350525, loss=3.0846657752990723
I0210 18:02:37.361096 139975130576640 logging_writer.py:48] [19500] global_step=19500, grad_norm=0.38342776894569397, loss=2.978440761566162
I0210 18:03:12.142845 139975138969344 logging_writer.py:48] [19600] global_step=19600, grad_norm=0.3337657153606415, loss=3.1306052207946777
I0210 18:03:46.947759 139975130576640 logging_writer.py:48] [19700] global_step=19700, grad_norm=0.3511100113391876, loss=3.0518085956573486
I0210 18:04:21.832202 139975138969344 logging_writer.py:48] [19800] global_step=19800, grad_norm=0.36861222982406616, loss=3.0499439239501953
I0210 18:04:56.627590 139975130576640 logging_writer.py:48] [19900] global_step=19900, grad_norm=0.36824968457221985, loss=3.0933761596679688
I0210 18:05:31.407052 139975138969344 logging_writer.py:48] [20000] global_step=20000, grad_norm=0.31248578429222107, loss=3.041828155517578
I0210 18:06:06.196215 139975130576640 logging_writer.py:48] [20100] global_step=20100, grad_norm=0.3291934132575989, loss=2.972761869430542
I0210 18:06:40.982305 139975138969344 logging_writer.py:48] [20200] global_step=20200, grad_norm=0.4006185829639435, loss=2.998131036758423
I0210 18:07:15.756393 139975130576640 logging_writer.py:48] [20300] global_step=20300, grad_norm=0.42912861704826355, loss=3.0704433917999268
I0210 18:07:50.507195 139975138969344 logging_writer.py:48] [20400] global_step=20400, grad_norm=0.32168665528297424, loss=3.1021728515625
I0210 18:08:25.284890 139975130576640 logging_writer.py:48] [20500] global_step=20500, grad_norm=0.3205665349960327, loss=3.0164682865142822
I0210 18:09:00.071300 139975138969344 logging_writer.py:48] [20600] global_step=20600, grad_norm=0.3140386939048767, loss=2.9405884742736816
I0210 18:09:34.838516 139975130576640 logging_writer.py:48] [20700] global_step=20700, grad_norm=0.3722720444202423, loss=2.9591891765594482
