python3 submission_runner.py --framework=jax --workload=imagenet_resnet --submission_path=prize_qualification_baselines/self_tuning/jax_nadamw_full_budget.py --data_dir=/data/imagenet/jax --num_tuning_trials=1 --experiment_dir=/experiment_runs --experiment_name=prize_qualification_self_tuning/study_4 --overwrite=true --save_checkpoints=false --rng_seed=3347380310 --max_global_steps=559998 --imagenet_v2_data_dir=/data/imagenet/jax --tuning_ruleset=self 2>&1 | tee -a /logs/imagenet_resnet_jax_03-05-2024-22-45-59.log
/usr/local/lib/python3.8/dist-packages/tensorflow_addons/utils/tfa_eol_msg.py:23: UserWarning: 

TensorFlow Addons (TFA) has ended development and introduction of new features.
TFA has entered a minimal maintenance and release mode until a planned end of life in May 2024.
Please modify downstream libraries to take dependencies from other repositories in our TensorFlow community (e.g. Keras, Keras-CV, and Keras-NLP). 

For more information see: https://github.com/tensorflow/addons/issues/2807 

  warnings.warn(
I0305 22:46:20.632915 139951089751872 logger_utils.py:76] Creating experiment directory at /experiment_runs/prize_qualification_self_tuning/study_4/imagenet_resnet_jax.
I0305 22:46:21.737919 139951089751872 xla_bridge.py:455] Unable to initialize backend 'rocm': NOT_FOUND: Could not find registered platform with name: "rocm". Available platform names are: CUDA Interpreter Host
I0305 22:46:21.738990 139951089751872 xla_bridge.py:455] Unable to initialize backend 'tpu': module 'jaxlib.xla_extension' has no attribute 'get_tpu_client'
I0305 22:46:21.739125 139951089751872 xla_bridge.py:455] Unable to initialize backend 'plugin': xla_extension has no attributes named get_plugin_device_client. Compile TensorFlow with //tensorflow/compiler/xla/python:enable_plugin_device set to true (defaults to false) to enable this.
I0305 22:46:22.598568 139951089751872 submission_runner.py:605] Creating directory at /experiment_runs/prize_qualification_self_tuning/study_4/imagenet_resnet_jax/trial_1.
I0305 22:46:22.801538 139951089751872 submission_runner.py:206] Initializing dataset.
I0305 22:46:22.817887 139951089751872 dataset_info.py:578] Load dataset info from /data/imagenet/jax/imagenet2012/5.1.0
I0305 22:46:22.827924 139951089751872 dataset_info.py:669] Fields info.[splits, supervised_keys] from disk and from code do not match. Keeping the one from code.
I0305 22:46:23.206827 139951089751872 logging_logger.py:49] Constructing tf.data.Dataset imagenet2012 for split train, from /data/imagenet/jax/imagenet2012/5.1.0
I0305 22:46:24.377452 139951089751872 submission_runner.py:213] Initializing model.
I0305 22:46:34.550117 139951089751872 submission_runner.py:255] Initializing optimizer.
I0305 22:46:36.229180 139951089751872 submission_runner.py:262] Initializing metrics bundle.
I0305 22:46:36.229364 139951089751872 submission_runner.py:280] Initializing checkpoint and logger.
I0305 22:46:36.230098 139951089751872 checkpoints.py:915] Found no checkpoint files in /experiment_runs/prize_qualification_self_tuning/study_4/imagenet_resnet_jax/trial_1 with prefix checkpoint_
I0305 22:46:36.230237 139951089751872 submission_runner.py:300] Saving meta data to /experiment_runs/prize_qualification_self_tuning/study_4/imagenet_resnet_jax/trial_1/meta_data_0.json.
fatal: detected dubious ownership in repository at '/algorithmic-efficiency'
To add an exception for this directory, call:

	git config --global --add safe.directory /algorithmic-efficiency
I0305 22:46:36.512982 139951089751872 logger_utils.py:220] Unable to record git information. Continuing without it.
I0305 22:46:36.778399 139951089751872 submission_runner.py:304] Saving flags to /experiment_runs/prize_qualification_self_tuning/study_4/imagenet_resnet_jax/trial_1/flags_0.json.
I0305 22:46:36.787617 139951089751872 submission_runner.py:314] Starting training loop.
I0305 22:47:26.325432 139787541403392 logging_writer.py:48] [0] global_step=0, grad_norm=0.6668112874031067, loss=6.91577672958374
I0305 22:47:26.342567 139951089751872 spec.py:321] Evaluating on the training split.
I0305 22:47:27.491302 139951089751872 dataset_info.py:578] Load dataset info from /data/imagenet/jax/imagenet2012/5.1.0
I0305 22:47:27.500398 139951089751872 dataset_info.py:669] Fields info.[splits, supervised_keys] from disk and from code do not match. Keeping the one from code.
I0305 22:47:27.586055 139951089751872 logging_logger.py:49] Constructing tf.data.Dataset imagenet2012 for split train, from /data/imagenet/jax/imagenet2012/5.1.0
I0305 22:47:40.741312 139951089751872 spec.py:333] Evaluating on the validation split.
I0305 22:47:42.178854 139951089751872 dataset_info.py:578] Load dataset info from /data/imagenet/jax/imagenet2012/5.1.0
I0305 22:47:42.192604 139951089751872 dataset_info.py:669] Fields info.[splits, supervised_keys] from disk and from code do not match. Keeping the one from code.
I0305 22:47:42.264955 139951089751872 logging_logger.py:49] Constructing tf.data.Dataset imagenet2012 for split validation, from /data/imagenet/jax/imagenet2012/5.1.0
I0305 22:47:58.065973 139951089751872 spec.py:349] Evaluating on the test split.
I0305 22:47:58.899167 139951089751872 dataset_info.py:578] Load dataset info from /data/imagenet/jax/imagenet_v2/matched-frequency/3.0.0
I0305 22:47:58.905220 139951089751872 dataset_builder.py:528] Reusing dataset imagenet_v2 (/data/imagenet/jax/imagenet_v2/matched-frequency/3.0.0)
I0305 22:47:58.946515 139951089751872 logging_logger.py:49] Constructing tf.data.Dataset imagenet_v2 for split test, from /data/imagenet/jax/imagenet_v2/matched-frequency/3.0.0
I0305 22:48:02.930425 139951089751872 submission_runner.py:411] Time since start: 86.14s, 	Step: 1, 	{'train/accuracy': 0.0008968430920504034, 'train/loss': 6.913041591644287, 'validation/accuracy': 0.0010999999940395355, 'validation/loss': 6.912304878234863, 'validation/num_examples': 50000, 'test/accuracy': 0.0010999999940395355, 'test/loss': 6.911952018737793, 'test/num_examples': 10000, 'score': 49.55485677719116, 'total_duration': 86.1427435874939, 'accumulated_submission_time': 49.55485677719116, 'accumulated_eval_time': 36.58779454231262, 'accumulated_logging_time': 0}
I0305 22:48:02.947170 139766062368512 logging_writer.py:48] [1] accumulated_eval_time=36.587795, accumulated_logging_time=0, accumulated_submission_time=49.554857, global_step=1, preemption_count=0, score=49.554857, test/accuracy=0.001100, test/loss=6.911952, test/num_examples=10000, total_duration=86.142744, train/accuracy=0.000897, train/loss=6.913042, validation/accuracy=0.001100, validation/loss=6.912305, validation/num_examples=50000
I0305 22:48:36.546925 139766053975808 logging_writer.py:48] [100] global_step=100, grad_norm=0.6799252033233643, loss=6.8172078132629395
I0305 22:49:10.246351 139766062368512 logging_writer.py:48] [200] global_step=200, grad_norm=0.8022287487983704, loss=6.524394512176514
I0305 22:49:43.937376 139766053975808 logging_writer.py:48] [300] global_step=300, grad_norm=0.9069234132766724, loss=6.2657575607299805
I0305 22:50:17.697608 139766062368512 logging_writer.py:48] [400] global_step=400, grad_norm=1.4112071990966797, loss=6.002124786376953
I0305 22:50:51.482131 139766053975808 logging_writer.py:48] [500] global_step=500, grad_norm=2.1854312419891357, loss=5.771934509277344
I0305 22:51:25.254059 139766062368512 logging_writer.py:48] [600] global_step=600, grad_norm=2.4046387672424316, loss=5.558484077453613
I0305 22:51:59.036895 139766053975808 logging_writer.py:48] [700] global_step=700, grad_norm=3.5686607360839844, loss=5.374948501586914
I0305 22:52:32.829587 139766062368512 logging_writer.py:48] [800] global_step=800, grad_norm=5.047512531280518, loss=5.243262767791748
I0305 22:53:06.618836 139766053975808 logging_writer.py:48] [900] global_step=900, grad_norm=3.5679996013641357, loss=5.195782661437988
I0305 22:53:40.398061 139766062368512 logging_writer.py:48] [1000] global_step=1000, grad_norm=4.771814823150635, loss=4.960468292236328
I0305 22:54:14.108621 139766053975808 logging_writer.py:48] [1100] global_step=1100, grad_norm=7.645757675170898, loss=5.027572154998779
I0305 22:54:47.915344 139766062368512 logging_writer.py:48] [1200] global_step=1200, grad_norm=5.496709823608398, loss=4.7483930587768555
I0305 22:55:21.679025 139766053975808 logging_writer.py:48] [1300] global_step=1300, grad_norm=4.441456317901611, loss=4.646977424621582
I0305 22:55:55.489284 139766062368512 logging_writer.py:48] [1400] global_step=1400, grad_norm=3.5926852226257324, loss=4.686279296875
I0305 22:56:29.304233 139766053975808 logging_writer.py:48] [1500] global_step=1500, grad_norm=3.763056516647339, loss=4.54282808303833
I0305 22:56:33.104825 139951089751872 spec.py:321] Evaluating on the training split.
I0305 22:56:40.310281 139951089751872 spec.py:333] Evaluating on the validation split.
I0305 22:56:48.656073 139951089751872 spec.py:349] Evaluating on the test split.
I0305 22:56:51.009985 139951089751872 submission_runner.py:411] Time since start: 614.22s, 	Step: 1513, 	{'train/accuracy': 0.169782355427742, 'train/loss': 4.28282356262207, 'validation/accuracy': 0.15041999518871307, 'validation/loss': 4.425992488861084, 'validation/num_examples': 50000, 'test/accuracy': 0.11110000312328339, 'test/loss': 4.882546424865723, 'test/num_examples': 10000, 'score': 559.6508867740631, 'total_duration': 614.2222878932953, 'accumulated_submission_time': 559.6508867740631, 'accumulated_eval_time': 54.492894887924194, 'accumulated_logging_time': 0.025151729583740234}
I0305 22:56:51.029670 139766070761216 logging_writer.py:48] [1513] accumulated_eval_time=54.492895, accumulated_logging_time=0.025152, accumulated_submission_time=559.650887, global_step=1513, preemption_count=0, score=559.650887, test/accuracy=0.111100, test/loss=4.882546, test/num_examples=10000, total_duration=614.222288, train/accuracy=0.169782, train/loss=4.282824, validation/accuracy=0.150420, validation/loss=4.425992, validation/num_examples=50000
I0305 22:57:20.790872 139766079153920 logging_writer.py:48] [1600] global_step=1600, grad_norm=5.732925891876221, loss=4.446077346801758
I0305 22:57:54.558582 139766070761216 logging_writer.py:48] [1700] global_step=1700, grad_norm=7.474422931671143, loss=4.290468215942383
I0305 22:58:28.338727 139766079153920 logging_writer.py:48] [1800] global_step=1800, grad_norm=5.332449436187744, loss=4.323224067687988
I0305 22:59:02.128216 139766070761216 logging_writer.py:48] [1900] global_step=1900, grad_norm=5.218601226806641, loss=4.142845153808594
I0305 22:59:36.018023 139766079153920 logging_writer.py:48] [2000] global_step=2000, grad_norm=10.894929885864258, loss=4.11348295211792
I0305 23:00:09.786244 139766070761216 logging_writer.py:48] [2100] global_step=2100, grad_norm=4.404383659362793, loss=3.9140069484710693
I0305 23:00:43.567614 139766079153920 logging_writer.py:48] [2200] global_step=2200, grad_norm=3.3156578540802, loss=3.8448686599731445
I0305 23:01:17.311625 139766070761216 logging_writer.py:48] [2300] global_step=2300, grad_norm=3.517317295074463, loss=3.93976092338562
I0305 23:01:51.072053 139766079153920 logging_writer.py:48] [2400] global_step=2400, grad_norm=5.618124008178711, loss=3.860882043838501
I0305 23:02:24.834455 139766070761216 logging_writer.py:48] [2500] global_step=2500, grad_norm=4.582026481628418, loss=3.7191824913024902
I0305 23:02:58.582847 139766079153920 logging_writer.py:48] [2600] global_step=2600, grad_norm=3.201915740966797, loss=3.5607874393463135
I0305 23:03:32.343459 139766070761216 logging_writer.py:48] [2700] global_step=2700, grad_norm=2.9575588703155518, loss=3.5690078735351562
I0305 23:04:06.091066 139766079153920 logging_writer.py:48] [2800] global_step=2800, grad_norm=2.9765331745147705, loss=3.583214282989502
I0305 23:04:39.836563 139766070761216 logging_writer.py:48] [2900] global_step=2900, grad_norm=3.694415330886841, loss=3.4705607891082764
I0305 23:05:13.581426 139766079153920 logging_writer.py:48] [3000] global_step=3000, grad_norm=6.841592311859131, loss=3.380422592163086
I0305 23:05:21.153888 139951089751872 spec.py:321] Evaluating on the training split.
I0305 23:05:28.515844 139951089751872 spec.py:333] Evaluating on the validation split.
I0305 23:05:36.880348 139951089751872 spec.py:349] Evaluating on the test split.
I0305 23:05:39.170358 139951089751872 submission_runner.py:411] Time since start: 1142.38s, 	Step: 3024, 	{'train/accuracy': 0.33428332209587097, 'train/loss': 3.0926454067230225, 'validation/accuracy': 0.3082599937915802, 'validation/loss': 3.276564359664917, 'validation/num_examples': 50000, 'test/accuracy': 0.23360000550746918, 'test/loss': 3.9567458629608154, 'test/num_examples': 10000, 'score': 1069.7121422290802, 'total_duration': 1142.3826808929443, 'accumulated_submission_time': 1069.7121422290802, 'accumulated_eval_time': 72.50932359695435, 'accumulated_logging_time': 0.05398416519165039}
I0305 23:05:39.186967 139788032145152 logging_writer.py:48] [3024] accumulated_eval_time=72.509324, accumulated_logging_time=0.053984, accumulated_submission_time=1069.712142, global_step=3024, preemption_count=0, score=1069.712142, test/accuracy=0.233600, test/loss=3.956746, test/num_examples=10000, total_duration=1142.382681, train/accuracy=0.334283, train/loss=3.092645, validation/accuracy=0.308260, validation/loss=3.276564, validation/num_examples=50000
I0305 23:06:05.176295 139788116006656 logging_writer.py:48] [3100] global_step=3100, grad_norm=7.291007995605469, loss=3.480152130126953
I0305 23:06:38.955587 139788032145152 logging_writer.py:48] [3200] global_step=3200, grad_norm=3.9174110889434814, loss=3.332648754119873
I0305 23:07:12.662889 139788116006656 logging_writer.py:48] [3300] global_step=3300, grad_norm=6.3364362716674805, loss=3.2767510414123535
I0305 23:07:46.397829 139788032145152 logging_writer.py:48] [3400] global_step=3400, grad_norm=4.5249433517456055, loss=3.2839717864990234
I0305 23:08:20.056006 139788116006656 logging_writer.py:48] [3500] global_step=3500, grad_norm=3.604926824569702, loss=3.161642074584961
I0305 23:08:53.753419 139788032145152 logging_writer.py:48] [3600] global_step=3600, grad_norm=3.791529655456543, loss=3.1550614833831787
I0305 23:09:27.468683 139788116006656 logging_writer.py:48] [3700] global_step=3700, grad_norm=2.251210927963257, loss=3.1007871627807617
I0305 23:10:01.229168 139788032145152 logging_writer.py:48] [3800] global_step=3800, grad_norm=2.9023046493530273, loss=3.0339765548706055
I0305 23:10:34.926093 139788116006656 logging_writer.py:48] [3900] global_step=3900, grad_norm=2.155221939086914, loss=3.0064122676849365
I0305 23:11:08.709791 139788032145152 logging_writer.py:48] [4000] global_step=4000, grad_norm=3.8478801250457764, loss=3.0676279067993164
I0305 23:11:42.439305 139788116006656 logging_writer.py:48] [4100] global_step=4100, grad_norm=2.929701328277588, loss=2.938626289367676
I0305 23:12:16.151766 139788032145152 logging_writer.py:48] [4200] global_step=4200, grad_norm=4.412095069885254, loss=2.8662290573120117
I0305 23:12:49.876961 139788116006656 logging_writer.py:48] [4300] global_step=4300, grad_norm=3.853321075439453, loss=3.006706714630127
I0305 23:13:23.567252 139788032145152 logging_writer.py:48] [4400] global_step=4400, grad_norm=3.3938660621643066, loss=2.909255027770996
I0305 23:13:57.298835 139788116006656 logging_writer.py:48] [4500] global_step=4500, grad_norm=2.417107105255127, loss=2.8512589931488037
I0305 23:14:09.191113 139951089751872 spec.py:321] Evaluating on the training split.
I0305 23:14:16.517688 139951089751872 spec.py:333] Evaluating on the validation split.
I0305 23:14:24.971128 139951089751872 spec.py:349] Evaluating on the test split.
I0305 23:14:27.252303 139951089751872 submission_runner.py:411] Time since start: 1670.46s, 	Step: 4537, 	{'train/accuracy': 0.45352357625961304, 'train/loss': 2.3977432250976562, 'validation/accuracy': 0.42075997591018677, 'validation/loss': 2.597283363342285, 'validation/num_examples': 50000, 'test/accuracy': 0.3188000023365021, 'test/loss': 3.3225812911987305, 'test/num_examples': 10000, 'score': 1579.652539730072, 'total_duration': 1670.4646260738373, 'accumulated_submission_time': 1579.652539730072, 'accumulated_eval_time': 90.5704882144928, 'accumulated_logging_time': 0.08067846298217773}
I0305 23:14:27.269137 139787998574336 logging_writer.py:48] [4537] accumulated_eval_time=90.570488, accumulated_logging_time=0.080678, accumulated_submission_time=1579.652540, global_step=4537, preemption_count=0, score=1579.652540, test/accuracy=0.318800, test/loss=3.322581, test/num_examples=10000, total_duration=1670.464626, train/accuracy=0.453524, train/loss=2.397743, validation/accuracy=0.420760, validation/loss=2.597283, validation/num_examples=50000
I0305 23:14:48.837477 139788006967040 logging_writer.py:48] [4600] global_step=4600, grad_norm=3.1102523803710938, loss=2.9203402996063232
I0305 23:15:22.512732 139787998574336 logging_writer.py:48] [4700] global_step=4700, grad_norm=2.1499879360198975, loss=2.664633274078369
I0305 23:15:56.147049 139788006967040 logging_writer.py:48] [4800] global_step=4800, grad_norm=2.403630256652832, loss=2.696096897125244
I0305 23:16:29.827732 139787998574336 logging_writer.py:48] [4900] global_step=4900, grad_norm=3.2313544750213623, loss=2.665339946746826
I0305 23:17:03.579201 139788006967040 logging_writer.py:48] [5000] global_step=5000, grad_norm=3.292703151702881, loss=2.5670993328094482
I0305 23:17:37.338958 139787998574336 logging_writer.py:48] [5100] global_step=5100, grad_norm=2.068887948989868, loss=2.719172716140747
I0305 23:18:11.012145 139788006967040 logging_writer.py:48] [5200] global_step=5200, grad_norm=2.5230231285095215, loss=2.495941638946533
I0305 23:18:44.704107 139787998574336 logging_writer.py:48] [5300] global_step=5300, grad_norm=2.83343768119812, loss=2.602485179901123
I0305 23:19:18.426949 139788006967040 logging_writer.py:48] [5400] global_step=5400, grad_norm=4.052090167999268, loss=2.6410093307495117
I0305 23:19:52.083129 139787998574336 logging_writer.py:48] [5500] global_step=5500, grad_norm=1.9529188871383667, loss=2.5673017501831055
I0305 23:20:25.758050 139788006967040 logging_writer.py:48] [5600] global_step=5600, grad_norm=2.251945972442627, loss=2.5225510597229004
I0305 23:20:59.491353 139787998574336 logging_writer.py:48] [5700] global_step=5700, grad_norm=2.305929183959961, loss=2.462538242340088
I0305 23:21:33.173531 139788006967040 logging_writer.py:48] [5800] global_step=5800, grad_norm=2.12646484375, loss=2.3602957725524902
I0305 23:22:06.908764 139787998574336 logging_writer.py:48] [5900] global_step=5900, grad_norm=2.368910074234009, loss=2.5464396476745605
I0305 23:22:40.566987 139788006967040 logging_writer.py:48] [6000] global_step=6000, grad_norm=1.6624054908752441, loss=2.5582053661346436
I0305 23:22:57.498068 139951089751872 spec.py:321] Evaluating on the training split.
I0305 23:23:04.657301 139951089751872 spec.py:333] Evaluating on the validation split.
I0305 23:23:13.238149 139951089751872 spec.py:349] Evaluating on the test split.
I0305 23:23:15.467211 139951089751872 submission_runner.py:411] Time since start: 2198.68s, 	Step: 6052, 	{'train/accuracy': 0.5290178656578064, 'train/loss': 2.0105631351470947, 'validation/accuracy': 0.49111998081207275, 'validation/loss': 2.2131128311157227, 'validation/num_examples': 50000, 'test/accuracy': 0.3797000050544739, 'test/loss': 2.925008773803711, 'test/num_examples': 10000, 'score': 2089.819321870804, 'total_duration': 2198.679522037506, 'accumulated_submission_time': 2089.819321870804, 'accumulated_eval_time': 108.53957986831665, 'accumulated_logging_time': 0.10659360885620117}
I0305 23:23:15.483751 139789542045440 logging_writer.py:48] [6052] accumulated_eval_time=108.539580, accumulated_logging_time=0.106594, accumulated_submission_time=2089.819322, global_step=6052, preemption_count=0, score=2089.819322, test/accuracy=0.379700, test/loss=2.925009, test/num_examples=10000, total_duration=2198.679522, train/accuracy=0.529018, train/loss=2.010563, validation/accuracy=0.491120, validation/loss=2.213113, validation/num_examples=50000
I0305 23:23:31.999110 139789550438144 logging_writer.py:48] [6100] global_step=6100, grad_norm=2.1090667247772217, loss=2.4190115928649902
I0305 23:24:05.659489 139789542045440 logging_writer.py:48] [6200] global_step=6200, grad_norm=2.3347816467285156, loss=2.415982961654663
I0305 23:24:39.315718 139789550438144 logging_writer.py:48] [6300] global_step=6300, grad_norm=2.202364921569824, loss=2.298733711242676
I0305 23:25:13.016644 139789542045440 logging_writer.py:48] [6400] global_step=6400, grad_norm=2.6427526473999023, loss=2.4672799110412598
I0305 23:25:46.656546 139789550438144 logging_writer.py:48] [6500] global_step=6500, grad_norm=2.2308173179626465, loss=2.412574291229248
I0305 23:26:20.346906 139789542045440 logging_writer.py:48] [6600] global_step=6600, grad_norm=1.9141690731048584, loss=2.3754496574401855
I0305 23:26:54.088920 139789550438144 logging_writer.py:48] [6700] global_step=6700, grad_norm=2.5591979026794434, loss=2.294919013977051
I0305 23:27:27.804969 139789542045440 logging_writer.py:48] [6800] global_step=6800, grad_norm=1.977879285812378, loss=2.450092077255249
I0305 23:28:01.495946 139789550438144 logging_writer.py:48] [6900] global_step=6900, grad_norm=1.7914040088653564, loss=2.431110382080078
I0305 23:28:35.163504 139789542045440 logging_writer.py:48] [7000] global_step=7000, grad_norm=2.5579378604888916, loss=2.3791675567626953
I0305 23:29:08.857156 139789550438144 logging_writer.py:48] [7100] global_step=7100, grad_norm=2.54550838470459, loss=2.333282232284546
I0305 23:29:42.508322 139789542045440 logging_writer.py:48] [7200] global_step=7200, grad_norm=2.708599090576172, loss=2.3054771423339844
I0305 23:30:16.195116 139789550438144 logging_writer.py:48] [7300] global_step=7300, grad_norm=2.5543482303619385, loss=2.25749135017395
I0305 23:30:49.822721 139789542045440 logging_writer.py:48] [7400] global_step=7400, grad_norm=1.906897783279419, loss=2.232459306716919
I0305 23:31:23.492883 139789550438144 logging_writer.py:48] [7500] global_step=7500, grad_norm=2.0982444286346436, loss=2.1856305599212646
I0305 23:31:45.788558 139951089751872 spec.py:321] Evaluating on the training split.
I0305 23:31:52.961024 139951089751872 spec.py:333] Evaluating on the validation split.
I0305 23:32:01.411913 139951089751872 spec.py:349] Evaluating on the test split.
I0305 23:32:03.730674 139951089751872 submission_runner.py:411] Time since start: 2726.94s, 	Step: 7568, 	{'train/accuracy': 0.5653499364852905, 'train/loss': 1.8284964561462402, 'validation/accuracy': 0.5282999873161316, 'validation/loss': 2.031683921813965, 'validation/num_examples': 50000, 'test/accuracy': 0.40470001101493835, 'test/loss': 2.7944133281707764, 'test/num_examples': 10000, 'score': 2600.062970161438, 'total_duration': 2726.9429802894592, 'accumulated_submission_time': 2600.062970161438, 'accumulated_eval_time': 126.48164319992065, 'accumulated_logging_time': 0.13203048706054688}
I0305 23:32:03.748898 139789533652736 logging_writer.py:48] [7568] accumulated_eval_time=126.481643, accumulated_logging_time=0.132030, accumulated_submission_time=2600.062970, global_step=7568, preemption_count=0, score=2600.062970, test/accuracy=0.404700, test/loss=2.794413, test/num_examples=10000, total_duration=2726.942980, train/accuracy=0.565350, train/loss=1.828496, validation/accuracy=0.528300, validation/loss=2.031684, validation/num_examples=50000
I0305 23:32:14.863715 139789558830848 logging_writer.py:48] [7600] global_step=7600, grad_norm=1.8570836782455444, loss=2.1960079669952393
I0305 23:32:48.499415 139789533652736 logging_writer.py:48] [7700] global_step=7700, grad_norm=2.3946783542633057, loss=2.267563581466675
I0305 23:33:22.145531 139789558830848 logging_writer.py:48] [7800] global_step=7800, grad_norm=2.9010062217712402, loss=2.1764116287231445
I0305 23:33:55.861848 139789533652736 logging_writer.py:48] [7900] global_step=7900, grad_norm=2.2236502170562744, loss=2.246772527694702
I0305 23:34:29.524684 139789558830848 logging_writer.py:48] [8000] global_step=8000, grad_norm=2.3417909145355225, loss=2.1116158962249756
I0305 23:35:03.182542 139789533652736 logging_writer.py:48] [8100] global_step=8100, grad_norm=1.7547428607940674, loss=2.311584949493408
I0305 23:35:36.927957 139789558830848 logging_writer.py:48] [8200] global_step=8200, grad_norm=1.2662264108657837, loss=1.9668697118759155
I0305 23:36:10.602783 139789533652736 logging_writer.py:48] [8300] global_step=8300, grad_norm=1.9721412658691406, loss=2.0911080837249756
I0305 23:36:44.279143 139789558830848 logging_writer.py:48] [8400] global_step=8400, grad_norm=2.05718731880188, loss=2.2470414638519287
I0305 23:37:17.980411 139789533652736 logging_writer.py:48] [8500] global_step=8500, grad_norm=1.6586331129074097, loss=2.235431671142578
I0305 23:37:51.646444 139789558830848 logging_writer.py:48] [8600] global_step=8600, grad_norm=1.8006746768951416, loss=2.1644084453582764
I0305 23:38:25.299601 139789533652736 logging_writer.py:48] [8700] global_step=8700, grad_norm=2.016350269317627, loss=2.234260082244873
I0305 23:38:58.976718 139789558830848 logging_writer.py:48] [8800] global_step=8800, grad_norm=2.2632131576538086, loss=2.061893939971924
I0305 23:39:32.679026 139789533652736 logging_writer.py:48] [8900] global_step=8900, grad_norm=1.6713907718658447, loss=2.0277812480926514
I0305 23:40:06.350957 139789558830848 logging_writer.py:48] [9000] global_step=9000, grad_norm=1.8626872301101685, loss=2.125415802001953
I0305 23:40:34.046866 139951089751872 spec.py:321] Evaluating on the training split.
I0305 23:40:41.275253 139951089751872 spec.py:333] Evaluating on the validation split.
I0305 23:40:49.588709 139951089751872 spec.py:349] Evaluating on the test split.
I0305 23:40:51.802431 139951089751872 submission_runner.py:411] Time since start: 3255.01s, 	Step: 9084, 	{'train/accuracy': 0.6339883208274841, 'train/loss': 1.5135927200317383, 'validation/accuracy': 0.5559399724006653, 'validation/loss': 1.890720248222351, 'validation/num_examples': 50000, 'test/accuracy': 0.4335000216960907, 'test/loss': 2.639951467514038, 'test/num_examples': 10000, 'score': 3110.2991478443146, 'total_duration': 3255.0147392749786, 'accumulated_submission_time': 3110.2991478443146, 'accumulated_eval_time': 144.2371587753296, 'accumulated_logging_time': 0.1595776081085205}
I0305 23:40:51.820074 139789542045440 logging_writer.py:48] [9084] accumulated_eval_time=144.237159, accumulated_logging_time=0.159578, accumulated_submission_time=3110.299148, global_step=9084, preemption_count=0, score=3110.299148, test/accuracy=0.433500, test/loss=2.639951, test/num_examples=10000, total_duration=3255.014739, train/accuracy=0.633988, train/loss=1.513593, validation/accuracy=0.555940, validation/loss=1.890720, validation/num_examples=50000
I0305 23:40:57.548796 139789550438144 logging_writer.py:48] [9100] global_step=9100, grad_norm=2.262300729751587, loss=2.0744805335998535
I0305 23:41:31.267637 139789542045440 logging_writer.py:48] [9200] global_step=9200, grad_norm=2.0713109970092773, loss=1.9791641235351562
I0305 23:42:04.898823 139789550438144 logging_writer.py:48] [9300] global_step=9300, grad_norm=1.5496970415115356, loss=2.1568353176116943
I0305 23:42:38.542235 139789542045440 logging_writer.py:48] [9400] global_step=9400, grad_norm=2.39400577545166, loss=2.1358792781829834
I0305 23:43:12.255665 139789550438144 logging_writer.py:48] [9500] global_step=9500, grad_norm=1.8961260318756104, loss=1.9853066205978394
I0305 23:43:45.985155 139789542045440 logging_writer.py:48] [9600] global_step=9600, grad_norm=1.8664023876190186, loss=2.0948569774627686
I0305 23:44:19.622837 139789550438144 logging_writer.py:48] [9700] global_step=9700, grad_norm=2.327799081802368, loss=2.0775582790374756
I0305 23:44:53.274507 139789542045440 logging_writer.py:48] [9800] global_step=9800, grad_norm=1.781044840812683, loss=2.0321998596191406
I0305 23:45:26.937269 139789550438144 logging_writer.py:48] [9900] global_step=9900, grad_norm=1.6554772853851318, loss=2.0321059226989746
I0305 23:46:00.656395 139789542045440 logging_writer.py:48] [10000] global_step=10000, grad_norm=1.640589714050293, loss=2.2310473918914795
I0305 23:46:34.297498 139789550438144 logging_writer.py:48] [10100] global_step=10100, grad_norm=1.8376669883728027, loss=1.9483721256256104
I0305 23:47:07.961825 139789542045440 logging_writer.py:48] [10200] global_step=10200, grad_norm=2.070261001586914, loss=2.119541883468628
I0305 23:47:41.612458 139789550438144 logging_writer.py:48] [10300] global_step=10300, grad_norm=1.6778626441955566, loss=2.0272374153137207
I0305 23:48:15.329932 139789542045440 logging_writer.py:48] [10400] global_step=10400, grad_norm=1.8824925422668457, loss=2.0297842025756836
I0305 23:48:48.977827 139789550438144 logging_writer.py:48] [10500] global_step=10500, grad_norm=1.6526275873184204, loss=2.028308629989624
I0305 23:49:22.069295 139951089751872 spec.py:321] Evaluating on the training split.
I0305 23:49:29.258695 139951089751872 spec.py:333] Evaluating on the validation split.
I0305 23:49:37.892395 139951089751872 spec.py:349] Evaluating on the test split.
I0305 23:49:40.171798 139951089751872 submission_runner.py:411] Time since start: 3783.38s, 	Step: 10600, 	{'train/accuracy': 0.6399075388908386, 'train/loss': 1.445544958114624, 'validation/accuracy': 0.5717999935150146, 'validation/loss': 1.8170902729034424, 'validation/num_examples': 50000, 'test/accuracy': 0.4480000138282776, 'test/loss': 2.5838935375213623, 'test/num_examples': 10000, 'score': 3620.4855065345764, 'total_duration': 3783.384105682373, 'accumulated_submission_time': 3620.4855065345764, 'accumulated_eval_time': 162.33961367607117, 'accumulated_logging_time': 0.1865520477294922}
I0305 23:49:40.199334 139789030385408 logging_writer.py:48] [10600] accumulated_eval_time=162.339614, accumulated_logging_time=0.186552, accumulated_submission_time=3620.485507, global_step=10600, preemption_count=0, score=3620.485507, test/accuracy=0.448000, test/loss=2.583894, test/num_examples=10000, total_duration=3783.384106, train/accuracy=0.639908, train/loss=1.445545, validation/accuracy=0.571800, validation/loss=1.817090, validation/num_examples=50000
I0305 23:49:40.560578 139789038778112 logging_writer.py:48] [10600] global_step=10600, grad_norm=1.5975286960601807, loss=2.078235626220703
I0305 23:50:14.256519 139789030385408 logging_writer.py:48] [10700] global_step=10700, grad_norm=2.5276670455932617, loss=2.1841514110565186
I0305 23:50:47.929384 139789038778112 logging_writer.py:48] [10800] global_step=10800, grad_norm=1.4757548570632935, loss=1.9522359371185303
I0305 23:51:21.574407 139789030385408 logging_writer.py:48] [10900] global_step=10900, grad_norm=1.8792803287506104, loss=1.904861330986023
I0305 23:51:55.228549 139789038778112 logging_writer.py:48] [11000] global_step=11000, grad_norm=1.9995406866073608, loss=1.9771239757537842
I0305 23:52:28.954733 139789030385408 logging_writer.py:48] [11100] global_step=11100, grad_norm=1.8075242042541504, loss=1.9716311693191528
I0305 23:53:02.614370 139789038778112 logging_writer.py:48] [11200] global_step=11200, grad_norm=1.8987727165222168, loss=2.0760445594787598
I0305 23:53:36.255435 139789030385408 logging_writer.py:48] [11300] global_step=11300, grad_norm=1.409341812133789, loss=1.9654220342636108
I0305 23:54:10.034947 139789038778112 logging_writer.py:48] [11400] global_step=11400, grad_norm=1.6042896509170532, loss=1.9911353588104248
I0305 23:54:43.721557 139789030385408 logging_writer.py:48] [11500] global_step=11500, grad_norm=1.7817885875701904, loss=2.0179758071899414
I0305 23:55:17.373899 139789038778112 logging_writer.py:48] [11600] global_step=11600, grad_norm=1.6297906637191772, loss=1.9423823356628418
I0305 23:55:51.050012 139789030385408 logging_writer.py:48] [11700] global_step=11700, grad_norm=1.6181249618530273, loss=1.9344375133514404
I0305 23:56:24.693207 139789038778112 logging_writer.py:48] [11800] global_step=11800, grad_norm=1.9074701070785522, loss=1.884061336517334
I0305 23:56:58.406014 139789030385408 logging_writer.py:48] [11900] global_step=11900, grad_norm=1.7048102617263794, loss=2.015955686569214
I0305 23:57:32.056179 139789038778112 logging_writer.py:48] [12000] global_step=12000, grad_norm=1.8096626996994019, loss=1.9541168212890625
I0305 23:58:05.703724 139789030385408 logging_writer.py:48] [12100] global_step=12100, grad_norm=1.5890388488769531, loss=1.9911829233169556
I0305 23:58:10.181219 139951089751872 spec.py:321] Evaluating on the training split.
I0305 23:58:17.483551 139951089751872 spec.py:333] Evaluating on the validation split.
I0305 23:58:26.001394 139951089751872 spec.py:349] Evaluating on the test split.
I0305 23:58:28.286667 139951089751872 submission_runner.py:411] Time since start: 4311.50s, 	Step: 12115, 	{'train/accuracy': 0.6345862150192261, 'train/loss': 1.4771161079406738, 'validation/accuracy': 0.5790799856185913, 'validation/loss': 1.7761107683181763, 'validation/num_examples': 50000, 'test/accuracy': 0.45980003476142883, 'test/loss': 2.4967310428619385, 'test/num_examples': 10000, 'score': 4130.400605678558, 'total_duration': 4311.498994588852, 'accumulated_submission_time': 4130.400605678558, 'accumulated_eval_time': 180.44503736495972, 'accumulated_logging_time': 0.22774243354797363}
I0305 23:58:28.304508 139789550438144 logging_writer.py:48] [12115] accumulated_eval_time=180.445037, accumulated_logging_time=0.227742, accumulated_submission_time=4130.400606, global_step=12115, preemption_count=0, score=4130.400606, test/accuracy=0.459800, test/loss=2.496731, test/num_examples=10000, total_duration=4311.498995, train/accuracy=0.634586, train/loss=1.477116, validation/accuracy=0.579080, validation/loss=1.776111, validation/num_examples=50000
I0305 23:58:57.283902 139789558830848 logging_writer.py:48] [12200] global_step=12200, grad_norm=1.6412360668182373, loss=1.9905027151107788
I0305 23:59:30.941494 139789550438144 logging_writer.py:48] [12300] global_step=12300, grad_norm=1.2899938821792603, loss=1.9649274349212646
I0306 00:00:04.578995 139789558830848 logging_writer.py:48] [12400] global_step=12400, grad_norm=1.7826251983642578, loss=1.9767041206359863
I0306 00:00:38.253020 139789550438144 logging_writer.py:48] [12500] global_step=12500, grad_norm=1.5792862176895142, loss=1.9498990774154663
I0306 00:01:11.940605 139789558830848 logging_writer.py:48] [12600] global_step=12600, grad_norm=1.5333276987075806, loss=1.9769936800003052
I0306 00:01:45.658175 139789550438144 logging_writer.py:48] [12700] global_step=12700, grad_norm=1.6856378316879272, loss=1.9985556602478027
I0306 00:02:19.308500 139789558830848 logging_writer.py:48] [12800] global_step=12800, grad_norm=1.409611701965332, loss=1.967281699180603
I0306 00:02:52.974143 139789550438144 logging_writer.py:48] [12900] global_step=12900, grad_norm=1.6159917116165161, loss=1.9841464757919312
I0306 00:03:26.642417 139789558830848 logging_writer.py:48] [13000] global_step=13000, grad_norm=2.0814201831817627, loss=1.9422407150268555
I0306 00:04:00.303621 139789550438144 logging_writer.py:48] [13100] global_step=13100, grad_norm=1.9608056545257568, loss=2.013439178466797
I0306 00:04:33.976680 139789558830848 logging_writer.py:48] [13200] global_step=13200, grad_norm=1.2954626083374023, loss=1.9071124792099
I0306 00:05:07.623079 139789550438144 logging_writer.py:48] [13300] global_step=13300, grad_norm=1.491736888885498, loss=1.9662816524505615
I0306 00:05:41.244717 139789558830848 logging_writer.py:48] [13400] global_step=13400, grad_norm=1.640659213066101, loss=1.9419608116149902
I0306 00:06:14.911673 139789550438144 logging_writer.py:48] [13500] global_step=13500, grad_norm=1.5759028196334839, loss=1.9771060943603516
I0306 00:06:48.549916 139789558830848 logging_writer.py:48] [13600] global_step=13600, grad_norm=1.6271661520004272, loss=1.8176777362823486
I0306 00:06:58.416889 139951089751872 spec.py:321] Evaluating on the training split.
I0306 00:07:05.797448 139951089751872 spec.py:333] Evaluating on the validation split.
I0306 00:07:15.365812 139951089751872 spec.py:349] Evaluating on the test split.
I0306 00:07:17.658212 139951089751872 submission_runner.py:411] Time since start: 4840.87s, 	Step: 13631, 	{'train/accuracy': 0.6399673223495483, 'train/loss': 1.4503324031829834, 'validation/accuracy': 0.5899400115013123, 'validation/loss': 1.7300362586975098, 'validation/num_examples': 50000, 'test/accuracy': 0.456900030374527, 'test/loss': 2.5264737606048584, 'test/num_examples': 10000, 'score': 4640.448156118393, 'total_duration': 4840.869259595871, 'accumulated_submission_time': 4640.448156118393, 'accumulated_eval_time': 199.68504357337952, 'accumulated_logging_time': 0.2561922073364258}
I0306 00:07:17.678309 139789021992704 logging_writer.py:48] [13631] accumulated_eval_time=199.685044, accumulated_logging_time=0.256192, accumulated_submission_time=4640.448156, global_step=13631, preemption_count=0, score=4640.448156, test/accuracy=0.456900, test/loss=2.526474, test/num_examples=10000, total_duration=4840.869260, train/accuracy=0.639967, train/loss=1.450332, validation/accuracy=0.589940, validation/loss=1.730036, validation/num_examples=50000
I0306 00:07:41.225138 139789030385408 logging_writer.py:48] [13700] global_step=13700, grad_norm=1.8010550737380981, loss=1.8433254957199097
I0306 00:08:14.928790 139789021992704 logging_writer.py:48] [13800] global_step=13800, grad_norm=1.4145597219467163, loss=1.9904522895812988
I0306 00:08:48.568253 139789030385408 logging_writer.py:48] [13900] global_step=13900, grad_norm=1.4619327783584595, loss=1.8514771461486816
I0306 00:09:22.260052 139789021992704 logging_writer.py:48] [14000] global_step=14000, grad_norm=1.6815977096557617, loss=2.0132193565368652
I0306 00:09:55.886131 139789030385408 logging_writer.py:48] [14100] global_step=14100, grad_norm=1.489401936531067, loss=1.973745584487915
I0306 00:10:29.549542 139789021992704 logging_writer.py:48] [14200] global_step=14200, grad_norm=1.9107156991958618, loss=2.0285890102386475
I0306 00:11:03.186246 139789030385408 logging_writer.py:48] [14300] global_step=14300, grad_norm=2.0515735149383545, loss=1.9282236099243164
I0306 00:11:36.860871 139789021992704 logging_writer.py:48] [14400] global_step=14400, grad_norm=2.4327805042266846, loss=1.9628949165344238
I0306 00:12:10.561703 139789030385408 logging_writer.py:48] [14500] global_step=14500, grad_norm=1.7654634714126587, loss=1.931032657623291
I0306 00:12:44.254250 139789021992704 logging_writer.py:48] [14600] global_step=14600, grad_norm=1.5753908157348633, loss=1.9669498205184937
I0306 00:13:17.875277 139789030385408 logging_writer.py:48] [14700] global_step=14700, grad_norm=2.0654871463775635, loss=1.9859991073608398
I0306 00:13:51.531756 139789021992704 logging_writer.py:48] [14800] global_step=14800, grad_norm=2.668170690536499, loss=1.91655695438385
I0306 00:14:25.155098 139789030385408 logging_writer.py:48] [14900] global_step=14900, grad_norm=1.8525400161743164, loss=1.7570326328277588
I0306 00:14:58.791124 139789021992704 logging_writer.py:48] [15000] global_step=15000, grad_norm=1.712815284729004, loss=1.920650601387024
I0306 00:15:32.403414 139789030385408 logging_writer.py:48] [15100] global_step=15100, grad_norm=2.164269208908081, loss=1.9372872114181519
I0306 00:15:47.973673 139951089751872 spec.py:321] Evaluating on the training split.
I0306 00:15:55.968253 139951089751872 spec.py:333] Evaluating on the validation split.
I0306 00:16:06.519912 139951089751872 spec.py:349] Evaluating on the test split.
I0306 00:16:08.790750 139951089751872 submission_runner.py:411] Time since start: 5372.00s, 	Step: 15148, 	{'train/accuracy': 0.6467235088348389, 'train/loss': 1.4315388202667236, 'validation/accuracy': 0.5961399674415588, 'validation/loss': 1.6884781122207642, 'validation/num_examples': 50000, 'test/accuracy': 0.4661000072956085, 'test/loss': 2.474865436553955, 'test/num_examples': 10000, 'score': 5150.681735038757, 'total_duration': 5372.002974510193, 'accumulated_submission_time': 5150.681735038757, 'accumulated_eval_time': 220.5019817352295, 'accumulated_logging_time': 0.2849607467651367}
I0306 00:16:08.822840 139789030385408 logging_writer.py:48] [15148] accumulated_eval_time=220.501982, accumulated_logging_time=0.284961, accumulated_submission_time=5150.681735, global_step=15148, preemption_count=0, score=5150.681735, test/accuracy=0.466100, test/loss=2.474865, test/num_examples=10000, total_duration=5372.002975, train/accuracy=0.646724, train/loss=1.431539, validation/accuracy=0.596140, validation/loss=1.688478, validation/num_examples=50000
I0306 00:16:26.637910 139789038778112 logging_writer.py:48] [15200] global_step=15200, grad_norm=1.661861538887024, loss=1.9629528522491455
I0306 00:17:00.260090 139789030385408 logging_writer.py:48] [15300] global_step=15300, grad_norm=1.922724723815918, loss=2.002335548400879
I0306 00:17:33.899966 139789038778112 logging_writer.py:48] [15400] global_step=15400, grad_norm=1.9158835411071777, loss=1.9019349813461304
I0306 00:18:07.546733 139789030385408 logging_writer.py:48] [15500] global_step=15500, grad_norm=1.4703104496002197, loss=1.9400067329406738
I0306 00:18:41.245257 139789038778112 logging_writer.py:48] [15600] global_step=15600, grad_norm=2.2237768173217773, loss=1.9370187520980835
I0306 00:19:14.885175 139789030385408 logging_writer.py:48] [15700] global_step=15700, grad_norm=1.6459580659866333, loss=1.8437726497650146
I0306 00:19:48.532175 139789038778112 logging_writer.py:48] [15800] global_step=15800, grad_norm=1.5127031803131104, loss=2.0017614364624023
I0306 00:20:22.177366 139789030385408 logging_writer.py:48] [15900] global_step=15900, grad_norm=1.6495921611785889, loss=1.847139596939087
I0306 00:20:55.891092 139789038778112 logging_writer.py:48] [16000] global_step=16000, grad_norm=2.1082072257995605, loss=1.9315788745880127
I0306 00:21:29.542297 139789030385408 logging_writer.py:48] [16100] global_step=16100, grad_norm=1.656378984451294, loss=1.8981826305389404
I0306 00:22:03.201185 139789038778112 logging_writer.py:48] [16200] global_step=16200, grad_norm=1.7143049240112305, loss=1.958441972732544
I0306 00:22:36.928876 139789030385408 logging_writer.py:48] [16300] global_step=16300, grad_norm=1.8262478113174438, loss=1.882071852684021
I0306 00:23:10.593649 139789038778112 logging_writer.py:48] [16400] global_step=16400, grad_norm=1.5918139219284058, loss=1.860875129699707
I0306 00:23:44.184331 139789030385408 logging_writer.py:48] [16500] global_step=16500, grad_norm=1.7118932008743286, loss=1.9893014430999756
I0306 00:24:17.807479 139789038778112 logging_writer.py:48] [16600] global_step=16600, grad_norm=1.5762381553649902, loss=1.85965096950531
I0306 00:24:39.096006 139951089751872 spec.py:321] Evaluating on the training split.
I0306 00:24:46.684002 139951089751872 spec.py:333] Evaluating on the validation split.
I0306 00:24:57.747037 139951089751872 spec.py:349] Evaluating on the test split.
I0306 00:24:59.966797 139951089751872 submission_runner.py:411] Time since start: 5903.18s, 	Step: 16665, 	{'train/accuracy': 0.6599370241165161, 'train/loss': 1.3714268207550049, 'validation/accuracy': 0.6070199608802795, 'validation/loss': 1.642867922782898, 'validation/num_examples': 50000, 'test/accuracy': 0.48260003328323364, 'test/loss': 2.3955681324005127, 'test/num_examples': 10000, 'score': 5660.8894102573395, 'total_duration': 5903.179100036621, 'accumulated_submission_time': 5660.8894102573395, 'accumulated_eval_time': 241.37271213531494, 'accumulated_logging_time': 0.3264124393463135}
I0306 00:24:59.990825 139789021992704 logging_writer.py:48] [16665] accumulated_eval_time=241.372712, accumulated_logging_time=0.326412, accumulated_submission_time=5660.889410, global_step=16665, preemption_count=0, score=5660.889410, test/accuracy=0.482600, test/loss=2.395568, test/num_examples=10000, total_duration=5903.179100, train/accuracy=0.659937, train/loss=1.371427, validation/accuracy=0.607020, validation/loss=1.642868, validation/num_examples=50000
I0306 00:25:12.118296 139789030385408 logging_writer.py:48] [16700] global_step=16700, grad_norm=1.8068116903305054, loss=1.9257783889770508
I0306 00:25:45.764529 139789021992704 logging_writer.py:48] [16800] global_step=16800, grad_norm=1.8831435441970825, loss=1.9248067140579224
I0306 00:26:19.407806 139789030385408 logging_writer.py:48] [16900] global_step=16900, grad_norm=1.5035481452941895, loss=1.797444462776184
I0306 00:26:53.049027 139789021992704 logging_writer.py:48] [17000] global_step=17000, grad_norm=1.4582890272140503, loss=1.9002140760421753
I0306 00:27:26.738756 139789030385408 logging_writer.py:48] [17100] global_step=17100, grad_norm=1.7305771112442017, loss=1.729035496711731
I0306 00:28:00.377565 139789021992704 logging_writer.py:48] [17200] global_step=17200, grad_norm=1.7441052198410034, loss=1.8751031160354614
I0306 00:28:34.039458 139789030385408 logging_writer.py:48] [17300] global_step=17300, grad_norm=1.7912793159484863, loss=1.8899773359298706
I0306 00:29:07.674360 139789021992704 logging_writer.py:48] [17400] global_step=17400, grad_norm=1.7563343048095703, loss=1.908595085144043
I0306 00:29:41.341142 139789030385408 logging_writer.py:48] [17500] global_step=17500, grad_norm=1.6981890201568604, loss=1.7560899257659912
I0306 00:30:14.971116 139789021992704 logging_writer.py:48] [17600] global_step=17600, grad_norm=2.1761250495910645, loss=1.9337615966796875
I0306 00:30:48.627390 139789030385408 logging_writer.py:48] [17700] global_step=17700, grad_norm=1.331173300743103, loss=1.8161407709121704
I0306 00:31:22.234791 139789021992704 logging_writer.py:48] [17800] global_step=17800, grad_norm=1.739378571510315, loss=1.8166768550872803
I0306 00:31:55.936792 139789030385408 logging_writer.py:48] [17900] global_step=17900, grad_norm=1.7217670679092407, loss=1.795610785484314
I0306 00:32:29.585556 139789021992704 logging_writer.py:48] [18000] global_step=18000, grad_norm=1.7086752653121948, loss=1.8864752054214478
I0306 00:33:03.242384 139789030385408 logging_writer.py:48] [18100] global_step=18100, grad_norm=1.9022802114486694, loss=1.884318470954895
I0306 00:33:30.250522 139951089751872 spec.py:321] Evaluating on the training split.
I0306 00:33:38.576924 139951089751872 spec.py:333] Evaluating on the validation split.
I0306 00:33:49.545633 139951089751872 spec.py:349] Evaluating on the test split.
I0306 00:33:51.783816 139951089751872 submission_runner.py:411] Time since start: 6435.00s, 	Step: 18182, 	{'train/accuracy': 0.7046794891357422, 'train/loss': 1.1431324481964111, 'validation/accuracy': 0.6042199730873108, 'validation/loss': 1.6550146341323853, 'validation/num_examples': 50000, 'test/accuracy': 0.4863000214099884, 'test/loss': 2.3672258853912354, 'test/num_examples': 10000, 'score': 6171.083922147751, 'total_duration': 6434.996114492416, 'accumulated_submission_time': 6171.083922147751, 'accumulated_eval_time': 262.90595984458923, 'accumulated_logging_time': 0.3627340793609619}
I0306 00:33:51.817732 139789038778112 logging_writer.py:48] [18182] accumulated_eval_time=262.905960, accumulated_logging_time=0.362734, accumulated_submission_time=6171.083922, global_step=18182, preemption_count=0, score=6171.083922, test/accuracy=0.486300, test/loss=2.367226, test/num_examples=10000, total_duration=6434.996114, train/accuracy=0.704679, train/loss=1.143132, validation/accuracy=0.604220, validation/loss=1.655015, validation/num_examples=50000
I0306 00:33:58.232066 139789533652736 logging_writer.py:48] [18200] global_step=18200, grad_norm=2.168553352355957, loss=1.837565302848816
I0306 00:34:31.935634 139789038778112 logging_writer.py:48] [18300] global_step=18300, grad_norm=1.5566706657409668, loss=1.8875104188919067
I0306 00:35:05.621618 139789533652736 logging_writer.py:48] [18400] global_step=18400, grad_norm=1.594387412071228, loss=1.8830671310424805
I0306 00:35:39.240600 139789038778112 logging_writer.py:48] [18500] global_step=18500, grad_norm=1.4630179405212402, loss=1.8225035667419434
I0306 00:36:12.920457 139789533652736 logging_writer.py:48] [18600] global_step=18600, grad_norm=2.2398669719696045, loss=1.8733986616134644
I0306 00:36:46.568467 139789038778112 logging_writer.py:48] [18700] global_step=18700, grad_norm=1.71567702293396, loss=1.762689232826233
I0306 00:37:20.198533 139789533652736 logging_writer.py:48] [18800] global_step=18800, grad_norm=1.3673627376556396, loss=1.6936222314834595
I0306 00:37:53.885350 139789038778112 logging_writer.py:48] [18900] global_step=18900, grad_norm=1.5551040172576904, loss=1.839162826538086
I0306 00:38:27.545075 139789533652736 logging_writer.py:48] [19000] global_step=19000, grad_norm=1.6974451541900635, loss=1.8157148361206055
I0306 00:39:01.169531 139789038778112 logging_writer.py:48] [19100] global_step=19100, grad_norm=1.5422699451446533, loss=1.7509067058563232
I0306 00:39:34.805782 139789533652736 logging_writer.py:48] [19200] global_step=19200, grad_norm=1.8438836336135864, loss=1.8535032272338867
I0306 00:40:08.443711 139789038778112 logging_writer.py:48] [19300] global_step=19300, grad_norm=1.874498724937439, loss=1.8906437158584595
I0306 00:40:42.100623 139789533652736 logging_writer.py:48] [19400] global_step=19400, grad_norm=1.4420019388198853, loss=1.767680287361145
I0306 00:41:15.746444 139789038778112 logging_writer.py:48] [19500] global_step=19500, grad_norm=1.3658883571624756, loss=1.6310805082321167
I0306 00:41:49.470772 139789533652736 logging_writer.py:48] [19600] global_step=19600, grad_norm=1.6789970397949219, loss=1.7872475385665894
I0306 00:42:21.862543 139951089751872 spec.py:321] Evaluating on the training split.
I0306 00:42:29.481509 139951089751872 spec.py:333] Evaluating on the validation split.
I0306 00:42:39.316791 139951089751872 spec.py:349] Evaluating on the test split.
