python3 submission_runner.py --framework=jax --workload=imagenet_vit --submission_path=prize_qualification_baselines/external_tuning/jax_nadamw_full_budget.py --tuning_search_space=prize_qualification_baselines/external_tuning/tuning_search_space.json --data_dir=/data/imagenet/jax --num_tuning_trials=1 --experiment_dir=/experiment_runs --experiment_name=prize_qualification/study_0 --overwrite=true --save_checkpoints=false --num_tuning_trials=5 --rng_seed=3682051175 --max_global_steps=186666 --imagenet_v2_data_dir=/data/imagenet/jax 2>&1 | tee -a /logs/imagenet_vit_jax_01-30-2024-13-40-46.log
/usr/local/lib/python3.8/dist-packages/tensorflow_addons/utils/tfa_eol_msg.py:23: UserWarning: 

TensorFlow Addons (TFA) has ended development and introduction of new features.
TFA has entered a minimal maintenance and release mode until a planned end of life in May 2024.
Please modify downstream libraries to take dependencies from other repositories in our TensorFlow community (e.g. Keras, Keras-CV, and Keras-NLP). 

For more information see: https://github.com/tensorflow/addons/issues/2807 

  warnings.warn(
I0130 13:41:06.795738 139863983413056 logger_utils.py:76] Creating experiment directory at /experiment_runs/prize_qualification/study_0/imagenet_vit_jax.
I0130 13:41:07.782571 139863983413056 xla_bridge.py:455] Unable to initialize backend 'rocm': NOT_FOUND: Could not find registered platform with name: "rocm". Available platform names are: Interpreter Host CUDA
I0130 13:41:07.783275 139863983413056 xla_bridge.py:455] Unable to initialize backend 'tpu': module 'jaxlib.xla_extension' has no attribute 'get_tpu_client'
I0130 13:41:07.783401 139863983413056 xla_bridge.py:455] Unable to initialize backend 'plugin': xla_extension has no attributes named get_plugin_device_client. Compile TensorFlow with //tensorflow/compiler/xla/python:enable_plugin_device set to true (defaults to false) to enable this.
I0130 13:41:07.784422 139863983413056 submission_runner.py:542] Using RNG seed 3682051175
I0130 13:41:08.927804 139863983413056 submission_runner.py:551] --- Tuning run 1/5 ---
I0130 13:41:08.928011 139863983413056 submission_runner.py:556] Creating tuning directory at /experiment_runs/prize_qualification/study_0/imagenet_vit_jax/trial_1.
I0130 13:41:08.928375 139863983413056 logger_utils.py:92] Saving hparams to /experiment_runs/prize_qualification/study_0/imagenet_vit_jax/trial_1/hparams.json.
I0130 13:41:09.112618 139863983413056 submission_runner.py:206] Initializing dataset.
I0130 13:41:09.128468 139863983413056 dataset_info.py:578] Load dataset info from /data/imagenet/jax/imagenet2012/5.1.0
I0130 13:41:09.138708 139863983413056 dataset_info.py:669] Fields info.[splits, supervised_keys] from disk and from code do not match. Keeping the one from code.
I0130 13:41:09.525683 139863983413056 logging_logger.py:49] Constructing tf.data.Dataset imagenet2012 for split train, from /data/imagenet/jax/imagenet2012/5.1.0
I0130 13:41:17.773759 139863983413056 submission_runner.py:213] Initializing model.
I0130 13:41:26.706218 139863983413056 submission_runner.py:255] Initializing optimizer.
I0130 13:41:27.699977 139863983413056 submission_runner.py:262] Initializing metrics bundle.
I0130 13:41:27.700164 139863983413056 submission_runner.py:280] Initializing checkpoint and logger.
I0130 13:41:27.701304 139863983413056 checkpoints.py:915] Found no checkpoint files in /experiment_runs/prize_qualification/study_0/imagenet_vit_jax/trial_1 with prefix checkpoint_
I0130 13:41:27.701444 139863983413056 submission_runner.py:300] Saving meta data to /experiment_runs/prize_qualification/study_0/imagenet_vit_jax/trial_1/meta_data_0.json.
fatal: detected dubious ownership in repository at '/algorithmic-efficiency'
To add an exception for this directory, call:

	git config --global --add safe.directory /algorithmic-efficiency
I0130 13:41:28.035493 139863983413056 logger_utils.py:220] Unable to record git information. Continuing without it.
I0130 13:41:28.339334 139863983413056 submission_runner.py:304] Saving flags to /experiment_runs/prize_qualification/study_0/imagenet_vit_jax/trial_1/flags_0.json.
I0130 13:41:28.349352 139863983413056 submission_runner.py:314] Starting training loop.
I0130 13:42:11.190883 139701931472640 logging_writer.py:48] [0] global_step=0, grad_norm=0.3351106643676758, loss=6.907756805419922
I0130 13:42:11.208426 139863983413056 spec.py:321] Evaluating on the training split.
I0130 13:42:11.216599 139863983413056 dataset_info.py:578] Load dataset info from /data/imagenet/jax/imagenet2012/5.1.0
I0130 13:42:11.225778 139863983413056 dataset_info.py:669] Fields info.[splits, supervised_keys] from disk and from code do not match. Keeping the one from code.
I0130 13:42:11.308946 139863983413056 logging_logger.py:49] Constructing tf.data.Dataset imagenet2012 for split train, from /data/imagenet/jax/imagenet2012/5.1.0
I0130 13:42:28.685971 139863983413056 spec.py:333] Evaluating on the validation split.
I0130 13:42:28.697822 139863983413056 dataset_info.py:578] Load dataset info from /data/imagenet/jax/imagenet2012/5.1.0
I0130 13:42:28.714952 139863983413056 dataset_info.py:669] Fields info.[splits, supervised_keys] from disk and from code do not match. Keeping the one from code.
I0130 13:42:28.794090 139863983413056 logging_logger.py:49] Constructing tf.data.Dataset imagenet2012 for split validation, from /data/imagenet/jax/imagenet2012/5.1.0
I0130 13:42:46.155316 139863983413056 spec.py:349] Evaluating on the test split.
I0130 13:42:46.164530 139863983413056 dataset_info.py:578] Load dataset info from /data/imagenet/jax/imagenet_v2/matched-frequency/3.0.0
I0130 13:42:46.170262 139863983413056 dataset_builder.py:528] Reusing dataset imagenet_v2 (/data/imagenet/jax/imagenet_v2/matched-frequency/3.0.0)
I0130 13:42:46.224336 139863983413056 logging_logger.py:49] Constructing tf.data.Dataset imagenet_v2 for split test, from /data/imagenet/jax/imagenet_v2/matched-frequency/3.0.0
I0130 13:42:51.512809 139863983413056 submission_runner.py:408] Time since start: 83.16s, 	Step: 1, 	{'train/accuracy': 0.0009960937313735485, 'train/loss': 6.907756328582764, 'validation/accuracy': 0.0009999999310821295, 'validation/loss': 6.9077558517456055, 'validation/num_examples': 50000, 'test/accuracy': 0.0010000000474974513, 'test/loss': 6.907756805419922, 'test/num_examples': 10000, 'score': 42.85896849632263, 'total_duration': 83.16339540481567, 'accumulated_submission_time': 42.85896849632263, 'accumulated_eval_time': 40.30432653427124, 'accumulated_logging_time': 0}
I0130 13:42:51.529157 139668737730304 logging_writer.py:48] [1] accumulated_eval_time=40.304327, accumulated_logging_time=0, accumulated_submission_time=42.858968, global_step=1, preemption_count=0, score=42.858968, test/accuracy=0.001000, test/loss=6.907757, test/num_examples=10000, total_duration=83.163395, train/accuracy=0.000996, train/loss=6.907756, validation/accuracy=0.001000, validation/loss=6.907756, validation/num_examples=50000
I0130 13:43:55.047252 139700054882048 logging_writer.py:48] [100] global_step=100, grad_norm=0.3815669119358063, loss=6.906069755554199
I0130 13:44:37.777904 139700063274752 logging_writer.py:48] [200] global_step=200, grad_norm=0.4406109154224396, loss=6.89323091506958
I0130 13:45:22.815008 139700054882048 logging_writer.py:48] [300] global_step=300, grad_norm=0.6499064564704895, loss=6.855404853820801
I0130 13:46:07.920022 139700063274752 logging_writer.py:48] [400] global_step=400, grad_norm=0.5664462447166443, loss=6.818679332733154
I0130 13:46:52.801100 139700054882048 logging_writer.py:48] [500] global_step=500, grad_norm=0.624799907207489, loss=6.851456642150879
I0130 13:47:37.902850 139700063274752 logging_writer.py:48] [600] global_step=600, grad_norm=0.7370424866676331, loss=6.746707439422607
I0130 13:48:22.844661 139700054882048 logging_writer.py:48] [700] global_step=700, grad_norm=0.9734796285629272, loss=6.681227684020996
I0130 13:49:08.071249 139700063274752 logging_writer.py:48] [800] global_step=800, grad_norm=1.7228559255599976, loss=6.669015884399414
I0130 13:49:51.609338 139863983413056 spec.py:321] Evaluating on the training split.
I0130 13:50:03.505779 139863983413056 spec.py:333] Evaluating on the validation split.
I0130 13:50:11.664055 139863983413056 spec.py:349] Evaluating on the test split.
I0130 13:50:13.344752 139863983413056 submission_runner.py:408] Time since start: 525.00s, 	Step: 898, 	{'train/accuracy': 0.014863280579447746, 'train/loss': 6.403157711029053, 'validation/accuracy': 0.014499999582767487, 'validation/loss': 6.414474010467529, 'validation/num_examples': 50000, 'test/accuracy': 0.010500000789761543, 'test/loss': 6.4579176902771, 'test/num_examples': 10000, 'score': 462.88109707832336, 'total_duration': 524.9953355789185, 'accumulated_submission_time': 462.88109707832336, 'accumulated_eval_time': 62.0397412776947, 'accumulated_logging_time': 0.02691793441772461}
I0130 13:50:13.361827 139668746123008 logging_writer.py:48] [898] accumulated_eval_time=62.039741, accumulated_logging_time=0.026918, accumulated_submission_time=462.881097, global_step=898, preemption_count=0, score=462.881097, test/accuracy=0.010500, test/loss=6.457918, test/num_examples=10000, total_duration=524.995336, train/accuracy=0.014863, train/loss=6.403158, validation/accuracy=0.014500, validation/loss=6.414474, validation/num_examples=50000
I0130 13:50:14.604075 139668754515712 logging_writer.py:48] [900] global_step=900, grad_norm=1.077932596206665, loss=6.566359996795654
I0130 13:50:54.598109 139668746123008 logging_writer.py:48] [1000] global_step=1000, grad_norm=2.130614995956421, loss=6.537985801696777
I0130 13:51:38.910261 139668754515712 logging_writer.py:48] [1100] global_step=1100, grad_norm=1.1413042545318604, loss=6.633737564086914
I0130 13:52:23.962955 139668746123008 logging_writer.py:48] [1200] global_step=1200, grad_norm=1.2914577722549438, loss=6.508334636688232
I0130 13:53:08.801095 139668754515712 logging_writer.py:48] [1300] global_step=1300, grad_norm=3.494978904724121, loss=6.481099605560303
I0130 13:53:53.699138 139668746123008 logging_writer.py:48] [1400] global_step=1400, grad_norm=1.862642765045166, loss=6.705835819244385
I0130 13:54:38.600837 139668754515712 logging_writer.py:48] [1500] global_step=1500, grad_norm=1.3868356943130493, loss=6.665359973907471
I0130 13:55:23.441809 139668746123008 logging_writer.py:48] [1600] global_step=1600, grad_norm=1.8369178771972656, loss=6.259581565856934
I0130 13:56:08.110301 139668754515712 logging_writer.py:48] [1700] global_step=1700, grad_norm=1.5072190761566162, loss=6.425423622131348
I0130 13:56:52.949929 139668746123008 logging_writer.py:48] [1800] global_step=1800, grad_norm=1.927318811416626, loss=6.564933776855469
I0130 13:57:13.591163 139863983413056 spec.py:321] Evaluating on the training split.
I0130 13:57:25.335601 139863983413056 spec.py:333] Evaluating on the validation split.
I0130 13:57:33.488377 139863983413056 spec.py:349] Evaluating on the test split.
I0130 13:57:35.134571 139863983413056 submission_runner.py:408] Time since start: 966.79s, 	Step: 1848, 	{'train/accuracy': 0.040546875447034836, 'train/loss': 5.837361812591553, 'validation/accuracy': 0.039159998297691345, 'validation/loss': 5.86493444442749, 'validation/num_examples': 50000, 'test/accuracy': 0.03280000016093254, 'test/loss': 5.980993270874023, 'test/num_examples': 10000, 'score': 883.0495610237122, 'total_duration': 966.7851572036743, 'accumulated_submission_time': 883.0495610237122, 'accumulated_eval_time': 83.5831470489502, 'accumulated_logging_time': 0.05479598045349121}
I0130 13:57:35.151441 139668754515712 logging_writer.py:48] [1848] accumulated_eval_time=83.583147, accumulated_logging_time=0.054796, accumulated_submission_time=883.049561, global_step=1848, preemption_count=0, score=883.049561, test/accuracy=0.032800, test/loss=5.980993, test/num_examples=10000, total_duration=966.785157, train/accuracy=0.040547, train/loss=5.837362, validation/accuracy=0.039160, validation/loss=5.864934, validation/num_examples=50000
I0130 13:57:56.424594 139668746123008 logging_writer.py:48] [1900] global_step=1900, grad_norm=1.7330856323242188, loss=6.208302974700928
I0130 13:58:38.186007 139668754515712 logging_writer.py:48] [2000] global_step=2000, grad_norm=2.1973748207092285, loss=6.168090343475342
I0130 13:59:23.048616 139668746123008 logging_writer.py:48] [2100] global_step=2100, grad_norm=1.623941421508789, loss=6.201029300689697
I0130 14:00:07.918341 139668754515712 logging_writer.py:48] [2200] global_step=2200, grad_norm=1.3561915159225464, loss=6.689372539520264
I0130 14:00:52.476082 139668746123008 logging_writer.py:48] [2300] global_step=2300, grad_norm=1.8753055334091187, loss=6.107013702392578
I0130 14:01:37.353957 139668754515712 logging_writer.py:48] [2400] global_step=2400, grad_norm=2.035247564315796, loss=6.0506510734558105
I0130 14:02:22.361309 139668746123008 logging_writer.py:48] [2500] global_step=2500, grad_norm=1.4523338079452515, loss=6.424205780029297
I0130 14:03:07.407704 139668754515712 logging_writer.py:48] [2600] global_step=2600, grad_norm=1.428865909576416, loss=6.054582118988037
I0130 14:03:51.983349 139668746123008 logging_writer.py:48] [2700] global_step=2700, grad_norm=1.435422658920288, loss=6.537649154663086
I0130 14:04:35.601194 139863983413056 spec.py:321] Evaluating on the training split.
I0130 14:04:47.331514 139863983413056 spec.py:333] Evaluating on the validation split.
I0130 14:04:55.573191 139863983413056 spec.py:349] Evaluating on the test split.
I0130 14:04:57.223140 139863983413056 submission_runner.py:408] Time since start: 1408.87s, 	Step: 2799, 	{'train/accuracy': 0.0707421824336052, 'train/loss': 5.413792610168457, 'validation/accuracy': 0.06505999714136124, 'validation/loss': 5.469770431518555, 'validation/num_examples': 50000, 'test/accuracy': 0.05170000344514847, 'test/loss': 5.6387457847595215, 'test/num_examples': 10000, 'score': 1303.4351394176483, 'total_duration': 1408.873723268509, 'accumulated_submission_time': 1303.4351394176483, 'accumulated_eval_time': 105.20509386062622, 'accumulated_logging_time': 0.08552002906799316}
I0130 14:04:57.241421 139668754515712 logging_writer.py:48] [2799] accumulated_eval_time=105.205094, accumulated_logging_time=0.085520, accumulated_submission_time=1303.435139, global_step=2799, preemption_count=0, score=1303.435139, test/accuracy=0.051700, test/loss=5.638746, test/num_examples=10000, total_duration=1408.873723, train/accuracy=0.070742, train/loss=5.413793, validation/accuracy=0.065060, validation/loss=5.469770, validation/num_examples=50000
I0130 14:04:58.073786 139668746123008 logging_writer.py:48] [2800] global_step=2800, grad_norm=1.4890145063400269, loss=6.347769737243652
I0130 14:05:38.123647 139668754515712 logging_writer.py:48] [2900] global_step=2900, grad_norm=2.06249737739563, loss=5.953514099121094
I0130 14:06:22.423636 139668746123008 logging_writer.py:48] [3000] global_step=3000, grad_norm=1.4170961380004883, loss=5.9672532081604
I0130 14:07:07.345354 139668754515712 logging_writer.py:48] [3100] global_step=3100, grad_norm=1.3996144533157349, loss=5.9511613845825195
I0130 14:07:52.367805 139668746123008 logging_writer.py:48] [3200] global_step=3200, grad_norm=1.4400320053100586, loss=6.441163063049316
I0130 14:08:36.840673 139668754515712 logging_writer.py:48] [3300] global_step=3300, grad_norm=1.584490418434143, loss=5.819016933441162
I0130 14:09:21.660527 139668746123008 logging_writer.py:48] [3400] global_step=3400, grad_norm=1.4682246446609497, loss=5.876157283782959
I0130 14:10:06.689446 139668754515712 logging_writer.py:48] [3500] global_step=3500, grad_norm=1.4416735172271729, loss=6.000226974487305
I0130 14:10:51.686120 139668746123008 logging_writer.py:48] [3600] global_step=3600, grad_norm=1.474402904510498, loss=5.808602333068848
I0130 14:11:36.350595 139668754515712 logging_writer.py:48] [3700] global_step=3700, grad_norm=1.467938780784607, loss=5.783492088317871
I0130 14:11:57.547596 139863983413056 spec.py:321] Evaluating on the training split.
I0130 14:12:09.476696 139863983413056 spec.py:333] Evaluating on the validation split.
I0130 14:12:17.709502 139863983413056 spec.py:349] Evaluating on the test split.
I0130 14:12:19.365677 139863983413056 submission_runner.py:408] Time since start: 1851.02s, 	Step: 3749, 	{'train/accuracy': 0.10007812082767487, 'train/loss': 5.093623638153076, 'validation/accuracy': 0.09064000099897385, 'validation/loss': 5.134443283081055, 'validation/num_examples': 50000, 'test/accuracy': 0.07300000637769699, 'test/loss': 5.3636393547058105, 'test/num_examples': 10000, 'score': 1723.6793518066406, 'total_duration': 1851.0162580013275, 'accumulated_submission_time': 1723.6793518066406, 'accumulated_eval_time': 127.02318668365479, 'accumulated_logging_time': 0.11602115631103516}
I0130 14:12:19.382513 139668746123008 logging_writer.py:48] [3749] accumulated_eval_time=127.023187, accumulated_logging_time=0.116021, accumulated_submission_time=1723.679352, global_step=3749, preemption_count=0, score=1723.679352, test/accuracy=0.073000, test/loss=5.363639, test/num_examples=10000, total_duration=1851.016258, train/accuracy=0.100078, train/loss=5.093624, validation/accuracy=0.090640, validation/loss=5.134443, validation/num_examples=50000
I0130 14:12:40.185101 139668754515712 logging_writer.py:48] [3800] global_step=3800, grad_norm=1.4031733274459839, loss=5.768342971801758
I0130 14:13:22.937625 139668746123008 logging_writer.py:48] [3900] global_step=3900, grad_norm=1.7456810474395752, loss=5.752711296081543
I0130 14:14:07.744933 139668754515712 logging_writer.py:48] [4000] global_step=4000, grad_norm=1.4726896286010742, loss=6.183769226074219
I0130 14:14:52.493320 139668746123008 logging_writer.py:48] [4100] global_step=4100, grad_norm=1.3826707601547241, loss=6.081013202667236
I0130 14:15:37.270320 139668754515712 logging_writer.py:48] [4200] global_step=4200, grad_norm=1.1008957624435425, loss=6.193567276000977
I0130 14:16:21.964743 139668746123008 logging_writer.py:48] [4300] global_step=4300, grad_norm=1.729198694229126, loss=5.942918300628662
I0130 14:17:06.960561 139668754515712 logging_writer.py:48] [4400] global_step=4400, grad_norm=1.399579644203186, loss=6.513689041137695
I0130 14:17:51.999954 139668746123008 logging_writer.py:48] [4500] global_step=4500, grad_norm=1.589739203453064, loss=5.502022743225098
I0130 14:18:36.800492 139668754515712 logging_writer.py:48] [4600] global_step=4600, grad_norm=1.475459098815918, loss=6.409756183624268
I0130 14:19:19.729506 139863983413056 spec.py:321] Evaluating on the training split.
I0130 14:19:31.537201 139863983413056 spec.py:333] Evaluating on the validation split.
I0130 14:19:39.981907 139863983413056 spec.py:349] Evaluating on the test split.
I0130 14:19:41.628331 139863983413056 submission_runner.py:408] Time since start: 2293.28s, 	Step: 4697, 	{'train/accuracy': 0.14359374344348907, 'train/loss': 4.689797401428223, 'validation/accuracy': 0.13179999589920044, 'validation/loss': 4.742933750152588, 'validation/num_examples': 50000, 'test/accuracy': 0.10000000149011612, 'test/loss': 5.027024269104004, 'test/num_examples': 10000, 'score': 2143.966569185257, 'total_duration': 2293.278913974762, 'accumulated_submission_time': 2143.966569185257, 'accumulated_eval_time': 148.92200636863708, 'accumulated_logging_time': 0.1431868076324463}
I0130 14:19:41.646941 139668746123008 logging_writer.py:48] [4697] accumulated_eval_time=148.922006, accumulated_logging_time=0.143187, accumulated_submission_time=2143.966569, global_step=4697, preemption_count=0, score=2143.966569, test/accuracy=0.100000, test/loss=5.027024, test/num_examples=10000, total_duration=2293.278914, train/accuracy=0.143594, train/loss=4.689797, validation/accuracy=0.131800, validation/loss=4.742934, validation/num_examples=50000
I0130 14:19:43.299480 139668754515712 logging_writer.py:48] [4700] global_step=4700, grad_norm=1.1445404291152954, loss=6.280095100402832
I0130 14:20:23.419837 139668746123008 logging_writer.py:48] [4800] global_step=4800, grad_norm=1.5736757516860962, loss=5.627699375152588
I0130 14:21:07.894288 139668754515712 logging_writer.py:48] [4900] global_step=4900, grad_norm=1.82111394405365, loss=5.467463493347168
I0130 14:21:53.030042 139668746123008 logging_writer.py:48] [5000] global_step=5000, grad_norm=1.5287785530090332, loss=5.382552146911621
I0130 14:22:38.496388 139668754515712 logging_writer.py:48] [5100] global_step=5100, grad_norm=1.793911337852478, loss=5.308679580688477
I0130 14:23:23.876955 139668746123008 logging_writer.py:48] [5200] global_step=5200, grad_norm=1.661536455154419, loss=5.249863624572754
I0130 14:24:09.072895 139668754515712 logging_writer.py:48] [5300] global_step=5300, grad_norm=1.5389666557312012, loss=5.516761779785156
I0130 14:24:54.005893 139668746123008 logging_writer.py:48] [5400] global_step=5400, grad_norm=2.235790252685547, loss=5.260894775390625
I0130 14:25:39.002267 139668754515712 logging_writer.py:48] [5500] global_step=5500, grad_norm=1.6084963083267212, loss=5.398706912994385
I0130 14:26:24.228911 139668746123008 logging_writer.py:48] [5600] global_step=5600, grad_norm=1.701813817024231, loss=5.331378936767578
I0130 14:26:41.930673 139863983413056 spec.py:321] Evaluating on the training split.
I0130 14:26:54.190025 139863983413056 spec.py:333] Evaluating on the validation split.
I0130 14:27:02.349813 139863983413056 spec.py:349] Evaluating on the test split.
I0130 14:27:04.008012 139863983413056 submission_runner.py:408] Time since start: 2735.66s, 	Step: 5641, 	{'train/accuracy': 0.18896484375, 'train/loss': 4.296420097351074, 'validation/accuracy': 0.17146000266075134, 'validation/loss': 4.386421203613281, 'validation/num_examples': 50000, 'test/accuracy': 0.12770000100135803, 'test/loss': 4.731691837310791, 'test/num_examples': 10000, 'score': 2564.190915584564, 'total_duration': 2735.6585891246796, 'accumulated_submission_time': 2564.190915584564, 'accumulated_eval_time': 170.99932527542114, 'accumulated_logging_time': 0.17235016822814941}
I0130 14:27:04.025713 139668754515712 logging_writer.py:48] [5641] accumulated_eval_time=170.999325, accumulated_logging_time=0.172350, accumulated_submission_time=2564.190916, global_step=5641, preemption_count=0, score=2564.190916, test/accuracy=0.127700, test/loss=4.731692, test/num_examples=10000, total_duration=2735.658589, train/accuracy=0.188965, train/loss=4.296420, validation/accuracy=0.171460, validation/loss=4.386421, validation/num_examples=50000
I0130 14:27:28.052144 139668746123008 logging_writer.py:48] [5700] global_step=5700, grad_norm=1.3003325462341309, loss=6.1475982666015625
I0130 14:28:10.488238 139668754515712 logging_writer.py:48] [5800] global_step=5800, grad_norm=2.9912211894989014, loss=5.211799144744873
I0130 14:28:55.660023 139668746123008 logging_writer.py:48] [5900] global_step=5900, grad_norm=1.4847474098205566, loss=5.6116204261779785
I0130 14:29:40.503022 139668754515712 logging_writer.py:48] [6000] global_step=6000, grad_norm=1.600532054901123, loss=5.229280948638916
I0130 14:30:25.666738 139668746123008 logging_writer.py:48] [6100] global_step=6100, grad_norm=1.7639650106430054, loss=5.1074323654174805
I0130 14:31:10.655900 139668754515712 logging_writer.py:48] [6200] global_step=6200, grad_norm=1.4868872165679932, loss=6.296895980834961
I0130 14:31:56.288444 139668746123008 logging_writer.py:48] [6300] global_step=6300, grad_norm=1.7170597314834595, loss=5.089657783508301
I0130 14:32:41.798857 139668754515712 logging_writer.py:48] [6400] global_step=6400, grad_norm=1.8728169202804565, loss=4.987910747528076
I0130 14:33:27.188999 139668746123008 logging_writer.py:48] [6500] global_step=6500, grad_norm=1.4662706851959229, loss=5.25875997543335
I0130 14:34:04.232735 139863983413056 spec.py:321] Evaluating on the training split.
I0130 14:34:16.606539 139863983413056 spec.py:333] Evaluating on the validation split.
I0130 14:34:27.302927 139863983413056 spec.py:349] Evaluating on the test split.
I0130 14:34:28.953736 139863983413056 submission_runner.py:408] Time since start: 3180.60s, 	Step: 6584, 	{'train/accuracy': 0.23142577707767487, 'train/loss': 3.941406726837158, 'validation/accuracy': 0.2192399948835373, 'validation/loss': 4.0269927978515625, 'validation/num_examples': 50000, 'test/accuracy': 0.1648000031709671, 'test/loss': 4.412674903869629, 'test/num_examples': 10000, 'score': 2984.3381164073944, 'total_duration': 3180.604308128357, 'accumulated_submission_time': 2984.3381164073944, 'accumulated_eval_time': 195.720308303833, 'accumulated_logging_time': 0.20057272911071777}
I0130 14:34:28.975324 139668754515712 logging_writer.py:48] [6584] accumulated_eval_time=195.720308, accumulated_logging_time=0.200573, accumulated_submission_time=2984.338116, global_step=6584, preemption_count=0, score=2984.338116, test/accuracy=0.164800, test/loss=4.412675, test/num_examples=10000, total_duration=3180.604308, train/accuracy=0.231426, train/loss=3.941407, validation/accuracy=0.219240, validation/loss=4.026993, validation/num_examples=50000
I0130 14:34:35.781818 139668746123008 logging_writer.py:48] [6600] global_step=6600, grad_norm=1.613820195198059, loss=5.367376327514648
I0130 14:35:16.253344 139668754515712 logging_writer.py:48] [6700] global_step=6700, grad_norm=1.2130203247070312, loss=6.226517677307129
I0130 14:36:01.246083 139668746123008 logging_writer.py:48] [6800] global_step=6800, grad_norm=1.4563177824020386, loss=4.903162002563477
I0130 14:36:46.522295 139668754515712 logging_writer.py:48] [6900] global_step=6900, grad_norm=1.4329655170440674, loss=5.1028642654418945
I0130 14:37:31.581424 139668746123008 logging_writer.py:48] [7000] global_step=7000, grad_norm=1.8351854085922241, loss=4.870098114013672
I0130 14:38:16.732817 139668754515712 logging_writer.py:48] [7100] global_step=7100, grad_norm=1.5069767236709595, loss=6.259661674499512
I0130 14:39:01.543223 139668746123008 logging_writer.py:48] [7200] global_step=7200, grad_norm=1.3332598209381104, loss=5.658273220062256
I0130 14:39:46.621174 139668754515712 logging_writer.py:48] [7300] global_step=7300, grad_norm=0.9862061142921448, loss=6.315052032470703
I0130 14:40:32.004968 139668746123008 logging_writer.py:48] [7400] global_step=7400, grad_norm=1.233178734779358, loss=6.121926784515381
I0130 14:41:18.084133 139668754515712 logging_writer.py:48] [7500] global_step=7500, grad_norm=1.3900235891342163, loss=6.04894495010376
I0130 14:41:29.175331 139863983413056 spec.py:321] Evaluating on the training split.
I0130 14:41:41.316192 139863983413056 spec.py:333] Evaluating on the validation split.
I0130 14:41:52.275499 139863983413056 spec.py:349] Evaluating on the test split.
I0130 14:41:53.971636 139863983413056 submission_runner.py:408] Time since start: 3625.62s, 	Step: 7526, 	{'train/accuracy': 0.279296875, 'train/loss': 3.6524882316589355, 'validation/accuracy': 0.2576200067996979, 'validation/loss': 3.760484218597412, 'validation/num_examples': 50000, 'test/accuracy': 0.19610001146793365, 'test/loss': 4.192534446716309, 'test/num_examples': 10000, 'score': 3404.479038000107, 'total_duration': 3625.622143268585, 'accumulated_submission_time': 3404.479038000107, 'accumulated_eval_time': 220.51652264595032, 'accumulated_logging_time': 0.23270916938781738}
I0130 14:41:53.997921 139668746123008 logging_writer.py:48] [7526] accumulated_eval_time=220.516523, accumulated_logging_time=0.232709, accumulated_submission_time=3404.479038, global_step=7526, preemption_count=0, score=3404.479038, test/accuracy=0.196100, test/loss=4.192534, test/num_examples=10000, total_duration=3625.622143, train/accuracy=0.279297, train/loss=3.652488, validation/accuracy=0.257620, validation/loss=3.760484, validation/num_examples=50000
I0130 14:42:24.010137 139668754515712 logging_writer.py:48] [7600] global_step=7600, grad_norm=1.6720548868179321, loss=5.027371406555176
I0130 14:43:06.847188 139668746123008 logging_writer.py:48] [7700] global_step=7700, grad_norm=1.6852829456329346, loss=5.031923770904541
I0130 14:43:51.833780 139668754515712 logging_writer.py:48] [7800] global_step=7800, grad_norm=1.2917786836624146, loss=6.287484169006348
I0130 14:44:36.808811 139668746123008 logging_writer.py:48] [7900] global_step=7900, grad_norm=1.5278329849243164, loss=5.087230682373047
I0130 14:45:21.648034 139668754515712 logging_writer.py:48] [8000] global_step=8000, grad_norm=1.656812310218811, loss=4.773712635040283
I0130 14:46:06.614102 139668746123008 logging_writer.py:48] [8100] global_step=8100, grad_norm=1.6311893463134766, loss=4.778606414794922
I0130 14:46:51.997150 139668754515712 logging_writer.py:48] [8200] global_step=8200, grad_norm=1.664861798286438, loss=4.819816589355469
I0130 14:47:36.715378 139668746123008 logging_writer.py:48] [8300] global_step=8300, grad_norm=1.3989843130111694, loss=5.693272590637207
I0130 14:48:21.957446 139668754515712 logging_writer.py:48] [8400] global_step=8400, grad_norm=1.6590628623962402, loss=4.731575012207031
I0130 14:48:54.077790 139863983413056 spec.py:321] Evaluating on the training split.
I0130 14:49:06.614760 139863983413056 spec.py:333] Evaluating on the validation split.
I0130 14:49:24.278133 139863983413056 spec.py:349] Evaluating on the test split.
I0130 14:49:25.932400 139863983413056 submission_runner.py:408] Time since start: 4077.58s, 	Step: 8473, 	{'train/accuracy': 0.3104882836341858, 'train/loss': 3.4264824390411377, 'validation/accuracy': 0.28867998719215393, 'validation/loss': 3.565650224685669, 'validation/num_examples': 50000, 'test/accuracy': 0.2160000056028366, 'test/loss': 4.029370307922363, 'test/num_examples': 10000, 'score': 3824.4939839839935, 'total_duration': 4077.5829815864563, 'accumulated_submission_time': 3824.4939839839935, 'accumulated_eval_time': 252.37112522125244, 'accumulated_logging_time': 0.2743103504180908}
I0130 14:49:25.956184 139668746123008 logging_writer.py:48] [8473] accumulated_eval_time=252.371125, accumulated_logging_time=0.274310, accumulated_submission_time=3824.493984, global_step=8473, preemption_count=0, score=3824.493984, test/accuracy=0.216000, test/loss=4.029370, test/num_examples=10000, total_duration=4077.582982, train/accuracy=0.310488, train/loss=3.426482, validation/accuracy=0.288680, validation/loss=3.565650, validation/num_examples=50000
I0130 14:49:37.133042 139668754515712 logging_writer.py:48] [8500] global_step=8500, grad_norm=1.7302619218826294, loss=4.978761672973633
I0130 14:50:18.289672 139668746123008 logging_writer.py:48] [8600] global_step=8600, grad_norm=1.7230578660964966, loss=4.587224960327148
I0130 14:51:03.185993 139668754515712 logging_writer.py:48] [8700] global_step=8700, grad_norm=1.7223849296569824, loss=4.652998924255371
I0130 14:51:48.349421 139668746123008 logging_writer.py:48] [8800] global_step=8800, grad_norm=1.4480825662612915, loss=4.627885818481445
I0130 14:52:33.566496 139668754515712 logging_writer.py:48] [8900] global_step=8900, grad_norm=1.8442845344543457, loss=4.467264175415039
I0130 14:53:18.857763 139668746123008 logging_writer.py:48] [9000] global_step=9000, grad_norm=1.5580941438674927, loss=4.570261001586914
I0130 14:54:03.785701 139668754515712 logging_writer.py:48] [9100] global_step=9100, grad_norm=1.629792332649231, loss=4.527457237243652
I0130 14:54:48.985736 139668746123008 logging_writer.py:48] [9200] global_step=9200, grad_norm=1.4918044805526733, loss=4.539021015167236
I0130 14:55:33.892792 139668754515712 logging_writer.py:48] [9300] global_step=9300, grad_norm=2.000466823577881, loss=4.478071212768555
I0130 14:56:18.822002 139668746123008 logging_writer.py:48] [9400] global_step=9400, grad_norm=1.5490764379501343, loss=4.528555870056152
I0130 14:56:26.258883 139863983413056 spec.py:321] Evaluating on the training split.
I0130 14:56:39.182097 139863983413056 spec.py:333] Evaluating on the validation split.
I0130 14:56:50.299746 139863983413056 spec.py:349] Evaluating on the test split.
I0130 14:56:51.967495 139863983413056 submission_runner.py:408] Time since start: 4523.62s, 	Step: 9418, 	{'train/accuracy': 0.3550195097923279, 'train/loss': 3.1795032024383545, 'validation/accuracy': 0.3194199800491333, 'validation/loss': 3.3503851890563965, 'validation/num_examples': 50000, 'test/accuracy': 0.24330000579357147, 'test/loss': 3.854766607284546, 'test/num_examples': 10000, 'score': 4244.734249830246, 'total_duration': 4523.618048667908, 'accumulated_submission_time': 4244.734249830246, 'accumulated_eval_time': 278.07969093322754, 'accumulated_logging_time': 0.3103628158569336}
I0130 14:56:52.001073 139668754515712 logging_writer.py:48] [9418] accumulated_eval_time=278.079691, accumulated_logging_time=0.310363, accumulated_submission_time=4244.734250, global_step=9418, preemption_count=0, score=4244.734250, test/accuracy=0.243300, test/loss=3.854767, test/num_examples=10000, total_duration=4523.618049, train/accuracy=0.355020, train/loss=3.179503, validation/accuracy=0.319420, validation/loss=3.350385, validation/num_examples=50000
I0130 14:57:25.193616 139668746123008 logging_writer.py:48] [9500] global_step=9500, grad_norm=1.6082050800323486, loss=5.103769779205322
I0130 14:58:09.596810 139668754515712 logging_writer.py:48] [9600] global_step=9600, grad_norm=1.5588587522506714, loss=5.339176177978516
I0130 14:58:54.672869 139668746123008 logging_writer.py:48] [9700] global_step=9700, grad_norm=1.8700348138809204, loss=4.592453956604004
I0130 14:59:40.454224 139668754515712 logging_writer.py:48] [9800] global_step=9800, grad_norm=1.133383870124817, loss=5.640322685241699
I0130 15:00:25.718872 139668746123008 logging_writer.py:48] [9900] global_step=9900, grad_norm=1.6216319799423218, loss=4.43828010559082
I0130 15:01:10.895189 139668754515712 logging_writer.py:48] [10000] global_step=10000, grad_norm=1.0281853675842285, loss=6.148358345031738
I0130 15:01:55.883746 139668746123008 logging_writer.py:48] [10100] global_step=10100, grad_norm=1.1675002574920654, loss=5.678889274597168
I0130 15:02:40.927897 139668754515712 logging_writer.py:48] [10200] global_step=10200, grad_norm=1.5963670015335083, loss=4.673770427703857
I0130 15:03:26.413999 139668746123008 logging_writer.py:48] [10300] global_step=10300, grad_norm=1.0141855478286743, loss=5.588418483734131
I0130 15:03:52.220289 139863983413056 spec.py:321] Evaluating on the training split.
I0130 15:04:04.828422 139863983413056 spec.py:333] Evaluating on the validation split.
I0130 15:04:19.331947 139863983413056 spec.py:349] Evaluating on the test split.
I0130 15:04:20.985878 139863983413056 submission_runner.py:408] Time since start: 4972.64s, 	Step: 10359, 	{'train/accuracy': 0.3695117235183716, 'train/loss': 3.0522427558898926, 'validation/accuracy': 0.3451800048351288, 'validation/loss': 3.1714067459106445, 'validation/num_examples': 50000, 'test/accuracy': 0.267300009727478, 'test/loss': 3.692898988723755, 'test/num_examples': 10000, 'score': 4664.890008926392, 'total_duration': 4972.636468410492, 'accumulated_submission_time': 4664.890008926392, 'accumulated_eval_time': 306.845290184021, 'accumulated_logging_time': 0.3585376739501953}
I0130 15:04:21.004809 139668754515712 logging_writer.py:48] [10359] accumulated_eval_time=306.845290, accumulated_logging_time=0.358538, accumulated_submission_time=4664.890009, global_step=10359, preemption_count=0, score=4664.890009, test/accuracy=0.267300, test/loss=3.692899, test/num_examples=10000, total_duration=4972.636468, train/accuracy=0.369512, train/loss=3.052243, validation/accuracy=0.345180, validation/loss=3.171407, validation/num_examples=50000
I0130 15:04:37.779274 139668746123008 logging_writer.py:48] [10400] global_step=10400, grad_norm=1.2333952188491821, loss=5.082204818725586
I0130 15:05:19.711805 139668754515712 logging_writer.py:48] [10500] global_step=10500, grad_norm=1.6849738359451294, loss=4.560508728027344
I0130 15:06:04.858100 139668746123008 logging_writer.py:48] [10600] global_step=10600, grad_norm=1.441372275352478, loss=4.3570380210876465
I0130 15:06:49.925517 139668754515712 logging_writer.py:48] [10700] global_step=10700, grad_norm=1.4421433210372925, loss=4.281802654266357
I0130 15:07:35.043254 139668746123008 logging_writer.py:48] [10800] global_step=10800, grad_norm=1.1796523332595825, loss=6.009422779083252
I0130 15:08:20.060290 139668754515712 logging_writer.py:48] [10900] global_step=10900, grad_norm=1.6436564922332764, loss=4.322518825531006
I0130 15:09:05.133959 139668746123008 logging_writer.py:48] [11000] global_step=11000, grad_norm=1.6271377801895142, loss=4.374972343444824
I0130 15:09:50.152979 139668754515712 logging_writer.py:48] [11100] global_step=11100, grad_norm=1.2611500024795532, loss=5.367645740509033
I0130 15:10:35.316702 139668746123008 logging_writer.py:48] [11200] global_step=11200, grad_norm=1.7842518091201782, loss=4.268561840057373
I0130 15:11:20.715882 139668754515712 logging_writer.py:48] [11300] global_step=11300, grad_norm=1.0653958320617676, loss=5.687185764312744
I0130 15:11:21.230232 139863983413056 spec.py:321] Evaluating on the training split.
I0130 15:11:34.553595 139863983413056 spec.py:333] Evaluating on the validation split.
I0130 15:11:45.892141 139863983413056 spec.py:349] Evaluating on the test split.
I0130 15:11:47.535228 139863983413056 submission_runner.py:408] Time since start: 5419.19s, 	Step: 11303, 	{'train/accuracy': 0.3982031047344208, 'train/loss': 2.9216232299804688, 'validation/accuracy': 0.3621799945831299, 'validation/loss': 3.0729660987854004, 'validation/num_examples': 50000, 'test/accuracy': 0.2752000093460083, 'test/loss': 3.60302472114563, 'test/num_examples': 10000, 'score': 5085.055969715118, 'total_duration': 5419.18580698967, 'accumulated_submission_time': 5085.055969715118, 'accumulated_eval_time': 333.15025997161865, 'accumulated_logging_time': 0.38761043548583984}
I0130 15:11:47.554399 139668746123008 logging_writer.py:48] [11303] accumulated_eval_time=333.150260, accumulated_logging_time=0.387610, accumulated_submission_time=5085.055970, global_step=11303, preemption_count=0, score=5085.055970, test/accuracy=0.275200, test/loss=3.603025, test/num_examples=10000, total_duration=5419.185807, train/accuracy=0.398203, train/loss=2.921623, validation/accuracy=0.362180, validation/loss=3.072966, validation/num_examples=50000
I0130 15:12:27.095979 139668754515712 logging_writer.py:48] [11400] global_step=11400, grad_norm=1.598211407661438, loss=4.394469261169434
I0130 15:13:12.376730 139668746123008 logging_writer.py:48] [11500] global_step=11500, grad_norm=1.098219633102417, loss=5.727847576141357
I0130 15:13:57.653146 139668754515712 logging_writer.py:48] [11600] global_step=11600, grad_norm=1.4085454940795898, loss=4.95017147064209
I0130 15:14:42.937158 139668746123008 logging_writer.py:48] [11700] global_step=11700, grad_norm=1.3931772708892822, loss=4.66832160949707
I0130 15:15:28.285578 139668754515712 logging_writer.py:48] [11800] global_step=11800, grad_norm=1.5678654909133911, loss=4.20898962020874
I0130 15:16:13.472307 139668746123008 logging_writer.py:48] [11900] global_step=11900, grad_norm=1.4130958318710327, loss=4.114032745361328
I0130 15:16:58.432096 139668754515712 logging_writer.py:48] [12000] global_step=12000, grad_norm=1.3415955305099487, loss=4.712893486022949
I0130 15:17:43.239012 139668746123008 logging_writer.py:48] [12100] global_step=12100, grad_norm=1.6770312786102295, loss=4.106456756591797
I0130 15:18:28.419828 139668754515712 logging_writer.py:48] [12200] global_step=12200, grad_norm=1.3016984462738037, loss=4.358662128448486
I0130 15:18:47.914260 139863983413056 spec.py:321] Evaluating on the training split.
I0130 15:19:00.673433 139863983413056 spec.py:333] Evaluating on the validation split.
I0130 15:19:14.949900 139863983413056 spec.py:349] Evaluating on the test split.
I0130 15:19:16.604776 139863983413056 submission_runner.py:408] Time since start: 5868.26s, 	Step: 12245, 	{'train/accuracy': 0.4265234172344208, 'train/loss': 2.743405342102051, 'validation/accuracy': 0.38815999031066895, 'validation/loss': 2.927395820617676, 'validation/num_examples': 50000, 'test/accuracy': 0.3027999997138977, 'test/loss': 3.4700565338134766, 'test/num_examples': 10000, 'score': 5505.355977058411, 'total_duration': 5868.255347728729, 'accumulated_submission_time': 5505.355977058411, 'accumulated_eval_time': 361.84075355529785, 'accumulated_logging_time': 0.4170222282409668}
I0130 15:19:16.624163 139668746123008 logging_writer.py:48] [12245] accumulated_eval_time=361.840754, accumulated_logging_time=0.417022, accumulated_submission_time=5505.355977, global_step=12245, preemption_count=0, score=5505.355977, test/accuracy=0.302800, test/loss=3.470057, test/num_examples=10000, total_duration=5868.255348, train/accuracy=0.426523, train/loss=2.743405, validation/accuracy=0.388160, validation/loss=2.927396, validation/num_examples=50000
I0130 15:19:38.995011 139668754515712 logging_writer.py:48] [12300] global_step=12300, grad_norm=2.0987493991851807, loss=4.22232723236084
I0130 15:20:21.967347 139668746123008 logging_writer.py:48] [12400] global_step=12400, grad_norm=1.389256238937378, loss=4.282748699188232
I0130 15:21:07.931788 139668754515712 logging_writer.py:48] [12500] global_step=12500, grad_norm=1.2281731367111206, loss=4.534379005432129
I0130 15:21:53.141999 139668746123008 logging_writer.py:48] [12600] global_step=12600, grad_norm=1.648882508277893, loss=4.15001106262207
I0130 15:22:38.289529 139668754515712 logging_writer.py:48] [12700] global_step=12700, grad_norm=1.5129715204238892, loss=4.1676483154296875
I0130 15:23:23.581163 139668746123008 logging_writer.py:48] [12800] global_step=12800, grad_norm=1.9234936237335205, loss=4.127056121826172
I0130 15:24:08.554080 139668754515712 logging_writer.py:48] [12900] global_step=12900, grad_norm=1.4822131395339966, loss=4.171364784240723
I0130 15:24:53.680163 139668746123008 logging_writer.py:48] [13000] global_step=13000, grad_norm=1.5467075109481812, loss=4.514885425567627
I0130 15:25:38.846327 139668754515712 logging_writer.py:48] [13100] global_step=13100, grad_norm=1.6182010173797607, loss=4.47763729095459
I0130 15:26:16.654818 139863983413056 spec.py:321] Evaluating on the training split.
I0130 15:26:30.371042 139863983413056 spec.py:333] Evaluating on the validation split.
I0130 15:26:46.228667 139863983413056 spec.py:349] Evaluating on the test split.
I0130 15:26:47.886768 139863983413056 submission_runner.py:408] Time since start: 6319.54s, 	Step: 13186, 	{'train/accuracy': 0.43205076456069946, 'train/loss': 2.7276670932769775, 'validation/accuracy': 0.4016000032424927, 'validation/loss': 2.8690223693847656, 'validation/num_examples': 50000, 'test/accuracy': 0.30970001220703125, 'test/loss': 3.434152841567993, 'test/num_examples': 10000, 'score': 5925.322516679764, 'total_duration': 6319.537341594696, 'accumulated_submission_time': 5925.322516679764, 'accumulated_eval_time': 393.07268619537354, 'accumulated_logging_time': 0.4512176513671875}
I0130 15:26:47.908427 139668746123008 logging_writer.py:48] [13186] accumulated_eval_time=393.072686, accumulated_logging_time=0.451218, accumulated_submission_time=5925.322517, global_step=13186, preemption_count=0, score=5925.322517, test/accuracy=0.309700, test/loss=3.434153, test/num_examples=10000, total_duration=6319.537342, train/accuracy=0.432051, train/loss=2.727667, validation/accuracy=0.401600, validation/loss=2.869022, validation/num_examples=50000
I0130 15:26:53.976849 139668754515712 logging_writer.py:48] [13200] global_step=13200, grad_norm=1.4562463760375977, loss=4.083658695220947
I0130 15:27:34.647253 139668746123008 logging_writer.py:48] [13300] global_step=13300, grad_norm=1.7578392028808594, loss=4.239596366882324
I0130 15:28:19.484079 139668754515712 logging_writer.py:48] [13400] global_step=13400, grad_norm=1.1516366004943848, loss=5.4740800857543945
I0130 15:29:05.198959 139668746123008 logging_writer.py:48] [13500] global_step=13500, grad_norm=1.3521547317504883, loss=5.318351745605469
I0130 15:29:51.090342 139668754515712 logging_writer.py:48] [13600] global_step=13600, grad_norm=1.8971141576766968, loss=4.233157157897949
I0130 15:30:36.491696 139668746123008 logging_writer.py:48] [13700] global_step=13700, grad_norm=1.6443092823028564, loss=4.137263774871826
I0130 15:31:21.849528 139668754515712 logging_writer.py:48] [13800] global_step=13800, grad_norm=0.8931219577789307, loss=5.916962146759033
I0130 15:32:06.909682 139668746123008 logging_writer.py:48] [13900] global_step=13900, grad_norm=1.3414959907531738, loss=4.844330787658691
I0130 15:32:52.353440 139668754515712 logging_writer.py:48] [14000] global_step=14000, grad_norm=1.4921114444732666, loss=4.192223072052002
I0130 15:33:37.508747 139668746123008 logging_writer.py:48] [14100] global_step=14100, grad_norm=1.5991299152374268, loss=4.026893615722656
I0130 15:33:47.968527 139863983413056 spec.py:321] Evaluating on the training split.
I0130 15:34:01.508474 139863983413056 spec.py:333] Evaluating on the validation split.
I0130 15:34:17.194579 139863983413056 spec.py:349] Evaluating on the test split.
I0130 15:34:18.841747 139863983413056 submission_runner.py:408] Time since start: 6770.49s, 	Step: 14124, 	{'train/accuracy': 0.44664061069488525, 'train/loss': 2.5795199871063232, 'validation/accuracy': 0.4178600013256073, 'validation/loss': 2.742652177810669, 'validation/num_examples': 50000, 'test/accuracy': 0.3222000300884247, 'test/loss': 3.3154313564300537, 'test/num_examples': 10000, 'score': 6345.321208238602, 'total_duration': 6770.492334604263, 'accumulated_submission_time': 6345.321208238602, 'accumulated_eval_time': 423.94589376449585, 'accumulated_logging_time': 0.48592185974121094}
I0130 15:34:18.861190 139668754515712 logging_writer.py:48] [14124] accumulated_eval_time=423.945894, accumulated_logging_time=0.485922, accumulated_submission_time=6345.321208, global_step=14124, preemption_count=0, score=6345.321208, test/accuracy=0.322200, test/loss=3.315431, test/num_examples=10000, total_duration=6770.492335, train/accuracy=0.446641, train/loss=2.579520, validation/accuracy=0.417860, validation/loss=2.742652, validation/num_examples=50000
I0130 15:34:49.599817 139668746123008 logging_writer.py:48] [14200] global_step=14200, grad_norm=1.2678800821304321, loss=4.403782844543457
I0130 15:35:34.308473 139668754515712 logging_writer.py:48] [14300] global_step=14300, grad_norm=1.4231181144714355, loss=4.058321952819824
I0130 15:36:19.779277 139668746123008 logging_writer.py:48] [14400] global_step=14400, grad_norm=1.0956873893737793, loss=4.8315229415893555
I0130 15:37:05.224164 139668754515712 logging_writer.py:48] [14500] global_step=14500, grad_norm=2.2234246730804443, loss=4.117580890655518
I0130 15:37:50.131347 139668746123008 logging_writer.py:48] [14600] global_step=14600, grad_norm=1.3573707342147827, loss=4.860769271850586
I0130 15:38:35.320244 139668754515712 logging_writer.py:48] [14700] global_step=14700, grad_norm=0.8697908520698547, loss=5.993257522583008
I0130 15:39:20.687767 139668746123008 logging_writer.py:48] [14800] global_step=14800, grad_norm=1.4520902633666992, loss=4.01857852935791
I0130 15:40:06.573716 139668754515712 logging_writer.py:48] [14900] global_step=14900, grad_norm=1.4007620811462402, loss=4.323616981506348
I0130 15:40:52.171939 139668746123008 logging_writer.py:48] [15000] global_step=15000, grad_norm=0.8848775625228882, loss=5.946151256561279
I0130 15:41:19.119626 139863983413056 spec.py:321] Evaluating on the training split.
I0130 15:41:33.266874 139863983413056 spec.py:333] Evaluating on the validation split.
I0130 15:41:48.123639 139863983413056 spec.py:349] Evaluating on the test split.
I0130 15:41:49.779612 139863983413056 submission_runner.py:408] Time since start: 7221.43s, 	Step: 15061, 	{'train/accuracy': 0.46728515625, 'train/loss': 2.460857391357422, 'validation/accuracy': 0.432559996843338, 'validation/loss': 2.633084297180176, 'validation/num_examples': 50000, 'test/accuracy': 0.3351000249385834, 'test/loss': 3.2048323154449463, 'test/num_examples': 10000, 'score': 6765.518880844116, 'total_duration': 7221.430178642273, 'accumulated_submission_time': 6765.518880844116, 'accumulated_eval_time': 454.60587215423584, 'accumulated_logging_time': 0.5157270431518555}
I0130 15:41:49.799496 139668754515712 logging_writer.py:48] [15061] accumulated_eval_time=454.605872, accumulated_logging_time=0.515727, accumulated_submission_time=6765.518881, global_step=15061, preemption_count=0, score=6765.518881, test/accuracy=0.335100, test/loss=3.204832, test/num_examples=10000, total_duration=7221.430179, train/accuracy=0.467285, train/loss=2.460857, validation/accuracy=0.432560, validation/loss=2.633084, validation/num_examples=50000
I0130 15:42:05.811962 139668746123008 logging_writer.py:48] [15100] global_step=15100, grad_norm=1.5005656480789185, loss=4.154141426086426
I0130 15:42:49.022694 139668754515712 logging_writer.py:48] [15200] global_step=15200, grad_norm=1.4336050748825073, loss=4.003810405731201
I0130 15:43:34.558812 139668746123008 logging_writer.py:48] [15300] global_step=15300, grad_norm=1.4660447835922241, loss=4.003971576690674
I0130 15:44:19.884423 139668754515712 logging_writer.py:48] [15400] global_step=15400, grad_norm=1.7844678163528442, loss=4.116735458374023
I0130 15:45:05.472078 139668746123008 logging_writer.py:48] [15500] global_step=15500, grad_norm=0.9940482974052429, loss=5.793132781982422
I0130 15:45:51.007213 139668754515712 logging_writer.py:48] [15600] global_step=15600, grad_norm=1.3018769025802612, loss=4.369114875793457
I0130 15:46:36.416779 139668746123008 logging_writer.py:48] [15700] global_step=15700, grad_norm=1.3683828115463257, loss=4.05095911026001
I0130 15:47:21.694242 139668754515712 logging_writer.py:48] [15800] global_step=15800, grad_norm=1.461154818534851, loss=4.026494026184082
