I0131 10:49:29.658591 139668746123008 logging_writer.py:48] [156600] global_step=156600, grad_norm=4.176469326019287, loss=2.462765693664551
I0131 10:50:11.470097 139668754515712 logging_writer.py:48] [156700] global_step=156700, grad_norm=4.192956924438477, loss=2.528456211090088
I0131 10:50:57.540741 139668746123008 logging_writer.py:48] [156800] global_step=156800, grad_norm=4.207711696624756, loss=2.4711334705352783
I0131 10:51:43.846396 139668754515712 logging_writer.py:48] [156900] global_step=156900, grad_norm=4.512450695037842, loss=4.116450786590576
I0131 10:52:30.113645 139668746123008 logging_writer.py:48] [157000] global_step=157000, grad_norm=3.7983198165893555, loss=3.136079788208008
I0131 10:53:15.990316 139668754515712 logging_writer.py:48] [157100] global_step=157100, grad_norm=3.761352300643921, loss=2.405956983566284
I0131 10:54:02.150443 139668746123008 logging_writer.py:48] [157200] global_step=157200, grad_norm=4.178080081939697, loss=2.5447187423706055
I0131 10:54:48.437623 139668754515712 logging_writer.py:48] [157300] global_step=157300, grad_norm=4.038157939910889, loss=2.4397976398468018
I0131 10:55:34.197335 139668746123008 logging_writer.py:48] [157400] global_step=157400, grad_norm=3.858445167541504, loss=2.727630615234375
I0131 10:56:20.094074 139668754515712 logging_writer.py:48] [157500] global_step=157500, grad_norm=4.4677581787109375, loss=2.3977103233337402
I0131 10:56:24.310585 139863983413056 spec.py:321] Evaluating on the training split.
I0131 10:56:35.028819 139863983413056 spec.py:333] Evaluating on the validation split.
I0131 10:56:56.577427 139863983413056 spec.py:349] Evaluating on the test split.
I0131 10:56:58.210283 139863983413056 submission_runner.py:408] Time since start: 76529.86s, 	Step: 157511, 	{'train/accuracy': 0.8213085532188416, 'train/loss': 0.7878121137619019, 'validation/accuracy': 0.745199978351593, 'validation/loss': 1.118953824043274, 'validation/num_examples': 50000, 'test/accuracy': 0.6192000508308411, 'test/loss': 1.7231636047363281, 'test/num_examples': 10000, 'score': 71045.69268107414, 'total_duration': 76529.8608827591, 'accumulated_submission_time': 71045.69268107414, 'accumulated_eval_time': 5468.575320243835, 'accumulated_logging_time': 7.409008026123047}
I0131 10:56:58.248189 139668746123008 logging_writer.py:48] [157511] accumulated_eval_time=5468.575320, accumulated_logging_time=7.409008, accumulated_submission_time=71045.692681, global_step=157511, preemption_count=0, score=71045.692681, test/accuracy=0.619200, test/loss=1.723164, test/num_examples=10000, total_duration=76529.860883, train/accuracy=0.821309, train/loss=0.787812, validation/accuracy=0.745200, validation/loss=1.118954, validation/num_examples=50000
I0131 10:57:34.549855 139668754515712 logging_writer.py:48] [157600] global_step=157600, grad_norm=4.095064640045166, loss=2.726378917694092
I0131 10:58:20.384490 139668746123008 logging_writer.py:48] [157700] global_step=157700, grad_norm=4.214110374450684, loss=2.3340728282928467
I0131 10:59:05.995149 139668754515712 logging_writer.py:48] [157800] global_step=157800, grad_norm=4.060462951660156, loss=2.4265971183776855
I0131 10:59:51.990738 139668746123008 logging_writer.py:48] [157900] global_step=157900, grad_norm=3.9575321674346924, loss=2.561497211456299
I0131 11:00:37.684581 139668754515712 logging_writer.py:48] [158000] global_step=158000, grad_norm=3.9915332794189453, loss=2.5499181747436523
I0131 11:01:23.716943 139668746123008 logging_writer.py:48] [158100] global_step=158100, grad_norm=4.253127098083496, loss=2.4509830474853516
I0131 11:02:09.190330 139668754515712 logging_writer.py:48] [158200] global_step=158200, grad_norm=3.8239216804504395, loss=2.5733494758605957
I0131 11:02:54.841399 139668746123008 logging_writer.py:48] [158300] global_step=158300, grad_norm=4.993327617645264, loss=2.6131229400634766
I0131 11:03:40.603688 139668754515712 logging_writer.py:48] [158400] global_step=158400, grad_norm=4.069450855255127, loss=2.6885597705841064
I0131 11:03:58.478169 139863983413056 spec.py:321] Evaluating on the training split.
I0131 11:04:09.033126 139863983413056 spec.py:333] Evaluating on the validation split.
I0131 11:04:30.875781 139863983413056 spec.py:349] Evaluating on the test split.
I0131 11:04:32.505671 139863983413056 submission_runner.py:408] Time since start: 76984.16s, 	Step: 158441, 	{'train/accuracy': 0.8138671517372131, 'train/loss': 0.8201526403427124, 'validation/accuracy': 0.7439999580383301, 'validation/loss': 1.1131176948547363, 'validation/num_examples': 50000, 'test/accuracy': 0.6200000047683716, 'test/loss': 1.7198753356933594, 'test/num_examples': 10000, 'score': 71465.86521029472, 'total_duration': 76984.15627121925, 'accumulated_submission_time': 71465.86521029472, 'accumulated_eval_time': 5502.602823019028, 'accumulated_logging_time': 7.457210540771484}
I0131 11:04:32.549478 139668746123008 logging_writer.py:48] [158441] accumulated_eval_time=5502.602823, accumulated_logging_time=7.457211, accumulated_submission_time=71465.865210, global_step=158441, preemption_count=0, score=71465.865210, test/accuracy=0.620000, test/loss=1.719875, test/num_examples=10000, total_duration=76984.156271, train/accuracy=0.813867, train/loss=0.820153, validation/accuracy=0.744000, validation/loss=1.113118, validation/num_examples=50000
I0131 11:04:56.505118 139668754515712 logging_writer.py:48] [158500] global_step=158500, grad_norm=4.3476996421813965, loss=2.3684401512145996
I0131 11:05:40.621103 139668746123008 logging_writer.py:48] [158600] global_step=158600, grad_norm=4.297619819641113, loss=2.4531328678131104
I0131 11:06:26.204226 139668754515712 logging_writer.py:48] [158700] global_step=158700, grad_norm=4.001361846923828, loss=2.824343204498291
I0131 11:07:11.794548 139668746123008 logging_writer.py:48] [158800] global_step=158800, grad_norm=4.037139892578125, loss=2.9847733974456787
I0131 11:07:57.654426 139668754515712 logging_writer.py:48] [158900] global_step=158900, grad_norm=3.942565679550171, loss=2.3395323753356934
I0131 11:08:43.653288 139668746123008 logging_writer.py:48] [159000] global_step=159000, grad_norm=3.8648135662078857, loss=3.4517903327941895
I0131 11:09:29.493295 139668754515712 logging_writer.py:48] [159100] global_step=159100, grad_norm=3.97881817817688, loss=3.7297134399414062
I0131 11:10:15.383963 139668746123008 logging_writer.py:48] [159200] global_step=159200, grad_norm=4.576580047607422, loss=3.7024638652801514
I0131 11:11:01.227430 139668754515712 logging_writer.py:48] [159300] global_step=159300, grad_norm=4.090749740600586, loss=2.4084744453430176
I0131 11:11:32.539612 139863983413056 spec.py:321] Evaluating on the training split.
I0131 11:11:43.006168 139863983413056 spec.py:333] Evaluating on the validation split.
I0131 11:12:04.492597 139863983413056 spec.py:349] Evaluating on the test split.
I0131 11:12:06.138816 139863983413056 submission_runner.py:408] Time since start: 77437.79s, 	Step: 159370, 	{'train/accuracy': 0.82093745470047, 'train/loss': 0.8007131218910217, 'validation/accuracy': 0.7448599934577942, 'validation/loss': 1.126524806022644, 'validation/num_examples': 50000, 'test/accuracy': 0.6217000484466553, 'test/loss': 1.7308553457260132, 'test/num_examples': 10000, 'score': 71885.79600262642, 'total_duration': 77437.7894179821, 'accumulated_submission_time': 71885.79600262642, 'accumulated_eval_time': 5536.2020580768585, 'accumulated_logging_time': 7.512519836425781}
I0131 11:12:06.181073 139668746123008 logging_writer.py:48] [159370] accumulated_eval_time=5536.202058, accumulated_logging_time=7.512520, accumulated_submission_time=71885.796003, global_step=159370, preemption_count=0, score=71885.796003, test/accuracy=0.621700, test/loss=1.730855, test/num_examples=10000, total_duration=77437.789418, train/accuracy=0.820937, train/loss=0.800713, validation/accuracy=0.744860, validation/loss=1.126525, validation/num_examples=50000
I0131 11:12:18.547130 139668754515712 logging_writer.py:48] [159400] global_step=159400, grad_norm=4.915530681610107, loss=3.863739013671875
I0131 11:13:00.787140 139668746123008 logging_writer.py:48] [159500] global_step=159500, grad_norm=4.04063606262207, loss=2.8396294116973877
I0131 11:13:46.661204 139668754515712 logging_writer.py:48] [159600] global_step=159600, grad_norm=5.071171283721924, loss=2.3447115421295166
I0131 11:14:32.159282 139668746123008 logging_writer.py:48] [159700] global_step=159700, grad_norm=4.37224006652832, loss=2.571474075317383
I0131 11:15:18.008883 139668754515712 logging_writer.py:48] [159800] global_step=159800, grad_norm=4.7378621101379395, loss=2.412386417388916
I0131 11:16:03.708228 139668746123008 logging_writer.py:48] [159900] global_step=159900, grad_norm=3.9721596240997314, loss=2.386556625366211
I0131 11:16:49.396116 139668754515712 logging_writer.py:48] [160000] global_step=160000, grad_norm=4.504187107086182, loss=2.524015188217163
I0131 11:17:35.101802 139668746123008 logging_writer.py:48] [160100] global_step=160100, grad_norm=4.016417980194092, loss=2.3450815677642822
I0131 11:18:20.912405 139668754515712 logging_writer.py:48] [160200] global_step=160200, grad_norm=4.169461250305176, loss=2.6287693977355957
I0131 11:19:06.568550 139668746123008 logging_writer.py:48] [160300] global_step=160300, grad_norm=4.503909587860107, loss=2.4616873264312744
I0131 11:19:06.582335 139863983413056 spec.py:321] Evaluating on the training split.
I0131 11:19:17.165138 139863983413056 spec.py:333] Evaluating on the validation split.
I0131 11:19:39.020169 139863983413056 spec.py:349] Evaluating on the test split.
I0131 11:19:40.659712 139863983413056 submission_runner.py:408] Time since start: 77892.31s, 	Step: 160301, 	{'train/accuracy': 0.8273046612739563, 'train/loss': 0.7696381211280823, 'validation/accuracy': 0.7482199668884277, 'validation/loss': 1.115172028541565, 'validation/num_examples': 50000, 'test/accuracy': 0.6235000491142273, 'test/loss': 1.7202221155166626, 'test/num_examples': 10000, 'score': 72306.14024019241, 'total_duration': 77892.31031370163, 'accumulated_submission_time': 72306.14024019241, 'accumulated_eval_time': 5570.279438018799, 'accumulated_logging_time': 7.564241647720337}
I0131 11:19:40.702903 139668754515712 logging_writer.py:48] [160301] accumulated_eval_time=5570.279438, accumulated_logging_time=7.564242, accumulated_submission_time=72306.140240, global_step=160301, preemption_count=0, score=72306.140240, test/accuracy=0.623500, test/loss=1.720222, test/num_examples=10000, total_duration=77892.310314, train/accuracy=0.827305, train/loss=0.769638, validation/accuracy=0.748220, validation/loss=1.115172, validation/num_examples=50000
I0131 11:20:21.474223 139668746123008 logging_writer.py:48] [160400] global_step=160400, grad_norm=4.584744453430176, loss=2.431643009185791
I0131 11:21:06.903283 139668754515712 logging_writer.py:48] [160500] global_step=160500, grad_norm=4.754953861236572, loss=3.7556657791137695
I0131 11:21:52.768071 139668746123008 logging_writer.py:48] [160600] global_step=160600, grad_norm=4.901564598083496, loss=3.7382566928863525
I0131 11:22:39.014475 139668754515712 logging_writer.py:48] [160700] global_step=160700, grad_norm=4.434734344482422, loss=3.3823206424713135
I0131 11:23:24.546454 139668746123008 logging_writer.py:48] [160800] global_step=160800, grad_norm=4.811438083648682, loss=3.9162158966064453
I0131 11:24:10.104245 139668754515712 logging_writer.py:48] [160900] global_step=160900, grad_norm=4.594385623931885, loss=4.047446250915527
I0131 11:24:55.721717 139668746123008 logging_writer.py:48] [161000] global_step=161000, grad_norm=4.1256937980651855, loss=2.615631580352783
I0131 11:25:41.299729 139668754515712 logging_writer.py:48] [161100] global_step=161100, grad_norm=4.3924880027771, loss=2.355837821960449
I0131 11:26:27.202639 139668746123008 logging_writer.py:48] [161200] global_step=161200, grad_norm=4.208252906799316, loss=3.4110188484191895
I0131 11:26:41.075375 139863983413056 spec.py:321] Evaluating on the training split.
I0131 11:26:51.627466 139863983413056 spec.py:333] Evaluating on the validation split.
I0131 11:27:09.592666 139863983413056 spec.py:349] Evaluating on the test split.
I0131 11:27:11.244827 139863983413056 submission_runner.py:408] Time since start: 78342.90s, 	Step: 161232, 	{'train/accuracy': 0.8215234279632568, 'train/loss': 0.79811030626297, 'validation/accuracy': 0.7492199540138245, 'validation/loss': 1.1067612171173096, 'validation/num_examples': 50000, 'test/accuracy': 0.6300000548362732, 'test/loss': 1.7063981294631958, 'test/num_examples': 10000, 'score': 72726.45551586151, 'total_duration': 78342.89540290833, 'accumulated_submission_time': 72726.45551586151, 'accumulated_eval_time': 5600.44885635376, 'accumulated_logging_time': 7.616266965866089}
I0131 11:27:11.292996 139668754515712 logging_writer.py:48] [161232] accumulated_eval_time=5600.448856, accumulated_logging_time=7.616267, accumulated_submission_time=72726.455516, global_step=161232, preemption_count=0, score=72726.455516, test/accuracy=0.630000, test/loss=1.706398, test/num_examples=10000, total_duration=78342.895403, train/accuracy=0.821523, train/loss=0.798110, validation/accuracy=0.749220, validation/loss=1.106761, validation/num_examples=50000
I0131 11:27:38.996692 139668746123008 logging_writer.py:48] [161300] global_step=161300, grad_norm=4.44200325012207, loss=2.403634786605835
I0131 11:28:24.692433 139668754515712 logging_writer.py:48] [161400] global_step=161400, grad_norm=4.765442371368408, loss=2.365245819091797
I0131 11:29:10.456502 139668746123008 logging_writer.py:48] [161500] global_step=161500, grad_norm=4.388218879699707, loss=2.742579936981201
I0131 11:29:56.391002 139668754515712 logging_writer.py:48] [161600] global_step=161600, grad_norm=4.473581314086914, loss=2.321568489074707
I0131 11:30:42.022249 139668746123008 logging_writer.py:48] [161700] global_step=161700, grad_norm=4.197946548461914, loss=2.8148481845855713
I0131 11:31:27.922663 139668754515712 logging_writer.py:48] [161800] global_step=161800, grad_norm=5.36997127532959, loss=4.331996440887451
I0131 11:32:13.858679 139668746123008 logging_writer.py:48] [161900] global_step=161900, grad_norm=4.722134590148926, loss=2.530576467514038
I0131 11:32:59.750612 139668754515712 logging_writer.py:48] [162000] global_step=162000, grad_norm=4.736434459686279, loss=2.982616901397705
I0131 11:33:45.278014 139668746123008 logging_writer.py:48] [162100] global_step=162100, grad_norm=4.796806812286377, loss=3.8067972660064697
I0131 11:34:11.536774 139863983413056 spec.py:321] Evaluating on the training split.
I0131 11:34:21.826400 139863983413056 spec.py:333] Evaluating on the validation split.
I0131 11:34:39.898626 139863983413056 spec.py:349] Evaluating on the test split.
I0131 11:34:41.555217 139863983413056 submission_runner.py:408] Time since start: 78793.21s, 	Step: 162159, 	{'train/accuracy': 0.8233007788658142, 'train/loss': 0.7672076225280762, 'validation/accuracy': 0.7484999895095825, 'validation/loss': 1.0859493017196655, 'validation/num_examples': 50000, 'test/accuracy': 0.6338000297546387, 'test/loss': 1.673032522201538, 'test/num_examples': 10000, 'score': 73146.63851761818, 'total_duration': 78793.20580601692, 'accumulated_submission_time': 73146.63851761818, 'accumulated_eval_time': 5630.4672927856445, 'accumulated_logging_time': 7.6764256954193115}
I0131 11:34:41.603971 139668754515712 logging_writer.py:48] [162159] accumulated_eval_time=5630.467293, accumulated_logging_time=7.676426, accumulated_submission_time=73146.638518, global_step=162159, preemption_count=0, score=73146.638518, test/accuracy=0.633800, test/loss=1.673033, test/num_examples=10000, total_duration=78793.205806, train/accuracy=0.823301, train/loss=0.767208, validation/accuracy=0.748500, validation/loss=1.085949, validation/num_examples=50000
I0131 11:34:58.384038 139668746123008 logging_writer.py:48] [162200] global_step=162200, grad_norm=4.448052883148193, loss=2.4363040924072266
I0131 11:35:41.902908 139668754515712 logging_writer.py:48] [162300] global_step=162300, grad_norm=4.830474853515625, loss=2.4258885383605957
I0131 11:36:27.529417 139668746123008 logging_writer.py:48] [162400] global_step=162400, grad_norm=4.169002056121826, loss=2.2544655799865723
I0131 11:37:13.365476 139668754515712 logging_writer.py:48] [162500] global_step=162500, grad_norm=4.3698954582214355, loss=2.2784814834594727
I0131 11:37:59.099429 139668746123008 logging_writer.py:48] [162600] global_step=162600, grad_norm=4.6020588874816895, loss=3.228499174118042
I0131 11:38:45.011935 139668754515712 logging_writer.py:48] [162700] global_step=162700, grad_norm=4.712512969970703, loss=2.5114946365356445
I0131 11:39:30.778237 139668746123008 logging_writer.py:48] [162800] global_step=162800, grad_norm=4.5596795082092285, loss=2.3749186992645264
I0131 11:40:16.817877 139668754515712 logging_writer.py:48] [162900] global_step=162900, grad_norm=5.4171977043151855, loss=4.362022399902344
I0131 11:41:02.409150 139668746123008 logging_writer.py:48] [163000] global_step=163000, grad_norm=4.553607940673828, loss=2.8455042839050293
I0131 11:41:41.760740 139863983413056 spec.py:321] Evaluating on the training split.
I0131 11:41:51.858847 139863983413056 spec.py:333] Evaluating on the validation split.
I0131 11:42:13.169121 139863983413056 spec.py:349] Evaluating on the test split.
I0131 11:42:14.807072 139863983413056 submission_runner.py:408] Time since start: 79246.46s, 	Step: 163088, 	{'train/accuracy': 0.8291601538658142, 'train/loss': 0.7714617848396301, 'validation/accuracy': 0.7514199614524841, 'validation/loss': 1.10415518283844, 'validation/num_examples': 50000, 'test/accuracy': 0.6310000419616699, 'test/loss': 1.7050611972808838, 'test/num_examples': 10000, 'score': 73566.73581504822, 'total_duration': 79246.45765209198, 'accumulated_submission_time': 73566.73581504822, 'accumulated_eval_time': 5663.513606309891, 'accumulated_logging_time': 7.735929727554321}
I0131 11:42:14.854216 139668754515712 logging_writer.py:48] [163088] accumulated_eval_time=5663.513606, accumulated_logging_time=7.735930, accumulated_submission_time=73566.735815, global_step=163088, preemption_count=0, score=73566.735815, test/accuracy=0.631000, test/loss=1.705061, test/num_examples=10000, total_duration=79246.457652, train/accuracy=0.829160, train/loss=0.771462, validation/accuracy=0.751420, validation/loss=1.104155, validation/num_examples=50000
I0131 11:42:20.045164 139668746123008 logging_writer.py:48] [163100] global_step=163100, grad_norm=4.390658855438232, loss=3.3378121852874756
I0131 11:43:00.736456 139668754515712 logging_writer.py:48] [163200] global_step=163200, grad_norm=4.612508773803711, loss=2.4524521827697754
I0131 11:43:46.413615 139668746123008 logging_writer.py:48] [163300] global_step=163300, grad_norm=4.4970245361328125, loss=2.3415443897247314
I0131 11:44:32.246518 139668754515712 logging_writer.py:48] [163400] global_step=163400, grad_norm=4.4900102615356445, loss=2.367044687271118
I0131 11:45:18.111077 139668746123008 logging_writer.py:48] [163500] global_step=163500, grad_norm=4.534743309020996, loss=2.3333797454833984
I0131 11:46:03.548869 139668754515712 logging_writer.py:48] [163600] global_step=163600, grad_norm=4.390928745269775, loss=2.309701442718506
I0131 11:46:48.999511 139668746123008 logging_writer.py:48] [163700] global_step=163700, grad_norm=5.060925483703613, loss=4.190095901489258
I0131 11:47:34.701776 139668754515712 logging_writer.py:48] [163800] global_step=163800, grad_norm=4.63144063949585, loss=3.151397466659546
I0131 11:48:20.539602 139668746123008 logging_writer.py:48] [163900] global_step=163900, grad_norm=4.816125392913818, loss=2.3447961807250977
I0131 11:49:06.145125 139668754515712 logging_writer.py:48] [164000] global_step=164000, grad_norm=4.634270668029785, loss=2.248129367828369
I0131 11:49:14.845779 139863983413056 spec.py:321] Evaluating on the training split.
I0131 11:49:25.156642 139863983413056 spec.py:333] Evaluating on the validation split.
I0131 11:49:47.296228 139863983413056 spec.py:349] Evaluating on the test split.
I0131 11:49:48.928142 139863983413056 submission_runner.py:408] Time since start: 79700.58s, 	Step: 164021, 	{'train/accuracy': 0.83509761095047, 'train/loss': 0.7409867644309998, 'validation/accuracy': 0.7541199922561646, 'validation/loss': 1.079445481300354, 'validation/num_examples': 50000, 'test/accuracy': 0.6335000395774841, 'test/loss': 1.6779024600982666, 'test/num_examples': 10000, 'score': 73986.66831469536, 'total_duration': 79700.57873511314, 'accumulated_submission_time': 73986.66831469536, 'accumulated_eval_time': 5697.595949888229, 'accumulated_logging_time': 7.793646812438965}
I0131 11:49:48.970156 139668746123008 logging_writer.py:48] [164021] accumulated_eval_time=5697.595950, accumulated_logging_time=7.793647, accumulated_submission_time=73986.668315, global_step=164021, preemption_count=0, score=73986.668315, test/accuracy=0.633500, test/loss=1.677902, test/num_examples=10000, total_duration=79700.578735, train/accuracy=0.835098, train/loss=0.740987, validation/accuracy=0.754120, validation/loss=1.079445, validation/num_examples=50000
I0131 11:50:20.933516 139668754515712 logging_writer.py:48] [164100] global_step=164100, grad_norm=4.5861968994140625, loss=2.417202949523926
I0131 11:51:05.244799 139668746123008 logging_writer.py:48] [164200] global_step=164200, grad_norm=4.537180423736572, loss=2.357712745666504
I0131 11:51:50.902585 139668754515712 logging_writer.py:48] [164300] global_step=164300, grad_norm=4.643290042877197, loss=2.3594589233398438
I0131 11:52:36.538381 139668746123008 logging_writer.py:48] [164400] global_step=164400, grad_norm=5.283929824829102, loss=4.069349765777588
I0131 11:53:22.013340 139668754515712 logging_writer.py:48] [164500] global_step=164500, grad_norm=4.716491222381592, loss=2.367363452911377
I0131 11:54:07.583399 139668746123008 logging_writer.py:48] [164600] global_step=164600, grad_norm=5.767025947570801, loss=4.15494441986084
I0131 11:54:53.058477 139668754515712 logging_writer.py:48] [164700] global_step=164700, grad_norm=4.497401714324951, loss=2.2941386699676514
I0131 11:55:38.490097 139668746123008 logging_writer.py:48] [164800] global_step=164800, grad_norm=5.229079723358154, loss=3.7233633995056152
I0131 11:56:24.105033 139668754515712 logging_writer.py:48] [164900] global_step=164900, grad_norm=4.4731268882751465, loss=2.35491681098938
I0131 11:56:49.370318 139863983413056 spec.py:321] Evaluating on the training split.
I0131 11:57:00.002974 139863983413056 spec.py:333] Evaluating on the validation split.
I0131 11:57:22.389794 139863983413056 spec.py:349] Evaluating on the test split.
I0131 11:57:24.022258 139863983413056 submission_runner.py:408] Time since start: 80155.67s, 	Step: 164957, 	{'train/accuracy': 0.8322851657867432, 'train/loss': 0.7366339564323425, 'validation/accuracy': 0.7554399967193604, 'validation/loss': 1.0619897842407227, 'validation/num_examples': 50000, 'test/accuracy': 0.6362000107765198, 'test/loss': 1.6556838750839233, 'test/num_examples': 10000, 'score': 74407.01210308075, 'total_duration': 80155.67283654213, 'accumulated_submission_time': 74407.01210308075, 'accumulated_eval_time': 5732.24786067009, 'accumulated_logging_time': 7.844249725341797}
I0131 11:57:24.063066 139668746123008 logging_writer.py:48] [164957] accumulated_eval_time=5732.247861, accumulated_logging_time=7.844250, accumulated_submission_time=74407.012103, global_step=164957, preemption_count=0, score=74407.012103, test/accuracy=0.636200, test/loss=1.655684, test/num_examples=10000, total_duration=80155.672837, train/accuracy=0.832285, train/loss=0.736634, validation/accuracy=0.755440, validation/loss=1.061990, validation/num_examples=50000
I0131 11:57:41.638349 139668754515712 logging_writer.py:48] [165000] global_step=165000, grad_norm=4.43808126449585, loss=3.3654708862304688
I0131 11:58:24.754387 139668746123008 logging_writer.py:48] [165100] global_step=165100, grad_norm=5.031344890594482, loss=2.3856887817382812
I0131 11:59:10.926182 139668754515712 logging_writer.py:48] [165200] global_step=165200, grad_norm=4.800317287445068, loss=2.3260021209716797
I0131 11:59:56.748503 139668746123008 logging_writer.py:48] [165300] global_step=165300, grad_norm=4.7824554443359375, loss=3.6451382637023926
I0131 12:00:42.483460 139668754515712 logging_writer.py:48] [165400] global_step=165400, grad_norm=4.839137077331543, loss=3.0186681747436523
I0131 12:01:28.338008 139668746123008 logging_writer.py:48] [165500] global_step=165500, grad_norm=4.6580328941345215, loss=2.5134341716766357
I0131 12:02:13.923235 139668754515712 logging_writer.py:48] [165600] global_step=165600, grad_norm=4.665430545806885, loss=2.7268013954162598
I0131 12:02:59.515709 139668746123008 logging_writer.py:48] [165700] global_step=165700, grad_norm=5.89999532699585, loss=4.25893497467041
I0131 12:03:45.313035 139668754515712 logging_writer.py:48] [165800] global_step=165800, grad_norm=4.76444149017334, loss=3.163780450820923
I0131 12:04:24.146492 139863983413056 spec.py:321] Evaluating on the training split.
I0131 12:04:34.367470 139863983413056 spec.py:333] Evaluating on the validation split.
I0131 12:04:53.333087 139863983413056 spec.py:349] Evaluating on the test split.
I0131 12:04:55.002843 139863983413056 submission_runner.py:408] Time since start: 80606.65s, 	Step: 165887, 	{'train/accuracy': 0.8315820097923279, 'train/loss': 0.7409655451774597, 'validation/accuracy': 0.7555999755859375, 'validation/loss': 1.0678353309631348, 'validation/num_examples': 50000, 'test/accuracy': 0.6294000148773193, 'test/loss': 1.6705749034881592, 'test/num_examples': 10000, 'score': 74827.03679513931, 'total_duration': 80606.65344071388, 'accumulated_submission_time': 74827.03679513931, 'accumulated_eval_time': 5763.104225158691, 'accumulated_logging_time': 7.89516282081604}
I0131 12:04:55.045957 139668746123008 logging_writer.py:48] [165887] accumulated_eval_time=5763.104225, accumulated_logging_time=7.895163, accumulated_submission_time=74827.036795, global_step=165887, preemption_count=0, score=74827.036795, test/accuracy=0.629400, test/loss=1.670575, test/num_examples=10000, total_duration=80606.653441, train/accuracy=0.831582, train/loss=0.740966, validation/accuracy=0.755600, validation/loss=1.067835, validation/num_examples=50000
I0131 12:05:00.648917 139668754515712 logging_writer.py:48] [165900] global_step=165900, grad_norm=5.066099166870117, loss=2.358616352081299
I0131 12:05:42.485558 139668746123008 logging_writer.py:48] [166000] global_step=166000, grad_norm=5.313916206359863, loss=3.971933126449585
I0131 12:06:28.328752 139668754515712 logging_writer.py:48] [166100] global_step=166100, grad_norm=4.5130391120910645, loss=2.5087010860443115
I0131 12:07:14.365182 139668746123008 logging_writer.py:48] [166200] global_step=166200, grad_norm=5.171040058135986, loss=3.64115834236145
I0131 12:08:00.031003 139668754515712 logging_writer.py:48] [166300] global_step=166300, grad_norm=5.054174900054932, loss=2.3451988697052
I0131 12:08:45.748195 139668746123008 logging_writer.py:48] [166400] global_step=166400, grad_norm=4.676840782165527, loss=3.25960111618042
I0131 12:09:31.451927 139668754515712 logging_writer.py:48] [166500] global_step=166500, grad_norm=4.647468566894531, loss=3.6536102294921875
I0131 12:10:17.327683 139668746123008 logging_writer.py:48] [166600] global_step=166600, grad_norm=5.882762908935547, loss=3.9627199172973633
I0131 12:11:03.027678 139668754515712 logging_writer.py:48] [166700] global_step=166700, grad_norm=4.41289758682251, loss=2.306427001953125
I0131 12:11:48.570754 139668746123008 logging_writer.py:48] [166800] global_step=166800, grad_norm=5.8043107986450195, loss=4.357635021209717
I0131 12:11:55.178808 139863983413056 spec.py:321] Evaluating on the training split.
I0131 12:12:05.637075 139863983413056 spec.py:333] Evaluating on the validation split.
I0131 12:12:25.167455 139863983413056 spec.py:349] Evaluating on the test split.
I0131 12:12:26.817564 139863983413056 submission_runner.py:408] Time since start: 81058.47s, 	Step: 166816, 	{'train/accuracy': 0.8335937261581421, 'train/loss': 0.7405239939689636, 'validation/accuracy': 0.7565000057220459, 'validation/loss': 1.076341986656189, 'validation/num_examples': 50000, 'test/accuracy': 0.6351000070571899, 'test/loss': 1.669582486152649, 'test/num_examples': 10000, 'score': 75247.1132349968, 'total_duration': 81058.46815085411, 'accumulated_submission_time': 75247.1132349968, 'accumulated_eval_time': 5794.742982387543, 'accumulated_logging_time': 7.947040319442749}
I0131 12:12:26.860098 139668754515712 logging_writer.py:48] [166816] accumulated_eval_time=5794.742982, accumulated_logging_time=7.947040, accumulated_submission_time=75247.113235, global_step=166816, preemption_count=0, score=75247.113235, test/accuracy=0.635100, test/loss=1.669582, test/num_examples=10000, total_duration=81058.468151, train/accuracy=0.833594, train/loss=0.740524, validation/accuracy=0.756500, validation/loss=1.076342, validation/num_examples=50000
I0131 12:13:00.822230 139668746123008 logging_writer.py:48] [166900] global_step=166900, grad_norm=4.978140830993652, loss=2.347517967224121
I0131 12:13:46.300796 139668754515712 logging_writer.py:48] [167000] global_step=167000, grad_norm=4.662094593048096, loss=2.2234928607940674
I0131 12:14:32.099905 139668746123008 logging_writer.py:48] [167100] global_step=167100, grad_norm=5.376381874084473, loss=3.5038018226623535
I0131 12:15:18.111975 139668754515712 logging_writer.py:48] [167200] global_step=167200, grad_norm=4.655727386474609, loss=2.276334762573242
I0131 12:16:03.545095 139668746123008 logging_writer.py:48] [167300] global_step=167300, grad_norm=5.154141902923584, loss=2.35829758644104
I0131 12:16:48.980066 139668754515712 logging_writer.py:48] [167400] global_step=167400, grad_norm=4.797354221343994, loss=2.2279348373413086
I0131 12:17:34.506623 139668746123008 logging_writer.py:48] [167500] global_step=167500, grad_norm=4.872809410095215, loss=2.629213333129883
I0131 12:18:20.064874 139668754515712 logging_writer.py:48] [167600] global_step=167600, grad_norm=4.754238128662109, loss=2.375493049621582
I0131 12:19:06.233875 139668746123008 logging_writer.py:48] [167700] global_step=167700, grad_norm=7.238354682922363, loss=4.230075359344482
I0131 12:19:26.897377 139863983413056 spec.py:321] Evaluating on the training split.
I0131 12:19:37.057687 139863983413056 spec.py:333] Evaluating on the validation split.
I0131 12:19:58.227132 139863983413056 spec.py:349] Evaluating on the test split.
I0131 12:19:59.870295 139863983413056 submission_runner.py:408] Time since start: 81511.52s, 	Step: 167747, 	{'train/accuracy': 0.8338671922683716, 'train/loss': 0.7559254765510559, 'validation/accuracy': 0.75791996717453, 'validation/loss': 1.0783684253692627, 'validation/num_examples': 50000, 'test/accuracy': 0.6355000138282776, 'test/loss': 1.6743074655532837, 'test/num_examples': 10000, 'score': 75667.09297275543, 'total_duration': 81511.52088880539, 'accumulated_submission_time': 75667.09297275543, 'accumulated_eval_time': 5827.715883970261, 'accumulated_logging_time': 7.998236179351807}
I0131 12:19:59.912528 139668754515712 logging_writer.py:48] [167747] accumulated_eval_time=5827.715884, accumulated_logging_time=7.998236, accumulated_submission_time=75667.092973, global_step=167747, preemption_count=0, score=75667.092973, test/accuracy=0.635500, test/loss=1.674307, test/num_examples=10000, total_duration=81511.520889, train/accuracy=0.833867, train/loss=0.755925, validation/accuracy=0.757920, validation/loss=1.078368, validation/num_examples=50000
I0131 12:20:21.500869 139668746123008 logging_writer.py:48] [167800] global_step=167800, grad_norm=4.763859748840332, loss=2.3220791816711426
I0131 12:21:04.639277 139668754515712 logging_writer.py:48] [167900] global_step=167900, grad_norm=4.9840240478515625, loss=3.113156795501709
I0131 12:21:50.586356 139668746123008 logging_writer.py:48] [168000] global_step=168000, grad_norm=5.0434370040893555, loss=2.250805616378784
I0131 12:22:36.240100 139668754515712 logging_writer.py:48] [168100] global_step=168100, grad_norm=4.820967197418213, loss=2.2872376441955566
I0131 12:23:21.997010 139668746123008 logging_writer.py:48] [168200] global_step=168200, grad_norm=4.89430046081543, loss=2.290501356124878
I0131 12:24:07.890308 139668754515712 logging_writer.py:48] [168300] global_step=168300, grad_norm=4.829126358032227, loss=2.531820058822632
I0131 12:24:53.790485 139668746123008 logging_writer.py:48] [168400] global_step=168400, grad_norm=5.599942684173584, loss=2.7091729640960693
I0131 12:25:39.451437 139668754515712 logging_writer.py:48] [168500] global_step=168500, grad_norm=4.803707599639893, loss=2.298137903213501
I0131 12:26:25.133473 139668746123008 logging_writer.py:48] [168600] global_step=168600, grad_norm=5.06223201751709, loss=2.50964617729187
I0131 12:27:00.222505 139863983413056 spec.py:321] Evaluating on the training split.
I0131 12:27:10.662503 139863983413056 spec.py:333] Evaluating on the validation split.
I0131 12:27:32.457798 139863983413056 spec.py:349] Evaluating on the test split.
I0131 12:27:34.090517 139863983413056 submission_runner.py:408] Time since start: 81965.74s, 	Step: 168678, 	{'train/accuracy': 0.8360546827316284, 'train/loss': 0.7370734214782715, 'validation/accuracy': 0.7594599723815918, 'validation/loss': 1.0704350471496582, 'validation/num_examples': 50000, 'test/accuracy': 0.636400043964386, 'test/loss': 1.665740728378296, 'test/num_examples': 10000, 'score': 76087.34431004524, 'total_duration': 81965.7411146164, 'accumulated_submission_time': 76087.34431004524, 'accumulated_eval_time': 5861.583888530731, 'accumulated_logging_time': 8.05066990852356}
I0131 12:27:34.136766 139668754515712 logging_writer.py:48] [168678] accumulated_eval_time=5861.583889, accumulated_logging_time=8.050670, accumulated_submission_time=76087.344310, global_step=168678, preemption_count=0, score=76087.344310, test/accuracy=0.636400, test/loss=1.665741, test/num_examples=10000, total_duration=81965.741115, train/accuracy=0.836055, train/loss=0.737073, validation/accuracy=0.759460, validation/loss=1.070435, validation/num_examples=50000
I0131 12:27:43.318362 139668746123008 logging_writer.py:48] [168700] global_step=168700, grad_norm=4.830731391906738, loss=2.273240566253662
I0131 12:28:25.099669 139668754515712 logging_writer.py:48] [168800] global_step=168800, grad_norm=4.651676177978516, loss=3.371180295944214
I0131 12:29:11.352384 139668746123008 logging_writer.py:48] [168900] global_step=168900, grad_norm=5.7778167724609375, loss=4.161726951599121
I0131 12:29:57.295670 139668754515712 logging_writer.py:48] [169000] global_step=169000, grad_norm=5.19004487991333, loss=3.5970406532287598
I0131 12:30:43.177830 139668746123008 logging_writer.py:48] [169100] global_step=169100, grad_norm=4.868297100067139, loss=2.2602527141571045
I0131 12:31:28.757951 139668754515712 logging_writer.py:48] [169200] global_step=169200, grad_norm=4.425215244293213, loss=2.2074508666992188
I0131 12:32:14.533962 139668746123008 logging_writer.py:48] [169300] global_step=169300, grad_norm=4.71776008605957, loss=3.0676565170288086
I0131 12:32:59.955541 139668754515712 logging_writer.py:48] [169400] global_step=169400, grad_norm=5.119131088256836, loss=2.1912055015563965
I0131 12:33:45.444546 139668746123008 logging_writer.py:48] [169500] global_step=169500, grad_norm=5.30922269821167, loss=3.59660005569458
I0131 12:34:31.087094 139668754515712 logging_writer.py:48] [169600] global_step=169600, grad_norm=5.082907676696777, loss=2.68426513671875
I0131 12:34:34.334989 139863983413056 spec.py:321] Evaluating on the training split.
I0131 12:34:44.541312 139863983413056 spec.py:333] Evaluating on the validation split.
I0131 12:35:06.867092 139863983413056 spec.py:349] Evaluating on the test split.
I0131 12:35:08.506341 139863983413056 submission_runner.py:408] Time since start: 82420.16s, 	Step: 169609, 	{'train/accuracy': 0.83984375, 'train/loss': 0.7221209406852722, 'validation/accuracy': 0.760159969329834, 'validation/loss': 1.0561344623565674, 'validation/num_examples': 50000, 'test/accuracy': 0.6401000022888184, 'test/loss': 1.649182677268982, 'test/num_examples': 10000, 'score': 76507.4817943573, 'total_duration': 82420.15692543983, 'accumulated_submission_time': 76507.4817943573, 'accumulated_eval_time': 5895.755210876465, 'accumulated_logging_time': 8.10885739326477}
I0131 12:35:08.546669 139668746123008 logging_writer.py:48] [169609] accumulated_eval_time=5895.755211, accumulated_logging_time=8.108857, accumulated_submission_time=76507.481794, global_step=169609, preemption_count=0, score=76507.481794, test/accuracy=0.640100, test/loss=1.649183, test/num_examples=10000, total_duration=82420.156925, train/accuracy=0.839844, train/loss=0.722121, validation/accuracy=0.760160, validation/loss=1.056134, validation/num_examples=50000
I0131 12:35:45.465617 139668754515712 logging_writer.py:48] [169700] global_step=169700, grad_norm=4.727559566497803, loss=2.4887049198150635
I0131 12:36:30.810978 139668746123008 logging_writer.py:48] [169800] global_step=169800, grad_norm=4.961606502532959, loss=2.342592716217041
I0131 12:37:16.583605 139668754515712 logging_writer.py:48] [169900] global_step=169900, grad_norm=5.52873420715332, loss=2.2612528800964355
I0131 12:38:02.709555 139668746123008 logging_writer.py:48] [170000] global_step=170000, grad_norm=4.72649621963501, loss=2.5155344009399414
I0131 12:38:48.120052 139668754515712 logging_writer.py:48] [170100] global_step=170100, grad_norm=5.221352577209473, loss=2.2698588371276855
I0131 12:39:34.120827 139668746123008 logging_writer.py:48] [170200] global_step=170200, grad_norm=5.027264595031738, loss=2.248811960220337
I0131 12:40:19.845025 139668754515712 logging_writer.py:48] [170300] global_step=170300, grad_norm=4.900644302368164, loss=2.2581732273101807
I0131 12:41:05.654094 139668746123008 logging_writer.py:48] [170400] global_step=170400, grad_norm=4.987719535827637, loss=2.2220020294189453
I0131 12:41:51.165492 139668754515712 logging_writer.py:48] [170500] global_step=170500, grad_norm=6.3174662590026855, loss=4.058385372161865
I0131 12:42:08.732513 139863983413056 spec.py:321] Evaluating on the training split.
I0131 12:42:19.153839 139863983413056 spec.py:333] Evaluating on the validation split.
I0131 12:42:41.269514 139863983413056 spec.py:349] Evaluating on the test split.
I0131 12:42:42.910861 139863983413056 submission_runner.py:408] Time since start: 82874.56s, 	Step: 170540, 	{'train/accuracy': 0.8365820050239563, 'train/loss': 0.7234076261520386, 'validation/accuracy': 0.7600599527359009, 'validation/loss': 1.0516064167022705, 'validation/num_examples': 50000, 'test/accuracy': 0.6373000144958496, 'test/loss': 1.6481930017471313, 'test/num_examples': 10000, 'score': 76927.61034536362, 'total_duration': 82874.5614593029, 'accumulated_submission_time': 76927.61034536362, 'accumulated_eval_time': 5929.933554887772, 'accumulated_logging_time': 8.157514572143555}
I0131 12:42:42.955382 139668746123008 logging_writer.py:48] [170540] accumulated_eval_time=5929.933555, accumulated_logging_time=8.157515, accumulated_submission_time=76927.610345, global_step=170540, preemption_count=0, score=76927.610345, test/accuracy=0.637300, test/loss=1.648193, test/num_examples=10000, total_duration=82874.561459, train/accuracy=0.836582, train/loss=0.723408, validation/accuracy=0.760060, validation/loss=1.051606, validation/num_examples=50000
I0131 12:43:07.330324 139668754515712 logging_writer.py:48] [170600] global_step=170600, grad_norm=5.556307315826416, loss=2.287470817565918
I0131 12:43:51.357445 139668746123008 logging_writer.py:48] [170700] global_step=170700, grad_norm=4.775832653045654, loss=2.174168586730957
I0131 12:44:37.127497 139668754515712 logging_writer.py:48] [170800] global_step=170800, grad_norm=4.88594913482666, loss=2.6353518962860107
I0131 12:45:22.831619 139668746123008 logging_writer.py:48] [170900] global_step=170900, grad_norm=5.123112201690674, loss=3.4189095497131348
I0131 12:46:08.336686 139668754515712 logging_writer.py:48] [171000] global_step=171000, grad_norm=6.009689807891846, loss=4.125308990478516
I0131 12:46:53.764761 139668746123008 logging_writer.py:48] [171100] global_step=171100, grad_norm=4.9815354347229, loss=3.2128520011901855
I0131 12:47:39.384327 139668754515712 logging_writer.py:48] [171200] global_step=171200, grad_norm=4.781745433807373, loss=2.270357608795166
I0131 12:48:25.114811 139668746123008 logging_writer.py:48] [171300] global_step=171300, grad_norm=5.47176456451416, loss=2.4464833736419678
I0131 12:49:10.780118 139668754515712 logging_writer.py:48] [171400] global_step=171400, grad_norm=5.243305206298828, loss=2.9556281566619873
I0131 12:49:43.137487 139863983413056 spec.py:321] Evaluating on the training split.
I0131 12:49:53.928816 139863983413056 spec.py:333] Evaluating on the validation split.
I0131 12:50:15.767893 139863983413056 spec.py:349] Evaluating on the test split.
I0131 12:50:17.410928 139863983413056 submission_runner.py:408] Time since start: 83329.06s, 	Step: 171472, 	{'train/accuracy': 0.8395116925239563, 'train/loss': 0.7189873456954956, 'validation/accuracy': 0.7607799768447876, 'validation/loss': 1.0504368543624878, 'validation/num_examples': 50000, 'test/accuracy': 0.6414000391960144, 'test/loss': 1.6435645818710327, 'test/num_examples': 10000, 'score': 77347.73178625107, 'total_duration': 83329.06152820587, 'accumulated_submission_time': 77347.73178625107, 'accumulated_eval_time': 5964.20698928833, 'accumulated_logging_time': 8.21371054649353}
I0131 12:50:17.455425 139668746123008 logging_writer.py:48] [171472] accumulated_eval_time=5964.206989, accumulated_logging_time=8.213711, accumulated_submission_time=77347.731786, global_step=171472, preemption_count=0, score=77347.731786, test/accuracy=0.641400, test/loss=1.643565, test/num_examples=10000, total_duration=83329.061528, train/accuracy=0.839512, train/loss=0.718987, validation/accuracy=0.760780, validation/loss=1.050437, validation/num_examples=50000
I0131 12:50:29.195098 139668754515712 logging_writer.py:48] [171500] global_step=171500, grad_norm=4.869399070739746, loss=2.2797868251800537
I0131 12:51:11.424573 139668746123008 logging_writer.py:48] [171600] global_step=171600, grad_norm=5.531389236450195, loss=2.417858600616455
I0131 12:51:56.840481 139668754515712 logging_writer.py:48] [171700] global_step=171700, grad_norm=4.809919834136963, loss=2.7020978927612305
I0131 12:52:42.560533 139668746123008 logging_writer.py:48] [171800] global_step=171800, grad_norm=5.258006572723389, loss=2.252964735031128
I0131 12:53:09.902001 139668754515712 logging_writer.py:48] [171861] global_step=171861, preemption_count=0, score=77520.089318
I0131 12:53:10.580695 139863983413056 checkpoints.py:490] Saving checkpoint at step: 171861
I0131 12:53:11.987503 139863983413056 checkpoints.py:422] Saved checkpoint at /experiment_runs/prize_qualification/study_0/imagenet_vit_jax/trial_1/checkpoint_171861
I0131 12:53:12.005386 139863983413056 checkpoint_utils.py:240] Saved checkpoint to /experiment_runs/prize_qualification/study_0/imagenet_vit_jax/trial_1/checkpoint_171861.
I0131 12:53:12.918621 139863983413056 submission_runner.py:583] Tuning trial 1/5
I0131 12:53:12.918854 139863983413056 submission_runner.py:584] Hyperparameters: Hyperparameters(dropout_rate=0.0, label_smoothing=0.1, learning_rate=0.001308209823469072, one_minus_beta1=0.02686663061, beta2=0.9981232922116359, weight_decay=0.16375311233774334, warmup_factor=0.1)
