python3 submission_runner.py --framework=jax --workload=wmt --submission_path=prize_qualification_baselines/external_tuning/jax_nadamw_full_budget.py --tuning_search_space=prize_qualification_baselines/external_tuning/tuning_search_space.json --data_dir=/data/wmt --num_tuning_trials=1 --experiment_dir=/experiment_runs --experiment_name=prize_qualification/study_1 --overwrite=true --save_checkpoints=false --num_tuning_trials=5 --rng_seed=529981238 --max_global_steps=133333 2>&1 | tee -a /logs/wmt_jax_02-06-2024-11-39-02.log
I0206 11:39:25.038551 140699726837568 logger_utils.py:76] Creating experiment directory at /experiment_runs/prize_qualification/study_1/wmt_jax.
I0206 11:39:26.082554 140699726837568 xla_bridge.py:455] Unable to initialize backend 'rocm': NOT_FOUND: Could not find registered platform with name: "rocm". Available platform names are: Host Interpreter CUDA
I0206 11:39:26.083357 140699726837568 xla_bridge.py:455] Unable to initialize backend 'tpu': module 'jaxlib.xla_extension' has no attribute 'get_tpu_client'
I0206 11:39:26.083487 140699726837568 xla_bridge.py:455] Unable to initialize backend 'plugin': xla_extension has no attributes named get_plugin_device_client. Compile TensorFlow with //tensorflow/compiler/xla/python:enable_plugin_device set to true (defaults to false) to enable this.
I0206 11:39:26.085813 140699726837568 submission_runner.py:542] Using RNG seed 529981238
I0206 11:39:27.242938 140699726837568 submission_runner.py:551] --- Tuning run 1/5 ---
I0206 11:39:27.243144 140699726837568 submission_runner.py:556] Creating tuning directory at /experiment_runs/prize_qualification/study_1/wmt_jax/trial_1.
I0206 11:39:27.243548 140699726837568 logger_utils.py:92] Saving hparams to /experiment_runs/prize_qualification/study_1/wmt_jax/trial_1/hparams.json.
I0206 11:39:27.430761 140699726837568 submission_runner.py:206] Initializing dataset.
I0206 11:39:27.442626 140699726837568 dataset_info.py:578] Load dataset info from /data/wmt/wmt17_translate/de-en/1.0.0
I0206 11:39:27.446850 140699726837568 dataset_info.py:669] Fields info.[splits, supervised_keys] from disk and from code do not match. Keeping the one from code.
I0206 11:39:27.610670 140699726837568 logging_logger.py:49] Constructing tf.data.Dataset wmt17_translate for split train, from /data/wmt/wmt17_translate/de-en/1.0.0
I0206 11:39:29.631136 140699726837568 submission_runner.py:213] Initializing model.
I0206 11:39:38.928910 140699726837568 submission_runner.py:255] Initializing optimizer.
I0206 11:39:40.083173 140699726837568 submission_runner.py:262] Initializing metrics bundle.
I0206 11:39:40.083388 140699726837568 submission_runner.py:280] Initializing checkpoint and logger.
I0206 11:39:40.084635 140699726837568 checkpoints.py:915] Found no checkpoint files in /experiment_runs/prize_qualification/study_1/wmt_jax/trial_1 with prefix checkpoint_
I0206 11:39:40.084776 140699726837568 submission_runner.py:300] Saving meta data to /experiment_runs/prize_qualification/study_1/wmt_jax/trial_1/meta_data_0.json.
I0206 11:39:40.084980 140699726837568 logger_utils.py:257] Unable to record workload.train_mean information. Continuing without it.
I0206 11:39:40.085040 140699726837568 logger_utils.py:257] Unable to record workload.train_stddev information. Continuing without it.
fatal: detected dubious ownership in repository at '/algorithmic-efficiency'
To add an exception for this directory, call:

	git config --global --add safe.directory /algorithmic-efficiency
I0206 11:39:40.458447 140699726837568 logger_utils.py:220] Unable to record git information. Continuing without it.
I0206 11:39:40.792588 140699726837568 submission_runner.py:304] Saving flags to /experiment_runs/prize_qualification/study_1/wmt_jax/trial_1/flags_0.json.
I0206 11:39:40.803766 140699726837568 submission_runner.py:314] Starting training loop.
I0206 11:40:17.824622 140534601471744 logging_writer.py:48] [0] global_step=0, grad_norm=5.61525297164917, loss=11.164706230163574
I0206 11:40:17.842366 140699726837568 spec.py:321] Evaluating on the training split.
I0206 11:40:17.845831 140699726837568 dataset_info.py:578] Load dataset info from /data/wmt/wmt17_translate/de-en/1.0.0
I0206 11:40:17.848920 140699726837568 dataset_info.py:669] Fields info.[splits, supervised_keys] from disk and from code do not match. Keeping the one from code.
I0206 11:40:17.887555 140699726837568 logging_logger.py:49] Constructing tf.data.Dataset wmt17_translate for split train, from /data/wmt/wmt17_translate/de-en/1.0.0
I0206 11:40:25.553551 140699726837568 workload.py:181] Translating evaluation dataset.
I0206 11:45:24.807584 140699726837568 spec.py:333] Evaluating on the validation split.
I0206 11:45:24.813890 140699726837568 dataset_info.py:578] Load dataset info from /data/wmt/wmt14_translate/de-en/1.0.0
I0206 11:45:24.817785 140699726837568 dataset_info.py:669] Fields info.[splits, supervised_keys] from disk and from code do not match. Keeping the one from code.
I0206 11:45:24.858047 140699726837568 logging_logger.py:49] Constructing tf.data.Dataset wmt14_translate for split validation, from /data/wmt/wmt14_translate/de-en/1.0.0
I0206 11:45:31.707409 140699726837568 workload.py:181] Translating evaluation dataset.
I0206 11:50:20.835656 140699726837568 spec.py:349] Evaluating on the test split.
I0206 11:50:20.838562 140699726837568 dataset_info.py:578] Load dataset info from /data/wmt/wmt14_translate/de-en/1.0.0
I0206 11:50:20.841707 140699726837568 dataset_info.py:669] Fields info.[splits, supervised_keys] from disk and from code do not match. Keeping the one from code.
I0206 11:50:20.880408 140699726837568 logging_logger.py:49] Constructing tf.data.Dataset wmt14_translate for split test, from /data/wmt/wmt14_translate/de-en/1.0.0
I0206 11:50:23.753902 140699726837568 workload.py:181] Translating evaluation dataset.
I0206 11:55:12.817510 140699726837568 submission_runner.py:408] Time since start: 932.01s, 	Step: 1, 	{'train/accuracy': 0.0006529284291900694, 'train/loss': 11.176665306091309, 'train/bleu': 0.0, 'validation/accuracy': 0.0004835649742744863, 'validation/loss': 11.208685874938965, 'validation/bleu': 0.0, 'validation/num_examples': 3000, 'test/accuracy': 0.0007088489946909249, 'test/loss': 11.19086742401123, 'test/bleu': 0.0, 'test/num_examples': 3003, 'score': 37.038549184799194, 'total_duration': 932.0136518478394, 'accumulated_submission_time': 37.038549184799194, 'accumulated_eval_time': 894.9750609397888, 'accumulated_logging_time': 0}
I0206 11:55:12.838196 140530045396736 logging_writer.py:48] [1] accumulated_eval_time=894.975061, accumulated_logging_time=0, accumulated_submission_time=37.038549, global_step=1, preemption_count=0, score=37.038549, test/accuracy=0.000709, test/bleu=0.000000, test/loss=11.190867, test/num_examples=3003, total_duration=932.013652, train/accuracy=0.000653, train/bleu=0.000000, train/loss=11.176665, validation/accuracy=0.000484, validation/bleu=0.000000, validation/loss=11.208686, validation/num_examples=3000
I0206 11:55:48.025104 140530037004032 logging_writer.py:48] [100] global_step=100, grad_norm=0.43962424993515015, loss=8.90355110168457
I0206 11:56:23.232789 140530045396736 logging_writer.py:48] [200] global_step=200, grad_norm=0.15697377920150757, loss=8.547919273376465
I0206 11:56:58.463038 140530037004032 logging_writer.py:48] [300] global_step=300, grad_norm=0.16404852271080017, loss=8.325197219848633
I0206 11:57:33.706731 140530045396736 logging_writer.py:48] [400] global_step=400, grad_norm=0.288122296333313, loss=7.973024368286133
I0206 11:58:08.963767 140530037004032 logging_writer.py:48] [500] global_step=500, grad_norm=0.3593648374080658, loss=7.633212566375732
I0206 11:58:44.234342 140530045396736 logging_writer.py:48] [600] global_step=600, grad_norm=0.7561393976211548, loss=7.398614406585693
I0206 11:59:19.531333 140530037004032 logging_writer.py:48] [700] global_step=700, grad_norm=0.6924850344657898, loss=7.203282356262207
I0206 11:59:54.810769 140530045396736 logging_writer.py:48] [800] global_step=800, grad_norm=0.5590024590492249, loss=6.931511402130127
I0206 12:00:30.080741 140530037004032 logging_writer.py:48] [900] global_step=900, grad_norm=0.5186825394630432, loss=6.815753936767578
I0206 12:01:05.369699 140530045396736 logging_writer.py:48] [1000] global_step=1000, grad_norm=0.4649958312511444, loss=6.560572624206543
I0206 12:01:40.762047 140530037004032 logging_writer.py:48] [1100] global_step=1100, grad_norm=0.5652977228164673, loss=6.358702659606934
I0206 12:02:16.094035 140530045396736 logging_writer.py:48] [1200] global_step=1200, grad_norm=0.7269953489303589, loss=6.225107192993164
I0206 12:02:51.380153 140530037004032 logging_writer.py:48] [1300] global_step=1300, grad_norm=0.5980017185211182, loss=6.0884294509887695
I0206 12:03:26.680213 140530045396736 logging_writer.py:48] [1400] global_step=1400, grad_norm=0.5780620574951172, loss=5.932805061340332
I0206 12:04:02.013089 140530037004032 logging_writer.py:48] [1500] global_step=1500, grad_norm=0.5672272443771362, loss=5.790924549102783
I0206 12:04:37.301940 140530045396736 logging_writer.py:48] [1600] global_step=1600, grad_norm=0.5938378572463989, loss=5.659497261047363
I0206 12:05:12.622108 140530037004032 logging_writer.py:48] [1700] global_step=1700, grad_norm=0.603783905506134, loss=5.509642124176025
I0206 12:05:47.938782 140530045396736 logging_writer.py:48] [1800] global_step=1800, grad_norm=0.8971288800239563, loss=5.469431400299072
I0206 12:06:23.257066 140530037004032 logging_writer.py:48] [1900] global_step=1900, grad_norm=0.8999788165092468, loss=5.3523149490356445
I0206 12:06:58.565549 140530045396736 logging_writer.py:48] [2000] global_step=2000, grad_norm=0.8161042928695679, loss=5.334662437438965
I0206 12:07:33.931786 140530037004032 logging_writer.py:48] [2100] global_step=2100, grad_norm=0.8748909831047058, loss=5.164454460144043
I0206 12:08:09.293333 140530045396736 logging_writer.py:48] [2200] global_step=2200, grad_norm=0.6426464915275574, loss=5.055200576782227
I0206 12:08:44.648874 140530037004032 logging_writer.py:48] [2300] global_step=2300, grad_norm=0.8082967400550842, loss=4.97743558883667
I0206 12:09:13.001867 140699726837568 spec.py:321] Evaluating on the training split.
I0206 12:09:16.027427 140699726837568 workload.py:181] Translating evaluation dataset.
I0206 12:13:32.491111 140699726837568 spec.py:333] Evaluating on the validation split.
I0206 12:13:35.224083 140699726837568 workload.py:181] Translating evaluation dataset.
I0206 12:17:45.306617 140699726837568 spec.py:349] Evaluating on the test split.
I0206 12:17:48.027487 140699726837568 workload.py:181] Translating evaluation dataset.
I0206 12:22:01.138643 140699726837568 submission_runner.py:408] Time since start: 2540.33s, 	Step: 2382, 	{'train/accuracy': 0.4112793505191803, 'train/loss': 4.001132965087891, 'train/bleu': 14.314785399828414, 'validation/accuracy': 0.39581653475761414, 'validation/loss': 4.1393537521362305, 'validation/bleu': 9.577254281286269, 'validation/num_examples': 3000, 'test/accuracy': 0.378374308347702, 'test/loss': 4.347209453582764, 'test/bleu': 7.77435242429996, 'test/num_examples': 3003, 'score': 877.1155626773834, 'total_duration': 2540.3347775936127, 'accumulated_submission_time': 877.1155626773834, 'accumulated_eval_time': 1663.1117770671844, 'accumulated_logging_time': 0.03058791160583496}
I0206 12:22:01.153711 140530045396736 logging_writer.py:48] [2382] accumulated_eval_time=1663.111777, accumulated_logging_time=0.030588, accumulated_submission_time=877.115563, global_step=2382, preemption_count=0, score=877.115563, test/accuracy=0.378374, test/bleu=7.774352, test/loss=4.347209, test/num_examples=3003, total_duration=2540.334778, train/accuracy=0.411279, train/bleu=14.314785, train/loss=4.001133, validation/accuracy=0.395817, validation/bleu=9.577254, validation/loss=4.139354, validation/num_examples=3000
I0206 12:22:07.847622 140530037004032 logging_writer.py:48] [2400] global_step=2400, grad_norm=0.7200735211372375, loss=4.913783073425293
I0206 12:22:43.060207 140530045396736 logging_writer.py:48] [2500] global_step=2500, grad_norm=0.66403728723526, loss=4.827714920043945
I0206 12:23:18.322755 140530037004032 logging_writer.py:48] [2600] global_step=2600, grad_norm=0.7373752593994141, loss=4.647209167480469
I0206 12:23:53.658659 140530045396736 logging_writer.py:48] [2700] global_step=2700, grad_norm=0.8753206729888916, loss=4.636376857757568
I0206 12:24:28.975308 140530037004032 logging_writer.py:48] [2800] global_step=2800, grad_norm=0.7944011688232422, loss=4.554044723510742
I0206 12:25:04.279547 140530045396736 logging_writer.py:48] [2900] global_step=2900, grad_norm=0.9081502556800842, loss=4.489220142364502
I0206 12:25:39.591436 140530037004032 logging_writer.py:48] [3000] global_step=3000, grad_norm=1.0712976455688477, loss=4.490762710571289
I0206 12:26:14.918211 140530045396736 logging_writer.py:48] [3100] global_step=3100, grad_norm=0.6287800073623657, loss=4.3538312911987305
I0206 12:26:50.206481 140530037004032 logging_writer.py:48] [3200] global_step=3200, grad_norm=0.9690577983856201, loss=4.298713207244873
I0206 12:27:25.501821 140530045396736 logging_writer.py:48] [3300] global_step=3300, grad_norm=0.9087149500846863, loss=4.282699108123779
I0206 12:28:00.847829 140530037004032 logging_writer.py:48] [3400] global_step=3400, grad_norm=0.6334270238876343, loss=4.245983600616455
I0206 12:28:36.196552 140530045396736 logging_writer.py:48] [3500] global_step=3500, grad_norm=0.6817268133163452, loss=4.170690536499023
I0206 12:29:11.504870 140530037004032 logging_writer.py:48] [3600] global_step=3600, grad_norm=0.6867973208427429, loss=4.155292987823486
I0206 12:29:46.816058 140530045396736 logging_writer.py:48] [3700] global_step=3700, grad_norm=0.6364837288856506, loss=4.054623603820801
I0206 12:30:22.132420 140530037004032 logging_writer.py:48] [3800] global_step=3800, grad_norm=0.7742856740951538, loss=4.106556415557861
I0206 12:30:57.441463 140530045396736 logging_writer.py:48] [3900] global_step=3900, grad_norm=0.8382261395454407, loss=4.055741310119629
I0206 12:31:32.764014 140530037004032 logging_writer.py:48] [4000] global_step=4000, grad_norm=0.6543673276901245, loss=4.04228401184082
I0206 12:32:08.080704 140530045396736 logging_writer.py:48] [4100] global_step=4100, grad_norm=0.6121101379394531, loss=3.9271352291107178
I0206 12:32:43.374734 140530037004032 logging_writer.py:48] [4200] global_step=4200, grad_norm=0.6067943572998047, loss=3.9423420429229736
I0206 12:33:18.682395 140530045396736 logging_writer.py:48] [4300] global_step=4300, grad_norm=0.539582371711731, loss=3.8672022819519043
I0206 12:33:53.986844 140530037004032 logging_writer.py:48] [4400] global_step=4400, grad_norm=0.6368459463119507, loss=3.8975820541381836
I0206 12:34:29.305234 140530045396736 logging_writer.py:48] [4500] global_step=4500, grad_norm=0.5915032029151917, loss=3.81266450881958
I0206 12:35:04.620673 140530037004032 logging_writer.py:48] [4600] global_step=4600, grad_norm=0.5651856660842896, loss=3.8520350456237793
I0206 12:35:39.954110 140530045396736 logging_writer.py:48] [4700] global_step=4700, grad_norm=0.5189154744148254, loss=3.682642698287964
I0206 12:36:01.194591 140699726837568 spec.py:321] Evaluating on the training split.
I0206 12:36:04.234406 140699726837568 workload.py:181] Translating evaluation dataset.
I0206 12:38:51.032699 140699726837568 spec.py:333] Evaluating on the validation split.
I0206 12:38:53.765448 140699726837568 workload.py:181] Translating evaluation dataset.
I0206 12:41:36.126034 140699726837568 spec.py:349] Evaluating on the test split.
I0206 12:41:38.880716 140699726837568 workload.py:181] Translating evaluation dataset.
I0206 12:44:08.345412 140699726837568 submission_runner.py:408] Time since start: 3867.54s, 	Step: 4762, 	{'train/accuracy': 0.5386283993721008, 'train/loss': 2.7876904010772705, 'train/bleu': 24.47574218709137, 'validation/accuracy': 0.5418035387992859, 'validation/loss': 2.7314565181732178, 'validation/bleu': 20.31710448845741, 'validation/num_examples': 3000, 'test/accuracy': 0.5421649217605591, 'test/loss': 2.766301155090332, 'test/bleu': 18.93392274615353, 'test/num_examples': 3003, 'score': 1717.0735466480255, 'total_duration': 3867.541526556015, 'accumulated_submission_time': 1717.0735466480255, 'accumulated_eval_time': 2150.2625029087067, 'accumulated_logging_time': 0.05559253692626953}
I0206 12:44:08.361840 140530037004032 logging_writer.py:48] [4762] accumulated_eval_time=2150.262503, accumulated_logging_time=0.055593, accumulated_submission_time=1717.073547, global_step=4762, preemption_count=0, score=1717.073547, test/accuracy=0.542165, test/bleu=18.933923, test/loss=2.766301, test/num_examples=3003, total_duration=3867.541527, train/accuracy=0.538628, train/bleu=24.475742, train/loss=2.787690, validation/accuracy=0.541804, validation/bleu=20.317104, validation/loss=2.731457, validation/num_examples=3000
I0206 12:44:22.093075 140530045396736 logging_writer.py:48] [4800] global_step=4800, grad_norm=0.6126542687416077, loss=3.7677507400512695
I0206 12:44:57.355191 140530037004032 logging_writer.py:48] [4900] global_step=4900, grad_norm=0.5005627274513245, loss=3.7654216289520264
I0206 12:45:32.665645 140530045396736 logging_writer.py:48] [5000] global_step=5000, grad_norm=0.6044248938560486, loss=3.7479686737060547
I0206 12:46:07.972147 140530037004032 logging_writer.py:48] [5100] global_step=5100, grad_norm=0.7157527804374695, loss=3.7529547214508057
I0206 12:46:43.286425 140530045396736 logging_writer.py:48] [5200] global_step=5200, grad_norm=0.5633400678634644, loss=3.7140796184539795
I0206 12:47:18.589151 140530037004032 logging_writer.py:48] [5300] global_step=5300, grad_norm=0.48610758781433105, loss=3.6535606384277344
I0206 12:47:53.891437 140530045396736 logging_writer.py:48] [5400] global_step=5400, grad_norm=0.5785999894142151, loss=3.659987449645996
I0206 12:48:29.187544 140530037004032 logging_writer.py:48] [5500] global_step=5500, grad_norm=0.47269484400749207, loss=3.578615427017212
I0206 12:49:04.470964 140530045396736 logging_writer.py:48] [5600] global_step=5600, grad_norm=0.562244713306427, loss=3.6600775718688965
I0206 12:49:39.748782 140530037004032 logging_writer.py:48] [5700] global_step=5700, grad_norm=0.48843854665756226, loss=3.6111605167388916
I0206 12:50:15.035996 140530045396736 logging_writer.py:48] [5800] global_step=5800, grad_norm=0.4943360984325409, loss=3.6684603691101074
I0206 12:50:50.328373 140530037004032 logging_writer.py:48] [5900] global_step=5900, grad_norm=0.4754076898097992, loss=3.6294422149658203
I0206 12:51:25.653973 140530045396736 logging_writer.py:48] [6000] global_step=6000, grad_norm=0.48069217801094055, loss=3.5548324584960938
I0206 12:52:00.982947 140530037004032 logging_writer.py:48] [6100] global_step=6100, grad_norm=0.4794752895832062, loss=3.566842555999756
I0206 12:52:36.305359 140530045396736 logging_writer.py:48] [6200] global_step=6200, grad_norm=0.5369073748588562, loss=3.609464168548584
I0206 12:53:11.602922 140530037004032 logging_writer.py:48] [6300] global_step=6300, grad_norm=0.476475328207016, loss=3.5750646591186523
I0206 12:53:46.896543 140530045396736 logging_writer.py:48] [6400] global_step=6400, grad_norm=0.456153005361557, loss=3.5971381664276123
I0206 12:54:22.196181 140530037004032 logging_writer.py:48] [6500] global_step=6500, grad_norm=0.48070892691612244, loss=3.5512733459472656
I0206 12:54:57.469333 140530045396736 logging_writer.py:48] [6600] global_step=6600, grad_norm=0.42656776309013367, loss=3.455396890640259
I0206 12:55:32.753310 140530037004032 logging_writer.py:48] [6700] global_step=6700, grad_norm=0.44946497678756714, loss=3.4567136764526367
I0206 12:56:08.042018 140530045396736 logging_writer.py:48] [6800] global_step=6800, grad_norm=0.4927053153514862, loss=3.5364625453948975
I0206 12:56:43.364467 140530037004032 logging_writer.py:48] [6900] global_step=6900, grad_norm=0.5001598000526428, loss=3.460155487060547
I0206 12:57:18.793233 140530045396736 logging_writer.py:48] [7000] global_step=7000, grad_norm=0.41544628143310547, loss=3.5212478637695312
I0206 12:57:54.125383 140530037004032 logging_writer.py:48] [7100] global_step=7100, grad_norm=0.40347525477409363, loss=3.553232192993164
I0206 12:58:08.662417 140699726837568 spec.py:321] Evaluating on the training split.
I0206 12:58:11.698286 140699726837568 workload.py:181] Translating evaluation dataset.
I0206 13:00:52.059178 140699726837568 spec.py:333] Evaluating on the validation split.
I0206 13:00:54.802973 140699726837568 workload.py:181] Translating evaluation dataset.
I0206 13:03:31.981353 140699726837568 spec.py:349] Evaluating on the test split.
I0206 13:03:34.725111 140699726837568 workload.py:181] Translating evaluation dataset.
I0206 13:06:01.793396 140699726837568 submission_runner.py:408] Time since start: 5180.99s, 	Step: 7143, 	{'train/accuracy': 0.5830803513526917, 'train/loss': 2.3459420204162598, 'train/bleu': 27.624996169924223, 'validation/accuracy': 0.5854235887527466, 'validation/loss': 2.320286512374878, 'validation/bleu': 23.295886495274086, 'validation/num_examples': 3000, 'test/accuracy': 0.588565468788147, 'test/loss': 2.322375535964966, 'test/bleu': 21.92302229850635, 'test/num_examples': 3003, 'score': 2557.290193080902, 'total_duration': 5180.989482164383, 'accumulated_submission_time': 2557.290193080902, 'accumulated_eval_time': 2623.3933651447296, 'accumulated_logging_time': 0.08187294006347656}
I0206 13:06:01.822655 140530045396736 logging_writer.py:48] [7143] accumulated_eval_time=2623.393365, accumulated_logging_time=0.081873, accumulated_submission_time=2557.290193, global_step=7143, preemption_count=0, score=2557.290193, test/accuracy=0.588565, test/bleu=21.923022, test/loss=2.322376, test/num_examples=3003, total_duration=5180.989482, train/accuracy=0.583080, train/bleu=27.624996, train/loss=2.345942, validation/accuracy=0.585424, validation/bleu=23.295886, validation/loss=2.320287, validation/num_examples=3000
I0206 13:06:22.227433 140530037004032 logging_writer.py:48] [7200] global_step=7200, grad_norm=0.3904182016849518, loss=3.4755373001098633
I0206 13:06:57.455456 140530045396736 logging_writer.py:48] [7300] global_step=7300, grad_norm=0.3966487944126129, loss=3.41941499710083
I0206 13:07:32.733786 140530037004032 logging_writer.py:48] [7400] global_step=7400, grad_norm=0.46487587690353394, loss=3.4643020629882812
I0206 13:08:08.017364 140530045396736 logging_writer.py:48] [7500] global_step=7500, grad_norm=0.4032898545265198, loss=3.4444713592529297
I0206 13:08:43.266967 140530037004032 logging_writer.py:48] [7600] global_step=7600, grad_norm=0.4016972482204437, loss=3.5080060958862305
I0206 13:09:18.537145 140530045396736 logging_writer.py:48] [7700] global_step=7700, grad_norm=0.48781827092170715, loss=3.3937792778015137
I0206 13:09:53.781986 140530037004032 logging_writer.py:48] [7800] global_step=7800, grad_norm=0.4109492897987366, loss=3.3183865547180176
I0206 13:10:29.058224 140530045396736 logging_writer.py:48] [7900] global_step=7900, grad_norm=0.37303248047828674, loss=3.4546713829040527
I0206 13:11:04.393720 140530037004032 logging_writer.py:48] [8000] global_step=8000, grad_norm=0.39241859316825867, loss=3.393397092819214
I0206 13:11:39.697706 140530045396736 logging_writer.py:48] [8100] global_step=8100, grad_norm=0.3264436721801758, loss=3.3318376541137695
I0206 13:12:14.984620 140530037004032 logging_writer.py:48] [8200] global_step=8200, grad_norm=0.4311843812465668, loss=3.320119619369507
I0206 13:12:50.247748 140530045396736 logging_writer.py:48] [8300] global_step=8300, grad_norm=0.4109684228897095, loss=3.457531452178955
I0206 13:13:25.557265 140530037004032 logging_writer.py:48] [8400] global_step=8400, grad_norm=0.3665447235107422, loss=3.393843173980713
I0206 13:14:00.813458 140530045396736 logging_writer.py:48] [8500] global_step=8500, grad_norm=0.3580620586872101, loss=3.352966070175171
I0206 13:14:36.078942 140530037004032 logging_writer.py:48] [8600] global_step=8600, grad_norm=0.5137873888015747, loss=3.4066696166992188
I0206 13:15:11.345957 140530045396736 logging_writer.py:48] [8700] global_step=8700, grad_norm=0.3479882478713989, loss=3.3530335426330566
I0206 13:15:46.619771 140530037004032 logging_writer.py:48] [8800] global_step=8800, grad_norm=0.36293908953666687, loss=3.3226799964904785
I0206 13:16:21.879716 140530045396736 logging_writer.py:48] [8900] global_step=8900, grad_norm=0.36497050523757935, loss=3.3465511798858643
I0206 13:16:57.147572 140530037004032 logging_writer.py:48] [9000] global_step=9000, grad_norm=0.3630129396915436, loss=3.399303913116455
I0206 13:17:32.410300 140530045396736 logging_writer.py:48] [9100] global_step=9100, grad_norm=0.34425410628318787, loss=3.3565049171447754
I0206 13:18:07.651533 140530037004032 logging_writer.py:48] [9200] global_step=9200, grad_norm=0.362349271774292, loss=3.349674940109253
I0206 13:18:42.899122 140530045396736 logging_writer.py:48] [9300] global_step=9300, grad_norm=0.3140905499458313, loss=3.2829973697662354
I0206 13:19:18.215010 140530037004032 logging_writer.py:48] [9400] global_step=9400, grad_norm=0.289376437664032, loss=3.3253777027130127
I0206 13:19:53.488985 140530045396736 logging_writer.py:48] [9500] global_step=9500, grad_norm=0.3116551339626312, loss=3.296175956726074
I0206 13:20:02.031112 140699726837568 spec.py:321] Evaluating on the training split.
I0206 13:20:05.060881 140699726837568 workload.py:181] Translating evaluation dataset.
I0206 13:22:48.892601 140699726837568 spec.py:333] Evaluating on the validation split.
I0206 13:22:51.614272 140699726837568 workload.py:181] Translating evaluation dataset.
I0206 13:25:22.897216 140699726837568 spec.py:349] Evaluating on the test split.
I0206 13:25:25.631934 140699726837568 workload.py:181] Translating evaluation dataset.
I0206 13:27:51.976970 140699726837568 submission_runner.py:408] Time since start: 6491.17s, 	Step: 9526, 	{'train/accuracy': 0.5969531536102295, 'train/loss': 2.222651481628418, 'train/bleu': 28.03945898046316, 'validation/accuracy': 0.6077544093132019, 'validation/loss': 2.134187936782837, 'validation/bleu': 24.906629328826106, 'validation/num_examples': 3000, 'test/accuracy': 0.6118645071983337, 'test/loss': 2.1073811054229736, 'test/bleu': 23.48735964868124, 'test/num_examples': 3003, 'score': 3397.4100873470306, 'total_duration': 6491.173132181168, 'accumulated_submission_time': 3397.4100873470306, 'accumulated_eval_time': 3093.3391761779785, 'accumulated_logging_time': 0.12326359748840332}
I0206 13:27:51.995899 140530037004032 logging_writer.py:48] [9526] accumulated_eval_time=3093.339176, accumulated_logging_time=0.123264, accumulated_submission_time=3397.410087, global_step=9526, preemption_count=0, score=3397.410087, test/accuracy=0.611865, test/bleu=23.487360, test/loss=2.107381, test/num_examples=3003, total_duration=6491.173132, train/accuracy=0.596953, train/bleu=28.039459, train/loss=2.222651, validation/accuracy=0.607754, validation/bleu=24.906629, validation/loss=2.134188, validation/num_examples=3000
I0206 13:28:18.382766 140530045396736 logging_writer.py:48] [9600] global_step=9600, grad_norm=0.3201828896999359, loss=3.2531349658966064
I0206 13:28:53.579058 140530037004032 logging_writer.py:48] [9700] global_step=9700, grad_norm=0.3157981038093567, loss=3.2381081581115723
I0206 13:29:28.810452 140530045396736 logging_writer.py:48] [9800] global_step=9800, grad_norm=0.30727991461753845, loss=3.2692129611968994
I0206 13:30:04.039714 140530037004032 logging_writer.py:48] [9900] global_step=9900, grad_norm=0.2848215699195862, loss=3.3776731491088867
I0206 13:30:39.308319 140530045396736 logging_writer.py:48] [10000] global_step=10000, grad_norm=0.31163889169692993, loss=3.3014276027679443
I0206 13:31:14.569053 140530037004032 logging_writer.py:48] [10100] global_step=10100, grad_norm=0.27995046973228455, loss=3.2609128952026367
I0206 13:31:49.884118 140530045396736 logging_writer.py:48] [10200] global_step=10200, grad_norm=0.27917876839637756, loss=3.2536544799804688
I0206 13:32:25.196779 140530037004032 logging_writer.py:48] [10300] global_step=10300, grad_norm=0.27647560834884644, loss=3.2700035572052
I0206 13:33:00.528378 140530045396736 logging_writer.py:48] [10400] global_step=10400, grad_norm=0.32421669363975525, loss=3.25555157661438
I0206 13:33:35.780534 140530037004032 logging_writer.py:48] [10500] global_step=10500, grad_norm=0.2838292419910431, loss=3.213202714920044
I0206 13:34:11.013697 140530045396736 logging_writer.py:48] [10600] global_step=10600, grad_norm=0.28647008538246155, loss=3.3121278285980225
I0206 13:34:46.242236 140530037004032 logging_writer.py:48] [10700] global_step=10700, grad_norm=0.29090872406959534, loss=3.2527546882629395
I0206 13:35:21.481903 140530045396736 logging_writer.py:48] [10800] global_step=10800, grad_norm=0.2691494822502136, loss=3.213343620300293
I0206 13:35:56.737982 140530037004032 logging_writer.py:48] [10900] global_step=10900, grad_norm=0.36416932940483093, loss=3.3426260948181152
I0206 13:36:31.996746 140530045396736 logging_writer.py:48] [11000] global_step=11000, grad_norm=0.27612024545669556, loss=3.3044369220733643
I0206 13:37:07.281323 140530037004032 logging_writer.py:48] [11100] global_step=11100, grad_norm=0.2965450584888458, loss=3.2576560974121094
I0206 13:37:42.529749 140530045396736 logging_writer.py:48] [11200] global_step=11200, grad_norm=0.29500940442085266, loss=3.168048143386841
I0206 13:38:17.792399 140530037004032 logging_writer.py:48] [11300] global_step=11300, grad_norm=0.2769753336906433, loss=3.3143105506896973
I0206 13:38:53.032301 140530045396736 logging_writer.py:48] [11400] global_step=11400, grad_norm=0.26173195242881775, loss=3.169797658920288
I0206 13:39:28.292892 140530037004032 logging_writer.py:48] [11500] global_step=11500, grad_norm=0.2632492482662201, loss=3.325124740600586
I0206 13:40:03.553373 140530045396736 logging_writer.py:48] [11600] global_step=11600, grad_norm=0.24885252118110657, loss=3.2233896255493164
I0206 13:40:38.865593 140530037004032 logging_writer.py:48] [11700] global_step=11700, grad_norm=0.2436894029378891, loss=3.1846415996551514
I0206 13:41:14.174489 140530045396736 logging_writer.py:48] [11800] global_step=11800, grad_norm=0.24030661582946777, loss=3.237229108810425
I0206 13:41:49.570800 140530037004032 logging_writer.py:48] [11900] global_step=11900, grad_norm=0.26261571049690247, loss=3.229592800140381
I0206 13:41:52.113430 140699726837568 spec.py:321] Evaluating on the training split.
I0206 13:41:55.162989 140699726837568 workload.py:181] Translating evaluation dataset.
I0206 13:44:28.703963 140699726837568 spec.py:333] Evaluating on the validation split.
I0206 13:44:31.457452 140699726837568 workload.py:181] Translating evaluation dataset.
I0206 13:46:58.844134 140699726837568 spec.py:349] Evaluating on the test split.
I0206 13:47:01.615153 140699726837568 workload.py:181] Translating evaluation dataset.
I0206 13:49:17.516030 140699726837568 submission_runner.py:408] Time since start: 7776.71s, 	Step: 11909, 	{'train/accuracy': 0.6016323566436768, 'train/loss': 2.1511049270629883, 'train/bleu': 28.773179468343937, 'validation/accuracy': 0.621133029460907, 'validation/loss': 2.0083134174346924, 'validation/bleu': 25.848073621681074, 'validation/num_examples': 3000, 'test/accuracy': 0.6260995864868164, 'test/loss': 1.976151943206787, 'test/bleu': 24.403812250497207, 'test/num_examples': 3003, 'score': 4237.438687324524, 'total_duration': 7776.712178230286, 'accumulated_submission_time': 4237.438687324524, 'accumulated_eval_time': 3538.7417256832123, 'accumulated_logging_time': 0.15330171585083008}
I0206 13:49:17.532481 140530045396736 logging_writer.py:48] [11909] accumulated_eval_time=3538.741726, accumulated_logging_time=0.153302, accumulated_submission_time=4237.438687, global_step=11909, preemption_count=0, score=4237.438687, test/accuracy=0.626100, test/bleu=24.403812, test/loss=1.976152, test/num_examples=3003, total_duration=7776.712178, train/accuracy=0.601632, train/bleu=28.773179, train/loss=2.151105, validation/accuracy=0.621133, validation/bleu=25.848074, validation/loss=2.008313, validation/num_examples=3000
I0206 13:49:49.907256 140530037004032 logging_writer.py:48] [12000] global_step=12000, grad_norm=0.29474568367004395, loss=3.347916841506958
I0206 13:50:25.096155 140530045396736 logging_writer.py:48] [12100] global_step=12100, grad_norm=0.28152039647102356, loss=3.1662917137145996
I0206 13:51:00.303117 140530037004032 logging_writer.py:48] [12200] global_step=12200, grad_norm=0.2526077330112457, loss=3.131561756134033
I0206 13:51:35.545882 140530045396736 logging_writer.py:48] [12300] global_step=12300, grad_norm=0.22466982901096344, loss=3.2245185375213623
I0206 13:52:10.798790 140530037004032 logging_writer.py:48] [12400] global_step=12400, grad_norm=0.23433098196983337, loss=3.217784881591797
I0206 13:52:46.056496 140530045396736 logging_writer.py:48] [12500] global_step=12500, grad_norm=0.2645937204360962, loss=3.156466007232666
I0206 13:53:21.319333 140530037004032 logging_writer.py:48] [12600] global_step=12600, grad_norm=0.2586957514286041, loss=3.1878583431243896
I0206 13:53:56.535058 140530045396736 logging_writer.py:48] [12700] global_step=12700, grad_norm=0.23580370843410492, loss=3.230319023132324
I0206 13:54:31.776570 140530037004032 logging_writer.py:48] [12800] global_step=12800, grad_norm=0.23004725575447083, loss=3.2306761741638184
I0206 13:55:07.089091 140530045396736 logging_writer.py:48] [12900] global_step=12900, grad_norm=0.21852973103523254, loss=3.193085193634033
I0206 13:55:42.291539 140530037004032 logging_writer.py:48] [13000] global_step=13000, grad_norm=0.2305431067943573, loss=3.192587375640869
I0206 13:56:17.578515 140530045396736 logging_writer.py:48] [13100] global_step=13100, grad_norm=0.2622794508934021, loss=3.192821741104126
I0206 13:56:52.839703 140530037004032 logging_writer.py:48] [13200] global_step=13200, grad_norm=0.27685847878456116, loss=3.206820011138916
I0206 13:57:28.057276 140530045396736 logging_writer.py:48] [13300] global_step=13300, grad_norm=0.2544097304344177, loss=3.210832118988037
I0206 13:58:03.312211 140530037004032 logging_writer.py:48] [13400] global_step=13400, grad_norm=0.28527599573135376, loss=3.189746379852295
I0206 13:58:38.557344 140530045396736 logging_writer.py:48] [13500] global_step=13500, grad_norm=0.2369382530450821, loss=3.18603253364563
I0206 13:59:13.871184 140530037004032 logging_writer.py:48] [13600] global_step=13600, grad_norm=0.2709355354309082, loss=3.1309425830841064
I0206 13:59:49.157509 140530045396736 logging_writer.py:48] [13700] global_step=13700, grad_norm=0.29563868045806885, loss=3.236905813217163
I0206 14:00:24.414808 140530037004032 logging_writer.py:48] [13800] global_step=13800, grad_norm=0.25903818011283875, loss=3.2215328216552734
I0206 14:00:59.664072 140530045396736 logging_writer.py:48] [13900] global_step=13900, grad_norm=0.25759226083755493, loss=3.1282291412353516
I0206 14:01:34.890472 140530037004032 logging_writer.py:48] [14000] global_step=14000, grad_norm=0.3129357099533081, loss=3.1826305389404297
I0206 14:02:10.097877 140530045396736 logging_writer.py:48] [14100] global_step=14100, grad_norm=0.23682840168476105, loss=3.1476502418518066
I0206 14:02:45.325751 140530037004032 logging_writer.py:48] [14200] global_step=14200, grad_norm=0.28324300050735474, loss=3.1184699535369873
I0206 14:03:17.815243 140699726837568 spec.py:321] Evaluating on the training split.
I0206 14:03:20.835221 140699726837568 workload.py:181] Translating evaluation dataset.
I0206 14:06:11.621873 140699726837568 spec.py:333] Evaluating on the validation split.
I0206 14:06:14.354077 140699726837568 workload.py:181] Translating evaluation dataset.
I0206 14:08:44.963069 140699726837568 spec.py:349] Evaluating on the test split.
I0206 14:08:47.698693 140699726837568 workload.py:181] Translating evaluation dataset.
I0206 14:11:18.355769 140699726837568 submission_runner.py:408] Time since start: 9097.55s, 	Step: 14294, 	{'train/accuracy': 0.6140919923782349, 'train/loss': 2.048624277114868, 'train/bleu': 29.75643167533389, 'validation/accuracy': 0.6318830251693726, 'validation/loss': 1.9232735633850098, 'validation/bleu': 26.592895269365595, 'validation/num_examples': 3000, 'test/accuracy': 0.6379757523536682, 'test/loss': 1.8753560781478882, 'test/bleu': 25.565374635606645, 'test/num_examples': 3003, 'score': 5077.634784460068, 'total_duration': 9097.55193066597, 'accumulated_submission_time': 5077.634784460068, 'accumulated_eval_time': 4019.282205581665, 'accumulated_logging_time': 0.18139338493347168}
I0206 14:11:18.372227 140530045396736 logging_writer.py:48] [14294] accumulated_eval_time=4019.282206, accumulated_logging_time=0.181393, accumulated_submission_time=5077.634784, global_step=14294, preemption_count=0, score=5077.634784, test/accuracy=0.637976, test/bleu=25.565375, test/loss=1.875356, test/num_examples=3003, total_duration=9097.551931, train/accuracy=0.614092, train/bleu=29.756432, train/loss=2.048624, validation/accuracy=0.631883, validation/bleu=26.592895, validation/loss=1.923274, validation/num_examples=3000
I0206 14:11:20.845549 140530037004032 logging_writer.py:48] [14300] global_step=14300, grad_norm=0.2322092056274414, loss=3.1899964809417725
I0206 14:11:55.998662 140530045396736 logging_writer.py:48] [14400] global_step=14400, grad_norm=0.2708751857280731, loss=3.107969045639038
I0206 14:12:31.186812 140530037004032 logging_writer.py:48] [14500] global_step=14500, grad_norm=0.25997254252433777, loss=3.089475631713867
I0206 14:13:06.463020 140530045396736 logging_writer.py:48] [14600] global_step=14600, grad_norm=0.2817271947860718, loss=3.167635440826416
I0206 14:13:41.691284 140530037004032 logging_writer.py:48] [14700] global_step=14700, grad_norm=0.30205902457237244, loss=3.159785747528076
I0206 14:14:16.947469 140530045396736 logging_writer.py:48] [14800] global_step=14800, grad_norm=0.28035664558410645, loss=3.118185520172119
I0206 14:14:52.198899 140530037004032 logging_writer.py:48] [14900] global_step=14900, grad_norm=0.26448431611061096, loss=3.220829963684082
I0206 14:15:27.425259 140530045396736 logging_writer.py:48] [15000] global_step=15000, grad_norm=0.26727041602134705, loss=3.138925790786743
I0206 14:16:02.692209 140530037004032 logging_writer.py:48] [15100] global_step=15100, grad_norm=0.25909194350242615, loss=3.1525723934173584
I0206 14:16:37.956221 140530045396736 logging_writer.py:48] [15200] global_step=15200, grad_norm=0.23611843585968018, loss=3.0794007778167725
I0206 14:17:13.232454 140530037004032 logging_writer.py:48] [15300] global_step=15300, grad_norm=0.2542767822742462, loss=3.1745333671569824
I0206 14:17:48.515396 140530045396736 logging_writer.py:48] [15400] global_step=15400, grad_norm=0.2684261202812195, loss=3.1804118156433105
I0206 14:18:23.739663 140530037004032 logging_writer.py:48] [15500] global_step=15500, grad_norm=0.26136425137519836, loss=3.1345036029815674
I0206 14:18:58.976603 140530045396736 logging_writer.py:48] [15600] global_step=15600, grad_norm=0.24567528069019318, loss=3.1148929595947266
I0206 14:19:34.228218 140530037004032 logging_writer.py:48] [15700] global_step=15700, grad_norm=0.2788020670413971, loss=3.1450202465057373
I0206 14:20:09.487422 140530045396736 logging_writer.py:48] [15800] global_step=15800, grad_norm=0.330074667930603, loss=3.0748205184936523
I0206 14:20:44.769948 140530037004032 logging_writer.py:48] [15900] global_step=15900, grad_norm=0.25828272104263306, loss=3.0722036361694336
I0206 14:21:20.009530 140530045396736 logging_writer.py:48] [16000] global_step=16000, grad_norm=0.25774112343788147, loss=3.107179641723633
I0206 14:21:55.259750 140530037004032 logging_writer.py:48] [16100] global_step=16100, grad_norm=0.30202704668045044, loss=3.0791120529174805
I0206 14:22:30.503249 140530045396736 logging_writer.py:48] [16200] global_step=16200, grad_norm=0.28144192695617676, loss=3.110780954360962
I0206 14:23:05.769692 140530037004032 logging_writer.py:48] [16300] global_step=16300, grad_norm=0.2656702697277069, loss=3.073157787322998
I0206 14:23:41.031647 140530045396736 logging_writer.py:48] [16400] global_step=16400, grad_norm=0.33252570033073425, loss=3.0902485847473145
I0206 14:24:16.253417 140530037004032 logging_writer.py:48] [16500] global_step=16500, grad_norm=0.2826189398765564, loss=3.1422204971313477
I0206 14:24:51.490140 140530045396736 logging_writer.py:48] [16600] global_step=16600, grad_norm=0.274467408657074, loss=3.0981192588806152
I0206 14:25:18.690288 140699726837568 spec.py:321] Evaluating on the training split.
I0206 14:25:21.715389 140699726837568 workload.py:181] Translating evaluation dataset.
I0206 14:28:01.876616 140699726837568 spec.py:333] Evaluating on the validation split.
I0206 14:28:04.618355 140699726837568 workload.py:181] Translating evaluation dataset.
I0206 14:30:31.421341 140699726837568 spec.py:349] Evaluating on the test split.
I0206 14:30:34.149981 140699726837568 workload.py:181] Translating evaluation dataset.
I0206 14:32:58.070689 140699726837568 submission_runner.py:408] Time since start: 10397.27s, 	Step: 16679, 	{'train/accuracy': 0.6197834014892578, 'train/loss': 2.003021001815796, 'train/bleu': 29.712456080288373, 'validation/accuracy': 0.6387149691581726, 'validation/loss': 1.8588805198669434, 'validation/bleu': 26.800316120447345, 'validation/num_examples': 3000, 'test/accuracy': 0.6479925513267517, 'test/loss': 1.8052959442138672, 'test/bleu': 25.933641625620712, 'test/num_examples': 3003, 'score': 5917.868166685104, 'total_duration': 10397.26683807373, 'accumulated_submission_time': 5917.868166685104, 'accumulated_eval_time': 4478.662546873093, 'accumulated_logging_time': 0.20989251136779785}
I0206 14:32:58.087199 140530037004032 logging_writer.py:48] [16679] accumulated_eval_time=4478.662547, accumulated_logging_time=0.209893, accumulated_submission_time=5917.868167, global_step=16679, preemption_count=0, score=5917.868167, test/accuracy=0.647993, test/bleu=25.933642, test/loss=1.805296, test/num_examples=3003, total_duration=10397.266838, train/accuracy=0.619783, train/bleu=29.712456, train/loss=2.003021, validation/accuracy=0.638715, validation/bleu=26.800316, validation/loss=1.858881, validation/num_examples=3000
I0206 14:33:05.830074 140530045396736 logging_writer.py:48] [16700] global_step=16700, grad_norm=0.2888931632041931, loss=3.050753116607666
I0206 14:33:40.986589 140530037004032 logging_writer.py:48] [16800] global_step=16800, grad_norm=0.2749777138233185, loss=3.1069746017456055
I0206 14:34:16.204277 140530045396736 logging_writer.py:48] [16900] global_step=16900, grad_norm=0.3153204023838043, loss=3.086127519607544
I0206 14:34:51.446563 140530037004032 logging_writer.py:48] [17000] global_step=17000, grad_norm=0.26215890049934387, loss=3.0846478939056396
I0206 14:35:26.667572 140530045396736 logging_writer.py:48] [17100] global_step=17100, grad_norm=0.2608760893344879, loss=3.0877835750579834
I0206 14:36:01.881357 140530037004032 logging_writer.py:48] [17200] global_step=17200, grad_norm=0.38158664107322693, loss=3.1546082496643066
I0206 14:36:37.107358 140530045396736 logging_writer.py:48] [17300] global_step=17300, grad_norm=0.28574877977371216, loss=3.0708751678466797
I0206 14:37:12.353332 140530037004032 logging_writer.py:48] [17400] global_step=17400, grad_norm=0.2934042513370514, loss=3.061901330947876
I0206 14:37:47.613954 140530045396736 logging_writer.py:48] [17500] global_step=17500, grad_norm=0.362882137298584, loss=3.173222064971924
I0206 14:38:22.871002 140530037004032 logging_writer.py:48] [17600] global_step=17600, grad_norm=0.33567115664482117, loss=3.085005760192871
I0206 14:38:58.103306 140530045396736 logging_writer.py:48] [17700] global_step=17700, grad_norm=0.2683674395084381, loss=3.0868396759033203
I0206 14:39:33.346387 140530037004032 logging_writer.py:48] [17800] global_step=17800, grad_norm=0.30853071808815, loss=3.0854246616363525
I0206 14:40:08.607677 140530045396736 logging_writer.py:48] [17900] global_step=17900, grad_norm=0.30090010166168213, loss=3.057750701904297
I0206 14:40:43.849487 140530037004032 logging_writer.py:48] [18000] global_step=18000, grad_norm=0.2755746841430664, loss=2.9637722969055176
I0206 14:41:19.107635 140530045396736 logging_writer.py:48] [18100] global_step=18100, grad_norm=0.3064644932746887, loss=3.088937282562256
I0206 14:41:54.356826 140530037004032 logging_writer.py:48] [18200] global_step=18200, grad_norm=0.280497282743454, loss=3.1207468509674072
I0206 14:42:29.592377 140530045396736 logging_writer.py:48] [18300] global_step=18300, grad_norm=0.3560371994972229, loss=3.036036252975464
I0206 14:43:04.820003 140530037004032 logging_writer.py:48] [18400] global_step=18400, grad_norm=0.34708738327026367, loss=3.08880615234375
I0206 14:43:40.109302 140530045396736 logging_writer.py:48] [18500] global_step=18500, grad_norm=0.28910118341445923, loss=3.057945728302002
I0206 14:44:15.370461 140530037004032 logging_writer.py:48] [18600] global_step=18600, grad_norm=0.2798194885253906, loss=3.048734664916992
I0206 14:44:50.591104 140530045396736 logging_writer.py:48] [18700] global_step=18700, grad_norm=0.3917860686779022, loss=3.049938678741455
I0206 14:45:25.929883 140530037004032 logging_writer.py:48] [18800] global_step=18800, grad_norm=0.31411412358283997, loss=3.102541208267212
I0206 14:46:01.145865 140530045396736 logging_writer.py:48] [18900] global_step=18900, grad_norm=0.2981763780117035, loss=3.0545883178710938
I0206 14:46:36.381272 140530037004032 logging_writer.py:48] [19000] global_step=19000, grad_norm=0.3119215667247772, loss=3.046959161758423
I0206 14:46:58.284808 140699726837568 spec.py:321] Evaluating on the training split.
I0206 14:47:01.318650 140699726837568 workload.py:181] Translating evaluation dataset.
I0206 14:51:34.202649 140699726837568 spec.py:333] Evaluating on the validation split.
I0206 14:51:36.928533 140699726837568 workload.py:181] Translating evaluation dataset.
I0206 14:55:50.105345 140699726837568 spec.py:349] Evaluating on the test split.
I0206 14:55:52.832513 140699726837568 workload.py:181] Translating evaluation dataset.
I0206 15:00:03.359036 140699726837568 submission_runner.py:408] Time since start: 12022.56s, 	Step: 19064, 	{'train/accuracy': 0.6391572952270508, 'train/loss': 1.8542532920837402, 'train/bleu': 31.17832988950659, 'validation/accuracy': 0.6441581845283508, 'validation/loss': 1.8158868551254272, 'validation/bleu': 27.1275590231522, 'validation/num_examples': 3000, 'test/accuracy': 0.652710497379303, 'test/loss': 1.761230707168579, 'test/bleu': 26.45541676211269, 'test/num_examples': 3003, 'score': 6757.979300022125, 'total_duration': 12022.555188179016, 'accumulated_submission_time': 6757.979300022125, 'accumulated_eval_time': 5263.736715555191, 'accumulated_logging_time': 0.23669672012329102}
I0206 15:00:03.376268 140530045396736 logging_writer.py:48] [19064] accumulated_eval_time=5263.736716, accumulated_logging_time=0.236697, accumulated_submission_time=6757.979300, global_step=19064, preemption_count=0, score=6757.979300, test/accuracy=0.652710, test/bleu=26.455417, test/loss=1.761231, test/num_examples=3003, total_duration=12022.555188, train/accuracy=0.639157, train/bleu=31.178330, train/loss=1.854253, validation/accuracy=0.644158, validation/bleu=27.127559, validation/loss=1.815887, validation/num_examples=3000
I0206 15:00:16.351314 140530037004032 logging_writer.py:48] [19100] global_step=19100, grad_norm=0.35315337777137756, loss=3.1066455841064453
I0206 15:00:51.467775 140530045396736 logging_writer.py:48] [19200] global_step=19200, grad_norm=0.3057476282119751, loss=3.0781056880950928
I0206 15:01:26.624455 140530037004032 logging_writer.py:48] [19300] global_step=19300, grad_norm=0.31463974714279175, loss=3.0373053550720215
I0206 15:02:01.823618 140530045396736 logging_writer.py:48] [19400] global_step=19400, grad_norm=0.3130340278148651, loss=3.111006498336792
I0206 15:02:37.050180 140530037004032 logging_writer.py:48] [19500] global_step=19500, grad_norm=0.30843716859817505, loss=3.0227749347686768
I0206 15:03:12.265359 140530045396736 logging_writer.py:48] [19600] global_step=19600, grad_norm=0.3308359384536743, loss=3.0976758003234863
I0206 15:03:47.488305 140530037004032 logging_writer.py:48] [19700] global_step=19700, grad_norm=0.3440912365913391, loss=3.0934953689575195
I0206 15:04:22.737688 140530045396736 logging_writer.py:48] [19800] global_step=19800, grad_norm=0.3333207368850708, loss=3.088021993637085
I0206 15:04:57.948356 140530037004032 logging_writer.py:48] [19900] global_step=19900, grad_norm=0.3366925120353699, loss=3.016575813293457
I0206 15:05:33.195191 140530045396736 logging_writer.py:48] [20000] global_step=20000, grad_norm=0.3148375451564789, loss=3.0588014125823975
I0206 15:06:08.432435 140530037004032 logging_writer.py:48] [20100] global_step=20100, grad_norm=0.3024396300315857, loss=3.113312005996704
I0206 15:06:43.720667 140530045396736 logging_writer.py:48] [20200] global_step=20200, grad_norm=0.3101504147052765, loss=2.976959466934204
I0206 15:07:18.998810 140530037004032 logging_writer.py:48] [20300] global_step=20300, grad_norm=0.4300287067890167, loss=2.982455015182495
I0206 15:07:54.245491 140530045396736 logging_writer.py:48] [20400] global_step=20400, grad_norm=0.33212852478027344, loss=3.0876107215881348
I0206 15:08:29.458540 140530037004032 logging_writer.py:48] [20500] global_step=20500, grad_norm=0.3801664412021637, loss=3.0269789695739746
I0206 15:09:04.690439 140530045396736 logging_writer.py:48] [20600] global_step=20600, grad_norm=0.3313574492931366, loss=2.938300371170044
I0206 15:09:39.905185 140530037004032 logging_writer.py:48] [20700] global_step=20700, grad_norm=0.33878108859062195, loss=3.074281930923462
