python3 submission_runner.py --framework=jax --workload=imagenet_vit --submission_path=prize_qualification_baselines/self_tuning/jax_nadamw_full_budget.py --data_dir=/data/imagenet/jax --num_tuning_trials=1 --experiment_dir=/experiment_runs --experiment_name=prize_qualification_self_tuning/study_0 --overwrite=true --save_checkpoints=false --rng_seed=1815066111 --max_global_steps=559998 --imagenet_v2_data_dir=/data/imagenet/jax --tuning_ruleset=self 2>&1 | tee -a /logs/imagenet_vit_jax_03-02-2024-11-32-59.log
/usr/local/lib/python3.8/dist-packages/tensorflow_addons/utils/tfa_eol_msg.py:23: UserWarning: 

TensorFlow Addons (TFA) has ended development and introduction of new features.
TFA has entered a minimal maintenance and release mode until a planned end of life in May 2024.
Please modify downstream libraries to take dependencies from other repositories in our TensorFlow community (e.g. Keras, Keras-CV, and Keras-NLP). 

For more information see: https://github.com/tensorflow/addons/issues/2807 

  warnings.warn(
I0302 11:33:20.828083 140575196817216 logger_utils.py:61] Removing existing experiment directory /experiment_runs/prize_qualification_self_tuning/study_0/imagenet_vit_jax because --overwrite was set.
I0302 11:33:20.829823 140575196817216 logger_utils.py:76] Creating experiment directory at /experiment_runs/prize_qualification_self_tuning/study_0/imagenet_vit_jax.
I0302 11:33:21.898156 140575196817216 xla_bridge.py:455] Unable to initialize backend 'rocm': NOT_FOUND: Could not find registered platform with name: "rocm". Available platform names are: Interpreter Host CUDA
I0302 11:33:21.898962 140575196817216 xla_bridge.py:455] Unable to initialize backend 'tpu': module 'jaxlib.xla_extension' has no attribute 'get_tpu_client'
I0302 11:33:21.899119 140575196817216 xla_bridge.py:455] Unable to initialize backend 'plugin': xla_extension has no attributes named get_plugin_device_client. Compile TensorFlow with //tensorflow/compiler/xla/python:enable_plugin_device set to true (defaults to false) to enable this.
I0302 11:33:22.811411 140575196817216 submission_runner.py:605] Creating directory at /experiment_runs/prize_qualification_self_tuning/study_0/imagenet_vit_jax/trial_1.
I0302 11:33:23.012972 140575196817216 submission_runner.py:206] Initializing dataset.
I0302 11:33:23.029531 140575196817216 dataset_info.py:578] Load dataset info from /data/imagenet/jax/imagenet2012/5.1.0
I0302 11:33:23.039844 140575196817216 dataset_info.py:669] Fields info.[splits, supervised_keys] from disk and from code do not match. Keeping the one from code.
I0302 11:33:23.425892 140575196817216 logging_logger.py:49] Constructing tf.data.Dataset imagenet2012 for split train, from /data/imagenet/jax/imagenet2012/5.1.0
I0302 11:33:32.751713 140575196817216 submission_runner.py:213] Initializing model.
I0302 11:33:42.631710 140575196817216 submission_runner.py:255] Initializing optimizer.
I0302 11:33:43.690651 140575196817216 submission_runner.py:262] Initializing metrics bundle.
I0302 11:33:43.690933 140575196817216 submission_runner.py:280] Initializing checkpoint and logger.
I0302 11:33:43.692025 140575196817216 checkpoints.py:915] Found no checkpoint files in /experiment_runs/prize_qualification_self_tuning/study_0/imagenet_vit_jax/trial_1 with prefix checkpoint_
I0302 11:33:43.692192 140575196817216 submission_runner.py:300] Saving meta data to /experiment_runs/prize_qualification_self_tuning/study_0/imagenet_vit_jax/trial_1/meta_data_0.json.
fatal: detected dubious ownership in repository at '/algorithmic-efficiency'
To add an exception for this directory, call:

	git config --global --add safe.directory /algorithmic-efficiency
I0302 11:33:44.055875 140575196817216 logger_utils.py:220] Unable to record git information. Continuing without it.
I0302 11:33:44.387799 140575196817216 submission_runner.py:304] Saving flags to /experiment_runs/prize_qualification_self_tuning/study_0/imagenet_vit_jax/trial_1/flags_0.json.
I0302 11:33:44.397901 140575196817216 submission_runner.py:314] Starting training loop.
I0302 11:34:27.277735 140412299765504 logging_writer.py:48] [0] global_step=0, grad_norm=0.3656449615955353, loss=6.9077558517456055
I0302 11:34:27.297283 140575196817216 spec.py:321] Evaluating on the training split.
I0302 11:34:27.495576 140575196817216 dataset_info.py:578] Load dataset info from /data/imagenet/jax/imagenet2012/5.1.0
I0302 11:34:27.504881 140575196817216 dataset_info.py:669] Fields info.[splits, supervised_keys] from disk and from code do not match. Keeping the one from code.
I0302 11:34:27.590148 140575196817216 logging_logger.py:49] Constructing tf.data.Dataset imagenet2012 for split train, from /data/imagenet/jax/imagenet2012/5.1.0
I0302 11:34:44.885062 140575196817216 spec.py:333] Evaluating on the validation split.
I0302 11:34:44.896574 140575196817216 dataset_info.py:578] Load dataset info from /data/imagenet/jax/imagenet2012/5.1.0
I0302 11:34:44.916999 140575196817216 dataset_info.py:669] Fields info.[splits, supervised_keys] from disk and from code do not match. Keeping the one from code.
I0302 11:34:44.998102 140575196817216 logging_logger.py:49] Constructing tf.data.Dataset imagenet2012 for split validation, from /data/imagenet/jax/imagenet2012/5.1.0
I0302 11:35:02.419417 140575196817216 spec.py:349] Evaluating on the test split.
I0302 11:35:02.426581 140575196817216 dataset_info.py:578] Load dataset info from /data/imagenet/jax/imagenet_v2/matched-frequency/3.0.0
I0302 11:35:02.432499 140575196817216 dataset_builder.py:528] Reusing dataset imagenet_v2 (/data/imagenet/jax/imagenet_v2/matched-frequency/3.0.0)
I0302 11:35:02.481449 140575196817216 logging_logger.py:49] Constructing tf.data.Dataset imagenet_v2 for split test, from /data/imagenet/jax/imagenet_v2/matched-frequency/3.0.0
I0302 11:35:07.869284 140575196817216 submission_runner.py:411] Time since start: 83.47s, 	Step: 1, 	{'train/accuracy': 0.0009374999790452421, 'train/loss': 6.907756328582764, 'validation/accuracy': 0.0009999999310821295, 'validation/loss': 6.9077558517456055, 'validation/num_examples': 50000, 'test/accuracy': 0.0010000000474974513, 'test/loss': 6.907756805419922, 'test/num_examples': 10000, 'score': 42.89926743507385, 'total_duration': 83.47133111953735, 'accumulated_submission_time': 42.89926743507385, 'accumulated_eval_time': 40.57194924354553, 'accumulated_logging_time': 0}
I0302 11:35:07.886879 140380318193408 logging_writer.py:48] [1] accumulated_eval_time=40.571949, accumulated_logging_time=0, accumulated_submission_time=42.899267, global_step=1, preemption_count=0, score=42.899267, test/accuracy=0.001000, test/loss=6.907757, test/num_examples=10000, total_duration=83.471331, train/accuracy=0.000937, train/loss=6.907756, validation/accuracy=0.001000, validation/loss=6.907756, validation/num_examples=50000
I0302 11:36:11.115730 140410714314496 logging_writer.py:48] [100] global_step=100, grad_norm=0.44641295075416565, loss=6.885093688964844
I0302 11:36:53.588210 140410722707200 logging_writer.py:48] [200] global_step=200, grad_norm=0.5942963361740112, loss=6.770656585693359
I0302 11:37:37.860289 140410714314496 logging_writer.py:48] [300] global_step=300, grad_norm=0.7501222491264343, loss=6.665348529815674
I0302 11:38:22.276920 140410722707200 logging_writer.py:48] [400] global_step=400, grad_norm=1.4276396036148071, loss=6.554960250854492
I0302 11:39:06.979779 140410714314496 logging_writer.py:48] [500] global_step=500, grad_norm=0.9807071089744568, loss=6.455837249755859
I0302 11:39:51.339423 140410722707200 logging_writer.py:48] [600] global_step=600, grad_norm=0.8911657929420471, loss=6.540367603302002
I0302 11:40:35.578119 140410714314496 logging_writer.py:48] [700] global_step=700, grad_norm=1.0438047647476196, loss=6.286005973815918
I0302 11:41:19.620819 140410722707200 logging_writer.py:48] [800] global_step=800, grad_norm=1.11043381690979, loss=6.312709808349609
I0302 11:42:03.786565 140410714314496 logging_writer.py:48] [900] global_step=900, grad_norm=1.3335994482040405, loss=6.1665940284729
I0302 11:42:07.922296 140575196817216 spec.py:321] Evaluating on the training split.
I0302 11:42:19.692600 140575196817216 spec.py:333] Evaluating on the validation split.
I0302 11:42:27.815569 140575196817216 spec.py:349] Evaluating on the test split.
I0302 11:42:29.512841 140575196817216 submission_runner.py:411] Time since start: 525.11s, 	Step: 911, 	{'train/accuracy': 0.039042968302965164, 'train/loss': 5.780252933502197, 'validation/accuracy': 0.0384799987077713, 'validation/loss': 5.81451940536499, 'validation/num_examples': 50000, 'test/accuracy': 0.02980000153183937, 'test/loss': 5.954464435577393, 'test/num_examples': 10000, 'score': 462.8738512992859, 'total_duration': 525.1148769855499, 'accumulated_submission_time': 462.8738512992859, 'accumulated_eval_time': 62.162476539611816, 'accumulated_logging_time': 0.028006315231323242}
I0302 11:42:29.530339 140380326586112 logging_writer.py:48] [911] accumulated_eval_time=62.162477, accumulated_logging_time=0.028006, accumulated_submission_time=462.873851, global_step=911, preemption_count=0, score=462.873851, test/accuracy=0.029800, test/loss=5.954464, test/num_examples=10000, total_duration=525.114877, train/accuracy=0.039043, train/loss=5.780253, validation/accuracy=0.038480, validation/loss=5.814519, validation/num_examples=50000
I0302 11:43:05.289306 140380334978816 logging_writer.py:48] [1000] global_step=1000, grad_norm=1.1211135387420654, loss=6.072832107543945
I0302 11:43:48.489041 140380326586112 logging_writer.py:48] [1100] global_step=1100, grad_norm=0.9412233233451843, loss=6.629085063934326
I0302 11:44:32.886885 140380334978816 logging_writer.py:48] [1200] global_step=1200, grad_norm=1.1078755855560303, loss=6.578500270843506
I0302 11:45:17.003543 140380326586112 logging_writer.py:48] [1300] global_step=1300, grad_norm=0.9145699739456177, loss=6.550778388977051
I0302 11:46:01.190701 140380334978816 logging_writer.py:48] [1400] global_step=1400, grad_norm=2.7578623294830322, loss=5.880758285522461
I0302 11:46:45.501053 140380326586112 logging_writer.py:48] [1500] global_step=1500, grad_norm=1.148094654083252, loss=5.810706615447998
I0302 11:47:29.483332 140380334978816 logging_writer.py:48] [1600] global_step=1600, grad_norm=1.0829169750213623, loss=5.717920303344727
I0302 11:48:13.534694 140380326586112 logging_writer.py:48] [1700] global_step=1700, grad_norm=1.0758239030838013, loss=5.707068920135498
I0302 11:48:57.711182 140380334978816 logging_writer.py:48] [1800] global_step=1800, grad_norm=1.0715761184692383, loss=5.730659484863281
I0302 11:49:29.640906 140575196817216 spec.py:321] Evaluating on the training split.
I0302 11:49:41.209975 140575196817216 spec.py:333] Evaluating on the validation split.
I0302 11:49:49.371371 140575196817216 spec.py:349] Evaluating on the test split.
I0302 11:49:51.036085 140575196817216 submission_runner.py:411] Time since start: 966.64s, 	Step: 1874, 	{'train/accuracy': 0.08015625178813934, 'train/loss': 5.216738700866699, 'validation/accuracy': 0.07485999912023544, 'validation/loss': 5.251400947570801, 'validation/num_examples': 50000, 'test/accuracy': 0.059300001710653305, 'test/loss': 5.495050430297852, 'test/num_examples': 10000, 'score': 882.9174020290375, 'total_duration': 966.6380949020386, 'accumulated_submission_time': 882.9174020290375, 'accumulated_eval_time': 83.55760931968689, 'accumulated_logging_time': 0.05858421325683594}
I0302 11:49:51.055849 140380326586112 logging_writer.py:48] [1874] accumulated_eval_time=83.557609, accumulated_logging_time=0.058584, accumulated_submission_time=882.917402, global_step=1874, preemption_count=0, score=882.917402, test/accuracy=0.059300, test/loss=5.495050, test/num_examples=10000, total_duration=966.638095, train/accuracy=0.080156, train/loss=5.216739, validation/accuracy=0.074860, validation/loss=5.251401, validation/num_examples=50000
I0302 11:50:01.819329 140380334978816 logging_writer.py:48] [1900] global_step=1900, grad_norm=0.9890037775039673, loss=5.69713020324707
I0302 11:50:41.797444 140380326586112 logging_writer.py:48] [2000] global_step=2000, grad_norm=1.0384347438812256, loss=5.597604751586914
I0302 11:51:25.675347 140380334978816 logging_writer.py:48] [2100] global_step=2100, grad_norm=1.0560569763183594, loss=6.593939781188965
I0302 11:52:09.774703 140380326586112 logging_writer.py:48] [2200] global_step=2200, grad_norm=0.977156400680542, loss=5.4322662353515625
I0302 11:52:53.951302 140380334978816 logging_writer.py:48] [2300] global_step=2300, grad_norm=1.1425566673278809, loss=5.491124629974365
I0302 11:53:37.889516 140380326586112 logging_writer.py:48] [2400] global_step=2400, grad_norm=1.084606409072876, loss=5.480777740478516
I0302 11:54:22.184326 140380334978816 logging_writer.py:48] [2500] global_step=2500, grad_norm=1.2235746383666992, loss=6.211878299713135
I0302 11:55:06.332114 140380326586112 logging_writer.py:48] [2600] global_step=2600, grad_norm=1.5482127666473389, loss=6.1991286277771
I0302 11:55:50.555821 140380334978816 logging_writer.py:48] [2700] global_step=2700, grad_norm=0.964584231376648, loss=6.3630475997924805
I0302 11:56:34.902110 140380326586112 logging_writer.py:48] [2800] global_step=2800, grad_norm=0.8806314468383789, loss=5.484236240386963
I0302 11:56:51.372436 140575196817216 spec.py:321] Evaluating on the training split.
I0302 11:57:03.127129 140575196817216 spec.py:333] Evaluating on the validation split.
I0302 11:57:11.222280 140575196817216 spec.py:349] Evaluating on the test split.
I0302 11:57:12.896374 140575196817216 submission_runner.py:411] Time since start: 1408.50s, 	Step: 2839, 	{'train/accuracy': 0.15458984673023224, 'train/loss': 4.480022430419922, 'validation/accuracy': 0.1401599943637848, 'validation/loss': 4.580586910247803, 'validation/num_examples': 50000, 'test/accuracy': 0.1096000075340271, 'test/loss': 4.916996479034424, 'test/num_examples': 10000, 'score': 1303.1719748973846, 'total_duration': 1408.4984166622162, 'accumulated_submission_time': 1303.1719748973846, 'accumulated_eval_time': 105.08153319358826, 'accumulated_logging_time': 0.08928251266479492}
I0302 11:57:12.913524 140380334978816 logging_writer.py:48] [2839] accumulated_eval_time=105.081533, accumulated_logging_time=0.089283, accumulated_submission_time=1303.171975, global_step=2839, preemption_count=0, score=1303.171975, test/accuracy=0.109600, test/loss=4.916996, test/num_examples=10000, total_duration=1408.498417, train/accuracy=0.154590, train/loss=4.480022, validation/accuracy=0.140160, validation/loss=4.580587, validation/num_examples=50000
I0302 11:57:37.626525 140380326586112 logging_writer.py:48] [2900] global_step=2900, grad_norm=1.1373488903045654, loss=5.184527397155762
I0302 11:58:19.127438 140380334978816 logging_writer.py:48] [3000] global_step=3000, grad_norm=1.053133249282837, loss=6.426363468170166
I0302 11:59:03.302592 140380326586112 logging_writer.py:48] [3100] global_step=3100, grad_norm=0.8735631108283997, loss=5.459171295166016
I0302 11:59:47.407300 140380334978816 logging_writer.py:48] [3200] global_step=3200, grad_norm=1.0570148229599, loss=4.9707231521606445
I0302 12:00:31.560258 140380326586112 logging_writer.py:48] [3300] global_step=3300, grad_norm=1.1487817764282227, loss=5.0494489669799805
I0302 12:01:15.593017 140380334978816 logging_writer.py:48] [3400] global_step=3400, grad_norm=0.8650463223457336, loss=4.840730667114258
I0302 12:02:00.098935 140380326586112 logging_writer.py:48] [3500] global_step=3500, grad_norm=1.057589054107666, loss=5.898914337158203
I0302 12:02:43.904769 140380334978816 logging_writer.py:48] [3600] global_step=3600, grad_norm=1.1604441404342651, loss=4.856368064880371
I0302 12:03:28.084404 140380326586112 logging_writer.py:48] [3700] global_step=3700, grad_norm=0.7954930067062378, loss=5.416158199310303
I0302 12:04:12.232880 140380334978816 logging_writer.py:48] [3800] global_step=3800, grad_norm=1.1482832431793213, loss=4.904322624206543
I0302 12:04:13.243082 140575196817216 spec.py:321] Evaluating on the training split.
I0302 12:04:25.052779 140575196817216 spec.py:333] Evaluating on the validation split.
I0302 12:04:33.188668 140575196817216 spec.py:349] Evaluating on the test split.
I0302 12:04:34.874667 140575196817216 submission_runner.py:411] Time since start: 1850.48s, 	Step: 3804, 	{'train/accuracy': 0.2083788961172104, 'train/loss': 4.025781154632568, 'validation/accuracy': 0.1943800002336502, 'validation/loss': 4.114321231842041, 'validation/num_examples': 50000, 'test/accuracy': 0.14800000190734863, 'test/loss': 4.542527198791504, 'test/num_examples': 10000, 'score': 1723.4397399425507, 'total_duration': 1850.4767088890076, 'accumulated_submission_time': 1723.4397399425507, 'accumulated_eval_time': 126.71310567855835, 'accumulated_logging_time': 0.11670374870300293}
I0302 12:04:34.891525 140380326586112 logging_writer.py:48] [3804] accumulated_eval_time=126.713106, accumulated_logging_time=0.116704, accumulated_submission_time=1723.439740, global_step=3804, preemption_count=0, score=1723.439740, test/accuracy=0.148000, test/loss=4.542527, test/num_examples=10000, total_duration=1850.476709, train/accuracy=0.208379, train/loss=4.025781, validation/accuracy=0.194380, validation/loss=4.114321, validation/num_examples=50000
I0302 12:05:15.108549 140380334978816 logging_writer.py:48] [3900] global_step=3900, grad_norm=1.2882366180419922, loss=6.396989822387695
I0302 12:05:59.157243 140380326586112 logging_writer.py:48] [4000] global_step=4000, grad_norm=0.8550987243652344, loss=4.906580924987793
I0302 12:06:43.365013 140380334978816 logging_writer.py:48] [4100] global_step=4100, grad_norm=1.1589505672454834, loss=5.312845706939697
I0302 12:07:27.703215 140380326586112 logging_writer.py:48] [4200] global_step=4200, grad_norm=0.790741503238678, loss=4.846510410308838
I0302 12:08:11.843214 140380334978816 logging_writer.py:48] [4300] global_step=4300, grad_norm=0.8137458562850952, loss=5.16247034072876
I0302 12:08:55.999270 140380326586112 logging_writer.py:48] [4400] global_step=4400, grad_norm=0.9549643993377686, loss=4.634535789489746
I0302 12:09:40.372204 140380334978816 logging_writer.py:48] [4500] global_step=4500, grad_norm=0.9477628469467163, loss=4.779750347137451
I0302 12:10:24.747428 140380326586112 logging_writer.py:48] [4600] global_step=4600, grad_norm=0.8755977153778076, loss=4.385534763336182
I0302 12:11:08.928333 140380334978816 logging_writer.py:48] [4700] global_step=4700, grad_norm=1.181031346321106, loss=4.523566722869873
I0302 12:11:35.038682 140575196817216 spec.py:321] Evaluating on the training split.
I0302 12:11:46.850986 140575196817216 spec.py:333] Evaluating on the validation split.
I0302 12:11:55.242047 140575196817216 spec.py:349] Evaluating on the test split.
I0302 12:11:56.902042 140575196817216 submission_runner.py:411] Time since start: 2292.50s, 	Step: 4761, 	{'train/accuracy': 0.26851561665534973, 'train/loss': 3.618990182876587, 'validation/accuracy': 0.2489599883556366, 'validation/loss': 3.72690749168396, 'validation/num_examples': 50000, 'test/accuracy': 0.19100001454353333, 'test/loss': 4.1918511390686035, 'test/num_examples': 10000, 'score': 2143.524181365967, 'total_duration': 2292.5040712356567, 'accumulated_submission_time': 2143.524181365967, 'accumulated_eval_time': 148.57643723487854, 'accumulated_logging_time': 0.1443471908569336}
I0302 12:11:56.921948 140380326586112 logging_writer.py:48] [4761] accumulated_eval_time=148.576437, accumulated_logging_time=0.144347, accumulated_submission_time=2143.524181, global_step=4761, preemption_count=0, score=2143.524181, test/accuracy=0.191000, test/loss=4.191851, test/num_examples=10000, total_duration=2292.504071, train/accuracy=0.268516, train/loss=3.618990, validation/accuracy=0.248960, validation/loss=3.726907, validation/num_examples=50000
I0302 12:12:12.879196 140380334978816 logging_writer.py:48] [4800] global_step=4800, grad_norm=0.7555922269821167, loss=6.210031032562256
I0302 12:12:53.816803 140380326586112 logging_writer.py:48] [4900] global_step=4900, grad_norm=0.5125963687896729, loss=6.148513317108154
I0302 12:13:38.374480 140380334978816 logging_writer.py:48] [5000] global_step=5000, grad_norm=1.3275591135025024, loss=4.542590618133545
I0302 12:14:23.204285 140380326586112 logging_writer.py:48] [5100] global_step=5100, grad_norm=0.8211698532104492, loss=4.830718517303467
I0302 12:15:08.200304 140380334978816 logging_writer.py:48] [5200] global_step=5200, grad_norm=0.7953400015830994, loss=4.604518890380859
I0302 12:15:52.492696 140380326586112 logging_writer.py:48] [5300] global_step=5300, grad_norm=0.9252960085868835, loss=4.3744354248046875
I0302 12:16:37.118933 140380334978816 logging_writer.py:48] [5400] global_step=5400, grad_norm=1.0141841173171997, loss=4.323858261108398
I0302 12:17:21.233588 140380326586112 logging_writer.py:48] [5500] global_step=5500, grad_norm=0.8674108982086182, loss=4.765592575073242
I0302 12:18:05.805612 140380334978816 logging_writer.py:48] [5600] global_step=5600, grad_norm=0.7517289519309998, loss=5.35795783996582
I0302 12:18:50.421850 140380326586112 logging_writer.py:48] [5700] global_step=5700, grad_norm=0.9331361651420593, loss=4.160134315490723
I0302 12:18:57.024618 140575196817216 spec.py:321] Evaluating on the training split.
I0302 12:19:08.826267 140575196817216 spec.py:333] Evaluating on the validation split.
I0302 12:19:16.935453 140575196817216 spec.py:349] Evaluating on the test split.
I0302 12:19:18.605584 140575196817216 submission_runner.py:411] Time since start: 2734.21s, 	Step: 5717, 	{'train/accuracy': 0.3191015422344208, 'train/loss': 3.2768993377685547, 'validation/accuracy': 0.2922999858856201, 'validation/loss': 3.4312615394592285, 'validation/num_examples': 50000, 'test/accuracy': 0.22070001065731049, 'test/loss': 3.9930953979492188, 'test/num_examples': 10000, 'score': 2563.565025806427, 'total_duration': 2734.2075912952423, 'accumulated_submission_time': 2563.565025806427, 'accumulated_eval_time': 170.15734696388245, 'accumulated_logging_time': 0.17464566230773926}
I0302 12:19:18.622610 140380334978816 logging_writer.py:48] [5717] accumulated_eval_time=170.157347, accumulated_logging_time=0.174646, accumulated_submission_time=2563.565026, global_step=5717, preemption_count=0, score=2563.565026, test/accuracy=0.220700, test/loss=3.993095, test/num_examples=10000, total_duration=2734.207591, train/accuracy=0.319102, train/loss=3.276899, validation/accuracy=0.292300, validation/loss=3.431262, validation/num_examples=50000
I0302 12:19:52.089220 140380326586112 logging_writer.py:48] [5800] global_step=5800, grad_norm=0.9091072082519531, loss=4.139925479888916
I0302 12:20:34.822201 140380334978816 logging_writer.py:48] [5900] global_step=5900, grad_norm=1.1782764196395874, loss=4.750612735748291
I0302 12:21:19.004086 140380326586112 logging_writer.py:48] [6000] global_step=6000, grad_norm=0.8452624082565308, loss=3.972339630126953
I0302 12:22:03.210480 140380334978816 logging_writer.py:48] [6100] global_step=6100, grad_norm=0.7538952231407166, loss=4.638941764831543
I0302 12:22:47.461718 140380326586112 logging_writer.py:48] [6200] global_step=6200, grad_norm=0.979491114616394, loss=4.595807075500488
I0302 12:23:32.650822 140380334978816 logging_writer.py:48] [6300] global_step=6300, grad_norm=0.705272376537323, loss=5.211636066436768
I0302 12:24:17.716074 140380326586112 logging_writer.py:48] [6400] global_step=6400, grad_norm=0.8142691850662231, loss=4.236677646636963
I0302 12:25:03.109655 140380334978816 logging_writer.py:48] [6500] global_step=6500, grad_norm=1.053675651550293, loss=4.012180805206299
I0302 12:25:47.521652 140380326586112 logging_writer.py:48] [6600] global_step=6600, grad_norm=0.7363752126693726, loss=6.031337261199951
I0302 12:26:18.704440 140575196817216 spec.py:321] Evaluating on the training split.
I0302 12:26:30.382965 140575196817216 spec.py:333] Evaluating on the validation split.
I0302 12:26:38.530169 140575196817216 spec.py:349] Evaluating on the test split.
I0302 12:26:40.202760 140575196817216 submission_runner.py:411] Time since start: 3175.80s, 	Step: 6672, 	{'train/accuracy': 0.3853124976158142, 'train/loss': 2.8786144256591797, 'validation/accuracy': 0.3353399932384491, 'validation/loss': 3.149968147277832, 'validation/num_examples': 50000, 'test/accuracy': 0.2574000060558319, 'test/loss': 3.691765785217285, 'test/num_examples': 10000, 'score': 2983.585864305496, 'total_duration': 3175.8048005104065, 'accumulated_submission_time': 2983.585864305496, 'accumulated_eval_time': 191.65565276145935, 'accumulated_logging_time': 0.2017805576324463}
I0302 12:26:40.220649 140380334978816 logging_writer.py:48] [6672] accumulated_eval_time=191.655653, accumulated_logging_time=0.201781, accumulated_submission_time=2983.585864, global_step=6672, preemption_count=0, score=2983.585864, test/accuracy=0.257400, test/loss=3.691766, test/num_examples=10000, total_duration=3175.804801, train/accuracy=0.385312, train/loss=2.878614, validation/accuracy=0.335340, validation/loss=3.149968, validation/num_examples=50000
I0302 12:26:51.804439 140380326586112 logging_writer.py:48] [6700] global_step=6700, grad_norm=0.8748788237571716, loss=3.779139518737793
I0302 12:27:32.634402 140380334978816 logging_writer.py:48] [6800] global_step=6800, grad_norm=0.938457727432251, loss=4.309936046600342
I0302 12:28:17.033158 140380326586112 logging_writer.py:48] [6900] global_step=6900, grad_norm=0.9588226675987244, loss=3.774580240249634
I0302 12:29:01.308610 140380334978816 logging_writer.py:48] [7000] global_step=7000, grad_norm=0.7901158332824707, loss=4.67694091796875
I0302 12:29:45.860677 140380326586112 logging_writer.py:48] [7100] global_step=7100, grad_norm=0.8630303144454956, loss=4.655183792114258
I0302 12:30:30.306934 140380334978816 logging_writer.py:48] [7200] global_step=7200, grad_norm=0.851693868637085, loss=3.811164617538452
I0302 12:31:14.715506 140380326586112 logging_writer.py:48] [7300] global_step=7300, grad_norm=0.9004421830177307, loss=3.8119957447052
I0302 12:31:58.945127 140380334978816 logging_writer.py:48] [7400] global_step=7400, grad_norm=0.7874618768692017, loss=5.799334526062012
I0302 12:32:43.946556 140380326586112 logging_writer.py:48] [7500] global_step=7500, grad_norm=0.9681680798530579, loss=3.819983959197998
I0302 12:33:29.573607 140380334978816 logging_writer.py:48] [7600] global_step=7600, grad_norm=0.5761421322822571, loss=5.9456562995910645
I0302 12:33:40.523419 140575196817216 spec.py:321] Evaluating on the training split.
I0302 12:33:52.482142 140575196817216 spec.py:333] Evaluating on the validation split.
I0302 12:34:06.723948 140575196817216 spec.py:349] Evaluating on the test split.
I0302 12:34:08.405944 140575196817216 submission_runner.py:411] Time since start: 3624.01s, 	Step: 7626, 	{'train/accuracy': 0.3844531178474426, 'train/loss': 2.8820815086364746, 'validation/accuracy': 0.3578200042247772, 'validation/loss': 3.024298667907715, 'validation/num_examples': 50000, 'test/accuracy': 0.2787000238895416, 'test/loss': 3.58750057220459, 'test/num_examples': 10000, 'score': 3403.8257796764374, 'total_duration': 3624.0079770088196, 'accumulated_submission_time': 3403.8257796764374, 'accumulated_eval_time': 219.53815126419067, 'accumulated_logging_time': 0.23094701766967773}
I0302 12:34:08.430652 140380326586112 logging_writer.py:48] [7626] accumulated_eval_time=219.538151, accumulated_logging_time=0.230947, accumulated_submission_time=3403.825780, global_step=7626, preemption_count=0, score=3403.825780, test/accuracy=0.278700, test/loss=3.587501, test/num_examples=10000, total_duration=3624.007977, train/accuracy=0.384453, train/loss=2.882082, validation/accuracy=0.357820, validation/loss=3.024299, validation/num_examples=50000
I0302 12:34:38.304237 140380334978816 logging_writer.py:48] [7700] global_step=7700, grad_norm=0.5759247541427612, loss=5.844638347625732
I0302 12:35:20.965652 140380326586112 logging_writer.py:48] [7800] global_step=7800, grad_norm=0.7973207831382751, loss=5.269500732421875
I0302 12:36:05.366639 140380334978816 logging_writer.py:48] [7900] global_step=7900, grad_norm=0.9121862053871155, loss=3.81011962890625
I0302 12:36:49.605849 140380326586112 logging_writer.py:48] [8000] global_step=8000, grad_norm=0.8136796951293945, loss=4.039853572845459
I0302 12:37:33.900522 140380334978816 logging_writer.py:48] [8100] global_step=8100, grad_norm=0.9640451669692993, loss=3.7255334854125977
I0302 12:38:18.314932 140380326586112 logging_writer.py:48] [8200] global_step=8200, grad_norm=0.7631283402442932, loss=5.7169342041015625
I0302 12:39:02.640276 140380334978816 logging_writer.py:48] [8300] global_step=8300, grad_norm=0.9347070455551147, loss=4.022758960723877
I0302 12:39:47.209473 140380326586112 logging_writer.py:48] [8400] global_step=8400, grad_norm=1.0274012088775635, loss=3.489875078201294
I0302 12:40:31.647731 140380334978816 logging_writer.py:48] [8500] global_step=8500, grad_norm=0.8569691181182861, loss=4.326713562011719
I0302 12:41:08.569485 140575196817216 spec.py:321] Evaluating on the training split.
I0302 12:41:20.857457 140575196817216 spec.py:333] Evaluating on the validation split.
I0302 12:41:31.890006 140575196817216 spec.py:349] Evaluating on the test split.
I0302 12:41:33.568427 140575196817216 submission_runner.py:411] Time since start: 4069.17s, 	Step: 8585, 	{'train/accuracy': 0.4216406047344208, 'train/loss': 2.6589698791503906, 'validation/accuracy': 0.3878999948501587, 'validation/loss': 2.8341987133026123, 'validation/num_examples': 50000, 'test/accuracy': 0.29750001430511475, 'test/loss': 3.4198501110076904, 'test/num_examples': 10000, 'score': 3823.8984911441803, 'total_duration': 4069.170470237732, 'accumulated_submission_time': 3823.8984911441803, 'accumulated_eval_time': 244.53706979751587, 'accumulated_logging_time': 0.27056431770324707}
I0302 12:41:33.590394 140380326586112 logging_writer.py:48] [8585] accumulated_eval_time=244.537070, accumulated_logging_time=0.270564, accumulated_submission_time=3823.898491, global_step=8585, preemption_count=0, score=3823.898491, test/accuracy=0.297500, test/loss=3.419850, test/num_examples=10000, total_duration=4069.170470, train/accuracy=0.421641, train/loss=2.658970, validation/accuracy=0.387900, validation/loss=2.834199, validation/num_examples=50000
I0302 12:41:40.001330 140380334978816 logging_writer.py:48] [8600] global_step=8600, grad_norm=0.8064131140708923, loss=3.7271125316619873
I0302 12:42:20.140439 140380326586112 logging_writer.py:48] [8700] global_step=8700, grad_norm=0.9954580068588257, loss=3.5761122703552246
I0302 12:43:04.866638 140380334978816 logging_writer.py:48] [8800] global_step=8800, grad_norm=0.9827459454536438, loss=3.7806448936462402
I0302 12:43:49.323931 140380326586112 logging_writer.py:48] [8900] global_step=8900, grad_norm=0.9998303055763245, loss=3.752964973449707
I0302 12:44:33.926753 140380334978816 logging_writer.py:48] [9000] global_step=9000, grad_norm=0.7851835489273071, loss=4.854452133178711
I0302 12:45:18.372732 140380326586112 logging_writer.py:48] [9100] global_step=9100, grad_norm=0.861687183380127, loss=4.4293599128723145
I0302 12:46:02.821352 140380334978816 logging_writer.py:48] [9200] global_step=9200, grad_norm=0.6807358860969543, loss=4.866567611694336
I0302 12:46:47.240751 140380326586112 logging_writer.py:48] [9300] global_step=9300, grad_norm=0.7052720785140991, loss=4.815254211425781
I0302 12:47:31.860803 140380334978816 logging_writer.py:48] [9400] global_step=9400, grad_norm=0.7305721044540405, loss=5.721297264099121
I0302 12:48:16.023038 140380326586112 logging_writer.py:48] [9500] global_step=9500, grad_norm=0.8332074880599976, loss=4.3794684410095215
I0302 12:48:33.577141 140575196817216 spec.py:321] Evaluating on the training split.
I0302 12:48:46.012293 140575196817216 spec.py:333] Evaluating on the validation split.
I0302 12:48:58.535127 140575196817216 spec.py:349] Evaluating on the test split.
I0302 12:49:00.203575 140575196817216 submission_runner.py:411] Time since start: 4515.81s, 	Step: 9541, 	{'train/accuracy': 0.4546484351158142, 'train/loss': 2.4515960216522217, 'validation/accuracy': 0.41405999660491943, 'validation/loss': 2.6631486415863037, 'validation/num_examples': 50000, 'test/accuracy': 0.3157000243663788, 'test/loss': 3.2867302894592285, 'test/num_examples': 10000, 'score': 4243.820187568665, 'total_duration': 4515.805619239807, 'accumulated_submission_time': 4243.820187568665, 'accumulated_eval_time': 271.1634876728058, 'accumulated_logging_time': 0.3059976100921631}
I0302 12:49:00.222575 140380334978816 logging_writer.py:48] [9541] accumulated_eval_time=271.163488, accumulated_logging_time=0.305998, accumulated_submission_time=4243.820188, global_step=9541, preemption_count=0, score=4243.820188, test/accuracy=0.315700, test/loss=3.286730, test/num_examples=10000, total_duration=4515.805619, train/accuracy=0.454648, train/loss=2.451596, validation/accuracy=0.414060, validation/loss=2.663149, validation/num_examples=50000
I0302 12:49:24.122729 140380326586112 logging_writer.py:48] [9600] global_step=9600, grad_norm=0.843298077583313, loss=5.801352500915527
I0302 12:50:06.689200 140380334978816 logging_writer.py:48] [9700] global_step=9700, grad_norm=0.9591341018676758, loss=3.8859591484069824
I0302 12:50:50.999576 140380326586112 logging_writer.py:48] [9800] global_step=9800, grad_norm=1.1717112064361572, loss=3.5129849910736084
I0302 12:51:35.211405 140380334978816 logging_writer.py:48] [9900] global_step=9900, grad_norm=0.9900577068328857, loss=3.405388355255127
I0302 12:52:20.435297 140380326586112 logging_writer.py:48] [10000] global_step=10000, grad_norm=0.7924250960350037, loss=5.703725337982178
I0302 12:53:04.783906 140380334978816 logging_writer.py:48] [10100] global_step=10100, grad_norm=0.9500302672386169, loss=3.3624441623687744
I0302 12:53:48.860994 140380326586112 logging_writer.py:48] [10200] global_step=10200, grad_norm=0.8915834426879883, loss=4.3475799560546875
I0302 12:54:33.137560 140380334978816 logging_writer.py:48] [10300] global_step=10300, grad_norm=0.7709022164344788, loss=5.334181308746338
I0302 12:55:17.490473 140380326586112 logging_writer.py:48] [10400] global_step=10400, grad_norm=1.1453725099563599, loss=5.765778064727783
I0302 12:56:00.219541 140575196817216 spec.py:321] Evaluating on the training split.
I0302 12:56:13.135978 140575196817216 spec.py:333] Evaluating on the validation split.
I0302 12:56:29.036870 140575196817216 spec.py:349] Evaluating on the test split.
I0302 12:56:30.713033 140575196817216 submission_runner.py:411] Time since start: 4966.32s, 	Step: 10498, 	{'train/accuracy': 0.45869138836860657, 'train/loss': 2.4536895751953125, 'validation/accuracy': 0.4279399812221527, 'validation/loss': 2.6150896549224854, 'validation/num_examples': 50000, 'test/accuracy': 0.3304000198841095, 'test/loss': 3.208634853363037, 'test/num_examples': 10000, 'score': 4663.750853538513, 'total_duration': 4966.315071105957, 'accumulated_submission_time': 4663.750853538513, 'accumulated_eval_time': 301.65695548057556, 'accumulated_logging_time': 0.3401913642883301}
I0302 12:56:30.735389 140380334978816 logging_writer.py:48] [10498] accumulated_eval_time=301.656955, accumulated_logging_time=0.340191, accumulated_submission_time=4663.750854, global_step=10498, preemption_count=0, score=4663.750854, test/accuracy=0.330400, test/loss=3.208635, test/num_examples=10000, total_duration=4966.315071, train/accuracy=0.458691, train/loss=2.453690, validation/accuracy=0.427940, validation/loss=2.615090, validation/num_examples=50000
I0302 12:56:31.974353 140380326586112 logging_writer.py:48] [10500] global_step=10500, grad_norm=0.9138611555099487, loss=3.4700160026550293
I0302 12:57:11.845680 140380334978816 logging_writer.py:48] [10600] global_step=10600, grad_norm=0.7413039803504944, loss=4.872937202453613
I0302 12:57:55.791177 140380326586112 logging_writer.py:48] [10700] global_step=10700, grad_norm=0.9145887494087219, loss=3.7786331176757812
I0302 12:58:40.271560 140380334978816 logging_writer.py:48] [10800] global_step=10800, grad_norm=1.028114914894104, loss=3.3368148803710938
I0302 12:59:24.700952 140380326586112 logging_writer.py:48] [10900] global_step=10900, grad_norm=0.7299125790596008, loss=5.344300270080566
I0302 13:00:09.223296 140380334978816 logging_writer.py:48] [11000] global_step=11000, grad_norm=0.9742235541343689, loss=5.815938472747803
I0302 13:00:53.419347 140380326586112 logging_writer.py:48] [11100] global_step=11100, grad_norm=0.9758488535881042, loss=3.718808650970459
I0302 13:01:37.987260 140380334978816 logging_writer.py:48] [11200] global_step=11200, grad_norm=0.9461639523506165, loss=3.6830050945281982
I0302 13:02:22.627822 140380326586112 logging_writer.py:48] [11300] global_step=11300, grad_norm=1.0713484287261963, loss=3.3565196990966797
I0302 13:03:07.013930 140380334978816 logging_writer.py:48] [11400] global_step=11400, grad_norm=0.8324617743492126, loss=5.745739936828613
I0302 13:03:30.773580 140575196817216 spec.py:321] Evaluating on the training split.
I0302 13:03:43.953221 140575196817216 spec.py:333] Evaluating on the validation split.
I0302 13:04:02.467159 140575196817216 spec.py:349] Evaluating on the test split.
I0302 13:04:04.137916 140575196817216 submission_runner.py:411] Time since start: 5419.74s, 	Step: 11454, 	{'train/accuracy': 0.47783201932907104, 'train/loss': 2.3402180671691895, 'validation/accuracy': 0.44377997517585754, 'validation/loss': 2.5133609771728516, 'validation/num_examples': 50000, 'test/accuracy': 0.3394000232219696, 'test/loss': 3.1516380310058594, 'test/num_examples': 10000, 'score': 5083.722537994385, 'total_duration': 5419.739944219589, 'accumulated_submission_time': 5083.722537994385, 'accumulated_eval_time': 335.0212616920471, 'accumulated_logging_time': 0.377582311630249}
I0302 13:04:04.161107 140380326586112 logging_writer.py:48] [11454] accumulated_eval_time=335.021262, accumulated_logging_time=0.377582, accumulated_submission_time=5083.722538, global_step=11454, preemption_count=0, score=5083.722538, test/accuracy=0.339400, test/loss=3.151638, test/num_examples=10000, total_duration=5419.739944, train/accuracy=0.477832, train/loss=2.340218, validation/accuracy=0.443780, validation/loss=2.513361, validation/num_examples=50000
I0302 13:04:22.849417 140380334978816 logging_writer.py:48] [11500] global_step=11500, grad_norm=0.8099215030670166, loss=4.356706142425537
I0302 13:05:04.723761 140380326586112 logging_writer.py:48] [11600] global_step=11600, grad_norm=1.0084093809127808, loss=3.3295063972473145
I0302 13:05:48.939699 140380334978816 logging_writer.py:48] [11700] global_step=11700, grad_norm=1.0578826665878296, loss=3.3654165267944336
I0302 13:06:33.428541 140380326586112 logging_writer.py:48] [11800] global_step=11800, grad_norm=1.1621356010437012, loss=3.2436347007751465
I0302 13:07:17.908169 140380334978816 logging_writer.py:48] [11900] global_step=11900, grad_norm=1.185123324394226, loss=3.6395044326782227
I0302 13:08:02.047099 140380326586112 logging_writer.py:48] [12000] global_step=12000, grad_norm=0.982342541217804, loss=3.2828352451324463
I0302 13:08:46.266194 140380334978816 logging_writer.py:48] [12100] global_step=12100, grad_norm=0.7983050346374512, loss=4.590821266174316
I0302 13:09:30.642581 140380326586112 logging_writer.py:48] [12200] global_step=12200, grad_norm=1.1119407415390015, loss=3.5558876991271973
I0302 13:10:15.044393 140380334978816 logging_writer.py:48] [12300] global_step=12300, grad_norm=0.9097070693969727, loss=3.4298813343048096
I0302 13:10:59.960434 140380326586112 logging_writer.py:48] [12400] global_step=12400, grad_norm=1.0787982940673828, loss=3.225039005279541
I0302 13:11:04.624684 140575196817216 spec.py:321] Evaluating on the training split.
I0302 13:11:18.064085 140575196817216 spec.py:333] Evaluating on the validation split.
I0302 13:11:31.028981 140575196817216 spec.py:349] Evaluating on the test split.
I0302 13:11:32.707826 140575196817216 submission_runner.py:411] Time since start: 5868.31s, 	Step: 12412, 	{'train/accuracy': 0.5044335722923279, 'train/loss': 2.1601967811584473, 'validation/accuracy': 0.46087998151779175, 'validation/loss': 2.383046865463257, 'validation/num_examples': 50000, 'test/accuracy': 0.35600000619888306, 'test/loss': 3.023467540740967, 'test/num_examples': 10000, 'score': 5504.124020576477, 'total_duration': 5868.309863567352, 'accumulated_submission_time': 5504.124020576477, 'accumulated_eval_time': 363.1043710708618, 'accumulated_logging_time': 0.4115440845489502}
I0302 13:11:32.731372 140380334978816 logging_writer.py:48] [12412] accumulated_eval_time=363.104371, accumulated_logging_time=0.411544, accumulated_submission_time=5504.124021, global_step=12412, preemption_count=0, score=5504.124021, test/accuracy=0.356000, test/loss=3.023468, test/num_examples=10000, total_duration=5868.309864, train/accuracy=0.504434, train/loss=2.160197, validation/accuracy=0.460880, validation/loss=2.383047, validation/num_examples=50000
I0302 13:12:08.496266 140380326586112 logging_writer.py:48] [12500] global_step=12500, grad_norm=0.8439696431159973, loss=4.16262674331665
I0302 13:12:52.979412 140380334978816 logging_writer.py:48] [12600] global_step=12600, grad_norm=0.7281259894371033, loss=5.2612738609313965
I0302 13:13:37.475146 140380326586112 logging_writer.py:48] [12700] global_step=12700, grad_norm=1.1536405086517334, loss=3.2304399013519287
I0302 13:14:21.737036 140380334978816 logging_writer.py:48] [12800] global_step=12800, grad_norm=1.0027904510498047, loss=5.209627151489258
I0302 13:15:05.903024 140380326586112 logging_writer.py:48] [12900] global_step=12900, grad_norm=1.1483519077301025, loss=3.3347644805908203
I0302 13:15:50.119611 140380334978816 logging_writer.py:48] [13000] global_step=13000, grad_norm=1.1557141542434692, loss=3.314680576324463
I0302 13:16:34.658021 140380326586112 logging_writer.py:48] [13100] global_step=13100, grad_norm=0.7436491250991821, loss=5.7309136390686035
I0302 13:17:18.926944 140380334978816 logging_writer.py:48] [13200] global_step=13200, grad_norm=0.967635989189148, loss=4.61651086807251
I0302 13:18:04.113023 140380326586112 logging_writer.py:48] [13300] global_step=13300, grad_norm=0.8307290077209473, loss=5.004030704498291
I0302 13:18:32.925650 140575196817216 spec.py:321] Evaluating on the training split.
I0302 13:18:45.105206 140575196817216 spec.py:333] Evaluating on the validation split.
I0302 13:18:57.130300 140575196817216 spec.py:349] Evaluating on the test split.
I0302 13:18:58.808543 140575196817216 submission_runner.py:411] Time since start: 6314.41s, 	Step: 13365, 	{'train/accuracy': 0.52685546875, 'train/loss': 2.067809820175171, 'validation/accuracy': 0.4763000011444092, 'validation/loss': 2.321436882019043, 'validation/num_examples': 50000, 'test/accuracy': 0.36730000376701355, 'test/loss': 2.974306106567383, 'test/num_examples': 10000, 'score': 5924.25744843483, 'total_duration': 6314.410578966141, 'accumulated_submission_time': 5924.25744843483, 'accumulated_eval_time': 388.98726081848145, 'accumulated_logging_time': 0.44565749168395996}
I0302 13:18:58.832908 140380334978816 logging_writer.py:48] [13365] accumulated_eval_time=388.987261, accumulated_logging_time=0.445657, accumulated_submission_time=5924.257448, global_step=13365, preemption_count=0, score=5924.257448, test/accuracy=0.367300, test/loss=2.974306, test/num_examples=10000, total_duration=6314.410579, train/accuracy=0.526855, train/loss=2.067810, validation/accuracy=0.476300, validation/loss=2.321437, validation/num_examples=50000
I0302 13:19:13.146539 140380326586112 logging_writer.py:48] [13400] global_step=13400, grad_norm=0.9627872705459595, loss=3.514448404312134
I0302 13:19:54.411749 140380334978816 logging_writer.py:48] [13500] global_step=13500, grad_norm=1.0267380475997925, loss=3.1492769718170166
I0302 13:20:38.692574 140380326586112 logging_writer.py:48] [13600] global_step=13600, grad_norm=1.3194011449813843, loss=3.1976191997528076
I0302 13:21:23.280893 140380334978816 logging_writer.py:48] [13700] global_step=13700, grad_norm=1.073473572731018, loss=3.2211978435516357
I0302 13:22:08.203331 140380326586112 logging_writer.py:48] [13800] global_step=13800, grad_norm=0.9847028255462646, loss=5.500371932983398
I0302 13:22:52.623612 140380334978816 logging_writer.py:48] [13900] global_step=13900, grad_norm=0.8122860193252563, loss=5.7002716064453125
I0302 13:23:37.359109 140380326586112 logging_writer.py:48] [14000] global_step=14000, grad_norm=0.8704051375389099, loss=5.490352630615234
I0302 13:24:22.586443 140380334978816 logging_writer.py:48] [14100] global_step=14100, grad_norm=0.760973334312439, loss=4.996299743652344
I0302 13:25:07.642854 140380326586112 logging_writer.py:48] [14200] global_step=14200, grad_norm=0.7598652839660645, loss=4.605926036834717
I0302 13:25:52.309585 140380334978816 logging_writer.py:48] [14300] global_step=14300, grad_norm=1.0378227233886719, loss=2.9976305961608887
I0302 13:25:59.078477 140575196817216 spec.py:321] Evaluating on the training split.
I0302 13:26:12.532468 140575196817216 spec.py:333] Evaluating on the validation split.
I0302 13:26:28.192096 140575196817216 spec.py:349] Evaluating on the test split.
I0302 13:26:29.852916 140575196817216 submission_runner.py:411] Time since start: 6765.45s, 	Step: 14317, 	{'train/accuracy': 0.5179492235183716, 'train/loss': 2.1016087532043457, 'validation/accuracy': 0.4814999997615814, 'validation/loss': 2.2885682582855225, 'validation/num_examples': 50000, 'test/accuracy': 0.3791000247001648, 'test/loss': 2.91217041015625, 'test/num_examples': 10000, 'score': 6344.441004276276, 'total_duration': 6765.454939126968, 'accumulated_submission_time': 6344.441004276276, 'accumulated_eval_time': 419.7616608142853, 'accumulated_logging_time': 0.4812161922454834}
I0302 13:26:29.872708 140380326586112 logging_writer.py:48] [14317] accumulated_eval_time=419.761661, accumulated_logging_time=0.481216, accumulated_submission_time=6344.441004, global_step=14317, preemption_count=0, score=6344.441004, test/accuracy=0.379100, test/loss=2.912170, test/num_examples=10000, total_duration=6765.454939, train/accuracy=0.517949, train/loss=2.101609, validation/accuracy=0.481500, validation/loss=2.288568, validation/num_examples=50000
I0302 13:27:03.262760 140380334978816 logging_writer.py:48] [14400] global_step=14400, grad_norm=1.1686522960662842, loss=3.1205177307128906
I0302 13:27:46.003350 140380326586112 logging_writer.py:48] [14500] global_step=14500, grad_norm=0.9526010155677795, loss=3.436035633087158
I0302 13:28:30.510981 140380334978816 logging_writer.py:48] [14600] global_step=14600, grad_norm=1.0830715894699097, loss=2.947888135910034
I0302 13:29:15.572159 140380326586112 logging_writer.py:48] [14700] global_step=14700, grad_norm=1.072916030883789, loss=3.026848316192627
I0302 13:30:00.893027 140380334978816 logging_writer.py:48] [14800] global_step=14800, grad_norm=0.993890643119812, loss=3.170177936553955
I0302 13:30:45.885187 140380326586112 logging_writer.py:48] [14900] global_step=14900, grad_norm=1.0098018646240234, loss=3.0468714237213135
I0302 13:31:31.555937 140380334978816 logging_writer.py:48] [15000] global_step=15000, grad_norm=0.826662003993988, loss=5.257897853851318
I0302 13:32:16.582769 140380326586112 logging_writer.py:48] [15100] global_step=15100, grad_norm=0.9954066872596741, loss=3.07649302482605
I0302 13:33:01.380671 140380334978816 logging_writer.py:48] [15200] global_step=15200, grad_norm=1.1041021347045898, loss=2.977179765701294
I0302 13:33:30.042435 140575196817216 spec.py:321] Evaluating on the training split.
I0302 13:33:43.889540 140575196817216 spec.py:333] Evaluating on the validation split.
I0302 13:34:00.948086 140575196817216 spec.py:349] Evaluating on the test split.
I0302 13:34:02.609929 140575196817216 submission_runner.py:411] Time since start: 7218.21s, 	Step: 15266, 	{'train/accuracy': 0.5394921898841858, 'train/loss': 1.976670503616333, 'validation/accuracy': 0.4970199763774872, 'validation/loss': 2.2036519050598145, 'validation/num_examples': 50000, 'test/accuracy': 0.38840001821517944, 'test/loss': 2.8618249893188477, 'test/num_examples': 10000, 'score': 6764.550142526627, 'total_duration': 7218.211961269379, 'accumulated_submission_time': 6764.550142526627, 'accumulated_eval_time': 452.32911682128906, 'accumulated_logging_time': 0.5112817287445068}
I0302 13:34:02.629326 140380326586112 logging_writer.py:48] [15266] accumulated_eval_time=452.329117, accumulated_logging_time=0.511282, accumulated_submission_time=6764.550143, global_step=15266, preemption_count=0, score=6764.550143, test/accuracy=0.388400, test/loss=2.861825, test/num_examples=10000, total_duration=7218.211961, train/accuracy=0.539492, train/loss=1.976671, validation/accuracy=0.497020, validation/loss=2.203652, validation/num_examples=50000
I0302 13:34:16.565073 140380334978816 logging_writer.py:48] [15300] global_step=15300, grad_norm=1.061515212059021, loss=3.0776896476745605
I0302 13:34:56.531219 140380326586112 logging_writer.py:48] [15400] global_step=15400, grad_norm=1.2154467105865479, loss=3.198774576187134
I0302 13:35:41.762631 140380334978816 logging_writer.py:48] [15500] global_step=15500, grad_norm=1.0708370208740234, loss=3.081469774246216
I0302 13:36:26.910562 140380326586112 logging_writer.py:48] [15600] global_step=15600, grad_norm=1.040626049041748, loss=3.240863800048828
I0302 13:37:11.835079 140380334978816 logging_writer.py:48] [15700] global_step=15700, grad_norm=0.9093350172042847, loss=3.836559295654297
I0302 13:37:56.569568 140380326586112 logging_writer.py:48] [15800] global_step=15800, grad_norm=0.9261623620986938, loss=4.308678150177002
I0302 13:38:40.851032 140380334978816 logging_writer.py:48] [15900] global_step=15900, grad_norm=1.3063470125198364, loss=2.930438280105591
