python3 submission_runner.py --framework=jax --workload=imagenet_resnet --submission_path=prize_qualification_baselines/self_tuning/jax_nadamw_full_budget.py --data_dir=/data/imagenet/jax --num_tuning_trials=1 --experiment_dir=/experiment_runs --experiment_name=prize_qualification_self_tuning/study_1 --overwrite=true --save_checkpoints=false --rng_seed=325995729 --max_global_steps=559998 --imagenet_v2_data_dir=/data/imagenet/jax --tuning_ruleset=self 2>&1 | tee -a /logs/imagenet_resnet_jax_02-29-2024-05-32-47.log
/usr/local/lib/python3.8/dist-packages/tensorflow_addons/utils/tfa_eol_msg.py:23: UserWarning: 

TensorFlow Addons (TFA) has ended development and introduction of new features.
TFA has entered a minimal maintenance and release mode until a planned end of life in May 2024.
Please modify downstream libraries to take dependencies from other repositories in our TensorFlow community (e.g. Keras, Keras-CV, and Keras-NLP). 

For more information see: https://github.com/tensorflow/addons/issues/2807 

  warnings.warn(
I0229 05:33:08.817646 140688601454400 logger_utils.py:76] Creating experiment directory at /experiment_runs/prize_qualification_self_tuning/study_1/imagenet_resnet_jax.
I0229 05:33:09.866857 140688601454400 xla_bridge.py:455] Unable to initialize backend 'rocm': NOT_FOUND: Could not find registered platform with name: "rocm". Available platform names are: Host Interpreter CUDA
I0229 05:33:09.867525 140688601454400 xla_bridge.py:455] Unable to initialize backend 'tpu': module 'jaxlib.xla_extension' has no attribute 'get_tpu_client'
I0229 05:33:09.867658 140688601454400 xla_bridge.py:455] Unable to initialize backend 'plugin': xla_extension has no attributes named get_plugin_device_client. Compile TensorFlow with //tensorflow/compiler/xla/python:enable_plugin_device set to true (defaults to false) to enable this.
I0229 05:33:10.683510 140688601454400 submission_runner.py:605] Creating directory at /experiment_runs/prize_qualification_self_tuning/study_1/imagenet_resnet_jax/trial_1.
I0229 05:33:10.882673 140688601454400 submission_runner.py:206] Initializing dataset.
I0229 05:33:10.901080 140688601454400 dataset_info.py:578] Load dataset info from /data/imagenet/jax/imagenet2012/5.1.0
I0229 05:33:10.911211 140688601454400 dataset_info.py:669] Fields info.[splits, supervised_keys] from disk and from code do not match. Keeping the one from code.
I0229 05:33:11.275802 140688601454400 logging_logger.py:49] Constructing tf.data.Dataset imagenet2012 for split train, from /data/imagenet/jax/imagenet2012/5.1.0
I0229 05:33:12.459543 140688601454400 submission_runner.py:213] Initializing model.
I0229 05:33:22.658394 140688601454400 submission_runner.py:255] Initializing optimizer.
I0229 05:33:24.329876 140688601454400 submission_runner.py:262] Initializing metrics bundle.
I0229 05:33:24.330069 140688601454400 submission_runner.py:280] Initializing checkpoint and logger.
I0229 05:33:24.330950 140688601454400 checkpoints.py:915] Found no checkpoint files in /experiment_runs/prize_qualification_self_tuning/study_1/imagenet_resnet_jax/trial_1 with prefix checkpoint_
I0229 05:33:24.331088 140688601454400 submission_runner.py:300] Saving meta data to /experiment_runs/prize_qualification_self_tuning/study_1/imagenet_resnet_jax/trial_1/meta_data_0.json.
fatal: detected dubious ownership in repository at '/algorithmic-efficiency'
To add an exception for this directory, call:

	git config --global --add safe.directory /algorithmic-efficiency
I0229 05:33:24.640805 140688601454400 logger_utils.py:220] Unable to record git information. Continuing without it.
I0229 05:33:24.920035 140688601454400 submission_runner.py:304] Saving flags to /experiment_runs/prize_qualification_self_tuning/study_1/imagenet_resnet_jax/trial_1/flags_0.json.
I0229 05:33:24.929101 140688601454400 submission_runner.py:314] Starting training loop.
I0229 05:34:15.550608 140523910182656 logging_writer.py:48] [0] global_step=0, grad_norm=0.6575260162353516, loss=6.928964614868164
I0229 05:34:15.566015 140688601454400 spec.py:321] Evaluating on the training split.
I0229 05:34:16.703806 140688601454400 dataset_info.py:578] Load dataset info from /data/imagenet/jax/imagenet2012/5.1.0
I0229 05:34:16.713275 140688601454400 dataset_info.py:669] Fields info.[splits, supervised_keys] from disk and from code do not match. Keeping the one from code.
I0229 05:34:16.798687 140688601454400 logging_logger.py:49] Constructing tf.data.Dataset imagenet2012 for split train, from /data/imagenet/jax/imagenet2012/5.1.0
I0229 05:34:30.202533 140688601454400 spec.py:333] Evaluating on the validation split.
I0229 05:34:31.989191 140688601454400 dataset_info.py:578] Load dataset info from /data/imagenet/jax/imagenet2012/5.1.0
I0229 05:34:31.998212 140688601454400 dataset_info.py:669] Fields info.[splits, supervised_keys] from disk and from code do not match. Keeping the one from code.
I0229 05:34:32.038650 140688601454400 logging_logger.py:49] Constructing tf.data.Dataset imagenet2012 for split validation, from /data/imagenet/jax/imagenet2012/5.1.0
I0229 05:34:47.549946 140688601454400 spec.py:349] Evaluating on the test split.
I0229 05:34:48.407919 140688601454400 dataset_info.py:578] Load dataset info from /data/imagenet/jax/imagenet_v2/matched-frequency/3.0.0
I0229 05:34:48.413985 140688601454400 dataset_builder.py:528] Reusing dataset imagenet_v2 (/data/imagenet/jax/imagenet_v2/matched-frequency/3.0.0)
I0229 05:34:48.456140 140688601454400 logging_logger.py:49] Constructing tf.data.Dataset imagenet_v2 for split test, from /data/imagenet/jax/imagenet_v2/matched-frequency/3.0.0
I0229 05:34:52.591587 140688601454400 submission_runner.py:411] Time since start: 87.66s, 	Step: 1, 	{'train/accuracy': 0.0011559311533346772, 'train/loss': 6.912258625030518, 'validation/accuracy': 0.0011599999852478504, 'validation/loss': 6.9129204750061035, 'validation/num_examples': 50000, 'test/accuracy': 0.0010999999940395355, 'test/loss': 6.9126763343811035, 'test/num_examples': 10000, 'score': 50.636836767196655, 'total_duration': 87.66242718696594, 'accumulated_submission_time': 50.636836767196655, 'accumulated_eval_time': 37.02550530433655, 'accumulated_logging_time': 0}
I0229 05:34:52.608916 140503681070848 logging_writer.py:48] [1] accumulated_eval_time=37.025505, accumulated_logging_time=0, accumulated_submission_time=50.636837, global_step=1, preemption_count=0, score=50.636837, test/accuracy=0.001100, test/loss=6.912676, test/num_examples=10000, total_duration=87.662427, train/accuracy=0.001156, train/loss=6.912259, validation/accuracy=0.001160, validation/loss=6.912920, validation/num_examples=50000
I0229 05:35:26.334485 140503672678144 logging_writer.py:48] [100] global_step=100, grad_norm=0.6766614317893982, loss=6.807253360748291
I0229 05:36:00.177419 140503681070848 logging_writer.py:48] [200] global_step=200, grad_norm=0.7895325422286987, loss=6.571463584899902
I0229 05:36:34.068717 140503672678144 logging_writer.py:48] [300] global_step=300, grad_norm=1.0923726558685303, loss=6.297056198120117
I0229 05:37:07.972636 140503681070848 logging_writer.py:48] [400] global_step=400, grad_norm=1.7477684020996094, loss=6.067274570465088
I0229 05:37:41.874420 140503672678144 logging_writer.py:48] [500] global_step=500, grad_norm=2.9927756786346436, loss=5.859600067138672
I0229 05:38:15.790469 140503681070848 logging_writer.py:48] [600] global_step=600, grad_norm=2.154637575149536, loss=5.560821533203125
I0229 05:38:49.700724 140503672678144 logging_writer.py:48] [700] global_step=700, grad_norm=4.517483234405518, loss=5.448789596557617
I0229 05:39:23.622247 140503681070848 logging_writer.py:48] [800] global_step=800, grad_norm=3.3539161682128906, loss=5.328517436981201
I0229 05:39:57.576105 140503672678144 logging_writer.py:48] [900] global_step=900, grad_norm=3.642387628555298, loss=5.147103309631348
I0229 05:40:31.522040 140503681070848 logging_writer.py:48] [1000] global_step=1000, grad_norm=7.526960372924805, loss=5.082276344299316
I0229 05:41:05.465738 140503672678144 logging_writer.py:48] [1100] global_step=1100, grad_norm=3.4165585041046143, loss=4.90718412399292
I0229 05:41:39.405112 140503681070848 logging_writer.py:48] [1200] global_step=1200, grad_norm=5.394388675689697, loss=4.835025310516357
I0229 05:42:13.353706 140503672678144 logging_writer.py:48] [1300] global_step=1300, grad_norm=5.103870391845703, loss=4.753715991973877
I0229 05:42:47.280875 140503681070848 logging_writer.py:48] [1400] global_step=1400, grad_norm=4.227055072784424, loss=4.713979721069336
I0229 05:43:21.187100 140503672678144 logging_writer.py:48] [1500] global_step=1500, grad_norm=6.338866233825684, loss=4.6383233070373535
I0229 05:43:22.646258 140688601454400 spec.py:321] Evaluating on the training split.
I0229 05:43:29.991297 140688601454400 spec.py:333] Evaluating on the validation split.
I0229 05:43:38.116901 140688601454400 spec.py:349] Evaluating on the test split.
I0229 05:43:40.442712 140688601454400 submission_runner.py:411] Time since start: 615.51s, 	Step: 1506, 	{'train/accuracy': 0.1685267835855484, 'train/loss': 4.295879364013672, 'validation/accuracy': 0.1553799957036972, 'validation/loss': 4.445466995239258, 'validation/num_examples': 50000, 'test/accuracy': 0.11570000648498535, 'test/loss': 4.921426296234131, 'test/num_examples': 10000, 'score': 560.612095117569, 'total_duration': 615.5135684013367, 'accumulated_submission_time': 560.612095117569, 'accumulated_eval_time': 54.821940660476685, 'accumulated_logging_time': 0.02597641944885254}
I0229 05:43:40.459126 140503764932352 logging_writer.py:48] [1506] accumulated_eval_time=54.821941, accumulated_logging_time=0.025976, accumulated_submission_time=560.612095, global_step=1506, preemption_count=0, score=560.612095, test/accuracy=0.115700, test/loss=4.921426, test/num_examples=10000, total_duration=615.513568, train/accuracy=0.168527, train/loss=4.295879, validation/accuracy=0.155380, validation/loss=4.445467, validation/num_examples=50000
I0229 05:44:12.686537 140503773325056 logging_writer.py:48] [1600] global_step=1600, grad_norm=3.6026859283447266, loss=4.326952934265137
I0229 05:44:46.591690 140503764932352 logging_writer.py:48] [1700] global_step=1700, grad_norm=6.169818878173828, loss=4.237030506134033
I0229 05:45:20.519011 140503773325056 logging_writer.py:48] [1800] global_step=1800, grad_norm=3.7188189029693604, loss=4.35934591293335
I0229 05:45:54.411132 140503764932352 logging_writer.py:48] [1900] global_step=1900, grad_norm=5.597654819488525, loss=4.1138458251953125
I0229 05:46:28.474819 140503773325056 logging_writer.py:48] [2000] global_step=2000, grad_norm=5.130547523498535, loss=4.093710899353027
I0229 05:47:02.404438 140503764932352 logging_writer.py:48] [2100] global_step=2100, grad_norm=3.6263577938079834, loss=3.9782679080963135
I0229 05:47:36.331008 140503773325056 logging_writer.py:48] [2200] global_step=2200, grad_norm=4.684070587158203, loss=3.921891212463379
I0229 05:48:10.245004 140503764932352 logging_writer.py:48] [2300] global_step=2300, grad_norm=5.168115615844727, loss=3.760606050491333
I0229 05:48:44.180119 140503773325056 logging_writer.py:48] [2400] global_step=2400, grad_norm=5.4577531814575195, loss=3.7075934410095215
I0229 05:49:18.078454 140503764932352 logging_writer.py:48] [2500] global_step=2500, grad_norm=3.4265143871307373, loss=3.8183891773223877
I0229 05:49:51.969005 140503773325056 logging_writer.py:48] [2600] global_step=2600, grad_norm=3.7355082035064697, loss=3.6895592212677
I0229 05:50:25.895860 140503764932352 logging_writer.py:48] [2700] global_step=2700, grad_norm=4.214271068572998, loss=3.5903522968292236
I0229 05:50:59.809357 140503773325056 logging_writer.py:48] [2800] global_step=2800, grad_norm=3.320155620574951, loss=3.511385679244995
I0229 05:51:33.747394 140503764932352 logging_writer.py:48] [2900] global_step=2900, grad_norm=5.285017490386963, loss=3.577918767929077
I0229 05:52:07.678119 140503773325056 logging_writer.py:48] [3000] global_step=3000, grad_norm=4.145558834075928, loss=3.318617343902588
I0229 05:52:10.587306 140688601454400 spec.py:321] Evaluating on the training split.
I0229 05:52:17.770674 140688601454400 spec.py:333] Evaluating on the validation split.
I0229 05:52:26.029984 140688601454400 spec.py:349] Evaluating on the test split.
I0229 05:52:28.283754 140688601454400 submission_runner.py:411] Time since start: 1143.35s, 	Step: 3010, 	{'train/accuracy': 0.33982381224632263, 'train/loss': 3.0561516284942627, 'validation/accuracy': 0.31035998463630676, 'validation/loss': 3.23838472366333, 'validation/num_examples': 50000, 'test/accuracy': 0.22990001738071442, 'test/loss': 3.900252103805542, 'test/num_examples': 10000, 'score': 1070.6800384521484, 'total_duration': 1143.3546075820923, 'accumulated_submission_time': 1070.6800384521484, 'accumulated_eval_time': 72.51834774017334, 'accumulated_logging_time': 0.05192422866821289}
I0229 05:52:28.300261 140526514837248 logging_writer.py:48] [3010] accumulated_eval_time=72.518348, accumulated_logging_time=0.051924, accumulated_submission_time=1070.680038, global_step=3010, preemption_count=0, score=1070.680038, test/accuracy=0.229900, test/loss=3.900252, test/num_examples=10000, total_duration=1143.354608, train/accuracy=0.339824, train/loss=3.056152, validation/accuracy=0.310360, validation/loss=3.238385, validation/num_examples=50000
I0229 05:52:59.101193 140526523229952 logging_writer.py:48] [3100] global_step=3100, grad_norm=3.2464959621429443, loss=3.4448068141937256
I0229 05:53:32.943985 140526514837248 logging_writer.py:48] [3200] global_step=3200, grad_norm=3.4527158737182617, loss=3.2646429538726807
I0229 05:54:06.837001 140526523229952 logging_writer.py:48] [3300] global_step=3300, grad_norm=4.151901721954346, loss=3.210317611694336
I0229 05:54:40.719420 140526514837248 logging_writer.py:48] [3400] global_step=3400, grad_norm=4.0780029296875, loss=3.1943721771240234
I0229 05:55:14.616261 140526523229952 logging_writer.py:48] [3500] global_step=3500, grad_norm=3.2231006622314453, loss=3.1855320930480957
I0229 05:55:48.531636 140526514837248 logging_writer.py:48] [3600] global_step=3600, grad_norm=2.6749696731567383, loss=3.258486270904541
I0229 05:56:22.400598 140526523229952 logging_writer.py:48] [3700] global_step=3700, grad_norm=3.2727952003479004, loss=3.102062702178955
I0229 05:56:56.305490 140526514837248 logging_writer.py:48] [3800] global_step=3800, grad_norm=2.6664528846740723, loss=3.0043623447418213
I0229 05:57:30.192630 140526523229952 logging_writer.py:48] [3900] global_step=3900, grad_norm=3.5453991889953613, loss=3.085463762283325
I0229 05:58:04.081079 140526514837248 logging_writer.py:48] [4000] global_step=4000, grad_norm=4.520927429199219, loss=2.9764668941497803
I0229 05:58:37.979503 140526523229952 logging_writer.py:48] [4100] global_step=4100, grad_norm=2.6866681575775146, loss=2.9609875679016113
I0229 05:59:11.861733 140526514837248 logging_writer.py:48] [4200] global_step=4200, grad_norm=2.3391854763031006, loss=2.8132596015930176
I0229 05:59:45.719938 140526523229952 logging_writer.py:48] [4300] global_step=4300, grad_norm=1.889339566230774, loss=2.9623074531555176
I0229 06:00:19.598828 140526514837248 logging_writer.py:48] [4400] global_step=4400, grad_norm=2.5228209495544434, loss=2.9317822456359863
I0229 06:00:53.448032 140526523229952 logging_writer.py:48] [4500] global_step=4500, grad_norm=2.583362579345703, loss=2.7691800594329834
I0229 06:00:58.285497 140688601454400 spec.py:321] Evaluating on the training split.
I0229 06:01:05.714883 140688601454400 spec.py:333] Evaluating on the validation split.
I0229 06:01:13.981827 140688601454400 spec.py:349] Evaluating on the test split.
I0229 06:01:16.277337 140688601454400 submission_runner.py:411] Time since start: 1671.35s, 	Step: 4516, 	{'train/accuracy': 0.46709582209587097, 'train/loss': 2.3323709964752197, 'validation/accuracy': 0.43675997853279114, 'validation/loss': 2.5136337280273438, 'validation/num_examples': 50000, 'test/accuracy': 0.3290000259876251, 'test/loss': 3.260066509246826, 'test/num_examples': 10000, 'score': 1580.6047410964966, 'total_duration': 1671.3481891155243, 'accumulated_submission_time': 1580.6047410964966, 'accumulated_eval_time': 90.5101797580719, 'accumulated_logging_time': 0.07838964462280273}
I0229 06:01:16.294821 140525759887104 logging_writer.py:48] [4516] accumulated_eval_time=90.510180, accumulated_logging_time=0.078390, accumulated_submission_time=1580.604741, global_step=4516, preemption_count=0, score=1580.604741, test/accuracy=0.329000, test/loss=3.260067, test/num_examples=10000, total_duration=1671.348189, train/accuracy=0.467096, train/loss=2.332371, validation/accuracy=0.436760, validation/loss=2.513634, validation/num_examples=50000
I0229 06:01:45.032282 140525843748608 logging_writer.py:48] [4600] global_step=4600, grad_norm=2.4197211265563965, loss=2.6936593055725098
I0229 06:02:18.876826 140525759887104 logging_writer.py:48] [4700] global_step=4700, grad_norm=2.554697275161743, loss=2.771472930908203
I0229 06:02:52.717749 140525843748608 logging_writer.py:48] [4800] global_step=4800, grad_norm=2.7908499240875244, loss=2.7218592166900635
I0229 06:03:26.580171 140525759887104 logging_writer.py:48] [4900] global_step=4900, grad_norm=2.886998414993286, loss=2.7673227787017822
I0229 06:04:00.424471 140525843748608 logging_writer.py:48] [5000] global_step=5000, grad_norm=2.4276318550109863, loss=2.479900360107422
I0229 06:04:34.333941 140525759887104 logging_writer.py:48] [5100] global_step=5100, grad_norm=3.278559684753418, loss=2.641571044921875
I0229 06:05:08.172477 140525843748608 logging_writer.py:48] [5200] global_step=5200, grad_norm=2.4764978885650635, loss=2.683577299118042
I0229 06:05:42.026491 140525759887104 logging_writer.py:48] [5300] global_step=5300, grad_norm=1.9361541271209717, loss=2.560927152633667
I0229 06:06:15.877687 140525843748608 logging_writer.py:48] [5400] global_step=5400, grad_norm=2.153738498687744, loss=2.5857715606689453
I0229 06:06:49.701096 140525759887104 logging_writer.py:48] [5500] global_step=5500, grad_norm=2.437617778778076, loss=2.4532217979431152
I0229 06:07:23.510679 140525843748608 logging_writer.py:48] [5600] global_step=5600, grad_norm=2.1043834686279297, loss=2.4809277057647705
I0229 06:07:57.348635 140525759887104 logging_writer.py:48] [5700] global_step=5700, grad_norm=1.9887441396713257, loss=2.596977710723877
I0229 06:08:31.220039 140525843748608 logging_writer.py:48] [5800] global_step=5800, grad_norm=2.508662700653076, loss=2.36625337600708
I0229 06:09:05.045481 140525759887104 logging_writer.py:48] [5900] global_step=5900, grad_norm=1.9563696384429932, loss=2.4987900257110596
I0229 06:09:38.844429 140525843748608 logging_writer.py:48] [6000] global_step=6000, grad_norm=1.7836419343948364, loss=2.415971517562866
I0229 06:09:46.369055 140688601454400 spec.py:321] Evaluating on the training split.
I0229 06:09:53.404747 140688601454400 spec.py:333] Evaluating on the validation split.
I0229 06:10:01.776481 140688601454400 spec.py:349] Evaluating on the test split.
I0229 06:10:04.099370 140688601454400 submission_runner.py:411] Time since start: 2199.17s, 	Step: 6024, 	{'train/accuracy': 0.5397201776504517, 'train/loss': 1.9583563804626465, 'validation/accuracy': 0.5008000135421753, 'validation/loss': 2.161590337753296, 'validation/num_examples': 50000, 'test/accuracy': 0.38520002365112305, 'test/loss': 2.8951804637908936, 'test/num_examples': 10000, 'score': 2090.61950135231, 'total_duration': 2199.1702225208282, 'accumulated_submission_time': 2090.61950135231, 'accumulated_eval_time': 108.24045300483704, 'accumulated_logging_time': 0.10556888580322266}
I0229 06:10:04.116857 140525743101696 logging_writer.py:48] [6024] accumulated_eval_time=108.240453, accumulated_logging_time=0.105569, accumulated_submission_time=2090.619501, global_step=6024, preemption_count=0, score=2090.619501, test/accuracy=0.385200, test/loss=2.895180, test/num_examples=10000, total_duration=2199.170223, train/accuracy=0.539720, train/loss=1.958356, validation/accuracy=0.500800, validation/loss=2.161590, validation/num_examples=50000
I0229 06:10:30.156980 140525751494400 logging_writer.py:48] [6100] global_step=6100, grad_norm=2.987626552581787, loss=2.4405388832092285
I0229 06:11:03.971859 140525743101696 logging_writer.py:48] [6200] global_step=6200, grad_norm=2.707117795944214, loss=2.4052255153656006
I0229 06:11:37.819045 140525751494400 logging_writer.py:48] [6300] global_step=6300, grad_norm=2.547294855117798, loss=2.3594133853912354
I0229 06:12:11.670616 140525743101696 logging_writer.py:48] [6400] global_step=6400, grad_norm=2.1158902645111084, loss=2.2873661518096924
I0229 06:12:45.518032 140525751494400 logging_writer.py:48] [6500] global_step=6500, grad_norm=1.9126641750335693, loss=2.4140028953552246
I0229 06:13:19.388023 140525743101696 logging_writer.py:48] [6600] global_step=6600, grad_norm=2.2499678134918213, loss=2.3849027156829834
I0229 06:13:53.231329 140525751494400 logging_writer.py:48] [6700] global_step=6700, grad_norm=2.0178277492523193, loss=2.2122933864593506
I0229 06:14:27.071400 140525743101696 logging_writer.py:48] [6800] global_step=6800, grad_norm=1.8515115976333618, loss=2.410256862640381
I0229 06:15:00.915553 140525751494400 logging_writer.py:48] [6900] global_step=6900, grad_norm=1.9297481775283813, loss=2.3243579864501953
I0229 06:15:34.765053 140525743101696 logging_writer.py:48] [7000] global_step=7000, grad_norm=2.0023815631866455, loss=2.3038079738616943
I0229 06:16:08.601824 140525751494400 logging_writer.py:48] [7100] global_step=7100, grad_norm=1.8899760246276855, loss=2.1549196243286133
I0229 06:16:42.447910 140525743101696 logging_writer.py:48] [7200] global_step=7200, grad_norm=1.81270170211792, loss=2.3308517932891846
I0229 06:17:16.283617 140525751494400 logging_writer.py:48] [7300] global_step=7300, grad_norm=1.9996278285980225, loss=2.1906328201293945
I0229 06:17:50.121233 140525743101696 logging_writer.py:48] [7400] global_step=7400, grad_norm=2.283381700515747, loss=2.3201851844787598
I0229 06:18:23.959824 140525751494400 logging_writer.py:48] [7500] global_step=7500, grad_norm=2.2674624919891357, loss=2.3207321166992188
I0229 06:18:34.198728 140688601454400 spec.py:321] Evaluating on the training split.
I0229 06:18:41.330017 140688601454400 spec.py:333] Evaluating on the validation split.
I0229 06:18:49.723813 140688601454400 spec.py:349] Evaluating on the test split.
I0229 06:18:51.992076 140688601454400 submission_runner.py:411] Time since start: 2727.06s, 	Step: 7532, 	{'train/accuracy': 0.5772082209587097, 'train/loss': 1.7723355293273926, 'validation/accuracy': 0.5385599732398987, 'validation/loss': 1.980293869972229, 'validation/num_examples': 50000, 'test/accuracy': 0.41750001907348633, 'test/loss': 2.7358531951904297, 'test/num_examples': 10000, 'score': 2600.636000394821, 'total_duration': 2727.0629329681396, 'accumulated_submission_time': 2600.636000394821, 'accumulated_eval_time': 126.03376865386963, 'accumulated_logging_time': 0.13748550415039062}
I0229 06:18:52.010716 140525541775104 logging_writer.py:48] [7532] accumulated_eval_time=126.033769, accumulated_logging_time=0.137486, accumulated_submission_time=2600.636000, global_step=7532, preemption_count=0, score=2600.636000, test/accuracy=0.417500, test/loss=2.735853, test/num_examples=10000, total_duration=2727.062933, train/accuracy=0.577208, train/loss=1.772336, validation/accuracy=0.538560, validation/loss=1.980294, validation/num_examples=50000
I0229 06:19:15.316128 140525550167808 logging_writer.py:48] [7600] global_step=7600, grad_norm=1.8938648700714111, loss=2.2189137935638428
I0229 06:19:49.103719 140525541775104 logging_writer.py:48] [7700] global_step=7700, grad_norm=2.0402815341949463, loss=2.2864508628845215
I0229 06:20:22.947157 140525550167808 logging_writer.py:48] [7800] global_step=7800, grad_norm=1.4774099588394165, loss=2.118788003921509
I0229 06:20:56.791883 140525541775104 logging_writer.py:48] [7900] global_step=7900, grad_norm=2.0307085514068604, loss=2.217641592025757
I0229 06:21:30.628091 140525550167808 logging_writer.py:48] [8000] global_step=8000, grad_norm=1.9181910753250122, loss=2.2592525482177734
I0229 06:22:04.463419 140525541775104 logging_writer.py:48] [8100] global_step=8100, grad_norm=1.59134840965271, loss=2.2665047645568848
I0229 06:22:38.298475 140525550167808 logging_writer.py:48] [8200] global_step=8200, grad_norm=2.5273239612579346, loss=2.1704516410827637
I0229 06:23:12.183769 140525541775104 logging_writer.py:48] [8300] global_step=8300, grad_norm=1.4717153310775757, loss=2.1894092559814453
I0229 06:23:45.992934 140525550167808 logging_writer.py:48] [8400] global_step=8400, grad_norm=1.4844754934310913, loss=2.2654712200164795
I0229 06:24:19.821560 140525541775104 logging_writer.py:48] [8500] global_step=8500, grad_norm=2.095806837081909, loss=2.19333815574646
I0229 06:24:53.655290 140525550167808 logging_writer.py:48] [8600] global_step=8600, grad_norm=2.062910795211792, loss=2.181652545928955
I0229 06:25:27.482089 140525541775104 logging_writer.py:48] [8700] global_step=8700, grad_norm=1.5253864526748657, loss=2.0567057132720947
I0229 06:26:01.341289 140525550167808 logging_writer.py:48] [8800] global_step=8800, grad_norm=2.3026583194732666, loss=2.124115467071533
I0229 06:26:35.165175 140525541775104 logging_writer.py:48] [8900] global_step=8900, grad_norm=1.7496341466903687, loss=2.215945243835449
I0229 06:27:08.977870 140525550167808 logging_writer.py:48] [9000] global_step=9000, grad_norm=1.635273814201355, loss=2.12419056892395
I0229 06:27:22.281615 140688601454400 spec.py:321] Evaluating on the training split.
I0229 06:27:29.553537 140688601454400 spec.py:333] Evaluating on the validation split.
I0229 06:27:37.867603 140688601454400 spec.py:349] Evaluating on the test split.
I0229 06:27:40.102021 140688601454400 submission_runner.py:411] Time since start: 3255.17s, 	Step: 9041, 	{'train/accuracy': 0.6067641973495483, 'train/loss': 1.6266725063323975, 'validation/accuracy': 0.5556600093841553, 'validation/loss': 1.8939425945281982, 'validation/num_examples': 50000, 'test/accuracy': 0.43070003390312195, 'test/loss': 2.655898094177246, 'test/num_examples': 10000, 'score': 3110.8438572883606, 'total_duration': 3255.172870874405, 'accumulated_submission_time': 3110.8438572883606, 'accumulated_eval_time': 143.8541338443756, 'accumulated_logging_time': 0.16742849349975586}
I0229 06:27:40.119559 140525852141312 logging_writer.py:48] [9041] accumulated_eval_time=143.854134, accumulated_logging_time=0.167428, accumulated_submission_time=3110.843857, global_step=9041, preemption_count=0, score=3110.843857, test/accuracy=0.430700, test/loss=2.655898, test/num_examples=10000, total_duration=3255.172871, train/accuracy=0.606764, train/loss=1.626673, validation/accuracy=0.555660, validation/loss=1.893943, validation/num_examples=50000
I0229 06:28:00.408865 140525860534016 logging_writer.py:48] [9100] global_step=9100, grad_norm=1.5973907709121704, loss=2.188377618789673
I0229 06:28:34.209424 140525852141312 logging_writer.py:48] [9200] global_step=9200, grad_norm=2.2739531993865967, loss=2.084899425506592
I0229 06:29:08.089944 140525860534016 logging_writer.py:48] [9300] global_step=9300, grad_norm=2.09635853767395, loss=2.117291212081909
I0229 06:29:41.908350 140525852141312 logging_writer.py:48] [9400] global_step=9400, grad_norm=2.1055305004119873, loss=2.173403739929199
I0229 06:30:15.775088 140525860534016 logging_writer.py:48] [9500] global_step=9500, grad_norm=1.852542519569397, loss=2.0832135677337646
I0229 06:30:49.648427 140525852141312 logging_writer.py:48] [9600] global_step=9600, grad_norm=1.940041184425354, loss=2.0993716716766357
I0229 06:31:23.526741 140525860534016 logging_writer.py:48] [9700] global_step=9700, grad_norm=1.5856555700302124, loss=2.0492663383483887
I0229 06:31:57.396234 140525852141312 logging_writer.py:48] [9800] global_step=9800, grad_norm=2.466928720474243, loss=2.0696475505828857
I0229 06:32:31.231981 140525860534016 logging_writer.py:48] [9900] global_step=9900, grad_norm=1.5126726627349854, loss=2.073765754699707
I0229 06:33:05.081362 140525852141312 logging_writer.py:48] [10000] global_step=10000, grad_norm=1.4863595962524414, loss=2.0302772521972656
I0229 06:33:38.942270 140525860534016 logging_writer.py:48] [10100] global_step=10100, grad_norm=1.6509438753128052, loss=2.037276268005371
I0229 06:34:12.778506 140525852141312 logging_writer.py:48] [10200] global_step=10200, grad_norm=1.8251327276229858, loss=2.099381923675537
I0229 06:34:46.584292 140525860534016 logging_writer.py:48] [10300] global_step=10300, grad_norm=1.5538675785064697, loss=2.0660150051116943
I0229 06:35:20.574612 140525852141312 logging_writer.py:48] [10400] global_step=10400, grad_norm=1.4870280027389526, loss=2.132744550704956
I0229 06:35:54.356657 140525860534016 logging_writer.py:48] [10500] global_step=10500, grad_norm=2.013505220413208, loss=2.176990509033203
I0229 06:36:10.364830 140688601454400 spec.py:321] Evaluating on the training split.
I0229 06:36:17.780680 140688601454400 spec.py:333] Evaluating on the validation split.
I0229 06:36:26.418043 140688601454400 spec.py:349] Evaluating on the test split.
I0229 06:36:28.662591 140688601454400 submission_runner.py:411] Time since start: 3783.73s, 	Step: 10549, 	{'train/accuracy': 0.6285674571990967, 'train/loss': 1.5007295608520508, 'validation/accuracy': 0.5639199614524841, 'validation/loss': 1.8578181266784668, 'validation/num_examples': 50000, 'test/accuracy': 0.44450002908706665, 'test/loss': 2.585268497467041, 'test/num_examples': 10000, 'score': 3621.028754234314, 'total_duration': 3783.733434200287, 'accumulated_submission_time': 3621.028754234314, 'accumulated_eval_time': 162.1518476009369, 'accumulated_logging_time': 0.1943204402923584}
I0229 06:36:28.680958 140525264946944 logging_writer.py:48] [10549] accumulated_eval_time=162.151848, accumulated_logging_time=0.194320, accumulated_submission_time=3621.028754, global_step=10549, preemption_count=0, score=3621.028754, test/accuracy=0.444500, test/loss=2.585268, test/num_examples=10000, total_duration=3783.733434, train/accuracy=0.628567, train/loss=1.500730, validation/accuracy=0.563920, validation/loss=1.857818, validation/num_examples=50000
I0229 06:36:46.209371 140525273339648 logging_writer.py:48] [10600] global_step=10600, grad_norm=1.5255846977233887, loss=2.087686061859131
I0229 06:37:19.980221 140525264946944 logging_writer.py:48] [10700] global_step=10700, grad_norm=1.7192959785461426, loss=2.105154275894165
I0229 06:37:53.775424 140525273339648 logging_writer.py:48] [10800] global_step=10800, grad_norm=2.2125906944274902, loss=1.9930427074432373
I0229 06:38:27.590360 140525264946944 logging_writer.py:48] [10900] global_step=10900, grad_norm=1.7535006999969482, loss=2.0770320892333984
I0229 06:39:01.429961 140525273339648 logging_writer.py:48] [11000] global_step=11000, grad_norm=2.0309407711029053, loss=2.161696195602417
I0229 06:39:35.292163 140525264946944 logging_writer.py:48] [11100] global_step=11100, grad_norm=2.488585948944092, loss=1.976696491241455
I0229 06:40:09.110712 140525273339648 logging_writer.py:48] [11200] global_step=11200, grad_norm=1.713517665863037, loss=2.0462698936462402
I0229 06:40:42.917993 140525264946944 logging_writer.py:48] [11300] global_step=11300, grad_norm=1.5654674768447876, loss=1.9447680711746216
I0229 06:41:16.859913 140525273339648 logging_writer.py:48] [11400] global_step=11400, grad_norm=1.5609896183013916, loss=2.048938751220703
I0229 06:41:50.677051 140525264946944 logging_writer.py:48] [11500] global_step=11500, grad_norm=1.5206928253173828, loss=1.9624803066253662
I0229 06:42:24.479714 140525273339648 logging_writer.py:48] [11600] global_step=11600, grad_norm=1.5373831987380981, loss=2.0752785205841064
I0229 06:42:58.324640 140525264946944 logging_writer.py:48] [11700] global_step=11700, grad_norm=1.5727689266204834, loss=2.1589550971984863
I0229 06:43:32.156642 140525273339648 logging_writer.py:48] [11800] global_step=11800, grad_norm=1.8757214546203613, loss=2.1064224243164062
I0229 06:44:06.000767 140525264946944 logging_writer.py:48] [11900] global_step=11900, grad_norm=1.5821385383605957, loss=2.0201807022094727
I0229 06:44:39.850767 140525273339648 logging_writer.py:48] [12000] global_step=12000, grad_norm=1.6746470928192139, loss=2.028860092163086
I0229 06:44:58.915722 140688601454400 spec.py:321] Evaluating on the training split.
I0229 06:45:06.251407 140688601454400 spec.py:333] Evaluating on the validation split.
I0229 06:45:14.816892 140688601454400 spec.py:349] Evaluating on the test split.
I0229 06:45:17.115816 140688601454400 submission_runner.py:411] Time since start: 4312.19s, 	Step: 12058, 	{'train/accuracy': 0.6300023794174194, 'train/loss': 1.498435378074646, 'validation/accuracy': 0.5737599730491638, 'validation/loss': 1.8043254613876343, 'validation/num_examples': 50000, 'test/accuracy': 0.4433000087738037, 'test/loss': 2.5808615684509277, 'test/num_examples': 10000, 'score': 4131.20413517952, 'total_duration': 4312.186669111252, 'accumulated_submission_time': 4131.20413517952, 'accumulated_eval_time': 180.35190606117249, 'accumulated_logging_time': 0.22214174270629883}
I0229 06:45:17.143135 140524535142144 logging_writer.py:48] [12058] accumulated_eval_time=180.351906, accumulated_logging_time=0.222142, accumulated_submission_time=4131.204135, global_step=12058, preemption_count=0, score=4131.204135, test/accuracy=0.443300, test/loss=2.580862, test/num_examples=10000, total_duration=4312.186669, train/accuracy=0.630002, train/loss=1.498435, validation/accuracy=0.573760, validation/loss=1.804325, validation/num_examples=50000
I0229 06:45:31.675684 140524543534848 logging_writer.py:48] [12100] global_step=12100, grad_norm=1.6582269668579102, loss=2.087336301803589
I0229 06:46:05.469220 140524535142144 logging_writer.py:48] [12200] global_step=12200, grad_norm=1.8559520244598389, loss=1.9576082229614258
I0229 06:46:39.314424 140524543534848 logging_writer.py:48] [12300] global_step=12300, grad_norm=1.3397630453109741, loss=2.0825209617614746
I0229 06:47:13.171986 140524535142144 logging_writer.py:48] [12400] global_step=12400, grad_norm=1.569014072418213, loss=2.1018013954162598
I0229 06:47:47.035838 140524543534848 logging_writer.py:48] [12500] global_step=12500, grad_norm=1.5111929178237915, loss=2.0273239612579346
I0229 06:48:20.888437 140524535142144 logging_writer.py:48] [12600] global_step=12600, grad_norm=1.3649541139602661, loss=2.033830165863037
I0229 06:48:54.709120 140524543534848 logging_writer.py:48] [12700] global_step=12700, grad_norm=1.4105831384658813, loss=1.915770173072815
I0229 06:49:28.554285 140524535142144 logging_writer.py:48] [12800] global_step=12800, grad_norm=1.5480529069900513, loss=1.9164198637008667
I0229 06:50:02.418479 140524543534848 logging_writer.py:48] [12900] global_step=12900, grad_norm=1.9519033432006836, loss=1.9633393287658691
I0229 06:50:36.260276 140524535142144 logging_writer.py:48] [13000] global_step=13000, grad_norm=1.384346842765808, loss=2.087409019470215
I0229 06:51:10.102846 140524543534848 logging_writer.py:48] [13100] global_step=13100, grad_norm=1.5676782131195068, loss=2.060572862625122
I0229 06:51:43.953400 140524535142144 logging_writer.py:48] [13200] global_step=13200, grad_norm=1.5260268449783325, loss=2.0233545303344727
I0229 06:52:17.798027 140524543534848 logging_writer.py:48] [13300] global_step=13300, grad_norm=1.294997215270996, loss=1.9754536151885986
I0229 06:52:51.634256 140524535142144 logging_writer.py:48] [13400] global_step=13400, grad_norm=1.5909340381622314, loss=1.8545048236846924
I0229 06:53:25.506540 140524543534848 logging_writer.py:48] [13500] global_step=13500, grad_norm=1.32404625415802, loss=1.9174535274505615
I0229 06:53:47.233800 140688601454400 spec.py:321] Evaluating on the training split.
I0229 06:53:54.711881 140688601454400 spec.py:333] Evaluating on the validation split.
I0229 06:54:03.554971 140688601454400 spec.py:349] Evaluating on the test split.
I0229 06:54:05.853589 140688601454400 submission_runner.py:411] Time since start: 4840.92s, 	Step: 13566, 	{'train/accuracy': 0.6170080900192261, 'train/loss': 1.5616915225982666, 'validation/accuracy': 0.5643399953842163, 'validation/loss': 1.8516933917999268, 'validation/num_examples': 50000, 'test/accuracy': 0.4456000328063965, 'test/loss': 2.5929534435272217, 'test/num_examples': 10000, 'score': 4641.235483169556, 'total_duration': 4840.924443721771, 'accumulated_submission_time': 4641.235483169556, 'accumulated_eval_time': 198.97168898582458, 'accumulated_logging_time': 0.2587699890136719}
I0229 06:54:05.873394 140524191205120 logging_writer.py:48] [13566] accumulated_eval_time=198.971689, accumulated_logging_time=0.258770, accumulated_submission_time=4641.235483, global_step=13566, preemption_count=0, score=4641.235483, test/accuracy=0.445600, test/loss=2.592953, test/num_examples=10000, total_duration=4840.924444, train/accuracy=0.617008, train/loss=1.561692, validation/accuracy=0.564340, validation/loss=1.851693, validation/num_examples=50000
I0229 06:54:17.688270 140524199597824 logging_writer.py:48] [13600] global_step=13600, grad_norm=1.4719675779342651, loss=1.932811975479126
I0229 06:54:51.494653 140524191205120 logging_writer.py:48] [13700] global_step=13700, grad_norm=1.3536607027053833, loss=1.9640910625457764
I0229 06:55:25.288272 140524199597824 logging_writer.py:48] [13800] global_step=13800, grad_norm=1.4348480701446533, loss=1.866288423538208
I0229 06:55:59.115364 140524191205120 logging_writer.py:48] [13900] global_step=13900, grad_norm=1.9822999238967896, loss=1.9972302913665771
I0229 06:56:32.933345 140524199597824 logging_writer.py:48] [14000] global_step=14000, grad_norm=1.7510077953338623, loss=2.024204730987549
I0229 06:57:06.777534 140524191205120 logging_writer.py:48] [14100] global_step=14100, grad_norm=1.6680275201797485, loss=1.9707995653152466
I0229 06:57:40.609941 140524199597824 logging_writer.py:48] [14200] global_step=14200, grad_norm=1.4641597270965576, loss=1.8997926712036133
I0229 06:58:14.442956 140524191205120 logging_writer.py:48] [14300] global_step=14300, grad_norm=1.7236509323120117, loss=1.7874799966812134
I0229 06:58:48.276631 140524199597824 logging_writer.py:48] [14400] global_step=14400, grad_norm=1.5471612215042114, loss=1.919966459274292
I0229 06:59:22.098678 140524191205120 logging_writer.py:48] [14500] global_step=14500, grad_norm=1.7531719207763672, loss=1.9320803880691528
I0229 06:59:55.909948 140524199597824 logging_writer.py:48] [14600] global_step=14600, grad_norm=1.5468107461929321, loss=1.9859284162521362
I0229 07:00:29.703018 140524191205120 logging_writer.py:48] [14700] global_step=14700, grad_norm=2.4041550159454346, loss=1.9572066068649292
I0229 07:01:03.475439 140524199597824 logging_writer.py:48] [14800] global_step=14800, grad_norm=1.655902624130249, loss=1.8480010032653809
I0229 07:01:37.309390 140524191205120 logging_writer.py:48] [14900] global_step=14900, grad_norm=1.5135200023651123, loss=1.8543683290481567
I0229 07:02:11.142253 140524199597824 logging_writer.py:48] [15000] global_step=15000, grad_norm=1.7479631900787354, loss=1.8666090965270996
I0229 07:02:35.915095 140688601454400 spec.py:321] Evaluating on the training split.
I0229 07:02:44.072862 140688601454400 spec.py:333] Evaluating on the validation split.
I0229 07:02:52.616902 140688601454400 spec.py:349] Evaluating on the test split.
I0229 07:02:54.889202 140688601454400 submission_runner.py:411] Time since start: 5369.96s, 	Step: 15075, 	{'train/accuracy': 0.6428770422935486, 'train/loss': 1.4448336362838745, 'validation/accuracy': 0.5908399820327759, 'validation/loss': 1.7287929058074951, 'validation/num_examples': 50000, 'test/accuracy': 0.4571000337600708, 'test/loss': 2.5280418395996094, 'test/num_examples': 10000, 'score': 5151.217526912689, 'total_duration': 5369.960024833679, 'accumulated_submission_time': 5151.217526912689, 'accumulated_eval_time': 217.94574451446533, 'accumulated_logging_time': 0.2880523204803467}
I0229 07:02:54.923827 140524191205120 logging_writer.py:48] [15075] accumulated_eval_time=217.945745, accumulated_logging_time=0.288052, accumulated_submission_time=5151.217527, global_step=15075, preemption_count=0, score=5151.217527, test/accuracy=0.457100, test/loss=2.528042, test/num_examples=10000, total_duration=5369.960025, train/accuracy=0.642877, train/loss=1.444834, validation/accuracy=0.590840, validation/loss=1.728793, validation/num_examples=50000
I0229 07:03:03.714544 140524199597824 logging_writer.py:48] [15100] global_step=15100, grad_norm=1.5974723100662231, loss=2.0342938899993896
I0229 07:03:37.475373 140524191205120 logging_writer.py:48] [15200] global_step=15200, grad_norm=1.5440083742141724, loss=1.8865236043930054
I0229 07:04:11.276667 140524199597824 logging_writer.py:48] [15300] global_step=15300, grad_norm=1.4756474494934082, loss=1.836560606956482
I0229 07:04:45.064197 140524191205120 logging_writer.py:48] [15400] global_step=15400, grad_norm=1.67684006690979, loss=1.9486451148986816
I0229 07:05:18.889363 140524199597824 logging_writer.py:48] [15500] global_step=15500, grad_norm=1.501907467842102, loss=1.9192582368850708
I0229 07:05:52.826942 140524191205120 logging_writer.py:48] [15600] global_step=15600, grad_norm=1.5877580642700195, loss=1.9243966341018677
I0229 07:06:26.654541 140524199597824 logging_writer.py:48] [15700] global_step=15700, grad_norm=1.7366567850112915, loss=2.0308499336242676
I0229 07:07:00.512049 140524191205120 logging_writer.py:48] [15800] global_step=15800, grad_norm=1.5908609628677368, loss=1.8640313148498535
I0229 07:07:34.344138 140524199597824 logging_writer.py:48] [15900] global_step=15900, grad_norm=1.833412528038025, loss=1.8706482648849487
I0229 07:08:08.145395 140524191205120 logging_writer.py:48] [16000] global_step=16000, grad_norm=1.732161283493042, loss=1.9076359272003174
I0229 07:08:41.947523 140524199597824 logging_writer.py:48] [16100] global_step=16100, grad_norm=1.6646029949188232, loss=1.8389546871185303
I0229 07:09:15.759467 140524191205120 logging_writer.py:48] [16200] global_step=16200, grad_norm=1.7288181781768799, loss=1.8064649105072021
I0229 07:09:49.580080 140524199597824 logging_writer.py:48] [16300] global_step=16300, grad_norm=1.6548482179641724, loss=1.8259589672088623
I0229 07:10:23.377974 140524191205120 logging_writer.py:48] [16400] global_step=16400, grad_norm=1.6018799543380737, loss=1.7249397039413452
I0229 07:10:57.222185 140524199597824 logging_writer.py:48] [16500] global_step=16500, grad_norm=1.7274088859558105, loss=1.987441897392273
I0229 07:11:25.062600 140688601454400 spec.py:321] Evaluating on the training split.
I0229 07:11:32.672944 140688601454400 spec.py:333] Evaluating on the validation split.
I0229 07:11:41.228411 140688601454400 spec.py:349] Evaluating on the test split.
I0229 07:11:43.489726 140688601454400 submission_runner.py:411] Time since start: 5898.56s, 	Step: 16584, 	{'train/accuracy': 0.6567881107330322, 'train/loss': 1.3828415870666504, 'validation/accuracy': 0.6065399646759033, 'validation/loss': 1.6479262113571167, 'validation/num_examples': 50000, 'test/accuracy': 0.4767000079154968, 'test/loss': 2.3770153522491455, 'test/num_examples': 10000, 'score': 5661.294228553772, 'total_duration': 5898.560553789139, 'accumulated_submission_time': 5661.294228553772, 'accumulated_eval_time': 236.3728106021881, 'accumulated_logging_time': 0.33284974098205566}
I0229 07:11:43.513288 140525256554240 logging_writer.py:48] [16584] accumulated_eval_time=236.372811, accumulated_logging_time=0.332850, accumulated_submission_time=5661.294229, global_step=16584, preemption_count=0, score=5661.294229, test/accuracy=0.476700, test/loss=2.377015, test/num_examples=10000, total_duration=5898.560554, train/accuracy=0.656788, train/loss=1.382842, validation/accuracy=0.606540, validation/loss=1.647926, validation/num_examples=50000
I0229 07:11:49.261645 140525264946944 logging_writer.py:48] [16600] global_step=16600, grad_norm=1.5413163900375366, loss=1.7763066291809082
I0229 07:12:23.161014 140525256554240 logging_writer.py:48] [16700] global_step=16700, grad_norm=1.4880064725875854, loss=1.8561886548995972
I0229 07:12:56.993667 140525264946944 logging_writer.py:48] [16800] global_step=16800, grad_norm=1.5194566249847412, loss=1.9170506000518799
I0229 07:13:30.800869 140525256554240 logging_writer.py:48] [16900] global_step=16900, grad_norm=1.679490327835083, loss=1.964194655418396
I0229 07:14:04.656630 140525264946944 logging_writer.py:48] [17000] global_step=17000, grad_norm=1.580169439315796, loss=1.7641112804412842
I0229 07:14:38.500354 140525256554240 logging_writer.py:48] [17100] global_step=17100, grad_norm=1.483890414237976, loss=1.9240679740905762
I0229 07:15:12.346432 140525264946944 logging_writer.py:48] [17200] global_step=17200, grad_norm=1.5187846422195435, loss=1.816379189491272
I0229 07:15:46.171837 140525256554240 logging_writer.py:48] [17300] global_step=17300, grad_norm=2.05989670753479, loss=1.9206680059432983
I0229 07:16:20.020905 140525264946944 logging_writer.py:48] [17400] global_step=17400, grad_norm=1.377573847770691, loss=1.8518450260162354
I0229 07:16:53.833450 140525256554240 logging_writer.py:48] [17500] global_step=17500, grad_norm=1.6963931322097778, loss=1.837634563446045
I0229 07:17:27.665604 140525264946944 logging_writer.py:48] [17600] global_step=17600, grad_norm=1.567184329032898, loss=1.8985705375671387
I0229 07:18:01.714797 140525256554240 logging_writer.py:48] [17700] global_step=17700, grad_norm=1.368257999420166, loss=1.8607525825500488
I0229 07:18:35.552381 140525264946944 logging_writer.py:48] [17800] global_step=17800, grad_norm=1.7879397869110107, loss=2.0157408714294434
I0229 07:19:09.388379 140525256554240 logging_writer.py:48] [17900] global_step=17900, grad_norm=1.593959927558899, loss=1.84980309009552
I0229 07:19:43.187064 140525264946944 logging_writer.py:48] [18000] global_step=18000, grad_norm=1.651087760925293, loss=1.8814671039581299
I0229 07:20:13.726199 140688601454400 spec.py:321] Evaluating on the training split.
I0229 07:20:21.873039 140688601454400 spec.py:333] Evaluating on the validation split.
I0229 07:20:35.512292 140688601454400 spec.py:349] Evaluating on the test split.
I0229 07:20:37.749497 140688601454400 submission_runner.py:411] Time since start: 6432.82s, 	Step: 18092, 	{'train/accuracy': 0.6660555005073547, 'train/loss': 1.3375362157821655, 'validation/accuracy': 0.6100599765777588, 'validation/loss': 1.6255896091461182, 'validation/num_examples': 50000, 'test/accuracy': 0.4919000267982483, 'test/loss': 2.33859920501709, 'test/num_examples': 10000, 'score': 6171.443657398224, 'total_duration': 6432.820313692093, 'accumulated_submission_time': 6171.443657398224, 'accumulated_eval_time': 260.39603447914124, 'accumulated_logging_time': 0.37014007568359375}
I0229 07:20:37.778374 140524182812416 logging_writer.py:48] [18092] accumulated_eval_time=260.396034, accumulated_logging_time=0.370140, accumulated_submission_time=6171.443657, global_step=18092, preemption_count=0, score=6171.443657, test/accuracy=0.491900, test/loss=2.338599, test/num_examples=10000, total_duration=6432.820314, train/accuracy=0.666056, train/loss=1.337536, validation/accuracy=0.610060, validation/loss=1.625590, validation/num_examples=50000
I0229 07:20:40.817236 140524191205120 logging_writer.py:48] [18100] global_step=18100, grad_norm=1.622137188911438, loss=1.7181316614151
I0229 07:21:14.565847 140524182812416 logging_writer.py:48] [18200] global_step=18200, grad_norm=1.873201847076416, loss=1.8497120141983032
I0229 07:21:48.388129 140524191205120 logging_writer.py:48] [18300] global_step=18300, grad_norm=1.676211953163147, loss=1.8262443542480469
I0229 07:22:22.181307 140524182812416 logging_writer.py:48] [18400] global_step=18400, grad_norm=1.429977297782898, loss=1.9079188108444214
I0229 07:22:56.000693 140524191205120 logging_writer.py:48] [18500] global_step=18500, grad_norm=1.7019304037094116, loss=1.9087873697280884
I0229 07:23:29.839254 140524182812416 logging_writer.py:48] [18600] global_step=18600, grad_norm=1.5499674081802368, loss=1.8464531898498535
I0229 07:24:03.668223 140524191205120 logging_writer.py:48] [18700] global_step=18700, grad_norm=1.8406662940979004, loss=1.7957806587219238
I0229 07:24:37.555140 140524182812416 logging_writer.py:48] [18800] global_step=18800, grad_norm=1.5432418584823608, loss=1.7482038736343384
I0229 07:25:11.393753 140524191205120 logging_writer.py:48] [18900] global_step=18900, grad_norm=1.608896255493164, loss=2.0695712566375732
I0229 07:25:45.220059 140524182812416 logging_writer.py:48] [19000] global_step=19000, grad_norm=1.7024669647216797, loss=1.9227769374847412
I0229 07:26:19.012904 140524191205120 logging_writer.py:48] [19100] global_step=19100, grad_norm=1.5459439754486084, loss=1.745445966720581
I0229 07:26:52.819325 140524182812416 logging_writer.py:48] [19200] global_step=19200, grad_norm=1.7957338094711304, loss=1.896902084350586
I0229 07:27:26.623839 140524191205120 logging_writer.py:48] [19300] global_step=19300, grad_norm=1.6955572366714478, loss=1.9002654552459717
I0229 07:28:00.430838 140524182812416 logging_writer.py:48] [19400] global_step=19400, grad_norm=1.852121353149414, loss=1.7810561656951904
I0229 07:28:34.273160 140524191205120 logging_writer.py:48] [19500] global_step=19500, grad_norm=1.630515217781067, loss=1.821028232574463
I0229 07:29:08.099569 140524182812416 logging_writer.py:48] [19600] global_step=19600, grad_norm=1.691107153892517, loss=1.8123905658721924
I0229 07:29:08.108298 140688601454400 spec.py:321] Evaluating on the training split.
I0229 07:29:15.843858 140688601454400 spec.py:333] Evaluating on the validation split.
I0229 07:29:28.634614 140688601454400 spec.py:349] Evaluating on the test split.
