I0204 12:53:19.220641 139910203815680 logging_writer.py:48] [156000] global_step=156000, grad_norm=3.8702073097229004, loss=3.8981668949127197
I0204 12:53:22.966578 140107197974336 spec.py:321] Evaluating on the training split.
I0204 12:53:33.644176 140107197974336 spec.py:333] Evaluating on the validation split.
I0204 12:54:01.467195 140107197974336 spec.py:349] Evaluating on the test split.
I0204 12:54:03.065823 140107197974336 submission_runner.py:408] Time since start: 77326.66s, 	Step: 156010, 	{'train/accuracy': 0.8057616949081421, 'train/loss': 0.8517761826515198, 'validation/accuracy': 0.7357400059700012, 'validation/loss': 1.147667646408081, 'validation/num_examples': 50000, 'test/accuracy': 0.6135000586509705, 'test/loss': 1.7380512952804565, 'test/num_examples': 10000, 'score': 71044.26182794571, 'total_duration': 77326.6550860405, 'accumulated_submission_time': 71044.26182794571, 'accumulated_eval_time': 6264.754841089249, 'accumulated_logging_time': 8.815968751907349}
I0204 12:54:03.108561 139910212208384 logging_writer.py:48] [156010] accumulated_eval_time=6264.754841, accumulated_logging_time=8.815969, accumulated_submission_time=71044.261828, global_step=156010, preemption_count=0, score=71044.261828, test/accuracy=0.613500, test/loss=1.738051, test/num_examples=10000, total_duration=77326.655086, train/accuracy=0.805762, train/loss=0.851776, validation/accuracy=0.735740, validation/loss=1.147668, validation/num_examples=50000
I0204 12:54:39.472259 139910203815680 logging_writer.py:48] [156100] global_step=156100, grad_norm=3.878343343734741, loss=2.6918303966522217
I0204 12:55:25.500652 139910212208384 logging_writer.py:48] [156200] global_step=156200, grad_norm=4.067638397216797, loss=3.052269458770752
I0204 12:56:12.037851 139910203815680 logging_writer.py:48] [156300] global_step=156300, grad_norm=3.8382909297943115, loss=2.318488359451294
I0204 12:56:58.564477 139910212208384 logging_writer.py:48] [156400] global_step=156400, grad_norm=3.944591760635376, loss=2.441985845565796
I0204 12:57:44.500509 139910203815680 logging_writer.py:48] [156500] global_step=156500, grad_norm=3.714684247970581, loss=2.519486427307129
I0204 12:58:30.626734 139910212208384 logging_writer.py:48] [156600] global_step=156600, grad_norm=4.238439559936523, loss=2.3939032554626465
I0204 12:59:16.893581 139910203815680 logging_writer.py:48] [156700] global_step=156700, grad_norm=4.80282735824585, loss=4.498111724853516
I0204 13:00:02.713152 139910212208384 logging_writer.py:48] [156800] global_step=156800, grad_norm=4.2042694091796875, loss=3.5705173015594482
I0204 13:00:48.876536 139910203815680 logging_writer.py:48] [156900] global_step=156900, grad_norm=3.6863677501678467, loss=2.3371939659118652
I0204 13:01:03.278517 140107197974336 spec.py:321] Evaluating on the training split.
I0204 13:01:14.158091 140107197974336 spec.py:333] Evaluating on the validation split.
I0204 13:01:41.257243 140107197974336 spec.py:349] Evaluating on the test split.
I0204 13:01:42.850930 140107197974336 submission_runner.py:408] Time since start: 77786.44s, 	Step: 156933, 	{'train/accuracy': 0.8101562261581421, 'train/loss': 0.8456878662109375, 'validation/accuracy': 0.7382000088691711, 'validation/loss': 1.148350715637207, 'validation/num_examples': 50000, 'test/accuracy': 0.6139000058174133, 'test/loss': 1.7471004724502563, 'test/num_examples': 10000, 'score': 71464.36837172508, 'total_duration': 77786.44018650055, 'accumulated_submission_time': 71464.36837172508, 'accumulated_eval_time': 6304.327245473862, 'accumulated_logging_time': 8.869405031204224}
I0204 13:01:42.891946 139910212208384 logging_writer.py:48] [156933] accumulated_eval_time=6304.327245, accumulated_logging_time=8.869405, accumulated_submission_time=71464.368372, global_step=156933, preemption_count=0, score=71464.368372, test/accuracy=0.613900, test/loss=1.747100, test/num_examples=10000, total_duration=77786.440187, train/accuracy=0.810156, train/loss=0.845688, validation/accuracy=0.738200, validation/loss=1.148351, validation/num_examples=50000
I0204 13:02:09.631321 139910203815680 logging_writer.py:48] [157000] global_step=157000, grad_norm=4.094797134399414, loss=2.409364938735962
I0204 13:02:54.434275 139910212208384 logging_writer.py:48] [157100] global_step=157100, grad_norm=3.8405401706695557, loss=3.0972249507904053
I0204 13:03:40.608191 139910203815680 logging_writer.py:48] [157200] global_step=157200, grad_norm=3.949942111968994, loss=3.3404877185821533
I0204 13:04:26.969357 139910212208384 logging_writer.py:48] [157300] global_step=157300, grad_norm=4.128429412841797, loss=2.44460129737854
I0204 13:05:13.176766 139910203815680 logging_writer.py:48] [157400] global_step=157400, grad_norm=4.029702663421631, loss=2.326362371444702
I0204 13:05:59.332302 139910212208384 logging_writer.py:48] [157500] global_step=157500, grad_norm=3.8629941940307617, loss=2.3469622135162354
I0204 13:06:45.934040 139910203815680 logging_writer.py:48] [157600] global_step=157600, grad_norm=4.457912445068359, loss=2.812072992324829
I0204 13:07:32.546074 139910212208384 logging_writer.py:48] [157700] global_step=157700, grad_norm=4.148536205291748, loss=2.4019484519958496
I0204 13:08:18.741751 139910203815680 logging_writer.py:48] [157800] global_step=157800, grad_norm=4.310487270355225, loss=2.443789482116699
I0204 13:08:42.924694 140107197974336 spec.py:321] Evaluating on the training split.
I0204 13:08:53.752267 140107197974336 spec.py:333] Evaluating on the validation split.
I0204 13:09:22.182490 140107197974336 spec.py:349] Evaluating on the test split.
I0204 13:09:23.782069 140107197974336 submission_runner.py:408] Time since start: 78247.37s, 	Step: 157854, 	{'train/accuracy': 0.8182226419448853, 'train/loss': 0.813230574131012, 'validation/accuracy': 0.7407799959182739, 'validation/loss': 1.141973853111267, 'validation/num_examples': 50000, 'test/accuracy': 0.6210000514984131, 'test/loss': 1.7272372245788574, 'test/num_examples': 10000, 'score': 71884.33867025375, 'total_duration': 78247.37133145332, 'accumulated_submission_time': 71884.33867025375, 'accumulated_eval_time': 6345.1846034526825, 'accumulated_logging_time': 8.920923233032227}
I0204 13:09:23.821949 139910212208384 logging_writer.py:48] [157854] accumulated_eval_time=6345.184603, accumulated_logging_time=8.920923, accumulated_submission_time=71884.338670, global_step=157854, preemption_count=0, score=71884.338670, test/accuracy=0.621000, test/loss=1.727237, test/num_examples=10000, total_duration=78247.371331, train/accuracy=0.818223, train/loss=0.813231, validation/accuracy=0.740780, validation/loss=1.141974, validation/num_examples=50000
I0204 13:09:42.288328 139910203815680 logging_writer.py:48] [157900] global_step=157900, grad_norm=4.573128700256348, loss=4.432934761047363
I0204 13:10:26.175961 139910212208384 logging_writer.py:48] [158000] global_step=158000, grad_norm=4.593959331512451, loss=3.093471050262451
I0204 13:11:12.476726 139910203815680 logging_writer.py:48] [158100] global_step=158100, grad_norm=3.9081709384918213, loss=2.5719892978668213
I0204 13:11:58.678800 139910212208384 logging_writer.py:48] [158200] global_step=158200, grad_norm=4.31017541885376, loss=3.493957996368408
I0204 13:12:44.983960 139910203815680 logging_writer.py:48] [158300] global_step=158300, grad_norm=3.9975175857543945, loss=3.4468424320220947
I0204 13:13:31.410043 139910212208384 logging_writer.py:48] [158400] global_step=158400, grad_norm=3.9723689556121826, loss=2.2706925868988037
I0204 13:14:17.749703 139910203815680 logging_writer.py:48] [158500] global_step=158500, grad_norm=5.109065532684326, loss=4.431994915008545
I0204 13:15:03.579032 139910212208384 logging_writer.py:48] [158600] global_step=158600, grad_norm=4.277055740356445, loss=2.4514896869659424
I0204 13:15:50.193892 139910203815680 logging_writer.py:48] [158700] global_step=158700, grad_norm=4.438182830810547, loss=2.395162343978882
I0204 13:16:24.046424 140107197974336 spec.py:321] Evaluating on the training split.
I0204 13:16:34.810551 140107197974336 spec.py:333] Evaluating on the validation split.
I0204 13:17:03.262082 140107197974336 spec.py:349] Evaluating on the test split.
I0204 13:17:04.859780 140107197974336 submission_runner.py:408] Time since start: 78708.45s, 	Step: 158776, 	{'train/accuracy': 0.8186913728713989, 'train/loss': 0.811683177947998, 'validation/accuracy': 0.7415399551391602, 'validation/loss': 1.1460314989089966, 'validation/num_examples': 50000, 'test/accuracy': 0.6224000453948975, 'test/loss': 1.7298548221588135, 'test/num_examples': 10000, 'score': 72304.50023531914, 'total_duration': 78708.44903898239, 'accumulated_submission_time': 72304.50023531914, 'accumulated_eval_time': 6385.997955322266, 'accumulated_logging_time': 8.971666812896729}
I0204 13:17:04.904211 139910212208384 logging_writer.py:48] [158776] accumulated_eval_time=6385.997955, accumulated_logging_time=8.971667, accumulated_submission_time=72304.500235, global_step=158776, preemption_count=0, score=72304.500235, test/accuracy=0.622400, test/loss=1.729855, test/num_examples=10000, total_duration=78708.449039, train/accuracy=0.818691, train/loss=0.811683, validation/accuracy=0.741540, validation/loss=1.146031, validation/num_examples=50000
I0204 13:17:14.740811 139910203815680 logging_writer.py:48] [158800] global_step=158800, grad_norm=5.237658500671387, loss=2.3782851696014404
I0204 13:17:56.786306 139910212208384 logging_writer.py:48] [158900] global_step=158900, grad_norm=3.9993674755096436, loss=3.1745269298553467
I0204 13:18:42.557160 139910203815680 logging_writer.py:48] [159000] global_step=159000, grad_norm=4.282779693603516, loss=2.4331014156341553
I0204 13:19:28.696921 139910212208384 logging_writer.py:48] [159100] global_step=159100, grad_norm=4.149342060089111, loss=2.389059543609619
I0204 13:20:15.164408 139910203815680 logging_writer.py:48] [159200] global_step=159200, grad_norm=4.000803470611572, loss=2.914271831512451
I0204 13:21:01.207594 139910212208384 logging_writer.py:48] [159300] global_step=159300, grad_norm=4.351467609405518, loss=2.9399850368499756
I0204 13:21:47.269085 139910203815680 logging_writer.py:48] [159400] global_step=159400, grad_norm=4.186159133911133, loss=2.4195966720581055
I0204 13:22:33.402388 139910212208384 logging_writer.py:48] [159500] global_step=159500, grad_norm=4.205341339111328, loss=2.2857487201690674
I0204 13:23:19.459980 139910203815680 logging_writer.py:48] [159600] global_step=159600, grad_norm=4.296654224395752, loss=2.403900623321533
I0204 13:24:04.938171 140107197974336 spec.py:321] Evaluating on the training split.
I0204 13:24:15.412688 140107197974336 spec.py:333] Evaluating on the validation split.
I0204 13:24:44.859380 140107197974336 spec.py:349] Evaluating on the test split.
I0204 13:24:46.449343 140107197974336 submission_runner.py:408] Time since start: 79170.04s, 	Step: 159700, 	{'train/accuracy': 0.8161132335662842, 'train/loss': 0.8156614303588867, 'validation/accuracy': 0.7422999739646912, 'validation/loss': 1.1298848390579224, 'validation/num_examples': 50000, 'test/accuracy': 0.6160000562667847, 'test/loss': 1.725846529006958, 'test/num_examples': 10000, 'score': 72724.4717707634, 'total_duration': 79170.03859901428, 'accumulated_submission_time': 72724.4717707634, 'accumulated_eval_time': 6427.509117841721, 'accumulated_logging_time': 9.025804042816162}
I0204 13:24:46.488772 139910212208384 logging_writer.py:48] [159700] accumulated_eval_time=6427.509118, accumulated_logging_time=9.025804, accumulated_submission_time=72724.471771, global_step=159700, preemption_count=0, score=72724.471771, test/accuracy=0.616000, test/loss=1.725847, test/num_examples=10000, total_duration=79170.038599, train/accuracy=0.816113, train/loss=0.815661, validation/accuracy=0.742300, validation/loss=1.129885, validation/num_examples=50000
I0204 13:24:46.894667 139910203815680 logging_writer.py:48] [159700] global_step=159700, grad_norm=4.175771236419678, loss=2.552185535430908
I0204 13:25:27.608466 139910212208384 logging_writer.py:48] [159800] global_step=159800, grad_norm=5.4273552894592285, loss=4.434654712677002
I0204 13:26:13.547845 139910203815680 logging_writer.py:48] [159900] global_step=159900, grad_norm=4.0013041496276855, loss=2.371852159500122
I0204 13:27:00.319463 139910212208384 logging_writer.py:48] [160000] global_step=160000, grad_norm=4.3794732093811035, loss=3.7427659034729004
I0204 13:27:46.919397 139910203815680 logging_writer.py:48] [160100] global_step=160100, grad_norm=4.778670310974121, loss=4.262555122375488
I0204 13:28:33.368233 139910212208384 logging_writer.py:48] [160200] global_step=160200, grad_norm=4.454649925231934, loss=2.4368042945861816
I0204 13:29:19.433745 139910203815680 logging_writer.py:48] [160300] global_step=160300, grad_norm=4.483552932739258, loss=2.4427428245544434
I0204 13:30:05.611648 139910212208384 logging_writer.py:48] [160400] global_step=160400, grad_norm=3.804903507232666, loss=2.822723865509033
I0204 13:30:51.661077 139910203815680 logging_writer.py:48] [160500] global_step=160500, grad_norm=3.9541385173797607, loss=2.2336316108703613
I0204 13:31:38.027457 139910212208384 logging_writer.py:48] [160600] global_step=160600, grad_norm=4.1195068359375, loss=2.3987226486206055
I0204 13:31:46.930237 140107197974336 spec.py:321] Evaluating on the training split.
I0204 13:31:57.852777 140107197974336 spec.py:333] Evaluating on the validation split.
I0204 13:32:26.541007 140107197974336 spec.py:349] Evaluating on the test split.
I0204 13:32:28.136019 140107197974336 submission_runner.py:408] Time since start: 79631.73s, 	Step: 160621, 	{'train/accuracy': 0.8175585865974426, 'train/loss': 0.804296612739563, 'validation/accuracy': 0.7449600100517273, 'validation/loss': 1.1215741634368896, 'validation/num_examples': 50000, 'test/accuracy': 0.624500036239624, 'test/loss': 1.7089358568191528, 'test/num_examples': 10000, 'score': 73144.85194015503, 'total_duration': 79631.72527456284, 'accumulated_submission_time': 73144.85194015503, 'accumulated_eval_time': 6468.714903116226, 'accumulated_logging_time': 9.074469327926636}
I0204 13:32:28.175431 139910203815680 logging_writer.py:48] [160621] accumulated_eval_time=6468.714903, accumulated_logging_time=9.074469, accumulated_submission_time=73144.851940, global_step=160621, preemption_count=0, score=73144.851940, test/accuracy=0.624500, test/loss=1.708936, test/num_examples=10000, total_duration=79631.725275, train/accuracy=0.817559, train/loss=0.804297, validation/accuracy=0.744960, validation/loss=1.121574, validation/num_examples=50000
I0204 13:32:59.766745 139910212208384 logging_writer.py:48] [160700] global_step=160700, grad_norm=4.204630374908447, loss=2.337423086166382
I0204 13:33:45.540510 139910203815680 logging_writer.py:48] [160800] global_step=160800, grad_norm=4.718175888061523, loss=2.8341100215911865
I0204 13:34:31.889880 139910212208384 logging_writer.py:48] [160900] global_step=160900, grad_norm=4.322226524353027, loss=2.8665552139282227
I0204 13:35:18.560386 139910203815680 logging_writer.py:48] [161000] global_step=161000, grad_norm=4.301466464996338, loss=2.622037410736084
I0204 13:36:04.778465 139910212208384 logging_writer.py:48] [161100] global_step=161100, grad_norm=6.752314567565918, loss=2.514191150665283
I0204 13:36:51.018008 139910203815680 logging_writer.py:48] [161200] global_step=161200, grad_norm=4.336521148681641, loss=2.382823944091797
I0204 13:37:37.273806 139910212208384 logging_writer.py:48] [161300] global_step=161300, grad_norm=4.520977020263672, loss=2.3632590770721436
I0204 13:38:23.483821 139910203815680 logging_writer.py:48] [161400] global_step=161400, grad_norm=5.349088191986084, loss=4.251814365386963
I0204 13:39:09.576663 139910212208384 logging_writer.py:48] [161500] global_step=161500, grad_norm=4.194965362548828, loss=3.080585479736328
I0204 13:39:28.236991 140107197974336 spec.py:321] Evaluating on the training split.
I0204 13:39:38.859228 140107197974336 spec.py:333] Evaluating on the validation split.
I0204 13:40:07.020849 140107197974336 spec.py:349] Evaluating on the test split.
I0204 13:40:08.615589 140107197974336 submission_runner.py:408] Time since start: 80092.20s, 	Step: 161542, 	{'train/accuracy': 0.8251757621765137, 'train/loss': 0.7653958201408386, 'validation/accuracy': 0.7464799880981445, 'validation/loss': 1.1053043603897095, 'validation/num_examples': 50000, 'test/accuracy': 0.6322000026702881, 'test/loss': 1.6808910369873047, 'test/num_examples': 10000, 'score': 73564.85105657578, 'total_duration': 80092.20484352112, 'accumulated_submission_time': 73564.85105657578, 'accumulated_eval_time': 6509.093505382538, 'accumulated_logging_time': 9.123837947845459}
I0204 13:40:08.663402 139910203815680 logging_writer.py:48] [161542] accumulated_eval_time=6509.093505, accumulated_logging_time=9.123838, accumulated_submission_time=73564.851057, global_step=161542, preemption_count=0, score=73564.851057, test/accuracy=0.632200, test/loss=1.680891, test/num_examples=10000, total_duration=80092.204844, train/accuracy=0.825176, train/loss=0.765396, validation/accuracy=0.746480, validation/loss=1.105304, validation/num_examples=50000
I0204 13:40:31.855168 139910212208384 logging_writer.py:48] [161600] global_step=161600, grad_norm=4.276269435882568, loss=2.9710705280303955
I0204 13:41:16.304381 139910203815680 logging_writer.py:48] [161700] global_step=161700, grad_norm=4.387500286102295, loss=2.294891357421875
I0204 13:42:02.440058 139910212208384 logging_writer.py:48] [161800] global_step=161800, grad_norm=5.4687886238098145, loss=4.331545352935791
I0204 13:42:48.719624 139910203815680 logging_writer.py:48] [161900] global_step=161900, grad_norm=4.536881923675537, loss=3.2450413703918457
I0204 13:43:34.971302 139910212208384 logging_writer.py:48] [162000] global_step=162000, grad_norm=4.445141792297363, loss=2.621436834335327
I0204 13:44:21.042486 139910203815680 logging_writer.py:48] [162100] global_step=162100, grad_norm=4.702438831329346, loss=2.369147300720215
I0204 13:45:07.456263 139910212208384 logging_writer.py:48] [162200] global_step=162200, grad_norm=4.378311634063721, loss=3.0739142894744873
I0204 13:45:53.583512 139910203815680 logging_writer.py:48] [162300] global_step=162300, grad_norm=4.437230587005615, loss=2.439716339111328
I0204 13:46:39.762017 139910212208384 logging_writer.py:48] [162400] global_step=162400, grad_norm=4.164853096008301, loss=3.281007766723633
I0204 13:47:08.699822 140107197974336 spec.py:321] Evaluating on the training split.
I0204 13:47:19.281785 140107197974336 spec.py:333] Evaluating on the validation split.
I0204 13:47:47.896821 140107197974336 spec.py:349] Evaluating on the test split.
I0204 13:47:49.494406 140107197974336 submission_runner.py:408] Time since start: 80553.08s, 	Step: 162464, 	{'train/accuracy': 0.8218163847923279, 'train/loss': 0.7823770642280579, 'validation/accuracy': 0.7467399835586548, 'validation/loss': 1.1013247966766357, 'validation/num_examples': 50000, 'test/accuracy': 0.6265000104904175, 'test/loss': 1.6946297883987427, 'test/num_examples': 10000, 'score': 73984.82580113411, 'total_duration': 80553.0836699009, 'accumulated_submission_time': 73984.82580113411, 'accumulated_eval_time': 6549.888410568237, 'accumulated_logging_time': 9.1816246509552}
I0204 13:47:49.537948 139910203815680 logging_writer.py:48] [162464] accumulated_eval_time=6549.888411, accumulated_logging_time=9.181625, accumulated_submission_time=73984.825801, global_step=162464, preemption_count=0, score=73984.825801, test/accuracy=0.626500, test/loss=1.694630, test/num_examples=10000, total_duration=80553.083670, train/accuracy=0.821816, train/loss=0.782377, validation/accuracy=0.746740, validation/loss=1.101325, validation/num_examples=50000
I0204 13:48:04.072757 139910212208384 logging_writer.py:48] [162500] global_step=162500, grad_norm=4.424397945404053, loss=2.4167072772979736
I0204 13:48:47.012305 139910203815680 logging_writer.py:48] [162600] global_step=162600, grad_norm=4.420291423797607, loss=2.1824331283569336
I0204 13:49:32.882981 139910212208384 logging_writer.py:48] [162700] global_step=162700, grad_norm=5.0285115242004395, loss=3.758568286895752
I0204 13:50:19.417024 139910203815680 logging_writer.py:48] [162800] global_step=162800, grad_norm=4.326557159423828, loss=2.7206614017486572
I0204 13:51:05.913274 139910212208384 logging_writer.py:48] [162900] global_step=162900, grad_norm=4.564401626586914, loss=2.3405566215515137
I0204 13:51:51.967724 139910203815680 logging_writer.py:48] [163000] global_step=163000, grad_norm=4.599389553070068, loss=2.6012072563171387
I0204 13:52:38.177167 139910212208384 logging_writer.py:48] [163100] global_step=163100, grad_norm=4.165217876434326, loss=2.3281774520874023
I0204 13:53:24.424535 139910203815680 logging_writer.py:48] [163200] global_step=163200, grad_norm=4.836243629455566, loss=2.3654263019561768
I0204 13:54:10.590374 139910212208384 logging_writer.py:48] [163300] global_step=163300, grad_norm=4.667290687561035, loss=2.352652072906494
I0204 13:54:49.625456 140107197974336 spec.py:321] Evaluating on the training split.
I0204 13:55:00.215546 140107197974336 spec.py:333] Evaluating on the validation split.
I0204 13:55:26.791335 140107197974336 spec.py:349] Evaluating on the test split.
I0204 13:55:28.389635 140107197974336 submission_runner.py:408] Time since start: 81011.98s, 	Step: 163386, 	{'train/accuracy': 0.8213866949081421, 'train/loss': 0.7875846028327942, 'validation/accuracy': 0.7483199834823608, 'validation/loss': 1.1053085327148438, 'validation/num_examples': 50000, 'test/accuracy': 0.6223000288009644, 'test/loss': 1.7001694440841675, 'test/num_examples': 10000, 'score': 74404.8524620533, 'total_duration': 81011.978900671, 'accumulated_submission_time': 74404.8524620533, 'accumulated_eval_time': 6588.652596235275, 'accumulated_logging_time': 9.234551668167114}
I0204 13:55:28.429166 139910203815680 logging_writer.py:48] [163386] accumulated_eval_time=6588.652596, accumulated_logging_time=9.234552, accumulated_submission_time=74404.852462, global_step=163386, preemption_count=0, score=74404.852462, test/accuracy=0.622300, test/loss=1.700169, test/num_examples=10000, total_duration=81011.978901, train/accuracy=0.821387, train/loss=0.787585, validation/accuracy=0.748320, validation/loss=1.105309, validation/num_examples=50000
I0204 13:55:34.322443 139910212208384 logging_writer.py:48] [163400] global_step=163400, grad_norm=4.663241386413574, loss=2.343377113342285
I0204 13:56:15.894487 139910203815680 logging_writer.py:48] [163500] global_step=163500, grad_norm=4.830636501312256, loss=2.44108247756958
I0204 13:57:01.891885 139910212208384 logging_writer.py:48] [163600] global_step=163600, grad_norm=4.469943523406982, loss=2.5921578407287598
I0204 13:57:48.256285 139910203815680 logging_writer.py:48] [163700] global_step=163700, grad_norm=4.651498794555664, loss=2.425528049468994
I0204 13:58:34.691430 139910212208384 logging_writer.py:48] [163800] global_step=163800, grad_norm=4.9209699630737305, loss=3.697699546813965
I0204 13:59:21.252856 139910203815680 logging_writer.py:48] [163900] global_step=163900, grad_norm=5.162258625030518, loss=2.413332223892212
I0204 14:00:07.726686 139910212208384 logging_writer.py:48] [164000] global_step=164000, grad_norm=4.6253581047058105, loss=2.345813035964966
I0204 14:00:53.746015 139910203815680 logging_writer.py:48] [164100] global_step=164100, grad_norm=4.631308078765869, loss=2.3778128623962402
I0204 14:01:39.892196 139910212208384 logging_writer.py:48] [164200] global_step=164200, grad_norm=4.807590007781982, loss=2.316418409347534
I0204 14:02:26.099397 139910203815680 logging_writer.py:48] [164300] global_step=164300, grad_norm=4.63161039352417, loss=2.3052172660827637
I0204 14:02:28.549914 140107197974336 spec.py:321] Evaluating on the training split.
I0204 14:02:39.521203 140107197974336 spec.py:333] Evaluating on the validation split.
I0204 14:03:07.845909 140107197974336 spec.py:349] Evaluating on the test split.
I0204 14:03:09.450020 140107197974336 submission_runner.py:408] Time since start: 81473.04s, 	Step: 164307, 	{'train/accuracy': 0.8302733898162842, 'train/loss': 0.7504153251647949, 'validation/accuracy': 0.7503199577331543, 'validation/loss': 1.0849838256835938, 'validation/num_examples': 50000, 'test/accuracy': 0.6322000026702881, 'test/loss': 1.6703184843063354, 'test/num_examples': 10000, 'score': 74824.91179394722, 'total_duration': 81473.03928542137, 'accumulated_submission_time': 74824.91179394722, 'accumulated_eval_time': 6629.552686929703, 'accumulated_logging_time': 9.28411316871643}
I0204 14:03:09.493711 139910212208384 logging_writer.py:48] [164307] accumulated_eval_time=6629.552687, accumulated_logging_time=9.284113, accumulated_submission_time=74824.911794, global_step=164307, preemption_count=0, score=74824.911794, test/accuracy=0.632200, test/loss=1.670318, test/num_examples=10000, total_duration=81473.039285, train/accuracy=0.830273, train/loss=0.750415, validation/accuracy=0.750320, validation/loss=1.084984, validation/num_examples=50000
I0204 14:03:47.332482 139910203815680 logging_writer.py:48] [164400] global_step=164400, grad_norm=4.593603134155273, loss=2.3524322509765625
I0204 14:04:33.500323 139910212208384 logging_writer.py:48] [164500] global_step=164500, grad_norm=4.9125657081604, loss=2.3356425762176514
I0204 14:05:19.885258 139910203815680 logging_writer.py:48] [164600] global_step=164600, grad_norm=4.648672103881836, loss=2.275529146194458
I0204 14:06:06.602696 139910212208384 logging_writer.py:48] [164700] global_step=164700, grad_norm=4.737031936645508, loss=2.49849271774292
I0204 14:06:52.652766 139910203815680 logging_writer.py:48] [164800] global_step=164800, grad_norm=4.546198844909668, loss=2.334944486618042
I0204 14:07:39.235583 139910212208384 logging_writer.py:48] [164900] global_step=164900, grad_norm=4.6679158210754395, loss=3.345017910003662
I0204 14:08:25.752399 139910203815680 logging_writer.py:48] [165000] global_step=165000, grad_norm=4.820326328277588, loss=2.3230674266815186
I0204 14:09:11.840825 139910212208384 logging_writer.py:48] [165100] global_step=165100, grad_norm=4.778056621551514, loss=2.286090135574341
I0204 14:09:58.046556 139910203815680 logging_writer.py:48] [165200] global_step=165200, grad_norm=4.7289862632751465, loss=3.1816015243530273
I0204 14:10:09.820560 140107197974336 spec.py:321] Evaluating on the training split.
I0204 14:10:20.272816 140107197974336 spec.py:333] Evaluating on the validation split.
I0204 14:10:47.727951 140107197974336 spec.py:349] Evaluating on the test split.
I0204 14:10:49.313700 140107197974336 submission_runner.py:408] Time since start: 81932.90s, 	Step: 165227, 	{'train/accuracy': 0.8239843845367432, 'train/loss': 0.7693715691566467, 'validation/accuracy': 0.7511799931526184, 'validation/loss': 1.0776283740997314, 'validation/num_examples': 50000, 'test/accuracy': 0.6283000111579895, 'test/loss': 1.6670862436294556, 'test/num_examples': 10000, 'score': 75245.17643213272, 'total_duration': 81932.90296435356, 'accumulated_submission_time': 75245.17643213272, 'accumulated_eval_time': 6669.045813798904, 'accumulated_logging_time': 9.33809781074524}
I0204 14:10:49.357166 139910212208384 logging_writer.py:48] [165227] accumulated_eval_time=6669.045814, accumulated_logging_time=9.338098, accumulated_submission_time=75245.176432, global_step=165227, preemption_count=0, score=75245.176432, test/accuracy=0.628300, test/loss=1.667086, test/num_examples=10000, total_duration=81932.902964, train/accuracy=0.823984, train/loss=0.769372, validation/accuracy=0.751180, validation/loss=1.077628, validation/num_examples=50000
I0204 14:11:18.460339 139910203815680 logging_writer.py:48] [165300] global_step=165300, grad_norm=5.450346946716309, loss=4.10910701751709
I0204 14:12:03.814322 139910212208384 logging_writer.py:48] [165400] global_step=165400, grad_norm=5.0257978439331055, loss=2.3077144622802734
I0204 14:12:50.180981 139910203815680 logging_writer.py:48] [165500] global_step=165500, grad_norm=4.75205659866333, loss=2.336603879928589
I0204 14:13:36.532769 139910212208384 logging_writer.py:48] [165600] global_step=165600, grad_norm=4.940525531768799, loss=2.382988214492798
I0204 14:14:22.669417 139910203815680 logging_writer.py:48] [165700] global_step=165700, grad_norm=4.846949100494385, loss=2.4796979427337646
I0204 14:15:09.050173 139910212208384 logging_writer.py:48] [165800] global_step=165800, grad_norm=5.024971008300781, loss=2.2591679096221924
I0204 14:15:55.133381 139910203815680 logging_writer.py:48] [165900] global_step=165900, grad_norm=5.288705348968506, loss=2.368380069732666
I0204 14:16:41.078849 139910212208384 logging_writer.py:48] [166000] global_step=166000, grad_norm=5.085882186889648, loss=2.6095364093780518
I0204 14:17:27.062536 139910203815680 logging_writer.py:48] [166100] global_step=166100, grad_norm=4.6767144203186035, loss=2.729905843734741
I0204 14:17:49.336060 140107197974336 spec.py:321] Evaluating on the training split.
I0204 14:18:00.070504 140107197974336 spec.py:333] Evaluating on the validation split.
I0204 14:18:27.670584 140107197974336 spec.py:349] Evaluating on the test split.
I0204 14:18:29.272506 140107197974336 submission_runner.py:408] Time since start: 82392.86s, 	Step: 166150, 	{'train/accuracy': 0.8310937285423279, 'train/loss': 0.7499398589134216, 'validation/accuracy': 0.7531399726867676, 'validation/loss': 1.070204496383667, 'validation/num_examples': 50000, 'test/accuracy': 0.6307000517845154, 'test/loss': 1.6644469499588013, 'test/num_examples': 10000, 'score': 75665.09493494034, 'total_duration': 82392.86175775528, 'accumulated_submission_time': 75665.09493494034, 'accumulated_eval_time': 6708.982246637344, 'accumulated_logging_time': 9.390437126159668}
I0204 14:18:29.317669 139910212208384 logging_writer.py:48] [166150] accumulated_eval_time=6708.982247, accumulated_logging_time=9.390437, accumulated_submission_time=75665.094935, global_step=166150, preemption_count=0, score=75665.094935, test/accuracy=0.630700, test/loss=1.664447, test/num_examples=10000, total_duration=82392.861758, train/accuracy=0.831094, train/loss=0.749940, validation/accuracy=0.753140, validation/loss=1.070204, validation/num_examples=50000
I0204 14:18:49.357480 139910203815680 logging_writer.py:48] [166200] global_step=166200, grad_norm=4.962783336639404, loss=2.2377727031707764
I0204 14:19:33.243560 139910212208384 logging_writer.py:48] [166300] global_step=166300, grad_norm=5.013967037200928, loss=2.306633234024048
I0204 14:20:19.525598 139910203815680 logging_writer.py:48] [166400] global_step=166400, grad_norm=4.581167697906494, loss=2.2684519290924072
I0204 14:21:06.154129 139910212208384 logging_writer.py:48] [166500] global_step=166500, grad_norm=4.762453079223633, loss=3.813584804534912
I0204 14:21:52.519455 139910203815680 logging_writer.py:48] [166600] global_step=166600, grad_norm=4.7381367683410645, loss=2.2741787433624268
I0204 14:22:38.638854 139910212208384 logging_writer.py:48] [166700] global_step=166700, grad_norm=4.65768575668335, loss=2.883676052093506
I0204 14:23:24.964317 139910203815680 logging_writer.py:48] [166800] global_step=166800, grad_norm=4.636631488800049, loss=2.3178012371063232
I0204 14:24:11.260708 139910212208384 logging_writer.py:48] [166900] global_step=166900, grad_norm=4.588520050048828, loss=2.280134677886963
I0204 14:24:57.476262 139910203815680 logging_writer.py:48] [167000] global_step=167000, grad_norm=4.973586082458496, loss=3.231257438659668
I0204 14:25:29.571506 140107197974336 spec.py:321] Evaluating on the training split.
I0204 14:25:40.495642 140107197974336 spec.py:333] Evaluating on the validation split.
I0204 14:26:08.053128 140107197974336 spec.py:349] Evaluating on the test split.
I0204 14:26:09.653728 140107197974336 submission_runner.py:408] Time since start: 82853.24s, 	Step: 167071, 	{'train/accuracy': 0.83056640625, 'train/loss': 0.7435762882232666, 'validation/accuracy': 0.7534199953079224, 'validation/loss': 1.0754247903823853, 'validation/num_examples': 50000, 'test/accuracy': 0.6333000063896179, 'test/loss': 1.6693150997161865, 'test/num_examples': 10000, 'score': 76085.28699398041, 'total_duration': 82853.24296784401, 'accumulated_submission_time': 76085.28699398041, 'accumulated_eval_time': 6749.0644516944885, 'accumulated_logging_time': 9.445293426513672}
I0204 14:26:09.695585 139910212208384 logging_writer.py:48] [167071] accumulated_eval_time=6749.064452, accumulated_logging_time=9.445293, accumulated_submission_time=76085.286994, global_step=167071, preemption_count=0, score=76085.286994, test/accuracy=0.633300, test/loss=1.669315, test/num_examples=10000, total_duration=82853.242968, train/accuracy=0.830566, train/loss=0.743576, validation/accuracy=0.753420, validation/loss=1.075425, validation/num_examples=50000
I0204 14:26:21.497665 139910203815680 logging_writer.py:48] [167100] global_step=167100, grad_norm=5.035059928894043, loss=3.769265651702881
I0204 14:27:03.896407 139910212208384 logging_writer.py:48] [167200] global_step=167200, grad_norm=4.850314140319824, loss=2.6804158687591553
I0204 14:27:50.137997 139910203815680 logging_writer.py:48] [167300] global_step=167300, grad_norm=5.164863109588623, loss=3.8261942863464355
I0204 14:28:36.616293 139910212208384 logging_writer.py:48] [167400] global_step=167400, grad_norm=5.217106342315674, loss=2.1963295936584473
I0204 14:29:23.071816 139910203815680 logging_writer.py:48] [167500] global_step=167500, grad_norm=5.040536403656006, loss=2.215662717819214
I0204 14:30:09.265046 139910212208384 logging_writer.py:48] [167600] global_step=167600, grad_norm=5.739555358886719, loss=4.206011772155762
I0204 14:30:55.490969 139910203815680 logging_writer.py:48] [167700] global_step=167700, grad_norm=4.898370742797852, loss=2.3979973793029785
I0204 14:31:41.707813 139910212208384 logging_writer.py:48] [167800] global_step=167800, grad_norm=5.192909240722656, loss=3.311389446258545
I0204 14:32:27.901066 139910203815680 logging_writer.py:48] [167900] global_step=167900, grad_norm=5.191898822784424, loss=2.270616054534912
I0204 14:33:09.730445 140107197974336 spec.py:321] Evaluating on the training split.
I0204 14:33:20.438354 140107197974336 spec.py:333] Evaluating on the validation split.
I0204 14:33:45.935621 140107197974336 spec.py:349] Evaluating on the test split.
I0204 14:33:47.540247 140107197974336 submission_runner.py:408] Time since start: 83311.13s, 	Step: 167992, 	{'train/accuracy': 0.8321484327316284, 'train/loss': 0.7515702843666077, 'validation/accuracy': 0.7541399598121643, 'validation/loss': 1.0826858282089233, 'validation/num_examples': 50000, 'test/accuracy': 0.634600043296814, 'test/loss': 1.6695160865783691, 'test/num_examples': 10000, 'score': 76505.26083564758, 'total_duration': 83311.12951374054, 'accumulated_submission_time': 76505.26083564758, 'accumulated_eval_time': 6786.874273777008, 'accumulated_logging_time': 9.495783567428589}
I0204 14:33:47.582080 139910212208384 logging_writer.py:48] [167992] accumulated_eval_time=6786.874274, accumulated_logging_time=9.495784, accumulated_submission_time=76505.260836, global_step=167992, preemption_count=0, score=76505.260836, test/accuracy=0.634600, test/loss=1.669516, test/num_examples=10000, total_duration=83311.129514, train/accuracy=0.832148, train/loss=0.751570, validation/accuracy=0.754140, validation/loss=1.082686, validation/num_examples=50000
I0204 14:33:51.124473 139910203815680 logging_writer.py:48] [168000] global_step=168000, grad_norm=5.288217067718506, loss=2.3315930366516113
I0204 14:34:32.264312 139910212208384 logging_writer.py:48] [168100] global_step=168100, grad_norm=5.530125617980957, loss=2.331967353820801
I0204 14:35:18.646069 139910203815680 logging_writer.py:48] [168200] global_step=168200, grad_norm=4.830024242401123, loss=2.410799264907837
I0204 14:36:04.926433 139910212208384 logging_writer.py:48] [168300] global_step=168300, grad_norm=5.487421989440918, loss=2.305508613586426
I0204 14:36:51.112483 139910203815680 logging_writer.py:48] [168400] global_step=168400, grad_norm=4.730133056640625, loss=2.5635273456573486
I0204 14:37:37.307609 139910212208384 logging_writer.py:48] [168500] global_step=168500, grad_norm=4.957779407501221, loss=2.2446553707122803
I0204 14:38:23.557948 139910203815680 logging_writer.py:48] [168600] global_step=168600, grad_norm=5.108630657196045, loss=3.0857038497924805
I0204 14:39:09.934195 139910212208384 logging_writer.py:48] [168700] global_step=168700, grad_norm=5.076508522033691, loss=2.251347303390503
I0204 14:39:56.136111 139910203815680 logging_writer.py:48] [168800] global_step=168800, grad_norm=5.466431140899658, loss=2.452455997467041
I0204 14:40:42.473945 139910212208384 logging_writer.py:48] [168900] global_step=168900, grad_norm=4.801931858062744, loss=2.2304325103759766
I0204 14:40:47.803280 140107197974336 spec.py:321] Evaluating on the training split.
I0204 14:40:58.686766 140107197974336 spec.py:333] Evaluating on the validation split.
I0204 14:41:27.048184 140107197974336 spec.py:349] Evaluating on the test split.
I0204 14:41:28.646001 140107197974336 submission_runner.py:408] Time since start: 83772.24s, 	Step: 168913, 	{'train/accuracy': 0.8340038657188416, 'train/loss': 0.7366316318511963, 'validation/accuracy': 0.7570599913597107, 'validation/loss': 1.0599473714828491, 'validation/num_examples': 50000, 'test/accuracy': 0.638700008392334, 'test/loss': 1.6415356397628784, 'test/num_examples': 10000, 'score': 76925.41933321953, 'total_duration': 83772.23526740074, 'accumulated_submission_time': 76925.41933321953, 'accumulated_eval_time': 6827.716981649399, 'accumulated_logging_time': 9.548727989196777}
I0204 14:41:28.688713 139910203815680 logging_writer.py:48] [168913] accumulated_eval_time=6827.716982, accumulated_logging_time=9.548728, accumulated_submission_time=76925.419333, global_step=168913, preemption_count=0, score=76925.419333, test/accuracy=0.638700, test/loss=1.641536, test/num_examples=10000, total_duration=83772.235267, train/accuracy=0.834004, train/loss=0.736632, validation/accuracy=0.757060, validation/loss=1.059947, validation/num_examples=50000
I0204 14:42:03.755115 139910212208384 logging_writer.py:48] [169000] global_step=169000, grad_norm=5.601577281951904, loss=2.2924773693084717
I0204 14:42:49.746139 139910203815680 logging_writer.py:48] [169100] global_step=169100, grad_norm=4.993780612945557, loss=3.291722536087036
I0204 14:43:36.141103 139910212208384 logging_writer.py:48] [169200] global_step=169200, grad_norm=5.433426380157471, loss=2.2656917572021484
I0204 14:44:22.543386 139910203815680 logging_writer.py:48] [169300] global_step=169300, grad_norm=5.9615797996521, loss=2.536038398742676
I0204 14:45:08.821137 139910212208384 logging_writer.py:48] [169400] global_step=169400, grad_norm=5.379062652587891, loss=2.2751760482788086
I0204 14:45:54.990207 139910203815680 logging_writer.py:48] [169500] global_step=169500, grad_norm=5.7040934562683105, loss=3.4755072593688965
I0204 14:46:41.214265 139910212208384 logging_writer.py:48] [169600] global_step=169600, grad_norm=5.7732768058776855, loss=3.5418968200683594
I0204 14:47:27.408146 139910203815680 logging_writer.py:48] [169700] global_step=169700, grad_norm=4.949899196624756, loss=2.2747068405151367
I0204 14:48:13.701544 139910212208384 logging_writer.py:48] [169800] global_step=169800, grad_norm=5.203391075134277, loss=2.2491698265075684
I0204 14:48:28.702593 140107197974336 spec.py:321] Evaluating on the training split.
I0204 14:48:39.655515 140107197974336 spec.py:333] Evaluating on the validation split.
I0204 14:49:06.568338 140107197974336 spec.py:349] Evaluating on the test split.
I0204 14:49:08.174902 140107197974336 submission_runner.py:408] Time since start: 84231.76s, 	Step: 169834, 	{'train/accuracy': 0.8338086009025574, 'train/loss': 0.7275217771530151, 'validation/accuracy': 0.7583400011062622, 'validation/loss': 1.0552046298980713, 'validation/num_examples': 50000, 'test/accuracy': 0.6380000114440918, 'test/loss': 1.6476746797561646, 'test/num_examples': 10000, 'score': 77345.37213397026, 'total_duration': 84231.7641518116, 'accumulated_submission_time': 77345.37213397026, 'accumulated_eval_time': 6867.189259767532, 'accumulated_logging_time': 9.600689172744751}
I0204 14:49:08.224329 139910203815680 logging_writer.py:48] [169834] accumulated_eval_time=6867.189260, accumulated_logging_time=9.600689, accumulated_submission_time=77345.372134, global_step=169834, preemption_count=0, score=77345.372134, test/accuracy=0.638000, test/loss=1.647675, test/num_examples=10000, total_duration=84231.764152, train/accuracy=0.833809, train/loss=0.727522, validation/accuracy=0.758340, validation/loss=1.055205, validation/num_examples=50000
I0204 14:49:34.566244 139910212208384 logging_writer.py:48] [169900] global_step=169900, grad_norm=5.532174587249756, loss=3.4971377849578857
I0204 14:50:19.415510 139910203815680 logging_writer.py:48] [170000] global_step=170000, grad_norm=5.207411289215088, loss=2.4494426250457764
I0204 14:51:05.867485 139910212208384 logging_writer.py:48] [170100] global_step=170100, grad_norm=5.751033782958984, loss=2.2101330757141113
I0204 14:51:52.559373 139910203815680 logging_writer.py:48] [170200] global_step=170200, grad_norm=5.543152809143066, loss=2.4672224521636963
I0204 14:52:03.133875 139910212208384 logging_writer.py:48] [170224] global_step=170224, preemption_count=0, score=77520.194962
I0204 14:52:03.829945 140107197974336 checkpoints.py:490] Saving checkpoint at step: 170224
I0204 14:52:05.127566 140107197974336 checkpoints.py:422] Saved checkpoint at /experiment_runs/prize_qualification/study_3/imagenet_vit_jax/trial_1/checkpoint_170224
I0204 14:52:05.151012 140107197974336 checkpoint_utils.py:240] Saved checkpoint to /experiment_runs/prize_qualification/study_3/imagenet_vit_jax/trial_1/checkpoint_170224.
I0204 14:52:06.108095 140107197974336 submission_runner.py:583] Tuning trial 1/5
I0204 14:52:06.108368 140107197974336 submission_runner.py:584] Hyperparameters: Hyperparameters(dropout_rate=0.0, label_smoothing=0.1, learning_rate=0.001308209823469072, one_minus_beta1=0.02686663061, beta2=0.9981232922116359, weight_decay=0.16375311233774334, warmup_factor=0.1)
