python3 submission_runner.py --framework=jax --workload=imagenet_vit --submission_path=prize_qualification_baselines/external_tuning/jax_nadamw_full_budget.py --tuning_search_space=prize_qualification_baselines/external_tuning/tuning_search_space.json --data_dir=/data/imagenet/jax --num_tuning_trials=1 --experiment_dir=/experiment_runs --experiment_name=prize_qualification/study_3 --overwrite=true --save_checkpoints=false --num_tuning_trials=5 --rng_seed=1274177056 --max_global_steps=186666 --imagenet_v2_data_dir=/data/imagenet/jax 2>&1 | tee -a /logs/imagenet_vit_jax_02-03-2024-15-24-33.log
/usr/local/lib/python3.8/dist-packages/tensorflow_addons/utils/tfa_eol_msg.py:23: UserWarning: 

TensorFlow Addons (TFA) has ended development and introduction of new features.
TFA has entered a minimal maintenance and release mode until a planned end of life in May 2024.
Please modify downstream libraries to take dependencies from other repositories in our TensorFlow community (e.g. Keras, Keras-CV, and Keras-NLP). 

For more information see: https://github.com/tensorflow/addons/issues/2807 

  warnings.warn(
I0203 15:24:54.696600 140107197974336 logger_utils.py:61] Removing existing experiment directory /experiment_runs/prize_qualification/study_3/imagenet_vit_jax because --overwrite was set.
I0203 15:24:54.699100 140107197974336 logger_utils.py:76] Creating experiment directory at /experiment_runs/prize_qualification/study_3/imagenet_vit_jax.
I0203 15:24:55.693808 140107197974336 xla_bridge.py:455] Unable to initialize backend 'rocm': NOT_FOUND: Could not find registered platform with name: "rocm". Available platform names are: Interpreter Host CUDA
I0203 15:24:55.694565 140107197974336 xla_bridge.py:455] Unable to initialize backend 'tpu': module 'jaxlib.xla_extension' has no attribute 'get_tpu_client'
I0203 15:24:55.694712 140107197974336 xla_bridge.py:455] Unable to initialize backend 'plugin': xla_extension has no attributes named get_plugin_device_client. Compile TensorFlow with //tensorflow/compiler/xla/python:enable_plugin_device set to true (defaults to false) to enable this.
I0203 15:24:55.695774 140107197974336 submission_runner.py:542] Using RNG seed 1274177056
I0203 15:24:56.814870 140107197974336 submission_runner.py:551] --- Tuning run 1/5 ---
I0203 15:24:56.815131 140107197974336 submission_runner.py:556] Creating tuning directory at /experiment_runs/prize_qualification/study_3/imagenet_vit_jax/trial_1.
I0203 15:24:56.815393 140107197974336 logger_utils.py:92] Saving hparams to /experiment_runs/prize_qualification/study_3/imagenet_vit_jax/trial_1/hparams.json.
I0203 15:24:57.002689 140107197974336 submission_runner.py:206] Initializing dataset.
I0203 15:24:57.019201 140107197974336 dataset_info.py:578] Load dataset info from /data/imagenet/jax/imagenet2012/5.1.0
I0203 15:24:57.029998 140107197974336 dataset_info.py:669] Fields info.[splits, supervised_keys] from disk and from code do not match. Keeping the one from code.
I0203 15:24:57.418907 140107197974336 logging_logger.py:49] Constructing tf.data.Dataset imagenet2012 for split train, from /data/imagenet/jax/imagenet2012/5.1.0
I0203 15:25:05.812769 140107197974336 submission_runner.py:213] Initializing model.
I0203 15:25:14.724698 140107197974336 submission_runner.py:255] Initializing optimizer.
I0203 15:25:15.723397 140107197974336 submission_runner.py:262] Initializing metrics bundle.
I0203 15:25:15.723602 140107197974336 submission_runner.py:280] Initializing checkpoint and logger.
I0203 15:25:15.724769 140107197974336 checkpoints.py:915] Found no checkpoint files in /experiment_runs/prize_qualification/study_3/imagenet_vit_jax/trial_1 with prefix checkpoint_
I0203 15:25:15.724909 140107197974336 submission_runner.py:300] Saving meta data to /experiment_runs/prize_qualification/study_3/imagenet_vit_jax/trial_1/meta_data_0.json.
fatal: detected dubious ownership in repository at '/algorithmic-efficiency'
To add an exception for this directory, call:

	git config --global --add safe.directory /algorithmic-efficiency
I0203 15:25:16.080728 140107197974336 logger_utils.py:220] Unable to record git information. Continuing without it.
I0203 15:25:16.401238 140107197974336 submission_runner.py:304] Saving flags to /experiment_runs/prize_qualification/study_3/imagenet_vit_jax/trial_1/flags_0.json.
I0203 15:25:16.410691 140107197974336 submission_runner.py:314] Starting training loop.
I0203 15:25:59.216420 139945217873664 logging_writer.py:48] [0] global_step=0, grad_norm=0.335174024105072, loss=6.907756805419922
I0203 15:25:59.234913 140107197974336 spec.py:321] Evaluating on the training split.
I0203 15:25:59.243184 140107197974336 dataset_info.py:578] Load dataset info from /data/imagenet/jax/imagenet2012/5.1.0
I0203 15:25:59.252168 140107197974336 dataset_info.py:669] Fields info.[splits, supervised_keys] from disk and from code do not match. Keeping the one from code.
I0203 15:25:59.333669 140107197974336 logging_logger.py:49] Constructing tf.data.Dataset imagenet2012 for split train, from /data/imagenet/jax/imagenet2012/5.1.0
I0203 15:26:16.545387 140107197974336 spec.py:333] Evaluating on the validation split.
I0203 15:26:16.555752 140107197974336 dataset_info.py:578] Load dataset info from /data/imagenet/jax/imagenet2012/5.1.0
I0203 15:26:16.572438 140107197974336 dataset_info.py:669] Fields info.[splits, supervised_keys] from disk and from code do not match. Keeping the one from code.
I0203 15:26:16.638877 140107197974336 logging_logger.py:49] Constructing tf.data.Dataset imagenet2012 for split validation, from /data/imagenet/jax/imagenet2012/5.1.0
I0203 15:26:34.031897 140107197974336 spec.py:349] Evaluating on the test split.
I0203 15:26:34.039566 140107197974336 dataset_info.py:578] Load dataset info from /data/imagenet/jax/imagenet_v2/matched-frequency/3.0.0
I0203 15:26:34.045653 140107197974336 dataset_builder.py:528] Reusing dataset imagenet_v2 (/data/imagenet/jax/imagenet_v2/matched-frequency/3.0.0)
I0203 15:26:34.093855 140107197974336 logging_logger.py:49] Constructing tf.data.Dataset imagenet_v2 for split test, from /data/imagenet/jax/imagenet_v2/matched-frequency/3.0.0
I0203 15:26:39.631573 140107197974336 submission_runner.py:408] Time since start: 83.22s, 	Step: 1, 	{'train/accuracy': 0.0007617187220603228, 'train/loss': 6.907756328582764, 'validation/accuracy': 0.0009999999310821295, 'validation/loss': 6.9077558517456055, 'validation/num_examples': 50000, 'test/accuracy': 0.0010000000474974513, 'test/loss': 6.907756805419922, 'test/num_examples': 10000, 'score': 42.824132204055786, 'total_duration': 83.2208137512207, 'accumulated_submission_time': 42.824132204055786, 'accumulated_eval_time': 40.396591901779175, 'accumulated_logging_time': 0}
I0203 15:26:39.651262 139910195422976 logging_writer.py:48] [1] accumulated_eval_time=40.396592, accumulated_logging_time=0, accumulated_submission_time=42.824132, global_step=1, preemption_count=0, score=42.824132, test/accuracy=0.001000, test/loss=6.907757, test/num_examples=10000, total_duration=83.220814, train/accuracy=0.000762, train/loss=6.907756, validation/accuracy=0.001000, validation/loss=6.907756, validation/num_examples=50000
I0203 15:27:42.418976 139942822921984 logging_writer.py:48] [100] global_step=100, grad_norm=0.3944686949253082, loss=6.905935764312744
I0203 15:28:26.408530 139942831314688 logging_writer.py:48] [200] global_step=200, grad_norm=0.456752210855484, loss=6.894866943359375
I0203 15:29:12.030888 139942822921984 logging_writer.py:48] [300] global_step=300, grad_norm=0.5040463209152222, loss=6.868990898132324
I0203 15:29:57.505214 139942831314688 logging_writer.py:48] [400] global_step=400, grad_norm=0.6856747269630432, loss=6.848635673522949
I0203 15:30:43.073004 139942822921984 logging_writer.py:48] [500] global_step=500, grad_norm=0.7926198244094849, loss=6.788407325744629
I0203 15:31:28.654872 139942831314688 logging_writer.py:48] [600] global_step=600, grad_norm=0.6570393443107605, loss=6.740931034088135
I0203 15:32:13.905469 139942822921984 logging_writer.py:48] [700] global_step=700, grad_norm=0.7858898043632507, loss=6.717502593994141
I0203 15:32:59.415246 139942831314688 logging_writer.py:48] [800] global_step=800, grad_norm=1.0388301610946655, loss=6.647991180419922
I0203 15:33:39.839377 140107197974336 spec.py:321] Evaluating on the training split.
I0203 15:33:51.715552 140107197974336 spec.py:333] Evaluating on the validation split.
I0203 15:33:59.783770 140107197974336 spec.py:349] Evaluating on the test split.
I0203 15:34:01.432538 140107197974336 submission_runner.py:408] Time since start: 525.02s, 	Step: 890, 	{'train/accuracy': 0.012402343563735485, 'train/loss': 6.457183837890625, 'validation/accuracy': 0.012240000069141388, 'validation/loss': 6.465394973754883, 'validation/num_examples': 50000, 'test/accuracy': 0.010000000707805157, 'test/loss': 6.503350734710693, 'test/num_examples': 10000, 'score': 462.9493408203125, 'total_duration': 525.0217719078064, 'accumulated_submission_time': 462.9493408203125, 'accumulated_eval_time': 61.98973369598389, 'accumulated_logging_time': 0.0296323299407959}
I0203 15:34:01.451924 139910203815680 logging_writer.py:48] [890] accumulated_eval_time=61.989734, accumulated_logging_time=0.029632, accumulated_submission_time=462.949341, global_step=890, preemption_count=0, score=462.949341, test/accuracy=0.010000, test/loss=6.503351, test/num_examples=10000, total_duration=525.021772, train/accuracy=0.012402, train/loss=6.457184, validation/accuracy=0.012240, validation/loss=6.465395, validation/num_examples=50000
I0203 15:34:05.883674 139910212208384 logging_writer.py:48] [900] global_step=900, grad_norm=1.656842589378357, loss=6.63247013092041
I0203 15:34:46.438087 139910203815680 logging_writer.py:48] [1000] global_step=1000, grad_norm=1.607042670249939, loss=6.584073543548584
I0203 15:35:31.849121 139910212208384 logging_writer.py:48] [1100] global_step=1100, grad_norm=1.4284865856170654, loss=6.505380630493164
I0203 15:36:17.428490 139910203815680 logging_writer.py:48] [1200] global_step=1200, grad_norm=1.1995850801467896, loss=6.475440979003906
I0203 15:37:02.952202 139910212208384 logging_writer.py:48] [1300] global_step=1300, grad_norm=1.15510892868042, loss=6.406258583068848
I0203 15:37:48.064041 139910203815680 logging_writer.py:48] [1400] global_step=1400, grad_norm=2.7579476833343506, loss=6.388918399810791
I0203 15:38:33.542580 139910212208384 logging_writer.py:48] [1500] global_step=1500, grad_norm=1.8377840518951416, loss=6.376266956329346
I0203 15:39:18.986078 139910203815680 logging_writer.py:48] [1600] global_step=1600, grad_norm=1.482202172279358, loss=6.276200294494629
I0203 15:40:04.177070 139910212208384 logging_writer.py:48] [1700] global_step=1700, grad_norm=1.627733826637268, loss=6.277441024780273
I0203 15:40:49.379267 139910203815680 logging_writer.py:48] [1800] global_step=1800, grad_norm=1.6519711017608643, loss=6.369401454925537
I0203 15:41:01.732705 140107197974336 spec.py:321] Evaluating on the training split.
I0203 15:41:13.877832 140107197974336 spec.py:333] Evaluating on the validation split.
I0203 15:41:21.998984 140107197974336 spec.py:349] Evaluating on the test split.
I0203 15:41:23.615708 140107197974336 submission_runner.py:408] Time since start: 967.20s, 	Step: 1829, 	{'train/accuracy': 0.03935546800494194, 'train/loss': 5.864162445068359, 'validation/accuracy': 0.039239998906850815, 'validation/loss': 5.889999866485596, 'validation/num_examples': 50000, 'test/accuracy': 0.03100000135600567, 'test/loss': 5.997738838195801, 'test/num_examples': 10000, 'score': 883.1624338626862, 'total_duration': 967.2049548625946, 'accumulated_submission_time': 883.1624338626862, 'accumulated_eval_time': 83.87272596359253, 'accumulated_logging_time': 0.06127738952636719}
I0203 15:41:23.632511 139910212208384 logging_writer.py:48] [1829] accumulated_eval_time=83.872726, accumulated_logging_time=0.061277, accumulated_submission_time=883.162434, global_step=1829, preemption_count=0, score=883.162434, test/accuracy=0.031000, test/loss=5.997739, test/num_examples=10000, total_duration=967.204955, train/accuracy=0.039355, train/loss=5.864162, validation/accuracy=0.039240, validation/loss=5.890000, validation/num_examples=50000
I0203 15:41:52.009452 139910203815680 logging_writer.py:48] [1900] global_step=1900, grad_norm=1.473271131515503, loss=6.570653438568115
I0203 15:42:36.202050 139910212208384 logging_writer.py:48] [2000] global_step=2000, grad_norm=2.259100914001465, loss=6.214212417602539
I0203 15:43:21.414918 139910203815680 logging_writer.py:48] [2100] global_step=2100, grad_norm=1.2659308910369873, loss=6.463369846343994
I0203 15:44:06.693403 139910212208384 logging_writer.py:48] [2200] global_step=2200, grad_norm=1.6723264455795288, loss=6.142938613891602
I0203 15:44:52.228551 139910203815680 logging_writer.py:48] [2300] global_step=2300, grad_norm=1.768176794052124, loss=6.0857648849487305
I0203 15:45:37.483924 139910212208384 logging_writer.py:48] [2400] global_step=2400, grad_norm=1.2223926782608032, loss=6.567953109741211
I0203 15:46:22.718118 139910203815680 logging_writer.py:48] [2500] global_step=2500, grad_norm=1.3807823657989502, loss=6.634326457977295
I0203 15:47:08.024698 139910212208384 logging_writer.py:48] [2600] global_step=2600, grad_norm=1.6499238014221191, loss=6.015642166137695
I0203 15:47:53.219554 139910203815680 logging_writer.py:48] [2700] global_step=2700, grad_norm=1.6207423210144043, loss=6.01573371887207
I0203 15:48:23.872964 140107197974336 spec.py:321] Evaluating on the training split.
I0203 15:48:35.888410 140107197974336 spec.py:333] Evaluating on the validation split.
I0203 15:48:44.033832 140107197974336 spec.py:349] Evaluating on the test split.
I0203 15:48:45.646054 140107197974336 submission_runner.py:408] Time since start: 1409.24s, 	Step: 2769, 	{'train/accuracy': 0.07162109017372131, 'train/loss': 5.389620780944824, 'validation/accuracy': 0.06551999598741531, 'validation/loss': 5.453647136688232, 'validation/num_examples': 50000, 'test/accuracy': 0.05100000277161598, 'test/loss': 5.634537220001221, 'test/num_examples': 10000, 'score': 1303.3358738422394, 'total_duration': 1409.2352724075317, 'accumulated_submission_time': 1303.3358738422394, 'accumulated_eval_time': 105.64576721191406, 'accumulated_logging_time': 0.09018278121948242}
I0203 15:48:45.662789 139910212208384 logging_writer.py:48] [2769] accumulated_eval_time=105.645767, accumulated_logging_time=0.090183, accumulated_submission_time=1303.335874, global_step=2769, preemption_count=0, score=1303.335874, test/accuracy=0.051000, test/loss=5.634537, test/num_examples=10000, total_duration=1409.235272, train/accuracy=0.071621, train/loss=5.389621, validation/accuracy=0.065520, validation/loss=5.453647, validation/num_examples=50000
I0203 15:48:58.316511 139910203815680 logging_writer.py:48] [2800] global_step=2800, grad_norm=1.4433343410491943, loss=6.592648983001709
I0203 15:49:40.152851 139910212208384 logging_writer.py:48] [2900] global_step=2900, grad_norm=1.4951707124710083, loss=6.048841953277588
I0203 15:50:25.379570 139910203815680 logging_writer.py:48] [3000] global_step=3000, grad_norm=2.141287326812744, loss=5.878790855407715
I0203 15:51:10.817660 139910212208384 logging_writer.py:48] [3100] global_step=3100, grad_norm=1.5835641622543335, loss=5.938509464263916
I0203 15:51:55.989214 139910203815680 logging_writer.py:48] [3200] global_step=3200, grad_norm=1.8471046686172485, loss=6.531930923461914
I0203 15:52:41.158972 139910212208384 logging_writer.py:48] [3300] global_step=3300, grad_norm=1.8957144021987915, loss=5.877353191375732
I0203 15:53:26.323653 139910203815680 logging_writer.py:48] [3400] global_step=3400, grad_norm=1.505744218826294, loss=5.8509745597839355
I0203 15:54:11.525082 139910212208384 logging_writer.py:48] [3500] global_step=3500, grad_norm=1.6337367296218872, loss=5.911099910736084
I0203 15:54:56.852829 139910203815680 logging_writer.py:48] [3600] global_step=3600, grad_norm=1.373559832572937, loss=6.35803747177124
I0203 15:55:41.981184 139910212208384 logging_writer.py:48] [3700] global_step=3700, grad_norm=1.74263596534729, loss=5.825473785400391
I0203 15:55:45.763885 140107197974336 spec.py:321] Evaluating on the training split.
I0203 15:55:57.783044 140107197974336 spec.py:333] Evaluating on the validation split.
I0203 15:56:05.960809 140107197974336 spec.py:349] Evaluating on the test split.
I0203 15:56:07.605756 140107197974336 submission_runner.py:408] Time since start: 1851.19s, 	Step: 3710, 	{'train/accuracy': 0.10431640595197678, 'train/loss': 5.0515570640563965, 'validation/accuracy': 0.09815999865531921, 'validation/loss': 5.091566562652588, 'validation/num_examples': 50000, 'test/accuracy': 0.07480000704526901, 'test/loss': 5.3220343589782715, 'test/num_examples': 10000, 'score': 1723.3727452754974, 'total_duration': 1851.1949937343597, 'accumulated_submission_time': 1723.3727452754974, 'accumulated_eval_time': 127.48762011528015, 'accumulated_logging_time': 0.11726093292236328}
I0203 15:56:07.623291 139910203815680 logging_writer.py:48] [3710] accumulated_eval_time=127.487620, accumulated_logging_time=0.117261, accumulated_submission_time=1723.372745, global_step=3710, preemption_count=0, score=1723.372745, test/accuracy=0.074800, test/loss=5.322034, test/num_examples=10000, total_duration=1851.194994, train/accuracy=0.104316, train/loss=5.051557, validation/accuracy=0.098160, validation/loss=5.091567, validation/num_examples=50000
I0203 15:56:44.184817 139910212208384 logging_writer.py:48] [3800] global_step=3800, grad_norm=1.7297788858413696, loss=5.787086009979248
I0203 15:57:29.836117 139910203815680 logging_writer.py:48] [3900] global_step=3900, grad_norm=1.5352964401245117, loss=5.760799407958984
I0203 15:58:15.222563 139910212208384 logging_writer.py:48] [4000] global_step=4000, grad_norm=1.6476716995239258, loss=5.695587635040283
I0203 15:59:00.461150 139910203815680 logging_writer.py:48] [4100] global_step=4100, grad_norm=1.4095540046691895, loss=5.9928297996521
I0203 15:59:45.847929 139910212208384 logging_writer.py:48] [4200] global_step=4200, grad_norm=1.542863368988037, loss=5.669907569885254
I0203 16:00:31.398892 139910203815680 logging_writer.py:48] [4300] global_step=4300, grad_norm=1.6690813302993774, loss=5.571576118469238
I0203 16:01:17.021444 139910212208384 logging_writer.py:48] [4400] global_step=4400, grad_norm=1.4018689393997192, loss=6.206124782562256
I0203 16:02:02.511320 139910203815680 logging_writer.py:48] [4500] global_step=4500, grad_norm=1.8544065952301025, loss=5.535836696624756
I0203 16:02:47.833202 139910212208384 logging_writer.py:48] [4600] global_step=4600, grad_norm=1.810788631439209, loss=5.492281913757324
I0203 16:03:07.639858 140107197974336 spec.py:321] Evaluating on the training split.
I0203 16:03:19.618148 140107197974336 spec.py:333] Evaluating on the validation split.
I0203 16:03:28.009814 140107197974336 spec.py:349] Evaluating on the test split.
I0203 16:03:29.616040 140107197974336 submission_runner.py:408] Time since start: 2293.21s, 	Step: 4645, 	{'train/accuracy': 0.13974608480930328, 'train/loss': 4.694349765777588, 'validation/accuracy': 0.13157999515533447, 'validation/loss': 4.74459171295166, 'validation/num_examples': 50000, 'test/accuracy': 0.09930000454187393, 'test/loss': 5.037469387054443, 'test/num_examples': 10000, 'score': 2143.325270175934, 'total_duration': 2293.2052896022797, 'accumulated_submission_time': 2143.325270175934, 'accumulated_eval_time': 149.46379971504211, 'accumulated_logging_time': 0.1450655460357666}
I0203 16:03:29.633946 139910203815680 logging_writer.py:48] [4645] accumulated_eval_time=149.463800, accumulated_logging_time=0.145066, accumulated_submission_time=2143.325270, global_step=4645, preemption_count=0, score=2143.325270, test/accuracy=0.099300, test/loss=5.037469, test/num_examples=10000, total_duration=2293.205290, train/accuracy=0.139746, train/loss=4.694350, validation/accuracy=0.131580, validation/loss=4.744592, validation/num_examples=50000
I0203 16:03:51.697579 139910212208384 logging_writer.py:48] [4700] global_step=4700, grad_norm=1.5961668491363525, loss=5.522282600402832
I0203 16:04:35.290678 139910203815680 logging_writer.py:48] [4800] global_step=4800, grad_norm=1.6056711673736572, loss=5.478859901428223
I0203 16:05:20.640745 139910212208384 logging_writer.py:48] [4900] global_step=4900, grad_norm=1.6883291006088257, loss=5.460700988769531
I0203 16:06:07.590380 139910203815680 logging_writer.py:48] [5000] global_step=5000, grad_norm=1.1609838008880615, loss=6.291738510131836
I0203 16:06:53.601512 139910212208384 logging_writer.py:48] [5100] global_step=5100, grad_norm=1.5313161611557007, loss=5.713638782501221
I0203 16:07:38.928274 139910203815680 logging_writer.py:48] [5200] global_step=5200, grad_norm=1.4077980518341064, loss=5.482608318328857
I0203 16:08:24.395330 139910212208384 logging_writer.py:48] [5300] global_step=5300, grad_norm=1.7079567909240723, loss=5.336761951446533
I0203 16:09:09.664874 139910203815680 logging_writer.py:48] [5400] global_step=5400, grad_norm=1.5457431077957153, loss=5.286737442016602
I0203 16:09:55.235579 139910212208384 logging_writer.py:48] [5500] global_step=5500, grad_norm=1.6251786947250366, loss=5.3433027267456055
I0203 16:10:29.944842 140107197974336 spec.py:321] Evaluating on the training split.
I0203 16:10:42.017644 140107197974336 spec.py:333] Evaluating on the validation split.
I0203 16:10:50.195462 140107197974336 spec.py:349] Evaluating on the test split.
I0203 16:10:51.813741 140107197974336 submission_runner.py:408] Time since start: 2735.40s, 	Step: 5578, 	{'train/accuracy': 0.18845702707767487, 'train/loss': 4.301875114440918, 'validation/accuracy': 0.17127999663352966, 'validation/loss': 4.40316104888916, 'validation/num_examples': 50000, 'test/accuracy': 0.12620000541210175, 'test/loss': 4.740323066711426, 'test/num_examples': 10000, 'score': 2563.570514202118, 'total_duration': 2735.4029870033264, 'accumulated_submission_time': 2563.570514202118, 'accumulated_eval_time': 171.33267450332642, 'accumulated_logging_time': 0.17570042610168457}
I0203 16:10:51.831170 139910203815680 logging_writer.py:48] [5578] accumulated_eval_time=171.332675, accumulated_logging_time=0.175700, accumulated_submission_time=2563.570514, global_step=5578, preemption_count=0, score=2563.570514, test/accuracy=0.126200, test/loss=4.740323, test/num_examples=10000, total_duration=2735.402987, train/accuracy=0.188457, train/loss=4.301875, validation/accuracy=0.171280, validation/loss=4.403161, validation/num_examples=50000
I0203 16:11:00.949676 139910212208384 logging_writer.py:48] [5600] global_step=5600, grad_norm=1.583133578300476, loss=5.978959083557129
I0203 16:11:42.312166 139910203815680 logging_writer.py:48] [5700] global_step=5700, grad_norm=1.5547021627426147, loss=5.326568603515625
I0203 16:12:27.690431 139910212208384 logging_writer.py:48] [5800] global_step=5800, grad_norm=1.4589389562606812, loss=5.134391784667969
I0203 16:13:13.151266 139910203815680 logging_writer.py:48] [5900] global_step=5900, grad_norm=1.6681091785430908, loss=5.17531681060791
I0203 16:13:58.470449 139910212208384 logging_writer.py:48] [6000] global_step=6000, grad_norm=1.6376241445541382, loss=5.512843608856201
I0203 16:14:44.072712 139910203815680 logging_writer.py:48] [6100] global_step=6100, grad_norm=1.2395113706588745, loss=6.048192977905273
I0203 16:15:29.512639 139910212208384 logging_writer.py:48] [6200] global_step=6200, grad_norm=1.683396816253662, loss=5.36741828918457
I0203 16:16:16.188154 139910203815680 logging_writer.py:48] [6300] global_step=6300, grad_norm=1.6589488983154297, loss=5.06532621383667
I0203 16:17:02.356889 139910212208384 logging_writer.py:48] [6400] global_step=6400, grad_norm=1.3850476741790771, loss=6.076913356781006
I0203 16:17:48.205250 139910203815680 logging_writer.py:48] [6500] global_step=6500, grad_norm=1.9404573440551758, loss=4.979800701141357
I0203 16:17:52.083211 140107197974336 spec.py:321] Evaluating on the training split.
I0203 16:18:04.336356 140107197974336 spec.py:333] Evaluating on the validation split.
I0203 16:18:15.441726 140107197974336 spec.py:349] Evaluating on the test split.
I0203 16:18:17.053114 140107197974336 submission_runner.py:408] Time since start: 3180.64s, 	Step: 6510, 	{'train/accuracy': 0.22810547053813934, 'train/loss': 3.9725728034973145, 'validation/accuracy': 0.21327999234199524, 'validation/loss': 4.052278518676758, 'validation/num_examples': 50000, 'test/accuracy': 0.16300000250339508, 'test/loss': 4.438085556030273, 'test/num_examples': 10000, 'score': 2983.7556672096252, 'total_duration': 3180.6423647403717, 'accumulated_submission_time': 2983.7556672096252, 'accumulated_eval_time': 196.30260586738586, 'accumulated_logging_time': 0.20665884017944336}
I0203 16:18:17.072027 139910212208384 logging_writer.py:48] [6510] accumulated_eval_time=196.302606, accumulated_logging_time=0.206659, accumulated_submission_time=2983.755667, global_step=6510, preemption_count=0, score=2983.755667, test/accuracy=0.163000, test/loss=4.438086, test/num_examples=10000, total_duration=3180.642365, train/accuracy=0.228105, train/loss=3.972573, validation/accuracy=0.213280, validation/loss=4.052279, validation/num_examples=50000
I0203 16:18:52.943974 139910203815680 logging_writer.py:48] [6600] global_step=6600, grad_norm=1.628037929534912, loss=5.095163345336914
I0203 16:19:38.029612 139910212208384 logging_writer.py:48] [6700] global_step=6700, grad_norm=1.3099026679992676, loss=6.214256763458252
I0203 16:20:23.715932 139910203815680 logging_writer.py:48] [6800] global_step=6800, grad_norm=1.3146779537200928, loss=5.995239734649658
I0203 16:21:09.365302 139910212208384 logging_writer.py:48] [6900] global_step=6900, grad_norm=1.3909510374069214, loss=6.174356460571289
I0203 16:21:54.796324 139910203815680 logging_writer.py:48] [7000] global_step=7000, grad_norm=1.5318607091903687, loss=6.120980262756348
I0203 16:22:39.972426 139910212208384 logging_writer.py:48] [7100] global_step=7100, grad_norm=2.0307562351226807, loss=5.001682281494141
I0203 16:23:25.533041 139910203815680 logging_writer.py:48] [7200] global_step=7200, grad_norm=1.8804467916488647, loss=5.0745344161987305
I0203 16:24:10.947476 139910212208384 logging_writer.py:48] [7300] global_step=7300, grad_norm=1.6320627927780151, loss=4.869516849517822
I0203 16:24:56.521438 139910203815680 logging_writer.py:48] [7400] global_step=7400, grad_norm=1.6361185312271118, loss=4.921401500701904
I0203 16:25:17.215930 140107197974336 spec.py:321] Evaluating on the training split.
I0203 16:25:29.213849 140107197974336 spec.py:333] Evaluating on the validation split.
I0203 16:25:39.592304 140107197974336 spec.py:349] Evaluating on the test split.
I0203 16:25:41.234275 140107197974336 submission_runner.py:408] Time since start: 3624.82s, 	Step: 7447, 	{'train/accuracy': 0.2765820324420929, 'train/loss': 3.669283628463745, 'validation/accuracy': 0.2522999942302704, 'validation/loss': 3.7821102142333984, 'validation/num_examples': 50000, 'test/accuracy': 0.1923000067472458, 'test/loss': 4.209742546081543, 'test/num_examples': 10000, 'score': 3403.835516691208, 'total_duration': 3624.8235108852386, 'accumulated_submission_time': 3403.835516691208, 'accumulated_eval_time': 220.32091236114502, 'accumulated_logging_time': 0.23564529418945312}
I0203 16:25:41.254657 139910212208384 logging_writer.py:48] [7447] accumulated_eval_time=220.320912, accumulated_logging_time=0.235645, accumulated_submission_time=3403.835517, global_step=7447, preemption_count=0, score=3403.835517, test/accuracy=0.192300, test/loss=4.209743, test/num_examples=10000, total_duration=3624.823511, train/accuracy=0.276582, train/loss=3.669284, validation/accuracy=0.252300, validation/loss=3.782110, validation/num_examples=50000
I0203 16:26:02.795348 139910203815680 logging_writer.py:48] [7500] global_step=7500, grad_norm=1.5397186279296875, loss=5.110126495361328
I0203 16:26:45.755251 139910212208384 logging_writer.py:48] [7600] global_step=7600, grad_norm=2.2702484130859375, loss=4.831049919128418
I0203 16:27:31.118681 139910203815680 logging_writer.py:48] [7700] global_step=7700, grad_norm=1.6236684322357178, loss=4.784464359283447
I0203 16:28:16.607732 139910212208384 logging_writer.py:48] [7800] global_step=7800, grad_norm=1.7342822551727295, loss=4.811120986938477
I0203 16:29:02.157504 139910203815680 logging_writer.py:48] [7900] global_step=7900, grad_norm=1.6204873323440552, loss=4.761536598205566
I0203 16:29:47.665246 139910212208384 logging_writer.py:48] [8000] global_step=8000, grad_norm=2.117584705352783, loss=4.744965076446533
I0203 16:30:32.978044 139910203815680 logging_writer.py:48] [8100] global_step=8100, grad_norm=1.4225780963897705, loss=4.984818458557129
I0203 16:31:18.547354 139910212208384 logging_writer.py:48] [8200] global_step=8200, grad_norm=1.2266931533813477, loss=6.097526550292969
I0203 16:32:03.944911 139910203815680 logging_writer.py:48] [8300] global_step=8300, grad_norm=1.6270639896392822, loss=4.639110088348389
I0203 16:32:41.270581 140107197974336 spec.py:321] Evaluating on the training split.
I0203 16:32:53.433529 140107197974336 spec.py:333] Evaluating on the validation split.
I0203 16:33:07.282019 140107197974336 spec.py:349] Evaluating on the test split.
I0203 16:33:08.888025 140107197974336 submission_runner.py:408] Time since start: 4072.48s, 	Step: 8384, 	{'train/accuracy': 0.30943357944488525, 'train/loss': 3.4023940563201904, 'validation/accuracy': 0.2844800055027008, 'validation/loss': 3.535698652267456, 'validation/num_examples': 50000, 'test/accuracy': 0.22380000352859497, 'test/loss': 3.993281841278076, 'test/num_examples': 10000, 'score': 3823.778416156769, 'total_duration': 4072.47727060318, 'accumulated_submission_time': 3823.778416156769, 'accumulated_eval_time': 247.93834471702576, 'accumulated_logging_time': 0.2755928039550781}
I0203 16:33:08.908569 139910212208384 logging_writer.py:48] [8384] accumulated_eval_time=247.938345, accumulated_logging_time=0.275593, accumulated_submission_time=3823.778416, global_step=8384, preemption_count=0, score=3823.778416, test/accuracy=0.223800, test/loss=3.993282, test/num_examples=10000, total_duration=4072.477271, train/accuracy=0.309434, train/loss=3.402394, validation/accuracy=0.284480, validation/loss=3.535699, validation/num_examples=50000
I0203 16:33:15.647646 139910203815680 logging_writer.py:48] [8400] global_step=8400, grad_norm=1.3369449377059937, loss=5.7212419509887695
I0203 16:33:56.711955 139910212208384 logging_writer.py:48] [8500] global_step=8500, grad_norm=1.4889461994171143, loss=4.935298919677734
I0203 16:34:42.357392 139910203815680 logging_writer.py:48] [8600] global_step=8600, grad_norm=1.6684305667877197, loss=4.902266502380371
I0203 16:35:28.010664 139910212208384 logging_writer.py:48] [8700] global_step=8700, grad_norm=1.12144935131073, loss=5.991038799285889
I0203 16:36:13.876526 139910203815680 logging_writer.py:48] [8800] global_step=8800, grad_norm=1.6637275218963623, loss=4.608274459838867
I0203 16:36:58.962337 139910212208384 logging_writer.py:48] [8900] global_step=8900, grad_norm=1.318281650543213, loss=6.187066555023193
I0203 16:37:44.327205 139910203815680 logging_writer.py:48] [9000] global_step=9000, grad_norm=1.299926996231079, loss=5.564833641052246
I0203 16:38:29.798445 139910212208384 logging_writer.py:48] [9100] global_step=9100, grad_norm=1.5803968906402588, loss=4.583279609680176
I0203 16:39:15.226716 139910203815680 logging_writer.py:48] [9200] global_step=9200, grad_norm=1.7751827239990234, loss=4.564652442932129
I0203 16:40:00.631409 139910212208384 logging_writer.py:48] [9300] global_step=9300, grad_norm=1.4913995265960693, loss=4.502351760864258
I0203 16:40:09.003949 140107197974336 spec.py:321] Evaluating on the training split.
I0203 16:40:21.995955 140107197974336 spec.py:333] Evaluating on the validation split.
I0203 16:40:35.530428 140107197974336 spec.py:349] Evaluating on the test split.
I0203 16:40:37.132960 140107197974336 submission_runner.py:408] Time since start: 4520.72s, 	Step: 9320, 	{'train/accuracy': 0.3596288859844208, 'train/loss': 3.166682004928589, 'validation/accuracy': 0.32023999094963074, 'validation/loss': 3.347395896911621, 'validation/num_examples': 50000, 'test/accuracy': 0.2459000051021576, 'test/loss': 3.8278791904449463, 'test/num_examples': 10000, 'score': 4243.810468912125, 'total_duration': 4520.722212314606, 'accumulated_submission_time': 4243.810468912125, 'accumulated_eval_time': 276.0673451423645, 'accumulated_logging_time': 0.3065640926361084}
I0203 16:40:37.151309 139910203815680 logging_writer.py:48] [9320] accumulated_eval_time=276.067345, accumulated_logging_time=0.306564, accumulated_submission_time=4243.810469, global_step=9320, preemption_count=0, score=4243.810469, test/accuracy=0.245900, test/loss=3.827879, test/num_examples=10000, total_duration=4520.722212, train/accuracy=0.359629, train/loss=3.166682, validation/accuracy=0.320240, validation/loss=3.347396, validation/num_examples=50000
I0203 16:41:09.632104 139910212208384 logging_writer.py:48] [9400] global_step=9400, grad_norm=1.0412282943725586, loss=5.976205825805664
I0203 16:41:55.001045 139910203815680 logging_writer.py:48] [9500] global_step=9500, grad_norm=1.817284107208252, loss=4.4215989112854
I0203 16:42:40.336884 139910212208384 logging_writer.py:48] [9600] global_step=9600, grad_norm=1.560893177986145, loss=4.462786674499512
I0203 16:43:25.903382 139910203815680 logging_writer.py:48] [9700] global_step=9700, grad_norm=1.4171172380447388, loss=5.3451128005981445
I0203 16:44:11.606797 139910212208384 logging_writer.py:48] [9800] global_step=9800, grad_norm=1.2561455965042114, loss=5.843137264251709
I0203 16:44:57.183020 139910203815680 logging_writer.py:48] [9900] global_step=9900, grad_norm=1.3113762140274048, loss=6.223316192626953
I0203 16:45:43.066631 139910212208384 logging_writer.py:48] [10000] global_step=10000, grad_norm=1.4268922805786133, loss=4.580583572387695
I0203 16:46:28.486085 139910203815680 logging_writer.py:48] [10100] global_step=10100, grad_norm=1.636704921722412, loss=4.4778642654418945
I0203 16:47:14.027513 139910212208384 logging_writer.py:48] [10200] global_step=10200, grad_norm=1.5578266382217407, loss=4.563469409942627
I0203 16:47:37.501009 140107197974336 spec.py:321] Evaluating on the training split.
I0203 16:47:50.003465 140107197974336 spec.py:333] Evaluating on the validation split.
I0203 16:48:07.211943 140107197974336 spec.py:349] Evaluating on the test split.
I0203 16:48:08.826068 140107197974336 submission_runner.py:408] Time since start: 4972.42s, 	Step: 10253, 	{'train/accuracy': 0.36775389313697815, 'train/loss': 3.1120121479034424, 'validation/accuracy': 0.3455999791622162, 'validation/loss': 3.226508617401123, 'validation/num_examples': 50000, 'test/accuracy': 0.26340001821517944, 'test/loss': 3.720574378967285, 'test/num_examples': 10000, 'score': 4664.097786426544, 'total_duration': 4972.415317296982, 'accumulated_submission_time': 4664.097786426544, 'accumulated_eval_time': 307.3923919200897, 'accumulated_logging_time': 0.3343639373779297}
I0203 16:48:08.848081 139910203815680 logging_writer.py:48] [10253] accumulated_eval_time=307.392392, accumulated_logging_time=0.334364, accumulated_submission_time=4664.097786, global_step=10253, preemption_count=0, score=4664.097786, test/accuracy=0.263400, test/loss=3.720574, test/num_examples=10000, total_duration=4972.415317, train/accuracy=0.367754, train/loss=3.112012, validation/accuracy=0.345600, validation/loss=3.226509, validation/num_examples=50000
I0203 16:48:27.723586 139910212208384 logging_writer.py:48] [10300] global_step=10300, grad_norm=1.6402473449707031, loss=4.421335697174072
I0203 16:49:10.631723 139910203815680 logging_writer.py:48] [10400] global_step=10400, grad_norm=1.524930715560913, loss=4.343973159790039
I0203 16:49:56.364480 139910212208384 logging_writer.py:48] [10500] global_step=10500, grad_norm=1.649481177330017, loss=4.4813032150268555
I0203 16:50:42.190370 139910203815680 logging_writer.py:48] [10600] global_step=10600, grad_norm=1.742287516593933, loss=4.437812328338623
I0203 16:51:27.752291 139910212208384 logging_writer.py:48] [10700] global_step=10700, grad_norm=1.3987882137298584, loss=5.234574317932129
I0203 16:52:13.171068 139910203815680 logging_writer.py:48] [10800] global_step=10800, grad_norm=1.255467414855957, loss=5.571012496948242
I0203 16:52:58.562076 139910212208384 logging_writer.py:48] [10900] global_step=10900, grad_norm=1.6371896266937256, loss=4.312868595123291
I0203 16:53:44.842935 139910203815680 logging_writer.py:48] [11000] global_step=11000, grad_norm=1.3421242237091064, loss=5.316067695617676
I0203 16:54:31.019371 139910212208384 logging_writer.py:48] [11100] global_step=11100, grad_norm=1.6047524213790894, loss=4.314514636993408
I0203 16:55:09.139708 140107197974336 spec.py:321] Evaluating on the training split.
I0203 16:55:21.727829 140107197974336 spec.py:333] Evaluating on the validation split.
I0203 16:55:35.776690 140107197974336 spec.py:349] Evaluating on the test split.
I0203 16:55:37.382413 140107197974336 submission_runner.py:408] Time since start: 5420.97s, 	Step: 11185, 	{'train/accuracy': 0.3995117247104645, 'train/loss': 2.8868730068206787, 'validation/accuracy': 0.36805999279022217, 'validation/loss': 3.0476648807525635, 'validation/num_examples': 50000, 'test/accuracy': 0.2808000147342682, 'test/loss': 3.5686235427856445, 'test/num_examples': 10000, 'score': 5084.326451063156, 'total_duration': 5420.9716629981995, 'accumulated_submission_time': 5084.326451063156, 'accumulated_eval_time': 335.6350944042206, 'accumulated_logging_time': 0.3666074275970459}
I0203 16:55:37.402082 139910203815680 logging_writer.py:48] [11185] accumulated_eval_time=335.635094, accumulated_logging_time=0.366607, accumulated_submission_time=5084.326451, global_step=11185, preemption_count=0, score=5084.326451, test/accuracy=0.280800, test/loss=3.568624, test/num_examples=10000, total_duration=5420.971663, train/accuracy=0.399512, train/loss=2.886873, validation/accuracy=0.368060, validation/loss=3.047665, validation/num_examples=50000
I0203 16:55:43.756340 139910212208384 logging_writer.py:48] [11200] global_step=11200, grad_norm=1.432031273841858, loss=4.192986488342285
I0203 16:56:25.274222 139910203815680 logging_writer.py:48] [11300] global_step=11300, grad_norm=1.504456639289856, loss=4.21632194519043
I0203 16:57:10.878686 139910212208384 logging_writer.py:48] [11400] global_step=11400, grad_norm=1.6259528398513794, loss=4.824007034301758
I0203 16:57:56.658027 139910203815680 logging_writer.py:48] [11500] global_step=11500, grad_norm=1.084869384765625, loss=6.0380859375
I0203 16:58:42.317156 139910212208384 logging_writer.py:48] [11600] global_step=11600, grad_norm=1.1300865411758423, loss=5.930670738220215
I0203 16:59:28.137405 139910203815680 logging_writer.py:48] [11700] global_step=11700, grad_norm=1.587306022644043, loss=4.37580680847168
I0203 17:00:13.738440 139910212208384 logging_writer.py:48] [11800] global_step=11800, grad_norm=1.1610994338989258, loss=5.00703763961792
I0203 17:00:59.565403 139910203815680 logging_writer.py:48] [11900] global_step=11900, grad_norm=1.3607810735702515, loss=4.426066875457764
I0203 17:01:45.067250 139910212208384 logging_writer.py:48] [12000] global_step=12000, grad_norm=1.4311336278915405, loss=4.12632942199707
I0203 17:02:30.653898 139910203815680 logging_writer.py:48] [12100] global_step=12100, grad_norm=1.226754069328308, loss=5.259184837341309
I0203 17:02:37.669780 140107197974336 spec.py:321] Evaluating on the training split.
I0203 17:02:50.738920 140107197974336 spec.py:333] Evaluating on the validation split.
I0203 17:03:06.482592 140107197974336 spec.py:349] Evaluating on the test split.
I0203 17:03:08.083233 140107197974336 submission_runner.py:408] Time since start: 5871.67s, 	Step: 12117, 	{'train/accuracy': 0.4317578077316284, 'train/loss': 2.685864210128784, 'validation/accuracy': 0.3901999890804291, 'validation/loss': 2.880558729171753, 'validation/num_examples': 50000, 'test/accuracy': 0.2963000237941742, 'test/loss': 3.4384853839874268, 'test/num_examples': 10000, 'score': 5504.530478954315, 'total_duration': 5871.672466278076, 'accumulated_submission_time': 5504.530478954315, 'accumulated_eval_time': 366.0485026836395, 'accumulated_logging_time': 0.3962712287902832}
I0203 17:03:08.102020 139910212208384 logging_writer.py:48] [12117] accumulated_eval_time=366.048503, accumulated_logging_time=0.396271, accumulated_submission_time=5504.530479, global_step=12117, preemption_count=0, score=5504.530479, test/accuracy=0.296300, test/loss=3.438485, test/num_examples=10000, total_duration=5871.672466, train/accuracy=0.431758, train/loss=2.685864, validation/accuracy=0.390200, validation/loss=2.880559, validation/num_examples=50000
I0203 17:03:41.130059 139910203815680 logging_writer.py:48] [12200] global_step=12200, grad_norm=1.7315024137496948, loss=4.154399871826172
I0203 17:04:26.149207 139910212208384 logging_writer.py:48] [12300] global_step=12300, grad_norm=1.445747971534729, loss=4.3670172691345215
I0203 17:05:12.097864 139910203815680 logging_writer.py:48] [12400] global_step=12400, grad_norm=1.5935548543930054, loss=4.192972183227539
I0203 17:05:58.558901 139910212208384 logging_writer.py:48] [12500] global_step=12500, grad_norm=1.4608993530273438, loss=4.362784385681152
I0203 17:06:45.206226 139910203815680 logging_writer.py:48] [12600] global_step=12600, grad_norm=1.0504589080810547, loss=5.827261924743652
I0203 17:07:31.267001 139910212208384 logging_writer.py:48] [12700] global_step=12700, grad_norm=1.6683778762817383, loss=4.142770290374756
I0203 17:08:17.175670 139910203815680 logging_writer.py:48] [12800] global_step=12800, grad_norm=1.5389208793640137, loss=4.165557384490967
I0203 17:09:03.169728 139910212208384 logging_writer.py:48] [12900] global_step=12900, grad_norm=1.6384673118591309, loss=4.198469638824463
I0203 17:09:49.062387 139910203815680 logging_writer.py:48] [13000] global_step=13000, grad_norm=1.2196078300476074, loss=4.819187641143799
I0203 17:10:08.334694 140107197974336 spec.py:321] Evaluating on the training split.
I0203 17:10:21.013216 140107197974336 spec.py:333] Evaluating on the validation split.
I0203 17:10:36.865635 140107197974336 spec.py:349] Evaluating on the test split.
I0203 17:10:38.476802 140107197974336 submission_runner.py:408] Time since start: 6322.07s, 	Step: 13044, 	{'train/accuracy': 0.4320703148841858, 'train/loss': 2.7094104290008545, 'validation/accuracy': 0.4023999869823456, 'validation/loss': 2.8486061096191406, 'validation/num_examples': 50000, 'test/accuracy': 0.31150001287460327, 'test/loss': 3.408851385116577, 'test/num_examples': 10000, 'score': 5924.697474718094, 'total_duration': 6322.066045045853, 'accumulated_submission_time': 5924.697474718094, 'accumulated_eval_time': 396.19059109687805, 'accumulated_logging_time': 0.429196834564209}
I0203 17:10:38.500330 139910212208384 logging_writer.py:48] [13044] accumulated_eval_time=396.190591, accumulated_logging_time=0.429197, accumulated_submission_time=5924.697475, global_step=13044, preemption_count=0, score=5924.697475, test/accuracy=0.311500, test/loss=3.408851, test/num_examples=10000, total_duration=6322.066045, train/accuracy=0.432070, train/loss=2.709410, validation/accuracy=0.402400, validation/loss=2.848606, validation/num_examples=50000
I0203 17:11:00.968859 139910203815680 logging_writer.py:48] [13100] global_step=13100, grad_norm=1.4046534299850464, loss=4.196391582489014
I0203 17:11:44.448255 139910212208384 logging_writer.py:48] [13200] global_step=13200, grad_norm=1.8616200685501099, loss=4.083909034729004
I0203 17:12:30.076663 139910203815680 logging_writer.py:48] [13300] global_step=13300, grad_norm=1.5325838327407837, loss=4.051358222961426
I0203 17:13:16.076378 139910212208384 logging_writer.py:48] [13400] global_step=13400, grad_norm=2.390177011489868, loss=4.131888389587402
I0203 17:14:02.583631 139910203815680 logging_writer.py:48] [13500] global_step=13500, grad_norm=1.4874743223190308, loss=4.957622051239014
I0203 17:14:48.836374 139910212208384 logging_writer.py:48] [13600] global_step=13600, grad_norm=1.4397324323654175, loss=4.148898124694824
I0203 17:15:35.270175 139910203815680 logging_writer.py:48] [13700] global_step=13700, grad_norm=1.3671141862869263, loss=4.543794631958008
I0203 17:16:22.180148 139910212208384 logging_writer.py:48] [13800] global_step=13800, grad_norm=1.0689243078231812, loss=5.6754584312438965
I0203 17:17:08.735787 139910203815680 logging_writer.py:48] [13900] global_step=13900, grad_norm=1.3583439588546753, loss=4.3096022605896
I0203 17:17:38.703763 140107197974336 spec.py:321] Evaluating on the training split.
I0203 17:17:54.032245 140107197974336 spec.py:333] Evaluating on the validation split.
I0203 17:18:12.877384 140107197974336 spec.py:349] Evaluating on the test split.
I0203 17:18:14.482860 140107197974336 submission_runner.py:408] Time since start: 6778.07s, 	Step: 13967, 	{'train/accuracy': 0.45130857825279236, 'train/loss': 2.5765609741210938, 'validation/accuracy': 0.42010000348091125, 'validation/loss': 2.7298953533172607, 'validation/num_examples': 50000, 'test/accuracy': 0.3273000121116638, 'test/loss': 3.2973392009735107, 'test/num_examples': 10000, 'score': 6344.838493108749, 'total_duration': 6778.072106599808, 'accumulated_submission_time': 6344.838493108749, 'accumulated_eval_time': 431.96968388557434, 'accumulated_logging_time': 0.46321702003479004}
I0203 17:18:14.499705 139910212208384 logging_writer.py:48] [13967] accumulated_eval_time=431.969684, accumulated_logging_time=0.463217, accumulated_submission_time=6344.838493, global_step=13967, preemption_count=0, score=6344.838493, test/accuracy=0.327300, test/loss=3.297339, test/num_examples=10000, total_duration=6778.072107, train/accuracy=0.451309, train/loss=2.576561, validation/accuracy=0.420100, validation/loss=2.729895, validation/num_examples=50000
I0203 17:18:27.846913 139910203815680 logging_writer.py:48] [14000] global_step=14000, grad_norm=1.1182156801223755, loss=5.184870719909668
I0203 17:19:08.409725 139910212208384 logging_writer.py:48] [14100] global_step=14100, grad_norm=1.5316028594970703, loss=4.559301853179932
I0203 17:19:54.287605 139910203815680 logging_writer.py:48] [14200] global_step=14200, grad_norm=0.94317227602005, loss=5.7241082191467285
I0203 17:20:40.336619 139910212208384 logging_writer.py:48] [14300] global_step=14300, grad_norm=1.003010630607605, loss=5.667450904846191
I0203 17:21:26.344454 139910203815680 logging_writer.py:48] [14400] global_step=14400, grad_norm=1.0276299715042114, loss=6.024320602416992
I0203 17:22:12.718601 139910212208384 logging_writer.py:48] [14500] global_step=14500, grad_norm=1.6068822145462036, loss=4.089572906494141
I0203 17:22:58.728223 139910203815680 logging_writer.py:48] [14600] global_step=14600, grad_norm=1.519930124282837, loss=4.038116455078125
I0203 17:23:45.102466 139910212208384 logging_writer.py:48] [14700] global_step=14700, grad_norm=1.4418694972991943, loss=4.059835433959961
I0203 17:24:31.304186 139910203815680 logging_writer.py:48] [14800] global_step=14800, grad_norm=1.3633993864059448, loss=4.1674885749816895
I0203 17:25:14.559564 140107197974336 spec.py:321] Evaluating on the training split.
I0203 17:25:30.205475 140107197974336 spec.py:333] Evaluating on the validation split.
I0203 17:25:47.952057 140107197974336 spec.py:349] Evaluating on the test split.
I0203 17:25:49.560863 140107197974336 submission_runner.py:408] Time since start: 7233.15s, 	Step: 14896, 	{'train/accuracy': 0.4676562249660492, 'train/loss': 2.475290536880493, 'validation/accuracy': 0.4269999861717224, 'validation/loss': 2.6804628372192383, 'validation/num_examples': 50000, 'test/accuracy': 0.33420002460479736, 'test/loss': 3.250800371170044, 'test/num_examples': 10000, 'score': 6764.83682847023, 'total_duration': 7233.150120258331, 'accumulated_submission_time': 6764.83682847023, 'accumulated_eval_time': 466.97098088264465, 'accumulated_logging_time': 0.489241361618042}
I0203 17:25:49.581812 139910212208384 logging_writer.py:48] [14896] accumulated_eval_time=466.970981, accumulated_logging_time=0.489241, accumulated_submission_time=6764.836828, global_step=14896, preemption_count=0, score=6764.836828, test/accuracy=0.334200, test/loss=3.250800, test/num_examples=10000, total_duration=7233.150120, train/accuracy=0.467656, train/loss=2.475291, validation/accuracy=0.427000, validation/loss=2.680463, validation/num_examples=50000
I0203 17:25:51.552248 139910203815680 logging_writer.py:48] [14900] global_step=14900, grad_norm=1.5945746898651123, loss=3.8527960777282715
I0203 17:26:31.147230 139910212208384 logging_writer.py:48] [15000] global_step=15000, grad_norm=1.3827906847000122, loss=3.993638753890991
I0203 17:27:16.727206 139910203815680 logging_writer.py:48] [15100] global_step=15100, grad_norm=1.4525716304779053, loss=4.161553859710693
I0203 17:28:02.898909 139910212208384 logging_writer.py:48] [15200] global_step=15200, grad_norm=1.498909592628479, loss=4.015702724456787
I0203 17:28:48.905519 139910203815680 logging_writer.py:48] [15300] global_step=15300, grad_norm=1.4548367261886597, loss=4.101805210113525
I0203 17:29:34.993991 139910212208384 logging_writer.py:48] [15400] global_step=15400, grad_norm=1.171094298362732, loss=5.164604187011719
I0203 17:30:21.189060 139910203815680 logging_writer.py:48] [15500] global_step=15500, grad_norm=1.5339381694793701, loss=4.055019378662109
I0203 17:31:07.036716 139910212208384 logging_writer.py:48] [15600] global_step=15600, grad_norm=1.328176498413086, loss=4.152284622192383
I0203 17:31:52.812544 139910203815680 logging_writer.py:48] [15700] global_step=15700, grad_norm=1.5061122179031372, loss=4.045289993286133
