python3 submission_runner.py --framework=jax --workload=wmt --submission_path=prize_qualification_baselines/external_tuning/jax_nadamw_full_budget.py --tuning_search_space=prize_qualification_baselines/external_tuning/tuning_search_space.json --data_dir=/data/wmt --num_tuning_trials=1 --experiment_dir=/experiment_runs --experiment_name=prize_qualification/study_0 --overwrite=true --save_checkpoints=false --num_tuning_trials=5 --rng_seed=3586669017 --max_global_steps=133333 2>&1 | tee -a /logs/wmt_jax_02-06-2024-10-57-53.log
I0206 10:58:16.786925 139785736898368 logger_utils.py:76] Creating experiment directory at /experiment_runs/prize_qualification/study_0/wmt_jax.
I0206 10:58:17.851709 139785736898368 xla_bridge.py:455] Unable to initialize backend 'rocm': NOT_FOUND: Could not find registered platform with name: "rocm". Available platform names are: Host Interpreter CUDA
I0206 10:58:17.852540 139785736898368 xla_bridge.py:455] Unable to initialize backend 'tpu': module 'jaxlib.xla_extension' has no attribute 'get_tpu_client'
I0206 10:58:17.852703 139785736898368 xla_bridge.py:455] Unable to initialize backend 'plugin': xla_extension has no attributes named get_plugin_device_client. Compile TensorFlow with //tensorflow/compiler/xla/python:enable_plugin_device set to true (defaults to false) to enable this.
I0206 10:58:17.853940 139785736898368 submission_runner.py:542] Using RNG seed 3586669017
I0206 10:58:19.069872 139785736898368 submission_runner.py:551] --- Tuning run 1/5 ---
I0206 10:58:19.070126 139785736898368 submission_runner.py:556] Creating tuning directory at /experiment_runs/prize_qualification/study_0/wmt_jax/trial_1.
I0206 10:58:19.070388 139785736898368 logger_utils.py:92] Saving hparams to /experiment_runs/prize_qualification/study_0/wmt_jax/trial_1/hparams.json.
I0206 10:58:19.261979 139785736898368 submission_runner.py:206] Initializing dataset.
I0206 10:58:19.276121 139785736898368 dataset_info.py:578] Load dataset info from /data/wmt/wmt17_translate/de-en/1.0.0
I0206 10:58:19.282936 139785736898368 dataset_info.py:669] Fields info.[splits, supervised_keys] from disk and from code do not match. Keeping the one from code.
I0206 10:58:19.451634 139785736898368 logging_logger.py:49] Constructing tf.data.Dataset wmt17_translate for split train, from /data/wmt/wmt17_translate/de-en/1.0.0
I0206 10:58:21.588139 139785736898368 submission_runner.py:213] Initializing model.
I0206 10:58:30.899239 139785736898368 submission_runner.py:255] Initializing optimizer.
I0206 10:58:32.052094 139785736898368 submission_runner.py:262] Initializing metrics bundle.
I0206 10:58:32.052292 139785736898368 submission_runner.py:280] Initializing checkpoint and logger.
I0206 10:58:32.053476 139785736898368 checkpoints.py:915] Found no checkpoint files in /experiment_runs/prize_qualification/study_0/wmt_jax/trial_1 with prefix checkpoint_
I0206 10:58:32.053615 139785736898368 submission_runner.py:300] Saving meta data to /experiment_runs/prize_qualification/study_0/wmt_jax/trial_1/meta_data_0.json.
I0206 10:58:32.053831 139785736898368 logger_utils.py:257] Unable to record workload.train_mean information. Continuing without it.
I0206 10:58:32.053895 139785736898368 logger_utils.py:257] Unable to record workload.train_stddev information. Continuing without it.
fatal: detected dubious ownership in repository at '/algorithmic-efficiency'
To add an exception for this directory, call:

	git config --global --add safe.directory /algorithmic-efficiency
I0206 10:58:32.420416 139785736898368 logger_utils.py:220] Unable to record git information. Continuing without it.
I0206 10:58:32.743324 139785736898368 submission_runner.py:304] Saving flags to /experiment_runs/prize_qualification/study_0/wmt_jax/trial_1/flags_0.json.
I0206 10:58:32.753680 139785736898368 submission_runner.py:314] Starting training loop.
I0206 10:59:09.835445 139624568268544 logging_writer.py:48] [0] global_step=0, grad_norm=5.072338581085205, loss=11.050198554992676
I0206 10:59:09.853178 139785736898368 spec.py:321] Evaluating on the training split.
I0206 10:59:09.856768 139785736898368 dataset_info.py:578] Load dataset info from /data/wmt/wmt17_translate/de-en/1.0.0
I0206 10:59:09.859515 139785736898368 dataset_info.py:669] Fields info.[splits, supervised_keys] from disk and from code do not match. Keeping the one from code.
I0206 10:59:09.898322 139785736898368 logging_logger.py:49] Constructing tf.data.Dataset wmt17_translate for split train, from /data/wmt/wmt17_translate/de-en/1.0.0
I0206 10:59:17.559077 139785736898368 workload.py:181] Translating evaluation dataset.
I0206 11:04:16.349893 139785736898368 spec.py:333] Evaluating on the validation split.
I0206 11:04:16.354439 139785736898368 dataset_info.py:578] Load dataset info from /data/wmt/wmt14_translate/de-en/1.0.0
I0206 11:04:16.364506 139785736898368 dataset_info.py:669] Fields info.[splits, supervised_keys] from disk and from code do not match. Keeping the one from code.
I0206 11:04:16.409511 139785736898368 logging_logger.py:49] Constructing tf.data.Dataset wmt14_translate for split validation, from /data/wmt/wmt14_translate/de-en/1.0.0
I0206 11:04:23.242162 139785736898368 workload.py:181] Translating evaluation dataset.
I0206 11:09:10.919438 139785736898368 spec.py:349] Evaluating on the test split.
I0206 11:09:10.922412 139785736898368 dataset_info.py:578] Load dataset info from /data/wmt/wmt14_translate/de-en/1.0.0
I0206 11:09:10.925666 139785736898368 dataset_info.py:669] Fields info.[splits, supervised_keys] from disk and from code do not match. Keeping the one from code.
I0206 11:09:10.964960 139785736898368 logging_logger.py:49] Constructing tf.data.Dataset wmt14_translate for split test, from /data/wmt/wmt14_translate/de-en/1.0.0
I0206 11:09:13.828790 139785736898368 workload.py:181] Translating evaluation dataset.
I0206 11:14:01.761575 139785736898368 submission_runner.py:408] Time since start: 929.01s, 	Step: 1, 	{'train/accuracy': 0.0005940888077020645, 'train/loss': 11.064360618591309, 'train/bleu': 0.0, 'validation/accuracy': 0.0004835649742744863, 'validation/loss': 11.036645889282227, 'validation/bleu': 0.0, 'validation/num_examples': 3000, 'test/accuracy': 0.0007088489946909249, 'test/loss': 11.041826248168945, 'test/bleu': 0.0, 'test/num_examples': 3003, 'score': 37.09946036338806, 'total_duration': 929.0078175067902, 'accumulated_submission_time': 37.09946036338806, 'accumulated_eval_time': 891.9083139896393, 'accumulated_logging_time': 0}
I0206 11:14:01.780717 139616073008896 logging_writer.py:48] [1] accumulated_eval_time=891.908314, accumulated_logging_time=0, accumulated_submission_time=37.099460, global_step=1, preemption_count=0, score=37.099460, test/accuracy=0.000709, test/bleu=0.000000, test/loss=11.041826, test/num_examples=3003, total_duration=929.007818, train/accuracy=0.000594, train/bleu=0.000000, train/loss=11.064361, validation/accuracy=0.000484, validation/bleu=0.000000, validation/loss=11.036646, validation/num_examples=3000
I0206 11:14:36.749771 139616064616192 logging_writer.py:48] [100] global_step=100, grad_norm=0.41899770498275757, loss=8.939542770385742
I0206 11:15:11.705389 139616073008896 logging_writer.py:48] [200] global_step=200, grad_norm=0.1642497330904007, loss=8.590473175048828
I0206 11:15:46.644831 139616064616192 logging_writer.py:48] [300] global_step=300, grad_norm=0.17960835993289948, loss=8.396743774414062
I0206 11:16:21.621626 139616073008896 logging_writer.py:48] [400] global_step=400, grad_norm=0.2538672387599945, loss=7.968255996704102
I0206 11:16:56.586340 139616064616192 logging_writer.py:48] [500] global_step=500, grad_norm=0.29751938581466675, loss=7.6716628074646
I0206 11:17:31.541165 139616073008896 logging_writer.py:48] [600] global_step=600, grad_norm=0.5425823926925659, loss=7.4480743408203125
I0206 11:18:06.517739 139616064616192 logging_writer.py:48] [700] global_step=700, grad_norm=0.4807376563549042, loss=7.202721118927002
I0206 11:18:41.488383 139616073008896 logging_writer.py:48] [800] global_step=800, grad_norm=0.8087048530578613, loss=6.913716793060303
I0206 11:19:16.481261 139616064616192 logging_writer.py:48] [900] global_step=900, grad_norm=0.6763216853141785, loss=6.76100492477417
I0206 11:19:51.493115 139616073008896 logging_writer.py:48] [1000] global_step=1000, grad_norm=0.5554897785186768, loss=6.589105606079102
I0206 11:20:26.513514 139616064616192 logging_writer.py:48] [1100] global_step=1100, grad_norm=0.5135228037834167, loss=6.391354084014893
I0206 11:21:01.551769 139616073008896 logging_writer.py:48] [1200] global_step=1200, grad_norm=0.9677750468254089, loss=6.23690938949585
I0206 11:21:36.604373 139616064616192 logging_writer.py:48] [1300] global_step=1300, grad_norm=0.5139368176460266, loss=6.111748695373535
I0206 11:22:11.636460 139616073008896 logging_writer.py:48] [1400] global_step=1400, grad_norm=0.7465646266937256, loss=5.876918792724609
I0206 11:22:46.759726 139616064616192 logging_writer.py:48] [1500] global_step=1500, grad_norm=0.6132423877716064, loss=5.78518533706665
I0206 11:23:21.791793 139616073008896 logging_writer.py:48] [1600] global_step=1600, grad_norm=0.6910086870193481, loss=5.6901445388793945
I0206 11:23:56.795748 139616064616192 logging_writer.py:48] [1700] global_step=1700, grad_norm=0.7355519533157349, loss=5.580463409423828
I0206 11:24:31.806615 139616073008896 logging_writer.py:48] [1800] global_step=1800, grad_norm=0.7982794046401978, loss=5.44377326965332
I0206 11:25:06.864690 139616064616192 logging_writer.py:48] [1900] global_step=1900, grad_norm=1.1343764066696167, loss=5.342469692230225
I0206 11:25:41.881429 139616073008896 logging_writer.py:48] [2000] global_step=2000, grad_norm=0.7863844633102417, loss=5.249156475067139
I0206 11:26:16.893459 139616064616192 logging_writer.py:48] [2100] global_step=2100, grad_norm=0.7808680534362793, loss=5.124227046966553
I0206 11:26:51.910470 139616073008896 logging_writer.py:48] [2200] global_step=2200, grad_norm=0.8694171905517578, loss=5.073522090911865
I0206 11:27:26.937244 139616064616192 logging_writer.py:48] [2300] global_step=2300, grad_norm=0.7821553349494934, loss=4.9696784019470215
I0206 11:28:01.945241 139616073008896 logging_writer.py:48] [2400] global_step=2400, grad_norm=0.6810822486877441, loss=4.806544780731201
I0206 11:28:01.952254 139785736898368 spec.py:321] Evaluating on the training split.
I0206 11:28:04.689108 139785736898368 workload.py:181] Translating evaluation dataset.
I0206 11:31:18.143702 139785736898368 spec.py:333] Evaluating on the validation split.
I0206 11:31:20.853127 139785736898368 workload.py:181] Translating evaluation dataset.
I0206 11:34:31.718941 139785736898368 spec.py:349] Evaluating on the test split.
I0206 11:34:34.435273 139785736898368 workload.py:181] Translating evaluation dataset.
I0206 11:37:37.242075 139785736898368 submission_runner.py:408] Time since start: 2344.49s, 	Step: 2401, 	{'train/accuracy': 0.41223323345184326, 'train/loss': 3.9737305641174316, 'train/bleu': 14.315394056700264, 'validation/accuracy': 0.3997098505496979, 'validation/loss': 4.093648433685303, 'validation/bleu': 9.72599437822303, 'validation/num_examples': 3000, 'test/accuracy': 0.3828597962856293, 'test/loss': 4.295248985290527, 'test/bleu': 7.93982270373288, 'test/num_examples': 3003, 'score': 877.1772933006287, 'total_duration': 2344.4883332252502, 'accumulated_submission_time': 877.1772933006287, 'accumulated_eval_time': 1467.1980648040771, 'accumulated_logging_time': 0.030037641525268555}
I0206 11:37:37.257136 139616064616192 logging_writer.py:48] [2401] accumulated_eval_time=1467.198065, accumulated_logging_time=0.030038, accumulated_submission_time=877.177293, global_step=2401, preemption_count=0, score=877.177293, test/accuracy=0.382860, test/bleu=7.939823, test/loss=4.295249, test/num_examples=3003, total_duration=2344.488333, train/accuracy=0.412233, train/bleu=14.315394, train/loss=3.973731, validation/accuracy=0.399710, validation/bleu=9.725994, validation/loss=4.093648, validation/num_examples=3000
I0206 11:38:12.310082 139616073008896 logging_writer.py:48] [2500] global_step=2500, grad_norm=0.9648551940917969, loss=4.712874889373779
I0206 11:38:47.321454 139616064616192 logging_writer.py:48] [2600] global_step=2600, grad_norm=0.9527726769447327, loss=4.718679904937744
I0206 11:39:22.355097 139616073008896 logging_writer.py:48] [2700] global_step=2700, grad_norm=0.8151245713233948, loss=4.613297939300537
I0206 11:39:57.394825 139616064616192 logging_writer.py:48] [2800] global_step=2800, grad_norm=1.0406384468078613, loss=4.547945022583008
I0206 11:40:32.415082 139616073008896 logging_writer.py:48] [2900] global_step=2900, grad_norm=1.084439992904663, loss=4.537769317626953
I0206 11:41:07.440495 139616064616192 logging_writer.py:48] [3000] global_step=3000, grad_norm=0.999860942363739, loss=4.43687105178833
I0206 11:41:42.437105 139616073008896 logging_writer.py:48] [3100] global_step=3100, grad_norm=0.950236976146698, loss=4.265646457672119
I0206 11:42:17.414088 139616064616192 logging_writer.py:48] [3200] global_step=3200, grad_norm=0.6330411434173584, loss=4.352902889251709
I0206 11:42:52.387500 139616073008896 logging_writer.py:48] [3300] global_step=3300, grad_norm=0.6917301416397095, loss=4.275245666503906
I0206 11:43:27.373062 139616064616192 logging_writer.py:48] [3400] global_step=3400, grad_norm=0.8617948889732361, loss=4.187825679779053
I0206 11:44:02.384712 139616073008896 logging_writer.py:48] [3500] global_step=3500, grad_norm=0.7238631248474121, loss=4.13270902633667
I0206 11:44:37.361365 139616064616192 logging_writer.py:48] [3600] global_step=3600, grad_norm=0.6176629066467285, loss=4.250212669372559
I0206 11:45:12.370121 139616073008896 logging_writer.py:48] [3700] global_step=3700, grad_norm=0.7302054762840271, loss=4.074136734008789
I0206 11:45:47.402968 139616064616192 logging_writer.py:48] [3800] global_step=3800, grad_norm=0.6487040519714355, loss=4.059177398681641
I0206 11:46:22.383412 139616073008896 logging_writer.py:48] [3900] global_step=3900, grad_norm=0.7148584723472595, loss=3.9961016178131104
I0206 11:46:57.360204 139616064616192 logging_writer.py:48] [4000] global_step=4000, grad_norm=0.6282515525817871, loss=4.050450801849365
I0206 11:47:32.366489 139616073008896 logging_writer.py:48] [4100] global_step=4100, grad_norm=0.5978855490684509, loss=3.8224992752075195
I0206 11:48:07.348485 139616064616192 logging_writer.py:48] [4200] global_step=4200, grad_norm=0.6999701857566833, loss=3.9275457859039307
I0206 11:48:42.334114 139616073008896 logging_writer.py:48] [4300] global_step=4300, grad_norm=0.6100821495056152, loss=3.9754011631011963
I0206 11:49:17.323378 139616064616192 logging_writer.py:48] [4400] global_step=4400, grad_norm=0.736687421798706, loss=3.8787758350372314
I0206 11:49:52.369062 139616073008896 logging_writer.py:48] [4500] global_step=4500, grad_norm=0.6270308494567871, loss=3.8105671405792236
I0206 11:50:27.347036 139616064616192 logging_writer.py:48] [4600] global_step=4600, grad_norm=0.6344661116600037, loss=3.8208725452423096
I0206 11:51:02.330234 139616073008896 logging_writer.py:48] [4700] global_step=4700, grad_norm=0.5360621809959412, loss=3.752976417541504
I0206 11:51:37.360465 139616064616192 logging_writer.py:48] [4800] global_step=4800, grad_norm=0.7597967386245728, loss=3.8429453372955322
I0206 11:51:37.368919 139785736898368 spec.py:321] Evaluating on the training split.
I0206 11:51:40.105684 139785736898368 workload.py:181] Translating evaluation dataset.
I0206 11:54:11.423062 139785736898368 spec.py:333] Evaluating on the validation split.
I0206 11:54:14.166513 139785736898368 workload.py:181] Translating evaluation dataset.
I0206 11:56:48.678012 139785736898368 spec.py:349] Evaluating on the test split.
I0206 11:56:51.398830 139785736898368 workload.py:181] Translating evaluation dataset.
I0206 11:59:16.011982 139785736898368 submission_runner.py:408] Time since start: 3643.26s, 	Step: 4801, 	{'train/accuracy': 0.542317271232605, 'train/loss': 2.7344980239868164, 'train/bleu': 24.2609666755636, 'validation/accuracy': 0.5440229773521423, 'validation/loss': 2.7259020805358887, 'validation/bleu': 20.122334101513726, 'validation/num_examples': 3000, 'test/accuracy': 0.5431642532348633, 'test/loss': 2.7641193866729736, 'test/bleu': 18.73440224873982, 'test/num_examples': 3003, 'score': 1717.1984317302704, 'total_duration': 3643.2582201957703, 'accumulated_submission_time': 1717.1984317302704, 'accumulated_eval_time': 1925.8410477638245, 'accumulated_logging_time': 0.056603193283081055}
I0206 11:59:16.027787 139616073008896 logging_writer.py:48] [4801] accumulated_eval_time=1925.841048, accumulated_logging_time=0.056603, accumulated_submission_time=1717.198432, global_step=4801, preemption_count=0, score=1717.198432, test/accuracy=0.543164, test/bleu=18.734402, test/loss=2.764119, test/num_examples=3003, total_duration=3643.258220, train/accuracy=0.542317, train/bleu=24.260967, train/loss=2.734498, validation/accuracy=0.544023, validation/bleu=20.122334, validation/loss=2.725902, validation/num_examples=3000
I0206 11:59:51.053856 139616064616192 logging_writer.py:48] [4900] global_step=4900, grad_norm=0.5589283108711243, loss=3.7239737510681152
I0206 12:00:26.057057 139616073008896 logging_writer.py:48] [5000] global_step=5000, grad_norm=0.6199276447296143, loss=3.7033638954162598
I0206 12:01:01.025604 139616064616192 logging_writer.py:48] [5100] global_step=5100, grad_norm=0.5873448848724365, loss=3.767878293991089
I0206 12:01:36.014835 139616073008896 logging_writer.py:48] [5200] global_step=5200, grad_norm=0.6828272342681885, loss=3.7184064388275146
I0206 12:02:11.032610 139616064616192 logging_writer.py:48] [5300] global_step=5300, grad_norm=0.488787978887558, loss=3.711188554763794
I0206 12:02:46.012578 139616073008896 logging_writer.py:48] [5400] global_step=5400, grad_norm=0.5213741660118103, loss=3.6915783882141113
I0206 12:03:21.008811 139616064616192 logging_writer.py:48] [5500] global_step=5500, grad_norm=0.5004370808601379, loss=3.6114962100982666
I0206 12:03:55.976258 139616073008896 logging_writer.py:48] [5600] global_step=5600, grad_norm=0.5080815553665161, loss=3.6316030025482178
I0206 12:04:30.977617 139616064616192 logging_writer.py:48] [5700] global_step=5700, grad_norm=0.5261707901954651, loss=3.6762797832489014
I0206 12:05:05.949457 139616073008896 logging_writer.py:48] [5800] global_step=5800, grad_norm=0.5136988162994385, loss=3.6318037509918213
I0206 12:05:40.916967 139616064616192 logging_writer.py:48] [5900] global_step=5900, grad_norm=0.6645673513412476, loss=3.6552281379699707
I0206 12:06:15.901488 139616073008896 logging_writer.py:48] [6000] global_step=6000, grad_norm=0.4937538206577301, loss=3.612739324569702
I0206 12:06:50.929390 139616064616192 logging_writer.py:48] [6100] global_step=6100, grad_norm=0.6682127714157104, loss=3.573899507522583
I0206 12:07:25.960007 139616073008896 logging_writer.py:48] [6200] global_step=6200, grad_norm=0.5057216286659241, loss=3.585974931716919
I0206 12:08:00.910423 139616064616192 logging_writer.py:48] [6300] global_step=6300, grad_norm=0.48659175634384155, loss=3.5285301208496094
I0206 12:08:35.863862 139616073008896 logging_writer.py:48] [6400] global_step=6400, grad_norm=0.4075908660888672, loss=3.593116283416748
I0206 12:09:10.826032 139616064616192 logging_writer.py:48] [6500] global_step=6500, grad_norm=0.6141207218170166, loss=3.572307825088501
I0206 12:09:45.780991 139616073008896 logging_writer.py:48] [6600] global_step=6600, grad_norm=0.4433992803096771, loss=3.5607523918151855
I0206 12:10:20.731155 139616064616192 logging_writer.py:48] [6700] global_step=6700, grad_norm=0.4469394087791443, loss=3.515209913253784
I0206 12:10:55.696910 139616073008896 logging_writer.py:48] [6800] global_step=6800, grad_norm=0.47114983201026917, loss=3.5076911449432373
I0206 12:11:30.650877 139616064616192 logging_writer.py:48] [6900] global_step=6900, grad_norm=0.5072083473205566, loss=3.529171943664551
I0206 12:12:05.628039 139616073008896 logging_writer.py:48] [7000] global_step=7000, grad_norm=0.47240665555000305, loss=3.49613881111145
I0206 12:12:40.646869 139616064616192 logging_writer.py:48] [7100] global_step=7100, grad_norm=0.6223761439323425, loss=3.4768989086151123
I0206 12:13:15.592687 139616073008896 logging_writer.py:48] [7200] global_step=7200, grad_norm=0.4463665783405304, loss=3.5371766090393066
I0206 12:13:16.013688 139785736898368 spec.py:321] Evaluating on the training split.
I0206 12:13:19.013966 139785736898368 workload.py:181] Translating evaluation dataset.
I0206 12:15:44.783421 139785736898368 spec.py:333] Evaluating on the validation split.
I0206 12:15:47.507399 139785736898368 workload.py:181] Translating evaluation dataset.
I0206 12:18:09.729783 139785736898368 spec.py:349] Evaluating on the test split.
I0206 12:18:12.435615 139785736898368 workload.py:181] Translating evaluation dataset.
I0206 12:20:22.010455 139785736898368 submission_runner.py:408] Time since start: 4909.26s, 	Step: 7203, 	{'train/accuracy': 0.5805636644363403, 'train/loss': 2.379575252532959, 'train/bleu': 27.023267640432266, 'validation/accuracy': 0.5879034399986267, 'validation/loss': 2.307112455368042, 'validation/bleu': 23.286632821120534, 'validation/num_examples': 3000, 'test/accuracy': 0.5903899073600769, 'test/loss': 2.3085203170776367, 'test/bleu': 21.953963966435513, 'test/num_examples': 3003, 'score': 2557.0957322120667, 'total_duration': 4909.256707191467, 'accumulated_submission_time': 2557.0957322120667, 'accumulated_eval_time': 2351.8377647399902, 'accumulated_logging_time': 0.08249330520629883}
I0206 12:20:22.025832 139616064616192 logging_writer.py:48] [7203] accumulated_eval_time=2351.837765, accumulated_logging_time=0.082493, accumulated_submission_time=2557.095732, global_step=7203, preemption_count=0, score=2557.095732, test/accuracy=0.590390, test/bleu=21.953964, test/loss=2.308520, test/num_examples=3003, total_duration=4909.256707, train/accuracy=0.580564, train/bleu=27.023268, train/loss=2.379575, validation/accuracy=0.587903, validation/bleu=23.286633, validation/loss=2.307112, validation/num_examples=3000
I0206 12:20:56.295637 139616073008896 logging_writer.py:48] [7300] global_step=7300, grad_norm=0.4646599292755127, loss=3.432715892791748
I0206 12:21:31.270870 139616064616192 logging_writer.py:48] [7400] global_step=7400, grad_norm=0.39880192279815674, loss=3.459523916244507
I0206 12:22:06.228742 139616073008896 logging_writer.py:48] [7500] global_step=7500, grad_norm=0.3890102207660675, loss=3.3875484466552734
I0206 12:22:41.187161 139616064616192 logging_writer.py:48] [7600] global_step=7600, grad_norm=0.5120423436164856, loss=3.5260238647460938
I0206 12:23:16.206688 139616073008896 logging_writer.py:48] [7700] global_step=7700, grad_norm=0.4493996798992157, loss=3.351470470428467
I0206 12:23:51.189625 139616064616192 logging_writer.py:48] [7800] global_step=7800, grad_norm=0.3724571764469147, loss=3.3368778228759766
I0206 12:24:26.129798 139616073008896 logging_writer.py:48] [7900] global_step=7900, grad_norm=0.43896016478538513, loss=3.3803534507751465
I0206 12:25:01.064353 139616064616192 logging_writer.py:48] [8000] global_step=8000, grad_norm=0.3521261513233185, loss=3.51702880859375
I0206 12:25:36.031479 139616073008896 logging_writer.py:48] [8100] global_step=8100, grad_norm=0.3629765808582306, loss=3.339857816696167
I0206 12:26:10.997875 139616064616192 logging_writer.py:48] [8200] global_step=8200, grad_norm=0.3998357951641083, loss=3.41412353515625
I0206 12:26:45.925759 139616073008896 logging_writer.py:48] [8300] global_step=8300, grad_norm=0.3847479820251465, loss=3.3943676948547363
I0206 12:27:20.874097 139616064616192 logging_writer.py:48] [8400] global_step=8400, grad_norm=0.4047991633415222, loss=3.3753459453582764
I0206 12:27:55.804992 139616073008896 logging_writer.py:48] [8500] global_step=8500, grad_norm=0.3719061613082886, loss=3.445871591567993
I0206 12:28:30.748718 139616064616192 logging_writer.py:48] [8600] global_step=8600, grad_norm=0.3482334613800049, loss=3.3641912937164307
I0206 12:29:05.690509 139616073008896 logging_writer.py:48] [8700] global_step=8700, grad_norm=0.38051122426986694, loss=3.3740105628967285
I0206 12:29:40.633741 139616064616192 logging_writer.py:48] [8800] global_step=8800, grad_norm=0.35241180658340454, loss=3.440443754196167
I0206 12:30:15.610146 139616073008896 logging_writer.py:48] [8900] global_step=8900, grad_norm=0.33806318044662476, loss=3.3296337127685547
I0206 12:30:50.574188 139616064616192 logging_writer.py:48] [9000] global_step=9000, grad_norm=0.3226766586303711, loss=3.3291053771972656
I0206 12:31:25.525241 139616073008896 logging_writer.py:48] [9100] global_step=9100, grad_norm=0.346769779920578, loss=3.380213499069214
I0206 12:32:00.445969 139616064616192 logging_writer.py:48] [9200] global_step=9200, grad_norm=0.3649369776248932, loss=3.441716194152832
I0206 12:32:35.388745 139616073008896 logging_writer.py:48] [9300] global_step=9300, grad_norm=0.33280283212661743, loss=3.276496648788452
I0206 12:33:10.321879 139616064616192 logging_writer.py:48] [9400] global_step=9400, grad_norm=0.32354736328125, loss=3.3960025310516357
I0206 12:33:45.267261 139616073008896 logging_writer.py:48] [9500] global_step=9500, grad_norm=0.31061962246894836, loss=3.3475334644317627
I0206 12:34:20.214142 139616064616192 logging_writer.py:48] [9600] global_step=9600, grad_norm=0.2924667000770569, loss=3.310480833053589
I0206 12:34:22.035084 139785736898368 spec.py:321] Evaluating on the training split.
I0206 12:34:25.041060 139785736898368 workload.py:181] Translating evaluation dataset.
I0206 12:37:10.617267 139785736898368 spec.py:333] Evaluating on the validation split.
I0206 12:37:13.326283 139785736898368 workload.py:181] Translating evaluation dataset.
I0206 12:39:38.454350 139785736898368 spec.py:349] Evaluating on the test split.
I0206 12:39:41.183115 139785736898368 workload.py:181] Translating evaluation dataset.
I0206 12:41:54.578444 139785736898368 submission_runner.py:408] Time since start: 6201.82s, 	Step: 9607, 	{'train/accuracy': 0.593815803527832, 'train/loss': 2.2298953533172607, 'train/bleu': 28.305043807122836, 'validation/accuracy': 0.6075063943862915, 'validation/loss': 2.134629487991333, 'validation/bleu': 24.751819281295166, 'validation/num_examples': 3000, 'test/accuracy': 0.6115739941596985, 'test/loss': 2.1070995330810547, 'test/bleu': 23.369496351054153, 'test/num_examples': 3003, 'score': 3397.0145201683044, 'total_duration': 6201.824702739716, 'accumulated_submission_time': 3397.0145201683044, 'accumulated_eval_time': 2804.3810741901398, 'accumulated_logging_time': 0.10986804962158203}
I0206 12:41:54.594864 139616073008896 logging_writer.py:48] [9607] accumulated_eval_time=2804.381074, accumulated_logging_time=0.109868, accumulated_submission_time=3397.014520, global_step=9607, preemption_count=0, score=3397.014520, test/accuracy=0.611574, test/bleu=23.369496, test/loss=2.107100, test/num_examples=3003, total_duration=6201.824703, train/accuracy=0.593816, train/bleu=28.305044, train/loss=2.229895, validation/accuracy=0.607506, validation/bleu=24.751819, validation/loss=2.134629, validation/num_examples=3000
I0206 12:42:27.436306 139616064616192 logging_writer.py:48] [9700] global_step=9700, grad_norm=0.3694758713245392, loss=3.281102418899536
I0206 12:43:02.370752 139616073008896 logging_writer.py:48] [9800] global_step=9800, grad_norm=0.28470128774642944, loss=3.343935012817383
I0206 12:43:37.333458 139616064616192 logging_writer.py:48] [9900] global_step=9900, grad_norm=0.2755057215690613, loss=3.2677462100982666
I0206 12:44:12.242163 139616073008896 logging_writer.py:48] [10000] global_step=10000, grad_norm=0.28337275981903076, loss=3.2282614707946777
I0206 12:44:47.149062 139616064616192 logging_writer.py:48] [10100] global_step=10100, grad_norm=0.29991763830184937, loss=3.2755444049835205
I0206 12:45:22.056891 139616073008896 logging_writer.py:48] [10200] global_step=10200, grad_norm=0.39171311259269714, loss=3.3297126293182373
I0206 12:45:56.980160 139616064616192 logging_writer.py:48] [10300] global_step=10300, grad_norm=0.2854401469230652, loss=3.197741985321045
I0206 12:46:31.911505 139616073008896 logging_writer.py:48] [10400] global_step=10400, grad_norm=0.274869829416275, loss=3.212561845779419
I0206 12:47:06.834225 139616064616192 logging_writer.py:48] [10500] global_step=10500, grad_norm=0.273499071598053, loss=3.3135488033294678
I0206 12:47:41.745989 139616073008896 logging_writer.py:48] [10600] global_step=10600, grad_norm=0.29526978731155396, loss=3.248520851135254
I0206 12:48:16.664074 139616064616192 logging_writer.py:48] [10700] global_step=10700, grad_norm=0.27820664644241333, loss=3.2996749877929688
I0206 12:48:51.624184 139616073008896 logging_writer.py:48] [10800] global_step=10800, grad_norm=0.2808409333229065, loss=3.291980743408203
I0206 12:49:26.692595 139616064616192 logging_writer.py:48] [10900] global_step=10900, grad_norm=0.2537928819656372, loss=3.2300188541412354
I0206 12:50:01.664042 139616073008896 logging_writer.py:48] [11000] global_step=11000, grad_norm=0.28091445565223694, loss=3.3172738552093506
I0206 12:50:36.658298 139616064616192 logging_writer.py:48] [11100] global_step=11100, grad_norm=0.2620571553707123, loss=3.239100217819214
I0206 12:51:11.596221 139616073008896 logging_writer.py:48] [11200] global_step=11200, grad_norm=0.27539142966270447, loss=3.264739751815796
I0206 12:51:46.523510 139616064616192 logging_writer.py:48] [11300] global_step=11300, grad_norm=0.269482284784317, loss=3.3011538982391357
I0206 12:52:21.490592 139616073008896 logging_writer.py:48] [11400] global_step=11400, grad_norm=0.2730647325515747, loss=3.177237033843994
I0206 12:52:56.461697 139616064616192 logging_writer.py:48] [11500] global_step=11500, grad_norm=0.25330695509910583, loss=3.322143316268921
I0206 12:53:31.411808 139616073008896 logging_writer.py:48] [11600] global_step=11600, grad_norm=0.27883532643318176, loss=3.1903109550476074
I0206 12:54:06.362206 139616064616192 logging_writer.py:48] [11700] global_step=11700, grad_norm=0.29102492332458496, loss=3.239745855331421
I0206 12:54:41.331250 139616073008896 logging_writer.py:48] [11800] global_step=11800, grad_norm=0.28025132417678833, loss=3.220484733581543
I0206 12:55:16.314406 139616064616192 logging_writer.py:48] [11900] global_step=11900, grad_norm=0.2642047107219696, loss=3.2520081996917725
I0206 12:55:51.247666 139616073008896 logging_writer.py:48] [12000] global_step=12000, grad_norm=0.23671254515647888, loss=3.265850067138672
I0206 12:55:54.810808 139785736898368 spec.py:321] Evaluating on the training split.
I0206 12:55:57.810760 139785736898368 workload.py:181] Translating evaluation dataset.
I0206 13:00:16.317499 139785736898368 spec.py:333] Evaluating on the validation split.
I0206 13:00:19.025879 139785736898368 workload.py:181] Translating evaluation dataset.
I0206 13:04:10.714563 139785736898368 spec.py:349] Evaluating on the test split.
I0206 13:04:13.427926 139785736898368 workload.py:181] Translating evaluation dataset.
I0206 13:07:05.715360 139785736898368 submission_runner.py:408] Time since start: 7712.96s, 	Step: 12012, 	{'train/accuracy': 0.6022624969482422, 'train/loss': 2.149235486984253, 'train/bleu': 28.608856006115754, 'validation/accuracy': 0.619471549987793, 'validation/loss': 2.007272720336914, 'validation/bleu': 25.498765397658293, 'validation/num_examples': 3000, 'test/accuracy': 0.6252629160881042, 'test/loss': 1.9659838676452637, 'test/bleu': 24.260364769931513, 'test/num_examples': 3003, 'score': 4237.137367010117, 'total_duration': 7712.961602926254, 'accumulated_submission_time': 4237.137367010117, 'accumulated_eval_time': 3475.285562515259, 'accumulated_logging_time': 0.1377413272857666}
I0206 13:07:05.731497 139616064616192 logging_writer.py:48] [12012] accumulated_eval_time=3475.285563, accumulated_logging_time=0.137741, accumulated_submission_time=4237.137367, global_step=12012, preemption_count=0, score=4237.137367, test/accuracy=0.625263, test/bleu=24.260365, test/loss=1.965984, test/num_examples=3003, total_duration=7712.961603, train/accuracy=0.602262, train/bleu=28.608856, train/loss=2.149235, validation/accuracy=0.619472, validation/bleu=25.498765, validation/loss=2.007273, validation/num_examples=3000
I0206 13:07:36.810841 139616073008896 logging_writer.py:48] [12100] global_step=12100, grad_norm=0.25649744272232056, loss=3.2020556926727295
I0206 13:08:11.717865 139616064616192 logging_writer.py:48] [12200] global_step=12200, grad_norm=0.2372279316186905, loss=3.203522205352783
I0206 13:08:46.655710 139616073008896 logging_writer.py:48] [12300] global_step=12300, grad_norm=0.2349012941122055, loss=3.252232551574707
I0206 13:09:21.575911 139616064616192 logging_writer.py:48] [12400] global_step=12400, grad_norm=0.2290971726179123, loss=3.152108669281006
I0206 13:09:56.498409 139616073008896 logging_writer.py:48] [12500] global_step=12500, grad_norm=0.2457433044910431, loss=3.24324107170105
I0206 13:10:31.426568 139616064616192 logging_writer.py:48] [12600] global_step=12600, grad_norm=0.26869216561317444, loss=3.1760101318359375
I0206 13:11:06.363720 139616073008896 logging_writer.py:48] [12700] global_step=12700, grad_norm=0.3073083162307739, loss=3.1858725547790527
I0206 13:11:41.300978 139616064616192 logging_writer.py:48] [12800] global_step=12800, grad_norm=0.24904343485832214, loss=3.2957425117492676
I0206 13:12:16.216577 139616073008896 logging_writer.py:48] [12900] global_step=12900, grad_norm=0.24739603698253632, loss=3.115760564804077
I0206 13:12:51.143772 139616064616192 logging_writer.py:48] [13000] global_step=13000, grad_norm=0.24093197286128998, loss=3.2114241123199463
I0206 13:13:26.059302 139616073008896 logging_writer.py:48] [13100] global_step=13100, grad_norm=0.3085069954395294, loss=3.257329225540161
I0206 13:14:00.945105 139616064616192 logging_writer.py:48] [13200] global_step=13200, grad_norm=0.24263037741184235, loss=3.233142137527466
I0206 13:14:35.859272 139616073008896 logging_writer.py:48] [13300] global_step=13300, grad_norm=0.2327098399400711, loss=3.2245986461639404
I0206 13:15:10.810094 139616064616192 logging_writer.py:48] [13400] global_step=13400, grad_norm=0.27438169717788696, loss=3.2050013542175293
I0206 13:15:45.743175 139616073008896 logging_writer.py:48] [13500] global_step=13500, grad_norm=0.2506715953350067, loss=3.2429981231689453
I0206 13:16:20.677709 139616064616192 logging_writer.py:48] [13600] global_step=13600, grad_norm=0.22551316022872925, loss=3.146441698074341
I0206 13:16:55.587936 139616073008896 logging_writer.py:48] [13700] global_step=13700, grad_norm=0.27728599309921265, loss=3.1801376342773438
I0206 13:17:30.532949 139616064616192 logging_writer.py:48] [13800] global_step=13800, grad_norm=0.2521915137767792, loss=3.136213541030884
I0206 13:18:05.465806 139616073008896 logging_writer.py:48] [13900] global_step=13900, grad_norm=0.24580423533916473, loss=3.1418399810791016
I0206 13:18:40.389470 139616064616192 logging_writer.py:48] [14000] global_step=14000, grad_norm=0.2681858539581299, loss=3.171025037765503
I0206 13:19:15.315090 139616073008896 logging_writer.py:48] [14100] global_step=14100, grad_norm=0.2552638053894043, loss=3.1877708435058594
I0206 13:19:50.201888 139616064616192 logging_writer.py:48] [14200] global_step=14200, grad_norm=0.26358816027641296, loss=3.1000256538391113
I0206 13:20:25.144068 139616073008896 logging_writer.py:48] [14300] global_step=14300, grad_norm=0.25866708159446716, loss=3.121541976928711
I0206 13:21:00.052528 139616064616192 logging_writer.py:48] [14400] global_step=14400, grad_norm=0.35845625400543213, loss=3.141359806060791
I0206 13:21:05.722439 139785736898368 spec.py:321] Evaluating on the training split.
I0206 13:21:08.718693 139785736898368 workload.py:181] Translating evaluation dataset.
I0206 13:23:45.175256 139785736898368 spec.py:333] Evaluating on the validation split.
I0206 13:23:47.882245 139785736898368 workload.py:181] Translating evaluation dataset.
I0206 13:26:16.331081 139785736898368 spec.py:349] Evaluating on the test split.
I0206 13:26:19.037754 139785736898368 workload.py:181] Translating evaluation dataset.
I0206 13:28:36.263741 139785736898368 submission_runner.py:408] Time since start: 9003.51s, 	Step: 14418, 	{'train/accuracy': 0.6124773025512695, 'train/loss': 2.0575904846191406, 'train/bleu': 29.56920209281836, 'validation/accuracy': 0.6307671070098877, 'validation/loss': 1.9267817735671997, 'validation/bleu': 26.21993126585849, 'validation/num_examples': 3000, 'test/accuracy': 0.6387659311294556, 'test/loss': 1.878983736038208, 'test/bleu': 25.881130375271567, 'test/num_examples': 3003, 'score': 5077.038963317871, 'total_duration': 9003.50999879837, 'accumulated_submission_time': 5077.038963317871, 'accumulated_eval_time': 3925.826815366745, 'accumulated_logging_time': 0.1641829013824463}
I0206 13:28:36.280802 139616073008896 logging_writer.py:48] [14418] accumulated_eval_time=3925.826815, accumulated_logging_time=0.164183, accumulated_submission_time=5077.038963, global_step=14418, preemption_count=0, score=5077.038963, test/accuracy=0.638766, test/bleu=25.881130, test/loss=1.878984, test/num_examples=3003, total_duration=9003.509999, train/accuracy=0.612477, train/bleu=29.569202, train/loss=2.057590, validation/accuracy=0.630767, validation/bleu=26.219931, validation/loss=1.926782, validation/num_examples=3000
I0206 13:29:05.251581 139616064616192 logging_writer.py:48] [14500] global_step=14500, grad_norm=0.27617979049682617, loss=3.1185312271118164
I0206 13:29:40.261404 139616073008896 logging_writer.py:48] [14600] global_step=14600, grad_norm=0.24191102385520935, loss=3.192523241043091
I0206 13:30:15.217851 139616064616192 logging_writer.py:48] [14700] global_step=14700, grad_norm=0.2483627200126648, loss=3.1168453693389893
I0206 13:30:50.190366 139616073008896 logging_writer.py:48] [14800] global_step=14800, grad_norm=0.31038224697113037, loss=3.1727442741394043
I0206 13:31:25.244183 139616064616192 logging_writer.py:48] [14900] global_step=14900, grad_norm=0.24482755362987518, loss=3.143545627593994
I0206 13:32:00.200443 139616073008896 logging_writer.py:48] [15000] global_step=15000, grad_norm=0.23128357529640198, loss=3.152824640274048
I0206 13:32:35.136190 139616064616192 logging_writer.py:48] [15100] global_step=15100, grad_norm=0.30718377232551575, loss=3.118035078048706
I0206 13:33:10.065050 139616073008896 logging_writer.py:48] [15200] global_step=15200, grad_norm=0.299652099609375, loss=3.1517162322998047
I0206 13:33:44.983963 139616064616192 logging_writer.py:48] [15300] global_step=15300, grad_norm=0.24537350237369537, loss=3.1453189849853516
I0206 13:34:19.942276 139616073008896 logging_writer.py:48] [15400] global_step=15400, grad_norm=0.318409264087677, loss=3.1400578022003174
I0206 13:34:54.849577 139616064616192 logging_writer.py:48] [15500] global_step=15500, grad_norm=0.24935579299926758, loss=3.123098611831665
I0206 13:35:29.755538 139616073008896 logging_writer.py:48] [15600] global_step=15600, grad_norm=0.2605248987674713, loss=3.195326328277588
I0206 13:36:04.659000 139616064616192 logging_writer.py:48] [15700] global_step=15700, grad_norm=0.26092272996902466, loss=3.177558422088623
I0206 13:36:39.621413 139616073008896 logging_writer.py:48] [15800] global_step=15800, grad_norm=0.29306045174598694, loss=3.0766050815582275
I0206 13:37:14.530546 139616064616192 logging_writer.py:48] [15900] global_step=15900, grad_norm=0.29577308893203735, loss=3.168686628341675
I0206 13:37:49.448561 139616073008896 logging_writer.py:48] [16000] global_step=16000, grad_norm=0.2795470654964447, loss=3.0188605785369873
I0206 13:38:24.382985 139616064616192 logging_writer.py:48] [16100] global_step=16100, grad_norm=0.2777588963508606, loss=3.150524139404297
I0206 13:38:59.326859 139616073008896 logging_writer.py:48] [16200] global_step=16200, grad_norm=0.24471427500247955, loss=3.0484206676483154
I0206 13:39:34.292132 139616064616192 logging_writer.py:48] [16300] global_step=16300, grad_norm=0.25360292196273804, loss=3.1192166805267334
I0206 13:40:09.235647 139616073008896 logging_writer.py:48] [16400] global_step=16400, grad_norm=0.24830959737300873, loss=3.057439088821411
I0206 13:40:44.139803 139616064616192 logging_writer.py:48] [16500] global_step=16500, grad_norm=0.2623538374900818, loss=3.0574381351470947
I0206 13:41:19.044116 139616073008896 logging_writer.py:48] [16600] global_step=16600, grad_norm=0.2615577280521393, loss=3.0757429599761963
I0206 13:41:53.968981 139616064616192 logging_writer.py:48] [16700] global_step=16700, grad_norm=0.22937439382076263, loss=3.0483570098876953
I0206 13:42:28.875377 139616073008896 logging_writer.py:48] [16800] global_step=16800, grad_norm=0.2913951873779297, loss=3.0950839519500732
I0206 13:42:36.277724 139785736898368 spec.py:321] Evaluating on the training split.
I0206 13:42:39.276355 139785736898368 workload.py:181] Translating evaluation dataset.
I0206 13:45:13.971794 139785736898368 spec.py:333] Evaluating on the validation split.
I0206 13:45:16.694032 139785736898368 workload.py:181] Translating evaluation dataset.
I0206 13:47:43.448715 139785736898368 spec.py:349] Evaluating on the test split.
I0206 13:47:46.162319 139785736898368 workload.py:181] Translating evaluation dataset.
I0206 13:50:08.254113 139785736898368 submission_runner.py:408] Time since start: 10295.50s, 	Step: 16823, 	{'train/accuracy': 0.6192818880081177, 'train/loss': 2.010906934738159, 'train/bleu': 29.80887983767533, 'validation/accuracy': 0.6372766494750977, 'validation/loss': 1.866188883781433, 'validation/bleu': 26.629292980287577, 'validation/num_examples': 3000, 'test/accuracy': 0.6472604870796204, 'test/loss': 1.8144638538360596, 'test/bleu': 26.0036035069853, 'test/num_examples': 3003, 'score': 5916.943907022476, 'total_duration': 10295.500350952148, 'accumulated_submission_time': 5916.943907022476, 'accumulated_eval_time': 4377.803135633469, 'accumulated_logging_time': 0.19261598587036133}
I0206 13:50:08.271595 139616064616192 logging_writer.py:48] [16823] accumulated_eval_time=4377.803136, accumulated_logging_time=0.192616, accumulated_submission_time=5916.943907, global_step=16823, preemption_count=0, score=5916.943907, test/accuracy=0.647260, test/bleu=26.003604, test/loss=1.814464, test/num_examples=3003, total_duration=10295.500351, train/accuracy=0.619282, train/bleu=29.808880, train/loss=2.010907, validation/accuracy=0.637277, validation/bleu=26.629293, validation/loss=1.866189, validation/num_examples=3000
I0206 13:50:35.541120 139616073008896 logging_writer.py:48] [16900] global_step=16900, grad_norm=0.2923424541950226, loss=3.17075514793396
I0206 13:51:10.479774 139616064616192 logging_writer.py:48] [17000] global_step=17000, grad_norm=0.2802334725856781, loss=3.189119815826416
I0206 13:51:45.422410 139616073008896 logging_writer.py:48] [17100] global_step=17100, grad_norm=0.3486461043357849, loss=3.138601303100586
I0206 13:52:20.381059 139616064616192 logging_writer.py:48] [17200] global_step=17200, grad_norm=0.3283105492591858, loss=3.071713447570801
I0206 13:52:55.286553 139616073008896 logging_writer.py:48] [17300] global_step=17300, grad_norm=0.2841203510761261, loss=3.0263876914978027
I0206 13:53:30.201287 139616064616192 logging_writer.py:48] [17400] global_step=17400, grad_norm=0.3257456123828888, loss=3.1174840927124023
I0206 13:54:05.131088 139616073008896 logging_writer.py:48] [17500] global_step=17500, grad_norm=0.2949060797691345, loss=3.042280435562134
I0206 13:54:40.050813 139616064616192 logging_writer.py:48] [17600] global_step=17600, grad_norm=0.2864822447299957, loss=3.091545581817627
I0206 13:55:14.945503 139616073008896 logging_writer.py:48] [17700] global_step=17700, grad_norm=0.2708861827850342, loss=3.07415509223938
I0206 13:55:49.846684 139616064616192 logging_writer.py:48] [17800] global_step=17800, grad_norm=0.2914232909679413, loss=3.1208178997039795
I0206 13:56:24.789251 139616073008896 logging_writer.py:48] [17900] global_step=17900, grad_norm=0.3003566265106201, loss=3.0118446350097656
I0206 13:56:59.686408 139616064616192 logging_writer.py:48] [18000] global_step=18000, grad_norm=0.3319794535636902, loss=3.0705363750457764
I0206 13:57:34.585032 139616073008896 logging_writer.py:48] [18100] global_step=18100, grad_norm=0.34824028611183167, loss=3.0078721046447754
I0206 13:58:09.475066 139616064616192 logging_writer.py:48] [18200] global_step=18200, grad_norm=0.30257949233055115, loss=3.073983669281006
I0206 13:58:44.389772 139616073008896 logging_writer.py:48] [18300] global_step=18300, grad_norm=0.29928573966026306, loss=3.1054165363311768
I0206 13:59:19.286327 139616064616192 logging_writer.py:48] [18400] global_step=18400, grad_norm=0.375515341758728, loss=3.0440492630004883
I0206 13:59:54.218602 139616073008896 logging_writer.py:48] [18500] global_step=18500, grad_norm=0.2811123728752136, loss=3.0890259742736816
I0206 14:00:29.159771 139616064616192 logging_writer.py:48] [18600] global_step=18600, grad_norm=0.28805357217788696, loss=3.039308786392212
I0206 14:01:04.108856 139616073008896 logging_writer.py:48] [18700] global_step=18700, grad_norm=0.29041802883148193, loss=3.0646698474884033
I0206 14:01:39.019248 139616064616192 logging_writer.py:48] [18800] global_step=18800, grad_norm=0.3173132538795471, loss=2.994340658187866
I0206 14:02:13.921316 139616073008896 logging_writer.py:48] [18900] global_step=18900, grad_norm=0.31655266880989075, loss=3.066964626312256
I0206 14:02:48.821809 139616064616192 logging_writer.py:48] [19000] global_step=19000, grad_norm=0.3334845304489136, loss=2.9728198051452637
I0206 14:03:23.759228 139616073008896 logging_writer.py:48] [19100] global_step=19100, grad_norm=0.33628198504447937, loss=3.0668065547943115
I0206 14:03:58.662247 139616064616192 logging_writer.py:48] [19200] global_step=19200, grad_norm=0.3073088228702545, loss=3.0734896659851074
I0206 14:04:08.512419 139785736898368 spec.py:321] Evaluating on the training split.
I0206 14:04:11.514226 139785736898368 workload.py:181] Translating evaluation dataset.
I0206 14:07:56.480153 139785736898368 spec.py:333] Evaluating on the validation split.
I0206 14:07:59.194754 139785736898368 workload.py:181] Translating evaluation dataset.
I0206 14:11:05.234743 139785736898368 spec.py:349] Evaluating on the test split.
I0206 14:11:07.949404 139785736898368 workload.py:181] Translating evaluation dataset.
I0206 14:13:55.393765 139785736898368 submission_runner.py:408] Time since start: 11722.64s, 	Step: 19230, 	{'train/accuracy': 0.636422872543335, 'train/loss': 1.8756887912750244, 'train/bleu': 30.822602520333803, 'validation/accuracy': 0.6443069577217102, 'validation/loss': 1.8201544284820557, 'validation/bleu': 27.01061448954327, 'validation/num_examples': 3000, 'test/accuracy': 0.6535820364952087, 'test/loss': 1.7662612199783325, 'test/bleu': 26.518186076268215, 'test/num_examples': 3003, 'score': 6757.095978498459, 'total_duration': 11722.64000749588, 'accumulated_submission_time': 6757.095978498459, 'accumulated_eval_time': 4964.684417009354, 'accumulated_logging_time': 0.2200927734375}
I0206 14:13:55.411990 139616073008896 logging_writer.py:48] [19230] accumulated_eval_time=4964.684417, accumulated_logging_time=0.220093, accumulated_submission_time=6757.095978, global_step=19230, preemption_count=0, score=6757.095978, test/accuracy=0.653582, test/bleu=26.518186, test/loss=1.766261, test/num_examples=3003, total_duration=11722.640007, train/accuracy=0.636423, train/bleu=30.822603, train/loss=1.875689, validation/accuracy=0.644307, validation/bleu=27.010614, validation/loss=1.820154, validation/num_examples=3000
I0206 14:14:20.198240 139616064616192 logging_writer.py:48] [19300] global_step=19300, grad_norm=0.33170968294143677, loss=2.967519521713257
I0206 14:14:55.111124 139616073008896 logging_writer.py:48] [19400] global_step=19400, grad_norm=0.30030930042266846, loss=3.0515499114990234
I0206 14:15:30.030482 139616064616192 logging_writer.py:48] [19500] global_step=19500, grad_norm=0.38828444480895996, loss=3.0536906719207764
I0206 14:16:04.926007 139616073008896 logging_writer.py:48] [19600] global_step=19600, grad_norm=0.2798976004123688, loss=3.0744309425354004
I0206 14:16:39.829362 139616064616192 logging_writer.py:48] [19700] global_step=19700, grad_norm=0.2957574129104614, loss=3.055725336074829
I0206 14:17:14.716615 139616073008896 logging_writer.py:48] [19800] global_step=19800, grad_norm=0.32213810086250305, loss=3.1095468997955322
I0206 14:17:49.627705 139616064616192 logging_writer.py:48] [19900] global_step=19900, grad_norm=0.395486444234848, loss=3.0314674377441406
I0206 14:18:24.521869 139616073008896 logging_writer.py:48] [20000] global_step=20000, grad_norm=0.3322996199131012, loss=3.042296886444092
I0206 14:18:59.421709 139616064616192 logging_writer.py:48] [20100] global_step=20100, grad_norm=0.31754082441329956, loss=3.0231714248657227
I0206 14:19:34.315164 139616073008896 logging_writer.py:48] [20200] global_step=20200, grad_norm=0.3145952820777893, loss=3.038071393966675
I0206 14:20:09.219878 139616064616192 logging_writer.py:48] [20300] global_step=20300, grad_norm=0.29866817593574524, loss=3.0160701274871826
I0206 14:20:44.117748 139616073008896 logging_writer.py:48] [20400] global_step=20400, grad_norm=0.2895587980747223, loss=3.1351425647735596
I0206 14:21:19.026459 139616064616192 logging_writer.py:48] [20500] global_step=20500, grad_norm=0.29222649335861206, loss=3.082953691482544
I0206 14:21:53.925693 139616073008896 logging_writer.py:48] [20600] global_step=20600, grad_norm=0.31501731276512146, loss=3.0774636268615723
I0206 14:22:28.826070 139616064616192 logging_writer.py:48] [20700] global_step=20700, grad_norm=0.3354918956756592, loss=3.0508248805999756
