python3 submission_runner.py --framework=jax --workload=librispeech_deepspeech --submission_path=prize_qualification_baselines/self_tuning/jax_nadamw_full_budget.py --data_dir=/data/librispeech --num_tuning_trials=1 --experiment_dir=/experiment_runs --experiment_name=prize_qualification_self_tuning/study_3 --overwrite=true --save_checkpoints=false --rng_seed=3168275751 --max_global_steps=144000 --librispeech_tokenizer_vocab_path=/data/librispeech/spm_model.vocab --tuning_ruleset=self 2>&1 | tee -a /logs/librispeech_deepspeech_jax_03-15-2024-00-20-37.log
I0315 00:20:58.265620 139818008614720 logger_utils.py:61] Removing existing experiment directory /experiment_runs/prize_qualification_self_tuning/study_3/librispeech_deepspeech_jax because --overwrite was set.
I0315 00:20:58.274777 139818008614720 logger_utils.py:76] Creating experiment directory at /experiment_runs/prize_qualification_self_tuning/study_3/librispeech_deepspeech_jax.
I0315 00:20:59.348942 139818008614720 xla_bridge.py:455] Unable to initialize backend 'rocm': NOT_FOUND: Could not find registered platform with name: "rocm". Available platform names are: Host Interpreter CUDA
I0315 00:20:59.349712 139818008614720 xla_bridge.py:455] Unable to initialize backend 'tpu': module 'jaxlib.xla_extension' has no attribute 'get_tpu_client'
I0315 00:20:59.349927 139818008614720 xla_bridge.py:455] Unable to initialize backend 'plugin': xla_extension has no attributes named get_plugin_device_client. Compile TensorFlow with //tensorflow/compiler/xla/python:enable_plugin_device set to true (defaults to false) to enable this.
I0315 00:21:00.312879 139818008614720 submission_runner.py:612] Creating directory at /experiment_runs/prize_qualification_self_tuning/study_3/librispeech_deepspeech_jax/trial_1.
I0315 00:21:00.525541 139818008614720 submission_runner.py:209] Initializing dataset.
I0315 00:21:00.525764 139818008614720 submission_runner.py:220] Initializing model.
I0315 00:21:03.216572 139818008614720 submission_runner.py:262] Initializing optimizer.
I0315 00:21:03.913947 139818008614720 submission_runner.py:269] Initializing metrics bundle.
I0315 00:21:03.914144 139818008614720 submission_runner.py:287] Initializing checkpoint and logger.
I0315 00:21:03.914894 139818008614720 checkpoints.py:915] Found no checkpoint files in /experiment_runs/prize_qualification_self_tuning/study_3/librispeech_deepspeech_jax/trial_1 with prefix checkpoint_
I0315 00:21:03.915079 139818008614720 submission_runner.py:307] Saving meta data to /experiment_runs/prize_qualification_self_tuning/study_3/librispeech_deepspeech_jax/trial_1/meta_data_0.json.
I0315 00:21:03.915338 139818008614720 logger_utils.py:257] Unable to record workload.train_mean information. Continuing without it.
I0315 00:21:03.915416 139818008614720 logger_utils.py:257] Unable to record workload.train_stddev information. Continuing without it.
fatal: detected dubious ownership in repository at '/algorithmic-efficiency'
To add an exception for this directory, call:

	git config --global --add safe.directory /algorithmic-efficiency
I0315 00:21:04.190887 139818008614720 logger_utils.py:220] Unable to record git information. Continuing without it.
I0315 00:21:04.446078 139818008614720 submission_runner.py:311] Saving flags to /experiment_runs/prize_qualification_self_tuning/study_3/librispeech_deepspeech_jax/trial_1/flags_0.json.
I0315 00:21:04.458419 139818008614720 submission_runner.py:321] Starting training loop.
I0315 00:21:04.746156 139818008614720 input_pipeline.py:20] Loading split = train-clean-100
I0315 00:21:04.786588 139818008614720 input_pipeline.py:20] Loading split = train-clean-360
I0315 00:21:04.916522 139818008614720 input_pipeline.py:20] Loading split = train-other-500
/usr/local/lib/python3.8/dist-packages/jax/_src/interpreters/mlir.py:582: UserWarning: Some donated buffers were not usable: ShapedArray(float32[512]), ShapedArray(float32[512]), ShapedArray(float32[512]), ShapedArray(float32[512]), ShapedArray(float32[512]), ShapedArray(float32[512]), ShapedArray(float32[512]), ShapedArray(float32[512]), ShapedArray(float32[512]), ShapedArray(float32[512]), ShapedArray(float32[512]), ShapedArray(float32[512]), ShapedArray(float32[512]), ShapedArray(float32[512]), ShapedArray(float32[512]), ShapedArray(float32[512]), ShapedArray(float32[512]), ShapedArray(float32[512]).
See an explanation at https://jax.readthedocs.io/en/latest/faq.html#buffer-donation.
  warnings.warn(f"Some donated buffers were not usable: {', '.join(unused_donations)}.\n{msg}")
I0315 00:21:46.157544 139654554208000 logging_writer.py:48] [0] global_step=0, grad_norm=31.242565155029297, loss=33.32367706298828
I0315 00:21:46.188990 139818008614720 spec.py:321] Evaluating on the training split.
I0315 00:21:46.444578 139818008614720 input_pipeline.py:20] Loading split = train-clean-100
I0315 00:21:46.479019 139818008614720 input_pipeline.py:20] Loading split = train-clean-360
I0315 00:21:46.838211 139818008614720 input_pipeline.py:20] Loading split = train-other-500
/usr/local/lib/python3.8/dist-packages/jax/_src/ops/scatter.py:92: FutureWarning: scatter inputs have incompatible types: cannot safely cast value from dtype=float32 to dtype=int32. In future JAX releases this will result in an error.
  warnings.warn("scatter inputs have incompatible types: cannot safely cast "
I0315 00:23:25.593176 139818008614720 spec.py:333] Evaluating on the validation split.
I0315 00:23:25.784303 139818008614720 input_pipeline.py:20] Loading split = dev-clean
I0315 00:23:25.789656 139818008614720 input_pipeline.py:20] Loading split = dev-other
I0315 00:24:32.794296 139818008614720 spec.py:349] Evaluating on the test split.
I0315 00:24:32.984425 139818008614720 input_pipeline.py:20] Loading split = test-clean
I0315 00:25:12.032759 139818008614720 submission_runner.py:420] Time since start: 247.57s, 	Step: 1, 	{'train/ctc_loss': Array(30.523008, dtype=float32), 'train/wer': 2.7218780584303355, 'validation/ctc_loss': Array(29.339128, dtype=float32), 'validation/wer': 2.4762157621865857, 'validation/num_examples': 5348, 'test/ctc_loss': Array(29.561045, dtype=float32), 'test/wer': 2.7003635772754047, 'test/num_examples': 2472, 'score': 41.73051595687866, 'total_duration': 247.57225155830383, 'accumulated_submission_time': 41.73051595687866, 'accumulated_eval_time': 205.84168791770935, 'accumulated_logging_time': 0}
I0315 00:25:12.057498 139644911834880 logging_writer.py:48] [1] accumulated_eval_time=205.841688, accumulated_logging_time=0, accumulated_submission_time=41.730516, global_step=1, preemption_count=0, score=41.730516, test/ctc_loss=29.561044692993164, test/num_examples=2472, test/wer=2.700364, total_duration=247.572252, train/ctc_loss=30.523008346557617, train/wer=2.721878, validation/ctc_loss=29.339128494262695, validation/num_examples=5348, validation/wer=2.476216
I0315 00:26:36.805263 139660881159936 logging_writer.py:48] [100] global_step=100, grad_norm=1.0791733264923096, loss=6.168745040893555
I0315 00:27:53.457957 139660889552640 logging_writer.py:48] [200] global_step=200, grad_norm=0.3299722969532013, loss=5.8328046798706055
I0315 00:29:10.090183 139660881159936 logging_writer.py:48] [300] global_step=300, grad_norm=0.49131104350090027, loss=5.675682067871094
I0315 00:30:28.355966 139660889552640 logging_writer.py:48] [400] global_step=400, grad_norm=0.6991408467292786, loss=5.373201847076416
I0315 00:31:45.638463 139660881159936 logging_writer.py:48] [500] global_step=500, grad_norm=1.3359931707382202, loss=4.629803657531738
I0315 00:33:01.641084 139660889552640 logging_writer.py:48] [600] global_step=600, grad_norm=3.4998085498809814, loss=3.8419954776763916
I0315 00:34:19.593155 139660881159936 logging_writer.py:48] [700] global_step=700, grad_norm=1.5315918922424316, loss=3.463824510574341
I0315 00:35:36.045760 139660889552640 logging_writer.py:48] [800] global_step=800, grad_norm=2.719207763671875, loss=3.1801435947418213
I0315 00:36:54.421993 139660881159936 logging_writer.py:48] [900] global_step=900, grad_norm=2.5564849376678467, loss=2.9534263610839844
I0315 00:38:15.855202 139660889552640 logging_writer.py:48] [1000] global_step=1000, grad_norm=2.2074408531188965, loss=2.828451156616211
I0315 00:39:36.184348 139653565220608 logging_writer.py:48] [1100] global_step=1100, grad_norm=1.7519820928573608, loss=2.6512625217437744
I0315 00:40:51.279702 139653556827904 logging_writer.py:48] [1200] global_step=1200, grad_norm=1.7686066627502441, loss=2.5469396114349365
I0315 00:42:08.294280 139653565220608 logging_writer.py:48] [1300] global_step=1300, grad_norm=1.8007121086120605, loss=2.5457677841186523
I0315 00:43:23.408141 139653556827904 logging_writer.py:48] [1400] global_step=1400, grad_norm=2.759451389312744, loss=2.435497283935547
I0315 00:44:39.289144 139653565220608 logging_writer.py:48] [1500] global_step=1500, grad_norm=4.027266502380371, loss=2.447011947631836
I0315 00:45:54.620081 139653556827904 logging_writer.py:48] [1600] global_step=1600, grad_norm=1.6311323642730713, loss=2.2825915813446045
I0315 00:47:11.148277 139653565220608 logging_writer.py:48] [1700] global_step=1700, grad_norm=2.238372325897217, loss=2.1292498111724854
I0315 00:48:27.775609 139653556827904 logging_writer.py:48] [1800] global_step=1800, grad_norm=2.3260107040405273, loss=2.1467182636260986
I0315 00:49:12.039081 139818008614720 spec.py:321] Evaluating on the training split.
I0315 00:50:05.534752 139818008614720 spec.py:333] Evaluating on the validation split.
I0315 00:50:53.511811 139818008614720 spec.py:349] Evaluating on the test split.
I0315 00:51:17.607362 139818008614720 submission_runner.py:420] Time since start: 1813.14s, 	Step: 1858, 	{'train/ctc_loss': Array(1.1975354, dtype=float32), 'train/wer': 0.330683199110214, 'validation/ctc_loss': Array(1.635861, dtype=float32), 'validation/wer': 0.40884559313361074, 'validation/num_examples': 5348, 'test/ctc_loss': Array(1.2089342, dtype=float32), 'test/wer': 0.3347348323279101, 'test/num_examples': 2472, 'score': 1481.632533788681, 'total_duration': 1813.1430945396423, 'accumulated_submission_time': 1481.632533788681, 'accumulated_eval_time': 331.4041941165924, 'accumulated_logging_time': 0.038832664489746094}
I0315 00:51:17.642303 139661578483456 logging_writer.py:48] [1858] accumulated_eval_time=331.404194, accumulated_logging_time=0.038833, accumulated_submission_time=1481.632534, global_step=1858, preemption_count=0, score=1481.632534, test/ctc_loss=1.2089341878890991, test/num_examples=2472, test/wer=0.334735, total_duration=1813.143095, train/ctc_loss=1.1975353956222534, train/wer=0.330683, validation/ctc_loss=1.6358610391616821, validation/num_examples=5348, validation/wer=0.408846
I0315 00:51:50.765029 139661570090752 logging_writer.py:48] [1900] global_step=1900, grad_norm=2.0227503776550293, loss=2.1801512241363525
I0315 00:53:07.955297 139661578483456 logging_writer.py:48] [2000] global_step=2000, grad_norm=1.9590463638305664, loss=2.1440021991729736
I0315 00:54:26.629617 139661578483456 logging_writer.py:48] [2100] global_step=2100, grad_norm=1.7220046520233154, loss=2.079770803451538
I0315 00:55:42.004404 139661570090752 logging_writer.py:48] [2200] global_step=2200, grad_norm=1.8286652565002441, loss=2.0059080123901367
I0315 00:56:57.597581 139661578483456 logging_writer.py:48] [2300] global_step=2300, grad_norm=2.749324321746826, loss=2.018767833709717
I0315 00:58:12.606970 139661570090752 logging_writer.py:48] [2400] global_step=2400, grad_norm=2.639889717102051, loss=1.9552000761032104
I0315 00:59:27.172693 139661578483456 logging_writer.py:48] [2500] global_step=2500, grad_norm=1.862276315689087, loss=1.9188264608383179
I0315 01:00:44.031045 139661570090752 logging_writer.py:48] [2600] global_step=2600, grad_norm=2.4719314575195312, loss=1.9472362995147705
I0315 01:02:04.335969 139661578483456 logging_writer.py:48] [2700] global_step=2700, grad_norm=1.554062008857727, loss=1.8985202312469482
I0315 01:03:27.417994 139661570090752 logging_writer.py:48] [2800] global_step=2800, grad_norm=1.7594597339630127, loss=1.9689580202102661
I0315 01:04:48.911094 139661578483456 logging_writer.py:48] [2900] global_step=2900, grad_norm=3.146056652069092, loss=1.8978824615478516
I0315 01:06:10.685196 139661570090752 logging_writer.py:48] [3000] global_step=3000, grad_norm=2.764617681503296, loss=1.8747286796569824
I0315 01:07:34.321501 139662233843456 logging_writer.py:48] [3100] global_step=3100, grad_norm=2.1289610862731934, loss=1.839422583580017
I0315 01:08:50.803099 139662225450752 logging_writer.py:48] [3200] global_step=3200, grad_norm=2.1094679832458496, loss=1.8747879266738892
I0315 01:10:05.666799 139662233843456 logging_writer.py:48] [3300] global_step=3300, grad_norm=2.7753067016601562, loss=1.810341715812683
I0315 01:11:20.743730 139662225450752 logging_writer.py:48] [3400] global_step=3400, grad_norm=1.9393683671951294, loss=1.906197190284729
I0315 01:12:36.456262 139662233843456 logging_writer.py:48] [3500] global_step=3500, grad_norm=3.3827316761016846, loss=1.8138455152511597
I0315 01:13:56.966911 139662225450752 logging_writer.py:48] [3600] global_step=3600, grad_norm=2.6122970581054688, loss=1.8271187543869019
I0315 01:15:18.170604 139818008614720 spec.py:321] Evaluating on the training split.
I0315 01:16:14.426710 139818008614720 spec.py:333] Evaluating on the validation split.
I0315 01:17:03.556473 139818008614720 spec.py:349] Evaluating on the test split.
I0315 01:17:29.143195 139818008614720 submission_runner.py:420] Time since start: 3384.68s, 	Step: 3700, 	{'train/ctc_loss': Array(0.5168572, dtype=float32), 'train/wer': 0.16965612764030577, 'validation/ctc_loss': Array(0.8609228, dtype=float32), 'validation/wer': 0.24393446421502843, 'validation/num_examples': 5348, 'test/ctc_loss': Array(0.55478996, dtype=float32), 'test/wer': 0.1749233237868909, 'test/num_examples': 2472, 'score': 2922.079998731613, 'total_duration': 3384.678767681122, 'accumulated_submission_time': 2922.079998731613, 'accumulated_eval_time': 462.3708300590515, 'accumulated_logging_time': 0.08902764320373535}
I0315 01:17:29.173710 139662233843456 logging_writer.py:48] [3700] accumulated_eval_time=462.370830, accumulated_logging_time=0.089028, accumulated_submission_time=2922.079999, global_step=3700, preemption_count=0, score=2922.079999, test/ctc_loss=0.5547899603843689, test/num_examples=2472, test/wer=0.174923, total_duration=3384.678768, train/ctc_loss=0.5168572068214417, train/wer=0.169656, validation/ctc_loss=0.8609228134155273, validation/num_examples=5348, validation/wer=0.243934
I0315 01:17:30.062193 139662225450752 logging_writer.py:48] [3700] global_step=3700, grad_norm=2.249178886413574, loss=1.8517179489135742
I0315 01:18:47.133199 139662233843456 logging_writer.py:48] [3800] global_step=3800, grad_norm=1.7018357515335083, loss=1.8291015625
I0315 01:20:03.659680 139662225450752 logging_writer.py:48] [3900] global_step=3900, grad_norm=2.183103322982788, loss=1.7749069929122925
I0315 01:21:18.797321 139662233843456 logging_writer.py:48] [4000] global_step=4000, grad_norm=3.0163345336914062, loss=1.8219009637832642
I0315 01:22:34.769518 139662225450752 logging_writer.py:48] [4100] global_step=4100, grad_norm=2.531805992126465, loss=1.830063819885254
I0315 01:23:53.538058 139661578483456 logging_writer.py:48] [4200] global_step=4200, grad_norm=1.7500739097595215, loss=1.763925552368164
I0315 01:25:08.393749 139661570090752 logging_writer.py:48] [4300] global_step=4300, grad_norm=2.1720499992370605, loss=1.7744392156600952
I0315 01:26:23.852838 139661578483456 logging_writer.py:48] [4400] global_step=4400, grad_norm=2.1448917388916016, loss=1.674607753753662
I0315 01:27:40.978584 139661570090752 logging_writer.py:48] [4500] global_step=4500, grad_norm=1.7698121070861816, loss=1.7270690202713013
I0315 01:29:02.915155 139661578483456 logging_writer.py:48] [4600] global_step=4600, grad_norm=2.1101694107055664, loss=1.6738284826278687
I0315 01:30:21.420702 139661570090752 logging_writer.py:48] [4700] global_step=4700, grad_norm=2.4830942153930664, loss=1.770686149597168
I0315 01:31:45.644038 139661578483456 logging_writer.py:48] [4800] global_step=4800, grad_norm=1.8540716171264648, loss=1.7659226655960083
I0315 01:33:10.646468 139661570090752 logging_writer.py:48] [4900] global_step=4900, grad_norm=4.054300308227539, loss=1.6977583169937134
I0315 01:34:32.721971 139661578483456 logging_writer.py:48] [5000] global_step=5000, grad_norm=2.9452178478240967, loss=1.7437613010406494
I0315 01:35:55.845777 139661570090752 logging_writer.py:48] [5100] global_step=5100, grad_norm=2.5342047214508057, loss=1.7917327880859375
I0315 01:37:18.152228 139661578483456 logging_writer.py:48] [5200] global_step=5200, grad_norm=3.028742790222168, loss=1.7844783067703247
I0315 01:38:34.009901 139661570090752 logging_writer.py:48] [5300] global_step=5300, grad_norm=2.3881545066833496, loss=1.7553918361663818
I0315 01:39:49.455638 139661578483456 logging_writer.py:48] [5400] global_step=5400, grad_norm=2.2271392345428467, loss=1.7064392566680908
I0315 01:41:04.335260 139661570090752 logging_writer.py:48] [5500] global_step=5500, grad_norm=3.0420641899108887, loss=1.6817891597747803
I0315 01:41:29.791400 139818008614720 spec.py:321] Evaluating on the training split.
I0315 01:42:23.733920 139818008614720 spec.py:333] Evaluating on the validation split.
I0315 01:43:13.367536 139818008614720 spec.py:349] Evaluating on the test split.
I0315 01:43:39.459084 139818008614720 submission_runner.py:420] Time since start: 4954.99s, 	Step: 5535, 	{'train/ctc_loss': Array(0.40652406, dtype=float32), 'train/wer': 0.13997079768700812, 'validation/ctc_loss': Array(0.7689421, dtype=float32), 'validation/wer': 0.21863927319771764, 'validation/num_examples': 5348, 'test/ctc_loss': Array(0.4684899, dtype=float32), 'test/wer': 0.14910730607519346, 'test/num_examples': 2472, 'score': 4362.616629600525, 'total_duration': 4954.994887113571, 'accumulated_submission_time': 4362.616629600525, 'accumulated_eval_time': 592.0327932834625, 'accumulated_logging_time': 0.13383126258850098}
I0315 01:43:39.492406 139662233843456 logging_writer.py:48] [5535] accumulated_eval_time=592.032793, accumulated_logging_time=0.133831, accumulated_submission_time=4362.616630, global_step=5535, preemption_count=0, score=4362.616630, test/ctc_loss=0.4684898853302002, test/num_examples=2472, test/wer=0.149107, total_duration=4954.994887, train/ctc_loss=0.40652406215667725, train/wer=0.139971, validation/ctc_loss=0.76894211769104, validation/num_examples=5348, validation/wer=0.218639
I0315 01:44:29.539679 139662225450752 logging_writer.py:48] [5600] global_step=5600, grad_norm=4.7742533683776855, loss=1.7184878587722778
I0315 01:45:45.327070 139662233843456 logging_writer.py:48] [5700] global_step=5700, grad_norm=1.3731099367141724, loss=1.6641781330108643
I0315 01:47:00.844151 139662225450752 logging_writer.py:48] [5800] global_step=5800, grad_norm=2.221693754196167, loss=1.7191014289855957
I0315 01:48:17.836280 139662233843456 logging_writer.py:48] [5900] global_step=5900, grad_norm=3.203077554702759, loss=1.691887378692627
I0315 01:49:34.135492 139662225450752 logging_writer.py:48] [6000] global_step=6000, grad_norm=5.528092861175537, loss=1.7448264360427856
I0315 01:50:53.142470 139662233843456 logging_writer.py:48] [6100] global_step=6100, grad_norm=3.4189834594726562, loss=1.7708511352539062
I0315 01:52:17.270265 139662233843456 logging_writer.py:48] [6200] global_step=6200, grad_norm=2.2747960090637207, loss=1.6686969995498657
I0315 01:53:32.182644 139662225450752 logging_writer.py:48] [6300] global_step=6300, grad_norm=2.426961660385132, loss=1.7134166955947876
I0315 01:54:48.344222 139662233843456 logging_writer.py:48] [6400] global_step=6400, grad_norm=3.0959622859954834, loss=1.7225244045257568
I0315 01:56:03.544312 139662225450752 logging_writer.py:48] [6500] global_step=6500, grad_norm=2.9915952682495117, loss=1.6983188390731812
I0315 01:57:18.484421 139662233843456 logging_writer.py:48] [6600] global_step=6600, grad_norm=6.64779806137085, loss=1.644769549369812
I0315 01:58:34.519255 139662225450752 logging_writer.py:48] [6700] global_step=6700, grad_norm=2.353119373321533, loss=1.6328181028366089
I0315 01:59:51.676596 139662233843456 logging_writer.py:48] [6800] global_step=6800, grad_norm=3.131856918334961, loss=1.694656491279602
I0315 02:01:16.322883 139662225450752 logging_writer.py:48] [6900] global_step=6900, grad_norm=2.648350715637207, loss=1.7154244184494019
I0315 02:02:39.827427 139662233843456 logging_writer.py:48] [7000] global_step=7000, grad_norm=3.883948802947998, loss=1.6784545183181763
I0315 02:04:03.482463 139662225450752 logging_writer.py:48] [7100] global_step=7100, grad_norm=1.8152436017990112, loss=1.7470756769180298
I0315 02:05:26.544846 139662233843456 logging_writer.py:48] [7200] global_step=7200, grad_norm=2.2496538162231445, loss=1.6895543336868286
I0315 02:06:46.915151 139662233843456 logging_writer.py:48] [7300] global_step=7300, grad_norm=2.8777687549591064, loss=1.6946966648101807
I0315 02:07:39.786326 139818008614720 spec.py:321] Evaluating on the training split.
I0315 02:08:34.397581 139818008614720 spec.py:333] Evaluating on the validation split.
I0315 02:09:25.329108 139818008614720 spec.py:349] Evaluating on the test split.
I0315 02:09:50.472399 139818008614720 submission_runner.py:420] Time since start: 6526.01s, 	Step: 7371, 	{'train/ctc_loss': Array(0.40096128, dtype=float32), 'train/wer': 0.13494224465645258, 'validation/ctc_loss': Array(0.74107677, dtype=float32), 'validation/wer': 0.21182308813732778, 'validation/num_examples': 5348, 'test/ctc_loss': Array(0.4458511, dtype=float32), 'test/wer': 0.14492312067109459, 'test/num_examples': 2472, 'score': 5802.827211141586, 'total_duration': 6526.008309602737, 'accumulated_submission_time': 5802.827211141586, 'accumulated_eval_time': 722.7132506370544, 'accumulated_logging_time': 0.18260669708251953}
I0315 02:09:50.506186 139661435123456 logging_writer.py:48] [7371] accumulated_eval_time=722.713251, accumulated_logging_time=0.182607, accumulated_submission_time=5802.827211, global_step=7371, preemption_count=0, score=5802.827211, test/ctc_loss=0.44585108757019043, test/num_examples=2472, test/wer=0.144923, total_duration=6526.008310, train/ctc_loss=0.4009612798690796, train/wer=0.134942, validation/ctc_loss=0.7410767674446106, validation/num_examples=5348, validation/wer=0.211823
I0315 02:10:13.840589 139661426730752 logging_writer.py:48] [7400] global_step=7400, grad_norm=3.5686023235321045, loss=1.6524930000305176
I0315 02:11:29.765748 139661435123456 logging_writer.py:48] [7500] global_step=7500, grad_norm=3.808730363845825, loss=1.6971023082733154
I0315 02:12:44.427446 139661426730752 logging_writer.py:48] [7600] global_step=7600, grad_norm=2.9123175144195557, loss=1.5968049764633179
I0315 02:14:01.347702 139661435123456 logging_writer.py:48] [7700] global_step=7700, grad_norm=2.6579372882843018, loss=1.6762118339538574
I0315 02:15:17.331904 139661426730752 logging_writer.py:48] [7800] global_step=7800, grad_norm=3.3336493968963623, loss=1.694420576095581
I0315 02:16:41.406140 139661435123456 logging_writer.py:48] [7900] global_step=7900, grad_norm=3.073199510574341, loss=1.6226747035980225
I0315 02:18:05.406000 139661426730752 logging_writer.py:48] [8000] global_step=8000, grad_norm=2.455975294113159, loss=1.6976238489151
I0315 02:19:25.613129 139661435123456 logging_writer.py:48] [8100] global_step=8100, grad_norm=2.328123092651367, loss=1.6793040037155151
I0315 02:20:47.181839 139661426730752 logging_writer.py:48] [8200] global_step=8200, grad_norm=2.4807913303375244, loss=1.657922625541687
I0315 02:22:09.270248 139661435123456 logging_writer.py:48] [8300] global_step=8300, grad_norm=2.328843355178833, loss=1.6657261848449707
I0315 02:23:25.134313 139661426730752 logging_writer.py:48] [8400] global_step=8400, grad_norm=2.7541663646698, loss=1.6264625787734985
I0315 02:24:40.976608 139661435123456 logging_writer.py:48] [8500] global_step=8500, grad_norm=2.94851016998291, loss=1.6652687788009644
I0315 02:25:56.642460 139661426730752 logging_writer.py:48] [8600] global_step=8600, grad_norm=1.9538360834121704, loss=1.6881648302078247
I0315 02:27:16.014955 139661435123456 logging_writer.py:48] [8700] global_step=8700, grad_norm=3.5297110080718994, loss=1.7773422002792358
I0315 02:28:38.113213 139661426730752 logging_writer.py:48] [8800] global_step=8800, grad_norm=2.6690402030944824, loss=1.6343075037002563
I0315 02:30:00.959386 139661435123456 logging_writer.py:48] [8900] global_step=8900, grad_norm=1.9475072622299194, loss=1.6664131879806519
I0315 02:31:25.235466 139661426730752 logging_writer.py:48] [9000] global_step=9000, grad_norm=2.792724132537842, loss=1.6936630010604858
I0315 02:32:46.532343 139661435123456 logging_writer.py:48] [9100] global_step=9100, grad_norm=3.4678256511688232, loss=1.6127289533615112
I0315 02:33:50.632781 139818008614720 spec.py:321] Evaluating on the training split.
I0315 02:34:43.717025 139818008614720 spec.py:333] Evaluating on the validation split.
I0315 02:35:33.212555 139818008614720 spec.py:349] Evaluating on the test split.
I0315 02:35:58.184042 139818008614720 submission_runner.py:420] Time since start: 8093.72s, 	Step: 9182, 	{'train/ctc_loss': Array(0.3648077, dtype=float32), 'train/wer': 0.1252038530953054, 'validation/ctc_loss': Array(0.69743854, dtype=float32), 'validation/wer': 0.20044025217953793, 'validation/num_examples': 5348, 'test/ctc_loss': Array(0.41574928, dtype=float32), 'test/wer': 0.1366156846017915, 'test/num_examples': 2472, 'score': 7242.870648384094, 'total_duration': 8093.72025179863, 'accumulated_submission_time': 7242.870648384094, 'accumulated_eval_time': 850.259199142456, 'accumulated_logging_time': 0.23354673385620117}
I0315 02:35:58.214187 139661138159360 logging_writer.py:48] [9182] accumulated_eval_time=850.259199, accumulated_logging_time=0.233547, accumulated_submission_time=7242.870648, global_step=9182, preemption_count=0, score=7242.870648, test/ctc_loss=0.41574928164482117, test/num_examples=2472, test/wer=0.136616, total_duration=8093.720252, train/ctc_loss=0.36480769515037537, train/wer=0.125204, validation/ctc_loss=0.6974385380744934, validation/num_examples=5348, validation/wer=0.200440
I0315 02:36:12.554154 139661129766656 logging_writer.py:48] [9200] global_step=9200, grad_norm=3.1801233291625977, loss=1.6890658140182495
I0315 02:37:32.012058 139660482799360 logging_writer.py:48] [9300] global_step=9300, grad_norm=2.201993703842163, loss=1.6185170412063599
I0315 02:38:49.780787 139660474406656 logging_writer.py:48] [9400] global_step=9400, grad_norm=2.8130056858062744, loss=1.662872314453125
I0315 02:40:05.865499 139660482799360 logging_writer.py:48] [9500] global_step=9500, grad_norm=2.368885040283203, loss=1.6401602029800415
I0315 02:41:20.877182 139660474406656 logging_writer.py:48] [9600] global_step=9600, grad_norm=3.044086456298828, loss=1.5995020866394043
I0315 02:42:36.172919 139660482799360 logging_writer.py:48] [9700] global_step=9700, grad_norm=1.8493098020553589, loss=1.6056954860687256
I0315 02:43:59.466670 139660474406656 logging_writer.py:48] [9800] global_step=9800, grad_norm=2.651144027709961, loss=1.6831610202789307
I0315 02:45:26.543304 139660482799360 logging_writer.py:48] [9900] global_step=9900, grad_norm=4.1668548583984375, loss=1.6734193563461304
I0315 02:46:53.560945 139660474406656 logging_writer.py:48] [10000] global_step=10000, grad_norm=3.2045600414276123, loss=1.6163190603256226
I0315 02:48:18.864671 139660482799360 logging_writer.py:48] [10100] global_step=10100, grad_norm=1.797978401184082, loss=1.6191763877868652
I0315 02:49:43.031727 139660474406656 logging_writer.py:48] [10200] global_step=10200, grad_norm=4.642096996307373, loss=1.6630516052246094
I0315 02:51:05.933181 139660482799360 logging_writer.py:48] [10300] global_step=10300, grad_norm=2.203681230545044, loss=1.5910180807113647
I0315 02:52:21.603167 139660474406656 logging_writer.py:48] [10400] global_step=10400, grad_norm=2.588285446166992, loss=1.6274569034576416
I0315 02:53:36.616834 139660482799360 logging_writer.py:48] [10500] global_step=10500, grad_norm=3.307992458343506, loss=1.6059136390686035
I0315 02:54:52.812779 139660474406656 logging_writer.py:48] [10600] global_step=10600, grad_norm=2.366036891937256, loss=1.6503698825836182
I0315 02:56:12.988980 139660482799360 logging_writer.py:48] [10700] global_step=10700, grad_norm=3.038010835647583, loss=1.6061053276062012
I0315 02:57:39.079494 139660474406656 logging_writer.py:48] [10800] global_step=10800, grad_norm=1.9515644311904907, loss=1.6799430847167969
I0315 02:59:04.316072 139660482799360 logging_writer.py:48] [10900] global_step=10900, grad_norm=3.981285572052002, loss=1.5743136405944824
I0315 02:59:58.897747 139818008614720 spec.py:321] Evaluating on the training split.
I0315 03:00:53.531146 139818008614720 spec.py:333] Evaluating on the validation split.
I0315 03:01:43.343745 139818008614720 spec.py:349] Evaluating on the test split.
I0315 03:02:11.195297 139818008614720 submission_runner.py:420] Time since start: 9666.73s, 	Step: 10970, 	{'train/ctc_loss': Array(0.38352492, dtype=float32), 'train/wer': 0.1273506142938688, 'validation/ctc_loss': Array(0.6855383, dtype=float32), 'validation/wer': 0.19660735491470113, 'validation/num_examples': 5348, 'test/ctc_loss': Array(0.40698555, dtype=float32), 'test/wer': 0.1310300002031158, 'test/num_examples': 2472, 'score': 8683.471186876297, 'total_duration': 9666.73115491867, 'accumulated_submission_time': 8683.471186876297, 'accumulated_eval_time': 982.551082611084, 'accumulated_logging_time': 0.2804255485534668}
I0315 03:02:11.227229 139660923119360 logging_writer.py:48] [10970] accumulated_eval_time=982.551083, accumulated_logging_time=0.280426, accumulated_submission_time=8683.471187, global_step=10970, preemption_count=0, score=8683.471187, test/ctc_loss=0.4069855511188507, test/num_examples=2472, test/wer=0.131030, total_duration=9666.731155, train/ctc_loss=0.38352492451667786, train/wer=0.127351, validation/ctc_loss=0.6855382919311523, validation/num_examples=5348, validation/wer=0.196607
I0315 03:02:34.391340 139660914726656 logging_writer.py:48] [11000] global_step=11000, grad_norm=3.010571002960205, loss=1.6324918270111084
I0315 03:03:50.786537 139660923119360 logging_writer.py:48] [11100] global_step=11100, grad_norm=2.263651132583618, loss=1.6140724420547485
I0315 03:05:07.935660 139660914726656 logging_writer.py:48] [11200] global_step=11200, grad_norm=3.270447015762329, loss=1.64536452293396
I0315 03:06:25.336559 139660923119360 logging_writer.py:48] [11300] global_step=11300, grad_norm=4.724914073944092, loss=1.6269257068634033
I0315 03:07:48.162158 139660595439360 logging_writer.py:48] [11400] global_step=11400, grad_norm=1.7718218564987183, loss=1.5784920454025269
I0315 03:09:03.142488 139660587046656 logging_writer.py:48] [11500] global_step=11500, grad_norm=3.4951794147491455, loss=1.6273112297058105
I0315 03:10:18.988792 139660595439360 logging_writer.py:48] [11600] global_step=11600, grad_norm=3.0751101970672607, loss=1.5961421728134155
I0315 03:11:35.205232 139660587046656 logging_writer.py:48] [11700] global_step=11700, grad_norm=4.555906295776367, loss=1.6009899377822876
I0315 03:12:55.998482 139660595439360 logging_writer.py:48] [11800] global_step=11800, grad_norm=4.865025997161865, loss=1.664736270904541
I0315 03:14:21.997380 139660587046656 logging_writer.py:48] [11900] global_step=11900, grad_norm=2.207789421081543, loss=1.5901731252670288
I0315 03:15:47.899292 139660595439360 logging_writer.py:48] [12000] global_step=12000, grad_norm=2.849159002304077, loss=1.6593332290649414
I0315 03:17:14.327551 139660587046656 logging_writer.py:48] [12100] global_step=12100, grad_norm=2.805187940597534, loss=1.618791103363037
I0315 03:18:41.413832 139660595439360 logging_writer.py:48] [12200] global_step=12200, grad_norm=2.191739559173584, loss=1.600035548210144
I0315 03:20:04.653201 139660587046656 logging_writer.py:48] [12300] global_step=12300, grad_norm=3.0754668712615967, loss=1.5788094997406006
I0315 03:21:25.352670 139660923119360 logging_writer.py:48] [12400] global_step=12400, grad_norm=2.759997844696045, loss=1.5797538757324219
I0315 03:22:42.302775 139660914726656 logging_writer.py:48] [12500] global_step=12500, grad_norm=6.650871276855469, loss=1.5968607664108276
I0315 03:23:58.088675 139660923119360 logging_writer.py:48] [12600] global_step=12600, grad_norm=2.079418420791626, loss=1.558739423751831
I0315 03:25:13.181245 139660914726656 logging_writer.py:48] [12700] global_step=12700, grad_norm=2.0668675899505615, loss=1.6179934740066528
I0315 03:26:11.865668 139818008614720 spec.py:321] Evaluating on the training split.
I0315 03:27:06.334172 139818008614720 spec.py:333] Evaluating on the validation split.
I0315 03:27:55.622218 139818008614720 spec.py:349] Evaluating on the test split.
I0315 03:28:21.962746 139818008614720 submission_runner.py:420] Time since start: 11237.50s, 	Step: 12775, 	{'train/ctc_loss': Array(0.35075814, dtype=float32), 'train/wer': 0.11953608576351223, 'validation/ctc_loss': Array(0.6756054, dtype=float32), 'validation/wer': 0.19374957760892864, 'validation/num_examples': 5348, 'test/ctc_loss': Array(0.3975374, dtype=float32), 'test/wer': 0.1268458147990169, 'test/num_examples': 2472, 'score': 10124.027910232544, 'total_duration': 11237.498494386673, 'accumulated_submission_time': 10124.027910232544, 'accumulated_eval_time': 1112.6423828601837, 'accumulated_logging_time': 0.32646632194519043}
I0315 03:28:21.993945 139660923119360 logging_writer.py:48] [12775] accumulated_eval_time=1112.642383, accumulated_logging_time=0.326466, accumulated_submission_time=10124.027910, global_step=12775, preemption_count=0, score=10124.027910, test/ctc_loss=0.3975374102592468, test/num_examples=2472, test/wer=0.126846, total_duration=11237.498494, train/ctc_loss=0.3507581353187561, train/wer=0.119536, validation/ctc_loss=0.6756054162979126, validation/num_examples=5348, validation/wer=0.193750
I0315 03:28:42.097956 139660914726656 logging_writer.py:48] [12800] global_step=12800, grad_norm=4.224318981170654, loss=1.606976866722107
I0315 03:29:58.600616 139660923119360 logging_writer.py:48] [12900] global_step=12900, grad_norm=2.3696296215057373, loss=1.5265487432479858
I0315 03:31:13.715971 139660914726656 logging_writer.py:48] [13000] global_step=13000, grad_norm=2.454484462738037, loss=1.5685020685195923
I0315 03:32:29.266118 139660923119360 logging_writer.py:48] [13100] global_step=13100, grad_norm=3.900843620300293, loss=1.6079492568969727
I0315 03:33:47.013320 139660914726656 logging_writer.py:48] [13200] global_step=13200, grad_norm=1.7632032632827759, loss=1.5701462030410767
I0315 03:35:11.837611 139660923119360 logging_writer.py:48] [13300] global_step=13300, grad_norm=2.02351975440979, loss=1.631423830986023
I0315 03:36:37.274886 139660595439360 logging_writer.py:48] [13400] global_step=13400, grad_norm=2.4230198860168457, loss=1.57060706615448
I0315 03:37:53.001416 139660587046656 logging_writer.py:48] [13500] global_step=13500, grad_norm=2.319877862930298, loss=1.5903408527374268
I0315 03:39:07.836927 139660595439360 logging_writer.py:48] [13600] global_step=13600, grad_norm=2.6065993309020996, loss=1.5576246976852417
I0315 03:40:23.943730 139660587046656 logging_writer.py:48] [13700] global_step=13700, grad_norm=2.1719729900360107, loss=1.6506147384643555
I0315 03:41:44.770220 139660595439360 logging_writer.py:48] [13800] global_step=13800, grad_norm=3.130796432495117, loss=1.7002369165420532
I0315 03:43:07.835471 139660587046656 logging_writer.py:48] [13900] global_step=13900, grad_norm=2.680112361907959, loss=1.5886797904968262
I0315 03:44:33.001878 139660595439360 logging_writer.py:48] [14000] global_step=14000, grad_norm=6.070019721984863, loss=1.6369882822036743
I0315 03:45:54.647116 139660587046656 logging_writer.py:48] [14100] global_step=14100, grad_norm=5.054942607879639, loss=1.64044189453125
I0315 03:47:21.623827 139660595439360 logging_writer.py:48] [14200] global_step=14200, grad_norm=3.485311269760132, loss=1.6087660789489746
I0315 03:48:46.621515 139660587046656 logging_writer.py:48] [14300] global_step=14300, grad_norm=3.2152493000030518, loss=1.602738857269287
I0315 03:50:11.564626 139660595439360 logging_writer.py:48] [14400] global_step=14400, grad_norm=2.7972991466522217, loss=1.5714526176452637
I0315 03:51:31.362051 139660595439360 logging_writer.py:48] [14500] global_step=14500, grad_norm=3.6426620483398438, loss=1.5207781791687012
I0315 03:52:22.678503 139818008614720 spec.py:321] Evaluating on the training split.
I0315 03:53:17.475111 139818008614720 spec.py:333] Evaluating on the validation split.
I0315 03:54:08.480032 139818008614720 spec.py:349] Evaluating on the test split.
I0315 03:54:34.356162 139818008614720 submission_runner.py:420] Time since start: 12809.89s, 	Step: 14568, 	{'train/ctc_loss': Array(0.32302096, dtype=float32), 'train/wer': 0.11241061910086066, 'validation/ctc_loss': Array(0.6762659, dtype=float32), 'validation/wer': 0.19071801654807535, 'validation/num_examples': 5348, 'test/ctc_loss': Array(0.39017347, dtype=float32), 'test/wer': 0.1259114821359657, 'test/num_examples': 2472, 'score': 11564.629160404205, 'total_duration': 12809.892186164856, 'accumulated_submission_time': 11564.629160404205, 'accumulated_eval_time': 1244.3145473003387, 'accumulated_logging_time': 0.3751053810119629}
I0315 03:54:34.388532 139660626155264 logging_writer.py:48] [14568] accumulated_eval_time=1244.314547, accumulated_logging_time=0.375105, accumulated_submission_time=11564.629160, global_step=14568, preemption_count=0, score=11564.629160, test/ctc_loss=0.39017346501350403, test/num_examples=2472, test/wer=0.125911, total_duration=12809.892186, train/ctc_loss=0.32302096486091614, train/wer=0.112411, validation/ctc_loss=0.6762658953666687, validation/num_examples=5348, validation/wer=0.190718
I0315 03:54:59.073553 139660617762560 logging_writer.py:48] [14600] global_step=14600, grad_norm=3.1155073642730713, loss=1.7122701406478882
I0315 03:56:14.949568 139660626155264 logging_writer.py:48] [14700] global_step=14700, grad_norm=2.457354784011841, loss=1.6130284070968628
I0315 03:57:30.373114 139660617762560 logging_writer.py:48] [14800] global_step=14800, grad_norm=1.7008929252624512, loss=1.5342845916748047
I0315 03:58:46.350729 139660626155264 logging_writer.py:48] [14900] global_step=14900, grad_norm=4.046997547149658, loss=1.5821036100387573
I0315 04:00:02.074833 139660617762560 logging_writer.py:48] [15000] global_step=15000, grad_norm=2.7585039138793945, loss=1.5747861862182617
I0315 04:01:24.681187 139660626155264 logging_writer.py:48] [15100] global_step=15100, grad_norm=3.4671518802642822, loss=1.5536985397338867
I0315 04:02:44.870983 139660617762560 logging_writer.py:48] [15200] global_step=15200, grad_norm=3.8345589637756348, loss=1.6460609436035156
I0315 04:04:09.465576 139660626155264 logging_writer.py:48] [15300] global_step=15300, grad_norm=3.08321213722229, loss=1.5852175951004028
I0315 04:05:33.011505 139660617762560 logging_writer.py:48] [15400] global_step=15400, grad_norm=2.525228261947632, loss=1.538119912147522
I0315 04:06:55.251302 139660298475264 logging_writer.py:48] [15500] global_step=15500, grad_norm=4.454068660736084, loss=1.5173521041870117
I0315 04:08:10.621922 139660290082560 logging_writer.py:48] [15600] global_step=15600, grad_norm=3.923682928085327, loss=1.6804298162460327
I0315 04:09:26.166048 139660298475264 logging_writer.py:48] [15700] global_step=15700, grad_norm=2.303093194961548, loss=1.5232791900634766
I0315 04:10:42.120910 139660290082560 logging_writer.py:48] [15800] global_step=15800, grad_norm=2.2291207313537598, loss=1.5694327354431152
I0315 04:12:02.410079 139660298475264 logging_writer.py:48] [15900] global_step=15900, grad_norm=3.3696930408477783, loss=1.5365062952041626
I0315 04:13:24.607801 139660290082560 logging_writer.py:48] [16000] global_step=16000, grad_norm=1.9274190664291382, loss=1.5577189922332764
I0315 04:14:50.286932 139660298475264 logging_writer.py:48] [16100] global_step=16100, grad_norm=3.4874212741851807, loss=1.6035377979278564
I0315 04:16:16.704950 139660290082560 logging_writer.py:48] [16200] global_step=16200, grad_norm=2.68154239654541, loss=1.6405616998672485
I0315 04:17:36.940851 139660298475264 logging_writer.py:48] [16300] global_step=16300, grad_norm=1.8781509399414062, loss=1.525672197341919
I0315 04:18:34.540991 139818008614720 spec.py:321] Evaluating on the training split.
I0315 04:19:29.154751 139818008614720 spec.py:333] Evaluating on the validation split.
I0315 04:20:20.571407 139818008614720 spec.py:349] Evaluating on the test split.
I0315 04:20:45.832480 139818008614720 submission_runner.py:420] Time since start: 14381.37s, 	Step: 16370, 	{'train/ctc_loss': Array(0.2960854, dtype=float32), 'train/wer': 0.10138373880799494, 'validation/ctc_loss': Array(0.64389575, dtype=float32), 'validation/wer': 0.18535968409975187, 'validation/num_examples': 5348, 'test/ctc_loss': Array(0.3699334, dtype=float32), 'test/wer': 0.11987894298539598, 'test/num_examples': 2472, 'score': 13004.699365615845, 'total_duration': 14381.36817574501, 'accumulated_submission_time': 13004.699365615845, 'accumulated_eval_time': 1375.6002094745636, 'accumulated_logging_time': 0.42122817039489746}
I0315 04:20:45.864792 139660298475264 logging_writer.py:48] [16370] accumulated_eval_time=1375.600209, accumulated_logging_time=0.421228, accumulated_submission_time=13004.699366, global_step=16370, preemption_count=0, score=13004.699366, test/ctc_loss=0.3699333965778351, test/num_examples=2472, test/wer=0.119879, total_duration=14381.368176, train/ctc_loss=0.296085387468338, train/wer=0.101384, validation/ctc_loss=0.6438957452774048, validation/num_examples=5348, validation/wer=0.185360
I0315 04:21:09.360816 139660290082560 logging_writer.py:48] [16400] global_step=16400, grad_norm=1.9612804651260376, loss=1.5440995693206787
I0315 04:22:28.185416 139660626155264 logging_writer.py:48] [16500] global_step=16500, grad_norm=1.953935980796814, loss=1.54207444190979
I0315 04:23:43.232882 139660617762560 logging_writer.py:48] [16600] global_step=16600, grad_norm=4.237827301025391, loss=1.5627741813659668
I0315 04:25:00.694175 139660626155264 logging_writer.py:48] [16700] global_step=16700, grad_norm=2.316410541534424, loss=1.5005789995193481
I0315 04:26:16.292805 139660617762560 logging_writer.py:48] [16800] global_step=16800, grad_norm=2.396209239959717, loss=1.5572547912597656
I0315 04:27:33.671511 139660626155264 logging_writer.py:48] [16900] global_step=16900, grad_norm=3.8714406490325928, loss=1.5321197509765625
I0315 04:28:56.765311 139660617762560 logging_writer.py:48] [17000] global_step=17000, grad_norm=2.225770950317383, loss=1.5562238693237305
I0315 04:30:23.636099 139660626155264 logging_writer.py:48] [17100] global_step=17100, grad_norm=2.1940665245056152, loss=1.5294456481933594
I0315 04:31:46.118499 139660617762560 logging_writer.py:48] [17200] global_step=17200, grad_norm=1.8088135719299316, loss=1.6275330781936646
I0315 04:33:13.358579 139660626155264 logging_writer.py:48] [17300] global_step=17300, grad_norm=3.3690807819366455, loss=1.5811322927474976
I0315 04:34:35.330822 139660617762560 logging_writer.py:48] [17400] global_step=17400, grad_norm=3.7575695514678955, loss=1.5115478038787842
I0315 04:36:00.486229 139660626155264 logging_writer.py:48] [17500] global_step=17500, grad_norm=3.1005542278289795, loss=1.483060598373413
I0315 04:37:18.813809 139660298475264 logging_writer.py:48] [17600] global_step=17600, grad_norm=1.7904577255249023, loss=1.4849931001663208
I0315 04:38:35.070894 139660290082560 logging_writer.py:48] [17700] global_step=17700, grad_norm=2.118736505508423, loss=1.533540964126587
I0315 04:39:51.944646 139660298475264 logging_writer.py:48] [17800] global_step=17800, grad_norm=3.6292836666107178, loss=1.5411814451217651
I0315 04:41:06.680973 139660290082560 logging_writer.py:48] [17900] global_step=17900, grad_norm=2.9176220893859863, loss=1.512539029121399
I0315 04:42:28.622887 139660298475264 logging_writer.py:48] [18000] global_step=18000, grad_norm=2.8763997554779053, loss=1.6348284482955933
I0315 04:43:51.547549 139660290082560 logging_writer.py:48] [18100] global_step=18100, grad_norm=4.187007427215576, loss=1.5074018239974976
I0315 04:44:46.324895 139818008614720 spec.py:321] Evaluating on the training split.
I0315 04:45:41.394933 139818008614720 spec.py:333] Evaluating on the validation split.
I0315 04:46:31.946683 139818008614720 spec.py:349] Evaluating on the test split.
I0315 04:46:58.421059 139818008614720 submission_runner.py:420] Time since start: 15953.96s, 	Step: 18166, 	{'train/ctc_loss': Array(0.29231447, dtype=float32), 'train/wer': 0.10365909249357795, 'validation/ctc_loss': Array(0.61532944, dtype=float32), 'validation/wer': 0.1773270127537967, 'validation/num_examples': 5348, 'test/ctc_loss': Array(0.35234314, dtype=float32), 'test/wer': 0.11451668596266731, 'test/num_examples': 2472, 'score': 14445.077192544937, 'total_duration': 15953.95691728592, 'accumulated_submission_time': 14445.077192544937, 'accumulated_eval_time': 1507.6907210350037, 'accumulated_logging_time': 0.46775197982788086}
I0315 04:46:58.453719 139660298475264 logging_writer.py:48] [18166] accumulated_eval_time=1507.690721, accumulated_logging_time=0.467752, accumulated_submission_time=14445.077193, global_step=18166, preemption_count=0, score=14445.077193, test/ctc_loss=0.3523431420326233, test/num_examples=2472, test/wer=0.114517, total_duration=15953.956917, train/ctc_loss=0.29231446981430054, train/wer=0.103659, validation/ctc_loss=0.6153294444084167, validation/num_examples=5348, validation/wer=0.177327
I0315 04:47:24.792638 139660290082560 logging_writer.py:48] [18200] global_step=18200, grad_norm=1.7242769002914429, loss=1.5480369329452515
I0315 04:48:40.062437 139660298475264 logging_writer.py:48] [18300] global_step=18300, grad_norm=3.112603187561035, loss=1.5321407318115234
I0315 04:49:54.902446 139660290082560 logging_writer.py:48] [18400] global_step=18400, grad_norm=2.2179973125457764, loss=1.4467532634735107
I0315 04:51:12.164886 139660298475264 logging_writer.py:48] [18500] global_step=18500, grad_norm=1.7137691974639893, loss=1.489543080329895
I0315 04:52:31.890385 139660298475264 logging_writer.py:48] [18600] global_step=18600, grad_norm=2.718395471572876, loss=1.494584083557129
I0315 04:53:48.045368 139660290082560 logging_writer.py:48] [18700] global_step=18700, grad_norm=3.9674949645996094, loss=1.5277715921401978
I0315 04:55:05.408897 139660298475264 logging_writer.py:48] [18800] global_step=18800, grad_norm=2.455251932144165, loss=1.485498309135437
I0315 04:56:20.538087 139660290082560 logging_writer.py:48] [18900] global_step=18900, grad_norm=1.8555727005004883, loss=1.5233125686645508
I0315 04:57:41.771678 139660298475264 logging_writer.py:48] [19000] global_step=19000, grad_norm=3.7549450397491455, loss=1.4606021642684937
I0315 04:59:06.783889 139660290082560 logging_writer.py:48] [19100] global_step=19100, grad_norm=2.299752712249756, loss=1.4906482696533203
I0315 05:00:33.445223 139660298475264 logging_writer.py:48] [19200] global_step=19200, grad_norm=3.1540517807006836, loss=1.5111452341079712
I0315 05:01:57.181407 139660290082560 logging_writer.py:48] [19300] global_step=19300, grad_norm=1.7851592302322388, loss=1.5553107261657715
I0315 05:03:24.110711 139660298475264 logging_writer.py:48] [19400] global_step=19400, grad_norm=4.2277421951293945, loss=1.5618778467178345
I0315 05:04:47.085405 139660290082560 logging_writer.py:48] [19500] global_step=19500, grad_norm=1.1875410079956055, loss=1.4886506795883179
I0315 05:06:12.021699 139660626155264 logging_writer.py:48] [19600] global_step=19600, grad_norm=4.580836772918701, loss=1.54466712474823
I0315 05:07:26.711315 139660617762560 logging_writer.py:48] [19700] global_step=19700, grad_norm=3.1732165813446045, loss=1.4524859189987183
I0315 05:08:43.306633 139660626155264 logging_writer.py:48] [19800] global_step=19800, grad_norm=2.7480087280273438, loss=1.5109434127807617
I0315 05:10:02.853323 139660617762560 logging_writer.py:48] [19900] global_step=19900, grad_norm=4.898711204528809, loss=1.5018779039382935
I0315 05:10:59.126344 139818008614720 spec.py:321] Evaluating on the training split.
I0315 05:11:53.836543 139818008614720 spec.py:333] Evaluating on the validation split.
I0315 05:12:45.283978 139818008614720 spec.py:349] Evaluating on the test split.
I0315 05:13:11.976279 139818008614720 submission_runner.py:420] Time since start: 17527.51s, 	Step: 19969, 	{'train/ctc_loss': Array(0.3047939, dtype=float32), 'train/wer': 0.10215500145429546, 'validation/ctc_loss': Array(0.6024862, dtype=float32), 'validation/wer': 0.1741120132848026, 'validation/num_examples': 5348, 'test/ctc_loss': Array(0.3425359, dtype=float32), 'test/wer': 0.11000751528446367, 'test/num_examples': 2472, 'score': 15885.665563583374, 'total_duration': 17527.51263141632, 'accumulated_submission_time': 15885.665563583374, 'accumulated_eval_time': 1640.5355043411255, 'accumulated_logging_time': 0.5157749652862549}
I0315 05:13:12.011793 139660626155264 logging_writer.py:48] [19969] accumulated_eval_time=1640.535504, accumulated_logging_time=0.515775, accumulated_submission_time=15885.665564, global_step=19969, preemption_count=0, score=15885.665564, test/ctc_loss=0.34253591299057007, test/num_examples=2472, test/wer=0.110008, total_duration=17527.512631, train/ctc_loss=0.3047938942909241, train/wer=0.102155, validation/ctc_loss=0.6024861931800842, validation/num_examples=5348, validation/wer=0.174112
I0315 05:13:36.533871 139660617762560 logging_writer.py:48] [20000] global_step=20000, grad_norm=2.215761661529541, loss=1.4226075410842896
