I0316 09:25:11.991153 139660617762560 logging_writer.py:48] [133800] global_step=133800, grad_norm=2.5726616382598877, loss=1.2001287937164307
I0316 09:26:39.192186 139660626155264 logging_writer.py:48] [133900] global_step=133900, grad_norm=2.428729772567749, loss=1.1939598321914673
I0316 09:27:54.253433 139660617762560 logging_writer.py:48] [134000] global_step=134000, grad_norm=2.022817611694336, loss=1.1757935285568237
I0316 09:29:10.538205 139660626155264 logging_writer.py:48] [134100] global_step=134100, grad_norm=3.953679323196411, loss=1.1476203203201294
I0316 09:30:27.791983 139660617762560 logging_writer.py:48] [134200] global_step=134200, grad_norm=5.4166579246521, loss=1.2034857273101807
I0316 09:31:48.188277 139660626155264 logging_writer.py:48] [134300] global_step=134300, grad_norm=3.3394527435302734, loss=1.1633832454681396
I0316 09:33:12.386745 139660617762560 logging_writer.py:48] [134400] global_step=134400, grad_norm=2.621987819671631, loss=1.1661932468414307
I0316 09:34:39.184383 139660626155264 logging_writer.py:48] [134500] global_step=134500, grad_norm=5.593202590942383, loss=1.1580133438110352
I0316 09:35:35.409369 139818008614720 spec.py:321] Evaluating on the training split.
I0316 09:36:28.748542 139818008614720 spec.py:333] Evaluating on the validation split.
I0316 09:37:19.306018 139818008614720 spec.py:349] Evaluating on the test split.
I0316 09:37:45.585609 139818008614720 submission_runner.py:420] Time since start: 119801.12s, 	Step: 134567, 	{'train/ctc_loss': Array(0.2190213, dtype=float32), 'train/wer': 0.07620294562230626, 'validation/ctc_loss': Array(0.42256498, dtype=float32), 'validation/wer': 0.12187068557691379, 'validation/num_examples': 5348, 'test/ctc_loss': Array(0.22683118, dtype=float32), 'test/wer': 0.07293888245688868, 'test/num_examples': 2472, 'score': 109504.54699015617, 'total_duration': 119801.12107515335, 'accumulated_submission_time': 109504.54699015617, 'accumulated_eval_time': 10286.368607997894, 'accumulated_logging_time': 4.4263763427734375}
I0316 09:37:45.639765 139661803763456 logging_writer.py:48] [134567] accumulated_eval_time=10286.368608, accumulated_logging_time=4.426376, accumulated_submission_time=109504.546990, global_step=134567, preemption_count=0, score=109504.546990, test/ctc_loss=0.22683118283748627, test/num_examples=2472, test/wer=0.072939, total_duration=119801.121075, train/ctc_loss=0.21902130544185638, train/wer=0.076203, validation/ctc_loss=0.4225649833679199, validation/num_examples=5348, validation/wer=0.121871
I0316 09:38:11.397413 139661795370752 logging_writer.py:48] [134600] global_step=134600, grad_norm=2.46606707572937, loss=1.0738918781280518
I0316 09:39:28.175564 139661803763456 logging_writer.py:48] [134700] global_step=134700, grad_norm=1.6252508163452148, loss=1.0969569683074951
I0316 09:40:45.611002 139661795370752 logging_writer.py:48] [134800] global_step=134800, grad_norm=2.8394174575805664, loss=1.1353577375411987
I0316 09:42:07.306727 139661803763456 logging_writer.py:48] [134900] global_step=134900, grad_norm=2.8359262943267822, loss=1.1832669973373413
I0316 09:43:27.719107 139661476083456 logging_writer.py:48] [135000] global_step=135000, grad_norm=4.052344799041748, loss=1.1479283571243286
I0316 09:44:45.359594 139661467690752 logging_writer.py:48] [135100] global_step=135100, grad_norm=6.993188381195068, loss=1.1607930660247803
I0316 09:46:05.216189 139661476083456 logging_writer.py:48] [135200] global_step=135200, grad_norm=3.1768100261688232, loss=1.1065456867218018
I0316 09:47:27.619361 139661467690752 logging_writer.py:48] [135300] global_step=135300, grad_norm=4.7008562088012695, loss=1.2338311672210693
I0316 09:48:52.646929 139661476083456 logging_writer.py:48] [135400] global_step=135400, grad_norm=3.0093514919281006, loss=1.1929458379745483
I0316 09:50:22.042351 139661467690752 logging_writer.py:48] [135500] global_step=135500, grad_norm=1.8973568677902222, loss=1.1617093086242676
I0316 09:51:48.342515 139661476083456 logging_writer.py:48] [135600] global_step=135600, grad_norm=3.8919596672058105, loss=1.1610008478164673
I0316 09:53:14.294254 139661467690752 logging_writer.py:48] [135700] global_step=135700, grad_norm=12.423439979553223, loss=1.2103458642959595
I0316 09:54:40.347635 139661476083456 logging_writer.py:48] [135800] global_step=135800, grad_norm=4.002532958984375, loss=1.1595916748046875
I0316 09:56:06.183295 139661467690752 logging_writer.py:48] [135900] global_step=135900, grad_norm=4.615424156188965, loss=1.0977914333343506
I0316 09:57:32.175036 139661476083456 logging_writer.py:48] [136000] global_step=136000, grad_norm=3.338387966156006, loss=1.197538137435913
I0316 09:58:49.975408 139661467690752 logging_writer.py:48] [136100] global_step=136100, grad_norm=4.564831733703613, loss=1.1952890157699585
I0316 10:00:06.306679 139661476083456 logging_writer.py:48] [136200] global_step=136200, grad_norm=4.9046759605407715, loss=1.1784117221832275
I0316 10:01:24.943202 139661467690752 logging_writer.py:48] [136300] global_step=136300, grad_norm=3.562628746032715, loss=1.1599141359329224
I0316 10:01:45.941509 139818008614720 spec.py:321] Evaluating on the training split.
I0316 10:02:42.939104 139818008614720 spec.py:333] Evaluating on the validation split.
I0316 10:03:34.497546 139818008614720 spec.py:349] Evaluating on the test split.
I0316 10:04:00.043579 139818008614720 submission_runner.py:420] Time since start: 121375.58s, 	Step: 136327, 	{'train/ctc_loss': Array(0.19412705, dtype=float32), 'train/wer': 0.06823183359197157, 'validation/ctc_loss': Array(0.4225796, dtype=float32), 'validation/wer': 0.12183206696467362, 'validation/num_examples': 5348, 'test/ctc_loss': Array(0.22684185, dtype=float32), 'test/wer': 0.07291857087725713, 'test/num_examples': 2472, 'score': 110944.7632997036, 'total_duration': 121375.58246660233, 'accumulated_submission_time': 110944.7632997036, 'accumulated_eval_time': 10420.468059301376, 'accumulated_logging_time': 4.494283437728882}
I0316 10:04:00.088063 139662233843456 logging_writer.py:48] [136327] accumulated_eval_time=10420.468059, accumulated_logging_time=4.494283, accumulated_submission_time=110944.763300, global_step=136327, preemption_count=0, score=110944.763300, test/ctc_loss=0.22684185206890106, test/num_examples=2472, test/wer=0.072919, total_duration=121375.582467, train/ctc_loss=0.19412705302238464, train/wer=0.068232, validation/ctc_loss=0.4225795865058899, validation/num_examples=5348, validation/wer=0.121832
I0316 10:04:57.042801 139662225450752 logging_writer.py:48] [136400] global_step=136400, grad_norm=2.486123561859131, loss=1.1630052328109741
I0316 10:06:12.010003 139662233843456 logging_writer.py:48] [136500] global_step=136500, grad_norm=4.349343299865723, loss=1.1813442707061768
I0316 10:07:27.411386 139662225450752 logging_writer.py:48] [136600] global_step=136600, grad_norm=2.1859054565429688, loss=1.202722191810608
I0316 10:08:55.364149 139662233843456 logging_writer.py:48] [136700] global_step=136700, grad_norm=2.63934588432312, loss=1.1625839471817017
I0316 10:10:21.316735 139662225450752 logging_writer.py:48] [136800] global_step=136800, grad_norm=1.766204595565796, loss=1.101676344871521
I0316 10:11:47.117312 139662233843456 logging_writer.py:48] [136900] global_step=136900, grad_norm=1.6804418563842773, loss=1.0961381196975708
I0316 10:13:16.188728 139661578483456 logging_writer.py:48] [137000] global_step=137000, grad_norm=4.171130180358887, loss=1.1205676794052124
I0316 10:14:33.246743 139661570090752 logging_writer.py:48] [137100] global_step=137100, grad_norm=2.397554874420166, loss=1.1677114963531494
I0316 10:15:49.297293 139661578483456 logging_writer.py:48] [137200] global_step=137200, grad_norm=2.1032676696777344, loss=1.146883487701416
I0316 10:17:05.890552 139661570090752 logging_writer.py:48] [137300] global_step=137300, grad_norm=2.1033365726470947, loss=1.13451087474823
I0316 10:18:27.461482 139661578483456 logging_writer.py:48] [137400] global_step=137400, grad_norm=8.432221412658691, loss=1.099544644355774
I0316 10:19:51.449114 139661570090752 logging_writer.py:48] [137500] global_step=137500, grad_norm=2.5404679775238037, loss=1.145607352256775
I0316 10:21:17.382416 139661578483456 logging_writer.py:48] [137600] global_step=137600, grad_norm=3.842725992202759, loss=1.1710317134857178
I0316 10:22:41.961775 139661570090752 logging_writer.py:48] [137700] global_step=137700, grad_norm=2.1632840633392334, loss=1.1369454860687256
I0316 10:24:10.887029 139661578483456 logging_writer.py:48] [137800] global_step=137800, grad_norm=4.303554534912109, loss=1.13079833984375
I0316 10:25:35.426717 139661570090752 logging_writer.py:48] [137900] global_step=137900, grad_norm=4.961524963378906, loss=1.1473747491836548
I0316 10:27:04.812037 139661578483456 logging_writer.py:48] [138000] global_step=138000, grad_norm=4.06980037689209, loss=1.1733099222183228
I0316 10:28:00.045485 139818008614720 spec.py:321] Evaluating on the training split.
I0316 10:28:54.534916 139818008614720 spec.py:333] Evaluating on the validation split.
I0316 10:29:45.388906 139818008614720 spec.py:349] Evaluating on the test split.
I0316 10:30:11.762949 139818008614720 submission_runner.py:420] Time since start: 122947.30s, 	Step: 138066, 	{'train/ctc_loss': Array(0.2334239, dtype=float32), 'train/wer': 0.08039746078837721, 'validation/ctc_loss': Array(0.42255595, dtype=float32), 'validation/wer': 0.12182241231161359, 'validation/num_examples': 5348, 'test/ctc_loss': Array(0.22682582, dtype=float32), 'test/wer': 0.07289825929762557, 'test/num_examples': 2472, 'score': 112384.63683605194, 'total_duration': 122947.29821825027, 'accumulated_submission_time': 112384.63683605194, 'accumulated_eval_time': 10552.179483890533, 'accumulated_logging_time': 4.551663398742676}
I0316 10:30:11.814923 139661286643456 logging_writer.py:48] [138066] accumulated_eval_time=10552.179484, accumulated_logging_time=4.551663, accumulated_submission_time=112384.636836, global_step=138066, preemption_count=0, score=112384.636836, test/ctc_loss=0.22682581841945648, test/num_examples=2472, test/wer=0.072898, total_duration=122947.298218, train/ctc_loss=0.23342390358448029, train/wer=0.080397, validation/ctc_loss=0.42255595326423645, validation/num_examples=5348, validation/wer=0.121822
I0316 10:30:38.596640 139661278250752 logging_writer.py:48] [138100] global_step=138100, grad_norm=2.1330442428588867, loss=1.1298223733901978
I0316 10:31:55.073997 139661286643456 logging_writer.py:48] [138200] global_step=138200, grad_norm=2.2303850650787354, loss=1.198174238204956
I0316 10:33:11.843330 139661278250752 logging_writer.py:48] [138300] global_step=138300, grad_norm=3.2823996543884277, loss=1.1099210977554321
I0316 10:34:27.298118 139661286643456 logging_writer.py:48] [138400] global_step=138400, grad_norm=3.6473379135131836, loss=1.1628152132034302
I0316 10:35:42.965871 139661278250752 logging_writer.py:48] [138500] global_step=138500, grad_norm=3.0526978969573975, loss=1.2363239526748657
I0316 10:37:07.212850 139661286643456 logging_writer.py:48] [138600] global_step=138600, grad_norm=4.1128106117248535, loss=1.1693627834320068
I0316 10:38:33.895453 139661278250752 logging_writer.py:48] [138700] global_step=138700, grad_norm=2.9104652404785156, loss=1.1637002229690552
I0316 10:40:02.773778 139661286643456 logging_writer.py:48] [138800] global_step=138800, grad_norm=7.868422985076904, loss=1.178904414176941
I0316 10:41:26.199091 139661278250752 logging_writer.py:48] [138900] global_step=138900, grad_norm=1.830689787864685, loss=1.2041094303131104
I0316 10:42:53.980050 139661286643456 logging_writer.py:48] [139000] global_step=139000, grad_norm=3.7648630142211914, loss=1.1641075611114502
I0316 10:44:20.576122 139662233843456 logging_writer.py:48] [139100] global_step=139100, grad_norm=4.9324631690979, loss=1.1256687641143799
I0316 10:45:37.670640 139662225450752 logging_writer.py:48] [139200] global_step=139200, grad_norm=3.8244638442993164, loss=1.2073065042495728
I0316 10:46:55.049269 139662233843456 logging_writer.py:48] [139300] global_step=139300, grad_norm=1.6965359449386597, loss=1.1324779987335205
I0316 10:48:11.661431 139662225450752 logging_writer.py:48] [139400] global_step=139400, grad_norm=1.8298847675323486, loss=1.137208342552185
I0316 10:49:34.235976 139662233843456 logging_writer.py:48] [139500] global_step=139500, grad_norm=2.2105865478515625, loss=1.126898169517517
I0316 10:51:00.437272 139662225450752 logging_writer.py:48] [139600] global_step=139600, grad_norm=2.421945333480835, loss=1.2003116607666016
I0316 10:52:24.398409 139662233843456 logging_writer.py:48] [139700] global_step=139700, grad_norm=4.83339262008667, loss=1.1136746406555176
I0316 10:53:51.926931 139662225450752 logging_writer.py:48] [139800] global_step=139800, grad_norm=2.9610040187835693, loss=1.1054935455322266
I0316 10:54:12.081460 139818008614720 spec.py:321] Evaluating on the training split.
I0316 10:55:07.780963 139818008614720 spec.py:333] Evaluating on the validation split.
I0316 10:55:58.796819 139818008614720 spec.py:349] Evaluating on the test split.
I0316 10:56:26.462935 139818008614720 submission_runner.py:420] Time since start: 124522.00s, 	Step: 139824, 	{'train/ctc_loss': Array(0.21257159, dtype=float32), 'train/wer': 0.07374077638755214, 'validation/ctc_loss': Array(0.42262492, dtype=float32), 'validation/wer': 0.1218031030054935, 'validation/num_examples': 5348, 'test/ctc_loss': Array(0.22685347, dtype=float32), 'test/wer': 0.07297950561615177, 'test/num_examples': 2472, 'score': 113824.81503725052, 'total_duration': 124521.99733042717, 'accumulated_submission_time': 113824.81503725052, 'accumulated_eval_time': 10686.553840637207, 'accumulated_logging_time': 4.618646621704102}
I0316 10:56:26.522949 139662233843456 logging_writer.py:48] [139824] accumulated_eval_time=10686.553841, accumulated_logging_time=4.618647, accumulated_submission_time=113824.815037, global_step=139824, preemption_count=0, score=113824.815037, test/ctc_loss=0.22685347497463226, test/num_examples=2472, test/wer=0.072980, total_duration=124521.997330, train/ctc_loss=0.21257159113883972, train/wer=0.073741, validation/ctc_loss=0.4226249158382416, validation/num_examples=5348, validation/wer=0.121803
I0316 10:57:25.123806 139662225450752 logging_writer.py:48] [139900] global_step=139900, grad_norm=2.9438371658325195, loss=1.1354262828826904
I0316 10:58:39.882729 139662233843456 logging_writer.py:48] [140000] global_step=140000, grad_norm=2.8640711307525635, loss=1.1922129392623901
I0316 10:59:59.303830 139661906163456 logging_writer.py:48] [140100] global_step=140100, grad_norm=5.104611396789551, loss=1.1354875564575195
I0316 11:01:16.968454 139661897770752 logging_writer.py:48] [140200] global_step=140200, grad_norm=2.6530697345733643, loss=1.1588108539581299
I0316 11:02:33.015425 139661906163456 logging_writer.py:48] [140300] global_step=140300, grad_norm=2.553128719329834, loss=1.1937906742095947
I0316 11:03:50.721658 139661897770752 logging_writer.py:48] [140400] global_step=140400, grad_norm=3.1853010654449463, loss=1.1346900463104248
I0316 11:05:15.318903 139661906163456 logging_writer.py:48] [140500] global_step=140500, grad_norm=3.2271175384521484, loss=1.147709846496582
I0316 11:06:40.046487 139661897770752 logging_writer.py:48] [140600] global_step=140600, grad_norm=2.9203343391418457, loss=1.1734588146209717
I0316 11:08:09.453433 139661906163456 logging_writer.py:48] [140700] global_step=140700, grad_norm=3.8618111610412598, loss=1.135932207107544
I0316 11:09:38.420841 139661897770752 logging_writer.py:48] [140800] global_step=140800, grad_norm=1.9565931558609009, loss=1.160784363746643
I0316 11:11:04.788251 139661906163456 logging_writer.py:48] [140900] global_step=140900, grad_norm=2.509333372116089, loss=1.1529077291488647
I0316 11:12:31.287969 139661897770752 logging_writer.py:48] [141000] global_step=141000, grad_norm=6.366153240203857, loss=1.1298563480377197
I0316 11:13:56.647641 139661906163456 logging_writer.py:48] [141100] global_step=141100, grad_norm=7.960747718811035, loss=1.1594123840332031
I0316 11:15:17.605073 139661906163456 logging_writer.py:48] [141200] global_step=141200, grad_norm=1.7515252828598022, loss=1.134987473487854
I0316 11:16:33.063467 139661897770752 logging_writer.py:48] [141300] global_step=141300, grad_norm=2.1811106204986572, loss=1.1894348859786987
I0316 11:17:50.105420 139661906163456 logging_writer.py:48] [141400] global_step=141400, grad_norm=3.012287139892578, loss=1.1711039543151855
I0316 11:19:08.366158 139661897770752 logging_writer.py:48] [141500] global_step=141500, grad_norm=1.5325647592544556, loss=1.1471009254455566
I0316 11:20:27.112030 139818008614720 spec.py:321] Evaluating on the training split.
I0316 11:21:21.544016 139818008614720 spec.py:333] Evaluating on the validation split.
I0316 11:22:12.808716 139818008614720 spec.py:349] Evaluating on the test split.
I0316 11:22:39.523281 139818008614720 submission_runner.py:420] Time since start: 126095.06s, 	Step: 141595, 	{'train/ctc_loss': Array(0.21481861, dtype=float32), 'train/wer': 0.07603881210126885, 'validation/ctc_loss': Array(0.42257047, dtype=float32), 'validation/wer': 0.1218513762707937, 'validation/num_examples': 5348, 'test/ctc_loss': Array(0.22683278, dtype=float32), 'test/wer': 0.07287794771799402, 'test/num_examples': 2472, 'score': 115265.31365394592, 'total_duration': 126095.0590775013, 'accumulated_submission_time': 115265.31365394592, 'accumulated_eval_time': 10818.959375619888, 'accumulated_logging_time': 4.695364475250244}
I0316 11:22:39.579772 139661322483456 logging_writer.py:48] [141595] accumulated_eval_time=10818.959376, accumulated_logging_time=4.695364, accumulated_submission_time=115265.313654, global_step=141595, preemption_count=0, score=115265.313654, test/ctc_loss=0.226832777261734, test/num_examples=2472, test/wer=0.072878, total_duration=126095.059078, train/ctc_loss=0.21481861174106598, train/wer=0.076039, validation/ctc_loss=0.42257046699523926, validation/num_examples=5348, validation/wer=0.121851
I0316 11:22:44.188299 139661314090752 logging_writer.py:48] [141600] global_step=141600, grad_norm=5.260246753692627, loss=1.1408960819244385
I0316 11:24:00.945373 139661322483456 logging_writer.py:48] [141700] global_step=141700, grad_norm=4.835113525390625, loss=1.1402580738067627
I0316 11:25:15.760558 139661314090752 logging_writer.py:48] [141800] global_step=141800, grad_norm=2.7688045501708984, loss=1.131834626197815
I0316 11:26:34.677482 139661322483456 logging_writer.py:48] [141900] global_step=141900, grad_norm=5.510278701782227, loss=1.1539877653121948
I0316 11:28:03.432767 139661314090752 logging_writer.py:48] [142000] global_step=142000, grad_norm=2.1013455390930176, loss=1.1352901458740234
I0316 11:29:30.539986 139661322483456 logging_writer.py:48] [142100] global_step=142100, grad_norm=2.5275025367736816, loss=1.1894577741622925
I0316 11:30:53.178806 139660994803456 logging_writer.py:48] [142200] global_step=142200, grad_norm=1.9319627285003662, loss=1.1500757932662964
I0316 11:32:10.411331 139660986410752 logging_writer.py:48] [142300] global_step=142300, grad_norm=2.0560758113861084, loss=1.188412070274353
I0316 11:33:28.814620 139660994803456 logging_writer.py:48] [142400] global_step=142400, grad_norm=1.3500220775604248, loss=1.1830711364746094
I0316 11:34:45.448213 139660986410752 logging_writer.py:48] [142500] global_step=142500, grad_norm=2.9922571182250977, loss=1.178337574005127
I0316 11:36:09.533602 139660994803456 logging_writer.py:48] [142600] global_step=142600, grad_norm=3.4567971229553223, loss=1.1602104902267456
I0316 11:37:34.373807 139660986410752 logging_writer.py:48] [142700] global_step=142700, grad_norm=3.8246986865997314, loss=1.1800811290740967
I0316 11:38:59.336540 139660994803456 logging_writer.py:48] [142800] global_step=142800, grad_norm=4.075538635253906, loss=1.1376092433929443
I0316 11:40:24.801416 139660986410752 logging_writer.py:48] [142900] global_step=142900, grad_norm=1.5940001010894775, loss=1.117885947227478
I0316 11:41:46.440870 139660994803456 logging_writer.py:48] [143000] global_step=143000, grad_norm=2.948713541030884, loss=1.1788814067840576
I0316 11:43:14.409301 139660986410752 logging_writer.py:48] [143100] global_step=143100, grad_norm=2.472215175628662, loss=1.1392791271209717
I0316 11:44:40.656370 139660994803456 logging_writer.py:48] [143200] global_step=143200, grad_norm=1.652904748916626, loss=1.1733771562576294
I0316 11:45:57.159257 139660986410752 logging_writer.py:48] [143300] global_step=143300, grad_norm=3.2259624004364014, loss=1.1951874494552612
I0316 11:46:39.911606 139818008614720 spec.py:321] Evaluating on the training split.
I0316 11:47:33.955009 139818008614720 spec.py:333] Evaluating on the validation split.
I0316 11:48:26.046252 139818008614720 spec.py:349] Evaluating on the test split.
I0316 11:48:52.015177 139818008614720 submission_runner.py:420] Time since start: 127667.55s, 	Step: 143357, 	{'train/ctc_loss': Array(0.22314472, dtype=float32), 'train/wer': 0.0771731146606444, 'validation/ctc_loss': Array(0.4225849, dtype=float32), 'validation/wer': 0.12179344835243346, 'validation/num_examples': 5348, 'test/ctc_loss': Array(0.22684102, dtype=float32), 'test/wer': 0.07297950561615177, 'test/num_examples': 2472, 'score': 116705.55896472931, 'total_duration': 127667.55155706406, 'accumulated_submission_time': 116705.55896472931, 'accumulated_eval_time': 10951.057807445526, 'accumulated_logging_time': 4.766013145446777}
I0316 11:48:52.067700 139660626155264 logging_writer.py:48] [143357] accumulated_eval_time=10951.057807, accumulated_logging_time=4.766013, accumulated_submission_time=116705.558965, global_step=143357, preemption_count=0, score=116705.558965, test/ctc_loss=0.2268410176038742, test/num_examples=2472, test/wer=0.072980, total_duration=127667.551557, train/ctc_loss=0.22314472496509552, train/wer=0.077173, validation/ctc_loss=0.4225848913192749, validation/num_examples=5348, validation/wer=0.121793
I0316 11:49:25.442752 139660617762560 logging_writer.py:48] [143400] global_step=143400, grad_norm=1.7052651643753052, loss=1.1280555725097656
I0316 11:50:41.204743 139660626155264 logging_writer.py:48] [143500] global_step=143500, grad_norm=4.371747970581055, loss=1.1854366064071655
I0316 11:51:57.134472 139660617762560 logging_writer.py:48] [143600] global_step=143600, grad_norm=2.4879586696624756, loss=1.1452964544296265
I0316 11:53:13.880179 139660626155264 logging_writer.py:48] [143700] global_step=143700, grad_norm=3.7342655658721924, loss=1.1903674602508545
I0316 11:54:42.873588 139660617762560 logging_writer.py:48] [143800] global_step=143800, grad_norm=3.0069739818573, loss=1.1511446237564087
I0316 11:56:08.317826 139660626155264 logging_writer.py:48] [143900] global_step=143900, grad_norm=1.7821195125579834, loss=1.1688982248306274
I0316 11:57:33.278421 139818008614720 spec.py:321] Evaluating on the training split.
I0316 11:58:25.230749 139818008614720 spec.py:333] Evaluating on the validation split.
I0316 11:59:18.118057 139818008614720 spec.py:349] Evaluating on the test split.
I0316 11:59:43.579115 139818008614720 submission_runner.py:420] Time since start: 128319.12s, 	Step: 144000, 	{'train/ctc_loss': Array(0.23591998, dtype=float32), 'train/wer': 0.08150679031841282, 'validation/ctc_loss': Array(0.42256364, dtype=float32), 'validation/wer': 0.12179344835243346, 'validation/num_examples': 5348, 'test/ctc_loss': Array(0.22682914, dtype=float32), 'test/wer': 0.07291857087725713, 'test/num_examples': 2472, 'score': 117226.72539401054, 'total_duration': 128319.11793255806, 'accumulated_submission_time': 117226.72539401054, 'accumulated_eval_time': 11081.355797290802, 'accumulated_logging_time': 4.835377931594849}
I0316 11:59:43.623824 139661803763456 logging_writer.py:48] [144000] accumulated_eval_time=11081.355797, accumulated_logging_time=4.835378, accumulated_submission_time=117226.725394, global_step=144000, preemption_count=0, score=117226.725394, test/ctc_loss=0.2268291413784027, test/num_examples=2472, test/wer=0.072919, total_duration=128319.117933, train/ctc_loss=0.2359199821949005, train/wer=0.081507, validation/ctc_loss=0.4225636422634125, validation/num_examples=5348, validation/wer=0.121793
I0316 11:59:43.657198 139661795370752 logging_writer.py:48] [144000] global_step=144000, preemption_count=0, score=117226.725394
I0316 11:59:43.866671 139818008614720 checkpoints.py:490] Saving checkpoint at step: 144000
I0316 11:59:44.858749 139818008614720 checkpoints.py:422] Saved checkpoint at /experiment_runs/prize_qualification_self_tuning/study_3/librispeech_deepspeech_jax/trial_1/checkpoint_144000
I0316 11:59:44.879866 139818008614720 checkpoint_utils.py:240] Saved checkpoint to /experiment_runs/prize_qualification_self_tuning/study_3/librispeech_deepspeech_jax/trial_1/checkpoint_144000.
I0316 11:59:46.039361 139818008614720 submission_runner.py:683] Final librispeech_deepspeech score: 117226.72539401054
