python3 submission_runner.py --framework=jax --workload=librispeech_deepspeech --submission_path=prize_qualification_baselines/self_tuning/jax_nadamw_full_budget.py --data_dir=/data/librispeech --num_tuning_trials=1 --experiment_dir=/experiment_runs --experiment_name=prize_qualification_self_tuning/study_1 --overwrite=true --save_checkpoints=false --rng_seed=3146674392 --max_global_steps=144000 --librispeech_tokenizer_vocab_path=/data/librispeech/spm_model.vocab --tuning_ruleset=self 2>&1 | tee -a /logs/librispeech_deepspeech_jax_03-12-2024-23-37-44.log
I0312 23:38:06.235848 140628396156736 logger_utils.py:61] Removing existing experiment directory /experiment_runs/prize_qualification_self_tuning/study_1/librispeech_deepspeech_jax because --overwrite was set.
I0312 23:38:06.239297 140628396156736 logger_utils.py:76] Creating experiment directory at /experiment_runs/prize_qualification_self_tuning/study_1/librispeech_deepspeech_jax.
I0312 23:38:07.255627 140628396156736 xla_bridge.py:455] Unable to initialize backend 'rocm': NOT_FOUND: Could not find registered platform with name: "rocm". Available platform names are: Interpreter CUDA Host
I0312 23:38:07.257147 140628396156736 xla_bridge.py:455] Unable to initialize backend 'tpu': module 'jaxlib.xla_extension' has no attribute 'get_tpu_client'
I0312 23:38:07.257289 140628396156736 xla_bridge.py:455] Unable to initialize backend 'plugin': xla_extension has no attributes named get_plugin_device_client. Compile TensorFlow with //tensorflow/compiler/xla/python:enable_plugin_device set to true (defaults to false) to enable this.
I0312 23:38:08.232336 140628396156736 submission_runner.py:612] Creating directory at /experiment_runs/prize_qualification_self_tuning/study_1/librispeech_deepspeech_jax/trial_1.
I0312 23:38:08.433723 140628396156736 submission_runner.py:209] Initializing dataset.
I0312 23:38:08.433947 140628396156736 submission_runner.py:220] Initializing model.
I0312 23:38:10.956670 140628396156736 submission_runner.py:262] Initializing optimizer.
I0312 23:38:11.625988 140628396156736 submission_runner.py:269] Initializing metrics bundle.
I0312 23:38:11.626184 140628396156736 submission_runner.py:287] Initializing checkpoint and logger.
I0312 23:38:11.626923 140628396156736 checkpoints.py:915] Found no checkpoint files in /experiment_runs/prize_qualification_self_tuning/study_1/librispeech_deepspeech_jax/trial_1 with prefix checkpoint_
I0312 23:38:11.627074 140628396156736 submission_runner.py:307] Saving meta data to /experiment_runs/prize_qualification_self_tuning/study_1/librispeech_deepspeech_jax/trial_1/meta_data_0.json.
I0312 23:38:11.627281 140628396156736 logger_utils.py:257] Unable to record workload.train_mean information. Continuing without it.
I0312 23:38:11.627341 140628396156736 logger_utils.py:257] Unable to record workload.train_stddev information. Continuing without it.
fatal: detected dubious ownership in repository at '/algorithmic-efficiency'
To add an exception for this directory, call:

	git config --global --add safe.directory /algorithmic-efficiency
I0312 23:38:11.894613 140628396156736 logger_utils.py:220] Unable to record git information. Continuing without it.
I0312 23:38:12.137695 140628396156736 submission_runner.py:311] Saving flags to /experiment_runs/prize_qualification_self_tuning/study_1/librispeech_deepspeech_jax/trial_1/flags_0.json.
I0312 23:38:12.151562 140628396156736 submission_runner.py:321] Starting training loop.
I0312 23:38:12.444260 140628396156736 input_pipeline.py:20] Loading split = train-clean-100
I0312 23:38:12.499728 140628396156736 input_pipeline.py:20] Loading split = train-clean-360
I0312 23:38:12.643076 140628396156736 input_pipeline.py:20] Loading split = train-other-500
/usr/local/lib/python3.8/dist-packages/jax/_src/interpreters/mlir.py:582: UserWarning: Some donated buffers were not usable: ShapedArray(float32[512]), ShapedArray(float32[512]), ShapedArray(float32[512]), ShapedArray(float32[512]), ShapedArray(float32[512]), ShapedArray(float32[512]), ShapedArray(float32[512]), ShapedArray(float32[512]), ShapedArray(float32[512]), ShapedArray(float32[512]), ShapedArray(float32[512]), ShapedArray(float32[512]), ShapedArray(float32[512]), ShapedArray(float32[512]), ShapedArray(float32[512]), ShapedArray(float32[512]), ShapedArray(float32[512]), ShapedArray(float32[512]).
See an explanation at https://jax.readthedocs.io/en/latest/faq.html#buffer-donation.
  warnings.warn(f"Some donated buffers were not usable: {', '.join(unused_donations)}.\n{msg}")
I0312 23:38:54.492977 140465986934528 logging_writer.py:48] [0] global_step=0, grad_norm=21.99945068359375, loss=33.24736022949219
I0312 23:38:54.525621 140628396156736 spec.py:321] Evaluating on the training split.
I0312 23:38:54.780040 140628396156736 input_pipeline.py:20] Loading split = train-clean-100
I0312 23:38:54.814169 140628396156736 input_pipeline.py:20] Loading split = train-clean-360
I0312 23:38:55.168484 140628396156736 input_pipeline.py:20] Loading split = train-other-500
/usr/local/lib/python3.8/dist-packages/jax/_src/ops/scatter.py:92: FutureWarning: scatter inputs have incompatible types: cannot safely cast value from dtype=float32 to dtype=int32. In future JAX releases this will result in an error.
  warnings.warn("scatter inputs have incompatible types: cannot safely cast "
I0312 23:40:19.985602 140628396156736 spec.py:333] Evaluating on the validation split.
I0312 23:40:20.173252 140628396156736 input_pipeline.py:20] Loading split = dev-clean
I0312 23:40:20.178556 140628396156736 input_pipeline.py:20] Loading split = dev-other
I0312 23:41:22.803199 140628396156736 spec.py:349] Evaluating on the test split.
I0312 23:41:22.996487 140628396156736 input_pipeline.py:20] Loading split = test-clean
I0312 23:41:58.096097 140628396156736 submission_runner.py:420] Time since start: 225.94s, 	Step: 1, 	{'train/ctc_loss': Array(31.636915, dtype=float32), 'train/wer': 1.9854861212335755, 'validation/ctc_loss': Array(30.702776, dtype=float32), 'validation/wer': 1.707309537831758, 'validation/num_examples': 5348, 'test/ctc_loss': Array(30.705326, dtype=float32), 'test/wer': 1.8779477179940285, 'test/num_examples': 2472, 'score': 42.37398552894592, 'total_duration': 225.94245171546936, 'accumulated_submission_time': 42.37398552894592, 'accumulated_eval_time': 183.5684108734131, 'accumulated_logging_time': 0}
I0312 23:41:58.120857 140460362299136 logging_writer.py:48] [1] accumulated_eval_time=183.568411, accumulated_logging_time=0, accumulated_submission_time=42.373986, global_step=1, preemption_count=0, score=42.373986, test/ctc_loss=30.705326080322266, test/num_examples=2472, test/wer=1.877948, total_duration=225.942452, train/ctc_loss=31.63691520690918, train/wer=1.985486, validation/ctc_loss=30.702775955200195, validation/num_examples=5348, validation/wer=1.707310
I0312 23:43:22.812885 140472455911168 logging_writer.py:48] [100] global_step=100, grad_norm=0.8869886994361877, loss=5.9982686042785645
I0312 23:44:39.546211 140472464303872 logging_writer.py:48] [200] global_step=200, grad_norm=0.9783815145492554, loss=5.822599411010742
I0312 23:45:56.590008 140472455911168 logging_writer.py:48] [300] global_step=300, grad_norm=1.0230470895767212, loss=5.700645446777344
I0312 23:47:13.746790 140472464303872 logging_writer.py:48] [400] global_step=400, grad_norm=0.7827770113945007, loss=5.130527973175049
I0312 23:48:30.779144 140472455911168 logging_writer.py:48] [500] global_step=500, grad_norm=1.3458926677703857, loss=4.349212169647217
I0312 23:49:47.840962 140472464303872 logging_writer.py:48] [600] global_step=600, grad_norm=2.1326241493225098, loss=3.7796719074249268
I0312 23:51:04.651549 140472455911168 logging_writer.py:48] [700] global_step=700, grad_norm=2.548517942428589, loss=3.379701852798462
I0312 23:52:26.525340 140472464303872 logging_writer.py:48] [800] global_step=800, grad_norm=2.6040616035461426, loss=3.117276668548584
I0312 23:53:49.325807 140472455911168 logging_writer.py:48] [900] global_step=900, grad_norm=2.5833325386047363, loss=3.0388693809509277
I0312 23:55:12.291572 140472464303872 logging_writer.py:48] [1000] global_step=1000, grad_norm=2.441861629486084, loss=2.7909038066864014
I0312 23:56:33.322936 140472497874688 logging_writer.py:48] [1100] global_step=1100, grad_norm=2.315722703933716, loss=2.697493076324463
I0312 23:57:49.393169 140472489481984 logging_writer.py:48] [1200] global_step=1200, grad_norm=4.1586503982543945, loss=2.6024930477142334
I0312 23:59:05.690430 140472497874688 logging_writer.py:48] [1300] global_step=1300, grad_norm=2.4649808406829834, loss=2.6006178855895996
I0313 00:00:21.383651 140472489481984 logging_writer.py:48] [1400] global_step=1400, grad_norm=1.8749237060546875, loss=2.4949657917022705
I0313 00:01:37.179493 140472497874688 logging_writer.py:48] [1500] global_step=1500, grad_norm=1.6315513849258423, loss=2.3959925174713135
I0313 00:02:52.749212 140472489481984 logging_writer.py:48] [1600] global_step=1600, grad_norm=3.3813421726226807, loss=2.4005613327026367
I0313 00:04:08.394601 140472497874688 logging_writer.py:48] [1700] global_step=1700, grad_norm=2.7743611335754395, loss=2.2875893115997314
I0313 00:05:30.188013 140472489481984 logging_writer.py:48] [1800] global_step=1800, grad_norm=2.084383010864258, loss=2.277362585067749
I0313 00:05:58.339597 140628396156736 spec.py:321] Evaluating on the training split.
I0313 00:06:48.912740 140628396156736 spec.py:333] Evaluating on the validation split.
I0313 00:07:36.345313 140628396156736 spec.py:349] Evaluating on the test split.
I0313 00:08:00.348266 140628396156736 submission_runner.py:420] Time since start: 1788.19s, 	Step: 1835, 	{'train/ctc_loss': Array(2.3297267, dtype=float32), 'train/wer': 0.505952503552965, 'validation/ctc_loss': Array(2.6970866, dtype=float32), 'validation/wer': 0.5646716935226933, 'validation/num_examples': 5348, 'test/ctc_loss': Array(2.2324085, dtype=float32), 'test/wer': 0.4973087156988199, 'test/num_examples': 2472, 'score': 1482.5158276557922, 'total_duration': 1788.1893684864044, 'accumulated_submission_time': 1482.5158276557922, 'accumulated_eval_time': 305.5697865486145, 'accumulated_logging_time': 0.03835940361022949}
I0313 00:08:00.378507 140472497874688 logging_writer.py:48] [1835] accumulated_eval_time=305.569787, accumulated_logging_time=0.038359, accumulated_submission_time=1482.515828, global_step=1835, preemption_count=0, score=1482.515828, test/ctc_loss=2.2324085235595703, test/num_examples=2472, test/wer=0.497309, total_duration=1788.189368, train/ctc_loss=2.3297266960144043, train/wer=0.505953, validation/ctc_loss=2.6970865726470947, validation/num_examples=5348, validation/wer=0.564672
I0313 00:08:50.564057 140472489481984 logging_writer.py:48] [1900] global_step=1900, grad_norm=3.4459478855133057, loss=2.245121717453003
I0313 00:10:06.179361 140472497874688 logging_writer.py:48] [2000] global_step=2000, grad_norm=2.589181423187256, loss=2.1733241081237793
I0313 00:11:25.222822 140472170194688 logging_writer.py:48] [2100] global_step=2100, grad_norm=1.6982245445251465, loss=2.1572022438049316
I0313 00:12:41.061097 140472161801984 logging_writer.py:48] [2200] global_step=2200, grad_norm=3.641667366027832, loss=2.140958786010742
I0313 00:13:56.938488 140472170194688 logging_writer.py:48] [2300] global_step=2300, grad_norm=2.178060531616211, loss=2.1232903003692627
I0313 00:15:12.635296 140472161801984 logging_writer.py:48] [2400] global_step=2400, grad_norm=2.7763333320617676, loss=2.0699658393859863
I0313 00:16:28.210170 140472170194688 logging_writer.py:48] [2500] global_step=2500, grad_norm=1.8598765134811401, loss=2.0493619441986084
I0313 00:17:43.728781 140472161801984 logging_writer.py:48] [2600] global_step=2600, grad_norm=2.386512517929077, loss=1.9726618528366089
I0313 00:19:03.772231 140472170194688 logging_writer.py:48] [2700] global_step=2700, grad_norm=1.9976210594177246, loss=1.9723716974258423
I0313 00:20:27.137769 140472161801984 logging_writer.py:48] [2800] global_step=2800, grad_norm=4.192422389984131, loss=2.0356528759002686
I0313 00:21:51.649395 140472170194688 logging_writer.py:48] [2900] global_step=2900, grad_norm=2.3602423667907715, loss=1.9288644790649414
I0313 00:23:17.853256 140472161801984 logging_writer.py:48] [3000] global_step=3000, grad_norm=1.8679128885269165, loss=1.8940705060958862
I0313 00:24:45.650510 140472497874688 logging_writer.py:48] [3100] global_step=3100, grad_norm=3.258598566055298, loss=1.9188793897628784
I0313 00:26:01.337158 140472489481984 logging_writer.py:48] [3200] global_step=3200, grad_norm=2.076274871826172, loss=1.8868645429611206
I0313 00:27:17.030573 140472497874688 logging_writer.py:48] [3300] global_step=3300, grad_norm=2.6445717811584473, loss=1.9077383279800415
I0313 00:28:33.021441 140472489481984 logging_writer.py:48] [3400] global_step=3400, grad_norm=2.7288658618927, loss=1.906935214996338
I0313 00:29:49.165927 140472497874688 logging_writer.py:48] [3500] global_step=3500, grad_norm=3.217350721359253, loss=1.9191452264785767
I0313 00:31:05.126827 140472489481984 logging_writer.py:48] [3600] global_step=3600, grad_norm=2.399164915084839, loss=1.8308411836624146
I0313 00:32:01.023609 140628396156736 spec.py:321] Evaluating on the training split.
I0313 00:32:53.182976 140628396156736 spec.py:333] Evaluating on the validation split.
I0313 00:33:43.023993 140628396156736 spec.py:349] Evaluating on the test split.
I0313 00:34:08.001899 140628396156736 submission_runner.py:420] Time since start: 3355.84s, 	Step: 3675, 	{'train/ctc_loss': Array(0.5273757, dtype=float32), 'train/wer': 0.1752337319873212, 'validation/ctc_loss': Array(0.8686737, dtype=float32), 'validation/wer': 0.24958243625515317, 'validation/num_examples': 5348, 'test/ctc_loss': Array(0.5609731, dtype=float32), 'test/wer': 0.18087461661893445, 'test/num_examples': 2472, 'score': 2923.0815935134888, 'total_duration': 3355.8438744544983, 'accumulated_submission_time': 2923.0815935134888, 'accumulated_eval_time': 432.54165267944336, 'accumulated_logging_time': 0.08315825462341309}
I0313 00:34:08.032043 140472497874688 logging_writer.py:48] [3675] accumulated_eval_time=432.541653, accumulated_logging_time=0.083158, accumulated_submission_time=2923.081594, global_step=3675, preemption_count=0, score=2923.081594, test/ctc_loss=0.5609731078147888, test/num_examples=2472, test/wer=0.180875, total_duration=3355.843874, train/ctc_loss=0.5273756980895996, train/wer=0.175234, validation/ctc_loss=0.8686736822128296, validation/num_examples=5348, validation/wer=0.249582
I0313 00:34:27.652185 140472489481984 logging_writer.py:48] [3700] global_step=3700, grad_norm=2.4822781085968018, loss=1.8176063299179077
I0313 00:35:43.280792 140472497874688 logging_writer.py:48] [3800] global_step=3800, grad_norm=2.995452404022217, loss=1.8644381761550903
I0313 00:36:59.177802 140472489481984 logging_writer.py:48] [3900] global_step=3900, grad_norm=2.8481040000915527, loss=1.8144150972366333
I0313 00:38:15.096557 140472497874688 logging_writer.py:48] [4000] global_step=4000, grad_norm=2.518214702606201, loss=1.776021957397461
I0313 00:39:32.122203 140472489481984 logging_writer.py:48] [4100] global_step=4100, grad_norm=2.1595618724823, loss=1.8048826456069946
I0313 00:40:52.243838 140472170194688 logging_writer.py:48] [4200] global_step=4200, grad_norm=2.6006662845611572, loss=1.790389895439148
I0313 00:42:07.932784 140472161801984 logging_writer.py:48] [4300] global_step=4300, grad_norm=2.5142509937286377, loss=1.7376807928085327
I0313 00:43:23.660889 140472170194688 logging_writer.py:48] [4400] global_step=4400, grad_norm=2.2862486839294434, loss=1.7928907871246338
I0313 00:44:39.162084 140472161801984 logging_writer.py:48] [4500] global_step=4500, grad_norm=2.290022134780884, loss=1.6867949962615967
I0313 00:45:54.910999 140472170194688 logging_writer.py:48] [4600] global_step=4600, grad_norm=3.3764235973358154, loss=1.7317026853561401
I0313 00:47:10.793014 140472161801984 logging_writer.py:48] [4700] global_step=4700, grad_norm=2.6971709728240967, loss=1.709382176399231
I0313 00:48:34.992775 140472170194688 logging_writer.py:48] [4800] global_step=4800, grad_norm=1.925397515296936, loss=1.7600340843200684
I0313 00:49:58.770110 140472161801984 logging_writer.py:48] [4900] global_step=4900, grad_norm=1.828736424446106, loss=1.7140915393829346
I0313 00:51:22.199745 140472170194688 logging_writer.py:48] [5000] global_step=5000, grad_norm=3.2298741340637207, loss=1.69509756565094
I0313 00:52:46.754394 140472161801984 logging_writer.py:48] [5100] global_step=5100, grad_norm=2.1939308643341064, loss=1.694549798965454
I0313 00:54:10.144316 140472170194688 logging_writer.py:48] [5200] global_step=5200, grad_norm=1.8368113040924072, loss=1.772528886795044
I0313 00:55:25.918924 140472161801984 logging_writer.py:48] [5300] global_step=5300, grad_norm=2.5896189212799072, loss=1.6878145933151245
I0313 00:56:41.554724 140472170194688 logging_writer.py:48] [5400] global_step=5400, grad_norm=3.9828081130981445, loss=1.7621450424194336
I0313 00:57:57.517503 140472161801984 logging_writer.py:48] [5500] global_step=5500, grad_norm=1.9799314737319946, loss=1.7261148691177368
I0313 00:58:08.012306 140628396156736 spec.py:321] Evaluating on the training split.
I0313 00:59:01.814313 140628396156736 spec.py:333] Evaluating on the validation split.
I0313 00:59:50.784206 140628396156736 spec.py:349] Evaluating on the test split.
I0313 01:00:15.456707 140628396156736 submission_runner.py:420] Time since start: 4923.30s, 	Step: 5515, 	{'train/ctc_loss': Array(0.39720902, dtype=float32), 'train/wer': 0.13839471617354818, 'validation/ctc_loss': Array(0.7544181, dtype=float32), 'validation/wer': 0.21861030923853753, 'validation/num_examples': 5348, 'test/ctc_loss': Array(0.46814135, dtype=float32), 'test/wer': 0.15032600085308634, 'test/num_examples': 2472, 'score': 4362.980728149414, 'total_duration': 4923.29837346077, 'accumulated_submission_time': 4362.980728149414, 'accumulated_eval_time': 559.979326248169, 'accumulated_logging_time': 0.12807106971740723}
I0313 01:00:15.489251 140471914194688 logging_writer.py:48] [5515] accumulated_eval_time=559.979326, accumulated_logging_time=0.128071, accumulated_submission_time=4362.980728, global_step=5515, preemption_count=0, score=4362.980728, test/ctc_loss=0.4681413471698761, test/num_examples=2472, test/wer=0.150326, total_duration=4923.298373, train/ctc_loss=0.3972090184688568, train/wer=0.138395, validation/ctc_loss=0.7544180750846863, validation/num_examples=5348, validation/wer=0.218610
I0313 01:01:20.613636 140471905801984 logging_writer.py:48] [5600] global_step=5600, grad_norm=2.238842487335205, loss=1.6286036968231201
I0313 01:02:35.958986 140471914194688 logging_writer.py:48] [5700] global_step=5700, grad_norm=3.184628486633301, loss=1.6763899326324463
I0313 01:03:51.618623 140471905801984 logging_writer.py:48] [5800] global_step=5800, grad_norm=2.730029821395874, loss=1.6284281015396118
I0313 01:05:07.336777 140471914194688 logging_writer.py:48] [5900] global_step=5900, grad_norm=2.108583450317383, loss=1.617964744567871
I0313 01:06:31.579108 140471905801984 logging_writer.py:48] [6000] global_step=6000, grad_norm=2.8462958335876465, loss=1.6739083528518677
I0313 01:07:54.984904 140471914194688 logging_writer.py:48] [6100] global_step=6100, grad_norm=3.5712199211120605, loss=1.649286150932312
I0313 01:09:20.848474 140471914194688 logging_writer.py:48] [6200] global_step=6200, grad_norm=2.6992368698120117, loss=1.648274302482605
I0313 01:10:36.781037 140471905801984 logging_writer.py:48] [6300] global_step=6300, grad_norm=1.867121934890747, loss=1.6618233919143677
I0313 01:11:52.399268 140471914194688 logging_writer.py:48] [6400] global_step=6400, grad_norm=1.972264051437378, loss=1.63444185256958
I0313 01:13:08.340119 140471905801984 logging_writer.py:48] [6500] global_step=6500, grad_norm=2.163147211074829, loss=1.6498303413391113
I0313 01:14:24.346930 140471914194688 logging_writer.py:48] [6600] global_step=6600, grad_norm=3.0630617141723633, loss=1.6152652502059937
I0313 01:15:40.322746 140471905801984 logging_writer.py:48] [6700] global_step=6700, grad_norm=3.8275017738342285, loss=1.6117899417877197
I0313 01:17:02.768837 140471914194688 logging_writer.py:48] [6800] global_step=6800, grad_norm=5.323622703552246, loss=1.5959084033966064
I0313 01:18:27.629840 140471905801984 logging_writer.py:48] [6900] global_step=6900, grad_norm=3.5598812103271484, loss=1.6069594621658325
I0313 01:19:54.886803 140471914194688 logging_writer.py:48] [7000] global_step=7000, grad_norm=2.260645627975464, loss=1.6011992692947388
I0313 01:21:20.688784 140471905801984 logging_writer.py:48] [7100] global_step=7100, grad_norm=2.675987958908081, loss=1.6798019409179688
I0313 01:22:45.391492 140471914194688 logging_writer.py:48] [7200] global_step=7200, grad_norm=2.927262783050537, loss=1.638837218284607
I0313 01:24:04.943514 140471914194688 logging_writer.py:48] [7300] global_step=7300, grad_norm=1.9107756614685059, loss=1.621006965637207
I0313 01:24:16.184033 140628396156736 spec.py:321] Evaluating on the training split.
I0313 01:25:09.656598 140628396156736 spec.py:333] Evaluating on the validation split.
I0313 01:25:59.008353 140628396156736 spec.py:349] Evaluating on the test split.
I0313 01:26:23.769410 140628396156736 submission_runner.py:420] Time since start: 6491.61s, 	Step: 7316, 	{'train/ctc_loss': Array(0.36748856, dtype=float32), 'train/wer': 0.12577364932086418, 'validation/ctc_loss': Array(0.69803226, dtype=float32), 'validation/wer': 0.2021008525058652, 'validation/num_examples': 5348, 'test/ctc_loss': Array(0.41549453, dtype=float32), 'test/wer': 0.13462514979789977, 'test/num_examples': 2472, 'score': 5803.595576286316, 'total_duration': 6491.611656188965, 'accumulated_submission_time': 5803.595576286316, 'accumulated_eval_time': 687.5585751533508, 'accumulated_logging_time': 0.1763753890991211}
I0313 01:26:23.803642 140471914194688 logging_writer.py:48] [7316] accumulated_eval_time=687.558575, accumulated_logging_time=0.176375, accumulated_submission_time=5803.595576, global_step=7316, preemption_count=0, score=5803.595576, test/ctc_loss=0.41549453139305115, test/num_examples=2472, test/wer=0.134625, total_duration=6491.611656, train/ctc_loss=0.3674885630607605, train/wer=0.125774, validation/ctc_loss=0.6980322599411011, validation/num_examples=5348, validation/wer=0.202101
I0313 01:27:27.991622 140471905801984 logging_writer.py:48] [7400] global_step=7400, grad_norm=2.435544967651367, loss=1.5964220762252808
I0313 01:28:43.364292 140471914194688 logging_writer.py:48] [7500] global_step=7500, grad_norm=2.5131380558013916, loss=1.6048718690872192
I0313 01:29:59.327689 140471905801984 logging_writer.py:48] [7600] global_step=7600, grad_norm=2.326622247695923, loss=1.5628474950790405
I0313 01:31:15.102986 140471914194688 logging_writer.py:48] [7700] global_step=7700, grad_norm=2.0071942806243896, loss=1.5796507596969604
I0313 01:32:30.813698 140471905801984 logging_writer.py:48] [7800] global_step=7800, grad_norm=2.8510499000549316, loss=1.5822677612304688
I0313 01:33:47.798471 140471914194688 logging_writer.py:48] [7900] global_step=7900, grad_norm=2.959906816482544, loss=1.627759575843811
I0313 01:35:11.692866 140471905801984 logging_writer.py:48] [8000] global_step=8000, grad_norm=3.16365909576416, loss=1.5767844915390015
I0313 01:36:35.428062 140471914194688 logging_writer.py:48] [8100] global_step=8100, grad_norm=2.4652159214019775, loss=1.5699678659439087
I0313 01:38:00.106754 140471905801984 logging_writer.py:48] [8200] global_step=8200, grad_norm=2.3686978816986084, loss=1.5950632095336914
I0313 01:39:22.214681 140471914194688 logging_writer.py:48] [8300] global_step=8300, grad_norm=3.3467917442321777, loss=1.54798424243927
I0313 01:40:37.902663 140471905801984 logging_writer.py:48] [8400] global_step=8400, grad_norm=2.1610913276672363, loss=1.6312024593353271
I0313 01:41:53.746836 140471914194688 logging_writer.py:48] [8500] global_step=8500, grad_norm=2.9547133445739746, loss=1.636711835861206
I0313 01:43:09.298525 140471905801984 logging_writer.py:48] [8600] global_step=8600, grad_norm=2.489013433456421, loss=1.573422908782959
I0313 01:44:25.170697 140471914194688 logging_writer.py:48] [8700] global_step=8700, grad_norm=3.3758668899536133, loss=1.5468348264694214
I0313 01:45:40.930363 140471905801984 logging_writer.py:48] [8800] global_step=8800, grad_norm=2.1411166191101074, loss=1.6108894348144531
I0313 01:47:03.746214 140471914194688 logging_writer.py:48] [8900] global_step=8900, grad_norm=2.159538984298706, loss=1.6109784841537476
I0313 01:48:28.597208 140471905801984 logging_writer.py:48] [9000] global_step=9000, grad_norm=3.1400203704833984, loss=1.574790120124817
I0313 01:49:53.245939 140471914194688 logging_writer.py:48] [9100] global_step=9100, grad_norm=2.808321475982666, loss=1.5176582336425781
I0313 01:50:24.060487 140628396156736 spec.py:321] Evaluating on the training split.
I0313 01:51:16.506057 140628396156736 spec.py:333] Evaluating on the validation split.
I0313 01:52:05.759728 140628396156736 spec.py:349] Evaluating on the test split.
I0313 01:52:30.496730 140628396156736 submission_runner.py:420] Time since start: 8058.34s, 	Step: 9137, 	{'train/ctc_loss': Array(0.33860832, dtype=float32), 'train/wer': 0.11894148600752354, 'validation/ctc_loss': Array(0.66417503, dtype=float32), 'validation/wer': 0.1937881962211688, 'validation/num_examples': 5348, 'test/ctc_loss': Array(0.39312792, dtype=float32), 'test/wer': 0.1298925517437491, 'test/num_examples': 2472, 'score': 7243.767488241196, 'total_duration': 8058.339680671692, 'accumulated_submission_time': 7243.767488241196, 'accumulated_eval_time': 813.9893782138824, 'accumulated_logging_time': 0.22959446907043457}
I0313 01:52:30.528892 140471914194688 logging_writer.py:48] [9137] accumulated_eval_time=813.989378, accumulated_logging_time=0.229594, accumulated_submission_time=7243.767488, global_step=9137, preemption_count=0, score=7243.767488, test/ctc_loss=0.3931279182434082, test/num_examples=2472, test/wer=0.129893, total_duration=8058.339681, train/ctc_loss=0.3386083245277405, train/wer=0.118941, validation/ctc_loss=0.6641750335693359, validation/num_examples=5348, validation/wer=0.193788
I0313 01:53:18.781873 140471905801984 logging_writer.py:48] [9200] global_step=9200, grad_norm=3.511937141418457, loss=1.580612301826477
I0313 01:54:38.004924 140471914194688 logging_writer.py:48] [9300] global_step=9300, grad_norm=3.264075756072998, loss=1.4780608415603638
I0313 01:55:53.780802 140471905801984 logging_writer.py:48] [9400] global_step=9400, grad_norm=2.922016143798828, loss=1.5602777004241943
I0313 01:57:09.293243 140471914194688 logging_writer.py:48] [9500] global_step=9500, grad_norm=2.790196418762207, loss=1.5393778085708618
I0313 01:58:25.085160 140471905801984 logging_writer.py:48] [9600] global_step=9600, grad_norm=1.9752635955810547, loss=1.5276991128921509
I0313 01:59:40.757546 140471914194688 logging_writer.py:48] [9700] global_step=9700, grad_norm=2.8611066341400146, loss=1.6185576915740967
I0313 02:01:02.302132 140471905801984 logging_writer.py:48] [9800] global_step=9800, grad_norm=3.444164752960205, loss=1.464694857597351
I0313 02:02:27.583347 140471914194688 logging_writer.py:48] [9900] global_step=9900, grad_norm=2.2883670330047607, loss=1.4978805780410767
I0313 02:03:53.436264 140471905801984 logging_writer.py:48] [10000] global_step=10000, grad_norm=3.653409719467163, loss=1.6327776908874512
I0313 02:05:19.313615 140471914194688 logging_writer.py:48] [10100] global_step=10100, grad_norm=2.495135545730591, loss=1.5693410634994507
I0313 02:06:44.003659 140471905801984 logging_writer.py:48] [10200] global_step=10200, grad_norm=2.7882750034332275, loss=1.5569344758987427
I0313 02:08:12.183499 140471914194688 logging_writer.py:48] [10300] global_step=10300, grad_norm=3.19199538230896, loss=1.4273444414138794
I0313 02:09:28.102379 140471905801984 logging_writer.py:48] [10400] global_step=10400, grad_norm=3.0009660720825195, loss=1.589118242263794
I0313 02:10:43.876800 140471914194688 logging_writer.py:48] [10500] global_step=10500, grad_norm=3.3975627422332764, loss=1.5273712873458862
I0313 02:11:59.922446 140471905801984 logging_writer.py:48] [10600] global_step=10600, grad_norm=1.9760626554489136, loss=1.5453532934188843
I0313 02:13:16.008605 140471914194688 logging_writer.py:48] [10700] global_step=10700, grad_norm=2.4114649295806885, loss=1.5467721223831177
I0313 02:14:31.994689 140471905801984 logging_writer.py:48] [10800] global_step=10800, grad_norm=2.223071336746216, loss=1.5619319677352905
I0313 02:15:50.990556 140471914194688 logging_writer.py:48] [10900] global_step=10900, grad_norm=3.005159616470337, loss=1.5884355306625366
I0313 02:16:31.094210 140628396156736 spec.py:321] Evaluating on the training split.
I0313 02:17:25.140716 140628396156736 spec.py:333] Evaluating on the validation split.
I0313 02:18:14.458896 140628396156736 spec.py:349] Evaluating on the test split.
I0313 02:18:39.425790 140628396156736 submission_runner.py:420] Time since start: 9627.27s, 	Step: 10948, 	{'train/ctc_loss': Array(0.35432062, dtype=float32), 'train/wer': 0.12116233042235038, 'validation/ctc_loss': Array(0.6541005, dtype=float32), 'validation/wer': 0.19026424785425336, 'validation/num_examples': 5348, 'test/ctc_loss': Array(0.3835853, dtype=float32), 'test/wer': 0.12507870737107224, 'test/num_examples': 2472, 'score': 8684.250477790833, 'total_duration': 9627.266298294067, 'accumulated_submission_time': 8684.250477790833, 'accumulated_eval_time': 942.3130850791931, 'accumulated_logging_time': 0.2782130241394043}
I0313 02:18:39.459597 140472067794688 logging_writer.py:48] [10948] accumulated_eval_time=942.313085, accumulated_logging_time=0.278213, accumulated_submission_time=8684.250478, global_step=10948, preemption_count=0, score=8684.250478, test/ctc_loss=0.3835853040218353, test/num_examples=2472, test/wer=0.125079, total_duration=9627.266298, train/ctc_loss=0.35432061553001404, train/wer=0.121162, validation/ctc_loss=0.6541004776954651, validation/num_examples=5348, validation/wer=0.190264
I0313 02:19:19.802798 140472059401984 logging_writer.py:48] [11000] global_step=11000, grad_norm=2.074948310852051, loss=1.5026237964630127
I0313 02:20:35.241872 140472067794688 logging_writer.py:48] [11100] global_step=11100, grad_norm=2.3583967685699463, loss=1.5812411308288574
I0313 02:21:50.981851 140472059401984 logging_writer.py:48] [11200] global_step=11200, grad_norm=3.0407934188842773, loss=1.594193458557129
I0313 02:23:11.562860 140472067794688 logging_writer.py:48] [11300] global_step=11300, grad_norm=3.407703399658203, loss=1.5244855880737305
I0313 02:24:33.374270 140472067794688 logging_writer.py:48] [11400] global_step=11400, grad_norm=1.942400336265564, loss=1.5151093006134033
I0313 02:25:49.309460 140472059401984 logging_writer.py:48] [11500] global_step=11500, grad_norm=2.4004404544830322, loss=1.4683082103729248
I0313 02:27:05.233829 140472067794688 logging_writer.py:48] [11600] global_step=11600, grad_norm=3.041632890701294, loss=1.4980300664901733
I0313 02:28:20.925451 140472059401984 logging_writer.py:48] [11700] global_step=11700, grad_norm=2.80381441116333, loss=1.511307954788208
I0313 02:29:37.035546 140472067794688 logging_writer.py:48] [11800] global_step=11800, grad_norm=2.923119068145752, loss=1.505296230316162
I0313 02:30:59.810870 140472059401984 logging_writer.py:48] [11900] global_step=11900, grad_norm=3.4838054180145264, loss=1.5003337860107422
I0313 02:32:26.036768 140472067794688 logging_writer.py:48] [12000] global_step=12000, grad_norm=2.643951654434204, loss=1.515349268913269
I0313 02:33:52.142351 140472059401984 logging_writer.py:48] [12100] global_step=12100, grad_norm=2.3476696014404297, loss=1.4977672100067139
I0313 02:35:17.557457 140472067794688 logging_writer.py:48] [12200] global_step=12200, grad_norm=3.139981269836426, loss=1.4862557649612427
I0313 02:36:42.277119 140472059401984 logging_writer.py:48] [12300] global_step=12300, grad_norm=3.3492014408111572, loss=1.6687077283859253
I0313 02:38:06.177428 140472067794688 logging_writer.py:48] [12400] global_step=12400, grad_norm=2.2376725673675537, loss=1.5158816576004028
I0313 02:39:21.733319 140472059401984 logging_writer.py:48] [12500] global_step=12500, grad_norm=3.163539171218872, loss=1.5641502141952515
I0313 02:40:37.273648 140472067794688 logging_writer.py:48] [12600] global_step=12600, grad_norm=2.25502872467041, loss=1.4411653280258179
I0313 02:41:52.849877 140472059401984 logging_writer.py:48] [12700] global_step=12700, grad_norm=2.0226492881774902, loss=1.4804527759552002
I0313 02:42:39.671877 140628396156736 spec.py:321] Evaluating on the training split.
I0313 02:43:33.167887 140628396156736 spec.py:333] Evaluating on the validation split.
I0313 02:44:22.661061 140628396156736 spec.py:349] Evaluating on the test split.
I0313 02:44:47.898848 140628396156736 submission_runner.py:420] Time since start: 11195.74s, 	Step: 12763, 	{'train/ctc_loss': Array(0.31071076, dtype=float32), 'train/wer': 0.10823601982430392, 'validation/ctc_loss': Array(0.62130105, dtype=float32), 'validation/wer': 0.18104405418191297, 'validation/num_examples': 5348, 'test/ctc_loss': Array(0.3579518, dtype=float32), 'test/wer': 0.11626348181098044, 'test/num_examples': 2472, 'score': 10124.378967046738, 'total_duration': 11195.741937160492, 'accumulated_submission_time': 10124.378967046738, 'accumulated_eval_time': 1070.5347871780396, 'accumulated_logging_time': 0.32748913764953613}
I0313 02:44:47.931099 140472067794688 logging_writer.py:48] [12763] accumulated_eval_time=1070.534787, accumulated_logging_time=0.327489, accumulated_submission_time=10124.378967, global_step=12763, preemption_count=0, score=10124.378967, test/ctc_loss=0.3579517900943756, test/num_examples=2472, test/wer=0.116263, total_duration=11195.741937, train/ctc_loss=0.31071075797080994, train/wer=0.108236, validation/ctc_loss=0.6213010549545288, validation/num_examples=5348, validation/wer=0.181044
I0313 02:45:16.545131 140472059401984 logging_writer.py:48] [12800] global_step=12800, grad_norm=4.754426956176758, loss=1.4726054668426514
I0313 02:46:31.919816 140472067794688 logging_writer.py:48] [12900] global_step=12900, grad_norm=4.142224311828613, loss=1.5130201578140259
I0313 02:47:47.851997 140472059401984 logging_writer.py:48] [13000] global_step=13000, grad_norm=3.180703639984131, loss=1.5672169923782349
I0313 02:49:06.607573 140472067794688 logging_writer.py:48] [13100] global_step=13100, grad_norm=1.8874982595443726, loss=1.5121327638626099
I0313 02:50:31.639028 140472059401984 logging_writer.py:48] [13200] global_step=13200, grad_norm=2.8050873279571533, loss=1.5169802904129028
I0313 02:51:57.335687 140472067794688 logging_writer.py:48] [13300] global_step=13300, grad_norm=2.216115951538086, loss=1.4481767416000366
I0313 02:53:25.360090 140472067794688 logging_writer.py:48] [13400] global_step=13400, grad_norm=2.997222661972046, loss=1.4914194345474243
I0313 02:54:41.156896 140472059401984 logging_writer.py:48] [13500] global_step=13500, grad_norm=2.8656973838806152, loss=1.4548367261886597
I0313 02:55:56.690983 140472067794688 logging_writer.py:48] [13600] global_step=13600, grad_norm=3.5880558490753174, loss=1.5149307250976562
I0313 02:57:12.324800 140472059401984 logging_writer.py:48] [13700] global_step=13700, grad_norm=4.0096893310546875, loss=1.447935938835144
I0313 02:58:27.792073 140472067794688 logging_writer.py:48] [13800] global_step=13800, grad_norm=1.9719486236572266, loss=1.5073837041854858
I0313 02:59:45.348383 140472059401984 logging_writer.py:48] [13900] global_step=13900, grad_norm=2.337425947189331, loss=1.5018959045410156
I0313 03:01:10.586152 140472067794688 logging_writer.py:48] [14000] global_step=14000, grad_norm=2.810521364212036, loss=1.4793838262557983
I0313 03:02:37.787285 140472059401984 logging_writer.py:48] [14100] global_step=14100, grad_norm=3.5051002502441406, loss=1.5137747526168823
I0313 03:04:03.776662 140472067794688 logging_writer.py:48] [14200] global_step=14200, grad_norm=2.6701130867004395, loss=1.4821926355361938
I0313 03:05:31.055677 140472059401984 logging_writer.py:48] [14300] global_step=14300, grad_norm=3.3512039184570312, loss=1.5604718923568726
I0313 03:06:57.307891 140472067794688 logging_writer.py:48] [14400] global_step=14400, grad_norm=2.2789182662963867, loss=1.5910581350326538
I0313 03:08:18.177651 140472067794688 logging_writer.py:48] [14500] global_step=14500, grad_norm=5.460125923156738, loss=1.4646022319793701
I0313 03:08:48.289569 140628396156736 spec.py:321] Evaluating on the training split.
I0313 03:09:42.268765 140628396156736 spec.py:333] Evaluating on the validation split.
I0313 03:10:31.933381 140628396156736 spec.py:349] Evaluating on the test split.
I0313 03:10:57.167728 140628396156736 submission_runner.py:420] Time since start: 12765.01s, 	Step: 14541, 	{'train/ctc_loss': Array(0.2729434, dtype=float32), 'train/wer': 0.09846849892092878, 'validation/ctc_loss': Array(0.61381125, dtype=float32), 'validation/wer': 0.17699875454975525, 'validation/num_examples': 5348, 'test/ctc_loss': Array(0.35419095, dtype=float32), 'test/wer': 0.11506509861271912, 'test/num_examples': 2472, 'score': 11564.656034946442, 'total_duration': 12765.01008605957, 'accumulated_submission_time': 11564.656034946442, 'accumulated_eval_time': 1199.4069213867188, 'accumulated_logging_time': 0.3752939701080322}
I0313 03:10:57.203195 140472067794688 logging_writer.py:48] [14541] accumulated_eval_time=1199.406921, accumulated_logging_time=0.375294, accumulated_submission_time=11564.656035, global_step=14541, preemption_count=0, score=11564.656035, test/ctc_loss=0.3541909456253052, test/num_examples=2472, test/wer=0.115065, total_duration=12765.010086, train/ctc_loss=0.2729434072971344, train/wer=0.098468, validation/ctc_loss=0.6138112545013428, validation/num_examples=5348, validation/wer=0.176999
I0313 03:11:42.527800 140472059401984 logging_writer.py:48] [14600] global_step=14600, grad_norm=1.8396542072296143, loss=1.4381160736083984
I0313 03:12:58.268302 140472067794688 logging_writer.py:48] [14700] global_step=14700, grad_norm=2.5799503326416016, loss=1.4635828733444214
I0313 03:14:14.050567 140472059401984 logging_writer.py:48] [14800] global_step=14800, grad_norm=3.2583296298980713, loss=1.5367027521133423
I0313 03:15:30.023930 140472067794688 logging_writer.py:48] [14900] global_step=14900, grad_norm=2.82704758644104, loss=1.4855008125305176
I0313 03:16:47.161462 140472059401984 logging_writer.py:48] [15000] global_step=15000, grad_norm=3.146989583969116, loss=1.4652552604675293
I0313 03:18:13.427628 140472067794688 logging_writer.py:48] [15100] global_step=15100, grad_norm=1.773622751235962, loss=1.484527826309204
I0313 03:19:39.094854 140472059401984 logging_writer.py:48] [15200] global_step=15200, grad_norm=3.127227783203125, loss=1.495223879814148
I0313 03:21:05.772418 140472067794688 logging_writer.py:48] [15300] global_step=15300, grad_norm=2.8471908569335938, loss=1.5055882930755615
I0313 03:22:33.105116 140472059401984 logging_writer.py:48] [15400] global_step=15400, grad_norm=4.600973606109619, loss=1.516677975654602
I0313 03:23:58.026599 140472067794688 logging_writer.py:48] [15500] global_step=15500, grad_norm=2.0031681060791016, loss=1.4661283493041992
I0313 03:25:13.866860 140472059401984 logging_writer.py:48] [15600] global_step=15600, grad_norm=1.932416319847107, loss=1.4449013471603394
I0313 03:26:29.704226 140472067794688 logging_writer.py:48] [15700] global_step=15700, grad_norm=2.010021924972534, loss=1.4670196771621704
I0313 03:27:45.526181 140472059401984 logging_writer.py:48] [15800] global_step=15800, grad_norm=2.1793289184570312, loss=1.46044921875
I0313 03:29:03.366957 140472067794688 logging_writer.py:48] [15900] global_step=15900, grad_norm=3.55389404296875, loss=1.4384384155273438
I0313 03:30:29.477349 140472059401984 logging_writer.py:48] [16000] global_step=16000, grad_norm=3.0688064098358154, loss=1.4650752544403076
I0313 03:31:56.696073 140472067794688 logging_writer.py:48] [16100] global_step=16100, grad_norm=2.794229507446289, loss=1.4578992128372192
I0313 03:33:23.495402 140472059401984 logging_writer.py:48] [16200] global_step=16200, grad_norm=2.8639824390411377, loss=1.4347891807556152
I0313 03:34:50.637516 140472067794688 logging_writer.py:48] [16300] global_step=16300, grad_norm=2.559962749481201, loss=1.4697318077087402
I0313 03:34:57.509985 140628396156736 spec.py:321] Evaluating on the training split.
I0313 03:35:51.928518 140628396156736 spec.py:333] Evaluating on the validation split.
I0313 03:36:42.334460 140628396156736 spec.py:349] Evaluating on the test split.
I0313 03:37:07.942077 140628396156736 submission_runner.py:420] Time since start: 14335.78s, 	Step: 16309, 	{'train/ctc_loss': Array(0.2645288, dtype=float32), 'train/wer': 0.09241949470391395, 'validation/ctc_loss': Array(0.59791833, dtype=float32), 'validation/wer': 0.17432441565212353, 'validation/num_examples': 5348, 'test/ctc_loss': Array(0.34476194, dtype=float32), 'test/wer': 0.11201836166798691, 'test/num_examples': 2472, 'score': 13004.882545471191, 'total_duration': 14335.784494638443, 'accumulated_submission_time': 13004.882545471191, 'accumulated_eval_time': 1329.8330297470093, 'accumulated_logging_time': 0.42512059211730957}
I0313 03:37:07.979830 140472067794688 logging_writer.py:48] [16309] accumulated_eval_time=1329.833030, accumulated_logging_time=0.425121, accumulated_submission_time=13004.882545, global_step=16309, preemption_count=0, score=13004.882545, test/ctc_loss=0.3447619378566742, test/num_examples=2472, test/wer=0.112018, total_duration=14335.784495, train/ctc_loss=0.2645288109779358, train/wer=0.092419, validation/ctc_loss=0.5979183316230774, validation/num_examples=5348, validation/wer=0.174324
I0313 03:38:17.568456 140472059401984 logging_writer.py:48] [16400] global_step=16400, grad_norm=2.553152561187744, loss=1.5343940258026123
I0313 03:39:36.772606 140472067794688 logging_writer.py:48] [16500] global_step=16500, grad_norm=4.6939921379089355, loss=1.4828197956085205
I0313 03:40:52.604075 140472059401984 logging_writer.py:48] [16600] global_step=16600, grad_norm=3.037978410720825, loss=1.4724253416061401
I0313 03:42:08.490769 140472067794688 logging_writer.py:48] [16700] global_step=16700, grad_norm=1.9504022598266602, loss=1.432053804397583
I0313 03:43:24.183518 140472059401984 logging_writer.py:48] [16800] global_step=16800, grad_norm=4.827112674713135, loss=1.4528942108154297
I0313 03:44:40.199501 140472067794688 logging_writer.py:48] [16900] global_step=16900, grad_norm=3.3980932235717773, loss=1.478587031364441
I0313 03:46:05.258832 140472059401984 logging_writer.py:48] [17000] global_step=17000, grad_norm=2.713085889816284, loss=1.4854731559753418
I0313 03:47:31.246417 140472067794688 logging_writer.py:48] [17100] global_step=17100, grad_norm=2.3704099655151367, loss=1.4723567962646484
I0313 03:48:58.556584 140472059401984 logging_writer.py:48] [17200] global_step=17200, grad_norm=2.1387455463409424, loss=1.4914519786834717
I0313 03:50:25.875763 140472067794688 logging_writer.py:48] [17300] global_step=17300, grad_norm=4.687610149383545, loss=1.5110540390014648
I0313 03:51:53.150463 140472059401984 logging_writer.py:48] [17400] global_step=17400, grad_norm=3.7676124572753906, loss=1.476070761680603
I0313 03:53:20.618967 140472067794688 logging_writer.py:48] [17500] global_step=17500, grad_norm=2.2496235370635986, loss=1.4679096937179565
I0313 03:54:40.387271 140472067794688 logging_writer.py:48] [17600] global_step=17600, grad_norm=3.802906036376953, loss=1.444009780883789
I0313 03:55:56.349714 140472059401984 logging_writer.py:48] [17700] global_step=17700, grad_norm=3.030538320541382, loss=1.4393305778503418
I0313 03:57:12.160035 140472067794688 logging_writer.py:48] [17800] global_step=17800, grad_norm=1.427634835243225, loss=1.3632102012634277
I0313 03:58:28.048178 140472059401984 logging_writer.py:48] [17900] global_step=17900, grad_norm=2.3347771167755127, loss=1.4326204061508179
I0313 03:59:49.112632 140472067794688 logging_writer.py:48] [18000] global_step=18000, grad_norm=3.2919018268585205, loss=1.5290762186050415
I0313 04:01:08.033199 140628396156736 spec.py:321] Evaluating on the training split.
I0313 04:02:01.529599 140628396156736 spec.py:333] Evaluating on the validation split.
I0313 04:02:52.150079 140628396156736 spec.py:349] Evaluating on the test split.
I0313 04:03:17.155824 140628396156736 submission_runner.py:420] Time since start: 15905.00s, 	Step: 18091, 	{'train/ctc_loss': Array(0.26972863, dtype=float32), 'train/wer': 0.09824258447875496, 'validation/ctc_loss': Array(0.59498703, dtype=float32), 'validation/wer': 0.1731272386726783, 'validation/num_examples': 5348, 'test/ctc_loss': Array(0.34444848, dtype=float32), 'test/wer': 0.11122621006235656, 'test/num_examples': 2472, 'score': 14444.854892969131, 'total_duration': 15904.995854139328, 'accumulated_submission_time': 14444.854892969131, 'accumulated_eval_time': 1458.9472970962524, 'accumulated_logging_time': 0.47778820991516113}
I0313 04:03:17.190392 140472497874688 logging_writer.py:48] [18091] accumulated_eval_time=1458.947297, accumulated_logging_time=0.477788, accumulated_submission_time=14444.854893, global_step=18091, preemption_count=0, score=14444.854893, test/ctc_loss=0.3444484770298004, test/num_examples=2472, test/wer=0.111226, total_duration=15904.995854, train/ctc_loss=0.2697286307811737, train/wer=0.098243, validation/ctc_loss=0.5949870347976685, validation/num_examples=5348, validation/wer=0.173127
I0313 04:03:24.802382 140472489481984 logging_writer.py:48] [18100] global_step=18100, grad_norm=2.9429879188537598, loss=1.4982860088348389
I0313 04:04:40.626429 140472497874688 logging_writer.py:48] [18200] global_step=18200, grad_norm=2.8240044116973877, loss=1.4652799367904663
I0313 04:05:56.528693 140472489481984 logging_writer.py:48] [18300] global_step=18300, grad_norm=2.937030792236328, loss=1.4156246185302734
I0313 04:07:16.712793 140472497874688 logging_writer.py:48] [18400] global_step=18400, grad_norm=2.5857882499694824, loss=1.4500840902328491
I0313 04:08:43.773645 140472489481984 logging_writer.py:48] [18500] global_step=18500, grad_norm=5.604708194732666, loss=1.4535549879074097
I0313 04:10:07.389134 140465249416960 logging_writer.py:48] [18600] global_step=18600, grad_norm=2.2829809188842773, loss=1.4012186527252197
I0313 04:11:23.302178 140465241024256 logging_writer.py:48] [18700] global_step=18700, grad_norm=2.1204833984375, loss=1.4145681858062744
I0313 04:12:39.243725 140465249416960 logging_writer.py:48] [18800] global_step=18800, grad_norm=2.696070671081543, loss=1.4757940769195557
I0313 04:13:54.937367 140465241024256 logging_writer.py:48] [18900] global_step=18900, grad_norm=3.3980491161346436, loss=1.4201843738555908
I0313 04:15:14.310486 140465249416960 logging_writer.py:48] [19000] global_step=19000, grad_norm=3.079990863800049, loss=1.4523513317108154
I0313 04:16:40.349427 140465241024256 logging_writer.py:48] [19100] global_step=19100, grad_norm=3.2986438274383545, loss=1.4592348337173462
I0313 04:18:07.210196 140465249416960 logging_writer.py:48] [19200] global_step=19200, grad_norm=3.4930849075317383, loss=1.43831205368042
I0313 04:19:34.095299 140465241024256 logging_writer.py:48] [19300] global_step=19300, grad_norm=3.528006076812744, loss=1.4599134922027588
I0313 04:21:02.941372 140465249416960 logging_writer.py:48] [19400] global_step=19400, grad_norm=2.131585121154785, loss=1.4775140285491943
I0313 04:22:30.957872 140465241024256 logging_writer.py:48] [19500] global_step=19500, grad_norm=3.414375066757202, loss=1.4323368072509766
I0313 04:23:58.286039 140472497874688 logging_writer.py:48] [19600] global_step=19600, grad_norm=3.326720952987671, loss=1.4391491413116455
I0313 04:25:14.067437 140472489481984 logging_writer.py:48] [19700] global_step=19700, grad_norm=2.675719738006592, loss=1.4004331827163696
I0313 04:26:29.669562 140472497874688 logging_writer.py:48] [19800] global_step=19800, grad_norm=3.679102659225464, loss=1.4730664491653442
I0313 04:27:17.860913 140628396156736 spec.py:321] Evaluating on the training split.
I0313 04:28:11.391639 140628396156736 spec.py:333] Evaluating on the validation split.
I0313 04:29:00.792242 140628396156736 spec.py:349] Evaluating on the test split.
I0313 04:29:26.138725 140628396156736 submission_runner.py:420] Time since start: 17473.98s, 	Step: 19865, 	{'train/ctc_loss': Array(0.27147388, dtype=float32), 'train/wer': 0.09364605092678284, 'validation/ctc_loss': Array(0.5683497, dtype=float32), 'validation/wer': 0.16616623381638781, 'validation/num_examples': 5348, 'test/ctc_loss': Array(0.31974483, dtype=float32), 'test/wer': 0.10543740986736538, 'test/num_examples': 2472, 'score': 15885.442748785019, 'total_duration': 17473.980586767197, 'accumulated_submission_time': 15885.442748785019, 'accumulated_eval_time': 1587.2185769081116, 'accumulated_logging_time': 0.5276048183441162}
I0313 04:29:26.172570 140472497874688 logging_writer.py:48] [19865] accumulated_eval_time=1587.218577, accumulated_logging_time=0.527605, accumulated_submission_time=15885.442749, global_step=19865, preemption_count=0, score=15885.442749, test/ctc_loss=0.3197448253631592, test/num_examples=2472, test/wer=0.105437, total_duration=17473.980587, train/ctc_loss=0.27147388458251953, train/wer=0.093646, validation/ctc_loss=0.5683497190475464, validation/num_examples=5348, validation/wer=0.166166
I0313 04:29:53.270282 140472489481984 logging_writer.py:48] [19900] global_step=19900, grad_norm=3.4874210357666016, loss=1.3823198080062866
I0313 04:31:08.884501 140472497874688 logging_writer.py:48] [20000] global_step=20000, grad_norm=2.598789930343628, loss=1.3828678131103516
