python3 submission_runner.py --framework=jax --workload=imagenet_resnet_large_bn_init --submission_path=reference_algorithms/target_setting_algorithms/jax_momentum.py --tuning_search_space=reference_algorithms/target_setting_algorithms/imagenet_resnet_large_bn_init/tuning_search_space.json --data_dir=/data/imagenet/jax --num_tuning_trials=1 --experiment_dir=/experiment_runs --experiment_name=variants_target_setting/study_0 --overwrite=true --save_checkpoints=false --num_tuning_trials=1 --rng_seed=1692305324 --max_global_steps=186666 --imagenet_v2_data_dir=/data/imagenet/jax 2>&1 | tee -a /logs/imagenet_resnet_large_bn_init_jax_02-15-2024-09-15-29.log
/usr/local/lib/python3.8/dist-packages/tensorflow_addons/utils/tfa_eol_msg.py:23: UserWarning: 

TensorFlow Addons (TFA) has ended development and introduction of new features.
TFA has entered a minimal maintenance and release mode until a planned end of life in May 2024.
Please modify downstream libraries to take dependencies from other repositories in our TensorFlow community (e.g. Keras, Keras-CV, and Keras-NLP). 

For more information see: https://github.com/tensorflow/addons/issues/2807 

  warnings.warn(
I0215 09:15:49.829264 139970484569920 logger_utils.py:61] Removing existing experiment directory /experiment_runs/variants_target_setting/study_0/imagenet_resnet_large_bn_init_jax because --overwrite was set.
I0215 09:15:49.829870 139970484569920 logger_utils.py:76] Creating experiment directory at /experiment_runs/variants_target_setting/study_0/imagenet_resnet_large_bn_init_jax.
I0215 09:15:50.784833 139970484569920 xla_bridge.py:455] Unable to initialize backend 'rocm': NOT_FOUND: Could not find registered platform with name: "rocm". Available platform names are: Interpreter Host CUDA
I0215 09:15:50.785950 139970484569920 xla_bridge.py:455] Unable to initialize backend 'tpu': module 'jaxlib.xla_extension' has no attribute 'get_tpu_client'
I0215 09:15:50.786107 139970484569920 xla_bridge.py:455] Unable to initialize backend 'plugin': xla_extension has no attributes named get_plugin_device_client. Compile TensorFlow with //tensorflow/compiler/xla/python:enable_plugin_device set to true (defaults to false) to enable this.
I0215 09:15:50.791990 139970484569920 submission_runner.py:542] Using RNG seed 1692305324
I0215 09:15:51.874746 139970484569920 submission_runner.py:551] --- Tuning run 1/1 ---
I0215 09:15:51.874933 139970484569920 submission_runner.py:556] Creating tuning directory at /experiment_runs/variants_target_setting/study_0/imagenet_resnet_large_bn_init_jax/trial_1.
I0215 09:15:51.875102 139970484569920 logger_utils.py:92] Saving hparams to /experiment_runs/variants_target_setting/study_0/imagenet_resnet_large_bn_init_jax/trial_1/hparams.json.
I0215 09:15:52.051753 139970484569920 submission_runner.py:206] Initializing dataset.
I0215 09:15:52.067308 139970484569920 dataset_info.py:578] Load dataset info from /data/imagenet/jax/imagenet2012/5.1.0
I0215 09:15:52.083019 139970484569920 dataset_info.py:669] Fields info.[splits, supervised_keys] from disk and from code do not match. Keeping the one from code.
I0215 09:15:52.456702 139970484569920 logging_logger.py:49] Constructing tf.data.Dataset imagenet2012 for split train, from /data/imagenet/jax/imagenet2012/5.1.0
I0215 09:15:53.585121 139970484569920 submission_runner.py:213] Initializing model.
I0215 09:16:04.023197 139970484569920 submission_runner.py:255] Initializing optimizer.
I0215 09:16:05.526411 139970484569920 submission_runner.py:262] Initializing metrics bundle.
I0215 09:16:05.526603 139970484569920 submission_runner.py:280] Initializing checkpoint and logger.
I0215 09:16:05.527717 139970484569920 checkpoints.py:915] Found no checkpoint files in /experiment_runs/variants_target_setting/study_0/imagenet_resnet_large_bn_init_jax/trial_1 with prefix checkpoint_
I0215 09:16:05.527869 139970484569920 submission_runner.py:300] Saving meta data to /experiment_runs/variants_target_setting/study_0/imagenet_resnet_large_bn_init_jax/trial_1/meta_data_0.json.
fatal: detected dubious ownership in repository at '/algorithmic-efficiency'
To add an exception for this directory, call:

	git config --global --add safe.directory /algorithmic-efficiency
I0215 09:16:05.858502 139970484569920 logger_utils.py:220] Unable to record git information. Continuing without it.
I0215 09:16:06.177506 139970484569920 submission_runner.py:304] Saving flags to /experiment_runs/variants_target_setting/study_0/imagenet_resnet_large_bn_init_jax/trial_1/flags_0.json.
I0215 09:16:06.187170 139970484569920 submission_runner.py:314] Starting training loop.
I0215 09:16:49.876213 139803953706752 logging_writer.py:48] [0] global_step=0, grad_norm=111.78033447265625, loss=10.447689056396484
I0215 09:16:49.892123 139970484569920 spec.py:321] Evaluating on the training split.
I0215 09:16:50.836518 139970484569920 dataset_info.py:578] Load dataset info from /data/imagenet/jax/imagenet2012/5.1.0
I0215 09:16:50.845693 139970484569920 dataset_info.py:669] Fields info.[splits, supervised_keys] from disk and from code do not match. Keeping the one from code.
I0215 09:16:50.930351 139970484569920 logging_logger.py:49] Constructing tf.data.Dataset imagenet2012 for split train, from /data/imagenet/jax/imagenet2012/5.1.0
I0215 09:17:04.251835 139970484569920 spec.py:333] Evaluating on the validation split.
I0215 09:17:05.495365 139970484569920 dataset_info.py:578] Load dataset info from /data/imagenet/jax/imagenet2012/5.1.0
I0215 09:17:05.511019 139970484569920 dataset_info.py:669] Fields info.[splits, supervised_keys] from disk and from code do not match. Keeping the one from code.
I0215 09:17:05.567977 139970484569920 logging_logger.py:49] Constructing tf.data.Dataset imagenet2012 for split validation, from /data/imagenet/jax/imagenet2012/5.1.0
I0215 09:17:21.507752 139970484569920 spec.py:349] Evaluating on the test split.
I0215 09:17:22.285838 139970484569920 dataset_info.py:578] Load dataset info from /data/imagenet/jax/imagenet_v2/matched-frequency/3.0.0
I0215 09:17:22.293847 139970484569920 dataset_builder.py:528] Reusing dataset imagenet_v2 (/data/imagenet/jax/imagenet_v2/matched-frequency/3.0.0)
I0215 09:17:22.330811 139970484569920 logging_logger.py:49] Constructing tf.data.Dataset imagenet_v2 for split test, from /data/imagenet/jax/imagenet_v2/matched-frequency/3.0.0
I0215 09:17:26.538624 139970484569920 submission_runner.py:408] Time since start: 80.35s, 	Step: 1, 	{'train/accuracy': 0.0007971938466653228, 'train/loss': 590.2318115234375, 'validation/accuracy': 0.0009999999310821295, 'validation/loss': 596.8076782226562, 'validation/num_examples': 50000, 'test/accuracy': 0.0010000000474974513, 'test/loss': 587.8714599609375, 'test/num_examples': 10000, 'score': 43.70478010177612, 'total_duration': 80.3514039516449, 'accumulated_submission_time': 43.70478010177612, 'accumulated_eval_time': 36.646462202072144, 'accumulated_logging_time': 0}
I0215 09:17:26.557399 139785733658368 logging_writer.py:48] [1] accumulated_eval_time=36.646462, accumulated_logging_time=0, accumulated_submission_time=43.704780, global_step=1, preemption_count=0, score=43.704780, test/accuracy=0.001000, test/loss=587.871460, test/num_examples=10000, total_duration=80.351404, train/accuracy=0.000797, train/loss=590.231812, validation/accuracy=0.001000, validation/loss=596.807678, validation/num_examples=50000
I0215 09:17:26.900544 139785725265664 logging_writer.py:48] [1] global_step=1, grad_norm=114.05445098876953, loss=10.586479187011719
I0215 09:17:27.236091 139785733658368 logging_writer.py:48] [2] global_step=2, grad_norm=92.64237976074219, loss=9.763307571411133
I0215 09:17:27.577989 139785725265664 logging_writer.py:48] [3] global_step=3, grad_norm=92.25382232666016, loss=9.130448341369629
I0215 09:17:27.917794 139785733658368 logging_writer.py:48] [4] global_step=4, grad_norm=84.08551025390625, loss=8.809321403503418
I0215 09:17:28.252479 139785725265664 logging_writer.py:48] [5] global_step=5, grad_norm=82.81585693359375, loss=8.606311798095703
I0215 09:17:28.585147 139785733658368 logging_writer.py:48] [6] global_step=6, grad_norm=64.88052368164062, loss=8.638337135314941
I0215 09:17:28.916581 139785725265664 logging_writer.py:48] [7] global_step=7, grad_norm=55.83683776855469, loss=8.826155662536621
I0215 09:17:29.259396 139785733658368 logging_writer.py:48] [8] global_step=8, grad_norm=69.22832489013672, loss=9.444746971130371
I0215 09:17:29.593471 139785725265664 logging_writer.py:48] [9] global_step=9, grad_norm=72.18461608886719, loss=10.242188453674316
I0215 09:17:29.927762 139785733658368 logging_writer.py:48] [10] global_step=10, grad_norm=43.48914337158203, loss=11.106698989868164
I0215 09:17:30.262810 139785725265664 logging_writer.py:48] [11] global_step=11, grad_norm=55.79546356201172, loss=11.012836456298828
I0215 09:17:30.595088 139785733658368 logging_writer.py:48] [12] global_step=12, grad_norm=56.46809768676758, loss=12.366975784301758
I0215 09:17:30.935834 139785725265664 logging_writer.py:48] [13] global_step=13, grad_norm=53.56230926513672, loss=12.83301830291748
I0215 09:17:31.271064 139785733658368 logging_writer.py:48] [14] global_step=14, grad_norm=50.11287307739258, loss=12.132342338562012
I0215 09:17:31.603338 139785725265664 logging_writer.py:48] [15] global_step=15, grad_norm=43.162044525146484, loss=13.369282722473145
I0215 09:17:31.933854 139785733658368 logging_writer.py:48] [16] global_step=16, grad_norm=78.99871063232422, loss=18.34375762939453
I0215 09:17:32.268264 139785725265664 logging_writer.py:48] [17] global_step=17, grad_norm=52.02387619018555, loss=13.114462852478027
I0215 09:17:32.615652 139785733658368 logging_writer.py:48] [18] global_step=18, grad_norm=99.88175201416016, loss=19.888500213623047
I0215 09:17:32.956909 139785725265664 logging_writer.py:48] [19] global_step=19, grad_norm=70.77129364013672, loss=15.281916618347168
I0215 09:17:33.297634 139785733658368 logging_writer.py:48] [20] global_step=20, grad_norm=33.19501495361328, loss=14.168302536010742
I0215 09:17:33.631856 139785725265664 logging_writer.py:48] [21] global_step=21, grad_norm=109.6395034790039, loss=10.547228813171387
I0215 09:17:33.971064 139785733658368 logging_writer.py:48] [22] global_step=22, grad_norm=58.87735366821289, loss=11.77752685546875
I0215 09:17:34.306423 139785725265664 logging_writer.py:48] [23] global_step=23, grad_norm=151.45127868652344, loss=16.332473754882812
I0215 09:17:34.643497 139785733658368 logging_writer.py:48] [24] global_step=24, grad_norm=37.72553253173828, loss=21.423580169677734
I0215 09:17:34.987047 139785725265664 logging_writer.py:48] [25] global_step=25, grad_norm=39.86387252807617, loss=13.856178283691406
I0215 09:17:35.317249 139785733658368 logging_writer.py:48] [26] global_step=26, grad_norm=25.613149642944336, loss=17.61974334716797
I0215 09:17:35.649891 139785725265664 logging_writer.py:48] [27] global_step=27, grad_norm=21.751684188842773, loss=16.92376136779785
I0215 09:17:35.992157 139785733658368 logging_writer.py:48] [28] global_step=28, grad_norm=18.425251007080078, loss=14.71125602722168
I0215 09:17:36.325689 139785725265664 logging_writer.py:48] [29] global_step=29, grad_norm=28.636810302734375, loss=12.815762519836426
I0215 09:17:36.662045 139785733658368 logging_writer.py:48] [30] global_step=30, grad_norm=29.209692001342773, loss=22.434738159179688
I0215 09:17:36.997723 139785725265664 logging_writer.py:48] [31] global_step=31, grad_norm=15.566967964172363, loss=10.462368965148926
I0215 09:17:37.332624 139785733658368 logging_writer.py:48] [32] global_step=32, grad_norm=15.205240249633789, loss=14.882925033569336
I0215 09:17:37.674011 139785725265664 logging_writer.py:48] [33] global_step=33, grad_norm=12.853875160217285, loss=14.210939407348633
I0215 09:17:38.022240 139785733658368 logging_writer.py:48] [34] global_step=34, grad_norm=17.64087677001953, loss=12.174281120300293
I0215 09:17:38.361266 139785725265664 logging_writer.py:48] [35] global_step=35, grad_norm=33.47959518432617, loss=13.37547492980957
I0215 09:17:38.693673 139785733658368 logging_writer.py:48] [36] global_step=36, grad_norm=23.698875427246094, loss=14.293834686279297
I0215 09:17:39.041452 139785725265664 logging_writer.py:48] [37] global_step=37, grad_norm=23.95499038696289, loss=15.034074783325195
I0215 09:17:39.377565 139785733658368 logging_writer.py:48] [38] global_step=38, grad_norm=18.12995147705078, loss=13.942441940307617
I0215 09:17:39.710225 139785725265664 logging_writer.py:48] [39] global_step=39, grad_norm=118.64014434814453, loss=16.634784698486328
I0215 09:17:40.045146 139785733658368 logging_writer.py:48] [40] global_step=40, grad_norm=95.77565002441406, loss=13.965788841247559
I0215 09:17:40.387594 139785725265664 logging_writer.py:48] [41] global_step=41, grad_norm=65.76103210449219, loss=15.514305114746094
I0215 09:17:40.731938 139785733658368 logging_writer.py:48] [42] global_step=42, grad_norm=10.628655433654785, loss=15.412467956542969
I0215 09:17:41.065366 139785725265664 logging_writer.py:48] [43] global_step=43, grad_norm=15.058265686035156, loss=14.497321128845215
I0215 09:17:41.406166 139785733658368 logging_writer.py:48] [44] global_step=44, grad_norm=13.090845108032227, loss=13.764581680297852
I0215 09:17:41.749057 139785725265664 logging_writer.py:48] [45] global_step=45, grad_norm=11.363570213317871, loss=13.12332534790039
I0215 09:17:42.084373 139785733658368 logging_writer.py:48] [46] global_step=46, grad_norm=13.627697944641113, loss=14.818471908569336
I0215 09:17:42.421539 139785725265664 logging_writer.py:48] [47] global_step=47, grad_norm=19.210111618041992, loss=15.196807861328125
I0215 09:17:42.759674 139785733658368 logging_writer.py:48] [48] global_step=48, grad_norm=27.154388427734375, loss=13.56631088256836
I0215 09:17:43.092995 139785725265664 logging_writer.py:48] [49] global_step=49, grad_norm=10.44544506072998, loss=13.563332557678223
I0215 09:17:43.424613 139785733658368 logging_writer.py:48] [50] global_step=50, grad_norm=8.295686721801758, loss=12.835517883300781
I0215 09:17:43.757872 139785725265664 logging_writer.py:48] [51] global_step=51, grad_norm=5.845334529876709, loss=13.116640090942383
I0215 09:17:44.092882 139785733658368 logging_writer.py:48] [52] global_step=52, grad_norm=11.812294006347656, loss=11.134761810302734
I0215 09:17:44.423054 139785725265664 logging_writer.py:48] [53] global_step=53, grad_norm=7.327727794647217, loss=11.85517692565918
I0215 09:17:44.759682 139785733658368 logging_writer.py:48] [54] global_step=54, grad_norm=8.143437385559082, loss=11.788114547729492
I0215 09:17:45.100461 139785725265664 logging_writer.py:48] [55] global_step=55, grad_norm=4.109147548675537, loss=10.73827838897705
I0215 09:17:45.445760 139785733658368 logging_writer.py:48] [56] global_step=56, grad_norm=20.351022720336914, loss=11.647359848022461
I0215 09:17:45.781405 139785725265664 logging_writer.py:48] [57] global_step=57, grad_norm=4.579626560211182, loss=10.380680084228516
I0215 09:17:46.116957 139785733658368 logging_writer.py:48] [58] global_step=58, grad_norm=4.669677257537842, loss=10.365918159484863
I0215 09:17:46.448881 139785725265664 logging_writer.py:48] [59] global_step=59, grad_norm=8.171286582946777, loss=12.467348098754883
I0215 09:17:46.786779 139785733658368 logging_writer.py:48] [60] global_step=60, grad_norm=9.278663635253906, loss=11.628952980041504
I0215 09:17:47.128180 139785725265664 logging_writer.py:48] [61] global_step=61, grad_norm=6.134442329406738, loss=10.315004348754883
I0215 09:17:47.463348 139785733658368 logging_writer.py:48] [62] global_step=62, grad_norm=11.542476654052734, loss=10.53209400177002
I0215 09:17:47.799916 139785725265664 logging_writer.py:48] [63] global_step=63, grad_norm=4.26185941696167, loss=10.609073638916016
I0215 09:17:48.132324 139785733658368 logging_writer.py:48] [64] global_step=64, grad_norm=3.7976901531219482, loss=10.816017150878906
I0215 09:17:48.474803 139785725265664 logging_writer.py:48] [65] global_step=65, grad_norm=3.672945976257324, loss=8.979869842529297
I0215 09:17:48.808808 139785733658368 logging_writer.py:48] [66] global_step=66, grad_norm=3.940974712371826, loss=9.365909576416016
I0215 09:17:49.144295 139785725265664 logging_writer.py:48] [67] global_step=67, grad_norm=5.1955132484436035, loss=10.235374450683594
I0215 09:17:49.485336 139785733658368 logging_writer.py:48] [68] global_step=68, grad_norm=6.365362167358398, loss=11.071121215820312
I0215 09:17:49.818357 139785725265664 logging_writer.py:48] [69] global_step=69, grad_norm=3.3195855617523193, loss=8.856937408447266
I0215 09:17:50.151221 139785733658368 logging_writer.py:48] [70] global_step=70, grad_norm=7.179177761077881, loss=8.925145149230957
I0215 09:17:50.495747 139785725265664 logging_writer.py:48] [71] global_step=71, grad_norm=3.193195104598999, loss=8.367709159851074
I0215 09:17:50.830190 139785733658368 logging_writer.py:48] [72] global_step=72, grad_norm=2.4275832176208496, loss=8.16705322265625
I0215 09:17:51.166620 139785725265664 logging_writer.py:48] [73] global_step=73, grad_norm=2.533259391784668, loss=7.946438312530518
I0215 09:17:51.505769 139785733658368 logging_writer.py:48] [74] global_step=74, grad_norm=3.2271766662597656, loss=7.998987674713135
I0215 09:17:51.842943 139785725265664 logging_writer.py:48] [75] global_step=75, grad_norm=14.555439949035645, loss=9.318680763244629
I0215 09:17:52.171620 139785733658368 logging_writer.py:48] [76] global_step=76, grad_norm=3.5779736042022705, loss=8.489542007446289
I0215 09:17:52.504170 139785725265664 logging_writer.py:48] [77] global_step=77, grad_norm=3.479749917984009, loss=8.707609176635742
I0215 09:17:52.836479 139785733658368 logging_writer.py:48] [78] global_step=78, grad_norm=4.3386616706848145, loss=8.729843139648438
I0215 09:17:53.174322 139785725265664 logging_writer.py:48] [79] global_step=79, grad_norm=8.260109901428223, loss=8.612167358398438
I0215 09:17:53.514953 139785733658368 logging_writer.py:48] [80] global_step=80, grad_norm=3.724477767944336, loss=9.066102981567383
I0215 09:17:53.847595 139785725265664 logging_writer.py:48] [81] global_step=81, grad_norm=6.192121982574463, loss=9.966226577758789
I0215 09:17:54.182935 139785733658368 logging_writer.py:48] [82] global_step=82, grad_norm=2.626997470855713, loss=7.64320182800293
I0215 09:17:54.515487 139785725265664 logging_writer.py:48] [83] global_step=83, grad_norm=4.044679164886475, loss=8.016871452331543
I0215 09:17:54.846800 139785733658368 logging_writer.py:48] [84] global_step=84, grad_norm=2.6323702335357666, loss=9.066094398498535
I0215 09:17:55.181946 139785725265664 logging_writer.py:48] [85] global_step=85, grad_norm=3.30635929107666, loss=8.118155479431152
I0215 09:17:55.525520 139785733658368 logging_writer.py:48] [86] global_step=86, grad_norm=2.474475145339966, loss=8.625829696655273
I0215 09:17:55.859800 139785725265664 logging_writer.py:48] [87] global_step=87, grad_norm=2.7011685371398926, loss=8.122611999511719
I0215 09:17:56.197684 139785733658368 logging_writer.py:48] [88] global_step=88, grad_norm=3.4103660583496094, loss=7.74635648727417
I0215 09:17:56.528974 139785725265664 logging_writer.py:48] [89] global_step=89, grad_norm=2.728682279586792, loss=8.5693941116333
I0215 09:17:56.878979 139785733658368 logging_writer.py:48] [90] global_step=90, grad_norm=4.089672088623047, loss=8.897969245910645
I0215 09:17:57.223938 139785725265664 logging_writer.py:48] [91] global_step=91, grad_norm=1.7907658815383911, loss=7.77662467956543
I0215 09:17:57.562039 139785733658368 logging_writer.py:48] [92] global_step=92, grad_norm=4.373659610748291, loss=7.566026210784912
I0215 09:17:57.895693 139785725265664 logging_writer.py:48] [93] global_step=93, grad_norm=1.725746750831604, loss=7.70435094833374
I0215 09:17:58.229843 139785733658368 logging_writer.py:48] [94] global_step=94, grad_norm=109.48705291748047, loss=8.481704711914062
I0215 09:17:58.570441 139785725265664 logging_writer.py:48] [95] global_step=95, grad_norm=2.161630868911743, loss=7.581794738769531
I0215 09:17:58.903750 139785733658368 logging_writer.py:48] [96] global_step=96, grad_norm=3.485244035720825, loss=9.401662826538086
I0215 09:17:59.241655 139785725265664 logging_writer.py:48] [97] global_step=97, grad_norm=5.977212429046631, loss=8.523266792297363
I0215 09:17:59.587869 139785733658368 logging_writer.py:48] [98] global_step=98, grad_norm=4.356372833251953, loss=9.645608901977539
I0215 09:17:59.920835 139785725265664 logging_writer.py:48] [99] global_step=99, grad_norm=9.863054275512695, loss=9.200064659118652
I0215 09:18:00.252711 139785733658368 logging_writer.py:48] [100] global_step=100, grad_norm=9.436226844787598, loss=9.945306777954102
I0215 09:20:14.122608 139785725265664 logging_writer.py:48] [500] global_step=500, grad_norm=0.16617968678474426, loss=6.853789806365967
I0215 09:23:01.756443 139785733658368 logging_writer.py:48] [1000] global_step=1000, grad_norm=0.24898196756839752, loss=6.601654529571533
I0215 09:25:49.179963 139785725265664 logging_writer.py:48] [1500] global_step=1500, grad_norm=0.16712108254432678, loss=6.627212047576904
I0215 09:25:56.665302 139970484569920 spec.py:321] Evaluating on the training split.
I0215 09:26:03.959842 139970484569920 spec.py:333] Evaluating on the validation split.
I0215 09:26:12.054981 139970484569920 spec.py:349] Evaluating on the test split.
I0215 09:26:14.335638 139970484569920 submission_runner.py:408] Time since start: 608.15s, 	Step: 1524, 	{'train/accuracy': 0.009805484674870968, 'train/loss': 6.519259452819824, 'validation/accuracy': 0.010160000063478947, 'validation/loss': 6.551246166229248, 'validation/num_examples': 50000, 'test/accuracy': 0.00800000037997961, 'test/loss': 6.623855113983154, 'test/num_examples': 10000, 'score': 553.7564685344696, 'total_duration': 608.1484117507935, 'accumulated_submission_time': 553.7564685344696, 'accumulated_eval_time': 54.31677436828613, 'accumulated_logging_time': 0.02762579917907715}
I0215 09:26:14.352651 139785742051072 logging_writer.py:48] [1524] accumulated_eval_time=54.316774, accumulated_logging_time=0.027626, accumulated_submission_time=553.756469, global_step=1524, preemption_count=0, score=553.756469, test/accuracy=0.008000, test/loss=6.623855, test/num_examples=10000, total_duration=608.148412, train/accuracy=0.009805, train/loss=6.519259, validation/accuracy=0.010160, validation/loss=6.551246, validation/num_examples=50000
I0215 09:28:54.000541 139785750443776 logging_writer.py:48] [2000] global_step=2000, grad_norm=0.15001820027828217, loss=6.6274003982543945
I0215 09:31:41.529945 139785742051072 logging_writer.py:48] [2500] global_step=2500, grad_norm=0.19440391659736633, loss=6.346930503845215
I0215 09:34:29.058468 139785750443776 logging_writer.py:48] [3000] global_step=3000, grad_norm=0.20979037880897522, loss=6.0069146156311035
I0215 09:34:44.585831 139970484569920 spec.py:321] Evaluating on the training split.
I0215 09:34:51.806969 139970484569920 spec.py:333] Evaluating on the validation split.
I0215 09:35:00.096484 139970484569920 spec.py:349] Evaluating on the test split.
I0215 09:35:02.382465 139970484569920 submission_runner.py:408] Time since start: 1136.20s, 	Step: 3048, 	{'train/accuracy': 0.07106982916593552, 'train/loss': 5.383684158325195, 'validation/accuracy': 0.0667399987578392, 'validation/loss': 5.417434215545654, 'validation/num_examples': 50000, 'test/accuracy': 0.048500001430511475, 'test/loss': 5.687870025634766, 'test/num_examples': 10000, 'score': 1063.929992198944, 'total_duration': 1136.1952157020569, 'accumulated_submission_time': 1063.929992198944, 'accumulated_eval_time': 72.11336135864258, 'accumulated_logging_time': 0.05489993095397949}
I0215 09:35:02.404463 139807611148032 logging_writer.py:48] [3048] accumulated_eval_time=72.113361, accumulated_logging_time=0.054900, accumulated_submission_time=1063.929992, global_step=3048, preemption_count=0, score=1063.929992, test/accuracy=0.048500, test/loss=5.687870, test/num_examples=10000, total_duration=1136.195216, train/accuracy=0.071070, train/loss=5.383684, validation/accuracy=0.066740, validation/loss=5.417434, validation/num_examples=50000
I0215 09:37:34.244688 139807619540736 logging_writer.py:48] [3500] global_step=3500, grad_norm=0.2215476632118225, loss=5.68761682510376
I0215 09:40:21.706525 139807611148032 logging_writer.py:48] [4000] global_step=4000, grad_norm=0.22506383061408997, loss=5.458990097045898
I0215 09:43:09.212127 139807619540736 logging_writer.py:48] [4500] global_step=4500, grad_norm=0.23349328339099884, loss=5.1966986656188965
I0215 09:43:32.407058 139970484569920 spec.py:321] Evaluating on the training split.
I0215 09:43:39.689708 139970484569920 spec.py:333] Evaluating on the validation split.
I0215 09:43:48.135613 139970484569920 spec.py:349] Evaluating on the test split.
I0215 09:43:50.375330 139970484569920 submission_runner.py:408] Time since start: 1664.19s, 	Step: 4571, 	{'train/accuracy': 0.19214364886283875, 'train/loss': 4.239551544189453, 'validation/accuracy': 0.1824599951505661, 'validation/loss': 4.3354997634887695, 'validation/num_examples': 50000, 'test/accuracy': 0.12870000302791595, 'test/loss': 4.781617641448975, 'test/num_examples': 10000, 'score': 1573.874829530716, 'total_duration': 1664.1880810260773, 'accumulated_submission_time': 1573.874829530716, 'accumulated_eval_time': 90.0815896987915, 'accumulated_logging_time': 0.08605551719665527}
I0215 09:43:50.392458 139807695009536 logging_writer.py:48] [4571] accumulated_eval_time=90.081590, accumulated_logging_time=0.086056, accumulated_submission_time=1573.874830, global_step=4571, preemption_count=0, score=1573.874830, test/accuracy=0.128700, test/loss=4.781618, test/num_examples=10000, total_duration=1664.188081, train/accuracy=0.192144, train/loss=4.239552, validation/accuracy=0.182460, validation/loss=4.335500, validation/num_examples=50000
I0215 09:46:14.713907 139807703402240 logging_writer.py:48] [5000] global_step=5000, grad_norm=0.2661466896533966, loss=5.01703405380249
I0215 09:49:02.426527 139807695009536 logging_writer.py:48] [5500] global_step=5500, grad_norm=0.2151733636856079, loss=4.846457481384277
I0215 09:51:50.207768 139807703402240 logging_writer.py:48] [6000] global_step=6000, grad_norm=0.22853709757328033, loss=4.756847858428955
I0215 09:52:20.465095 139970484569920 spec.py:321] Evaluating on the training split.
I0215 09:52:27.634137 139970484569920 spec.py:333] Evaluating on the validation split.
I0215 09:52:35.902213 139970484569920 spec.py:349] Evaluating on the test split.
I0215 09:52:38.183410 139970484569920 submission_runner.py:408] Time since start: 2192.00s, 	Step: 6092, 	{'train/accuracy': 0.3301379084587097, 'train/loss': 3.4222092628479004, 'validation/accuracy': 0.30640000104904175, 'validation/loss': 3.514439344406128, 'validation/num_examples': 50000, 'test/accuracy': 0.23600001633167267, 'test/loss': 4.117316246032715, 'test/num_examples': 10000, 'score': 2083.8879685401917, 'total_duration': 2191.996179819107, 'accumulated_submission_time': 2083.8879685401917, 'accumulated_eval_time': 107.7998673915863, 'accumulated_logging_time': 0.11339092254638672}
I0215 09:52:38.200626 139807661438720 logging_writer.py:48] [6092] accumulated_eval_time=107.799867, accumulated_logging_time=0.113391, accumulated_submission_time=2083.887969, global_step=6092, preemption_count=0, score=2083.887969, test/accuracy=0.236000, test/loss=4.117316, test/num_examples=10000, total_duration=2191.996180, train/accuracy=0.330138, train/loss=3.422209, validation/accuracy=0.306400, validation/loss=3.514439, validation/num_examples=50000
I0215 09:54:55.300802 139807669831424 logging_writer.py:48] [6500] global_step=6500, grad_norm=0.2217567265033722, loss=4.639840126037598
I0215 09:57:43.007161 139807661438720 logging_writer.py:48] [7000] global_step=7000, grad_norm=0.23066681623458862, loss=4.461307525634766
I0215 10:00:30.644897 139807669831424 logging_writer.py:48] [7500] global_step=7500, grad_norm=0.2222604751586914, loss=4.393030166625977
I0215 10:01:08.249652 139970484569920 spec.py:321] Evaluating on the training split.
I0215 10:01:15.498394 139970484569920 spec.py:333] Evaluating on the validation split.
I0215 10:01:23.835793 139970484569920 spec.py:349] Evaluating on the test split.
I0215 10:01:26.098363 139970484569920 submission_runner.py:408] Time since start: 2719.91s, 	Step: 7614, 	{'train/accuracy': 0.37272799015045166, 'train/loss': 3.1425509452819824, 'validation/accuracy': 0.3504999876022339, 'validation/loss': 3.261110544204712, 'validation/num_examples': 50000, 'test/accuracy': 0.26740002632141113, 'test/loss': 3.8572018146514893, 'test/num_examples': 10000, 'score': 2593.8787322044373, 'total_duration': 2719.911128759384, 'accumulated_submission_time': 2593.8787322044373, 'accumulated_eval_time': 125.64854097366333, 'accumulated_logging_time': 0.139801025390625}
I0215 10:01:26.115855 139807703402240 logging_writer.py:48] [7614] accumulated_eval_time=125.648541, accumulated_logging_time=0.139801, accumulated_submission_time=2593.878732, global_step=7614, preemption_count=0, score=2593.878732, test/accuracy=0.267400, test/loss=3.857202, test/num_examples=10000, total_duration=2719.911129, train/accuracy=0.372728, train/loss=3.142551, validation/accuracy=0.350500, validation/loss=3.261111, validation/num_examples=50000
I0215 10:03:35.905480 139807711794944 logging_writer.py:48] [8000] global_step=8000, grad_norm=0.2171851247549057, loss=4.322395324707031
I0215 10:06:23.574666 139807703402240 logging_writer.py:48] [8500] global_step=8500, grad_norm=0.213669553399086, loss=4.171944618225098
I0215 10:09:11.261662 139807711794944 logging_writer.py:48] [9000] global_step=9000, grad_norm=0.2185954451560974, loss=4.174562454223633
I0215 10:09:56.267855 139970484569920 spec.py:321] Evaluating on the training split.
I0215 10:10:03.526181 139970484569920 spec.py:333] Evaluating on the validation split.
I0215 10:10:11.915271 139970484569920 spec.py:349] Evaluating on the test split.
I0215 10:10:14.185628 139970484569920 submission_runner.py:408] Time since start: 3248.00s, 	Step: 9136, 	{'train/accuracy': 0.4763631820678711, 'train/loss': 2.512876510620117, 'validation/accuracy': 0.4087199866771698, 'validation/loss': 2.858280658721924, 'validation/num_examples': 50000, 'test/accuracy': 0.3043000102043152, 'test/loss': 3.535163164138794, 'test/num_examples': 10000, 'score': 3103.9691920280457, 'total_duration': 3247.9983870983124, 'accumulated_submission_time': 3103.9691920280457, 'accumulated_eval_time': 143.56626749038696, 'accumulated_logging_time': 0.16625690460205078}
I0215 10:10:14.202906 139807678224128 logging_writer.py:48] [9136] accumulated_eval_time=143.566267, accumulated_logging_time=0.166257, accumulated_submission_time=3103.969192, global_step=9136, preemption_count=0, score=3103.969192, test/accuracy=0.304300, test/loss=3.535163, test/num_examples=10000, total_duration=3247.998387, train/accuracy=0.476363, train/loss=2.512877, validation/accuracy=0.408720, validation/loss=2.858281, validation/num_examples=50000
I0215 10:12:16.476393 139807686616832 logging_writer.py:48] [9500] global_step=9500, grad_norm=0.2097126692533493, loss=4.101297855377197
I0215 10:15:04.015275 139807678224128 logging_writer.py:48] [10000] global_step=10000, grad_norm=0.21350926160812378, loss=4.024308681488037
I0215 10:17:51.715216 139807686616832 logging_writer.py:48] [10500] global_step=10500, grad_norm=0.22535964846611023, loss=4.0602521896362305
I0215 10:18:44.462342 139970484569920 spec.py:321] Evaluating on the training split.
I0215 10:18:51.776617 139970484569920 spec.py:333] Evaluating on the validation split.
I0215 10:19:00.278314 139970484569920 spec.py:349] Evaluating on the test split.
I0215 10:19:02.535878 139970484569920 submission_runner.py:408] Time since start: 3776.35s, 	Step: 10659, 	{'train/accuracy': 0.49892377853393555, 'train/loss': 2.4701223373413086, 'validation/accuracy': 0.4554999768733978, 'validation/loss': 2.689612627029419, 'validation/num_examples': 50000, 'test/accuracy': 0.34870001673698425, 'test/loss': 3.3380837440490723, 'test/num_examples': 10000, 'score': 3614.1681060791016, 'total_duration': 3776.3486366271973, 'accumulated_submission_time': 3614.1681060791016, 'accumulated_eval_time': 161.63976645469666, 'accumulated_logging_time': 0.19428277015686035}
I0215 10:19:02.558330 139807661438720 logging_writer.py:48] [10659] accumulated_eval_time=161.639766, accumulated_logging_time=0.194283, accumulated_submission_time=3614.168106, global_step=10659, preemption_count=0, score=3614.168106, test/accuracy=0.348700, test/loss=3.338084, test/num_examples=10000, total_duration=3776.348637, train/accuracy=0.498924, train/loss=2.470122, validation/accuracy=0.455500, validation/loss=2.689613, validation/num_examples=50000
I0215 10:20:57.116379 139807669831424 logging_writer.py:48] [11000] global_step=11000, grad_norm=0.21069926023483276, loss=3.8851637840270996
I0215 10:23:44.724674 139807661438720 logging_writer.py:48] [11500] global_step=11500, grad_norm=0.21388942003250122, loss=3.996131181716919
I0215 10:26:32.359024 139807669831424 logging_writer.py:48] [12000] global_step=12000, grad_norm=0.2231837958097458, loss=3.9027929306030273
I0215 10:27:32.547962 139970484569920 spec.py:321] Evaluating on the training split.
I0215 10:27:39.922336 139970484569920 spec.py:333] Evaluating on the validation split.
I0215 10:27:48.527204 139970484569920 spec.py:349] Evaluating on the test split.
I0215 10:27:50.792058 139970484569920 submission_runner.py:408] Time since start: 4304.60s, 	Step: 12181, 	{'train/accuracy': 0.5123764276504517, 'train/loss': 2.372680902481079, 'validation/accuracy': 0.4696599841117859, 'validation/loss': 2.5708394050598145, 'validation/num_examples': 50000, 'test/accuracy': 0.3646000027656555, 'test/loss': 3.2151970863342285, 'test/num_examples': 10000, 'score': 4124.095969200134, 'total_duration': 4304.604807376862, 'accumulated_submission_time': 4124.095969200134, 'accumulated_eval_time': 179.88380932807922, 'accumulated_logging_time': 0.22716879844665527}
I0215 10:27:50.814115 139807703402240 logging_writer.py:48] [12181] accumulated_eval_time=179.883809, accumulated_logging_time=0.227169, accumulated_submission_time=4124.095969, global_step=12181, preemption_count=0, score=4124.095969, test/accuracy=0.364600, test/loss=3.215197, test/num_examples=10000, total_duration=4304.604807, train/accuracy=0.512376, train/loss=2.372681, validation/accuracy=0.469660, validation/loss=2.570839, validation/num_examples=50000
I0215 10:29:37.925714 139807711794944 logging_writer.py:48] [12500] global_step=12500, grad_norm=0.22130997478961945, loss=3.9734272956848145
I0215 10:32:25.378263 139807703402240 logging_writer.py:48] [13000] global_step=13000, grad_norm=0.21732401847839355, loss=3.9089577198028564
I0215 10:35:12.917355 139807711794944 logging_writer.py:48] [13500] global_step=13500, grad_norm=0.22495462000370026, loss=3.8959779739379883
I0215 10:36:20.804641 139970484569920 spec.py:321] Evaluating on the training split.
I0215 10:36:28.379387 139970484569920 spec.py:333] Evaluating on the validation split.
I0215 10:36:41.005016 139970484569920 spec.py:349] Evaluating on the test split.
I0215 10:36:43.110070 139970484569920 submission_runner.py:408] Time since start: 4836.92s, 	Step: 13704, 	{'train/accuracy': 0.5216039419174194, 'train/loss': 2.334874391555786, 'validation/accuracy': 0.4868199825286865, 'validation/loss': 2.5068442821502686, 'validation/num_examples': 50000, 'test/accuracy': 0.37060001492500305, 'test/loss': 3.2004566192626953, 'test/num_examples': 10000, 'score': 4634.026791334152, 'total_duration': 4836.92283821106, 'accumulated_submission_time': 4634.026791334152, 'accumulated_eval_time': 202.18920636177063, 'accumulated_logging_time': 0.2580592632293701}
I0215 10:36:43.128206 139807661438720 logging_writer.py:48] [13704] accumulated_eval_time=202.189206, accumulated_logging_time=0.258059, accumulated_submission_time=4634.026791, global_step=13704, preemption_count=0, score=4634.026791, test/accuracy=0.370600, test/loss=3.200457, test/num_examples=10000, total_duration=4836.922838, train/accuracy=0.521604, train/loss=2.334874, validation/accuracy=0.486820, validation/loss=2.506844, validation/num_examples=50000
I0215 10:38:22.576124 139807669831424 logging_writer.py:48] [14000] global_step=14000, grad_norm=0.22420059144496918, loss=3.882298231124878
I0215 10:41:10.131328 139807661438720 logging_writer.py:48] [14500] global_step=14500, grad_norm=0.22652393579483032, loss=3.8279237747192383
I0215 10:43:57.770385 139807669831424 logging_writer.py:48] [15000] global_step=15000, grad_norm=0.22531624138355255, loss=3.8622000217437744
I0215 10:45:13.324867 139970484569920 spec.py:321] Evaluating on the training split.
I0215 10:45:21.437386 139970484569920 spec.py:333] Evaluating on the validation split.
I0215 10:45:35.452226 139970484569920 spec.py:349] Evaluating on the test split.
I0215 10:45:37.575704 139970484569920 submission_runner.py:408] Time since start: 5371.39s, 	Step: 15227, 	{'train/accuracy': 0.5216039419174194, 'train/loss': 2.3197691440582275, 'validation/accuracy': 0.48603999614715576, 'validation/loss': 2.4832115173339844, 'validation/num_examples': 50000, 'test/accuracy': 0.3760000169277191, 'test/loss': 3.140584945678711, 'test/num_examples': 10000, 'score': 5144.163766860962, 'total_duration': 5371.388475894928, 'accumulated_submission_time': 5144.163766860962, 'accumulated_eval_time': 226.44001698493958, 'accumulated_logging_time': 0.2855396270751953}
I0215 10:45:37.602833 139807669831424 logging_writer.py:48] [15227] accumulated_eval_time=226.440017, accumulated_logging_time=0.285540, accumulated_submission_time=5144.163767, global_step=15227, preemption_count=0, score=5144.163767, test/accuracy=0.376000, test/loss=3.140585, test/num_examples=10000, total_duration=5371.388476, train/accuracy=0.521604, train/loss=2.319769, validation/accuracy=0.486040, validation/loss=2.483212, validation/num_examples=50000
I0215 10:47:09.447110 139807686616832 logging_writer.py:48] [15500] global_step=15500, grad_norm=0.2245703637599945, loss=3.7172350883483887
I0215 10:49:57.156915 139807669831424 logging_writer.py:48] [16000] global_step=16000, grad_norm=0.23318538069725037, loss=3.8578479290008545
I0215 10:52:44.691881 139807686616832 logging_writer.py:48] [16500] global_step=16500, grad_norm=0.23974503576755524, loss=3.876976251602173
I0215 10:54:07.871922 139970484569920 spec.py:321] Evaluating on the training split.
I0215 10:54:15.533121 139970484569920 spec.py:333] Evaluating on the validation split.
I0215 10:54:29.159939 139970484569920 spec.py:349] Evaluating on the test split.
I0215 10:54:31.275852 139970484569920 submission_runner.py:408] Time since start: 5905.09s, 	Step: 16750, 	{'train/accuracy': 0.5450813174247742, 'train/loss': 2.1684956550598145, 'validation/accuracy': 0.5137400031089783, 'validation/loss': 2.3319098949432373, 'validation/num_examples': 50000, 'test/accuracy': 0.3976000249385834, 'test/loss': 2.9867873191833496, 'test/num_examples': 10000, 'score': 5654.372869491577, 'total_duration': 5905.088617563248, 'accumulated_submission_time': 5654.372869491577, 'accumulated_eval_time': 249.84391474723816, 'accumulated_logging_time': 0.32094502449035645}
I0215 10:54:31.301839 139807653046016 logging_writer.py:48] [16750] accumulated_eval_time=249.843915, accumulated_logging_time=0.320945, accumulated_submission_time=5654.372869, global_step=16750, preemption_count=0, score=5654.372869, test/accuracy=0.397600, test/loss=2.986787, test/num_examples=10000, total_duration=5905.088618, train/accuracy=0.545081, train/loss=2.168496, validation/accuracy=0.513740, validation/loss=2.331910, validation/num_examples=50000
I0215 10:55:55.414180 139807661438720 logging_writer.py:48] [17000] global_step=17000, grad_norm=0.22741559147834778, loss=3.7514328956604004
I0215 10:58:43.033246 139807653046016 logging_writer.py:48] [17500] global_step=17500, grad_norm=0.22458313405513763, loss=3.775726795196533
I0215 11:01:30.537637 139807661438720 logging_writer.py:48] [18000] global_step=18000, grad_norm=0.23361225426197052, loss=3.8084919452667236
I0215 11:03:01.563645 139970484569920 spec.py:321] Evaluating on the training split.
I0215 11:03:09.761462 139970484569920 spec.py:333] Evaluating on the validation split.
I0215 11:03:23.657438 139970484569920 spec.py:349] Evaluating on the test split.
I0215 11:03:25.768741 139970484569920 submission_runner.py:408] Time since start: 6439.58s, 	Step: 18273, 	{'train/accuracy': 0.5945870280265808, 'train/loss': 2.0021681785583496, 'validation/accuracy': 0.5326600074768066, 'validation/loss': 2.2867698669433594, 'validation/num_examples': 50000, 'test/accuracy': 0.41120001673698425, 'test/loss': 2.9663474559783936, 'test/num_examples': 10000, 'score': 6164.574551582336, 'total_duration': 6439.581478834152, 'accumulated_submission_time': 6164.574551582336, 'accumulated_eval_time': 274.04896569252014, 'accumulated_logging_time': 0.35637998580932617}
I0215 11:03:25.791497 139807686616832 logging_writer.py:48] [18273] accumulated_eval_time=274.048966, accumulated_logging_time=0.356380, accumulated_submission_time=6164.574552, global_step=18273, preemption_count=0, score=6164.574552, test/accuracy=0.411200, test/loss=2.966347, test/num_examples=10000, total_duration=6439.581479, train/accuracy=0.594587, train/loss=2.002168, validation/accuracy=0.532660, validation/loss=2.286770, validation/num_examples=50000
I0215 11:04:42.052855 139807695009536 logging_writer.py:48] [18500] global_step=18500, grad_norm=0.22908025979995728, loss=3.686260461807251
I0215 11:07:29.569055 139807686616832 logging_writer.py:48] [19000] global_step=19000, grad_norm=0.24344903230667114, loss=3.7669122219085693
I0215 11:10:17.183837 139807695009536 logging_writer.py:48] [19500] global_step=19500, grad_norm=0.2270178198814392, loss=3.699869394302368
I0215 11:11:56.026458 139970484569920 spec.py:321] Evaluating on the training split.
I0215 11:12:03.657812 139970484569920 spec.py:333] Evaluating on the validation split.
I0215 11:12:18.043841 139970484569920 spec.py:349] Evaluating on the test split.
I0215 11:12:20.260862 139970484569920 submission_runner.py:408] Time since start: 6974.07s, 	Step: 19797, 	{'train/accuracy': 0.5412148833274841, 'train/loss': 2.2569923400878906, 'validation/accuracy': 0.4917199909687042, 'validation/loss': 2.4967575073242188, 'validation/num_examples': 50000, 'test/accuracy': 0.3806000053882599, 'test/loss': 3.1496195793151855, 'test/num_examples': 10000, 'score': 6674.7448387146, 'total_duration': 6974.072465419769, 'accumulated_submission_time': 6674.7448387146, 'accumulated_eval_time': 298.28218626976013, 'accumulated_logging_time': 0.38889336585998535}
I0215 11:12:20.279462 139807669831424 logging_writer.py:48] [19797] accumulated_eval_time=298.282186, accumulated_logging_time=0.388893, accumulated_submission_time=6674.744839, global_step=19797, preemption_count=0, score=6674.744839, test/accuracy=0.380600, test/loss=3.149620, test/num_examples=10000, total_duration=6974.072465, train/accuracy=0.541215, train/loss=2.256992, validation/accuracy=0.491720, validation/loss=2.496758, validation/num_examples=50000
I0215 11:13:28.514094 139807678224128 logging_writer.py:48] [20000] global_step=20000, grad_norm=0.24244628846645355, loss=3.721954584121704
I0215 11:16:16.060589 139807669831424 logging_writer.py:48] [20500] global_step=20500, grad_norm=0.24128879606723785, loss=3.7812976837158203
I0215 11:19:03.680936 139807678224128 logging_writer.py:48] [21000] global_step=21000, grad_norm=0.23768609762191772, loss=3.757878303527832
I0215 11:20:50.287475 139970484569920 spec.py:321] Evaluating on the training split.
I0215 11:20:57.824495 139970484569920 spec.py:333] Evaluating on the validation split.
I0215 11:21:11.491471 139970484569920 spec.py:349] Evaluating on the test split.
I0215 11:21:13.653890 139970484569920 submission_runner.py:408] Time since start: 7507.47s, 	Step: 21320, 	{'train/accuracy': 0.5771085619926453, 'train/loss': 2.0007622241973877, 'validation/accuracy': 0.5321399569511414, 'validation/loss': 2.222144603729248, 'validation/num_examples': 50000, 'test/accuracy': 0.4082000255584717, 'test/loss': 2.923381805419922, 'test/num_examples': 10000, 'score': 7184.691862821579, 'total_duration': 7507.466633558273, 'accumulated_submission_time': 7184.691862821579, 'accumulated_eval_time': 321.64855337142944, 'accumulated_logging_time': 0.41835951805114746}
I0215 11:21:13.672798 139807661438720 logging_writer.py:48] [21320] accumulated_eval_time=321.648553, accumulated_logging_time=0.418360, accumulated_submission_time=7184.691863, global_step=21320, preemption_count=0, score=7184.691863, test/accuracy=0.408200, test/loss=2.923382, test/num_examples=10000, total_duration=7507.466634, train/accuracy=0.577109, train/loss=2.000762, validation/accuracy=0.532140, validation/loss=2.222145, validation/num_examples=50000
I0215 11:22:14.240690 139807686616832 logging_writer.py:48] [21500] global_step=21500, grad_norm=0.239913210272789, loss=3.690246105194092
I0215 11:25:01.793482 139807661438720 logging_writer.py:48] [22000] global_step=22000, grad_norm=0.23421254754066467, loss=3.583004951477051
I0215 11:27:49.276147 139807686616832 logging_writer.py:48] [22500] global_step=22500, grad_norm=0.23934030532836914, loss=3.649806022644043
I0215 11:29:43.776757 139970484569920 spec.py:321] Evaluating on the training split.
I0215 11:29:51.462925 139970484569920 spec.py:333] Evaluating on the validation split.
I0215 11:30:05.370180 139970484569920 spec.py:349] Evaluating on the test split.
I0215 11:30:07.544353 139970484569920 submission_runner.py:408] Time since start: 8041.36s, 	Step: 22843, 	{'train/accuracy': 0.5935506820678711, 'train/loss': 1.934483289718628, 'validation/accuracy': 0.5549799799919128, 'validation/loss': 2.129647970199585, 'validation/num_examples': 50000, 'test/accuracy': 0.4279000163078308, 'test/loss': 2.785773277282715, 'test/num_examples': 10000, 'score': 7694.737969875336, 'total_duration': 8041.35707783699, 'accumulated_submission_time': 7694.737969875336, 'accumulated_eval_time': 345.41608119010925, 'accumulated_logging_time': 0.4467165470123291}
I0215 11:30:07.565883 139807653046016 logging_writer.py:48] [22843] accumulated_eval_time=345.416081, accumulated_logging_time=0.446717, accumulated_submission_time=7694.737970, global_step=22843, preemption_count=0, score=7694.737970, test/accuracy=0.427900, test/loss=2.785773, test/num_examples=10000, total_duration=8041.357078, train/accuracy=0.593551, train/loss=1.934483, validation/accuracy=0.554980, validation/loss=2.129648, validation/num_examples=50000
I0215 11:31:00.453181 139807661438720 logging_writer.py:48] [23000] global_step=23000, grad_norm=0.23335154354572296, loss=3.7040696144104004
I0215 11:33:48.044952 139807653046016 logging_writer.py:48] [23500] global_step=23500, grad_norm=0.24988727271556854, loss=3.6089704036712646
I0215 11:36:35.807908 139807661438720 logging_writer.py:48] [24000] global_step=24000, grad_norm=0.24342364072799683, loss=3.682671546936035
I0215 11:38:37.592143 139970484569920 spec.py:321] Evaluating on the training split.
I0215 11:38:45.440486 139970484569920 spec.py:333] Evaluating on the validation split.
I0215 11:38:59.505127 139970484569920 spec.py:349] Evaluating on the test split.
I0215 11:39:01.635847 139970484569920 submission_runner.py:408] Time since start: 8575.45s, 	Step: 24365, 	{'train/accuracy': 0.5981743931770325, 'train/loss': 1.9284611940383911, 'validation/accuracy': 0.553659975528717, 'validation/loss': 2.1154723167419434, 'validation/num_examples': 50000, 'test/accuracy': 0.42990002036094666, 'test/loss': 2.796659231185913, 'test/num_examples': 10000, 'score': 8204.703876972198, 'total_duration': 8575.448627948761, 'accumulated_submission_time': 8204.703876972198, 'accumulated_eval_time': 369.45977759361267, 'accumulated_logging_time': 0.4787428379058838}
I0215 11:39:01.653367 139807678224128 logging_writer.py:48] [24365] accumulated_eval_time=369.459778, accumulated_logging_time=0.478743, accumulated_submission_time=8204.703877, global_step=24365, preemption_count=0, score=8204.703877, test/accuracy=0.429900, test/loss=2.796659, test/num_examples=10000, total_duration=8575.448628, train/accuracy=0.598174, train/loss=1.928461, validation/accuracy=0.553660, validation/loss=2.115472, validation/num_examples=50000
I0215 11:39:47.122035 139807686616832 logging_writer.py:48] [24500] global_step=24500, grad_norm=0.24716518819332123, loss=3.634408473968506
I0215 11:42:34.536344 139807678224128 logging_writer.py:48] [25000] global_step=25000, grad_norm=0.2434902936220169, loss=3.642235517501831
I0215 11:45:22.185464 139807686616832 logging_writer.py:48] [25500] global_step=25500, grad_norm=0.24088509380817413, loss=3.6054556369781494
I0215 11:47:31.842802 139970484569920 spec.py:321] Evaluating on the training split.
I0215 11:47:39.646986 139970484569920 spec.py:333] Evaluating on the validation split.
I0215 11:47:53.342298 139970484569920 spec.py:349] Evaluating on the test split.
I0215 11:47:55.475758 139970484569920 submission_runner.py:408] Time since start: 9109.29s, 	Step: 25889, 	{'train/accuracy': 0.6305803656578064, 'train/loss': 1.8610056638717651, 'validation/accuracy': 0.5537199974060059, 'validation/loss': 2.2009079456329346, 'validation/num_examples': 50000, 'test/accuracy': 0.4328000247478485, 'test/loss': 2.8634281158447266, 'test/num_examples': 10000, 'score': 8714.832880973816, 'total_duration': 9109.288538694382, 'accumulated_submission_time': 8714.832880973816, 'accumulated_eval_time': 393.09272933006287, 'accumulated_logging_time': 0.5058033466339111}
