python3 submission_runner.py --framework=jax --workload=imagenet_resnet_large_bn_init --submission_path=reference_algorithms/target_setting_algorithms/jax_momentum.py --data_dir=/data/imagenet/jax --num_tuning_trials=1 --experiment_dir=/experiment_runs --experiment_name=variants_target_setting/study_0 --overwrite=true --save_checkpoints=false --rng_seed=2511472366 --max_global_steps=186666 --imagenet_v2_data_dir=/data/imagenet/jax --tuning_ruleset=external --tuning_search_space=reference_algorithms/target_setting_algorithms/imagenet_resnet_large_bn_init/tuning_search_space.json --num_tuning_trials=1 2>&1 | tee -a /logs/imagenet_resnet_large_bn_init_jax_03-15-2024-12-02-55.log
/usr/local/lib/python3.8/dist-packages/tensorflow_addons/utils/tfa_eol_msg.py:23: UserWarning: 

TensorFlow Addons (TFA) has ended development and introduction of new features.
TFA has entered a minimal maintenance and release mode until a planned end of life in May 2024.
Please modify downstream libraries to take dependencies from other repositories in our TensorFlow community (e.g. Keras, Keras-CV, and Keras-NLP). 

For more information see: https://github.com/tensorflow/addons/issues/2807 

  warnings.warn(
I0315 12:03:17.390809 140219736737600 logger_utils.py:61] Removing existing experiment directory /experiment_runs/variants_target_setting/study_0/imagenet_resnet_large_bn_init_jax because --overwrite was set.
I0315 12:03:17.400762 140219736737600 logger_utils.py:76] Creating experiment directory at /experiment_runs/variants_target_setting/study_0/imagenet_resnet_large_bn_init_jax.
I0315 12:03:18.486286 140219736737600 xla_bridge.py:455] Unable to initialize backend 'rocm': NOT_FOUND: Could not find registered platform with name: "rocm". Available platform names are: CUDA Host Interpreter
I0315 12:03:18.487922 140219736737600 xla_bridge.py:455] Unable to initialize backend 'tpu': module 'jaxlib.xla_extension' has no attribute 'get_tpu_client'
I0315 12:03:18.488139 140219736737600 xla_bridge.py:455] Unable to initialize backend 'plugin': xla_extension has no attributes named get_plugin_device_client. Compile TensorFlow with //tensorflow/compiler/xla/python:enable_plugin_device set to true (defaults to false) to enable this.
I0315 12:03:18.495402 140219736737600 submission_runner.py:554] Using RNG seed 2511472366
I0315 12:03:19.625845 140219736737600 submission_runner.py:563] --- Tuning run 1/1 ---
I0315 12:03:19.626086 140219736737600 submission_runner.py:568] Creating tuning directory at /experiment_runs/variants_target_setting/study_0/imagenet_resnet_large_bn_init_jax/trial_1.
I0315 12:03:19.626317 140219736737600 logger_utils.py:92] Saving hparams to /experiment_runs/variants_target_setting/study_0/imagenet_resnet_large_bn_init_jax/trial_1/hparams.json.
I0315 12:03:19.814865 140219736737600 submission_runner.py:209] Initializing dataset.
I0315 12:03:19.832631 140219736737600 dataset_info.py:578] Load dataset info from /data/imagenet/jax/imagenet2012/5.1.0
I0315 12:03:19.843896 140219736737600 dataset_info.py:669] Fields info.[splits, supervised_keys] from disk and from code do not match. Keeping the one from code.
I0315 12:03:20.253274 140219736737600 logging_logger.py:49] Constructing tf.data.Dataset imagenet2012 for split train, from /data/imagenet/jax/imagenet2012/5.1.0
I0315 12:03:21.520813 140219736737600 submission_runner.py:220] Initializing model.
I0315 12:03:32.978362 140219736737600 submission_runner.py:262] Initializing optimizer.
I0315 12:03:34.565910 140219736737600 submission_runner.py:269] Initializing metrics bundle.
I0315 12:03:34.566173 140219736737600 submission_runner.py:287] Initializing checkpoint and logger.
I0315 12:03:34.567790 140219736737600 checkpoints.py:915] Found no checkpoint files in /experiment_runs/variants_target_setting/study_0/imagenet_resnet_large_bn_init_jax/trial_1 with prefix checkpoint_
I0315 12:03:34.567978 140219736737600 submission_runner.py:307] Saving meta data to /experiment_runs/variants_target_setting/study_0/imagenet_resnet_large_bn_init_jax/trial_1/meta_data_0.json.
fatal: detected dubious ownership in repository at '/algorithmic-efficiency'
To add an exception for this directory, call:

	git config --global --add safe.directory /algorithmic-efficiency
I0315 12:03:34.903231 140219736737600 logger_utils.py:220] Unable to record git information. Continuing without it.
I0315 12:03:35.227361 140219736737600 submission_runner.py:311] Saving flags to /experiment_runs/variants_target_setting/study_0/imagenet_resnet_large_bn_init_jax/trial_1/flags_0.json.
I0315 12:03:35.237580 140219736737600 submission_runner.py:321] Starting training loop.
I0315 12:04:22.522588 140056153007872 logging_writer.py:48] [0] global_step=0, grad_norm=110.12958526611328, loss=10.539152145385742
I0315 12:04:22.540508 140219736737600 spec.py:321] Evaluating on the training split.
I0315 12:04:23.550409 140219736737600 dataset_info.py:578] Load dataset info from /data/imagenet/jax/imagenet2012/5.1.0
I0315 12:04:23.560553 140219736737600 dataset_info.py:669] Fields info.[splits, supervised_keys] from disk and from code do not match. Keeping the one from code.
I0315 12:04:23.651898 140219736737600 logging_logger.py:49] Constructing tf.data.Dataset imagenet2012 for split train, from /data/imagenet/jax/imagenet2012/5.1.0
I0315 12:04:36.989386 140219736737600 spec.py:333] Evaluating on the validation split.
I0315 12:04:38.387104 140219736737600 dataset_info.py:578] Load dataset info from /data/imagenet/jax/imagenet2012/5.1.0
I0315 12:04:38.408387 140219736737600 dataset_info.py:669] Fields info.[splits, supervised_keys] from disk and from code do not match. Keeping the one from code.
I0315 12:04:38.471377 140219736737600 logging_logger.py:49] Constructing tf.data.Dataset imagenet2012 for split validation, from /data/imagenet/jax/imagenet2012/5.1.0
I0315 12:04:54.443399 140219736737600 spec.py:349] Evaluating on the test split.
I0315 12:04:55.229847 140219736737600 dataset_info.py:578] Load dataset info from /data/imagenet/jax/imagenet_v2/matched-frequency/3.0.0
I0315 12:04:55.234920 140219736737600 dataset_builder.py:528] Reusing dataset imagenet_v2 (/data/imagenet/jax/imagenet_v2/matched-frequency/3.0.0)
I0315 12:04:55.273695 140219736737600 logging_logger.py:49] Constructing tf.data.Dataset imagenet_v2 for split test, from /data/imagenet/jax/imagenet_v2/matched-frequency/3.0.0
I0315 12:04:59.328634 140219736737600 submission_runner.py:420] Time since start: 84.09s, 	Step: 1, 	{'train/accuracy': 0.0009566326625645161, 'train/loss': 681.6714477539062, 'validation/accuracy': 0.0009999999310821295, 'validation/loss': 691.8001708984375, 'validation/num_examples': 50000, 'test/accuracy': 0.0010000000474974513, 'test/loss': 681.23779296875, 'test/num_examples': 10000, 'score': 47.302772998809814, 'total_duration': 84.09100985527039, 'accumulated_submission_time': 47.302772998809814, 'accumulated_eval_time': 36.78810667991638, 'accumulated_logging_time': 0}
I0315 12:04:59.345942 140034044847872 logging_writer.py:48] [1] accumulated_eval_time=36.788107, accumulated_logging_time=0, accumulated_submission_time=47.302773, global_step=1, preemption_count=0, score=47.302773, test/accuracy=0.001000, test/loss=681.237793, test/num_examples=10000, total_duration=84.091010, train/accuracy=0.000957, train/loss=681.671448, validation/accuracy=0.001000, validation/loss=691.800171, validation/num_examples=50000
I0315 12:04:59.690367 140034036455168 logging_writer.py:48] [1] global_step=1, grad_norm=109.14598846435547, loss=10.500322341918945
I0315 12:05:00.031319 140034044847872 logging_writer.py:48] [2] global_step=2, grad_norm=106.09832763671875, loss=9.68880844116211
I0315 12:05:00.378532 140034036455168 logging_writer.py:48] [3] global_step=3, grad_norm=98.64964294433594, loss=9.099207878112793
I0315 12:05:00.717729 140034044847872 logging_writer.py:48] [4] global_step=4, grad_norm=87.7542724609375, loss=8.648146629333496
I0315 12:05:01.055947 140034036455168 logging_writer.py:48] [5] global_step=5, grad_norm=79.14735412597656, loss=8.725980758666992
I0315 12:05:01.393926 140034044847872 logging_writer.py:48] [6] global_step=6, grad_norm=84.28401184082031, loss=8.915140151977539
I0315 12:05:01.731438 140034036455168 logging_writer.py:48] [7] global_step=7, grad_norm=86.15602111816406, loss=9.809996604919434
I0315 12:05:02.067526 140034044847872 logging_writer.py:48] [8] global_step=8, grad_norm=54.924781799316406, loss=10.81582260131836
I0315 12:05:02.404326 140034036455168 logging_writer.py:48] [9] global_step=9, grad_norm=58.62532043457031, loss=11.342966079711914
I0315 12:05:02.741715 140034044847872 logging_writer.py:48] [10] global_step=10, grad_norm=46.203102111816406, loss=11.096624374389648
I0315 12:05:03.080032 140034036455168 logging_writer.py:48] [11] global_step=11, grad_norm=46.36651611328125, loss=11.114083290100098
I0315 12:05:03.419092 140034044847872 logging_writer.py:48] [12] global_step=12, grad_norm=58.43056869506836, loss=11.146648406982422
I0315 12:05:03.757677 140034036455168 logging_writer.py:48] [13] global_step=13, grad_norm=46.928470611572266, loss=11.633235931396484
I0315 12:05:04.096088 140034044847872 logging_writer.py:48] [14] global_step=14, grad_norm=49.35122299194336, loss=11.86830997467041
I0315 12:05:04.432774 140034036455168 logging_writer.py:48] [15] global_step=15, grad_norm=37.932926177978516, loss=12.141894340515137
I0315 12:05:04.770970 140034044847872 logging_writer.py:48] [16] global_step=16, grad_norm=37.06816864013672, loss=14.519274711608887
I0315 12:05:05.115408 140034036455168 logging_writer.py:48] [17] global_step=17, grad_norm=50.03487014770508, loss=12.113905906677246
I0315 12:05:05.453115 140034044847872 logging_writer.py:48] [18] global_step=18, grad_norm=24.38686752319336, loss=11.81525707244873
I0315 12:05:05.791330 140034036455168 logging_writer.py:48] [19] global_step=19, grad_norm=52.744441986083984, loss=14.146544456481934
I0315 12:05:06.132490 140034044847872 logging_writer.py:48] [20] global_step=20, grad_norm=137.15402221679688, loss=17.06582260131836
I0315 12:05:06.468347 140034036455168 logging_writer.py:48] [21] global_step=21, grad_norm=120.84618377685547, loss=13.397282600402832
I0315 12:05:06.814448 140034044847872 logging_writer.py:48] [22] global_step=22, grad_norm=35.256587982177734, loss=14.542657852172852
I0315 12:05:07.155519 140034036455168 logging_writer.py:48] [23] global_step=23, grad_norm=267.1908874511719, loss=14.82182502746582
I0315 12:05:07.496866 140034044847872 logging_writer.py:48] [24] global_step=24, grad_norm=34.476806640625, loss=15.624079704284668
I0315 12:05:07.835118 140034036455168 logging_writer.py:48] [25] global_step=25, grad_norm=28.071670532226562, loss=18.112836837768555
I0315 12:05:08.174762 140034044847872 logging_writer.py:48] [26] global_step=26, grad_norm=30.933679580688477, loss=14.651890754699707
I0315 12:05:08.510863 140034036455168 logging_writer.py:48] [27] global_step=27, grad_norm=28.293333053588867, loss=12.851248741149902
I0315 12:05:08.845539 140034044847872 logging_writer.py:48] [28] global_step=28, grad_norm=21.20677375793457, loss=12.862667083740234
I0315 12:05:09.183304 140034036455168 logging_writer.py:48] [29] global_step=29, grad_norm=32.242408752441406, loss=12.82274055480957
I0315 12:05:09.520155 140034044847872 logging_writer.py:48] [30] global_step=30, grad_norm=40.84721374511719, loss=13.706700325012207
I0315 12:05:09.857470 140034036455168 logging_writer.py:48] [31] global_step=31, grad_norm=67.43601989746094, loss=13.915628433227539
I0315 12:05:10.201544 140034044847872 logging_writer.py:48] [32] global_step=32, grad_norm=33.63737106323242, loss=14.731132507324219
I0315 12:05:10.541099 140034036455168 logging_writer.py:48] [33] global_step=33, grad_norm=20.789371490478516, loss=12.875202178955078
I0315 12:05:10.877514 140034044847872 logging_writer.py:48] [34] global_step=34, grad_norm=19.914695739746094, loss=16.693897247314453
I0315 12:05:11.215525 140034036455168 logging_writer.py:48] [35] global_step=35, grad_norm=16.192461013793945, loss=13.260231971740723
I0315 12:05:11.552358 140034044847872 logging_writer.py:48] [36] global_step=36, grad_norm=13.60159683227539, loss=12.810141563415527
I0315 12:05:11.885739 140034036455168 logging_writer.py:48] [37] global_step=37, grad_norm=22.35137176513672, loss=14.753697395324707
I0315 12:05:12.224066 140034044847872 logging_writer.py:48] [38] global_step=38, grad_norm=16.344411849975586, loss=11.095258712768555
I0315 12:05:12.561234 140034036455168 logging_writer.py:48] [39] global_step=39, grad_norm=20.02068519592285, loss=11.079163551330566
I0315 12:05:12.903390 140034044847872 logging_writer.py:48] [40] global_step=40, grad_norm=17.59893035888672, loss=11.295836448669434
I0315 12:05:13.238153 140034036455168 logging_writer.py:48] [41] global_step=41, grad_norm=11.16663646697998, loss=13.764284133911133
I0315 12:05:13.576217 140034044847872 logging_writer.py:48] [42] global_step=42, grad_norm=10.253331184387207, loss=11.109880447387695
I0315 12:05:13.912853 140034036455168 logging_writer.py:48] [43] global_step=43, grad_norm=6.947107315063477, loss=11.37785816192627
I0315 12:05:14.254937 140034044847872 logging_writer.py:48] [44] global_step=44, grad_norm=9.636163711547852, loss=12.843873023986816
I0315 12:05:14.592051 140034036455168 logging_writer.py:48] [45] global_step=45, grad_norm=7.7955780029296875, loss=10.874824523925781
I0315 12:05:14.928812 140034044847872 logging_writer.py:48] [46] global_step=46, grad_norm=9.097387313842773, loss=9.895076751708984
I0315 12:05:15.266664 140034036455168 logging_writer.py:48] [47] global_step=47, grad_norm=7.520582675933838, loss=10.902931213378906
I0315 12:05:15.606058 140034044847872 logging_writer.py:48] [48] global_step=48, grad_norm=18.262615203857422, loss=12.171943664550781
I0315 12:05:15.944355 140034036455168 logging_writer.py:48] [49] global_step=49, grad_norm=9.287121772766113, loss=10.724518775939941
I0315 12:05:16.282277 140034044847872 logging_writer.py:48] [50] global_step=50, grad_norm=36.39653778076172, loss=11.93966007232666
I0315 12:05:16.620802 140034036455168 logging_writer.py:48] [51] global_step=51, grad_norm=9.160849571228027, loss=12.964371681213379
I0315 12:05:16.955419 140034044847872 logging_writer.py:48] [52] global_step=52, grad_norm=13.697916030883789, loss=13.507074356079102
I0315 12:05:17.301815 140034036455168 logging_writer.py:48] [53] global_step=53, grad_norm=17.393552780151367, loss=14.979143142700195
I0315 12:05:17.643753 140034044847872 logging_writer.py:48] [54] global_step=54, grad_norm=43.104190826416016, loss=16.63349151611328
I0315 12:05:17.981471 140034036455168 logging_writer.py:48] [55] global_step=55, grad_norm=10.7920560836792, loss=11.939886093139648
I0315 12:05:18.321492 140034044847872 logging_writer.py:48] [56] global_step=56, grad_norm=20.662277221679688, loss=16.413360595703125
I0315 12:05:18.660744 140034036455168 logging_writer.py:48] [57] global_step=57, grad_norm=13.244574546813965, loss=14.344196319580078
I0315 12:05:18.997795 140034044847872 logging_writer.py:48] [58] global_step=58, grad_norm=6.325756072998047, loss=12.757261276245117
I0315 12:05:19.336388 140034036455168 logging_writer.py:48] [59] global_step=59, grad_norm=15.575645446777344, loss=12.448738098144531
I0315 12:05:19.671672 140034044847872 logging_writer.py:48] [60] global_step=60, grad_norm=9.59711742401123, loss=12.620474815368652
I0315 12:05:20.006019 140034036455168 logging_writer.py:48] [61] global_step=61, grad_norm=142.58804321289062, loss=15.695125579833984
I0315 12:05:20.342806 140034044847872 logging_writer.py:48] [62] global_step=62, grad_norm=12.879083633422852, loss=13.440568923950195
I0315 12:05:20.677399 140034036455168 logging_writer.py:48] [63] global_step=63, grad_norm=12.24068832397461, loss=13.57370662689209
I0315 12:05:21.015444 140034044847872 logging_writer.py:48] [64] global_step=64, grad_norm=13.962638854980469, loss=15.87292194366455
I0315 12:05:21.353326 140034036455168 logging_writer.py:48] [65] global_step=65, grad_norm=11.116621017456055, loss=12.725030899047852
I0315 12:05:21.693210 140034044847872 logging_writer.py:48] [66] global_step=66, grad_norm=10.740110397338867, loss=11.45545482635498
I0315 12:05:22.030279 140034036455168 logging_writer.py:48] [67] global_step=67, grad_norm=7.146587371826172, loss=11.980447769165039
I0315 12:05:22.369024 140034044847872 logging_writer.py:48] [68] global_step=68, grad_norm=10.503283500671387, loss=14.732037544250488
I0315 12:05:22.711776 140034036455168 logging_writer.py:48] [69] global_step=69, grad_norm=10.637333869934082, loss=11.011001586914062
I0315 12:05:23.048524 140034044847872 logging_writer.py:48] [70] global_step=70, grad_norm=7.483164310455322, loss=9.63176155090332
I0315 12:05:23.393460 140034036455168 logging_writer.py:48] [71] global_step=71, grad_norm=5.9607038497924805, loss=10.175662994384766
I0315 12:05:23.730982 140034044847872 logging_writer.py:48] [72] global_step=72, grad_norm=7.3518452644348145, loss=10.059867858886719
I0315 12:05:24.064607 140034036455168 logging_writer.py:48] [73] global_step=73, grad_norm=5.307065010070801, loss=10.310733795166016
I0315 12:05:24.400460 140034044847872 logging_writer.py:48] [74] global_step=74, grad_norm=6.51250696182251, loss=10.760031700134277
I0315 12:05:24.734249 140034036455168 logging_writer.py:48] [75] global_step=75, grad_norm=8.078030586242676, loss=9.348711013793945
I0315 12:05:25.073311 140034044847872 logging_writer.py:48] [76] global_step=76, grad_norm=5.165748596191406, loss=8.994239807128906
I0315 12:05:25.410505 140034036455168 logging_writer.py:48] [77] global_step=77, grad_norm=20.984310150146484, loss=9.900328636169434
I0315 12:05:25.745400 140034044847872 logging_writer.py:48] [78] global_step=78, grad_norm=4.126133918762207, loss=11.557352066040039
I0315 12:05:26.085945 140034036455168 logging_writer.py:48] [79] global_step=79, grad_norm=5.77516508102417, loss=9.989340782165527
I0315 12:05:26.424299 140034044847872 logging_writer.py:48] [80] global_step=80, grad_norm=5.719943046569824, loss=10.403562545776367
I0315 12:05:26.762073 140034036455168 logging_writer.py:48] [81] global_step=81, grad_norm=7.1996049880981445, loss=8.954561233520508
I0315 12:05:27.101440 140034044847872 logging_writer.py:48] [82] global_step=82, grad_norm=9.838777542114258, loss=10.698938369750977
I0315 12:05:27.437528 140034036455168 logging_writer.py:48] [83] global_step=83, grad_norm=12.155797958374023, loss=10.478828430175781
I0315 12:05:27.772572 140034044847872 logging_writer.py:48] [84] global_step=84, grad_norm=5.200182914733887, loss=9.833966255187988
I0315 12:05:28.106950 140034036455168 logging_writer.py:48] [85] global_step=85, grad_norm=6.6966118812561035, loss=10.118941307067871
I0315 12:05:28.442195 140034044847872 logging_writer.py:48] [86] global_step=86, grad_norm=4.389678955078125, loss=8.557486534118652
I0315 12:05:28.781002 140034036455168 logging_writer.py:48] [87] global_step=87, grad_norm=3.8295068740844727, loss=9.797286987304688
I0315 12:05:29.123763 140034044847872 logging_writer.py:48] [88] global_step=88, grad_norm=4.55867862701416, loss=10.453962326049805
I0315 12:05:29.460149 140034036455168 logging_writer.py:48] [89] global_step=89, grad_norm=6.928930282592773, loss=8.75635051727295
I0315 12:05:29.795628 140034044847872 logging_writer.py:48] [90] global_step=90, grad_norm=7.349679946899414, loss=8.7987060546875
I0315 12:05:30.136568 140034036455168 logging_writer.py:48] [91] global_step=91, grad_norm=6.944575309753418, loss=10.479866981506348
I0315 12:05:30.471288 140034044847872 logging_writer.py:48] [92] global_step=92, grad_norm=2.9174325466156006, loss=8.333946228027344
I0315 12:05:30.804556 140034036455168 logging_writer.py:48] [93] global_step=93, grad_norm=54.876243591308594, loss=11.400583267211914
I0315 12:05:31.147219 140034044847872 logging_writer.py:48] [94] global_step=94, grad_norm=9.668374061584473, loss=13.733450889587402
I0315 12:05:31.491202 140034036455168 logging_writer.py:48] [95] global_step=95, grad_norm=5.050967216491699, loss=10.750531196594238
I0315 12:05:31.832218 140034044847872 logging_writer.py:48] [96] global_step=96, grad_norm=7.204216003417969, loss=12.407392501831055
I0315 12:05:32.170936 140034036455168 logging_writer.py:48] [97] global_step=97, grad_norm=5.894471645355225, loss=13.484489440917969
I0315 12:05:32.508487 140034044847872 logging_writer.py:48] [98] global_step=98, grad_norm=6.5771379470825195, loss=10.865981101989746
I0315 12:05:32.846762 140034036455168 logging_writer.py:48] [99] global_step=99, grad_norm=13.574149131774902, loss=11.097068786621094
I0315 12:05:33.184784 140034044847872 logging_writer.py:48] [100] global_step=100, grad_norm=5.289648056030273, loss=9.485614776611328
I0315 12:07:47.601764 140034036455168 logging_writer.py:48] [500] global_step=500, grad_norm=0.09095031023025513, loss=6.8853759765625
I0315 12:10:35.696578 140034044847872 logging_writer.py:48] [1000] global_step=1000, grad_norm=0.17281439900398254, loss=6.665286064147949
I0315 12:13:23.811015 140034036455168 logging_writer.py:48] [1500] global_step=1500, grad_norm=0.11068132519721985, loss=6.789914608001709
I0315 12:13:29.589927 140219736737600 spec.py:321] Evaluating on the training split.
I0315 12:13:37.049891 140219736737600 spec.py:333] Evaluating on the validation split.
I0315 12:13:45.292866 140219736737600 spec.py:349] Evaluating on the test split.
I0315 12:13:47.639272 140219736737600 submission_runner.py:420] Time since start: 612.40s, 	Step: 1519, 	{'train/accuracy': 0.004544004797935486, 'train/loss': 6.69061803817749, 'validation/accuracy': 0.004540000110864639, 'validation/loss': 6.6995415687561035, 'validation/num_examples': 50000, 'test/accuracy': 0.0034000002779066563, 'test/loss': 6.734652042388916, 'test/num_examples': 10000, 'score': 557.4852783679962, 'total_duration': 612.4016373157501, 'accumulated_submission_time': 557.4852783679962, 'accumulated_eval_time': 54.83740997314453, 'accumulated_logging_time': 0.026354551315307617}
I0315 12:13:47.657456 140034053240576 logging_writer.py:48] [1519] accumulated_eval_time=54.837410, accumulated_logging_time=0.026355, accumulated_submission_time=557.485278, global_step=1519, preemption_count=0, score=557.485278, test/accuracy=0.003400, test/loss=6.734652, test/num_examples=10000, total_duration=612.401637, train/accuracy=0.004544, train/loss=6.690618, validation/accuracy=0.004540, validation/loss=6.699542, validation/num_examples=50000
I0315 12:16:29.569423 140034137102080 logging_writer.py:48] [2000] global_step=2000, grad_norm=0.15966853499412537, loss=6.562318801879883
I0315 12:19:17.500039 140034053240576 logging_writer.py:48] [2500] global_step=2500, grad_norm=0.17811749875545502, loss=6.366059303283691
I0315 12:22:05.439843 140034137102080 logging_writer.py:48] [3000] global_step=3000, grad_norm=0.1764429807662964, loss=6.137608528137207
I0315 12:22:17.970755 140219736737600 spec.py:321] Evaluating on the training split.
I0315 12:22:25.325224 140219736737600 spec.py:333] Evaluating on the validation split.
I0315 12:22:33.760574 140219736737600 spec.py:349] Evaluating on the test split.
I0315 12:22:36.180300 140219736737600 submission_runner.py:420] Time since start: 1140.94s, 	Step: 3039, 	{'train/accuracy': 0.049605388194322586, 'train/loss': 5.57780122756958, 'validation/accuracy': 0.04690000042319298, 'validation/loss': 5.608048439025879, 'validation/num_examples': 50000, 'test/accuracy': 0.03580000251531601, 'test/loss': 5.819831848144531, 'test/num_examples': 10000, 'score': 1067.7323660850525, 'total_duration': 1140.9426672458649, 'accumulated_submission_time': 1067.7323660850525, 'accumulated_eval_time': 73.04691457748413, 'accumulated_logging_time': 0.05607151985168457}
I0315 12:22:36.198001 140057935603456 logging_writer.py:48] [3039] accumulated_eval_time=73.046915, accumulated_logging_time=0.056072, accumulated_submission_time=1067.732366, global_step=3039, preemption_count=0, score=1067.732366, test/accuracy=0.035800, test/loss=5.819832, test/num_examples=10000, total_duration=1140.942667, train/accuracy=0.049605, train/loss=5.577801, validation/accuracy=0.046900, validation/loss=5.608048, validation/num_examples=50000
I0315 12:25:11.439629 140057943996160 logging_writer.py:48] [3500] global_step=3500, grad_norm=0.21809399127960205, loss=5.959885597229004
I0315 12:27:59.514734 140057935603456 logging_writer.py:48] [4000] global_step=4000, grad_norm=0.2082669585943222, loss=5.780999660491943
I0315 12:30:47.768704 140057943996160 logging_writer.py:48] [4500] global_step=4500, grad_norm=0.21238727867603302, loss=5.594147682189941
I0315 12:31:06.401478 140219736737600 spec.py:321] Evaluating on the training split.
I0315 12:31:13.676523 140219736737600 spec.py:333] Evaluating on the validation split.
I0315 12:31:22.147756 140219736737600 spec.py:349] Evaluating on the test split.
I0315 12:31:24.797665 140219736737600 submission_runner.py:420] Time since start: 1669.56s, 	Step: 4557, 	{'train/accuracy': 0.1287667453289032, 'train/loss': 4.847797870635986, 'validation/accuracy': 0.1207599937915802, 'validation/loss': 4.9104180335998535, 'validation/num_examples': 50000, 'test/accuracy': 0.09220000356435776, 'test/loss': 5.2158074378967285, 'test/num_examples': 10000, 'score': 1577.8691699504852, 'total_duration': 1669.5600199699402, 'accumulated_submission_time': 1577.8691699504852, 'accumulated_eval_time': 91.44304966926575, 'accumulated_logging_time': 0.0863194465637207}
I0315 12:31:24.815263 140057994286848 logging_writer.py:48] [4557] accumulated_eval_time=91.443050, accumulated_logging_time=0.086319, accumulated_submission_time=1577.869170, global_step=4557, preemption_count=0, score=1577.869170, test/accuracy=0.092200, test/loss=5.215807, test/num_examples=10000, total_duration=1669.560020, train/accuracy=0.128767, train/loss=4.847798, validation/accuracy=0.120760, validation/loss=4.910418, validation/num_examples=50000
I0315 12:33:54.403702 140058002679552 logging_writer.py:48] [5000] global_step=5000, grad_norm=0.20012721419334412, loss=5.286404132843018
I0315 12:36:42.439409 140057994286848 logging_writer.py:48] [5500] global_step=5500, grad_norm=0.2112395018339157, loss=5.122471809387207
I0315 12:39:30.766728 140058002679552 logging_writer.py:48] [6000] global_step=6000, grad_norm=0.21401122212409973, loss=4.945760250091553
I0315 12:39:55.021584 140219736737600 spec.py:321] Evaluating on the training split.
I0315 12:40:02.328109 140219736737600 spec.py:333] Evaluating on the validation split.
I0315 12:40:10.832710 140219736737600 spec.py:349] Evaluating on the test split.
I0315 12:40:13.174637 140219736737600 submission_runner.py:420] Time since start: 2197.94s, 	Step: 6074, 	{'train/accuracy': 0.26281487941741943, 'train/loss': 3.9351720809936523, 'validation/accuracy': 0.2464199960231781, 'validation/loss': 4.055335998535156, 'validation/num_examples': 50000, 'test/accuracy': 0.18310001492500305, 'test/loss': 4.493728160858154, 'test/num_examples': 10000, 'score': 2088.0122191905975, 'total_duration': 2197.9370057582855, 'accumulated_submission_time': 2088.0122191905975, 'accumulated_eval_time': 109.59606838226318, 'accumulated_logging_time': 0.11431169509887695}
I0315 12:40:13.192273 140058002679552 logging_writer.py:48] [6074] accumulated_eval_time=109.596068, accumulated_logging_time=0.114312, accumulated_submission_time=2088.012219, global_step=6074, preemption_count=0, score=2088.012219, test/accuracy=0.183100, test/loss=4.493728, test/num_examples=10000, total_duration=2197.937006, train/accuracy=0.262815, train/loss=3.935172, validation/accuracy=0.246420, validation/loss=4.055336, validation/num_examples=50000
I0315 12:42:36.726648 140058027857664 logging_writer.py:48] [6500] global_step=6500, grad_norm=0.2251814603805542, loss=4.811916828155518
I0315 12:45:25.080601 140058002679552 logging_writer.py:48] [7000] global_step=7000, grad_norm=0.21016140282154083, loss=4.813287258148193
I0315 12:48:13.138888 140058027857664 logging_writer.py:48] [7500] global_step=7500, grad_norm=0.20939725637435913, loss=4.571137428283691
I0315 12:48:43.183620 140219736737600 spec.py:321] Evaluating on the training split.
I0315 12:48:50.579766 140219736737600 spec.py:333] Evaluating on the validation split.
I0315 12:48:58.942919 140219736737600 spec.py:349] Evaluating on the test split.
I0315 12:49:01.264769 140219736737600 submission_runner.py:420] Time since start: 2726.03s, 	Step: 7591, 	{'train/accuracy': 0.22765864431858063, 'train/loss': 4.142884731292725, 'validation/accuracy': 0.21345999836921692, 'validation/loss': 4.234279155731201, 'validation/num_examples': 50000, 'test/accuracy': 0.16130000352859497, 'test/loss': 4.688904285430908, 'test/num_examples': 10000, 'score': 2597.9389073848724, 'total_duration': 2726.0270931720734, 'accumulated_submission_time': 2597.9389073848724, 'accumulated_eval_time': 127.67713642120361, 'accumulated_logging_time': 0.14261126518249512}
I0315 12:49:01.289829 140057985926912 logging_writer.py:48] [7591] accumulated_eval_time=127.677136, accumulated_logging_time=0.142611, accumulated_submission_time=2597.938907, global_step=7591, preemption_count=0, score=2597.938907, test/accuracy=0.161300, test/loss=4.688904, test/num_examples=10000, total_duration=2726.027093, train/accuracy=0.227659, train/loss=4.142885, validation/accuracy=0.213460, validation/loss=4.234279, validation/num_examples=50000
I0315 12:51:19.315830 140057994319616 logging_writer.py:48] [8000] global_step=8000, grad_norm=0.20669180154800415, loss=4.543895244598389
I0315 12:54:07.604352 140057985926912 logging_writer.py:48] [8500] global_step=8500, grad_norm=0.2113162726163864, loss=4.3932905197143555
I0315 12:56:55.872678 140057994319616 logging_writer.py:48] [9000] global_step=9000, grad_norm=0.21758365631103516, loss=4.303689479827881
I0315 12:57:31.520430 140219736737600 spec.py:321] Evaluating on the training split.
I0315 12:57:38.933889 140219736737600 spec.py:333] Evaluating on the validation split.
I0315 12:57:47.396176 140219736737600 spec.py:349] Evaluating on the test split.
I0315 12:57:49.693126 140219736737600 submission_runner.py:420] Time since start: 3254.46s, 	Step: 9108, 	{'train/accuracy': 0.4121691584587097, 'train/loss': 2.926903247833252, 'validation/accuracy': 0.3558200001716614, 'validation/loss': 3.2475132942199707, 'validation/num_examples': 50000, 'test/accuracy': 0.2686000168323517, 'test/loss': 3.8534505367279053, 'test/num_examples': 10000, 'score': 3108.1007058620453, 'total_duration': 3254.4554920196533, 'accumulated_submission_time': 3108.1007058620453, 'accumulated_eval_time': 145.84979248046875, 'accumulated_logging_time': 0.18162846565246582}
I0315 12:57:49.710803 140057977534208 logging_writer.py:48] [9108] accumulated_eval_time=145.849792, accumulated_logging_time=0.181628, accumulated_submission_time=3108.100706, global_step=9108, preemption_count=0, score=3108.100706, test/accuracy=0.268600, test/loss=3.853451, test/num_examples=10000, total_duration=3254.455492, train/accuracy=0.412169, train/loss=2.926903, validation/accuracy=0.355820, validation/loss=3.247513, validation/num_examples=50000
I0315 13:00:01.908116 140057985926912 logging_writer.py:48] [9500] global_step=9500, grad_norm=0.20993031561374664, loss=4.2781219482421875
I0315 13:02:50.329347 140057977534208 logging_writer.py:48] [10000] global_step=10000, grad_norm=0.2091866284608841, loss=4.200893402099609
I0315 13:05:38.372307 140057985926912 logging_writer.py:48] [10500] global_step=10500, grad_norm=0.21385736763477325, loss=4.15245246887207
I0315 13:06:19.905385 140219736737600 spec.py:321] Evaluating on the training split.
I0315 13:06:27.295238 140219736737600 spec.py:333] Evaluating on the validation split.
I0315 13:06:35.912472 140219736737600 spec.py:349] Evaluating on the test split.
I0315 13:06:38.227513 140219736737600 submission_runner.py:420] Time since start: 3782.99s, 	Step: 10625, 	{'train/accuracy': 0.4539620578289032, 'train/loss': 2.6911368370056152, 'validation/accuracy': 0.41251999139785767, 'validation/loss': 2.916543960571289, 'validation/num_examples': 50000, 'test/accuracy': 0.3144000172615051, 'test/loss': 3.545785427093506, 'test/num_examples': 10000, 'score': 3618.2318530082703, 'total_duration': 3782.9898648262024, 'accumulated_submission_time': 3618.2318530082703, 'accumulated_eval_time': 164.17187094688416, 'accumulated_logging_time': 0.20866155624389648}
I0315 13:06:38.248342 140058090739456 logging_writer.py:48] [10625] accumulated_eval_time=164.171871, accumulated_logging_time=0.208662, accumulated_submission_time=3618.231853, global_step=10625, preemption_count=0, score=3618.231853, test/accuracy=0.314400, test/loss=3.545785, test/num_examples=10000, total_duration=3782.989865, train/accuracy=0.453962, train/loss=2.691137, validation/accuracy=0.412520, validation/loss=2.916544, validation/num_examples=50000
I0315 13:08:44.615221 140058099132160 logging_writer.py:48] [11000] global_step=11000, grad_norm=0.22389592230319977, loss=4.16765022277832
I0315 13:11:32.790421 140058090739456 logging_writer.py:48] [11500] global_step=11500, grad_norm=0.21934936940670013, loss=4.053544998168945
I0315 13:14:21.111037 140058099132160 logging_writer.py:48] [12000] global_step=12000, grad_norm=0.21242403984069824, loss=4.15990686416626
I0315 13:15:08.274865 140219736737600 spec.py:321] Evaluating on the training split.
I0315 13:15:15.650791 140219736737600 spec.py:333] Evaluating on the validation split.
I0315 13:15:24.358089 140219736737600 spec.py:349] Evaluating on the test split.
I0315 13:15:26.624845 140219736737600 submission_runner.py:420] Time since start: 4311.39s, 	Step: 12142, 	{'train/accuracy': 0.4854113459587097, 'train/loss': 2.5034611225128174, 'validation/accuracy': 0.4456999897956848, 'validation/loss': 2.707832098007202, 'validation/num_examples': 50000, 'test/accuracy': 0.33230000734329224, 'test/loss': 3.3627805709838867, 'test/num_examples': 10000, 'score': 4128.188938140869, 'total_duration': 4311.387203454971, 'accumulated_submission_time': 4128.188938140869, 'accumulated_eval_time': 182.52180695533752, 'accumulated_logging_time': 0.24398541450500488}
I0315 13:15:26.645133 140057994319616 logging_writer.py:48] [12142] accumulated_eval_time=182.521807, accumulated_logging_time=0.243985, accumulated_submission_time=4128.188938, global_step=12142, preemption_count=0, score=4128.188938, test/accuracy=0.332300, test/loss=3.362781, test/num_examples=10000, total_duration=4311.387203, train/accuracy=0.485411, train/loss=2.503461, validation/accuracy=0.445700, validation/loss=2.707832, validation/num_examples=50000
I0315 13:17:27.366850 140058002712320 logging_writer.py:48] [12500] global_step=12500, grad_norm=0.22062280774116516, loss=4.018548965454102
I0315 13:20:15.579033 140057994319616 logging_writer.py:48] [13000] global_step=13000, grad_norm=0.2306557148694992, loss=4.0537190437316895
I0315 13:23:03.736196 140058002712320 logging_writer.py:48] [13500] global_step=13500, grad_norm=0.22491857409477234, loss=4.068603515625
I0315 13:23:56.671675 140219736737600 spec.py:321] Evaluating on the training split.
I0315 13:24:04.134228 140219736737600 spec.py:333] Evaluating on the validation split.
I0315 13:24:12.651828 140219736737600 spec.py:349] Evaluating on the test split.
I0315 13:24:14.978963 140219736737600 submission_runner.py:420] Time since start: 4839.74s, 	Step: 13659, 	{'train/accuracy': 0.5143295526504517, 'train/loss': 2.328718900680542, 'validation/accuracy': 0.47585999965667725, 'validation/loss': 2.517012119293213, 'validation/num_examples': 50000, 'test/accuracy': 0.3653000295162201, 'test/loss': 3.148709535598755, 'test/num_examples': 10000, 'score': 4638.151408672333, 'total_duration': 4839.741317749023, 'accumulated_submission_time': 4638.151408672333, 'accumulated_eval_time': 200.82904863357544, 'accumulated_logging_time': 0.27428460121154785}
I0315 13:24:14.998035 140058011105024 logging_writer.py:48] [13659] accumulated_eval_time=200.829049, accumulated_logging_time=0.274285, accumulated_submission_time=4638.151409, global_step=13659, preemption_count=0, score=4638.151409, test/accuracy=0.365300, test/loss=3.148710, test/num_examples=10000, total_duration=4839.741318, train/accuracy=0.514330, train/loss=2.328719, validation/accuracy=0.475860, validation/loss=2.517012, validation/num_examples=50000
I0315 13:26:10.016998 140058090739456 logging_writer.py:48] [14000] global_step=14000, grad_norm=0.23066987097263336, loss=3.9336445331573486
I0315 13:28:57.988121 140058011105024 logging_writer.py:48] [14500] global_step=14500, grad_norm=0.23010964691638947, loss=3.9536585807800293
I0315 13:31:46.143357 140058090739456 logging_writer.py:48] [15000] global_step=15000, grad_norm=0.2315738946199417, loss=3.91827392578125
I0315 13:32:45.162455 140219736737600 spec.py:321] Evaluating on the training split.
I0315 13:32:52.493827 140219736737600 spec.py:333] Evaluating on the validation split.
I0315 13:33:01.097742 140219736737600 spec.py:349] Evaluating on the test split.
I0315 13:33:03.446873 140219736737600 submission_runner.py:420] Time since start: 5368.21s, 	Step: 15177, 	{'train/accuracy': 0.5061184763908386, 'train/loss': 2.377655267715454, 'validation/accuracy': 0.47453999519348145, 'validation/loss': 2.5379393100738525, 'validation/num_examples': 50000, 'test/accuracy': 0.35590001940727234, 'test/loss': 3.2392184734344482, 'test/num_examples': 10000, 'score': 5148.252074241638, 'total_duration': 5368.209239721298, 'accumulated_submission_time': 5148.252074241638, 'accumulated_eval_time': 219.11343455314636, 'accumulated_logging_time': 0.30254626274108887}
I0315 13:33:03.467992 140057985926912 logging_writer.py:48] [15177] accumulated_eval_time=219.113435, accumulated_logging_time=0.302546, accumulated_submission_time=5148.252074, global_step=15177, preemption_count=0, score=5148.252074, test/accuracy=0.355900, test/loss=3.239218, test/num_examples=10000, total_duration=5368.209240, train/accuracy=0.506118, train/loss=2.377655, validation/accuracy=0.474540, validation/loss=2.537939, validation/num_examples=50000
I0315 13:34:52.464803 140057994319616 logging_writer.py:48] [15500] global_step=15500, grad_norm=0.22495293617248535, loss=3.8072829246520996
I0315 13:37:40.574064 140057985926912 logging_writer.py:48] [16000] global_step=16000, grad_norm=0.227989062666893, loss=3.941958427429199
I0315 13:40:28.537708 140057994319616 logging_writer.py:48] [16500] global_step=16500, grad_norm=0.23353198170661926, loss=3.93045711517334
I0315 13:41:33.579735 140219736737600 spec.py:321] Evaluating on the training split.
I0315 13:41:40.943960 140219736737600 spec.py:333] Evaluating on the validation split.
I0315 13:41:53.694073 140219736737600 spec.py:349] Evaluating on the test split.
I0315 13:41:55.993842 140219736737600 submission_runner.py:420] Time since start: 5900.76s, 	Step: 16695, 	{'train/accuracy': 0.5298947691917419, 'train/loss': 2.262759208679199, 'validation/accuracy': 0.49925997853279114, 'validation/loss': 2.423909902572632, 'validation/num_examples': 50000, 'test/accuracy': 0.382500022649765, 'test/loss': 3.0907649993896484, 'test/num_examples': 10000, 'score': 5658.297363042831, 'total_duration': 5900.756187438965, 'accumulated_submission_time': 5658.297363042831, 'accumulated_eval_time': 241.52748775482178, 'accumulated_logging_time': 0.33531689643859863}
I0315 13:41:56.017920 140057994319616 logging_writer.py:48] [16695] accumulated_eval_time=241.527488, accumulated_logging_time=0.335317, accumulated_submission_time=5658.297363, global_step=16695, preemption_count=0, score=5658.297363, test/accuracy=0.382500, test/loss=3.090765, test/num_examples=10000, total_duration=5900.756187, train/accuracy=0.529895, train/loss=2.262759, validation/accuracy=0.499260, validation/loss=2.423910, validation/num_examples=50000
I0315 13:43:38.854115 140058090739456 logging_writer.py:48] [17000] global_step=17000, grad_norm=0.23371532559394836, loss=3.933694362640381
I0315 13:46:26.844058 140057994319616 logging_writer.py:48] [17500] global_step=17500, grad_norm=0.2202114462852478, loss=3.6776351928710938
I0315 13:49:14.717310 140058090739456 logging_writer.py:48] [18000] global_step=18000, grad_norm=0.2307048738002777, loss=3.7787742614746094
I0315 13:50:26.126521 140219736737600 spec.py:321] Evaluating on the training split.
I0315 13:50:33.487143 140219736737600 spec.py:333] Evaluating on the validation split.
I0315 13:50:44.886615 140219736737600 spec.py:349] Evaluating on the test split.
I0315 13:50:47.202982 140219736737600 submission_runner.py:420] Time since start: 6431.97s, 	Step: 18214, 	{'train/accuracy': 0.5557836294174194, 'train/loss': 2.1994197368621826, 'validation/accuracy': 0.4882600009441376, 'validation/loss': 2.52398419380188, 'validation/num_examples': 50000, 'test/accuracy': 0.3822000324726105, 'test/loss': 3.1456823348999023, 'test/num_examples': 10000, 'score': 6168.3401889801025, 'total_duration': 6431.965350389481, 'accumulated_submission_time': 6168.3401889801025, 'accumulated_eval_time': 262.6039364337921, 'accumulated_logging_time': 0.3696572780609131}
I0315 13:50:47.222799 140057994319616 logging_writer.py:48] [18214] accumulated_eval_time=262.603936, accumulated_logging_time=0.369657, accumulated_submission_time=6168.340189, global_step=18214, preemption_count=0, score=6168.340189, test/accuracy=0.382200, test/loss=3.145682, test/num_examples=10000, total_duration=6431.965350, train/accuracy=0.555784, train/loss=2.199420, validation/accuracy=0.488260, validation/loss=2.523984, validation/num_examples=50000
I0315 13:52:23.697254 140058002712320 logging_writer.py:48] [18500] global_step=18500, grad_norm=0.23588746786117554, loss=3.7535593509674072
I0315 13:55:11.764020 140057994319616 logging_writer.py:48] [19000] global_step=19000, grad_norm=0.23941363394260406, loss=3.789639949798584
I0315 13:57:59.693892 140058002712320 logging_writer.py:48] [19500] global_step=19500, grad_norm=0.23324403166770935, loss=3.805047035217285
I0315 13:59:17.363518 140219736737600 spec.py:321] Evaluating on the training split.
I0315 13:59:24.952476 140219736737600 spec.py:333] Evaluating on the validation split.
I0315 13:59:43.805689 140219736737600 spec.py:349] Evaluating on the test split.
I0315 13:59:46.103640 140219736737600 submission_runner.py:420] Time since start: 6970.87s, 	Step: 19733, 	{'train/accuracy': 0.5789421200752258, 'train/loss': 2.03883957862854, 'validation/accuracy': 0.5265399813652039, 'validation/loss': 2.2987494468688965, 'validation/num_examples': 50000, 'test/accuracy': 0.41370001435279846, 'test/loss': 2.9405357837677, 'test/num_examples': 10000, 'score': 6678.416119337082, 'total_duration': 6970.8660089969635, 'accumulated_submission_time': 6678.416119337082, 'accumulated_eval_time': 291.3440418243408, 'accumulated_logging_time': 0.40018391609191895}
I0315 13:59:46.124253 140057985926912 logging_writer.py:48] [19733] accumulated_eval_time=291.344042, accumulated_logging_time=0.400184, accumulated_submission_time=6678.416119, global_step=19733, preemption_count=0, score=6678.416119, test/accuracy=0.413700, test/loss=2.940536, test/num_examples=10000, total_duration=6970.866009, train/accuracy=0.578942, train/loss=2.038840, validation/accuracy=0.526540, validation/loss=2.298749, validation/num_examples=50000
I0315 14:01:16.222236 140058099132160 logging_writer.py:48] [20000] global_step=20000, grad_norm=0.24273714423179626, loss=3.858854293823242
I0315 14:04:04.552047 140057985926912 logging_writer.py:48] [20500] global_step=20500, grad_norm=0.2318241149187088, loss=3.6636760234832764
I0315 14:06:52.620375 140058099132160 logging_writer.py:48] [21000] global_step=21000, grad_norm=0.2496711164712906, loss=3.896960735321045
I0315 14:08:16.361441 140219736737600 spec.py:321] Evaluating on the training split.
I0315 14:08:23.839437 140219736737600 spec.py:333] Evaluating on the validation split.
I0315 14:08:37.942994 140219736737600 spec.py:349] Evaluating on the test split.
I0315 14:08:40.100040 140219736737600 submission_runner.py:420] Time since start: 7504.86s, 	Step: 21251, 	{'train/accuracy': 0.5830078125, 'train/loss': 2.0310115814208984, 'validation/accuracy': 0.5385800004005432, 'validation/loss': 2.2524328231811523, 'validation/num_examples': 50000, 'test/accuracy': 0.41540002822875977, 'test/loss': 2.9097514152526855, 'test/num_examples': 10000, 'score': 7188.590972185135, 'total_duration': 7504.862423181534, 'accumulated_submission_time': 7188.590972185135, 'accumulated_eval_time': 315.0826277732849, 'accumulated_logging_time': 0.43010997772216797}
I0315 14:08:40.116255 140058002712320 logging_writer.py:48] [21251] accumulated_eval_time=315.082628, accumulated_logging_time=0.430110, accumulated_submission_time=7188.590972, global_step=21251, preemption_count=0, score=7188.590972, test/accuracy=0.415400, test/loss=2.909751, test/num_examples=10000, total_duration=7504.862423, train/accuracy=0.583008, train/loss=2.031012, validation/accuracy=0.538580, validation/loss=2.252433, validation/num_examples=50000
I0315 14:10:03.952734 140058011105024 logging_writer.py:48] [21500] global_step=21500, grad_norm=0.24247364699840546, loss=3.722465991973877
I0315 14:12:52.147509 140058002712320 logging_writer.py:48] [22000] global_step=22000, grad_norm=0.2346680462360382, loss=3.7513375282287598
I0315 14:15:40.146610 140058011105024 logging_writer.py:48] [22500] global_step=22500, grad_norm=0.24520418047904968, loss=3.677234411239624
I0315 14:17:10.409790 140219736737600 spec.py:321] Evaluating on the training split.
I0315 14:17:17.906379 140219736737600 spec.py:333] Evaluating on the validation split.
I0315 14:17:34.662949 140219736737600 spec.py:349] Evaluating on the test split.
I0315 14:17:36.973264 140219736737600 submission_runner.py:420] Time since start: 8041.73s, 	Step: 22770, 	{'train/accuracy': 0.5297154188156128, 'train/loss': 2.2742745876312256, 'validation/accuracy': 0.4883599877357483, 'validation/loss': 2.461336851119995, 'validation/num_examples': 50000, 'test/accuracy': 0.37470000982284546, 'test/loss': 3.1011805534362793, 'test/num_examples': 10000, 'score': 7698.823069572449, 'total_duration': 8041.734592437744, 'accumulated_submission_time': 7698.823069572449, 'accumulated_eval_time': 341.64503598213196, 'accumulated_logging_time': 0.45485639572143555}
I0315 14:17:36.993614 140057994319616 logging_writer.py:48] [22770] accumulated_eval_time=341.645036, accumulated_logging_time=0.454856, accumulated_submission_time=7698.823070, global_step=22770, preemption_count=0, score=7698.823070, test/accuracy=0.374700, test/loss=3.101181, test/num_examples=10000, total_duration=8041.734592, train/accuracy=0.529715, train/loss=2.274275, validation/accuracy=0.488360, validation/loss=2.461337, validation/num_examples=50000
I0315 14:18:54.504958 140058002712320 logging_writer.py:48] [23000] global_step=23000, grad_norm=0.23634861409664154, loss=3.665217399597168
I0315 14:21:42.654951 140057994319616 logging_writer.py:48] [23500] global_step=23500, grad_norm=0.23590412735939026, loss=3.646002769470215
I0315 14:24:30.898259 140058002712320 logging_writer.py:48] [24000] global_step=24000, grad_norm=0.2553800940513611, loss=3.7992680072784424
I0315 14:26:07.066507 140219736737600 spec.py:321] Evaluating on the training split.
I0315 14:26:14.692111 140219736737600 spec.py:333] Evaluating on the validation split.
I0315 14:26:26.761399 140219736737600 spec.py:349] Evaluating on the test split.
I0315 14:26:29.020611 140219736737600 submission_runner.py:420] Time since start: 8573.78s, 	Step: 24288, 	{'train/accuracy': 0.57421875, 'train/loss': 2.068537712097168, 'validation/accuracy': 0.5332800149917603, 'validation/loss': 2.2714669704437256, 'validation/num_examples': 50000, 'test/accuracy': 0.4066000282764435, 'test/loss': 2.944248676300049, 'test/num_examples': 10000, 'score': 8208.831599235535, 'total_duration': 8573.782970666885, 'accumulated_submission_time': 8208.831599235535, 'accumulated_eval_time': 363.5991675853729, 'accumulated_logging_time': 0.48555660247802734}
I0315 14:26:29.043216 140058002712320 logging_writer.py:48] [24288] accumulated_eval_time=363.599168, accumulated_logging_time=0.485557, accumulated_submission_time=8208.831599, global_step=24288, preemption_count=0, score=8208.831599, test/accuracy=0.406600, test/loss=2.944249, test/num_examples=10000, total_duration=8573.782971, train/accuracy=0.574219, train/loss=2.068538, validation/accuracy=0.533280, validation/loss=2.271467, validation/num_examples=50000
I0315 14:27:40.531460 140058011105024 logging_writer.py:48] [24500] global_step=24500, grad_norm=0.2461877465248108, loss=3.644672155380249
I0315 14:30:28.764925 140058002712320 logging_writer.py:48] [25000] global_step=25000, grad_norm=0.23644907772541046, loss=3.595038414001465
I0315 14:33:16.841254 140058011105024 logging_writer.py:48] [25500] global_step=25500, grad_norm=0.24326278269290924, loss=3.7227509021759033
I0315 14:34:59.256501 140219736737600 spec.py:321] Evaluating on the training split.
I0315 14:35:07.397077 140219736737600 spec.py:333] Evaluating on the validation split.
I0315 14:35:18.944628 140219736737600 spec.py:349] Evaluating on the test split.
I0315 14:35:21.268083 140219736737600 submission_runner.py:420] Time since start: 9106.03s, 	Step: 25806, 	{'train/accuracy': 0.5788823366165161, 'train/loss': 2.0605785846710205, 'validation/accuracy': 0.545520007610321, 'validation/loss': 2.218935012817383, 'validation/num_examples': 50000, 'test/accuracy': 0.42500001192092896, 'test/loss': 2.9056777954101562, 'test/num_examples': 10000, 'score': 8718.980939388275, 'total_duration': 9106.030410051346, 'accumulated_submission_time': 8718.980939388275, 'accumulated_eval_time': 385.61068415641785, 'accumulated_logging_time': 0.5188980102539062}
