fatal: detected dubious ownership in repository at '/algorithmic-efficiency'
To add an exception for this directory, call:

	git config --global --add safe.directory /algorithmic-efficiency
I0212 13:35:30.462521 140441227016000 logger_utils.py:220] Unable to record git information. Continuing without it.
I0212 13:35:30.962058 140441227016000 submission_runner.py:304] Saving flags to /experiment_runs/prize_qualification/study_2/librispeech_deepspeech_jax/trial_4/flags_0.json.
I0212 13:35:30.977734 140441227016000 submission_runner.py:314] Starting training loop.
I0212 13:35:30.981327 140441227016000 input_pipeline.py:20] Loading split = train-clean-100
I0212 13:35:31.490684 140441227016000 input_pipeline.py:20] Loading split = train-clean-360
I0212 13:35:31.625456 140441227016000 input_pipeline.py:20] Loading split = train-other-500
/usr/local/lib/python3.8/dist-packages/jax/_src/interpreters/mlir.py:582: UserWarning: Some donated buffers were not usable: ShapedArray(float32[512]), ShapedArray(float32[512]), ShapedArray(float32[512]), ShapedArray(float32[512]), ShapedArray(float32[512]), ShapedArray(float32[512]), ShapedArray(float32[512]), ShapedArray(float32[512]), ShapedArray(float32[512]), ShapedArray(float32[512]), ShapedArray(float32[512]), ShapedArray(float32[512]), ShapedArray(float32[512]), ShapedArray(float32[512]), ShapedArray(float32[512]), ShapedArray(float32[512]), ShapedArray(float32[512]), ShapedArray(float32[512]).
See an explanation at https://jax.readthedocs.io/en/latest/faq.html#buffer-donation.
  warnings.warn(f"Some donated buffers were not usable: {', '.join(unused_donations)}.\n{msg}")
I0212 13:35:46.785855 140285264111360 logging_writer.py:48] [0] global_step=0, grad_norm=19.243675231933594, loss=33.47202682495117
I0212 13:35:46.800020 140441227016000 spec.py:321] Evaluating on the training split.
I0212 13:37:11.442965 140441227016000 spec.py:333] Evaluating on the validation split.
I0212 13:38:10.075276 140441227016000 spec.py:349] Evaluating on the test split.
I0212 13:38:40.588833 140441227016000 submission_runner.py:408] Time since start: 189.61s, 	Step: 1, 	{'train/ctc_loss': Array(32.005363, dtype=float32), 'train/wer': 2.9794811320754717, 'validation/ctc_loss': Array(30.57026, dtype=float32), 'validation/wer': 2.911621305888373, 'validation/num_examples': 5348, 'test/ctc_loss': Array(30.657564, dtype=float32), 'test/wer': 3.231897304653383, 'test/num_examples': 2472, 'score': 15.822179079055786, 'total_duration': 189.60808277130127, 'accumulated_submission_time': 15.822179079055786, 'accumulated_eval_time': 173.78581547737122, 'accumulated_logging_time': 0}
I0212 13:38:40.607873 140285423572736 logging_writer.py:48] [1] accumulated_eval_time=173.785815, accumulated_logging_time=0, accumulated_submission_time=15.822179, global_step=1, preemption_count=0, score=15.822179, test/ctc_loss=30.657564163208008, test/num_examples=2472, test/wer=3.231897, total_duration=189.608083, train/ctc_loss=32.00536346435547, train/wer=2.979481, validation/ctc_loss=30.57025909423828, validation/num_examples=5348, validation/wer=2.911621
I0212 13:40:06.468307 140285348038400 logging_writer.py:48] [100] global_step=100, grad_norm=1.107951283454895, loss=5.760642051696777
I0212 13:41:22.639633 140285356431104 logging_writer.py:48] [200] global_step=200, grad_norm=4.900049209594727, loss=5.123514652252197
I0212 13:42:38.218576 140285348038400 logging_writer.py:48] [300] global_step=300, grad_norm=2.607330322265625, loss=3.708300828933716
I0212 13:43:58.340714 140285356431104 logging_writer.py:48] [400] global_step=400, grad_norm=3.9285709857940674, loss=3.237816095352173
I0212 13:45:28.190487 140285348038400 logging_writer.py:48] [500] global_step=500, grad_norm=1.9085493087768555, loss=2.9476702213287354
I0212 13:46:52.998434 140285356431104 logging_writer.py:48] [600] global_step=600, grad_norm=3.147136926651001, loss=2.8430275917053223
I0212 13:48:23.646253 140285348038400 logging_writer.py:48] [700] global_step=700, grad_norm=4.634905815124512, loss=2.822092294692993
I0212 13:49:53.330926 140285356431104 logging_writer.py:48] [800] global_step=800, grad_norm=2.8927974700927734, loss=2.738206624984741
I0212 13:51:21.394002 140285348038400 logging_writer.py:48] [900] global_step=900, grad_norm=2.747918128967285, loss=2.6702375411987305
I0212 13:52:49.666580 140285356431104 logging_writer.py:48] [1000] global_step=1000, grad_norm=3.313479423522949, loss=2.6732451915740967
I0212 13:54:12.304604 140285423572736 logging_writer.py:48] [1100] global_step=1100, grad_norm=2.352348566055298, loss=2.531986951828003
I0212 13:55:29.599649 140285415180032 logging_writer.py:48] [1200] global_step=1200, grad_norm=2.0655124187469482, loss=2.4331581592559814
I0212 13:56:46.147778 140285423572736 logging_writer.py:48] [1300] global_step=1300, grad_norm=3.406442165374756, loss=2.4035723209381104
I0212 13:58:10.475851 140285415180032 logging_writer.py:48] [1400] global_step=1400, grad_norm=1.819621205329895, loss=2.2921741008758545
I0212 13:59:37.396774 140285423572736 logging_writer.py:48] [1500] global_step=1500, grad_norm=1.6934531927108765, loss=2.2981863021850586
I0212 14:01:07.973442 140285415180032 logging_writer.py:48] [1600] global_step=1600, grad_norm=2.9950222969055176, loss=2.235811471939087
I0212 14:02:37.312317 140285423572736 logging_writer.py:48] [1700] global_step=1700, grad_norm=2.871128797531128, loss=2.299039840698242
I0212 14:02:40.625010 140441227016000 spec.py:321] Evaluating on the training split.
I0212 14:03:33.786615 140441227016000 spec.py:333] Evaluating on the validation split.
I0212 14:04:27.206617 140441227016000 spec.py:349] Evaluating on the test split.
I0212 14:04:54.604153 140441227016000 submission_runner.py:408] Time since start: 1763.62s, 	Step: 1705, 	{'train/ctc_loss': Array(1.7329582, dtype=float32), 'train/wer': 0.4562996089686897, 'validation/ctc_loss': Array(1.7820381, dtype=float32), 'validation/wer': 0.44021356092568814, 'validation/num_examples': 5348, 'test/ctc_loss': Array(1.3494298, dtype=float32), 'test/wer': 0.3802530822822091, 'test/num_examples': 2472, 'score': 1455.7558295726776, 'total_duration': 1763.6183669567108, 'accumulated_submission_time': 1455.7558295726776, 'accumulated_eval_time': 307.7569811344147, 'accumulated_logging_time': 0.02973175048828125}
I0212 14:04:54.642532 140285423572736 logging_writer.py:48] [1705] accumulated_eval_time=307.756981, accumulated_logging_time=0.029732, accumulated_submission_time=1455.755830, global_step=1705, preemption_count=0, score=1455.755830, test/ctc_loss=1.3494298458099365, test/num_examples=2472, test/wer=0.380253, total_duration=1763.618367, train/ctc_loss=1.732958197593689, train/wer=0.456300, validation/ctc_loss=1.7820380926132202, validation/num_examples=5348, validation/wer=0.440214
I0212 14:06:06.496494 140285415180032 logging_writer.py:48] [1800] global_step=1800, grad_norm=3.231898784637451, loss=2.2521793842315674
I0212 14:07:21.491404 140285423572736 logging_writer.py:48] [1900] global_step=1900, grad_norm=2.3761935234069824, loss=2.2239584922790527
I0212 14:08:47.304559 140285415180032 logging_writer.py:48] [2000] global_step=2000, grad_norm=3.7848012447357178, loss=2.2072997093200684
I0212 14:10:14.921339 140285423572736 logging_writer.py:48] [2100] global_step=2100, grad_norm=2.624798536300659, loss=2.2383906841278076
I0212 14:11:33.709315 140285415180032 logging_writer.py:48] [2200] global_step=2200, grad_norm=2.564129114151001, loss=2.2393994331359863
I0212 14:12:52.738651 140285423572736 logging_writer.py:48] [2300] global_step=2300, grad_norm=2.1024277210235596, loss=2.192314863204956
I0212 14:14:13.328069 140285415180032 logging_writer.py:48] [2400] global_step=2400, grad_norm=5.003159523010254, loss=2.148191452026367
I0212 14:15:40.730747 140285423572736 logging_writer.py:48] [2500] global_step=2500, grad_norm=2.80836820602417, loss=2.152179002761841
I0212 14:17:10.822337 140285415180032 logging_writer.py:48] [2600] global_step=2600, grad_norm=2.4666717052459717, loss=2.0805981159210205
I0212 14:18:39.576215 140285423572736 logging_writer.py:48] [2700] global_step=2700, grad_norm=2.7932496070861816, loss=2.102820873260498
I0212 14:20:08.917387 140285415180032 logging_writer.py:48] [2800] global_step=2800, grad_norm=5.116051197052002, loss=2.083054304122925
I0212 14:21:36.557530 140285423572736 logging_writer.py:48] [2900] global_step=2900, grad_norm=2.7549259662628174, loss=2.08298397064209
I0212 14:23:05.974757 140285415180032 logging_writer.py:48] [3000] global_step=3000, grad_norm=4.919744968414307, loss=2.0313549041748047
I0212 14:24:38.722050 140285423572736 logging_writer.py:48] [3100] global_step=3100, grad_norm=3.726884126663208, loss=2.042799472808838
I0212 14:25:55.456744 140285415180032 logging_writer.py:48] [3200] global_step=3200, grad_norm=3.2733843326568604, loss=2.040604591369629
I0212 14:27:14.858185 140285423572736 logging_writer.py:48] [3300] global_step=3300, grad_norm=14.08650016784668, loss=2.0546212196350098
I0212 14:28:38.535743 140285415180032 logging_writer.py:48] [3400] global_step=3400, grad_norm=4.90895414352417, loss=2.003570318222046
I0212 14:28:55.116455 140441227016000 spec.py:321] Evaluating on the training split.
I0212 14:29:48.672118 140441227016000 spec.py:333] Evaluating on the validation split.
I0212 14:30:40.536319 140441227016000 spec.py:349] Evaluating on the test split.
I0212 14:31:07.127489 140441227016000 submission_runner.py:408] Time since start: 3336.15s, 	Step: 3421, 	{'train/ctc_loss': Array(0.9513836, dtype=float32), 'train/wer': 0.2833366333833055, 'validation/ctc_loss': Array(1.08201, dtype=float32), 'validation/wer': 0.2937428193517866, 'validation/num_examples': 5348, 'test/ctc_loss': Array(0.7284901, dtype=float32), 'test/wer': 0.22505230231755124, 'test/num_examples': 2472, 'score': 2896.13534617424, 'total_duration': 3336.1467773914337, 'accumulated_submission_time': 2896.13534617424, 'accumulated_eval_time': 439.76512384414673, 'accumulated_logging_time': 0.08956670761108398}
I0212 14:31:07.156875 140285423572736 logging_writer.py:48] [3421] accumulated_eval_time=439.765124, accumulated_logging_time=0.089567, accumulated_submission_time=2896.135346, global_step=3421, preemption_count=0, score=2896.135346, test/ctc_loss=0.7284901142120361, test/num_examples=2472, test/wer=0.225052, total_duration=3336.146777, train/ctc_loss=0.9513835906982422, train/wer=0.283337, validation/ctc_loss=1.08201003074646, validation/num_examples=5348, validation/wer=0.293743
I0212 14:32:07.106120 140285415180032 logging_writer.py:48] [3500] global_step=3500, grad_norm=3.7394092082977295, loss=2.019057035446167
I0212 14:33:22.302649 140285423572736 logging_writer.py:48] [3600] global_step=3600, grad_norm=3.3099164962768555, loss=2.0895676612854004
I0212 14:34:45.298461 140285415180032 logging_writer.py:48] [3700] global_step=3700, grad_norm=4.872695446014404, loss=2.0615792274475098
I0212 14:36:14.193669 140285423572736 logging_writer.py:48] [3800] global_step=3800, grad_norm=3.1523993015289307, loss=2.1219704151153564
I0212 14:37:41.404628 140285415180032 logging_writer.py:48] [3900] global_step=3900, grad_norm=4.666297435760498, loss=2.0628719329833984
I0212 14:39:11.315291 140285423572736 logging_writer.py:48] [4000] global_step=4000, grad_norm=2.91011905670166, loss=2.0120391845703125
I0212 14:40:41.357244 140285415180032 logging_writer.py:48] [4100] global_step=4100, grad_norm=3.1303012371063232, loss=2.0403201580047607
I0212 14:42:03.255971 140285423572736 logging_writer.py:48] [4200] global_step=4200, grad_norm=2.893441915512085, loss=2.0187253952026367
I0212 14:43:20.850583 140285415180032 logging_writer.py:48] [4300] global_step=4300, grad_norm=3.2788350582122803, loss=2.0222604274749756
I0212 14:44:43.158839 140285423572736 logging_writer.py:48] [4400] global_step=4400, grad_norm=2.123718023300171, loss=1.975339412689209
I0212 14:46:09.217039 140285415180032 logging_writer.py:48] [4500] global_step=4500, grad_norm=3.6106173992156982, loss=2.063058376312256
I0212 14:47:38.723637 140285423572736 logging_writer.py:48] [4600] global_step=4600, grad_norm=12.722772598266602, loss=2.0297369956970215
I0212 14:49:05.145250 140285415180032 logging_writer.py:48] [4700] global_step=4700, grad_norm=8.384468078613281, loss=2.447899341583252
I0212 14:50:33.521720 140285423572736 logging_writer.py:48] [4800] global_step=4800, grad_norm=2.286440372467041, loss=2.018942356109619
I0212 14:52:01.856365 140285415180032 logging_writer.py:48] [4900] global_step=4900, grad_norm=2.8476762771606445, loss=1.9673330783843994
I0212 14:53:33.473548 140285423572736 logging_writer.py:48] [5000] global_step=5000, grad_norm=2.2325143814086914, loss=2.0804519653320312
I0212 14:55:00.553016 140285415180032 logging_writer.py:48] [5100] global_step=5100, grad_norm=3.260760545730591, loss=2.056786298751831
I0212 14:55:08.131496 140441227016000 spec.py:321] Evaluating on the training split.
I0212 14:56:01.722110 140441227016000 spec.py:333] Evaluating on the validation split.
I0212 14:56:54.770319 140441227016000 spec.py:349] Evaluating on the test split.
I0212 14:57:21.860199 140441227016000 submission_runner.py:408] Time since start: 4910.88s, 	Step: 5110, 	{'train/ctc_loss': Array(0.8250965, dtype=float32), 'train/wer': 0.24666468510283174, 'validation/ctc_loss': Array(0.96908915, dtype=float32), 'validation/wer': 0.2676849107427325, 'validation/num_examples': 5348, 'test/ctc_loss': Array(0.64543873, dtype=float32), 'test/wer': 0.20126744256900858, 'test/num_examples': 2472, 'score': 4337.026045560837, 'total_duration': 4910.876049280167, 'accumulated_submission_time': 4337.026045560837, 'accumulated_eval_time': 573.4874782562256, 'accumulated_logging_time': 0.1315174102783203}
I0212 14:57:21.895287 140285423572736 logging_writer.py:48] [5110] accumulated_eval_time=573.487478, accumulated_logging_time=0.131517, accumulated_submission_time=4337.026046, global_step=5110, preemption_count=0, score=4337.026046, test/ctc_loss=0.6454387307167053, test/num_examples=2472, test/wer=0.201267, total_duration=4910.876049, train/ctc_loss=0.8250964879989624, train/wer=0.246665, validation/ctc_loss=0.969089150428772, validation/num_examples=5348, validation/wer=0.267685
I0212 14:58:37.221194 140285423572736 logging_writer.py:48] [5200] global_step=5200, grad_norm=1.5799602270126343, loss=1.9307587146759033
I0212 14:59:54.446076 140285415180032 logging_writer.py:48] [5300] global_step=5300, grad_norm=2.0802478790283203, loss=1.9317505359649658
I0212 15:01:14.519443 140285423572736 logging_writer.py:48] [5400] global_step=5400, grad_norm=2.691025495529175, loss=2.008915424346924
I0212 15:02:38.354328 140285415180032 logging_writer.py:48] [5500] global_step=5500, grad_norm=3.1400692462921143, loss=2.0021982192993164
I0212 15:04:04.744073 140285423572736 logging_writer.py:48] [5600] global_step=5600, grad_norm=3.3728041648864746, loss=2.0042502880096436
I0212 15:05:28.595933 140285415180032 logging_writer.py:48] [5700] global_step=5700, grad_norm=3.247539520263672, loss=1.9750022888183594
I0212 15:06:59.200863 140285423572736 logging_writer.py:48] [5800] global_step=5800, grad_norm=3.2797067165374756, loss=1.9764078855514526
I0212 15:08:31.909753 140285415180032 logging_writer.py:48] [5900] global_step=5900, grad_norm=2.4889135360717773, loss=1.9400825500488281
I0212 15:10:02.055156 140285423572736 logging_writer.py:48] [6000] global_step=6000, grad_norm=7.348606109619141, loss=1.9968960285186768
I0212 15:11:28.470975 140285415180032 logging_writer.py:48] [6100] global_step=6100, grad_norm=2.869753122329712, loss=1.9266456365585327
I0212 15:12:59.122946 140285423572736 logging_writer.py:48] [6200] global_step=6200, grad_norm=2.6349918842315674, loss=1.8839086294174194
I0212 15:14:17.586596 140285415180032 logging_writer.py:48] [6300] global_step=6300, grad_norm=2.8511695861816406, loss=1.8889843225479126
I0212 15:15:36.647937 140285423572736 logging_writer.py:48] [6400] global_step=6400, grad_norm=2.6579036712646484, loss=1.9595850706100464
I0212 15:16:54.170099 140285415180032 logging_writer.py:48] [6500] global_step=6500, grad_norm=2.7395596504211426, loss=2.0359435081481934
I0212 15:18:18.654322 140285423572736 logging_writer.py:48] [6600] global_step=6600, grad_norm=2.578984498977661, loss=1.9498347043991089
I0212 15:19:47.904201 140285415180032 logging_writer.py:48] [6700] global_step=6700, grad_norm=2.6732726097106934, loss=2.0011143684387207
I0212 15:21:20.419086 140285423572736 logging_writer.py:48] [6800] global_step=6800, grad_norm=1.944111704826355, loss=1.9194064140319824
I0212 15:21:22.108604 140441227016000 spec.py:321] Evaluating on the training split.
I0212 15:22:16.829680 140441227016000 spec.py:333] Evaluating on the validation split.
I0212 15:23:11.329449 140441227016000 spec.py:349] Evaluating on the test split.
I0212 15:23:39.055577 140441227016000 submission_runner.py:408] Time since start: 6488.07s, 	Step: 6803, 	{'train/ctc_loss': Array(0.8884563, dtype=float32), 'train/wer': 0.267509416380854, 'validation/ctc_loss': Array(0.9415473, dtype=float32), 'validation/wer': 0.26318584241675275, 'validation/num_examples': 5348, 'test/ctc_loss': Array(0.6189214, dtype=float32), 'test/wer': 0.19078666747912984, 'test/num_examples': 2472, 'score': 5777.149932384491, 'total_duration': 6488.072125196457, 'accumulated_submission_time': 5777.149932384491, 'accumulated_eval_time': 710.4288213253021, 'accumulated_logging_time': 0.1832258701324463}
I0212 15:23:39.090432 140285423572736 logging_writer.py:48] [6803] accumulated_eval_time=710.428821, accumulated_logging_time=0.183226, accumulated_submission_time=5777.149932, global_step=6803, preemption_count=0, score=5777.149932, test/ctc_loss=0.6189213991165161, test/num_examples=2472, test/wer=0.190787, total_duration=6488.072125, train/ctc_loss=0.8884562849998474, train/wer=0.267509, validation/ctc_loss=0.9415472745895386, validation/num_examples=5348, validation/wer=0.263186
I0212 15:24:52.725661 140285415180032 logging_writer.py:48] [6900] global_step=6900, grad_norm=4.425760746002197, loss=1.977020502090454
I0212 15:26:07.605324 140285423572736 logging_writer.py:48] [7000] global_step=7000, grad_norm=2.762070655822754, loss=1.9461743831634521
I0212 15:27:33.131742 140285415180032 logging_writer.py:48] [7100] global_step=7100, grad_norm=3.843212366104126, loss=1.9008195400238037
I0212 15:29:02.952106 140285423572736 logging_writer.py:48] [7200] global_step=7200, grad_norm=3.6582765579223633, loss=1.9379456043243408
I0212 15:30:24.915656 140285423572736 logging_writer.py:48] [7300] global_step=7300, grad_norm=2.2383463382720947, loss=1.971744179725647
I0212 15:31:42.172898 140285415180032 logging_writer.py:48] [7400] global_step=7400, grad_norm=3.141464948654175, loss=1.9173740148544312
I0212 15:33:06.774292 140285423572736 logging_writer.py:48] [7500] global_step=7500, grad_norm=2.570040702819824, loss=1.9017432928085327
I0212 15:34:32.143501 140285415180032 logging_writer.py:48] [7600] global_step=7600, grad_norm=4.523428440093994, loss=1.8666530847549438
I0212 15:35:58.528114 140285423572736 logging_writer.py:48] [7700] global_step=7700, grad_norm=3.8023598194122314, loss=1.8812625408172607
I0212 15:37:24.274188 140285415180032 logging_writer.py:48] [7800] global_step=7800, grad_norm=2.232038974761963, loss=1.9355518817901611
I0212 15:38:52.070069 140285423572736 logging_writer.py:48] [7900] global_step=7900, grad_norm=3.4233224391937256, loss=1.8847792148590088
I0212 15:40:18.844539 140285415180032 logging_writer.py:48] [8000] global_step=8000, grad_norm=5.1613545417785645, loss=1.9177168607711792
I0212 15:41:46.729772 140285423572736 logging_writer.py:48] [8100] global_step=8100, grad_norm=2.3574392795562744, loss=1.8838177919387817
I0212 15:43:14.660115 140285415180032 logging_writer.py:48] [8200] global_step=8200, grad_norm=3.343763589859009, loss=1.8827922344207764
I0212 15:44:39.409207 140285423572736 logging_writer.py:48] [8300] global_step=8300, grad_norm=4.219058513641357, loss=1.9847661256790161
I0212 15:45:56.460211 140285415180032 logging_writer.py:48] [8400] global_step=8400, grad_norm=3.522221088409424, loss=1.8875802755355835
I0212 15:47:15.092669 140285423572736 logging_writer.py:48] [8500] global_step=8500, grad_norm=3.425440788269043, loss=1.8351207971572876
I0212 15:47:39.527590 140441227016000 spec.py:321] Evaluating on the training split.
I0212 15:48:33.784719 140441227016000 spec.py:333] Evaluating on the validation split.
I0212 15:49:28.436604 140441227016000 spec.py:349] Evaluating on the test split.
I0212 15:49:55.640252 140441227016000 submission_runner.py:408] Time since start: 8064.66s, 	Step: 8533, 	{'train/ctc_loss': Array(0.7801244, dtype=float32), 'train/wer': 0.23471242189340483, 'validation/ctc_loss': Array(0.90787, dtype=float32), 'validation/wer': 0.25158094943858195, 'validation/num_examples': 5348, 'test/ctc_loss': Array(0.57711726, dtype=float32), 'test/wer': 0.1780106838908862, 'test/num_examples': 2472, 'score': 7217.49794960022, 'total_duration': 8064.6559591293335, 'accumulated_submission_time': 7217.49794960022, 'accumulated_eval_time': 846.5350136756897, 'accumulated_logging_time': 0.23366570472717285}
I0212 15:49:55.677324 140285423572736 logging_writer.py:48] [8533] accumulated_eval_time=846.535014, accumulated_logging_time=0.233666, accumulated_submission_time=7217.497950, global_step=8533, preemption_count=0, score=7217.497950, test/ctc_loss=0.5771172642707825, test/num_examples=2472, test/wer=0.178011, total_duration=8064.655959, train/ctc_loss=0.7801244258880615, train/wer=0.234712, validation/ctc_loss=0.9078699946403503, validation/num_examples=5348, validation/wer=0.251581
I0212 15:50:46.593673 140285415180032 logging_writer.py:48] [8600] global_step=8600, grad_norm=2.037360668182373, loss=1.8327140808105469
I0212 15:52:01.602164 140285423572736 logging_writer.py:48] [8700] global_step=8700, grad_norm=2.1770551204681396, loss=1.8229849338531494
I0212 15:53:22.897246 140285415180032 logging_writer.py:48] [8800] global_step=8800, grad_norm=2.6877388954162598, loss=1.8451507091522217
I0212 15:54:52.595713 140285423572736 logging_writer.py:48] [8900] global_step=8900, grad_norm=3.215409755706787, loss=1.8724536895751953
I0212 15:56:22.895858 140285415180032 logging_writer.py:48] [9000] global_step=9000, grad_norm=2.5522449016571045, loss=1.87472665309906
I0212 15:57:49.988158 140285423572736 logging_writer.py:48] [9100] global_step=9100, grad_norm=9.052183151245117, loss=1.8864915370941162
I0212 15:59:21.427503 140285415180032 logging_writer.py:48] [9200] global_step=9200, grad_norm=1.7337558269500732, loss=1.8982312679290771
I0212 16:00:51.144617 140285423572736 logging_writer.py:48] [9300] global_step=9300, grad_norm=2.0396671295166016, loss=1.9132065773010254
I0212 16:02:08.874803 140285415180032 logging_writer.py:48] [9400] global_step=9400, grad_norm=2.218527317047119, loss=1.9307548999786377
I0212 16:03:28.248622 140285423572736 logging_writer.py:48] [9500] global_step=9500, grad_norm=3.4950954914093018, loss=1.8325860500335693
I0212 16:04:50.684448 140285415180032 logging_writer.py:48] [9600] global_step=9600, grad_norm=2.982257127761841, loss=1.8337987661361694
I0212 16:06:17.207574 140285423572736 logging_writer.py:48] [9700] global_step=9700, grad_norm=3.6931746006011963, loss=1.9153364896774292
I0212 16:07:44.499620 140285415180032 logging_writer.py:48] [9800] global_step=9800, grad_norm=2.265766143798828, loss=1.8768601417541504
I0212 16:09:09.823846 140285423572736 logging_writer.py:48] [9900] global_step=9900, grad_norm=3.143162250518799, loss=1.7783740758895874
I0212 16:10:40.588237 140285415180032 logging_writer.py:48] [10000] global_step=10000, grad_norm=3.499849796295166, loss=1.7867203950881958
I0212 16:12:12.363441 140285423572736 logging_writer.py:48] [10100] global_step=10100, grad_norm=2.746277093887329, loss=1.8156894445419312
I0212 16:13:39.934521 140285415180032 logging_writer.py:48] [10200] global_step=10200, grad_norm=2.7286314964294434, loss=1.8040046691894531
I0212 16:13:55.771941 140441227016000 spec.py:321] Evaluating on the training split.
I0212 16:14:51.157662 140441227016000 spec.py:333] Evaluating on the validation split.
I0212 16:15:45.649334 140441227016000 spec.py:349] Evaluating on the test split.
I0212 16:16:12.647011 140441227016000 submission_runner.py:408] Time since start: 9641.66s, 	Step: 10220, 	{'train/ctc_loss': Array(0.78038126, dtype=float32), 'train/wer': 0.2305007804084504, 'validation/ctc_loss': Array(0.8497801, dtype=float32), 'validation/wer': 0.23874991552178573, 'validation/num_examples': 5348, 'test/ctc_loss': Array(0.5482055, dtype=float32), 'test/wer': 0.16828143724737474, 'test/num_examples': 2472, 'score': 8657.429280042648, 'total_duration': 9641.66242980957, 'accumulated_submission_time': 8657.429280042648, 'accumulated_eval_time': 983.4033079147339, 'accumulated_logging_time': 0.36255407333374023}
I0212 16:16:12.688163 140285423572736 logging_writer.py:48] [10220] accumulated_eval_time=983.403308, accumulated_logging_time=0.362554, accumulated_submission_time=8657.429280, global_step=10220, preemption_count=0, score=8657.429280, test/ctc_loss=0.5482054948806763, test/num_examples=2472, test/wer=0.168281, total_duration=9641.662430, train/ctc_loss=0.7803812623023987, train/wer=0.230501, validation/ctc_loss=0.8497800827026367, validation/num_examples=5348, validation/wer=0.238750
I0212 16:17:16.997682 140285423572736 logging_writer.py:48] [10300] global_step=10300, grad_norm=2.514993906021118, loss=1.883413553237915
I0212 16:18:33.395557 140285415180032 logging_writer.py:48] [10400] global_step=10400, grad_norm=3.8975296020507812, loss=1.871023416519165
I0212 16:19:52.673060 140285423572736 logging_writer.py:48] [10500] global_step=10500, grad_norm=2.1352577209472656, loss=1.7622214555740356
I0212 16:21:12.787034 140285415180032 logging_writer.py:48] [10600] global_step=10600, grad_norm=2.019864797592163, loss=1.7619149684906006
I0212 16:22:37.436492 140285423572736 logging_writer.py:48] [10700] global_step=10700, grad_norm=4.383542060852051, loss=1.819725513458252
I0212 16:24:08.600990 140285415180032 logging_writer.py:48] [10800] global_step=10800, grad_norm=3.696371555328369, loss=1.852247953414917
I0212 16:25:40.110357 140285423572736 logging_writer.py:48] [10900] global_step=10900, grad_norm=4.818033218383789, loss=1.8891618251800537
I0212 16:27:10.833877 140285415180032 logging_writer.py:48] [11000] global_step=11000, grad_norm=2.7469990253448486, loss=1.755135178565979
I0212 16:28:41.031991 140285423572736 logging_writer.py:48] [11100] global_step=11100, grad_norm=2.7497706413269043, loss=1.8390929698944092
I0212 16:30:08.766782 140285415180032 logging_writer.py:48] [11200] global_step=11200, grad_norm=5.181008815765381, loss=1.7690019607543945
I0212 16:31:37.510801 140285423572736 logging_writer.py:48] [11300] global_step=11300, grad_norm=2.225881338119507, loss=1.8098442554473877
I0212 16:33:00.828407 140285423572736 logging_writer.py:48] [11400] global_step=11400, grad_norm=3.3542122840881348, loss=1.82445228099823
I0212 16:34:17.108566 140285415180032 logging_writer.py:48] [11500] global_step=11500, grad_norm=1.8577197790145874, loss=1.8406484127044678
I0212 16:35:35.427552 140285423572736 logging_writer.py:48] [11600] global_step=11600, grad_norm=2.194943904876709, loss=1.8393677473068237
I0212 16:36:56.599181 140285415180032 logging_writer.py:48] [11700] global_step=11700, grad_norm=4.558579444885254, loss=1.805660605430603
I0212 16:38:22.348638 140285423572736 logging_writer.py:48] [11800] global_step=11800, grad_norm=2.2787904739379883, loss=1.863144040107727
I0212 16:39:52.731194 140285415180032 logging_writer.py:48] [11900] global_step=11900, grad_norm=3.086819648742676, loss=1.793904423713684
I0212 16:40:12.843856 140441227016000 spec.py:321] Evaluating on the training split.
I0212 16:41:08.234045 140441227016000 spec.py:333] Evaluating on the validation split.
I0212 16:42:02.161880 140441227016000 spec.py:349] Evaluating on the test split.
I0212 16:42:29.943088 140441227016000 submission_runner.py:408] Time since start: 11218.96s, 	Step: 11925, 	{'train/ctc_loss': Array(0.6961746, dtype=float32), 'train/wer': 0.213959671084794, 'validation/ctc_loss': Array(0.8327891, dtype=float32), 'validation/wer': 0.23424119254274597, 'validation/num_examples': 5348, 'test/ctc_loss': Array(0.5307556, dtype=float32), 'test/wer': 0.16681900351390327, 'test/num_examples': 2472, 'score': 10097.492525815964, 'total_duration': 11218.957754611969, 'accumulated_submission_time': 10097.492525815964, 'accumulated_eval_time': 1120.4950244426727, 'accumulated_logging_time': 0.4233393669128418}
I0212 16:42:29.975996 140285423572736 logging_writer.py:48] [11925] accumulated_eval_time=1120.495024, accumulated_logging_time=0.423339, accumulated_submission_time=10097.492526, global_step=11925, preemption_count=0, score=10097.492526, test/ctc_loss=0.5307555794715881, test/num_examples=2472, test/wer=0.166819, total_duration=11218.957755, train/ctc_loss=0.6961746215820312, train/wer=0.213960, validation/ctc_loss=0.8327891230583191, validation/num_examples=5348, validation/wer=0.234241
I0212 16:43:27.183658 140285415180032 logging_writer.py:48] [12000] global_step=12000, grad_norm=2.4238388538360596, loss=1.7805460691452026
I0212 16:44:42.391342 140285423572736 logging_writer.py:48] [12100] global_step=12100, grad_norm=3.6896469593048096, loss=1.769007921218872
I0212 16:46:03.841395 140285415180032 logging_writer.py:48] [12200] global_step=12200, grad_norm=3.0902931690216064, loss=1.8790984153747559
I0212 16:47:31.862252 140285423572736 logging_writer.py:48] [12300] global_step=12300, grad_norm=3.302312135696411, loss=1.8426223993301392
I0212 16:48:59.403434 140285423572736 logging_writer.py:48] [12400] global_step=12400, grad_norm=3.050287961959839, loss=1.7830137014389038
I0212 16:50:15.663566 140285415180032 logging_writer.py:48] [12500] global_step=12500, grad_norm=3.550783634185791, loss=1.7596417665481567
I0212 16:51:35.947038 140285423572736 logging_writer.py:48] [12600] global_step=12600, grad_norm=3.5854713916778564, loss=1.8103662729263306
I0212 16:52:56.922426 140285415180032 logging_writer.py:48] [12700] global_step=12700, grad_norm=2.309316635131836, loss=1.7817591428756714
I0212 16:54:21.026568 140285423572736 logging_writer.py:48] [12800] global_step=12800, grad_norm=3.3575637340545654, loss=1.8567856550216675
I0212 16:55:48.565437 140285415180032 logging_writer.py:48] [12900] global_step=12900, grad_norm=2.903066396713257, loss=1.7713837623596191
I0212 16:57:20.208659 140285423572736 logging_writer.py:48] [13000] global_step=13000, grad_norm=3.580519914627075, loss=1.764041543006897
I0212 16:58:51.146061 140285415180032 logging_writer.py:48] [13100] global_step=13100, grad_norm=2.749929189682007, loss=1.7695448398590088
I0212 17:00:15.234190 140285423572736 logging_writer.py:48] [13200] global_step=13200, grad_norm=1.971830129623413, loss=1.877437710762024
I0212 17:01:44.880671 140285415180032 logging_writer.py:48] [13300] global_step=13300, grad_norm=2.293269395828247, loss=1.7926952838897705
I0212 17:03:17.462825 140285423572736 logging_writer.py:48] [13400] global_step=13400, grad_norm=2.294933557510376, loss=1.80156672000885
I0212 17:04:33.697701 140285415180032 logging_writer.py:48] [13500] global_step=13500, grad_norm=3.290262222290039, loss=1.8337576389312744
I0212 17:05:51.129350 140285423572736 logging_writer.py:48] [13600] global_step=13600, grad_norm=3.4868416786193848, loss=1.8097666501998901
I0212 17:06:30.555249 140441227016000 spec.py:321] Evaluating on the training split.
I0212 17:07:24.451285 140441227016000 spec.py:333] Evaluating on the validation split.
I0212 17:08:19.506670 140441227016000 spec.py:349] Evaluating on the test split.
I0212 17:08:46.030026 140441227016000 submission_runner.py:408] Time since start: 12795.05s, 	Step: 13649, 	{'train/ctc_loss': Array(0.68453616, dtype=float32), 'train/wer': 0.21149859912074895, 'validation/ctc_loss': Array(0.8041042, dtype=float32), 'validation/wer': 0.22599611882946985, 'validation/num_examples': 5348, 'test/ctc_loss': Array(0.49814272, dtype=float32), 'test/wer': 0.15863343692238946, 'test/num_examples': 2472, 'score': 11537.983419895172, 'total_duration': 12795.047011137009, 'accumulated_submission_time': 11537.983419895172, 'accumulated_eval_time': 1255.964623451233, 'accumulated_logging_time': 0.4713277816772461}
I0212 17:08:46.067357 140285423572736 logging_writer.py:48] [13649] accumulated_eval_time=1255.964623, accumulated_logging_time=0.471328, accumulated_submission_time=11537.983420, global_step=13649, preemption_count=0, score=11537.983420, test/ctc_loss=0.49814271926879883, test/num_examples=2472, test/wer=0.158633, total_duration=12795.047011, train/ctc_loss=0.6845361590385437, train/wer=0.211499, validation/ctc_loss=0.804104208946228, validation/num_examples=5348, validation/wer=0.225996
I0212 17:09:25.100297 140285415180032 logging_writer.py:48] [13700] global_step=13700, grad_norm=2.197672128677368, loss=1.7841863632202148
I0212 17:10:40.218555 140285423572736 logging_writer.py:48] [13800] global_step=13800, grad_norm=1.8376574516296387, loss=1.7670693397521973
I0212 17:11:57.332038 140285415180032 logging_writer.py:48] [13900] global_step=13900, grad_norm=4.076992988586426, loss=1.869482398033142
I0212 17:13:30.016345 140285423572736 logging_writer.py:48] [14000] global_step=14000, grad_norm=2.1675539016723633, loss=1.81699538230896
I0212 17:15:00.844783 140285415180032 logging_writer.py:48] [14100] global_step=14100, grad_norm=2.204233407974243, loss=1.7620928287506104
I0212 17:16:28.994397 140285423572736 logging_writer.py:48] [14200] global_step=14200, grad_norm=3.5798537731170654, loss=1.799009084701538
I0212 17:17:56.159422 140285415180032 logging_writer.py:48] [14300] global_step=14300, grad_norm=5.364120006561279, loss=1.8143514394760132
I0212 17:19:23.870510 140285423572736 logging_writer.py:48] [14400] global_step=14400, grad_norm=2.8972325325012207, loss=1.7672510147094727
I0212 17:20:44.558166 140285423572736 logging_writer.py:48] [14500] global_step=14500, grad_norm=3.1821823120117188, loss=1.7823920249938965
I0212 17:22:03.819121 140285415180032 logging_writer.py:48] [14600] global_step=14600, grad_norm=2.8984427452087402, loss=1.7308048009872437
I0212 17:23:20.338415 140285423572736 logging_writer.py:48] [14700] global_step=14700, grad_norm=3.6189286708831787, loss=1.7696667909622192
I0212 17:24:42.686763 140285415180032 logging_writer.py:48] [14800] global_step=14800, grad_norm=2.2648494243621826, loss=1.7300667762756348
I0212 17:26:10.236952 140285423572736 logging_writer.py:48] [14900] global_step=14900, grad_norm=5.899809837341309, loss=1.8489611148834229
I0212 17:27:39.182493 140285415180032 logging_writer.py:48] [15000] global_step=15000, grad_norm=3.2960152626037598, loss=1.826181173324585
I0212 17:29:07.598347 140285423572736 logging_writer.py:48] [15100] global_step=15100, grad_norm=3.6878502368927, loss=1.727089285850525
I0212 17:30:37.247377 140285415180032 logging_writer.py:48] [15200] global_step=15200, grad_norm=2.3152756690979004, loss=1.751425862312317
I0212 17:32:08.255008 140285423572736 logging_writer.py:48] [15300] global_step=15300, grad_norm=4.6776227951049805, loss=1.7866586446762085
I0212 17:32:46.792264 140441227016000 spec.py:321] Evaluating on the training split.
I0212 17:33:41.593733 140441227016000 spec.py:333] Evaluating on the validation split.
I0212 17:34:36.015302 140441227016000 spec.py:349] Evaluating on the test split.
I0212 17:35:04.277659 140441227016000 submission_runner.py:408] Time since start: 14373.29s, 	Step: 15342, 	{'train/ctc_loss': Array(0.68597907, dtype=float32), 'train/wer': 0.21039335576396417, 'validation/ctc_loss': Array(0.7896287, dtype=float32), 'validation/wer': 0.22074398756480687, 'validation/num_examples': 5348, 'test/ctc_loss': Array(0.49917656, dtype=float32), 'test/wer': 0.1561554242073406, 'test/num_examples': 2472, 'score': 12978.61863040924, 'total_duration': 14373.29497885704, 'accumulated_submission_time': 12978.61863040924, 'accumulated_eval_time': 1393.445172548294, 'accumulated_logging_time': 0.5251693725585938}
I0212 17:35:04.309192 140285423572736 logging_writer.py:48] [15342] accumulated_eval_time=1393.445173, accumulated_logging_time=0.525169, accumulated_submission_time=12978.618630, global_step=15342, preemption_count=0, score=12978.618630, test/ctc_loss=0.499176561832428, test/num_examples=2472, test/wer=0.156155, total_duration=14373.294979, train/ctc_loss=0.6859790682792664, train/wer=0.210393, validation/ctc_loss=0.7896286845207214, validation/num_examples=5348, validation/wer=0.220744
I0212 17:35:48.476110 140285415180032 logging_writer.py:48] [15400] global_step=15400, grad_norm=2.5413691997528076, loss=1.7444775104522705
I0212 17:37:06.909084 140285423572736 logging_writer.py:48] [15500] global_step=15500, grad_norm=4.273727893829346, loss=1.819272756576538
I0212 17:38:22.216859 140285415180032 logging_writer.py:48] [15600] global_step=15600, grad_norm=2.4807615280151367, loss=1.7831454277038574
I0212 17:39:41.428889 140285423572736 logging_writer.py:48] [15700] global_step=15700, grad_norm=2.35121488571167, loss=1.7809315919876099
I0212 17:40:58.392319 140285415180032 logging_writer.py:48] [15800] global_step=15800, grad_norm=2.7910706996917725, loss=1.8270890712738037
I0212 17:42:21.695663 140285423572736 logging_writer.py:48] [15900] global_step=15900, grad_norm=2.4480209350585938, loss=1.7716064453125
I0212 17:43:50.477038 140285415180032 logging_writer.py:48] [16000] global_step=16000, grad_norm=3.3948025703430176, loss=1.8089805841445923
I0212 17:45:21.109496 140285423572736 logging_writer.py:48] [16100] global_step=16100, grad_norm=3.6492767333984375, loss=1.831486701965332
I0212 17:46:50.893610 140285415180032 logging_writer.py:48] [16200] global_step=16200, grad_norm=4.836198806762695, loss=1.7613004446029663
I0212 17:48:18.889035 140285423572736 logging_writer.py:48] [16300] global_step=16300, grad_norm=4.025827884674072, loss=1.8392231464385986
I0212 17:49:46.612848 140285415180032 logging_writer.py:48] [16400] global_step=16400, grad_norm=2.267530679702759, loss=1.758087396621704
I0212 17:51:17.423978 140285423572736 logging_writer.py:48] [16500] global_step=16500, grad_norm=2.4825222492218018, loss=1.6945443153381348
I0212 17:52:32.230588 140285415180032 logging_writer.py:48] [16600] global_step=16600, grad_norm=3.205955743789673, loss=1.7654074430465698
I0212 17:53:50.129829 140285423572736 logging_writer.py:48] [16700] global_step=16700, grad_norm=2.25285005569458, loss=1.7736300230026245
I0212 17:55:08.322725 140285415180032 logging_writer.py:48] [16800] global_step=16800, grad_norm=2.662095069885254, loss=1.7425522804260254
I0212 17:56:30.872519 140285423572736 logging_writer.py:48] [16900] global_step=16900, grad_norm=1.7266736030578613, loss=1.6931723356246948
I0212 17:57:56.852661 140285415180032 logging_writer.py:48] [17000] global_step=17000, grad_norm=2.801297187805176, loss=1.6573768854141235
I0212 17:59:04.718675 140441227016000 spec.py:321] Evaluating on the training split.
I0212 18:00:08.717479 140441227016000 spec.py:333] Evaluating on the validation split.
I0212 18:01:03.226581 140441227016000 spec.py:349] Evaluating on the test split.
I0212 18:01:30.509932 140441227016000 submission_runner.py:408] Time since start: 15959.53s, 	Step: 17076, 	{'train/ctc_loss': Array(0.43890128, dtype=float32), 'train/wer': 0.1444019164369262, 'validation/ctc_loss': Array(0.7677971, dtype=float32), 'validation/wer': 0.21517325274916246, 'validation/num_examples': 5348, 'test/ctc_loss': Array(0.4785223, dtype=float32), 'test/wer': 0.15109784087908518, 'test/num_examples': 2472, 'score': 14418.936494112015, 'total_duration': 15959.526646614075, 'accumulated_submission_time': 14418.936494112015, 'accumulated_eval_time': 1539.2309548854828, 'accumulated_logging_time': 0.5735268592834473}
I0212 18:01:30.543547 140285423572736 logging_writer.py:48] [17076] accumulated_eval_time=1539.230955, accumulated_logging_time=0.573527, accumulated_submission_time=14418.936494, global_step=17076, preemption_count=0, score=14418.936494, test/ctc_loss=0.47852230072021484, test/num_examples=2472, test/wer=0.151098, total_duration=15959.526647, train/ctc_loss=0.43890127539634705, train/wer=0.144402, validation/ctc_loss=0.7677971124649048, validation/num_examples=5348, validation/wer=0.215173
I0212 18:01:49.568935 140285415180032 logging_writer.py:48] [17100] global_step=17100, grad_norm=3.2533562183380127, loss=1.756230354309082
I0212 18:03:04.714293 140285423572736 logging_writer.py:48] [17200] global_step=17200, grad_norm=1.840869426727295, loss=1.7151007652282715
I0212 18:04:19.892737 140285415180032 logging_writer.py:48] [17300] global_step=17300, grad_norm=4.95068883895874, loss=1.7943717241287231
I0212 18:05:49.983818 140285423572736 logging_writer.py:48] [17400] global_step=17400, grad_norm=1.8637385368347168, loss=1.6982554197311401
I0212 18:07:18.099483 140285415180032 logging_writer.py:48] [17500] global_step=17500, grad_norm=1.838202714920044, loss=1.7303191423416138
I0212 18:08:39.747032 140285423572736 logging_writer.py:48] [17600] global_step=17600, grad_norm=2.597599744796753, loss=1.6996214389801025
I0212 18:09:57.439279 140285415180032 logging_writer.py:48] [17700] global_step=17700, grad_norm=2.2133913040161133, loss=1.8133643865585327
I0212 18:11:18.130204 140285423572736 logging_writer.py:48] [17800] global_step=17800, grad_norm=2.430288314819336, loss=1.7381930351257324
I0212 18:12:40.322391 140285415180032 logging_writer.py:48] [17900] global_step=17900, grad_norm=2.4797768592834473, loss=1.7246397733688354
I0212 18:14:06.646867 140285423572736 logging_writer.py:48] [18000] global_step=18000, grad_norm=4.9507527351379395, loss=1.7259446382522583
I0212 18:15:34.649678 140285415180032 logging_writer.py:48] [18100] global_step=18100, grad_norm=3.6104416847229004, loss=1.7259596586227417
I0212 18:17:05.248608 140285423572736 logging_writer.py:48] [18200] global_step=18200, grad_norm=2.101658344268799, loss=1.7482880353927612
I0212 18:18:35.218556 140285415180032 logging_writer.py:48] [18300] global_step=18300, grad_norm=1.6431314945220947, loss=1.7382760047912598
I0212 18:20:07.361098 140285423572736 logging_writer.py:48] [18400] global_step=18400, grad_norm=2.5483388900756836, loss=1.6438772678375244
I0212 18:21:37.957574 140285415180032 logging_writer.py:48] [18500] global_step=18500, grad_norm=3.0521433353424072, loss=1.7618401050567627
I0212 18:23:02.162966 140285423572736 logging_writer.py:48] [18600] global_step=18600, grad_norm=2.5252296924591064, loss=1.6546374559402466
I0212 18:24:18.825566 140285415180032 logging_writer.py:48] [18700] global_step=18700, grad_norm=3.0612645149230957, loss=1.6894757747650146
I0212 18:25:31.125798 140441227016000 spec.py:321] Evaluating on the training split.
I0212 18:26:27.213597 140441227016000 spec.py:333] Evaluating on the validation split.
I0212 18:27:20.395671 140441227016000 spec.py:349] Evaluating on the test split.
I0212 18:27:46.757504 140441227016000 submission_runner.py:408] Time since start: 17535.77s, 	Step: 18793, 	{'train/ctc_loss': Array(0.4114516, dtype=float32), 'train/wer': 0.13331886798301354, 'validation/ctc_loss': Array(0.739945, dtype=float32), 'validation/wer': 0.20781640711741023, 'validation/num_examples': 5348, 'test/ctc_loss': Array(0.45743635, dtype=float32), 'test/wer': 0.1456137143785672, 'test/num_examples': 2472, 'score': 15859.429361820221, 'total_duration': 17535.774045705795, 'accumulated_submission_time': 15859.429361820221, 'accumulated_eval_time': 1674.8570148944855, 'accumulated_logging_time': 0.6237502098083496}
I0212 18:27:46.794172 140285423572736 logging_writer.py:48] [18793] accumulated_eval_time=1674.857015, accumulated_logging_time=0.623750, accumulated_submission_time=15859.429362, global_step=18793, preemption_count=0, score=15859.429362, test/ctc_loss=0.45743635296821594, test/num_examples=2472, test/wer=0.145614, total_duration=17535.774046, train/ctc_loss=0.4114516079425812, train/wer=0.133319, validation/ctc_loss=0.7399449944496155, validation/num_examples=5348, validation/wer=0.207816
I0212 18:27:52.888960 140285415180032 logging_writer.py:48] [18800] global_step=18800, grad_norm=2.9631388187408447, loss=1.7168457508087158
I0212 18:29:07.766663 140285423572736 logging_writer.py:48] [18900] global_step=18900, grad_norm=2.7329165935516357, loss=1.7132830619812012
I0212 18:30:23.515354 140285415180032 logging_writer.py:48] [19000] global_step=19000, grad_norm=2.491238832473755, loss=1.6824417114257812
I0212 18:31:44.430668 140285423572736 logging_writer.py:48] [19100] global_step=19100, grad_norm=2.764960289001465, loss=1.738446831703186
I0212 18:33:15.619640 140285415180032 logging_writer.py:48] [19200] global_step=19200, grad_norm=3.2442619800567627, loss=1.7174214124679565
I0212 18:34:43.717321 140285423572736 logging_writer.py:48] [19300] global_step=19300, grad_norm=3.2906408309936523, loss=1.605741024017334
I0212 18:36:11.875218 140285415180032 logging_writer.py:48] [19400] global_step=19400, grad_norm=2.497278928756714, loss=1.6766002178192139
I0212 18:37:41.460584 140285423572736 logging_writer.py:48] [19500] global_step=19500, grad_norm=1.7976152896881104, loss=1.6038837432861328
I0212 18:39:07.954747 140285423572736 logging_writer.py:48] [19600] global_step=19600, grad_norm=3.032705545425415, loss=1.7038418054580688
I0212 18:40:24.748132 140285415180032 logging_writer.py:48] [19700] global_step=19700, grad_norm=1.6636019945144653, loss=1.7446885108947754
I0212 18:41:41.748311 140285423572736 logging_writer.py:48] [19800] global_step=19800, grad_norm=2.7672719955444336, loss=1.6141091585159302
I0212 18:43:03.283322 140285415180032 logging_writer.py:48] [19900] global_step=19900, grad_norm=5.277750015258789, loss=1.7304580211639404
I0212 18:44:23.729124 140285423572736 logging_writer.py:48] [20000] global_step=20000, grad_norm=3.575937271118164, loss=1.6585710048675537
I0212 18:45:52.631741 140285415180032 logging_writer.py:48] [20100] global_step=20100, grad_norm=1.9925081729888916, loss=1.651107668876648
I0212 18:47:23.041297 140285423572736 logging_writer.py:48] [20200] global_step=20200, grad_norm=2.152651309967041, loss=1.6362407207489014
I0212 18:48:49.063280 140285415180032 logging_writer.py:48] [20300] global_step=20300, grad_norm=2.6714494228363037, loss=1.6546697616577148
I0212 18:50:18.045968 140285423572736 logging_writer.py:48] [20400] global_step=20400, grad_norm=3.4363560676574707, loss=1.6515874862670898
I0212 18:51:44.577762 140285415180032 logging_writer.py:48] [20500] global_step=20500, grad_norm=2.0614991188049316, loss=1.7551378011703491
I0212 18:51:47.665565 140441227016000 spec.py:321] Evaluating on the training split.
I0212 18:52:44.124672 140441227016000 spec.py:333] Evaluating on the validation split.
I0212 18:53:38.076590 140441227016000 spec.py:349] Evaluating on the test split.
I0212 18:54:05.385591 140441227016000 submission_runner.py:408] Time since start: 19114.40s, 	Step: 20505, 	{'train/ctc_loss': Array(0.38734055, dtype=float32), 'train/wer': 0.129115201993911, 'validation/ctc_loss': Array(0.71387607, dtype=float32), 'validation/wer': 0.20162777450592312, 'validation/num_examples': 5348, 'test/ctc_loss': Array(0.43603286, dtype=float32), 'test/wer': 0.13740783620742186, 'test/num_examples': 2472, 'score': 17300.21093249321, 'total_duration': 19114.40056157112, 'accumulated_submission_time': 17300.21093249321, 'accumulated_eval_time': 1812.569813489914, 'accumulated_logging_time': 0.6772727966308594}
I0212 18:54:05.420955 140285423572736 logging_writer.py:48] [20505] accumulated_eval_time=1812.569813, accumulated_logging_time=0.677273, accumulated_submission_time=17300.210932, global_step=20505, preemption_count=0, score=17300.210932, test/ctc_loss=0.43603286147117615, test/num_examples=2472, test/wer=0.137408, total_duration=19114.400562, train/ctc_loss=0.3873405456542969, train/wer=0.129115, validation/ctc_loss=0.7138760685920715, validation/num_examples=5348, validation/wer=0.201628
I0212 18:55:21.307108 140285423572736 logging_writer.py:48] [20600] global_step=20600, grad_norm=2.6146774291992188, loss=1.5984041690826416
I0212 18:56:38.458862 140285415180032 logging_writer.py:48] [20700] global_step=20700, grad_norm=2.2338390350341797, loss=1.6479060649871826
I0212 18:57:56.486574 140285423572736 logging_writer.py:48] [20800] global_step=20800, grad_norm=2.5718801021575928, loss=1.639461874961853
I0212 18:59:15.767116 140285415180032 logging_writer.py:48] [20900] global_step=20900, grad_norm=2.2228474617004395, loss=1.642665147781372
I0212 19:00:42.316864 140285423572736 logging_writer.py:48] [21000] global_step=21000, grad_norm=2.004444122314453, loss=1.6231892108917236
I0212 19:02:06.935444 140285415180032 logging_writer.py:48] [21100] global_step=21100, grad_norm=4.1916823387146, loss=1.712273120880127
I0212 19:03:34.994400 140285423572736 logging_writer.py:48] [21200] global_step=21200, grad_norm=2.5572266578674316, loss=1.6566057205200195
I0212 19:05:01.277746 140285415180032 logging_writer.py:48] [21300] global_step=21300, grad_norm=3.3909807205200195, loss=1.6660592555999756
I0212 19:06:32.507097 140285423572736 logging_writer.py:48] [21400] global_step=21400, grad_norm=2.7563154697418213, loss=1.6792007684707642
I0212 19:08:02.227671 140285415180032 logging_writer.py:48] [21500] global_step=21500, grad_norm=1.6719412803649902, loss=1.6134294271469116
I0212 19:09:33.175487 140285423572736 logging_writer.py:48] [21600] global_step=21600, grad_norm=2.3817808628082275, loss=1.6616259813308716
I0212 19:10:58.764536 140285423572736 logging_writer.py:48] [21700] global_step=21700, grad_norm=2.67800235748291, loss=1.5997833013534546
