I0211 20:26:30.691200 140441227016000 submission_runner.py:408] Time since start: 26934.60s, 	Step: 29314, 	{'train/ctc_loss': Array(0.28522658, dtype=float32), 'train/wer': 0.09909472289688673, 'validation/ctc_loss': Array(0.48595044, dtype=float32), 'validation/wer': 0.14087104279907703, 'validation/num_examples': 5348, 'test/ctc_loss': Array(0.26795527, dtype=float32), 'test/wer': 0.08597891658034246, 'test/num_examples': 2472, 'score': 24501.43314099312, 'total_duration': 26934.59812092781, 'accumulated_submission_time': 24501.43314099312, 'accumulated_eval_time': 2430.969462156296, 'accumulated_logging_time': 0.8745872974395752}
I0211 20:26:30.730377 140285423572736 logging_writer.py:48] [29314] accumulated_eval_time=2430.969462, accumulated_logging_time=0.874587, accumulated_submission_time=24501.433141, global_step=29314, preemption_count=0, score=24501.433141, test/ctc_loss=0.2679552733898163, test/num_examples=2472, test/wer=0.085979, total_duration=26934.598121, train/ctc_loss=0.28522658348083496, train/wer=0.099095, validation/ctc_loss=0.48595044016838074, validation/num_examples=5348, validation/wer=0.140871
I0211 20:27:37.027906 140285415180032 logging_writer.py:48] [29400] global_step=29400, grad_norm=1.9649708271026611, loss=1.2649112939834595
I0211 20:28:52.032510 140285423572736 logging_writer.py:48] [29500] global_step=29500, grad_norm=2.7188949584960938, loss=1.270595669746399
I0211 20:30:09.745232 140285415180032 logging_writer.py:48] [29600] global_step=29600, grad_norm=2.1823840141296387, loss=1.219114899635315
I0211 20:31:38.963840 140285423572736 logging_writer.py:48] [29700] global_step=29700, grad_norm=2.5936243534088135, loss=1.1747241020202637
I0211 20:33:02.829373 140285415180032 logging_writer.py:48] [29800] global_step=29800, grad_norm=2.984135627746582, loss=1.310742735862732
I0211 20:34:31.448915 140285423572736 logging_writer.py:48] [29900] global_step=29900, grad_norm=1.6445640325546265, loss=1.2498054504394531
I0211 20:35:51.115278 140285415180032 logging_writer.py:48] [30000] global_step=30000, grad_norm=2.1201934814453125, loss=1.264466404914856
I0211 20:37:11.594293 140285423572736 logging_writer.py:48] [30100] global_step=30100, grad_norm=2.0871453285217285, loss=1.257758378982544
I0211 20:38:30.835149 140285415180032 logging_writer.py:48] [30200] global_step=30200, grad_norm=1.9328454732894897, loss=1.23393714427948
I0211 20:39:52.004214 140285423572736 logging_writer.py:48] [30300] global_step=30300, grad_norm=2.2941322326660156, loss=1.2289329767227173
I0211 20:41:21.215487 140285415180032 logging_writer.py:48] [30400] global_step=30400, grad_norm=1.9754772186279297, loss=1.250694751739502
I0211 20:42:50.832890 140285423572736 logging_writer.py:48] [30500] global_step=30500, grad_norm=2.458116292953491, loss=1.2259432077407837
I0211 20:44:19.414941 140285415180032 logging_writer.py:48] [30600] global_step=30600, grad_norm=1.8551340103149414, loss=1.2094411849975586
I0211 20:45:47.321977 140285423572736 logging_writer.py:48] [30700] global_step=30700, grad_norm=5.823939323425293, loss=1.1955277919769287
I0211 20:47:15.682687 140285415180032 logging_writer.py:48] [30800] global_step=30800, grad_norm=3.760084867477417, loss=1.215126633644104
I0211 20:48:48.598154 140285423572736 logging_writer.py:48] [30900] global_step=30900, grad_norm=2.51802659034729, loss=1.2568641901016235
I0211 20:50:04.169250 140285415180032 logging_writer.py:48] [31000] global_step=31000, grad_norm=2.4908769130706787, loss=1.2471210956573486
I0211 20:50:31.355523 140441227016000 spec.py:321] Evaluating on the training split.
I0211 20:51:24.725939 140441227016000 spec.py:333] Evaluating on the validation split.
I0211 20:52:18.683719 140441227016000 spec.py:349] Evaluating on the test split.
I0211 20:52:45.192827 140441227016000 submission_runner.py:408] Time since start: 28509.10s, 	Step: 31036, 	{'train/ctc_loss': Array(0.26872805, dtype=float32), 'train/wer': 0.09431319773841977, 'validation/ctc_loss': Array(0.47574943, dtype=float32), 'validation/wer': 0.1365940314934783, 'validation/num_examples': 5348, 'test/ctc_loss': Array(0.26138502, dtype=float32), 'test/wer': 0.08388682387829302, 'test/num_examples': 2472, 'score': 25941.97016787529, 'total_duration': 28509.099543333054, 'accumulated_submission_time': 25941.97016787529, 'accumulated_eval_time': 2564.800893306732, 'accumulated_logging_time': 0.9301862716674805}
I0211 20:52:45.228814 140285423572736 logging_writer.py:48] [31036] accumulated_eval_time=2564.800893, accumulated_logging_time=0.930186, accumulated_submission_time=25941.970168, global_step=31036, preemption_count=0, score=25941.970168, test/ctc_loss=0.2613850235939026, test/num_examples=2472, test/wer=0.083887, total_duration=28509.099543, train/ctc_loss=0.2687280476093292, train/wer=0.094313, validation/ctc_loss=0.4757494330406189, validation/num_examples=5348, validation/wer=0.136594
I0211 20:53:33.961261 140285415180032 logging_writer.py:48] [31100] global_step=31100, grad_norm=2.2070722579956055, loss=1.2351796627044678
I0211 20:54:48.906619 140285423572736 logging_writer.py:48] [31200] global_step=31200, grad_norm=2.685154438018799, loss=1.2408744096755981
I0211 20:56:04.125537 140285415180032 logging_writer.py:48] [31300] global_step=31300, grad_norm=2.1820108890533447, loss=1.2058624029159546
I0211 20:57:23.036557 140285423572736 logging_writer.py:48] [31400] global_step=31400, grad_norm=2.2666125297546387, loss=1.1765793561935425
I0211 20:58:51.449416 140285415180032 logging_writer.py:48] [31500] global_step=31500, grad_norm=2.366893768310547, loss=1.3055893182754517
I0211 21:00:19.717647 140285423572736 logging_writer.py:48] [31600] global_step=31600, grad_norm=2.7634694576263428, loss=1.187451720237732
I0211 21:01:50.073523 140285415180032 logging_writer.py:48] [31700] global_step=31700, grad_norm=2.7751142978668213, loss=1.2874364852905273
I0211 21:03:20.714793 140285423572736 logging_writer.py:48] [31800] global_step=31800, grad_norm=3.027181386947632, loss=1.2832391262054443
I0211 21:04:52.743944 140285415180032 logging_writer.py:48] [31900] global_step=31900, grad_norm=2.6100380420684814, loss=1.2964228391647339
I0211 21:06:14.800659 140285423572736 logging_writer.py:48] [32000] global_step=32000, grad_norm=1.954692006111145, loss=1.2305502891540527
I0211 21:07:30.374889 140285415180032 logging_writer.py:48] [32100] global_step=32100, grad_norm=2.5255274772644043, loss=1.2683665752410889
I0211 21:08:45.545726 140285423572736 logging_writer.py:48] [32200] global_step=32200, grad_norm=2.127364158630371, loss=1.2437877655029297
I0211 21:10:06.308655 140285415180032 logging_writer.py:48] [32300] global_step=32300, grad_norm=1.7562940120697021, loss=1.2337520122528076
I0211 21:11:30.716712 140285423572736 logging_writer.py:48] [32400] global_step=32400, grad_norm=2.778714895248413, loss=1.3152357339859009
I0211 21:12:58.854337 140285415180032 logging_writer.py:48] [32500] global_step=32500, grad_norm=1.853796124458313, loss=1.2625441551208496
I0211 21:14:26.152044 140285423572736 logging_writer.py:48] [32600] global_step=32600, grad_norm=3.3941383361816406, loss=1.2362934350967407
I0211 21:15:54.100558 140285415180032 logging_writer.py:48] [32700] global_step=32700, grad_norm=3.9201958179473877, loss=1.2223373651504517
I0211 21:16:45.438028 140441227016000 spec.py:321] Evaluating on the training split.
I0211 21:17:39.951519 140441227016000 spec.py:333] Evaluating on the validation split.
I0211 21:18:32.628920 140441227016000 spec.py:349] Evaluating on the test split.
I0211 21:18:59.514878 140441227016000 submission_runner.py:408] Time since start: 30083.42s, 	Step: 32757, 	{'train/ctc_loss': Array(0.2560898, dtype=float32), 'train/wer': 0.08913130823889437, 'validation/ctc_loss': Array(0.46562022, dtype=float32), 'validation/wer': 0.13359143439180513, 'validation/num_examples': 5348, 'test/ctc_loss': Array(0.24835972, dtype=float32), 'test/wer': 0.08144943432250726, 'test/num_examples': 2472, 'score': 27382.090871334076, 'total_duration': 30083.422049045563, 'accumulated_submission_time': 27382.090871334076, 'accumulated_eval_time': 2698.8723435401917, 'accumulated_logging_time': 0.9823896884918213}
I0211 21:18:59.551223 140285423572736 logging_writer.py:48] [32757] accumulated_eval_time=2698.872344, accumulated_logging_time=0.982390, accumulated_submission_time=27382.090871, global_step=32757, preemption_count=0, score=27382.090871, test/ctc_loss=0.24835972487926483, test/num_examples=2472, test/wer=0.081449, total_duration=30083.422049, train/ctc_loss=0.25608980655670166, train/wer=0.089131, validation/ctc_loss=0.465620219707489, validation/num_examples=5348, validation/wer=0.133591
I0211 21:19:32.497475 140285415180032 logging_writer.py:48] [32800] global_step=32800, grad_norm=1.7622873783111572, loss=1.1960759162902832
I0211 21:20:47.413859 140285423572736 logging_writer.py:48] [32900] global_step=32900, grad_norm=1.9302188158035278, loss=1.219928503036499
I0211 21:22:06.376558 140285423572736 logging_writer.py:48] [33000] global_step=33000, grad_norm=2.3176562786102295, loss=1.1769675016403198
I0211 21:23:21.685916 140285415180032 logging_writer.py:48] [33100] global_step=33100, grad_norm=2.129620313644409, loss=1.2206368446350098
I0211 21:24:39.746220 140285423572736 logging_writer.py:48] [33200] global_step=33200, grad_norm=6.4333391189575195, loss=1.1950263977050781
I0211 21:25:58.322353 140285415180032 logging_writer.py:48] [33300] global_step=33300, grad_norm=3.204118490219116, loss=1.1957013607025146
I0211 21:27:18.772367 140285423572736 logging_writer.py:48] [33400] global_step=33400, grad_norm=3.034337282180786, loss=1.2489513158798218
I0211 21:28:46.397411 140285415180032 logging_writer.py:48] [33500] global_step=33500, grad_norm=2.9898226261138916, loss=1.2279528379440308
I0211 21:30:14.847298 140285423572736 logging_writer.py:48] [33600] global_step=33600, grad_norm=2.726759672164917, loss=1.1796786785125732
I0211 21:31:42.716833 140285415180032 logging_writer.py:48] [33700] global_step=33700, grad_norm=3.904665946960449, loss=1.2175315618515015
I0211 21:33:10.563671 140285423572736 logging_writer.py:48] [33800] global_step=33800, grad_norm=2.7354373931884766, loss=1.202988624572754
I0211 21:34:39.678124 140285415180032 logging_writer.py:48] [33900] global_step=33900, grad_norm=1.6800819635391235, loss=1.2069846391677856
I0211 21:36:06.539172 140285423572736 logging_writer.py:48] [34000] global_step=34000, grad_norm=1.7035795450210571, loss=1.1999657154083252
I0211 21:37:22.567929 140285415180032 logging_writer.py:48] [34100] global_step=34100, grad_norm=2.252087354660034, loss=1.2222174406051636
I0211 21:38:38.600391 140285423572736 logging_writer.py:48] [34200] global_step=34200, grad_norm=2.300321578979492, loss=1.189082384109497
I0211 21:39:56.560001 140285415180032 logging_writer.py:48] [34300] global_step=34300, grad_norm=4.274571418762207, loss=1.2323695421218872
I0211 21:41:16.700078 140285423572736 logging_writer.py:48] [34400] global_step=34400, grad_norm=2.743609666824341, loss=1.220143437385559
I0211 21:42:44.958849 140285415180032 logging_writer.py:48] [34500] global_step=34500, grad_norm=2.0959665775299072, loss=1.228595495223999
I0211 21:43:00.252032 140441227016000 spec.py:321] Evaluating on the training split.
/usr/local/lib/python3.8/dist-packages/jax/_src/ops/scatter.py:92: FutureWarning: scatter inputs have incompatible types: cannot safely cast value from dtype=float32 to dtype=int32. In future JAX releases this will result in an error.
  warnings.warn("scatter inputs have incompatible types: cannot safely cast "
I0211 21:44:19.436689 140441227016000 spec.py:333] Evaluating on the validation split.
I0211 21:45:11.615624 140441227016000 spec.py:349] Evaluating on the test split.
I0211 21:45:38.533920 140441227016000 submission_runner.py:408] Time since start: 31682.44s, 	Step: 34518, 	{'train/ctc_loss': Array(0.15375972, dtype=float32), 'train/wer': 0.05475259309641217, 'validation/ctc_loss': Array(0.45650312, dtype=float32), 'validation/wer': 0.13060814659625206, 'validation/num_examples': 5348, 'test/ctc_loss': Array(0.2446342, dtype=float32), 'test/wer': 0.0796010805760364, 'test/num_examples': 2472, 'score': 28822.697194814682, 'total_duration': 31682.440099477768, 'accumulated_submission_time': 28822.697194814682, 'accumulated_eval_time': 2857.1478266716003, 'accumulated_logging_time': 1.0384981632232666}
I0211 21:45:38.575434 140284876867328 logging_writer.py:48] [34518] accumulated_eval_time=2857.147827, accumulated_logging_time=1.038498, accumulated_submission_time=28822.697195, global_step=34518, preemption_count=0, score=28822.697195, test/ctc_loss=0.24463419616222382, test/num_examples=2472, test/wer=0.079601, total_duration=31682.440099, train/ctc_loss=0.15375971794128418, train/wer=0.054753, validation/ctc_loss=0.45650312304496765, validation/num_examples=5348, validation/wer=0.130608
I0211 21:46:40.579492 140284868474624 logging_writer.py:48] [34600] global_step=34600, grad_norm=2.0523877143859863, loss=1.2312291860580444
I0211 21:47:55.420698 140284876867328 logging_writer.py:48] [34700] global_step=34700, grad_norm=2.2496676445007324, loss=1.262498378753662
I0211 21:49:19.205919 140284868474624 logging_writer.py:48] [34800] global_step=34800, grad_norm=3.0492186546325684, loss=1.196000576019287
I0211 21:50:47.320668 140284876867328 logging_writer.py:48] [34900] global_step=34900, grad_norm=2.733008861541748, loss=1.2616429328918457
I0211 21:52:18.037575 140284868474624 logging_writer.py:48] [35000] global_step=35000, grad_norm=2.2866532802581787, loss=1.1966909170150757
I0211 21:53:39.747895 140284880852736 logging_writer.py:48] [35100] global_step=35100, grad_norm=1.9520347118377686, loss=1.2117509841918945
I0211 21:54:56.168081 140284872460032 logging_writer.py:48] [35200] global_step=35200, grad_norm=2.139971971511841, loss=1.2054648399353027
I0211 21:56:15.367381 140284880852736 logging_writer.py:48] [35300] global_step=35300, grad_norm=1.7852027416229248, loss=1.2067750692367554
I0211 21:57:36.113801 140284872460032 logging_writer.py:48] [35400] global_step=35400, grad_norm=3.7459423542022705, loss=1.26033353805542
I0211 21:59:02.461322 140284880852736 logging_writer.py:48] [35500] global_step=35500, grad_norm=3.4377553462982178, loss=1.208176612854004
I0211 22:00:26.245258 140284872460032 logging_writer.py:48] [35600] global_step=35600, grad_norm=1.9000264406204224, loss=1.1918892860412598
I0211 22:01:53.916022 140284880852736 logging_writer.py:48] [35700] global_step=35700, grad_norm=3.862821102142334, loss=1.171886920928955
I0211 22:03:22.355376 140284872460032 logging_writer.py:48] [35800] global_step=35800, grad_norm=2.387676477432251, loss=1.1615813970565796
I0211 22:04:53.565770 140284880852736 logging_writer.py:48] [35900] global_step=35900, grad_norm=3.288426637649536, loss=1.1831575632095337
I0211 22:06:20.706784 140284872460032 logging_writer.py:48] [36000] global_step=36000, grad_norm=2.766355037689209, loss=1.154016137123108
I0211 22:07:47.667683 140285208532736 logging_writer.py:48] [36100] global_step=36100, grad_norm=3.6370105743408203, loss=1.2058110237121582
I0211 22:09:03.270997 140285200140032 logging_writer.py:48] [36200] global_step=36200, grad_norm=2.2817726135253906, loss=1.1475383043289185
I0211 22:09:39.469659 140441227016000 spec.py:321] Evaluating on the training split.
I0211 22:10:34.740902 140441227016000 spec.py:333] Evaluating on the validation split.
I0211 22:11:27.551575 140441227016000 spec.py:349] Evaluating on the test split.
I0211 22:11:54.338925 140441227016000 submission_runner.py:408] Time since start: 33258.25s, 	Step: 36248, 	{'train/ctc_loss': Array(0.14782521, dtype=float32), 'train/wer': 0.05197591600733533, 'validation/ctc_loss': Array(0.44794834, dtype=float32), 'validation/wer': 0.12872548924954383, 'validation/num_examples': 5348, 'test/ctc_loss': Array(0.23961341, dtype=float32), 'test/wer': 0.07759023419251315, 'test/num_examples': 2472, 'score': 30263.501261234283, 'total_duration': 33258.248254299164, 'accumulated_submission_time': 30263.501261234283, 'accumulated_eval_time': 2992.0138483047485, 'accumulated_logging_time': 1.0968949794769287}
I0211 22:11:54.370871 140285208532736 logging_writer.py:48] [36248] accumulated_eval_time=2992.013848, accumulated_logging_time=1.096895, accumulated_submission_time=30263.501261, global_step=36248, preemption_count=0, score=30263.501261, test/ctc_loss=0.23961341381072998, test/num_examples=2472, test/wer=0.077590, total_duration=33258.248254, train/ctc_loss=0.1478252112865448, train/wer=0.051976, validation/ctc_loss=0.4479483366012573, validation/num_examples=5348, validation/wer=0.128725
I0211 22:12:34.512277 140285200140032 logging_writer.py:48] [36300] global_step=36300, grad_norm=1.693608045578003, loss=1.1627016067504883
I0211 22:13:49.461220 140285208532736 logging_writer.py:48] [36400] global_step=36400, grad_norm=3.0187437534332275, loss=1.1603667736053467
I0211 22:15:06.927942 140285200140032 logging_writer.py:48] [36500] global_step=36500, grad_norm=2.8245067596435547, loss=1.1670382022857666
I0211 22:16:34.093428 140285208532736 logging_writer.py:48] [36600] global_step=36600, grad_norm=3.6122941970825195, loss=1.2025479078292847
I0211 22:18:05.274539 140285200140032 logging_writer.py:48] [36700] global_step=36700, grad_norm=3.5649425983428955, loss=1.1617590188980103
I0211 22:19:33.682687 140285208532736 logging_writer.py:48] [36800] global_step=36800, grad_norm=2.3807950019836426, loss=1.1773251295089722
I0211 22:21:02.984125 140285200140032 logging_writer.py:48] [36900] global_step=36900, grad_norm=3.071664810180664, loss=1.2376652956008911
I0211 22:22:32.435966 140285208532736 logging_writer.py:48] [37000] global_step=37000, grad_norm=1.7465282678604126, loss=1.1949424743652344
I0211 22:24:00.218691 140284880852736 logging_writer.py:48] [37100] global_step=37100, grad_norm=2.3171989917755127, loss=1.1529287099838257
I0211 22:25:18.007891 140284872460032 logging_writer.py:48] [37200] global_step=37200, grad_norm=1.996957540512085, loss=1.2173360586166382
I0211 22:26:38.537701 140284880852736 logging_writer.py:48] [37300] global_step=37300, grad_norm=2.1190528869628906, loss=1.155397891998291
I0211 22:27:57.682437 140284872460032 logging_writer.py:48] [37400] global_step=37400, grad_norm=1.9857524633407593, loss=1.171467900276184
I0211 22:29:20.618389 140284880852736 logging_writer.py:48] [37500] global_step=37500, grad_norm=2.07491135597229, loss=1.158069133758545
I0211 22:30:47.609434 140284872460032 logging_writer.py:48] [37600] global_step=37600, grad_norm=2.6056485176086426, loss=1.1980515718460083
I0211 22:32:19.610216 140284880852736 logging_writer.py:48] [37700] global_step=37700, grad_norm=3.005547523498535, loss=1.2254889011383057
I0211 22:33:50.368127 140284872460032 logging_writer.py:48] [37800] global_step=37800, grad_norm=4.074529647827148, loss=1.1963385343551636
I0211 22:35:21.156591 140284880852736 logging_writer.py:48] [37900] global_step=37900, grad_norm=2.8634748458862305, loss=1.174741268157959
I0211 22:35:54.436831 140441227016000 spec.py:321] Evaluating on the training split.
I0211 22:36:50.128104 140441227016000 spec.py:333] Evaluating on the validation split.
I0211 22:37:44.194182 140441227016000 spec.py:349] Evaluating on the test split.
I0211 22:38:10.758109 140441227016000 submission_runner.py:408] Time since start: 34834.66s, 	Step: 37941, 	{'train/ctc_loss': Array(0.15493704, dtype=float32), 'train/wer': 0.05480588810486535, 'validation/ctc_loss': Array(0.44182682, dtype=float32), 'validation/wer': 0.12585805729071126, 'validation/num_examples': 5348, 'test/ctc_loss': Array(0.23499914, dtype=float32), 'test/wer': 0.0761684236183048, 'test/num_examples': 2472, 'score': 31703.481546401978, 'total_duration': 34834.663165569305, 'accumulated_submission_time': 31703.481546401978, 'accumulated_eval_time': 3128.327612876892, 'accumulated_logging_time': 1.1431083679199219}
I0211 22:38:10.795458 140284880852736 logging_writer.py:48] [37941] accumulated_eval_time=3128.327613, accumulated_logging_time=1.143108, accumulated_submission_time=31703.481546, global_step=37941, preemption_count=0, score=31703.481546, test/ctc_loss=0.2349991351366043, test/num_examples=2472, test/wer=0.076168, total_duration=34834.663166, train/ctc_loss=0.1549370437860489, train/wer=0.054806, validation/ctc_loss=0.44182682037353516, validation/num_examples=5348, validation/wer=0.125858
I0211 22:38:56.221704 140284872460032 logging_writer.py:48] [38000] global_step=38000, grad_norm=1.8767668008804321, loss=1.184170126914978
I0211 22:40:11.737686 140284880852736 logging_writer.py:48] [38100] global_step=38100, grad_norm=2.3001396656036377, loss=1.210616946220398
I0211 22:41:32.678919 140284880852736 logging_writer.py:48] [38200] global_step=38200, grad_norm=3.3523969650268555, loss=1.1741210222244263
I0211 22:42:50.942042 140284872460032 logging_writer.py:48] [38300] global_step=38300, grad_norm=2.9396820068359375, loss=1.1898988485336304
I0211 22:44:10.080516 140284880852736 logging_writer.py:48] [38400] global_step=38400, grad_norm=2.6899526119232178, loss=1.1131218671798706
I0211 22:45:37.310089 140284872460032 logging_writer.py:48] [38500] global_step=38500, grad_norm=3.57030987739563, loss=1.1890149116516113
I0211 22:47:03.599422 140284880852736 logging_writer.py:48] [38600] global_step=38600, grad_norm=2.042814016342163, loss=1.1340309381484985
I0211 22:48:29.041521 140284872460032 logging_writer.py:48] [38700] global_step=38700, grad_norm=2.072277307510376, loss=1.2038546800613403
I0211 22:50:01.451890 140284880852736 logging_writer.py:48] [38800] global_step=38800, grad_norm=2.667954206466675, loss=1.1251188516616821
I0211 22:51:33.073531 140284872460032 logging_writer.py:48] [38900] global_step=38900, grad_norm=4.496917724609375, loss=1.1588305234909058
I0211 22:53:04.453937 140284880852736 logging_writer.py:48] [39000] global_step=39000, grad_norm=3.7190775871276855, loss=1.1635466814041138
I0211 22:54:29.522187 140284872460032 logging_writer.py:48] [39100] global_step=39100, grad_norm=2.0629425048828125, loss=1.143917202949524
I0211 22:55:55.646437 140284880852736 logging_writer.py:48] [39200] global_step=39200, grad_norm=3.380281686782837, loss=1.1562596559524536
I0211 22:57:12.128214 140284872460032 logging_writer.py:48] [39300] global_step=39300, grad_norm=1.7898023128509521, loss=1.1996313333511353
I0211 22:58:31.253573 140284880852736 logging_writer.py:48] [39400] global_step=39400, grad_norm=3.1570823192596436, loss=1.1667488813400269
I0211 22:59:53.073032 140284872460032 logging_writer.py:48] [39500] global_step=39500, grad_norm=3.279285430908203, loss=1.158939242362976
I0211 23:01:18.143282 140284880852736 logging_writer.py:48] [39600] global_step=39600, grad_norm=3.25382661819458, loss=1.1630696058273315
I0211 23:02:11.455297 140441227016000 spec.py:321] Evaluating on the training split.
I0211 23:03:07.696702 140441227016000 spec.py:333] Evaluating on the validation split.
I0211 23:03:59.525938 140441227016000 spec.py:349] Evaluating on the test split.
I0211 23:04:26.953403 140441227016000 submission_runner.py:408] Time since start: 36410.86s, 	Step: 39661, 	{'train/ctc_loss': Array(0.13454847, dtype=float32), 'train/wer': 0.04841284748309542, 'validation/ctc_loss': Array(0.4356194, dtype=float32), 'validation/wer': 0.12465122565820597, 'validation/num_examples': 5348, 'test/ctc_loss': Array(0.23229034, dtype=float32), 'test/wer': 0.07492941726078037, 'test/num_examples': 2472, 'score': 33144.05407190323, 'total_duration': 36410.860171079636, 'accumulated_submission_time': 33144.05407190323, 'accumulated_eval_time': 3263.8199138641357, 'accumulated_logging_time': 1.1951828002929688}
I0211 23:04:26.991882 140284880852736 logging_writer.py:48] [39661] accumulated_eval_time=3263.819914, accumulated_logging_time=1.195183, accumulated_submission_time=33144.054072, global_step=39661, preemption_count=0, score=33144.054072, test/ctc_loss=0.2322903424501419, test/num_examples=2472, test/wer=0.074929, total_duration=36410.860171, train/ctc_loss=0.13454847037792206, train/wer=0.048413, validation/ctc_loss=0.43561941385269165, validation/num_examples=5348, validation/wer=0.124651
I0211 23:04:57.476149 140284872460032 logging_writer.py:48] [39700] global_step=39700, grad_norm=4.527709007263184, loss=1.1520054340362549
I0211 23:06:12.757603 140284880852736 logging_writer.py:48] [39800] global_step=39800, grad_norm=2.0774755477905273, loss=1.1917791366577148
I0211 23:07:29.434763 140284872460032 logging_writer.py:48] [39900] global_step=39900, grad_norm=2.3269801139831543, loss=1.1841927766799927
I0211 23:08:57.990190 140284880852736 logging_writer.py:48] [40000] global_step=40000, grad_norm=2.8259670734405518, loss=1.164848804473877
I0211 23:10:24.922844 140284872460032 logging_writer.py:48] [40100] global_step=40100, grad_norm=2.3899896144866943, loss=1.19438636302948
I0211 23:11:53.582264 140285208532736 logging_writer.py:48] [40200] global_step=40200, grad_norm=4.505771160125732, loss=1.1757988929748535
I0211 23:13:09.291607 140285200140032 logging_writer.py:48] [40300] global_step=40300, grad_norm=3.123366117477417, loss=1.1780760288238525
I0211 23:14:26.073526 140285208532736 logging_writer.py:48] [40400] global_step=40400, grad_norm=2.0851354598999023, loss=1.1044549942016602
I0211 23:15:48.641847 140285200140032 logging_writer.py:48] [40500] global_step=40500, grad_norm=2.4554502964019775, loss=1.1581758260726929
I0211 23:17:11.521891 140285208532736 logging_writer.py:48] [40600] global_step=40600, grad_norm=2.9737346172332764, loss=1.1410431861877441
I0211 23:18:36.410797 140285200140032 logging_writer.py:48] [40700] global_step=40700, grad_norm=2.1023240089416504, loss=1.1650168895721436
I0211 23:20:07.594617 140285208532736 logging_writer.py:48] [40800] global_step=40800, grad_norm=1.9767920970916748, loss=1.126035213470459
I0211 23:21:36.402236 140285200140032 logging_writer.py:48] [40900] global_step=40900, grad_norm=2.798820734024048, loss=1.173368215560913
I0211 23:23:05.586584 140285208532736 logging_writer.py:48] [41000] global_step=41000, grad_norm=2.6893224716186523, loss=1.1545209884643555
I0211 23:24:34.427853 140285200140032 logging_writer.py:48] [41100] global_step=41100, grad_norm=3.450439929962158, loss=1.1792402267456055
I0211 23:26:08.028970 140284880852736 logging_writer.py:48] [41200] global_step=41200, grad_norm=2.9880051612854004, loss=1.1432894468307495
I0211 23:27:27.075334 140284872460032 logging_writer.py:48] [41300] global_step=41300, grad_norm=2.8017704486846924, loss=1.1457691192626953
I0211 23:28:27.879638 140441227016000 spec.py:321] Evaluating on the training split.
I0211 23:29:23.278522 140441227016000 spec.py:333] Evaluating on the validation split.
I0211 23:30:15.670387 140441227016000 spec.py:349] Evaluating on the test split.
I0211 23:30:42.286131 140441227016000 submission_runner.py:408] Time since start: 37986.19s, 	Step: 41377, 	{'train/ctc_loss': Array(0.14412792, dtype=float32), 'train/wer': 0.0515004984779097, 'validation/ctc_loss': Array(0.43128958, dtype=float32), 'validation/wer': 0.12311613582165924, 'validation/num_examples': 5348, 'test/ctc_loss': Array(0.2291814, dtype=float32), 'test/wer': 0.07340604878841428, 'test/num_examples': 2472, 'score': 34584.85236620903, 'total_duration': 37986.192954301834, 'accumulated_submission_time': 34584.85236620903, 'accumulated_eval_time': 3398.2206456661224, 'accumulated_logging_time': 1.250486135482788}
I0211 23:30:42.330527 140284916692736 logging_writer.py:48] [41377] accumulated_eval_time=3398.220646, accumulated_logging_time=1.250486, accumulated_submission_time=34584.852366, global_step=41377, preemption_count=0, score=34584.852366, test/ctc_loss=0.22918139398097992, test/num_examples=2472, test/wer=0.073406, total_duration=37986.192954, train/ctc_loss=0.14412792026996613, train/wer=0.051500, validation/ctc_loss=0.43128958344459534, validation/num_examples=5348, validation/wer=0.123116
I0211 23:31:00.487971 140284908300032 logging_writer.py:48] [41400] global_step=41400, grad_norm=2.963160991668701, loss=1.1753623485565186
I0211 23:32:15.846743 140284916692736 logging_writer.py:48] [41500] global_step=41500, grad_norm=2.3701043128967285, loss=1.1420034170150757
I0211 23:33:30.984450 140284908300032 logging_writer.py:48] [41600] global_step=41600, grad_norm=2.1592164039611816, loss=1.1675076484680176
I0211 23:34:54.101093 140284916692736 logging_writer.py:48] [41700] global_step=41700, grad_norm=2.2625675201416016, loss=1.200116515159607
I0211 23:36:22.928775 140284908300032 logging_writer.py:48] [41800] global_step=41800, grad_norm=3.8886406421661377, loss=1.1161726713180542
I0211 23:37:55.219058 140284916692736 logging_writer.py:48] [41900] global_step=41900, grad_norm=3.215047597885132, loss=1.1425516605377197
I0211 23:39:23.817991 140284908300032 logging_writer.py:48] [42000] global_step=42000, grad_norm=2.0829155445098877, loss=1.1704243421554565
I0211 23:40:53.287483 140284916692736 logging_writer.py:48] [42100] global_step=42100, grad_norm=3.9280903339385986, loss=1.102457880973816
I0211 23:42:22.608763 140284908300032 logging_writer.py:48] [42200] global_step=42200, grad_norm=2.087333917617798, loss=1.1702353954315186
I0211 23:43:44.475526 140284916692736 logging_writer.py:48] [42300] global_step=42300, grad_norm=4.377134323120117, loss=1.1738040447235107
I0211 23:44:59.841825 140284908300032 logging_writer.py:48] [42400] global_step=42400, grad_norm=5.638169288635254, loss=1.0948641300201416
I0211 23:46:21.314205 140284916692736 logging_writer.py:48] [42500] global_step=42500, grad_norm=2.484127998352051, loss=1.0945407152175903
I0211 23:47:41.804166 140284908300032 logging_writer.py:48] [42600] global_step=42600, grad_norm=3.341632127761841, loss=1.106765627861023
I0211 23:49:08.359586 140284916692736 logging_writer.py:48] [42700] global_step=42700, grad_norm=4.06350564956665, loss=1.124004602432251
I0211 23:50:37.726903 140284908300032 logging_writer.py:48] [42800] global_step=42800, grad_norm=2.437440872192383, loss=1.1432427167892456
I0211 23:52:09.176161 140284916692736 logging_writer.py:48] [42900] global_step=42900, grad_norm=2.4050278663635254, loss=1.1567479372024536
I0211 23:53:39.274410 140284908300032 logging_writer.py:48] [43000] global_step=43000, grad_norm=1.771677851676941, loss=1.1545099020004272
I0211 23:54:43.351800 140441227016000 spec.py:321] Evaluating on the training split.
I0211 23:55:38.897417 140441227016000 spec.py:333] Evaluating on the validation split.
I0211 23:56:32.413573 140441227016000 spec.py:349] Evaluating on the test split.
I0211 23:56:58.709873 140441227016000 submission_runner.py:408] Time since start: 39562.62s, 	Step: 43071, 	{'train/ctc_loss': Array(0.1331379, dtype=float32), 'train/wer': 0.04820648166946264, 'validation/ctc_loss': Array(0.42728096, dtype=float32), 'validation/wer': 0.12219894378095524, 'validation/num_examples': 5348, 'test/ctc_loss': Array(0.22690861, dtype=float32), 'test/wer': 0.07334511404951963, 'test/num_examples': 2472, 'score': 36025.78731369972, 'total_duration': 39562.61579680443, 'accumulated_submission_time': 36025.78731369972, 'accumulated_eval_time': 3533.5720529556274, 'accumulated_logging_time': 1.3105106353759766}
I0211 23:56:58.746930 140284916692736 logging_writer.py:48] [43071] accumulated_eval_time=3533.572053, accumulated_logging_time=1.310511, accumulated_submission_time=36025.787314, global_step=43071, preemption_count=0, score=36025.787314, test/ctc_loss=0.2269086092710495, test/num_examples=2472, test/wer=0.073345, total_duration=39562.615797, train/ctc_loss=0.13313789665699005, train/wer=0.048206, validation/ctc_loss=0.4272809624671936, validation/num_examples=5348, validation/wer=0.122199
I0211 23:57:21.665792 140284908300032 logging_writer.py:48] [43100] global_step=43100, grad_norm=2.9308860301971436, loss=1.1247602701187134
I0211 23:58:37.062778 140284916692736 logging_writer.py:48] [43200] global_step=43200, grad_norm=2.5510141849517822, loss=1.1603621244430542
I0211 23:59:56.176291 140284916692736 logging_writer.py:48] [43300] global_step=43300, grad_norm=2.534363031387329, loss=1.0901938676834106
I0212 00:01:11.861137 140284908300032 logging_writer.py:48] [43400] global_step=43400, grad_norm=3.502023935317993, loss=1.1496014595031738
I0212 00:02:32.447743 140284916692736 logging_writer.py:48] [43500] global_step=43500, grad_norm=2.1119582653045654, loss=1.154969334602356
I0212 00:03:55.969273 140284908300032 logging_writer.py:48] [43600] global_step=43600, grad_norm=4.856941223144531, loss=1.1436502933502197
I0212 00:05:19.724851 140284916692736 logging_writer.py:48] [43700] global_step=43700, grad_norm=4.317368507385254, loss=1.1227853298187256
I0212 00:06:47.261669 140284908300032 logging_writer.py:48] [43800] global_step=43800, grad_norm=1.9166491031646729, loss=1.0756474733352661
I0212 00:08:12.462577 140284916692736 logging_writer.py:48] [43900] global_step=43900, grad_norm=1.9922235012054443, loss=1.1089049577713013
I0212 00:09:42.683993 140284908300032 logging_writer.py:48] [44000] global_step=44000, grad_norm=2.206157684326172, loss=1.1492360830307007
I0212 00:11:09.621220 140284916692736 logging_writer.py:48] [44100] global_step=44100, grad_norm=3.0110442638397217, loss=1.0979715585708618
I0212 00:12:37.023704 140284908300032 logging_writer.py:48] [44200] global_step=44200, grad_norm=2.420417547225952, loss=1.1217385530471802
I0212 00:14:08.216459 140284916692736 logging_writer.py:48] [44300] global_step=44300, grad_norm=2.3947482109069824, loss=1.1065088510513306
I0212 00:15:27.916172 140284908300032 logging_writer.py:48] [44400] global_step=44400, grad_norm=2.854025363922119, loss=1.1173837184906006
I0212 00:16:47.469173 140284916692736 logging_writer.py:48] [44500] global_step=44500, grad_norm=3.4610064029693604, loss=1.1566064357757568
I0212 00:18:05.880095 140284908300032 logging_writer.py:48] [44600] global_step=44600, grad_norm=2.3699333667755127, loss=1.08342707157135
I0212 00:19:28.909115 140284916692736 logging_writer.py:48] [44700] global_step=44700, grad_norm=2.732924461364746, loss=1.1396023035049438
I0212 00:20:56.868018 140284908300032 logging_writer.py:48] [44800] global_step=44800, grad_norm=2.493804931640625, loss=1.1847399473190308
I0212 00:20:59.500991 140441227016000 spec.py:321] Evaluating on the training split.
I0212 00:21:55.550520 140441227016000 spec.py:333] Evaluating on the validation split.
I0212 00:22:47.782135 140441227016000 spec.py:349] Evaluating on the test split.
I0212 00:23:15.314186 140441227016000 submission_runner.py:408] Time since start: 41139.22s, 	Step: 44804, 	{'train/ctc_loss': Array(0.15674452, dtype=float32), 'train/wer': 0.052520602626834924, 'validation/ctc_loss': Array(0.42669344, dtype=float32), 'validation/wer': 0.12226652635237553, 'validation/num_examples': 5348, 'test/ctc_loss': Array(0.22530259, dtype=float32), 'test/wer': 0.0731216866735726, 'test/num_examples': 2472, 'score': 37466.45243930817, 'total_duration': 41139.22075676918, 'accumulated_submission_time': 37466.45243930817, 'accumulated_eval_time': 3669.3792510032654, 'accumulated_logging_time': 1.3633804321289062}
I0212 00:23:15.352698 140284993492736 logging_writer.py:48] [44804] accumulated_eval_time=3669.379251, accumulated_logging_time=1.363380, accumulated_submission_time=37466.452439, global_step=44804, preemption_count=0, score=37466.452439, test/ctc_loss=0.225302591919899, test/num_examples=2472, test/wer=0.073122, total_duration=41139.220757, train/ctc_loss=0.15674452483654022, train/wer=0.052521, validation/ctc_loss=0.4266934394836426, validation/num_examples=5348, validation/wer=0.122267
I0212 00:24:28.279235 140284985100032 logging_writer.py:48] [44900] global_step=44900, grad_norm=3.372392177581787, loss=1.138980507850647
I0212 00:25:43.645308 140284993492736 logging_writer.py:48] [45000] global_step=45000, grad_norm=4.5910797119140625, loss=1.1245973110198975
I0212 00:27:09.936236 140284985100032 logging_writer.py:48] [45100] global_step=45100, grad_norm=3.3293628692626953, loss=1.115853190422058
I0212 00:28:39.782586 140284993492736 logging_writer.py:48] [45200] global_step=45200, grad_norm=3.078691005706787, loss=1.1355037689208984
I0212 00:30:10.885847 140284985100032 logging_writer.py:48] [45300] global_step=45300, grad_norm=2.8113584518432617, loss=1.0636709928512573
I0212 00:31:34.477108 140284993492736 logging_writer.py:48] [45400] global_step=45400, grad_norm=4.455389499664307, loss=1.0769902467727661
I0212 00:32:52.885903 140284985100032 logging_writer.py:48] [45500] global_step=45500, grad_norm=3.424177408218384, loss=1.1282323598861694
I0212 00:34:12.311169 140284993492736 logging_writer.py:48] [45600] global_step=45600, grad_norm=2.9931836128234863, loss=1.1175148487091064
I0212 00:35:32.932258 140284985100032 logging_writer.py:48] [45700] global_step=45700, grad_norm=2.998323440551758, loss=1.1322070360183716
I0212 00:36:59.641031 140284993492736 logging_writer.py:48] [45800] global_step=45800, grad_norm=2.26248836517334, loss=1.1298080682754517
I0212 00:38:27.357984 140284985100032 logging_writer.py:48] [45900] global_step=45900, grad_norm=2.8804047107696533, loss=1.0454237461090088
I0212 00:39:58.955084 140284993492736 logging_writer.py:48] [46000] global_step=46000, grad_norm=1.773603916168213, loss=1.1034064292907715
I0212 00:41:29.377803 140284985100032 logging_writer.py:48] [46100] global_step=46100, grad_norm=2.7680091857910156, loss=1.147916316986084
I0212 00:42:59.483389 140284993492736 logging_writer.py:48] [46200] global_step=46200, grad_norm=1.840769648551941, loss=1.1723324060440063
I0212 00:44:29.320772 140284985100032 logging_writer.py:48] [46300] global_step=46300, grad_norm=3.703181028366089, loss=1.1314384937286377
I0212 00:45:56.498584 140284993492736 logging_writer.py:48] [46400] global_step=46400, grad_norm=2.5387675762176514, loss=1.0808684825897217
I0212 00:47:14.284151 140284985100032 logging_writer.py:48] [46500] global_step=46500, grad_norm=3.1131510734558105, loss=1.1016002893447876
I0212 00:47:15.658928 140441227016000 spec.py:321] Evaluating on the training split.
I0212 00:48:11.927564 140441227016000 spec.py:333] Evaluating on the validation split.
I0212 00:49:05.945229 140441227016000 spec.py:349] Evaluating on the test split.
I0212 00:49:33.724326 140441227016000 submission_runner.py:408] Time since start: 42717.63s, 	Step: 46503, 	{'train/ctc_loss': Array(0.14168745, dtype=float32), 'train/wer': 0.050901187446988974, 'validation/ctc_loss': Array(0.42561495, dtype=float32), 'validation/wer': 0.1211658959035307, 'validation/num_examples': 5348, 'test/ctc_loss': Array(0.22481138, dtype=float32), 'test/wer': 0.07253265086425771, 'test/num_examples': 2472, 'score': 38906.67197370529, 'total_duration': 42717.630824804306, 'accumulated_submission_time': 38906.67197370529, 'accumulated_eval_time': 3807.4385566711426, 'accumulated_logging_time': 1.4167790412902832}
I0212 00:49:33.761757 140284993492736 logging_writer.py:48] [46503] accumulated_eval_time=3807.438557, accumulated_logging_time=1.416779, accumulated_submission_time=38906.671974, global_step=46503, preemption_count=0, score=38906.671974, test/ctc_loss=0.2248113751411438, test/num_examples=2472, test/wer=0.072533, total_duration=42717.630825, train/ctc_loss=0.14168745279312134, train/wer=0.050901, validation/ctc_loss=0.42561495304107666, validation/num_examples=5348, validation/wer=0.121166
I0212 00:50:47.303269 140284985100032 logging_writer.py:48] [46600] global_step=46600, grad_norm=2.611722469329834, loss=1.1691921949386597
I0212 00:52:02.461996 140284993492736 logging_writer.py:48] [46700] global_step=46700, grad_norm=3.6088144779205322, loss=1.0989245176315308
I0212 00:53:20.249082 140284985100032 logging_writer.py:48] [46800] global_step=46800, grad_norm=2.832230567932129, loss=1.1371219158172607
I0212 00:54:50.234946 140284993492736 logging_writer.py:48] [46900] global_step=46900, grad_norm=2.5285964012145996, loss=1.1321724653244019
I0212 00:56:20.828265 140284985100032 logging_writer.py:48] [47000] global_step=47000, grad_norm=3.2924997806549072, loss=1.1064352989196777
I0212 00:57:48.826955 140284993492736 logging_writer.py:48] [47100] global_step=47100, grad_norm=3.291583299636841, loss=1.1182278394699097
I0212 00:59:19.425198 140284985100032 logging_writer.py:48] [47200] global_step=47200, grad_norm=2.0756170749664307, loss=1.1661794185638428
I0212 01:00:47.013474 140284993492736 logging_writer.py:48] [47300] global_step=47300, grad_norm=3.970261335372925, loss=1.1717370748519897
I0212 01:02:16.060437 140284993492736 logging_writer.py:48] [47400] global_step=47400, grad_norm=1.9652099609375, loss=1.129686713218689
I0212 01:03:32.548806 140284985100032 logging_writer.py:48] [47500] global_step=47500, grad_norm=2.8531975746154785, loss=1.1400110721588135
I0212 01:04:53.077454 140284993492736 logging_writer.py:48] [47600] global_step=47600, grad_norm=1.8557409048080444, loss=1.1160165071487427
I0212 01:06:12.141681 140284985100032 logging_writer.py:48] [47700] global_step=47700, grad_norm=2.98285174369812, loss=1.1388499736785889
I0212 01:07:38.175418 140284993492736 logging_writer.py:48] [47800] global_step=47800, grad_norm=3.9596126079559326, loss=1.135943055152893
I0212 01:09:10.660839 140284985100032 logging_writer.py:48] [47900] global_step=47900, grad_norm=2.5150294303894043, loss=1.1483118534088135
I0212 01:10:41.389287 140441227016000 spec.py:321] Evaluating on the training split.
I0212 01:11:37.842000 140441227016000 spec.py:333] Evaluating on the validation split.
I0212 01:12:30.173740 140441227016000 spec.py:349] Evaluating on the test split.
I0212 01:12:56.420556 140441227016000 submission_runner.py:408] Time since start: 44120.33s, 	Step: 48000, 	{'train/ctc_loss': Array(0.12119035, dtype=float32), 'train/wer': 0.04460789943515802, 'validation/ctc_loss': Array(0.42536923, dtype=float32), 'validation/wer': 0.12134933431167151, 'validation/num_examples': 5348, 'test/ctc_loss': Array(0.22480996, dtype=float32), 'test/wer': 0.07304044035504641, 'test/num_examples': 2472, 'score': 40174.220403671265, 'total_duration': 44120.32517743111, 'accumulated_submission_time': 40174.220403671265, 'accumulated_eval_time': 3942.461863040924, 'accumulated_logging_time': 1.4705607891082764}
I0212 01:12:56.464444 140285423572736 logging_writer.py:48] [48000] accumulated_eval_time=3942.461863, accumulated_logging_time=1.470561, accumulated_submission_time=40174.220404, global_step=48000, preemption_count=0, score=40174.220404, test/ctc_loss=0.22480995953083038, test/num_examples=2472, test/wer=0.073040, total_duration=44120.325177, train/ctc_loss=0.12119035422801971, train/wer=0.044608, validation/ctc_loss=0.4253692328929901, validation/num_examples=5348, validation/wer=0.121349
I0212 01:12:56.491422 140285415180032 logging_writer.py:48] [48000] global_step=48000, preemption_count=0, score=40174.220404
I0212 01:12:56.691579 140441227016000 checkpoints.py:490] Saving checkpoint at step: 48000
I0212 01:12:57.697630 140441227016000 checkpoints.py:422] Saved checkpoint at /experiment_runs/prize_qualification/study_2/librispeech_deepspeech_jax/trial_2/checkpoint_48000
I0212 01:12:57.716798 140441227016000 checkpoint_utils.py:240] Saved checkpoint to /experiment_runs/prize_qualification/study_2/librispeech_deepspeech_jax/trial_2/checkpoint_48000.
I0212 01:12:58.773475 140441227016000 submission_runner.py:583] Tuning trial 2/5
I0212 01:12:58.773736 140441227016000 submission_runner.py:584] Hyperparameters: Hyperparameters(dropout_rate=0.0, label_smoothing=0.2, learning_rate=0.0008445074561975979, one_minus_beta1=0.11042418465, beta2=0.9978504782314613, weight_decay=0.08135402759553023, warmup_factor=0.05)
