python3 submission_runner.py --framework=jax --workload=librispeech_deepspeech --submission_path=prize_qualification_baselines/external_tuning/jax_nadamw_full_budget.py --tuning_search_space=prize_qualification_baselines/external_tuning/tuning_search_space.json --data_dir=/data/librispeech --num_tuning_trials=1 --experiment_dir=/experiment_runs --experiment_name=prize_qualification/study_2 --overwrite=true --save_checkpoints=false --num_tuning_trials=5 --rng_seed=1231499801 --max_global_steps=48000 --librispeech_tokenizer_vocab_path=/data/librispeech/spm_model.vocab 2>&1 | tee -a /logs/librispeech_deepspeech_jax_02-11-2024-00-46-57.log
I0211 00:47:18.260290 140441227016000 logger_utils.py:76] Creating experiment directory at /experiment_runs/prize_qualification/study_2/librispeech_deepspeech_jax.
I0211 00:47:19.295806 140441227016000 xla_bridge.py:455] Unable to initialize backend 'rocm': NOT_FOUND: Could not find registered platform with name: "rocm". Available platform names are: Interpreter Host CUDA
I0211 00:47:19.297110 140441227016000 xla_bridge.py:455] Unable to initialize backend 'tpu': module 'jaxlib.xla_extension' has no attribute 'get_tpu_client'
I0211 00:47:19.297260 140441227016000 xla_bridge.py:455] Unable to initialize backend 'plugin': xla_extension has no attributes named get_plugin_device_client. Compile TensorFlow with //tensorflow/compiler/xla/python:enable_plugin_device set to true (defaults to false) to enable this.
I0211 00:47:19.298441 140441227016000 submission_runner.py:542] Using RNG seed 1231499801
I0211 00:47:20.397716 140441227016000 submission_runner.py:551] --- Tuning run 1/5 ---
I0211 00:47:20.397912 140441227016000 submission_runner.py:556] Creating tuning directory at /experiment_runs/prize_qualification/study_2/librispeech_deepspeech_jax/trial_1.
I0211 00:47:20.398215 140441227016000 logger_utils.py:92] Saving hparams to /experiment_runs/prize_qualification/study_2/librispeech_deepspeech_jax/trial_1/hparams.json.
I0211 00:47:20.582483 140441227016000 submission_runner.py:206] Initializing dataset.
I0211 00:47:20.582731 140441227016000 submission_runner.py:213] Initializing model.
I0211 00:47:23.112197 140441227016000 submission_runner.py:255] Initializing optimizer.
I0211 00:47:23.812749 140441227016000 submission_runner.py:262] Initializing metrics bundle.
I0211 00:47:23.812968 140441227016000 submission_runner.py:280] Initializing checkpoint and logger.
I0211 00:47:23.814005 140441227016000 checkpoints.py:915] Found no checkpoint files in /experiment_runs/prize_qualification/study_2/librispeech_deepspeech_jax/trial_1 with prefix checkpoint_
I0211 00:47:23.814155 140441227016000 submission_runner.py:300] Saving meta data to /experiment_runs/prize_qualification/study_2/librispeech_deepspeech_jax/trial_1/meta_data_0.json.
I0211 00:47:23.814398 140441227016000 logger_utils.py:257] Unable to record workload.train_mean information. Continuing without it.
I0211 00:47:23.814479 140441227016000 logger_utils.py:257] Unable to record workload.train_stddev information. Continuing without it.
fatal: detected dubious ownership in repository at '/algorithmic-efficiency'
To add an exception for this directory, call:

	git config --global --add safe.directory /algorithmic-efficiency
I0211 00:47:24.123243 140441227016000 logger_utils.py:220] Unable to record git information. Continuing without it.
I0211 00:47:24.402046 140441227016000 submission_runner.py:304] Saving flags to /experiment_runs/prize_qualification/study_2/librispeech_deepspeech_jax/trial_1/flags_0.json.
I0211 00:47:24.415397 140441227016000 submission_runner.py:314] Starting training loop.
I0211 00:47:24.721449 140441227016000 input_pipeline.py:20] Loading split = train-clean-100
I0211 00:47:24.760751 140441227016000 input_pipeline.py:20] Loading split = train-clean-360
I0211 00:47:24.890662 140441227016000 input_pipeline.py:20] Loading split = train-other-500
/usr/local/lib/python3.8/dist-packages/jax/_src/interpreters/mlir.py:582: UserWarning: Some donated buffers were not usable: ShapedArray(float32[512]), ShapedArray(float32[512]), ShapedArray(float32[512]), ShapedArray(float32[512]), ShapedArray(float32[512]), ShapedArray(float32[512]), ShapedArray(float32[512]), ShapedArray(float32[512]), ShapedArray(float32[512]), ShapedArray(float32[512]), ShapedArray(float32[512]), ShapedArray(float32[512]), ShapedArray(float32[512]), ShapedArray(float32[512]), ShapedArray(float32[512]), ShapedArray(float32[512]), ShapedArray(float32[512]), ShapedArray(float32[512]).
See an explanation at https://jax.readthedocs.io/en/latest/faq.html#buffer-donation.
  warnings.warn(f"Some donated buffers were not usable: {', '.join(unused_donations)}.\n{msg}")
I0211 00:48:08.538990 140278010713856 logging_writer.py:48] [0] global_step=0, grad_norm=19.473045349121094, loss=32.96833801269531
I0211 00:48:08.572644 140441227016000 spec.py:321] Evaluating on the training split.
I0211 00:48:08.830770 140441227016000 input_pipeline.py:20] Loading split = train-clean-100
I0211 00:48:08.866219 140441227016000 input_pipeline.py:20] Loading split = train-clean-360
I0211 00:48:09.230818 140441227016000 input_pipeline.py:20] Loading split = train-other-500
/usr/local/lib/python3.8/dist-packages/jax/_src/ops/scatter.py:92: FutureWarning: scatter inputs have incompatible types: cannot safely cast value from dtype=float32 to dtype=int32. In future JAX releases this will result in an error.
  warnings.warn("scatter inputs have incompatible types: cannot safely cast "
I0211 00:49:59.008410 140441227016000 spec.py:333] Evaluating on the validation split.
I0211 00:49:59.205068 140441227016000 input_pipeline.py:20] Loading split = dev-clean
I0211 00:49:59.211006 140441227016000 input_pipeline.py:20] Loading split = dev-other
I0211 00:51:12.099604 140441227016000 spec.py:349] Evaluating on the test split.
I0211 00:51:12.298596 140441227016000 input_pipeline.py:20] Loading split = test-clean
I0211 00:51:54.839775 140441227016000 submission_runner.py:408] Time since start: 270.42s, 	Step: 1, 	{'train/ctc_loss': Array(31.563702, dtype=float32), 'train/wer': 3.280985152947546, 'validation/ctc_loss': Array(30.570293, dtype=float32), 'validation/wer': 2.911601996582253, 'validation/num_examples': 5348, 'test/ctc_loss': Array(30.657606, dtype=float32), 'test/wer': 3.232161355188593, 'test/num_examples': 2472, 'score': 44.15716743469238, 'total_duration': 270.42189955711365, 'accumulated_submission_time': 44.15716743469238, 'accumulated_eval_time': 226.2646632194519, 'accumulated_logging_time': 0}
I0211 00:51:54.866533 140271585064704 logging_writer.py:48] [1] accumulated_eval_time=226.264663, accumulated_logging_time=0, accumulated_submission_time=44.157167, global_step=1, preemption_count=0, score=44.157167, test/ctc_loss=30.65760612487793, test/num_examples=2472, test/wer=3.232161, total_duration=270.421900, train/ctc_loss=31.563701629638672, train/wer=3.280985, validation/ctc_loss=30.570293426513672, validation/num_examples=5348, validation/wer=2.911602
I0211 00:53:19.986047 140283373565696 logging_writer.py:48] [100] global_step=100, grad_norm=6.953511714935303, loss=9.512772560119629
I0211 00:54:36.900788 140283381958400 logging_writer.py:48] [200] global_step=200, grad_norm=2.7786052227020264, loss=6.6726274490356445
I0211 00:55:53.320667 140283373565696 logging_writer.py:48] [300] global_step=300, grad_norm=0.967351496219635, loss=5.928050518035889
I0211 00:57:10.377078 140283381958400 logging_writer.py:48] [400] global_step=400, grad_norm=0.5167700052261353, loss=5.85891056060791
I0211 00:58:27.204994 140283373565696 logging_writer.py:48] [500] global_step=500, grad_norm=0.6006690263748169, loss=5.83176851272583
I0211 00:59:50.483788 140283381958400 logging_writer.py:48] [600] global_step=600, grad_norm=0.482693612575531, loss=5.797192096710205
I0211 01:01:14.760720 140283373565696 logging_writer.py:48] [700] global_step=700, grad_norm=0.378465473651886, loss=5.772836685180664
I0211 01:02:33.515882 140283381958400 logging_writer.py:48] [800] global_step=800, grad_norm=0.42708656191825867, loss=5.680384635925293
I0211 01:03:58.277784 140283373565696 logging_writer.py:48] [900] global_step=900, grad_norm=0.4224222004413605, loss=5.5707807540893555
I0211 01:05:23.256712 140283381958400 logging_writer.py:48] [1000] global_step=1000, grad_norm=0.9037690758705139, loss=5.4944868087768555
I0211 01:06:46.760544 140285390001920 logging_writer.py:48] [1100] global_step=1100, grad_norm=0.6559107899665833, loss=5.296062469482422
I0211 01:08:04.328341 140285381609216 logging_writer.py:48] [1200] global_step=1200, grad_norm=1.2580963373184204, loss=4.991153240203857
I0211 01:09:22.034937 140285390001920 logging_writer.py:48] [1300] global_step=1300, grad_norm=1.3792940378189087, loss=4.544064521789551
I0211 01:10:40.684909 140285381609216 logging_writer.py:48] [1400] global_step=1400, grad_norm=1.5327479839324951, loss=4.102383613586426
I0211 01:12:07.432579 140285390001920 logging_writer.py:48] [1500] global_step=1500, grad_norm=1.9314594268798828, loss=3.7746987342834473
I0211 01:13:35.415870 140285381609216 logging_writer.py:48] [1600] global_step=1600, grad_norm=2.2932472229003906, loss=3.5489351749420166
I0211 01:15:00.897368 140285390001920 logging_writer.py:48] [1700] global_step=1700, grad_norm=2.895531415939331, loss=3.342949151992798
I0211 01:15:55.804111 140441227016000 spec.py:321] Evaluating on the training split.
I0211 01:16:33.129932 140441227016000 spec.py:333] Evaluating on the validation split.
I0211 01:17:19.350255 140441227016000 spec.py:349] Evaluating on the test split.
I0211 01:17:42.665728 140441227016000 submission_runner.py:408] Time since start: 1818.25s, 	Step: 1767, 	{'train/ctc_loss': Array(6.473987, dtype=float32), 'train/wer': 0.944635537887994, 'validation/ctc_loss': Array(6.4356875, dtype=float32), 'validation/wer': 0.8966179750330672, 'validation/num_examples': 5348, 'test/ctc_loss': Array(6.3765306, dtype=float32), 'test/wer': 0.899579550301627, 'test/num_examples': 2472, 'score': 1485.011241197586, 'total_duration': 1818.2476708889008, 'accumulated_submission_time': 1485.011241197586, 'accumulated_eval_time': 333.1237199306488, 'accumulated_logging_time': 0.04142189025878906}
I0211 01:17:42.694844 140285390001920 logging_writer.py:48] [1767] accumulated_eval_time=333.123720, accumulated_logging_time=0.041422, accumulated_submission_time=1485.011241, global_step=1767, preemption_count=0, score=1485.011241, test/ctc_loss=6.376530647277832, test/num_examples=2472, test/wer=0.899580, total_duration=1818.247671, train/ctc_loss=6.473987102508545, train/wer=0.944636, validation/ctc_loss=6.43568754196167, validation/num_examples=5348, validation/wer=0.896618
I0211 01:18:08.706324 140285381609216 logging_writer.py:48] [1800] global_step=1800, grad_norm=2.6431448459625244, loss=3.1910057067871094
I0211 01:19:24.712616 140285390001920 logging_writer.py:48] [1900] global_step=1900, grad_norm=2.7440943717956543, loss=3.0495731830596924
I0211 01:20:40.198778 140285381609216 logging_writer.py:48] [2000] global_step=2000, grad_norm=2.8505327701568604, loss=2.9230926036834717
I0211 01:22:00.153653 140285390001920 logging_writer.py:48] [2100] global_step=2100, grad_norm=3.4145076274871826, loss=2.8555023670196533
I0211 01:23:16.408068 140285381609216 logging_writer.py:48] [2200] global_step=2200, grad_norm=2.5926737785339355, loss=2.7946977615356445
I0211 01:24:35.026173 140285390001920 logging_writer.py:48] [2300] global_step=2300, grad_norm=3.131178617477417, loss=2.741563558578491
I0211 01:26:00.512292 140285381609216 logging_writer.py:48] [2400] global_step=2400, grad_norm=2.0639474391937256, loss=2.6803267002105713
I0211 01:27:24.761119 140285390001920 logging_writer.py:48] [2500] global_step=2500, grad_norm=3.936511993408203, loss=2.6281726360321045
I0211 01:28:47.434496 140285381609216 logging_writer.py:48] [2600] global_step=2600, grad_norm=2.510591745376587, loss=2.485750913619995
I0211 01:30:10.235255 140285390001920 logging_writer.py:48] [2700] global_step=2700, grad_norm=2.8480913639068604, loss=2.435706615447998
I0211 01:31:30.739917 140285381609216 logging_writer.py:48] [2800] global_step=2800, grad_norm=3.7132866382598877, loss=2.510906934738159
I0211 01:32:59.590749 140285390001920 logging_writer.py:48] [2900] global_step=2900, grad_norm=4.012956142425537, loss=2.4026150703430176
I0211 01:34:24.874163 140285381609216 logging_writer.py:48] [3000] global_step=3000, grad_norm=3.259812831878662, loss=2.332202672958374
I0211 01:35:53.239230 140285390001920 logging_writer.py:48] [3100] global_step=3100, grad_norm=2.675532579421997, loss=2.3211259841918945
I0211 01:37:10.594156 140285381609216 logging_writer.py:48] [3200] global_step=3200, grad_norm=4.650546073913574, loss=2.254101276397705
I0211 01:38:30.536355 140285390001920 logging_writer.py:48] [3300] global_step=3300, grad_norm=4.5164384841918945, loss=2.2264716625213623
I0211 01:39:51.381133 140285381609216 logging_writer.py:48] [3400] global_step=3400, grad_norm=3.780531883239746, loss=2.248483419418335
I0211 01:41:14.340997 140285390001920 logging_writer.py:48] [3500] global_step=3500, grad_norm=4.616823673248291, loss=2.1617088317871094
I0211 01:41:43.221774 140441227016000 spec.py:321] Evaluating on the training split.
I0211 01:42:28.021767 140441227016000 spec.py:333] Evaluating on the validation split.
I0211 01:43:17.112793 140441227016000 spec.py:349] Evaluating on the test split.
I0211 01:43:43.108351 140441227016000 submission_runner.py:408] Time since start: 3378.69s, 	Step: 3537, 	{'train/ctc_loss': Array(3.7205336, dtype=float32), 'train/wer': 0.7672056042404709, 'validation/ctc_loss': Array(4.0462813, dtype=float32), 'validation/wer': 0.7830116724755496, 'validation/num_examples': 5348, 'test/ctc_loss': Array(3.662109, dtype=float32), 'test/wer': 0.7429772713423923, 'test/num_examples': 2472, 'score': 2925.4576818943024, 'total_duration': 3378.6899876594543, 'accumulated_submission_time': 2925.4576818943024, 'accumulated_eval_time': 453.00739574432373, 'accumulated_logging_time': 0.08230781555175781}
I0211 01:43:43.137150 140285390001920 logging_writer.py:48] [3537] accumulated_eval_time=453.007396, accumulated_logging_time=0.082308, accumulated_submission_time=2925.457682, global_step=3537, preemption_count=0, score=2925.457682, test/ctc_loss=3.662108898162842, test/num_examples=2472, test/wer=0.742977, total_duration=3378.689988, train/ctc_loss=3.720533609390259, train/wer=0.767206, validation/ctc_loss=4.046281337738037, validation/num_examples=5348, validation/wer=0.783012
I0211 01:44:31.171511 140285381609216 logging_writer.py:48] [3600] global_step=3600, grad_norm=2.8412792682647705, loss=2.1211776733398438
I0211 01:45:46.077134 140285390001920 logging_writer.py:48] [3700] global_step=3700, grad_norm=3.1103243827819824, loss=2.1528162956237793
I0211 01:47:01.827950 140285381609216 logging_writer.py:48] [3800] global_step=3800, grad_norm=2.970688581466675, loss=2.1259989738464355
I0211 01:48:26.599808 140285390001920 logging_writer.py:48] [3900] global_step=3900, grad_norm=3.770599126815796, loss=2.079712390899658
I0211 01:49:52.624572 140285381609216 logging_writer.py:48] [4000] global_step=4000, grad_norm=5.749728202819824, loss=2.0935614109039307
I0211 01:51:18.149932 140285390001920 logging_writer.py:48] [4100] global_step=4100, grad_norm=4.822004318237305, loss=2.0914688110351562
I0211 01:52:38.501346 140283423921920 logging_writer.py:48] [4200] global_step=4200, grad_norm=4.210311412811279, loss=1.9915119409561157
I0211 01:53:54.293262 140283415529216 logging_writer.py:48] [4300] global_step=4300, grad_norm=2.6960184574127197, loss=2.0569493770599365
I0211 01:55:14.186207 140283423921920 logging_writer.py:48] [4400] global_step=4400, grad_norm=4.279494285583496, loss=1.9657121896743774
I0211 01:56:34.069631 140283415529216 logging_writer.py:48] [4500] global_step=4500, grad_norm=2.675780773162842, loss=2.042055368423462
I0211 01:58:02.693747 140283423921920 logging_writer.py:48] [4600] global_step=4600, grad_norm=4.427332878112793, loss=1.9828221797943115
I0211 01:59:28.781714 140283415529216 logging_writer.py:48] [4700] global_step=4700, grad_norm=3.0590970516204834, loss=2.0020010471343994
I0211 02:00:57.125253 140283423921920 logging_writer.py:48] [4800] global_step=4800, grad_norm=3.530097007751465, loss=1.9443715810775757
I0211 02:02:21.513910 140283415529216 logging_writer.py:48] [4900] global_step=4900, grad_norm=4.63032865524292, loss=2.004509210586548
I0211 02:03:48.294688 140283423921920 logging_writer.py:48] [5000] global_step=5000, grad_norm=2.795675039291382, loss=1.8764657974243164
I0211 02:05:16.034085 140283415529216 logging_writer.py:48] [5100] global_step=5100, grad_norm=3.5135719776153564, loss=1.887010097503662
I0211 02:06:41.760372 140284079281920 logging_writer.py:48] [5200] global_step=5200, grad_norm=3.5944392681121826, loss=1.9028223752975464
I0211 02:07:43.360617 140441227016000 spec.py:321] Evaluating on the training split.
I0211 02:08:37.549644 140441227016000 spec.py:333] Evaluating on the validation split.
I0211 02:09:29.398474 140441227016000 spec.py:349] Evaluating on the test split.
I0211 02:09:55.468974 140441227016000 submission_runner.py:408] Time since start: 4951.05s, 	Step: 5280, 	{'train/ctc_loss': Array(0.60861146, dtype=float32), 'train/wer': 0.2074207610523375, 'validation/ctc_loss': Array(1.0145419, dtype=float32), 'validation/wer': 0.285150178128349, 'validation/num_examples': 5348, 'test/ctc_loss': Array(0.671695, dtype=float32), 'test/wer': 0.21412467247577843, 'test/num_examples': 2472, 'score': 4365.597179412842, 'total_duration': 4951.050794363022, 'accumulated_submission_time': 4365.597179412842, 'accumulated_eval_time': 585.1130557060242, 'accumulated_logging_time': 0.12415671348571777}
I0211 02:09:55.494251 140284150961920 logging_writer.py:48] [5280] accumulated_eval_time=585.113056, accumulated_logging_time=0.124157, accumulated_submission_time=4365.597179, global_step=5280, preemption_count=0, score=4365.597179, test/ctc_loss=0.6716949939727783, test/num_examples=2472, test/wer=0.214125, total_duration=4951.050794, train/ctc_loss=0.6086114645004272, train/wer=0.207421, validation/ctc_loss=1.0145418643951416, validation/num_examples=5348, validation/wer=0.285150
I0211 02:10:11.485929 140284142569216 logging_writer.py:48] [5300] global_step=5300, grad_norm=5.131211280822754, loss=1.8532381057739258
I0211 02:11:26.754388 140284150961920 logging_writer.py:48] [5400] global_step=5400, grad_norm=2.7616825103759766, loss=1.905533790588379
I0211 02:12:42.625363 140284142569216 logging_writer.py:48] [5500] global_step=5500, grad_norm=2.9781415462493896, loss=1.9307738542556763
I0211 02:13:57.876679 140284150961920 logging_writer.py:48] [5600] global_step=5600, grad_norm=3.0305800437927246, loss=1.8520009517669678
I0211 02:15:17.325521 140284142569216 logging_writer.py:48] [5700] global_step=5700, grad_norm=2.8229572772979736, loss=1.8651221990585327
I0211 02:16:43.822015 140284150961920 logging_writer.py:48] [5800] global_step=5800, grad_norm=3.2533509731292725, loss=1.7972897291183472
I0211 02:18:10.819633 140284142569216 logging_writer.py:48] [5900] global_step=5900, grad_norm=3.659773111343384, loss=1.8383681774139404
I0211 02:19:39.041006 140284150961920 logging_writer.py:48] [6000] global_step=6000, grad_norm=3.427371025085449, loss=1.8490099906921387
I0211 02:21:01.857012 140284142569216 logging_writer.py:48] [6100] global_step=6100, grad_norm=2.521181106567383, loss=1.8323463201522827
I0211 02:22:29.465165 140284150961920 logging_writer.py:48] [6200] global_step=6200, grad_norm=3.958700656890869, loss=1.7662078142166138
I0211 02:23:46.044687 140284142569216 logging_writer.py:48] [6300] global_step=6300, grad_norm=4.709691047668457, loss=1.7868919372558594
I0211 02:25:02.364102 140284150961920 logging_writer.py:48] [6400] global_step=6400, grad_norm=4.248286247253418, loss=1.7740728855133057
I0211 02:26:21.030807 140284142569216 logging_writer.py:48] [6500] global_step=6500, grad_norm=3.5967767238616943, loss=1.6899430751800537
I0211 02:27:43.532973 140284150961920 logging_writer.py:48] [6600] global_step=6600, grad_norm=3.001425266265869, loss=1.7879111766815186
I0211 02:29:12.950246 140284142569216 logging_writer.py:48] [6700] global_step=6700, grad_norm=2.531282424926758, loss=1.817785382270813
I0211 02:30:38.706977 140284150961920 logging_writer.py:48] [6800] global_step=6800, grad_norm=2.155482292175293, loss=1.7090725898742676
I0211 02:32:03.498424 140284142569216 logging_writer.py:48] [6900] global_step=6900, grad_norm=3.017730236053467, loss=1.7131696939468384
I0211 02:33:30.262918 140284150961920 logging_writer.py:48] [7000] global_step=7000, grad_norm=3.3434927463531494, loss=1.8547495603561401
I0211 02:33:55.949475 140441227016000 spec.py:321] Evaluating on the training split.
I0211 02:35:01.607599 140441227016000 spec.py:333] Evaluating on the validation split.
I0211 02:35:54.022096 140441227016000 spec.py:349] Evaluating on the test split.
I0211 02:36:20.389497 140441227016000 submission_runner.py:408] Time since start: 6535.97s, 	Step: 7030, 	{'train/ctc_loss': Array(0.49595514, dtype=float32), 'train/wer': 0.16683597063536115, 'validation/ctc_loss': Array(0.8424785, dtype=float32), 'validation/wer': 0.2426503953580428, 'validation/num_examples': 5348, 'test/ctc_loss': Array(0.5282411, dtype=float32), 'test/wer': 0.17077976154205513, 'test/num_examples': 2472, 'score': 5805.970959663391, 'total_duration': 6535.9713497161865, 'accumulated_submission_time': 5805.970959663391, 'accumulated_eval_time': 729.5503969192505, 'accumulated_logging_time': 0.16060924530029297}
I0211 02:36:20.415846 140284150961920 logging_writer.py:48] [7030] accumulated_eval_time=729.550397, accumulated_logging_time=0.160609, accumulated_submission_time=5805.970960, global_step=7030, preemption_count=0, score=5805.970960, test/ctc_loss=0.5282410979270935, test/num_examples=2472, test/wer=0.170780, total_duration=6535.971350, train/ctc_loss=0.49595513939857483, train/wer=0.166836, validation/ctc_loss=0.8424785137176514, validation/num_examples=5348, validation/wer=0.242650
I0211 02:37:13.281327 140284142569216 logging_writer.py:48] [7100] global_step=7100, grad_norm=2.6870360374450684, loss=1.767981767654419
I0211 02:38:28.123741 140284150961920 logging_writer.py:48] [7200] global_step=7200, grad_norm=2.489063262939453, loss=1.8103463649749756
I0211 02:39:48.183103 140282840241920 logging_writer.py:48] [7300] global_step=7300, grad_norm=2.1057403087615967, loss=1.7849454879760742
I0211 02:41:08.664036 140282831849216 logging_writer.py:48] [7400] global_step=7400, grad_norm=2.4340641498565674, loss=1.7200865745544434
I0211 02:42:28.336972 140282840241920 logging_writer.py:48] [7500] global_step=7500, grad_norm=2.9974207878112793, loss=1.7407523393630981
I0211 02:43:46.438247 140282831849216 logging_writer.py:48] [7600] global_step=7600, grad_norm=3.9325456619262695, loss=1.7232036590576172
I0211 02:45:11.977428 140282840241920 logging_writer.py:48] [7700] global_step=7700, grad_norm=2.2726335525512695, loss=1.716442346572876
I0211 02:46:37.238024 140282831849216 logging_writer.py:48] [7800] global_step=7800, grad_norm=2.531315326690674, loss=1.7124900817871094
I0211 02:48:02.383636 140282840241920 logging_writer.py:48] [7900] global_step=7900, grad_norm=2.1620841026306152, loss=1.66208815574646
I0211 02:49:30.444698 140282831849216 logging_writer.py:48] [8000] global_step=8000, grad_norm=3.2129275798797607, loss=1.6681793928146362
I0211 02:50:56.991651 140282840241920 logging_writer.py:48] [8100] global_step=8100, grad_norm=6.582836151123047, loss=1.6535838842391968
I0211 02:52:22.565222 140282831849216 logging_writer.py:48] [8200] global_step=8200, grad_norm=3.2176077365875244, loss=1.7677863836288452
I0211 02:53:45.741539 140285390001920 logging_writer.py:48] [8300] global_step=8300, grad_norm=3.6711361408233643, loss=1.7244064807891846
I0211 02:55:04.890714 140285381609216 logging_writer.py:48] [8400] global_step=8400, grad_norm=2.582754611968994, loss=1.6849699020385742
I0211 02:56:21.543511 140285390001920 logging_writer.py:48] [8500] global_step=8500, grad_norm=4.21978235244751, loss=1.6447336673736572
I0211 02:57:44.092796 140285381609216 logging_writer.py:48] [8600] global_step=8600, grad_norm=2.2726263999938965, loss=1.6542739868164062
I0211 02:59:11.763159 140285390001920 logging_writer.py:48] [8700] global_step=8700, grad_norm=2.550262928009033, loss=1.6770093441009521
I0211 03:00:20.607898 140441227016000 spec.py:321] Evaluating on the training split.
I0211 03:01:19.014112 140441227016000 spec.py:333] Evaluating on the validation split.
I0211 03:02:10.098813 140441227016000 spec.py:349] Evaluating on the test split.
I0211 03:02:36.812513 140441227016000 submission_runner.py:408] Time since start: 8112.39s, 	Step: 8781, 	{'train/ctc_loss': Array(0.4343019, dtype=float32), 'train/wer': 0.1476276935788993, 'validation/ctc_loss': Array(0.7638279, dtype=float32), 'validation/wer': 0.2213232667484094, 'validation/num_examples': 5348, 'test/ctc_loss': Array(0.47641897, dtype=float32), 'test/wer': 0.1522149777588203, 'test/num_examples': 2472, 'score': 7246.0776579380035, 'total_duration': 8112.394110202789, 'accumulated_submission_time': 7246.0776579380035, 'accumulated_eval_time': 865.7520883083344, 'accumulated_logging_time': 0.2023007869720459}
I0211 03:02:36.841995 140285390001920 logging_writer.py:48] [8781] accumulated_eval_time=865.752088, accumulated_logging_time=0.202301, accumulated_submission_time=7246.077658, global_step=8781, preemption_count=0, score=7246.077658, test/ctc_loss=0.47641897201538086, test/num_examples=2472, test/wer=0.152215, total_duration=8112.394110, train/ctc_loss=0.4343019127845764, train/wer=0.147628, validation/ctc_loss=0.763827919960022, validation/num_examples=5348, validation/wer=0.221323
I0211 03:02:51.844180 140285381609216 logging_writer.py:48] [8800] global_step=8800, grad_norm=2.605682373046875, loss=1.6416376829147339
I0211 03:04:06.726204 140285390001920 logging_writer.py:48] [8900] global_step=8900, grad_norm=3.851344108581543, loss=1.7024948596954346
I0211 03:05:21.671915 140285381609216 logging_writer.py:48] [9000] global_step=9000, grad_norm=2.4293174743652344, loss=1.6816530227661133
I0211 03:06:42.909339 140285390001920 logging_writer.py:48] [9100] global_step=9100, grad_norm=2.5723581314086914, loss=1.7504040002822876
I0211 03:08:11.409899 140285381609216 logging_writer.py:48] [9200] global_step=9200, grad_norm=2.413698434829712, loss=1.6923096179962158
I0211 03:09:39.125847 140285062321920 logging_writer.py:48] [9300] global_step=9300, grad_norm=2.304607391357422, loss=1.6613562107086182
I0211 03:10:55.574061 140285053929216 logging_writer.py:48] [9400] global_step=9400, grad_norm=2.810044288635254, loss=1.6958619356155396
I0211 03:12:12.311055 140285062321920 logging_writer.py:48] [9500] global_step=9500, grad_norm=2.8213181495666504, loss=1.6784850358963013
I0211 03:13:30.396317 140285053929216 logging_writer.py:48] [9600] global_step=9600, grad_norm=2.5635669231414795, loss=1.662754774093628
I0211 03:14:53.072308 140285062321920 logging_writer.py:48] [9700] global_step=9700, grad_norm=2.1383559703826904, loss=1.7137620449066162
I0211 03:16:21.195333 140285053929216 logging_writer.py:48] [9800] global_step=9800, grad_norm=2.4098970890045166, loss=1.626679539680481
I0211 03:17:48.958934 140285062321920 logging_writer.py:48] [9900] global_step=9900, grad_norm=3.905683994293213, loss=1.6366431713104248
I0211 03:19:16.963498 140285053929216 logging_writer.py:48] [10000] global_step=10000, grad_norm=3.1380977630615234, loss=1.6553562879562378
I0211 03:20:42.664863 140285062321920 logging_writer.py:48] [10100] global_step=10100, grad_norm=3.2124149799346924, loss=1.6067957878112793
I0211 03:22:11.169323 140285053929216 logging_writer.py:48] [10200] global_step=10200, grad_norm=3.1651787757873535, loss=1.6380362510681152
I0211 03:23:39.871641 140285390001920 logging_writer.py:48] [10300] global_step=10300, grad_norm=2.2867190837860107, loss=1.6530004739761353
I0211 03:24:58.369611 140285381609216 logging_writer.py:48] [10400] global_step=10400, grad_norm=3.0094828605651855, loss=1.5975970029830933
I0211 03:26:18.293846 140285390001920 logging_writer.py:48] [10500] global_step=10500, grad_norm=2.7892820835113525, loss=1.628643274307251
I0211 03:26:37.494523 140441227016000 spec.py:321] Evaluating on the training split.
I0211 03:27:35.788874 140441227016000 spec.py:333] Evaluating on the validation split.
I0211 03:28:27.473810 140441227016000 spec.py:349] Evaluating on the test split.
I0211 03:28:53.782186 140441227016000 submission_runner.py:408] Time since start: 9689.36s, 	Step: 10527, 	{'train/ctc_loss': Array(0.42308322, dtype=float32), 'train/wer': 0.14123690991245713, 'validation/ctc_loss': Array(0.724271, dtype=float32), 'validation/wer': 0.20801915483167113, 'validation/num_examples': 5348, 'test/ctc_loss': Array(0.44031197, dtype=float32), 'test/wer': 0.14069831210773262, 'test/num_examples': 2472, 'score': 8686.643969297409, 'total_duration': 9689.364002227783, 'accumulated_submission_time': 8686.643969297409, 'accumulated_eval_time': 1002.0370271205902, 'accumulated_logging_time': 0.24602818489074707}
I0211 03:28:53.809749 140285390001920 logging_writer.py:48] [10527] accumulated_eval_time=1002.037027, accumulated_logging_time=0.246028, accumulated_submission_time=8686.643969, global_step=10527, preemption_count=0, score=8686.643969, test/ctc_loss=0.4403119683265686, test/num_examples=2472, test/wer=0.140698, total_duration=9689.364002, train/ctc_loss=0.42308321595191956, train/wer=0.141237, validation/ctc_loss=0.7242709994316101, validation/num_examples=5348, validation/wer=0.208019
I0211 03:29:49.076044 140285381609216 logging_writer.py:48] [10600] global_step=10600, grad_norm=1.899609923362732, loss=1.5836528539657593
I0211 03:31:04.268593 140285390001920 logging_writer.py:48] [10700] global_step=10700, grad_norm=3.271726608276367, loss=1.6270081996917725
I0211 03:32:22.191807 140285381609216 logging_writer.py:48] [10800] global_step=10800, grad_norm=3.957353353500366, loss=1.6484944820404053
I0211 03:33:48.403980 140285390001920 logging_writer.py:48] [10900] global_step=10900, grad_norm=2.1632766723632812, loss=1.6651431322097778
I0211 03:35:17.009231 140285381609216 logging_writer.py:48] [11000] global_step=11000, grad_norm=2.2546145915985107, loss=1.6274387836456299
I0211 03:36:43.159993 140285390001920 logging_writer.py:48] [11100] global_step=11100, grad_norm=2.721501111984253, loss=1.6152400970458984
I0211 03:38:08.650165 140285381609216 logging_writer.py:48] [11200] global_step=11200, grad_norm=2.9065632820129395, loss=1.600452184677124
I0211 03:39:36.170590 140285390001920 logging_writer.py:48] [11300] global_step=11300, grad_norm=2.13608980178833, loss=1.6012918949127197
I0211 03:40:58.589218 140283208881920 logging_writer.py:48] [11400] global_step=11400, grad_norm=4.756042957305908, loss=1.575960397720337
I0211 03:42:15.273382 140283200489216 logging_writer.py:48] [11500] global_step=11500, grad_norm=3.59287691116333, loss=1.6992747783660889
I0211 03:43:34.816984 140283208881920 logging_writer.py:48] [11600] global_step=11600, grad_norm=3.307730197906494, loss=1.6591131687164307
I0211 03:44:54.316084 140283200489216 logging_writer.py:48] [11700] global_step=11700, grad_norm=2.979794979095459, loss=1.5587595701217651
I0211 03:46:22.049336 140283208881920 logging_writer.py:48] [11800] global_step=11800, grad_norm=2.1502184867858887, loss=1.6416499614715576
I0211 03:47:47.863359 140283200489216 logging_writer.py:48] [11900] global_step=11900, grad_norm=2.7813684940338135, loss=1.6334080696105957
I0211 03:49:15.246124 140283208881920 logging_writer.py:48] [12000] global_step=12000, grad_norm=3.467860460281372, loss=1.6129703521728516
I0211 03:50:42.420293 140283200489216 logging_writer.py:48] [12100] global_step=12100, grad_norm=3.831001043319702, loss=1.5963411331176758
I0211 03:52:08.734228 140283208881920 logging_writer.py:48] [12200] global_step=12200, grad_norm=2.7099711894989014, loss=1.6415131092071533
I0211 03:52:53.823666 140441227016000 spec.py:321] Evaluating on the training split.
I0211 03:53:47.358644 140441227016000 spec.py:333] Evaluating on the validation split.
I0211 03:54:40.501955 140441227016000 spec.py:349] Evaluating on the test split.
I0211 03:55:06.624915 140441227016000 submission_runner.py:408] Time since start: 11262.21s, 	Step: 12254, 	{'train/ctc_loss': Array(0.3849505, dtype=float32), 'train/wer': 0.12991619339331675, 'validation/ctc_loss': Array(0.70631933, dtype=float32), 'validation/wer': 0.20398350985257344, 'validation/num_examples': 5348, 'test/ctc_loss': Array(0.42263985, dtype=float32), 'test/wer': 0.13685942355737005, 'test/num_examples': 2472, 'score': 10126.575286149979, 'total_duration': 11262.206323862076, 'accumulated_submission_time': 10126.575286149979, 'accumulated_eval_time': 1134.8351573944092, 'accumulated_logging_time': 0.28536081314086914}
I0211 03:55:06.650235 140283208881920 logging_writer.py:48] [12254] accumulated_eval_time=1134.835157, accumulated_logging_time=0.285361, accumulated_submission_time=10126.575286, global_step=12254, preemption_count=0, score=10126.575286, test/ctc_loss=0.4226398468017578, test/num_examples=2472, test/wer=0.136859, total_duration=11262.206324, train/ctc_loss=0.3849504888057709, train/wer=0.129916, validation/ctc_loss=0.7063193321228027, validation/num_examples=5348, validation/wer=0.203984
I0211 03:55:42.020730 140283200489216 logging_writer.py:48] [12300] global_step=12300, grad_norm=2.846315383911133, loss=1.6512763500213623
I0211 03:57:02.482152 140284519601920 logging_writer.py:48] [12400] global_step=12400, grad_norm=2.39135479927063, loss=1.5936015844345093
I0211 03:58:19.240964 140284511209216 logging_writer.py:48] [12500] global_step=12500, grad_norm=2.639101982116699, loss=1.6071330308914185
I0211 03:59:38.759591 140284519601920 logging_writer.py:48] [12600] global_step=12600, grad_norm=2.546252965927124, loss=1.5726393461227417
I0211 04:01:02.143563 140284511209216 logging_writer.py:48] [12700] global_step=12700, grad_norm=1.7641429901123047, loss=1.5909305810928345
I0211 04:02:25.164614 140284519601920 logging_writer.py:48] [12800] global_step=12800, grad_norm=3.299203395843506, loss=1.6136415004730225
I0211 04:03:52.656153 140284511209216 logging_writer.py:48] [12900] global_step=12900, grad_norm=4.1761674880981445, loss=1.6032427549362183
I0211 04:05:19.243069 140284519601920 logging_writer.py:48] [13000] global_step=13000, grad_norm=3.6153993606567383, loss=1.6315699815750122
I0211 04:06:48.450199 140284511209216 logging_writer.py:48] [13100] global_step=13100, grad_norm=2.917144298553467, loss=1.6196595430374146
I0211 04:08:18.015517 140284519601920 logging_writer.py:48] [13200] global_step=13200, grad_norm=2.849013328552246, loss=1.5917798280715942
I0211 04:09:48.906317 140284511209216 logging_writer.py:48] [13300] global_step=13300, grad_norm=5.177732944488525, loss=1.5922290086746216
I0211 04:11:17.339091 140284519601920 logging_writer.py:48] [13400] global_step=13400, grad_norm=2.9205572605133057, loss=1.5718799829483032
I0211 04:12:33.513740 140284511209216 logging_writer.py:48] [13500] global_step=13500, grad_norm=2.4703567028045654, loss=1.5843232870101929
I0211 04:13:51.674071 140284519601920 logging_writer.py:48] [13600] global_step=13600, grad_norm=2.7398934364318848, loss=1.5971043109893799
I0211 04:15:09.363894 140284511209216 logging_writer.py:48] [13700] global_step=13700, grad_norm=4.7921271324157715, loss=1.5623455047607422
I0211 04:16:34.140995 140284519601920 logging_writer.py:48] [13800] global_step=13800, grad_norm=2.7897756099700928, loss=1.612433671951294
I0211 04:17:59.519044 140284511209216 logging_writer.py:48] [13900] global_step=13900, grad_norm=4.002048492431641, loss=1.584152340888977
I0211 04:19:06.776343 140441227016000 spec.py:321] Evaluating on the training split.
I0211 04:20:08.790538 140441227016000 spec.py:333] Evaluating on the validation split.
I0211 04:21:02.666905 140441227016000 spec.py:349] Evaluating on the test split.
I0211 04:21:29.170928 140441227016000 submission_runner.py:408] Time since start: 12844.75s, 	Step: 13977, 	{'train/ctc_loss': Array(0.32947904, dtype=float32), 'train/wer': 0.1149223848774019, 'validation/ctc_loss': Array(0.66567683, dtype=float32), 'validation/wer': 0.19206966797648126, 'validation/num_examples': 5348, 'test/ctc_loss': Array(0.3976388, dtype=float32), 'test/wer': 0.1286941685454878, 'test/num_examples': 2472, 'score': 11566.618283510208, 'total_duration': 12844.752668619156, 'accumulated_submission_time': 11566.618283510208, 'accumulated_eval_time': 1277.2269763946533, 'accumulated_logging_time': 0.32526302337646484}
I0211 04:21:29.198031 140284519601920 logging_writer.py:48] [13977] accumulated_eval_time=1277.226976, accumulated_logging_time=0.325263, accumulated_submission_time=11566.618284, global_step=13977, preemption_count=0, score=11566.618284, test/ctc_loss=0.39763879776000977, test/num_examples=2472, test/wer=0.128694, total_duration=12844.752669, train/ctc_loss=0.32947903871536255, train/wer=0.114922, validation/ctc_loss=0.6656768321990967, validation/num_examples=5348, validation/wer=0.192070
I0211 04:21:47.179277 140284511209216 logging_writer.py:48] [14000] global_step=14000, grad_norm=2.6998133659362793, loss=1.6169923543930054
I0211 04:23:02.088960 140284519601920 logging_writer.py:48] [14100] global_step=14100, grad_norm=1.95350182056427, loss=1.6417258977890015
I0211 04:24:16.990297 140284511209216 logging_writer.py:48] [14200] global_step=14200, grad_norm=2.9383437633514404, loss=1.5735182762145996
I0211 04:25:41.574314 140284519601920 logging_writer.py:48] [14300] global_step=14300, grad_norm=3.093289613723755, loss=1.6838749647140503
I0211 04:27:07.607695 140284511209216 logging_writer.py:48] [14400] global_step=14400, grad_norm=2.568990468978882, loss=1.582398772239685
I0211 04:28:30.331210 140284519601920 logging_writer.py:48] [14500] global_step=14500, grad_norm=2.366523504257202, loss=1.5462977886199951
I0211 04:29:45.687088 140284511209216 logging_writer.py:48] [14600] global_step=14600, grad_norm=6.843161106109619, loss=1.542982816696167
I0211 04:31:05.361009 140284519601920 logging_writer.py:48] [14700] global_step=14700, grad_norm=2.1957998275756836, loss=1.5337684154510498
I0211 04:32:28.604685 140284511209216 logging_writer.py:48] [14800] global_step=14800, grad_norm=4.103470802307129, loss=1.5628573894500732
I0211 04:33:52.810616 140284519601920 logging_writer.py:48] [14900] global_step=14900, grad_norm=2.8817713260650635, loss=1.5666857957839966
I0211 04:35:15.193540 140284511209216 logging_writer.py:48] [15000] global_step=15000, grad_norm=2.9262855052948, loss=1.586648941040039
I0211 04:36:42.928992 140284519601920 logging_writer.py:48] [15100] global_step=15100, grad_norm=2.6850128173828125, loss=1.479028582572937
I0211 04:38:10.173620 140284511209216 logging_writer.py:48] [15200] global_step=15200, grad_norm=2.7175211906433105, loss=1.4792711734771729
I0211 04:39:38.024863 140284519601920 logging_writer.py:48] [15300] global_step=15300, grad_norm=3.678953170776367, loss=1.5937377214431763
I0211 04:41:05.278702 140284511209216 logging_writer.py:48] [15400] global_step=15400, grad_norm=2.899260997772217, loss=1.532183289527893
I0211 04:42:29.885004 140283864241920 logging_writer.py:48] [15500] global_step=15500, grad_norm=2.254011869430542, loss=1.5277901887893677
I0211 04:43:44.939296 140283855849216 logging_writer.py:48] [15600] global_step=15600, grad_norm=3.907792806625366, loss=1.5712226629257202
I0211 04:45:04.501869 140283864241920 logging_writer.py:48] [15700] global_step=15700, grad_norm=3.2662525177001953, loss=1.555128574371338
I0211 04:45:30.399274 140441227016000 spec.py:321] Evaluating on the training split.
I0211 04:46:24.133973 140441227016000 spec.py:333] Evaluating on the validation split.
I0211 04:47:15.777544 140441227016000 spec.py:349] Evaluating on the test split.
I0211 04:47:42.401776 140441227016000 submission_runner.py:408] Time since start: 14417.98s, 	Step: 15733, 	{'train/ctc_loss': Array(0.3160166, dtype=float32), 'train/wer': 0.10870409482414653, 'validation/ctc_loss': Array(0.65010995, dtype=float32), 'validation/wer': 0.18813056952798402, 'validation/num_examples': 5348, 'test/ctc_loss': Array(0.3880893, dtype=float32), 'test/wer': 0.12428655576544188, 'test/num_examples': 2472, 'score': 13007.737249851227, 'total_duration': 14417.983313083649, 'accumulated_submission_time': 13007.737249851227, 'accumulated_eval_time': 1409.226472377777, 'accumulated_logging_time': 0.3636348247528076}
I0211 04:47:42.427784 140284519601920 logging_writer.py:48] [15733] accumulated_eval_time=1409.226472, accumulated_logging_time=0.363635, accumulated_submission_time=13007.737250, global_step=15733, preemption_count=0, score=13007.737250, test/ctc_loss=0.38808929920196533, test/num_examples=2472, test/wer=0.124287, total_duration=14417.983313, train/ctc_loss=0.31601661443710327, train/wer=0.108704, validation/ctc_loss=0.6501099467277527, validation/num_examples=5348, validation/wer=0.188131
I0211 04:48:33.745032 140284511209216 logging_writer.py:48] [15800] global_step=15800, grad_norm=3.056903600692749, loss=1.5357640981674194
I0211 04:49:48.608566 140284519601920 logging_writer.py:48] [15900] global_step=15900, grad_norm=2.9395956993103027, loss=1.5309282541275024
I0211 04:51:08.635989 140284511209216 logging_writer.py:48] [16000] global_step=16000, grad_norm=2.1867165565490723, loss=1.5227288007736206
I0211 04:52:32.875597 140284519601920 logging_writer.py:48] [16100] global_step=16100, grad_norm=3.440673828125, loss=1.558250069618225
I0211 04:53:57.139413 140284511209216 logging_writer.py:48] [16200] global_step=16200, grad_norm=2.244419813156128, loss=1.5404880046844482
I0211 04:55:24.509703 140284519601920 logging_writer.py:48] [16300] global_step=16300, grad_norm=2.5336170196533203, loss=1.550932765007019
I0211 04:56:51.229159 140284511209216 logging_writer.py:48] [16400] global_step=16400, grad_norm=2.500535488128662, loss=1.5151394605636597
I0211 04:58:20.544373 140284519601920 logging_writer.py:48] [16500] global_step=16500, grad_norm=2.5500104427337646, loss=1.4779068231582642
I0211 04:59:38.045195 140284511209216 logging_writer.py:48] [16600] global_step=16600, grad_norm=2.932149648666382, loss=1.5191625356674194
I0211 05:00:53.837640 140284519601920 logging_writer.py:48] [16700] global_step=16700, grad_norm=2.6951427459716797, loss=1.5236608982086182
I0211 05:02:11.820527 140284511209216 logging_writer.py:48] [16800] global_step=16800, grad_norm=3.4807026386260986, loss=1.566275715827942
I0211 05:03:37.892164 140284519601920 logging_writer.py:48] [16900] global_step=16900, grad_norm=2.971635103225708, loss=1.4896116256713867
I0211 05:05:03.123682 140284511209216 logging_writer.py:48] [17000] global_step=17000, grad_norm=2.3196849822998047, loss=1.4989469051361084
I0211 05:06:27.093796 140284519601920 logging_writer.py:48] [17100] global_step=17100, grad_norm=2.533634662628174, loss=1.497301459312439
I0211 05:07:51.673715 140284511209216 logging_writer.py:48] [17200] global_step=17200, grad_norm=2.921142339706421, loss=1.5183130502700806
I0211 05:09:17.124647 140284519601920 logging_writer.py:48] [17300] global_step=17300, grad_norm=2.658663272857666, loss=1.561996340751648
I0211 05:10:44.389054 140284511209216 logging_writer.py:48] [17400] global_step=17400, grad_norm=3.831144332885742, loss=1.5046569108963013
I0211 05:11:43.103538 140441227016000 spec.py:321] Evaluating on the training split.
I0211 05:12:42.097528 140441227016000 spec.py:333] Evaluating on the validation split.
I0211 05:13:33.366966 140441227016000 spec.py:349] Evaluating on the test split.
I0211 05:14:00.300749 140441227016000 submission_runner.py:408] Time since start: 15995.88s, 	Step: 17470, 	{'train/ctc_loss': Array(0.3091924, dtype=float32), 'train/wer': 0.10841596636402151, 'validation/ctc_loss': Array(0.62598205, dtype=float32), 'validation/wer': 0.18160402405939544, 'validation/num_examples': 5348, 'test/ctc_loss': Array(0.370601, dtype=float32), 'test/wer': 0.1191274145390287, 'test/num_examples': 2472, 'score': 14448.331030368805, 'total_duration': 15995.882573604584, 'accumulated_submission_time': 14448.331030368805, 'accumulated_eval_time': 1546.4209856987, 'accumulated_logging_time': 0.4011971950531006}
I0211 05:14:00.327313 140284883121920 logging_writer.py:48] [17470] accumulated_eval_time=1546.420986, accumulated_logging_time=0.401197, accumulated_submission_time=14448.331030, global_step=17470, preemption_count=0, score=14448.331030, test/ctc_loss=0.37060099840164185, test/num_examples=2472, test/wer=0.119127, total_duration=15995.882574, train/ctc_loss=0.30919238924980164, train/wer=0.108416, validation/ctc_loss=0.6259820461273193, validation/num_examples=5348, validation/wer=0.181604
I0211 05:14:23.888629 140284874729216 logging_writer.py:48] [17500] global_step=17500, grad_norm=2.8354172706604004, loss=1.5557531118392944
I0211 05:15:44.467432 140284883121920 logging_writer.py:48] [17600] global_step=17600, grad_norm=2.6474416255950928, loss=1.5482560396194458
I0211 05:17:03.890043 140284874729216 logging_writer.py:48] [17700] global_step=17700, grad_norm=2.6268491744995117, loss=1.562575340270996
I0211 05:18:25.968442 140284883121920 logging_writer.py:48] [17800] global_step=17800, grad_norm=3.4635136127471924, loss=1.5330811738967896
I0211 05:19:47.410704 140284874729216 logging_writer.py:48] [17900] global_step=17900, grad_norm=2.2734549045562744, loss=1.588568925857544
I0211 05:21:12.542618 140284883121920 logging_writer.py:48] [18000] global_step=18000, grad_norm=2.8140363693237305, loss=1.5327904224395752
I0211 05:22:36.958196 140284874729216 logging_writer.py:48] [18100] global_step=18100, grad_norm=2.5356993675231934, loss=1.5271165370941162
I0211 05:24:07.903723 140284883121920 logging_writer.py:48] [18200] global_step=18200, grad_norm=3.182469606399536, loss=1.5409493446350098
I0211 05:25:31.863446 140284874729216 logging_writer.py:48] [18300] global_step=18300, grad_norm=2.737196207046509, loss=1.5044854879379272
I0211 05:26:56.573437 140284883121920 logging_writer.py:48] [18400] global_step=18400, grad_norm=4.130111217498779, loss=1.5360461473464966
I0211 05:28:22.495494 140284874729216 logging_writer.py:48] [18500] global_step=18500, grad_norm=4.408894062042236, loss=1.5502840280532837
I0211 05:29:48.436182 140284883121920 logging_writer.py:48] [18600] global_step=18600, grad_norm=2.9804458618164062, loss=1.5257152318954468
I0211 05:31:06.609332 140284874729216 logging_writer.py:48] [18700] global_step=18700, grad_norm=2.120607614517212, loss=1.527637004852295
I0211 05:32:29.751500 140284883121920 logging_writer.py:48] [18800] global_step=18800, grad_norm=3.2011983394622803, loss=1.484130620956421
I0211 05:33:49.999102 140284874729216 logging_writer.py:48] [18900] global_step=18900, grad_norm=3.0307488441467285, loss=1.4988757371902466
I0211 05:35:15.414549 140284883121920 logging_writer.py:48] [19000] global_step=19000, grad_norm=2.0298385620117188, loss=1.512266755104065
I0211 05:36:41.688850 140284874729216 logging_writer.py:48] [19100] global_step=19100, grad_norm=2.3782334327697754, loss=1.4495407342910767
I0211 05:38:00.517189 140441227016000 spec.py:321] Evaluating on the training split.
I0211 05:38:54.238231 140441227016000 spec.py:333] Evaluating on the validation split.
I0211 05:39:47.193127 140441227016000 spec.py:349] Evaluating on the test split.
I0211 05:40:13.475946 140441227016000 submission_runner.py:408] Time since start: 17569.06s, 	Step: 19191, 	{'train/ctc_loss': Array(0.31268734, dtype=float32), 'train/wer': 0.10624818213067505, 'validation/ctc_loss': Array(0.60505414, dtype=float32), 'validation/wer': 0.1773077034476766, 'validation/num_examples': 5348, 'test/ctc_loss': Array(0.35781944, dtype=float32), 'test/wer': 0.11474011333861435, 'test/num_examples': 2472, 'score': 15888.437488555908, 'total_duration': 17569.057680606842, 'accumulated_submission_time': 15888.437488555908, 'accumulated_eval_time': 1679.376972436905, 'accumulated_logging_time': 0.4410090446472168}
I0211 05:40:13.506718 140284883121920 logging_writer.py:48] [19191] accumulated_eval_time=1679.376972, accumulated_logging_time=0.441009, accumulated_submission_time=15888.437489, global_step=19191, preemption_count=0, score=15888.437489, test/ctc_loss=0.35781943798065186, test/num_examples=2472, test/wer=0.114740, total_duration=17569.057681, train/ctc_loss=0.31268733739852905, train/wer=0.106248, validation/ctc_loss=0.6050541400909424, validation/num_examples=5348, validation/wer=0.177308
I0211 05:40:21.174176 140284874729216 logging_writer.py:48] [19200] global_step=19200, grad_norm=3.279906749725342, loss=1.5702067613601685
I0211 05:41:36.430909 140284883121920 logging_writer.py:48] [19300] global_step=19300, grad_norm=2.7953603267669678, loss=1.483119010925293
I0211 05:42:51.752843 140284874729216 logging_writer.py:48] [19400] global_step=19400, grad_norm=3.3404505252838135, loss=1.517870306968689
I0211 05:44:12.440180 140284883121920 logging_writer.py:48] [19500] global_step=19500, grad_norm=3.330918788909912, loss=1.4917267560958862
I0211 05:45:41.353248 140284883121920 logging_writer.py:48] [19600] global_step=19600, grad_norm=2.6029982566833496, loss=1.5516581535339355
I0211 05:46:59.641406 140284874729216 logging_writer.py:48] [19700] global_step=19700, grad_norm=2.6812403202056885, loss=1.5067133903503418
I0211 05:48:15.366615 140284883121920 logging_writer.py:48] [19800] global_step=19800, grad_norm=1.8869236707687378, loss=1.4482048749923706
I0211 05:49:35.628760 140284874729216 logging_writer.py:48] [19900] global_step=19900, grad_norm=2.982912063598633, loss=1.5839473009109497
