python3 submission_runner.py --framework=jax --workload=librispeech_deepspeech --submission_path=prize_qualification_baselines/self_tuning/jax_nadamw_full_budget.py --data_dir=/data/librispeech --num_tuning_trials=1 --experiment_dir=/experiment_runs --experiment_name=prize_qualification_self_tuning/study_4 --overwrite=true --save_checkpoints=false --rng_seed=640929161 --max_global_steps=144000 --librispeech_tokenizer_vocab_path=/data/librispeech/spm_model.vocab --tuning_ruleset=self 2>&1 | tee -a /logs/librispeech_deepspeech_jax_03-13-2024-00-19-52.log
I0313 00:20:11.901676 139753549698880 logger_utils.py:76] Creating experiment directory at /experiment_runs/prize_qualification_self_tuning/study_4/librispeech_deepspeech_jax.
I0313 00:20:12.906147 139753549698880 xla_bridge.py:455] Unable to initialize backend 'rocm': NOT_FOUND: Could not find registered platform with name: "rocm". Available platform names are: Interpreter CUDA Host
I0313 00:20:12.907079 139753549698880 xla_bridge.py:455] Unable to initialize backend 'tpu': module 'jaxlib.xla_extension' has no attribute 'get_tpu_client'
I0313 00:20:12.907464 139753549698880 xla_bridge.py:455] Unable to initialize backend 'plugin': xla_extension has no attributes named get_plugin_device_client. Compile TensorFlow with //tensorflow/compiler/xla/python:enable_plugin_device set to true (defaults to false) to enable this.
I0313 00:20:13.772470 139753549698880 submission_runner.py:612] Creating directory at /experiment_runs/prize_qualification_self_tuning/study_4/librispeech_deepspeech_jax/trial_1.
I0313 00:20:13.970559 139753549698880 submission_runner.py:209] Initializing dataset.
I0313 00:20:13.970818 139753549698880 submission_runner.py:220] Initializing model.
I0313 00:20:16.662127 139753549698880 submission_runner.py:262] Initializing optimizer.
I0313 00:20:17.367997 139753549698880 submission_runner.py:269] Initializing metrics bundle.
I0313 00:20:17.368211 139753549698880 submission_runner.py:287] Initializing checkpoint and logger.
I0313 00:20:17.368996 139753549698880 checkpoints.py:915] Found no checkpoint files in /experiment_runs/prize_qualification_self_tuning/study_4/librispeech_deepspeech_jax/trial_1 with prefix checkpoint_
I0313 00:20:17.369148 139753549698880 submission_runner.py:307] Saving meta data to /experiment_runs/prize_qualification_self_tuning/study_4/librispeech_deepspeech_jax/trial_1/meta_data_0.json.
I0313 00:20:17.369382 139753549698880 logger_utils.py:257] Unable to record workload.train_mean information. Continuing without it.
I0313 00:20:17.369482 139753549698880 logger_utils.py:257] Unable to record workload.train_stddev information. Continuing without it.
fatal: detected dubious ownership in repository at '/algorithmic-efficiency'
To add an exception for this directory, call:

	git config --global --add safe.directory /algorithmic-efficiency
I0313 00:20:17.648576 139753549698880 logger_utils.py:220] Unable to record git information. Continuing without it.
I0313 00:20:17.904756 139753549698880 submission_runner.py:311] Saving flags to /experiment_runs/prize_qualification_self_tuning/study_4/librispeech_deepspeech_jax/trial_1/flags_0.json.
I0313 00:20:17.918841 139753549698880 submission_runner.py:321] Starting training loop.
I0313 00:20:18.207468 139753549698880 input_pipeline.py:20] Loading split = train-clean-100
I0313 00:20:18.244932 139753549698880 input_pipeline.py:20] Loading split = train-clean-360
I0313 00:20:18.374541 139753549698880 input_pipeline.py:20] Loading split = train-other-500
/usr/local/lib/python3.8/dist-packages/jax/_src/interpreters/mlir.py:582: UserWarning: Some donated buffers were not usable: ShapedArray(float32[512]), ShapedArray(float32[512]), ShapedArray(float32[512]), ShapedArray(float32[512]), ShapedArray(float32[512]), ShapedArray(float32[512]), ShapedArray(float32[512]), ShapedArray(float32[512]), ShapedArray(float32[512]), ShapedArray(float32[512]), ShapedArray(float32[512]), ShapedArray(float32[512]), ShapedArray(float32[512]), ShapedArray(float32[512]), ShapedArray(float32[512]), ShapedArray(float32[512]), ShapedArray(float32[512]), ShapedArray(float32[512]).
See an explanation at https://jax.readthedocs.io/en/latest/faq.html#buffer-donation.
  warnings.warn(f"Some donated buffers were not usable: {', '.join(unused_donations)}.\n{msg}")
I0313 00:20:59.128271 139588618155776 logging_writer.py:48] [0] global_step=0, grad_norm=30.846376419067383, loss=33.02050018310547
I0313 00:20:59.164802 139753549698880 spec.py:321] Evaluating on the training split.
I0313 00:20:59.443774 139753549698880 input_pipeline.py:20] Loading split = train-clean-100
I0313 00:20:59.482983 139753549698880 input_pipeline.py:20] Loading split = train-clean-360
I0313 00:20:59.933114 139753549698880 input_pipeline.py:20] Loading split = train-other-500
/usr/local/lib/python3.8/dist-packages/jax/_src/ops/scatter.py:92: FutureWarning: scatter inputs have incompatible types: cannot safely cast value from dtype=float32 to dtype=int32. In future JAX releases this will result in an error.
  warnings.warn("scatter inputs have incompatible types: cannot safely cast "
I0313 00:22:43.043953 139753549698880 spec.py:333] Evaluating on the validation split.
I0313 00:22:43.262261 139753549698880 input_pipeline.py:20] Loading split = dev-clean
I0313 00:22:43.268513 139753549698880 input_pipeline.py:20] Loading split = dev-other
I0313 00:23:54.599906 139753549698880 spec.py:349] Evaluating on the test split.
I0313 00:23:54.813594 139753549698880 input_pipeline.py:20] Loading split = test-clean
I0313 00:24:39.424787 139753549698880 submission_runner.py:420] Time since start: 261.50s, 	Step: 1, 	{'train/ctc_loss': Array(30.773157, dtype=float32), 'train/wer': 2.6377725256647855, 'validation/ctc_loss': Array(30.24853, dtype=float32), 'validation/wer': 2.327167228245653, 'validation/num_examples': 5348, 'test/ctc_loss': Array(30.225792, dtype=float32), 'test/wer': 2.567668027542502, 'test/num_examples': 2472, 'score': 41.24587440490723, 'total_duration': 261.5032813549042, 'accumulated_submission_time': 41.24587440490723, 'accumulated_eval_time': 220.257333278656, 'accumulated_logging_time': 0}
I0313 00:24:39.457197 139583433987840 logging_writer.py:48] [1] accumulated_eval_time=220.257333, accumulated_logging_time=0, accumulated_submission_time=41.245874, global_step=1, preemption_count=0, score=41.245874, test/ctc_loss=30.225791931152344, test/num_examples=2472, test/wer=2.567668, total_duration=261.503281, train/ctc_loss=30.773157119750977, train/wer=2.637773, validation/ctc_loss=30.2485294342041, validation/num_examples=5348, validation/wer=2.327167
I0313 00:26:05.011477 139595742607104 logging_writer.py:48] [100] global_step=100, grad_norm=0.6351136565208435, loss=5.992730617523193
I0313 00:27:21.819764 139595750999808 logging_writer.py:48] [200] global_step=200, grad_norm=0.4868725538253784, loss=5.794072151184082
I0313 00:28:38.861639 139595742607104 logging_writer.py:48] [300] global_step=300, grad_norm=1.5148119926452637, loss=5.717319488525391
I0313 00:29:55.899680 139595750999808 logging_writer.py:48] [400] global_step=400, grad_norm=0.5431556701660156, loss=5.439005374908447
I0313 00:31:12.304597 139595742607104 logging_writer.py:48] [500] global_step=500, grad_norm=0.7267993688583374, loss=4.790064334869385
I0313 00:32:31.315380 139595750999808 logging_writer.py:48] [600] global_step=600, grad_norm=1.3676106929779053, loss=3.9552109241485596
I0313 00:33:55.844519 139595742607104 logging_writer.py:48] [700] global_step=700, grad_norm=1.3750125169754028, loss=3.479330062866211
I0313 00:35:20.133264 139595750999808 logging_writer.py:48] [800] global_step=800, grad_norm=2.9061272144317627, loss=3.245140314102173
I0313 00:36:47.786891 139595742607104 logging_writer.py:48] [900] global_step=900, grad_norm=3.4924440383911133, loss=3.035536527633667
I0313 00:38:12.645814 139595750999808 logging_writer.py:48] [1000] global_step=1000, grad_norm=2.0383567810058594, loss=2.8354504108428955
I0313 00:39:33.673029 139596439930624 logging_writer.py:48] [1100] global_step=1100, grad_norm=2.3085556030273438, loss=2.682933807373047
I0313 00:40:49.833606 139596431537920 logging_writer.py:48] [1200] global_step=1200, grad_norm=3.1721456050872803, loss=2.587498903274536
I0313 00:42:06.798948 139596439930624 logging_writer.py:48] [1300] global_step=1300, grad_norm=2.2141740322113037, loss=2.540250778198242
I0313 00:43:30.028578 139596431537920 logging_writer.py:48] [1400] global_step=1400, grad_norm=3.162283182144165, loss=2.475597858428955
I0313 00:44:52.955076 139596439930624 logging_writer.py:48] [1500] global_step=1500, grad_norm=3.182281255722046, loss=2.3567724227905273
I0313 00:46:17.982386 139596431537920 logging_writer.py:48] [1600] global_step=1600, grad_norm=1.6441833972930908, loss=2.356793165206909
I0313 00:47:40.624031 139596439930624 logging_writer.py:48] [1700] global_step=1700, grad_norm=2.306149959564209, loss=2.2469921112060547
I0313 00:48:40.018965 139753549698880 spec.py:321] Evaluating on the training split.
I0313 00:49:33.491174 139753549698880 spec.py:333] Evaluating on the validation split.
I0313 00:50:25.011524 139753549698880 spec.py:349] Evaluating on the test split.
I0313 00:50:49.658371 139753549698880 submission_runner.py:420] Time since start: 1831.74s, 	Step: 1770, 	{'train/ctc_loss': Array(1.8952523, dtype=float32), 'train/wer': 0.4500885666618607, 'validation/ctc_loss': Array(2.3708937, dtype=float32), 'validation/wer': 0.5239580215684949, 'validation/num_examples': 5348, 'test/ctc_loss': Array(1.8507755, dtype=float32), 'test/wer': 0.44750472244226436, 'test/num_examples': 2472, 'score': 1481.7202219963074, 'total_duration': 1831.7368943691254, 'accumulated_submission_time': 1481.7202219963074, 'accumulated_eval_time': 349.89416432380676, 'accumulated_logging_time': 0.049527645111083984}
I0313 00:50:49.682368 139597750650624 logging_writer.py:48] [1770] accumulated_eval_time=349.894164, accumulated_logging_time=0.049528, accumulated_submission_time=1481.720222, global_step=1770, preemption_count=0, score=1481.720222, test/ctc_loss=1.8507754802703857, test/num_examples=2472, test/wer=0.447505, total_duration=1831.736894, train/ctc_loss=1.8952523469924927, train/wer=0.450089, validation/ctc_loss=2.370893716812134, validation/num_examples=5348, validation/wer=0.523958
I0313 00:51:13.141996 139597742257920 logging_writer.py:48] [1800] global_step=1800, grad_norm=2.4889183044433594, loss=2.2305784225463867
I0313 00:52:28.630013 139597750650624 logging_writer.py:48] [1900] global_step=1900, grad_norm=2.0721304416656494, loss=2.1618869304656982
I0313 00:53:44.124845 139597742257920 logging_writer.py:48] [2000] global_step=2000, grad_norm=3.717162609100342, loss=2.119295120239258
I0313 00:55:07.485369 139597750650624 logging_writer.py:48] [2100] global_step=2100, grad_norm=5.401427268981934, loss=2.1079611778259277
I0313 00:56:25.079801 139597742257920 logging_writer.py:48] [2200] global_step=2200, grad_norm=2.1792378425598145, loss=2.0656917095184326
I0313 00:57:43.382608 139597750650624 logging_writer.py:48] [2300] global_step=2300, grad_norm=1.9255390167236328, loss=2.0704257488250732
I0313 00:59:01.233644 139597742257920 logging_writer.py:48] [2400] global_step=2400, grad_norm=1.9517154693603516, loss=2.0407252311706543
I0313 01:00:25.392687 139597750650624 logging_writer.py:48] [2500] global_step=2500, grad_norm=1.8856414556503296, loss=2.022122383117676
I0313 01:01:53.774105 139597742257920 logging_writer.py:48] [2600] global_step=2600, grad_norm=2.7802610397338867, loss=1.9484301805496216
I0313 01:03:22.487221 139597750650624 logging_writer.py:48] [2700] global_step=2700, grad_norm=2.6486587524414062, loss=2.004857063293457
I0313 01:04:45.724742 139597742257920 logging_writer.py:48] [2800] global_step=2800, grad_norm=3.4475717544555664, loss=1.8972316980361938
I0313 01:06:14.258306 139597750650624 logging_writer.py:48] [2900] global_step=2900, grad_norm=2.218369483947754, loss=2.0029146671295166
I0313 01:07:41.245497 139597742257920 logging_writer.py:48] [3000] global_step=3000, grad_norm=4.798591613769531, loss=1.9886747598648071
I0313 01:09:10.331002 139597750650624 logging_writer.py:48] [3100] global_step=3100, grad_norm=4.476940155029297, loss=1.978182077407837
I0313 01:10:25.832489 139597742257920 logging_writer.py:48] [3200] global_step=3200, grad_norm=1.954630732536316, loss=1.9301233291625977
I0313 01:11:44.321010 139597750650624 logging_writer.py:48] [3300] global_step=3300, grad_norm=1.6744612455368042, loss=1.8303641080856323
I0313 01:13:05.401227 139597742257920 logging_writer.py:48] [3400] global_step=3400, grad_norm=1.9576877355575562, loss=1.8874562978744507
I0313 01:14:29.744032 139597750650624 logging_writer.py:48] [3500] global_step=3500, grad_norm=1.753568172454834, loss=1.92056143283844
I0313 01:14:50.026273 139753549698880 spec.py:321] Evaluating on the training split.
I0313 01:15:49.860864 139753549698880 spec.py:333] Evaluating on the validation split.
I0313 01:16:42.404236 139753549698880 spec.py:349] Evaluating on the test split.
I0313 01:17:07.948565 139753549698880 submission_runner.py:420] Time since start: 3410.03s, 	Step: 3526, 	{'train/ctc_loss': Array(0.55487686, dtype=float32), 'train/wer': 0.18046506672349039, 'validation/ctc_loss': Array(0.9077002, dtype=float32), 'validation/wer': 0.2566689516012242, 'validation/num_examples': 5348, 'test/ctc_loss': Array(0.58842236, dtype=float32), 'test/wer': 0.18467288201003393, 'test/num_examples': 2472, 'score': 2921.9824163913727, 'total_duration': 3410.026333808899, 'accumulated_submission_time': 2921.9824163913727, 'accumulated_eval_time': 487.8131248950958, 'accumulated_logging_time': 0.08495426177978516}
I0313 01:17:07.974815 139597166970624 logging_writer.py:48] [3526] accumulated_eval_time=487.813125, accumulated_logging_time=0.084954, accumulated_submission_time=2921.982416, global_step=3526, preemption_count=0, score=2921.982416, test/ctc_loss=0.5884223580360413, test/num_examples=2472, test/wer=0.184673, total_duration=3410.026334, train/ctc_loss=0.5548768639564514, train/wer=0.180465, validation/ctc_loss=0.9077001810073853, validation/num_examples=5348, validation/wer=0.256669
I0313 01:18:05.359570 139597158577920 logging_writer.py:48] [3600] global_step=3600, grad_norm=1.8452856540679932, loss=1.89588463306427
I0313 01:19:21.101828 139597166970624 logging_writer.py:48] [3700] global_step=3700, grad_norm=2.528463125228882, loss=1.814467191696167
I0313 01:20:37.915065 139597158577920 logging_writer.py:48] [3800] global_step=3800, grad_norm=2.7762539386749268, loss=1.8677551746368408
I0313 01:22:06.096378 139597166970624 logging_writer.py:48] [3900] global_step=3900, grad_norm=2.0541276931762695, loss=1.8801449537277222
I0313 01:23:34.563035 139597158577920 logging_writer.py:48] [4000] global_step=4000, grad_norm=2.5963222980499268, loss=1.8298094272613525
I0313 01:25:02.439081 139597166970624 logging_writer.py:48] [4100] global_step=4100, grad_norm=1.855470895767212, loss=1.7802860736846924
I0313 01:26:25.403138 139597166970624 logging_writer.py:48] [4200] global_step=4200, grad_norm=1.9937727451324463, loss=1.886165976524353
I0313 01:27:41.975373 139597158577920 logging_writer.py:48] [4300] global_step=4300, grad_norm=3.2618603706359863, loss=1.8840694427490234
I0313 01:29:02.608079 139597166970624 logging_writer.py:48] [4400] global_step=4400, grad_norm=2.0966358184814453, loss=1.7839399576187134
I0313 01:30:26.631574 139597158577920 logging_writer.py:48] [4500] global_step=4500, grad_norm=1.9355851411819458, loss=1.6848243474960327
I0313 01:31:52.477016 139597166970624 logging_writer.py:48] [4600] global_step=4600, grad_norm=2.7465879917144775, loss=1.8182708024978638
I0313 01:33:20.350808 139597158577920 logging_writer.py:48] [4700] global_step=4700, grad_norm=2.4259514808654785, loss=1.7869181632995605
I0313 01:34:45.335744 139597166970624 logging_writer.py:48] [4800] global_step=4800, grad_norm=2.0997207164764404, loss=1.7013280391693115
I0313 01:36:09.400907 139597158577920 logging_writer.py:48] [4900] global_step=4900, grad_norm=6.770561695098877, loss=1.7644400596618652
I0313 01:37:38.061513 139597166970624 logging_writer.py:48] [5000] global_step=5000, grad_norm=1.8675676584243774, loss=1.7181396484375
I0313 01:39:00.493341 139597158577920 logging_writer.py:48] [5100] global_step=5100, grad_norm=2.227635145187378, loss=1.759415626525879
I0313 01:40:25.814549 139596511610624 logging_writer.py:48] [5200] global_step=5200, grad_norm=1.8608384132385254, loss=1.7891608476638794
I0313 01:41:08.294445 139753549698880 spec.py:321] Evaluating on the training split.
I0313 01:42:11.388322 139753549698880 spec.py:333] Evaluating on the validation split.
I0313 01:43:04.552368 139753549698880 spec.py:349] Evaluating on the test split.
I0313 01:43:30.126140 139753549698880 submission_runner.py:420] Time since start: 4992.20s, 	Step: 5254, 	{'train/ctc_loss': Array(0.41640094, dtype=float32), 'train/wer': 0.14346031595426728, 'validation/ctc_loss': Array(0.78842723, dtype=float32), 'validation/wer': 0.22486652442144492, 'validation/num_examples': 5348, 'test/ctc_loss': Array(0.4845866, dtype=float32), 'test/wer': 0.15648040948144537, 'test/num_examples': 2472, 'score': 4362.2189383506775, 'total_duration': 4992.204474925995, 'accumulated_submission_time': 4362.2189383506775, 'accumulated_eval_time': 629.6420524120331, 'accumulated_logging_time': 0.12397551536560059}
I0313 01:43:30.155124 139597166970624 logging_writer.py:48] [5254] accumulated_eval_time=629.642052, accumulated_logging_time=0.123976, accumulated_submission_time=4362.218938, global_step=5254, preemption_count=0, score=4362.218938, test/ctc_loss=0.48458659648895264, test/num_examples=2472, test/wer=0.156480, total_duration=4992.204475, train/ctc_loss=0.4164009392261505, train/wer=0.143460, validation/ctc_loss=0.7884272336959839, validation/num_examples=5348, validation/wer=0.224867
I0313 01:44:05.793058 139597158577920 logging_writer.py:48] [5300] global_step=5300, grad_norm=2.313634157180786, loss=1.7289369106292725
I0313 01:45:21.462508 139597166970624 logging_writer.py:48] [5400] global_step=5400, grad_norm=3.3289036750793457, loss=1.8208982944488525
I0313 01:46:37.942802 139597158577920 logging_writer.py:48] [5500] global_step=5500, grad_norm=2.1912784576416016, loss=1.7397533655166626
I0313 01:47:53.908378 139597166970624 logging_writer.py:48] [5600] global_step=5600, grad_norm=2.5430946350097656, loss=1.74810791015625
I0313 01:49:16.924271 139597158577920 logging_writer.py:48] [5700] global_step=5700, grad_norm=2.1558923721313477, loss=1.665805697441101
I0313 01:50:43.302974 139597166970624 logging_writer.py:48] [5800] global_step=5800, grad_norm=2.0040283203125, loss=1.711207389831543
I0313 01:52:07.946621 139597158577920 logging_writer.py:48] [5900] global_step=5900, grad_norm=2.101722240447998, loss=1.6875684261322021
I0313 01:53:37.417730 139597166970624 logging_writer.py:48] [6000] global_step=6000, grad_norm=1.9570883512496948, loss=1.7288947105407715
I0313 01:55:05.110033 139597158577920 logging_writer.py:48] [6100] global_step=6100, grad_norm=2.514648675918579, loss=1.7184550762176514
I0313 01:56:35.070304 139597166970624 logging_writer.py:48] [6200] global_step=6200, grad_norm=2.2307581901550293, loss=1.7242728471755981
I0313 01:57:50.947086 139597158577920 logging_writer.py:48] [6300] global_step=6300, grad_norm=2.487879514694214, loss=1.7102686166763306
I0313 01:59:08.344916 139597166970624 logging_writer.py:48] [6400] global_step=6400, grad_norm=3.1487605571746826, loss=1.7080953121185303
I0313 02:00:29.132100 139597158577920 logging_writer.py:48] [6500] global_step=6500, grad_norm=3.2339837551116943, loss=1.7132294178009033
I0313 02:01:49.826608 139597166970624 logging_writer.py:48] [6600] global_step=6600, grad_norm=2.4818360805511475, loss=1.7046101093292236
I0313 02:03:18.521560 139597158577920 logging_writer.py:48] [6700] global_step=6700, grad_norm=1.980461835861206, loss=1.7222918272018433
I0313 02:04:46.476673 139597166970624 logging_writer.py:48] [6800] global_step=6800, grad_norm=2.8055920600891113, loss=1.6975674629211426
I0313 02:06:15.719192 139597158577920 logging_writer.py:48] [6900] global_step=6900, grad_norm=3.028545618057251, loss=1.657841682434082
I0313 02:07:30.580054 139753549698880 spec.py:321] Evaluating on the training split.
I0313 02:08:26.487118 139753549698880 spec.py:333] Evaluating on the validation split.
I0313 02:09:19.287660 139753549698880 spec.py:349] Evaluating on the test split.
I0313 02:09:45.666022 139753549698880 submission_runner.py:420] Time since start: 6567.74s, 	Step: 6987, 	{'train/ctc_loss': Array(0.4246011, dtype=float32), 'train/wer': 0.1421106095990114, 'validation/ctc_loss': Array(0.77591664, dtype=float32), 'validation/wer': 0.22118810160556882, 'validation/num_examples': 5348, 'test/ctc_loss': Array(0.47377455, dtype=float32), 'test/wer': 0.1527633904088721, 'test/num_examples': 2472, 'score': 5802.560395002365, 'total_duration': 6567.7443697452545, 'accumulated_submission_time': 5802.560395002365, 'accumulated_eval_time': 764.7253262996674, 'accumulated_logging_time': 0.1659708023071289}
I0313 02:09:45.693758 139596573042432 logging_writer.py:48] [6987] accumulated_eval_time=764.725326, accumulated_logging_time=0.165971, accumulated_submission_time=5802.560395, global_step=6987, preemption_count=0, score=5802.560395, test/ctc_loss=0.4737745523452759, test/num_examples=2472, test/wer=0.152763, total_duration=6567.744370, train/ctc_loss=0.42460110783576965, train/wer=0.142111, validation/ctc_loss=0.7759166359901428, validation/num_examples=5348, validation/wer=0.221188
I0313 02:09:56.457795 139596564649728 logging_writer.py:48] [7000] global_step=7000, grad_norm=2.0805132389068604, loss=1.7204025983810425
I0313 02:11:12.090590 139596573042432 logging_writer.py:48] [7100] global_step=7100, grad_norm=2.3963279724121094, loss=1.7054177522659302
I0313 02:12:27.707495 139596564649728 logging_writer.py:48] [7200] global_step=7200, grad_norm=1.377173662185669, loss=1.6602857112884521
I0313 02:13:49.385635 139596573042432 logging_writer.py:48] [7300] global_step=7300, grad_norm=2.3589394092559814, loss=1.62666654586792
I0313 02:15:06.934537 139596564649728 logging_writer.py:48] [7400] global_step=7400, grad_norm=2.5753047466278076, loss=1.7072023153305054
I0313 02:16:29.995538 139596573042432 logging_writer.py:48] [7500] global_step=7500, grad_norm=1.9082990884780884, loss=1.6647523641586304
I0313 02:17:57.156083 139596564649728 logging_writer.py:48] [7600] global_step=7600, grad_norm=2.2570290565490723, loss=1.7268421649932861
I0313 02:19:26.132217 139596573042432 logging_writer.py:48] [7700] global_step=7700, grad_norm=2.798170566558838, loss=1.628470778465271
I0313 02:20:51.445534 139596564649728 logging_writer.py:48] [7800] global_step=7800, grad_norm=2.925746440887451, loss=1.6631600856781006
I0313 02:22:16.148952 139596573042432 logging_writer.py:48] [7900] global_step=7900, grad_norm=4.318574905395508, loss=1.6397970914840698
I0313 02:23:44.875970 139596564649728 logging_writer.py:48] [8000] global_step=8000, grad_norm=2.4947397708892822, loss=1.6891834735870361
I0313 02:25:13.500819 139596573042432 logging_writer.py:48] [8100] global_step=8100, grad_norm=3.718442440032959, loss=1.6544885635375977
I0313 02:26:43.224717 139596564649728 logging_writer.py:48] [8200] global_step=8200, grad_norm=2.287703275680542, loss=1.5671577453613281
I0313 02:28:05.953389 139596573042432 logging_writer.py:48] [8300] global_step=8300, grad_norm=3.7414205074310303, loss=3.2510619163513184
I0313 02:29:23.699414 139596564649728 logging_writer.py:48] [8400] global_step=8400, grad_norm=3.6557910442352295, loss=2.055055618286133
I0313 02:30:45.082570 139596573042432 logging_writer.py:48] [8500] global_step=8500, grad_norm=2.459885358810425, loss=1.9038639068603516
I0313 02:32:06.248142 139596564649728 logging_writer.py:48] [8600] global_step=8600, grad_norm=2.9199275970458984, loss=1.784928560256958
I0313 02:33:28.815975 139596573042432 logging_writer.py:48] [8700] global_step=8700, grad_norm=1.5560698509216309, loss=1.6921062469482422
I0313 02:33:45.788320 139753549698880 spec.py:321] Evaluating on the training split.
I0313 02:34:45.376352 139753549698880 spec.py:333] Evaluating on the validation split.
I0313 02:35:36.880039 139753549698880 spec.py:349] Evaluating on the test split.
I0313 02:36:02.647234 139753549698880 submission_runner.py:420] Time since start: 8144.73s, 	Step: 8720, 	{'train/ctc_loss': Array(0.45573476, dtype=float32), 'train/wer': 0.15262345343451694, 'validation/ctc_loss': Array(0.811886, dtype=float32), 'validation/wer': 0.22905664384950328, 'validation/num_examples': 5348, 'test/ctc_loss': Array(0.4933475, dtype=float32), 'test/wer': 0.15751630004265432, 'test/num_examples': 2472, 'score': 7242.571328878403, 'total_duration': 8144.72531414032, 'accumulated_submission_time': 7242.571328878403, 'accumulated_eval_time': 901.5812139511108, 'accumulated_logging_time': 0.20610904693603516}
I0313 02:36:02.674449 139596573042432 logging_writer.py:48] [8720] accumulated_eval_time=901.581214, accumulated_logging_time=0.206109, accumulated_submission_time=7242.571329, global_step=8720, preemption_count=0, score=7242.571329, test/ctc_loss=0.49334749579429626, test/num_examples=2472, test/wer=0.157516, total_duration=8144.725314, train/ctc_loss=0.4557347595691681, train/wer=0.152623, validation/ctc_loss=0.8118860125541687, validation/num_examples=5348, validation/wer=0.229057
I0313 02:37:03.689497 139596564649728 logging_writer.py:48] [8800] global_step=8800, grad_norm=2.6417431831359863, loss=1.740683913230896
I0313 02:38:19.533888 139596573042432 logging_writer.py:48] [8900] global_step=8900, grad_norm=2.3914794921875, loss=1.7413065433502197
I0313 02:39:36.940126 139596564649728 logging_writer.py:48] [9000] global_step=9000, grad_norm=2.354637861251831, loss=1.7614586353302002
I0313 02:41:02.273548 139596573042432 logging_writer.py:48] [9100] global_step=9100, grad_norm=2.933408498764038, loss=1.6794912815093994
I0313 02:42:30.505048 139596564649728 logging_writer.py:48] [9200] global_step=9200, grad_norm=2.8923518657684326, loss=1.661422848701477
I0313 02:43:57.741025 139595702642432 logging_writer.py:48] [9300] global_step=9300, grad_norm=2.4584128856658936, loss=1.5964202880859375
I0313 02:45:14.618358 139595694249728 logging_writer.py:48] [9400] global_step=9400, grad_norm=1.9355138540267944, loss=1.6366147994995117
I0313 02:46:31.344470 139595702642432 logging_writer.py:48] [9500] global_step=9500, grad_norm=1.891334056854248, loss=1.6690696477890015
I0313 02:47:51.759545 139595694249728 logging_writer.py:48] [9600] global_step=9600, grad_norm=2.8730368614196777, loss=1.6370060443878174
I0313 02:49:16.399872 139595702642432 logging_writer.py:48] [9700] global_step=9700, grad_norm=2.67612361907959, loss=1.735676646232605
I0313 02:50:44.466073 139595694249728 logging_writer.py:48] [9800] global_step=9800, grad_norm=2.300213098526001, loss=1.6132135391235352
I0313 02:52:12.131016 139595702642432 logging_writer.py:48] [9900] global_step=9900, grad_norm=2.0556981563568115, loss=1.6398062705993652
I0313 02:53:41.367977 139595694249728 logging_writer.py:48] [10000] global_step=10000, grad_norm=3.2643215656280518, loss=1.6000372171401978
I0313 02:55:07.548521 139595702642432 logging_writer.py:48] [10100] global_step=10100, grad_norm=3.17014741897583, loss=1.5959596633911133
I0313 02:56:32.207587 139595694249728 logging_writer.py:48] [10200] global_step=10200, grad_norm=2.642693281173706, loss=1.606868028640747
I0313 02:58:04.378432 139595702642432 logging_writer.py:48] [10300] global_step=10300, grad_norm=3.352567434310913, loss=1.6288357973098755
I0313 02:59:21.205481 139595694249728 logging_writer.py:48] [10400] global_step=10400, grad_norm=3.0250539779663086, loss=1.6560930013656616
I0313 03:00:03.315972 139753549698880 spec.py:321] Evaluating on the training split.
I0313 03:00:57.802561 139753549698880 spec.py:333] Evaluating on the validation split.
I0313 03:01:50.658375 139753549698880 spec.py:349] Evaluating on the test split.
I0313 03:02:16.938419 139753549698880 submission_runner.py:420] Time since start: 9719.02s, 	Step: 10454, 	{'train/ctc_loss': Array(0.40294805, dtype=float32), 'train/wer': 0.13286672250348092, 'validation/ctc_loss': Array(0.729496, dtype=float32), 'validation/wer': 0.2057310020564411, 'validation/num_examples': 5348, 'test/ctc_loss': Array(0.425938, dtype=float32), 'test/wer': 0.13631101090731826, 'test/num_examples': 2472, 'score': 8683.132089853287, 'total_duration': 9719.016691923141, 'accumulated_submission_time': 8683.132089853287, 'accumulated_eval_time': 1035.2008595466614, 'accumulated_logging_time': 0.24463415145874023}
I0313 03:02:16.963268 139597166970624 logging_writer.py:48] [10454] accumulated_eval_time=1035.200860, accumulated_logging_time=0.244634, accumulated_submission_time=8683.132090, global_step=10454, preemption_count=0, score=8683.132090, test/ctc_loss=0.4259380102157593, test/num_examples=2472, test/wer=0.136311, total_duration=9719.016692, train/ctc_loss=0.4029480516910553, train/wer=0.132867, validation/ctc_loss=0.7294960021972656, validation/num_examples=5348, validation/wer=0.205731
I0313 03:02:52.450262 139597158577920 logging_writer.py:48] [10500] global_step=10500, grad_norm=3.2401654720306396, loss=1.676393985748291
I0313 03:04:08.001721 139597166970624 logging_writer.py:48] [10600] global_step=10600, grad_norm=6.921670913696289, loss=1.6541763544082642
I0313 03:05:23.516959 139597158577920 logging_writer.py:48] [10700] global_step=10700, grad_norm=4.543051242828369, loss=1.640602946281433
I0313 03:06:47.335561 139597166970624 logging_writer.py:48] [10800] global_step=10800, grad_norm=3.175471544265747, loss=1.6489171981811523
I0313 03:08:16.889111 139597158577920 logging_writer.py:48] [10900] global_step=10900, grad_norm=2.7870428562164307, loss=1.6949737071990967
I0313 03:09:45.286260 139597166970624 logging_writer.py:48] [11000] global_step=11000, grad_norm=2.4616739749908447, loss=1.6214818954467773
I0313 03:11:10.362264 139597158577920 logging_writer.py:48] [11100] global_step=11100, grad_norm=1.9166721105575562, loss=1.6144351959228516
I0313 03:12:41.089937 139597166970624 logging_writer.py:48] [11200] global_step=11200, grad_norm=2.02406644821167, loss=1.6266318559646606
I0313 03:14:06.760355 139597158577920 logging_writer.py:48] [11300] global_step=11300, grad_norm=2.984462261199951, loss=1.6457922458648682
I0313 03:15:28.667248 139595968890624 logging_writer.py:48] [11400] global_step=11400, grad_norm=2.872680902481079, loss=1.7141274213790894
I0313 03:16:44.655010 139595960497920 logging_writer.py:48] [11500] global_step=11500, grad_norm=2.381941080093384, loss=1.5976289510726929
I0313 03:18:05.536799 139595968890624 logging_writer.py:48] [11600] global_step=11600, grad_norm=2.0609259605407715, loss=1.6544766426086426
I0313 03:19:28.703354 139595960497920 logging_writer.py:48] [11700] global_step=11700, grad_norm=3.760645866394043, loss=1.6199493408203125
I0313 03:20:52.761684 139595968890624 logging_writer.py:48] [11800] global_step=11800, grad_norm=2.2963709831237793, loss=1.6715272665023804
I0313 03:22:23.077710 139595960497920 logging_writer.py:48] [11900] global_step=11900, grad_norm=2.46789288520813, loss=1.6364092826843262
I0313 03:23:50.534007 139595968890624 logging_writer.py:48] [12000] global_step=12000, grad_norm=3.4852380752563477, loss=1.5439175367355347
I0313 03:25:16.504100 139595960497920 logging_writer.py:48] [12100] global_step=12100, grad_norm=3.955690383911133, loss=1.5834367275238037
I0313 03:26:17.614619 139753549698880 spec.py:321] Evaluating on the training split.
I0313 03:27:12.992967 139753549698880 spec.py:333] Evaluating on the validation split.
I0313 03:28:05.844223 139753549698880 spec.py:349] Evaluating on the test split.
I0313 03:28:31.971658 139753549698880 submission_runner.py:420] Time since start: 11294.05s, 	Step: 12171, 	{'train/ctc_loss': Array(0.3721852, dtype=float32), 'train/wer': 0.12519409525024994, 'validation/ctc_loss': Array(0.69942635, dtype=float32), 'validation/wer': 0.2015795012406229, 'validation/num_examples': 5348, 'test/ctc_loss': Array(0.4166353, dtype=float32), 'test/wer': 0.13369081713484857, 'test/num_examples': 2472, 'score': 10123.701634168625, 'total_duration': 11294.05009317398, 'accumulated_submission_time': 10123.701634168625, 'accumulated_eval_time': 1169.5552642345428, 'accumulated_logging_time': 0.2813897132873535}
I0313 03:28:31.997413 139595753850624 logging_writer.py:48] [12171] accumulated_eval_time=1169.555264, accumulated_logging_time=0.281390, accumulated_submission_time=10123.701634, global_step=12171, preemption_count=0, score=10123.701634, test/ctc_loss=0.41663530468940735, test/num_examples=2472, test/wer=0.133691, total_duration=11294.050093, train/ctc_loss=0.37218520045280457, train/wer=0.125194, validation/ctc_loss=0.6994263529777527, validation/num_examples=5348, validation/wer=0.201580
I0313 03:28:54.726783 139595745457920 logging_writer.py:48] [12200] global_step=12200, grad_norm=1.8603906631469727, loss=1.5891242027282715
I0313 03:30:10.287763 139595753850624 logging_writer.py:48] [12300] global_step=12300, grad_norm=2.9037113189697266, loss=1.6718037128448486
I0313 03:31:29.694370 139596296570624 logging_writer.py:48] [12400] global_step=12400, grad_norm=3.2792880535125732, loss=1.6704729795455933
I0313 03:32:47.531911 139596288177920 logging_writer.py:48] [12500] global_step=12500, grad_norm=3.1176869869232178, loss=1.6168615818023682
I0313 03:34:03.797403 139596296570624 logging_writer.py:48] [12600] global_step=12600, grad_norm=4.501432418823242, loss=1.5917205810546875
I0313 03:35:26.547454 139596288177920 logging_writer.py:48] [12700] global_step=12700, grad_norm=3.548962354660034, loss=1.599426507949829
I0313 03:36:52.900390 139596296570624 logging_writer.py:48] [12800] global_step=12800, grad_norm=3.298947811126709, loss=1.5411139726638794
I0313 03:38:21.195230 139596288177920 logging_writer.py:48] [12900] global_step=12900, grad_norm=1.9741531610488892, loss=1.4920217990875244
I0313 03:39:50.443035 139596296570624 logging_writer.py:48] [13000] global_step=13000, grad_norm=2.3091814517974854, loss=1.556929588317871
I0313 03:41:19.035436 139596288177920 logging_writer.py:48] [13100] global_step=13100, grad_norm=2.555189847946167, loss=1.6015889644622803
I0313 03:42:43.843033 139596296570624 logging_writer.py:48] [13200] global_step=13200, grad_norm=1.757286548614502, loss=1.5666378736495972
I0313 03:44:10.301139 139596288177920 logging_writer.py:48] [13300] global_step=13300, grad_norm=1.8133845329284668, loss=1.5542443990707397
I0313 03:45:39.871502 139596296570624 logging_writer.py:48] [13400] global_step=13400, grad_norm=3.2078866958618164, loss=1.562760829925537
I0313 03:46:56.536500 139596288177920 logging_writer.py:48] [13500] global_step=13500, grad_norm=2.5059492588043213, loss=1.546876072883606
I0313 03:48:12.843568 139596296570624 logging_writer.py:48] [13600] global_step=13600, grad_norm=2.762848377227783, loss=1.4754970073699951
I0313 03:49:31.253212 139596288177920 logging_writer.py:48] [13700] global_step=13700, grad_norm=3.369386911392212, loss=1.6483074426651
I0313 03:50:53.223587 139596296570624 logging_writer.py:48] [13800] global_step=13800, grad_norm=1.8558684587478638, loss=1.5603086948394775
I0313 03:52:20.886293 139596288177920 logging_writer.py:48] [13900] global_step=13900, grad_norm=3.6787807941436768, loss=1.5742889642715454
I0313 03:52:32.375466 139753549698880 spec.py:321] Evaluating on the training split.
I0313 03:53:27.683583 139753549698880 spec.py:333] Evaluating on the validation split.
I0313 03:54:19.707069 139753549698880 spec.py:349] Evaluating on the test split.
I0313 03:54:46.226751 139753549698880 submission_runner.py:420] Time since start: 12868.31s, 	Step: 13914, 	{'train/ctc_loss': Array(0.30275872, dtype=float32), 'train/wer': 0.10621180997945864, 'validation/ctc_loss': Array(0.65481377, dtype=float32), 'validation/wer': 0.18864226614016624, 'validation/num_examples': 5348, 'test/ctc_loss': Array(0.38221413, dtype=float32), 'test/wer': 0.1240834399691264, 'test/num_examples': 2472, 'score': 11563.997570991516, 'total_duration': 12868.305127859116, 'accumulated_submission_time': 11563.997570991516, 'accumulated_eval_time': 1303.403836965561, 'accumulated_logging_time': 0.3187751770019531}
I0313 03:54:46.252788 139595784566528 logging_writer.py:48] [13914] accumulated_eval_time=1303.403837, accumulated_logging_time=0.318775, accumulated_submission_time=11563.997571, global_step=13914, preemption_count=0, score=11563.997571, test/ctc_loss=0.38221412897109985, test/num_examples=2472, test/wer=0.124083, total_duration=12868.305128, train/ctc_loss=0.30275872349739075, train/wer=0.106212, validation/ctc_loss=0.6548137664794922, validation/num_examples=5348, validation/wer=0.188642
I0313 03:55:52.043305 139595776173824 logging_writer.py:48] [14000] global_step=14000, grad_norm=1.6258127689361572, loss=1.581600546836853
I0313 03:57:07.849760 139595784566528 logging_writer.py:48] [14100] global_step=14100, grad_norm=2.5301945209503174, loss=1.5784832239151
I0313 03:58:27.499063 139595776173824 logging_writer.py:48] [14200] global_step=14200, grad_norm=2.3971920013427734, loss=1.5434433221817017
I0313 03:59:52.486779 139595784566528 logging_writer.py:48] [14300] global_step=14300, grad_norm=2.379141092300415, loss=1.6220461130142212
I0313 04:01:21.436778 139595776173824 logging_writer.py:48] [14400] global_step=14400, grad_norm=1.9566987752914429, loss=1.5095070600509644
I0313 04:02:43.662130 139597166970624 logging_writer.py:48] [14500] global_step=14500, grad_norm=1.664806842803955, loss=1.5469855070114136
I0313 04:04:01.534542 139597158577920 logging_writer.py:48] [14600] global_step=14600, grad_norm=2.7861006259918213, loss=1.5758155584335327
I0313 04:05:19.888180 139597166970624 logging_writer.py:48] [14700] global_step=14700, grad_norm=1.7018187046051025, loss=1.5797522068023682
I0313 04:06:40.412162 139597158577920 logging_writer.py:48] [14800] global_step=14800, grad_norm=3.6776983737945557, loss=1.5525256395339966
I0313 04:08:07.741080 139597166970624 logging_writer.py:48] [14900] global_step=14900, grad_norm=3.2695088386535645, loss=1.586691975593567
I0313 04:09:34.469589 139597158577920 logging_writer.py:48] [15000] global_step=15000, grad_norm=2.8611011505126953, loss=1.549638032913208
I0313 04:11:01.243702 139597166970624 logging_writer.py:48] [15100] global_step=15100, grad_norm=1.9502880573272705, loss=1.5469783544540405
I0313 04:12:28.931720 139597158577920 logging_writer.py:48] [15200] global_step=15200, grad_norm=3.12522292137146, loss=1.5193642377853394
I0313 04:13:58.073361 139597166970624 logging_writer.py:48] [15300] global_step=15300, grad_norm=3.3762693405151367, loss=1.5656791925430298
I0313 04:15:26.688085 139597158577920 logging_writer.py:48] [15400] global_step=15400, grad_norm=1.8858591318130493, loss=1.5130683183670044
I0313 04:16:53.102240 139595456886528 logging_writer.py:48] [15500] global_step=15500, grad_norm=2.0542967319488525, loss=1.555836796760559
I0313 04:18:11.904461 139595448493824 logging_writer.py:48] [15600] global_step=15600, grad_norm=3.4476752281188965, loss=1.555789828300476
I0313 04:18:46.404899 139753549698880 spec.py:321] Evaluating on the training split.
I0313 04:19:41.350190 139753549698880 spec.py:333] Evaluating on the validation split.
I0313 04:20:33.878050 139753549698880 spec.py:349] Evaluating on the test split.
I0313 04:20:59.340439 139753549698880 submission_runner.py:420] Time since start: 14441.42s, 	Step: 15643, 	{'train/ctc_loss': Array(0.2885871, dtype=float32), 'train/wer': 0.09948448946368817, 'validation/ctc_loss': Array(0.6333401, dtype=float32), 'validation/wer': 0.18348668140610366, 'validation/num_examples': 5348, 'test/ctc_loss': Array(0.36668622, dtype=float32), 'test/wer': 0.11922897243718644, 'test/num_examples': 2472, 'score': 13004.067729234695, 'total_duration': 14441.418841600418, 'accumulated_submission_time': 13004.067729234695, 'accumulated_eval_time': 1436.3366811275482, 'accumulated_logging_time': 0.3561115264892578}
I0313 04:20:59.366498 139595159922432 logging_writer.py:48] [15643] accumulated_eval_time=1436.336681, accumulated_logging_time=0.356112, accumulated_submission_time=13004.067729, global_step=15643, preemption_count=0, score=13004.067729, test/ctc_loss=0.36668622493743896, test/num_examples=2472, test/wer=0.119229, total_duration=14441.418842, train/ctc_loss=0.2885870933532715, train/wer=0.099484, validation/ctc_loss=0.6333401203155518, validation/num_examples=5348, validation/wer=0.183487
I0313 04:21:43.143305 139595151529728 logging_writer.py:48] [15700] global_step=15700, grad_norm=2.1308960914611816, loss=1.5667376518249512
I0313 04:22:58.693685 139595159922432 logging_writer.py:48] [15800] global_step=15800, grad_norm=3.242988348007202, loss=1.543463110923767
I0313 04:24:14.198674 139595151529728 logging_writer.py:48] [15900] global_step=15900, grad_norm=2.7736098766326904, loss=1.5018573999404907
I0313 04:25:38.202892 139595159922432 logging_writer.py:48] [16000] global_step=16000, grad_norm=2.4373369216918945, loss=1.5288196802139282
I0313 04:27:04.178629 139595151529728 logging_writer.py:48] [16100] global_step=16100, grad_norm=2.836092233657837, loss=1.5153580904006958
I0313 04:28:29.701622 139595159922432 logging_writer.py:48] [16200] global_step=16200, grad_norm=2.948486328125, loss=1.5314610004425049
I0313 04:29:59.212375 139595151529728 logging_writer.py:48] [16300] global_step=16300, grad_norm=2.9426167011260986, loss=1.5302808284759521
I0313 04:31:26.098796 139595159922432 logging_writer.py:48] [16400] global_step=16400, grad_norm=1.7562532424926758, loss=1.5318539142608643
I0313 04:32:54.790820 139595159922432 logging_writer.py:48] [16500] global_step=16500, grad_norm=1.878369927406311, loss=1.5424169301986694
I0313 04:34:10.964410 139595151529728 logging_writer.py:48] [16600] global_step=16600, grad_norm=3.724562644958496, loss=1.5683406591415405
I0313 04:35:26.788273 139595159922432 logging_writer.py:48] [16700] global_step=16700, grad_norm=2.8578670024871826, loss=1.5446609258651733
I0313 04:36:46.901326 139595151529728 logging_writer.py:48] [16800] global_step=16800, grad_norm=3.8355872631073, loss=1.5318000316619873
I0313 04:38:12.171149 139595159922432 logging_writer.py:48] [16900] global_step=16900, grad_norm=2.1104726791381836, loss=1.525830626487732
I0313 04:39:39.443908 139595151529728 logging_writer.py:48] [17000] global_step=17000, grad_norm=2.3520469665527344, loss=1.5328547954559326
I0313 04:41:07.193054 139595159922432 logging_writer.py:48] [17100] global_step=17100, grad_norm=2.2431533336639404, loss=1.5550403594970703
I0313 04:42:35.352133 139595151529728 logging_writer.py:48] [17200] global_step=17200, grad_norm=2.96256422996521, loss=1.5471476316452026
I0313 04:44:03.387874 139595159922432 logging_writer.py:48] [17300] global_step=17300, grad_norm=2.28358793258667, loss=1.4582425355911255
I0313 04:44:59.759573 139753549698880 spec.py:321] Evaluating on the training split.
I0313 04:45:54.697994 139753549698880 spec.py:333] Evaluating on the validation split.
I0313 04:46:47.809790 139753549698880 spec.py:349] Evaluating on the test split.
I0313 04:47:14.716455 139753549698880 submission_runner.py:420] Time since start: 16016.79s, 	Step: 17364, 	{'train/ctc_loss': Array(0.2926443, dtype=float32), 'train/wer': 0.10499981229922721, 'validation/ctc_loss': Array(0.61829656, dtype=float32), 'validation/wer': 0.17711461038647577, 'validation/num_examples': 5348, 'test/ctc_loss': Array(0.35901284, dtype=float32), 'test/wer': 0.11482135965714053, 'test/num_examples': 2472, 'score': 14444.379429101944, 'total_duration': 16016.7948179245, 'accumulated_submission_time': 14444.379429101944, 'accumulated_eval_time': 1571.290831565857, 'accumulated_logging_time': 0.39389896392822266}
I0313 04:47:14.743110 139595487602432 logging_writer.py:48] [17364] accumulated_eval_time=1571.290832, accumulated_logging_time=0.393899, accumulated_submission_time=14444.379429, global_step=17364, preemption_count=0, score=14444.379429, test/ctc_loss=0.3590128421783447, test/num_examples=2472, test/wer=0.114821, total_duration=16016.794818, train/ctc_loss=0.29264429211616516, train/wer=0.105000, validation/ctc_loss=0.6182965636253357, validation/num_examples=5348, validation/wer=0.177115
I0313 04:47:43.030283 139595479209728 logging_writer.py:48] [17400] global_step=17400, grad_norm=2.70150089263916, loss=1.4847650527954102
I0313 04:48:58.684433 139595487602432 logging_writer.py:48] [17500] global_step=17500, grad_norm=2.528744697570801, loss=1.5464389324188232
I0313 04:50:18.221214 139597166970624 logging_writer.py:48] [17600] global_step=17600, grad_norm=2.0307860374450684, loss=1.5090583562850952
I0313 04:51:38.610187 139597158577920 logging_writer.py:48] [17700] global_step=17700, grad_norm=1.835968255996704, loss=1.5453896522521973
I0313 04:52:58.381350 139597166970624 logging_writer.py:48] [17800] global_step=17800, grad_norm=4.992014408111572, loss=1.5566729307174683
I0313 04:54:22.690597 139597158577920 logging_writer.py:48] [17900] global_step=17900, grad_norm=3.670006036758423, loss=1.5090506076812744
I0313 04:55:49.704008 139597166970624 logging_writer.py:48] [18000] global_step=18000, grad_norm=1.8886046409606934, loss=1.48978590965271
I0313 04:57:15.772652 139597158577920 logging_writer.py:48] [18100] global_step=18100, grad_norm=2.3866488933563232, loss=1.4930777549743652
I0313 04:58:39.645617 139597166970624 logging_writer.py:48] [18200] global_step=18200, grad_norm=2.344618797302246, loss=1.4406697750091553
I0313 05:00:06.431377 139597158577920 logging_writer.py:48] [18300] global_step=18300, grad_norm=2.475388288497925, loss=1.4591587781906128
I0313 05:01:32.950329 139597166970624 logging_writer.py:48] [18400] global_step=18400, grad_norm=1.9641190767288208, loss=1.4707156419754028
I0313 05:02:59.107841 139597158577920 logging_writer.py:48] [18500] global_step=18500, grad_norm=5.107971668243408, loss=1.5038080215454102
I0313 05:04:24.435806 139597166970624 logging_writer.py:48] [18600] global_step=18600, grad_norm=3.1035666465759277, loss=1.5355160236358643
I0313 05:05:42.305447 139597158577920 logging_writer.py:48] [18700] global_step=18700, grad_norm=2.2446625232696533, loss=1.462144374847412
I0313 05:07:01.463810 139597166970624 logging_writer.py:48] [18800] global_step=18800, grad_norm=3.372765064239502, loss=1.473495364189148
I0313 05:08:23.499143 139597158577920 logging_writer.py:48] [18900] global_step=18900, grad_norm=2.0607352256774902, loss=1.5082250833511353
I0313 05:09:47.271769 139597166970624 logging_writer.py:48] [19000] global_step=19000, grad_norm=2.028679847717285, loss=1.469843864440918
I0313 05:11:14.671796 139597158577920 logging_writer.py:48] [19100] global_step=19100, grad_norm=2.6555421352386475, loss=1.4677610397338867
I0313 05:11:15.309945 139753549698880 spec.py:321] Evaluating on the training split.
I0313 05:12:15.338989 139753549698880 spec.py:333] Evaluating on the validation split.
I0313 05:13:07.389690 139753549698880 spec.py:349] Evaluating on the test split.
I0313 05:13:32.597841 139753549698880 submission_runner.py:420] Time since start: 17594.68s, 	Step: 19102, 	{'train/ctc_loss': Array(0.2893605, dtype=float32), 'train/wer': 0.09723683862608741, 'validation/ctc_loss': Array(0.5994233, dtype=float32), 'validation/wer': 0.17170800467285208, 'validation/num_examples': 5348, 'test/ctc_loss': Array(0.34121013, dtype=float32), 'test/wer': 0.11027156581967379, 'test/num_examples': 2472, 'score': 15884.863197088242, 'total_duration': 17594.676003694534, 'accumulated_submission_time': 15884.863197088242, 'accumulated_eval_time': 1708.575800895691, 'accumulated_logging_time': 0.4329390525817871}
I0313 05:13:32.626195 139596870006528 logging_writer.py:48] [19102] accumulated_eval_time=1708.575801, accumulated_logging_time=0.432939, accumulated_submission_time=15884.863197, global_step=19102, preemption_count=0, score=15884.863197, test/ctc_loss=0.34121012687683105, test/num_examples=2472, test/wer=0.110272, total_duration=17594.676004, train/ctc_loss=0.28936049342155457, train/wer=0.097237, validation/ctc_loss=0.5994232892990112, validation/num_examples=5348, validation/wer=0.171708
I0313 05:14:47.668231 139596861613824 logging_writer.py:48] [19200] global_step=19200, grad_norm=3.145707607269287, loss=1.5278254747390747
I0313 05:16:02.973453 139596870006528 logging_writer.py:48] [19300] global_step=19300, grad_norm=2.822007894515991, loss=1.4986180067062378
I0313 05:17:25.973297 139596861613824 logging_writer.py:48] [19400] global_step=19400, grad_norm=4.044131278991699, loss=1.435627818107605
I0313 05:18:54.580867 139596870006528 logging_writer.py:48] [19500] global_step=19500, grad_norm=2.7825520038604736, loss=1.447086215019226
I0313 05:20:22.105620 139596870006528 logging_writer.py:48] [19600] global_step=19600, grad_norm=2.4027230739593506, loss=1.5302741527557373
I0313 05:21:39.859740 139596861613824 logging_writer.py:48] [19700] global_step=19700, grad_norm=1.673629641532898, loss=1.3925490379333496
I0313 05:22:59.718180 139596870006528 logging_writer.py:48] [19800] global_step=19800, grad_norm=2.4878315925598145, loss=1.4235330820083618
I0313 05:24:22.802348 139596861613824 logging_writer.py:48] [19900] global_step=19900, grad_norm=2.8967626094818115, loss=1.4809484481811523
I0313 05:25:47.996781 139596870006528 logging_writer.py:48] [20000] global_step=20000, grad_norm=1.5104438066482544, loss=1.40022611618042
I0313 05:27:16.325178 139596861613824 logging_writer.py:48] [20100] global_step=20100, grad_norm=2.9942891597747803, loss=1.4620991945266724
I0313 05:28:39.937413 139596870006528 logging_writer.py:48] [20200] global_step=20200, grad_norm=4.606400966644287, loss=1.4046366214752197
