I0211 23:09:22.495725 140281363265280 logging_writer.py:48] [30700] global_step=30700, grad_norm=2.388770818710327, loss=1.2941750288009644
I0211 23:09:43.916969 140437690197824 spec.py:321] Evaluating on the training split.
I0211 23:10:39.949415 140437690197824 spec.py:333] Evaluating on the validation split.
I0211 23:11:31.385066 140437690197824 spec.py:349] Evaluating on the test split.
I0211 23:11:57.374426 140437690197824 submission_runner.py:408] Time since start: 26938.78s, 	Step: 30727, 	{'train/ctc_loss': Array(0.2781695, dtype=float32), 'train/wer': 0.09525280944559189, 'validation/ctc_loss': Array(0.48324794, dtype=float32), 'validation/wer': 0.13978972165635228, 'validation/num_examples': 5348, 'test/ctc_loss': Array(0.25862825, dtype=float32), 'test/wer': 0.08293217963561027, 'test/num_examples': 2472, 'score': 24500.349231004715, 'total_duration': 26938.776789188385, 'accumulated_submission_time': 24500.349231004715, 'accumulated_eval_time': 2436.196858882904, 'accumulated_logging_time': 0.8572819232940674}
I0211 23:11:57.412149 140281363265280 logging_writer.py:48] [30727] accumulated_eval_time=2436.196859, accumulated_logging_time=0.857282, accumulated_submission_time=24500.349231, global_step=30727, preemption_count=0, score=24500.349231, test/ctc_loss=0.258628249168396, test/num_examples=2472, test/wer=0.082932, total_duration=26938.776789, train/ctc_loss=0.27816951274871826, train/wer=0.095253, validation/ctc_loss=0.48324793577194214, validation/num_examples=5348, validation/wer=0.139790
I0211 23:12:53.047564 140281354872576 logging_writer.py:48] [30800] global_step=30800, grad_norm=1.910796046257019, loss=1.2468239068984985
I0211 23:14:11.732528 140281363265280 logging_writer.py:48] [30900] global_step=30900, grad_norm=2.0474507808685303, loss=1.2380093336105347
I0211 23:15:26.734814 140281354872576 logging_writer.py:48] [31000] global_step=31000, grad_norm=3.347522735595703, loss=1.2734471559524536
I0211 23:16:41.964888 140281363265280 logging_writer.py:48] [31100] global_step=31100, grad_norm=1.8778102397918701, loss=1.2324755191802979
I0211 23:17:57.134359 140281354872576 logging_writer.py:48] [31200] global_step=31200, grad_norm=2.4013590812683105, loss=1.1858330965042114
I0211 23:19:12.277881 140281363265280 logging_writer.py:48] [31300] global_step=31300, grad_norm=2.6616718769073486, loss=1.2596243619918823
I0211 23:20:33.158822 140281354872576 logging_writer.py:48] [31400] global_step=31400, grad_norm=1.9396767616271973, loss=1.2359949350357056
I0211 23:21:59.215909 140281363265280 logging_writer.py:48] [31500] global_step=31500, grad_norm=2.655327081680298, loss=1.177846908569336
I0211 23:23:24.447637 140281354872576 logging_writer.py:48] [31600] global_step=31600, grad_norm=2.190945863723755, loss=1.2386773824691772
I0211 23:24:48.982577 140281363265280 logging_writer.py:48] [31700] global_step=31700, grad_norm=3.2371628284454346, loss=1.2275294065475464
I0211 23:26:13.554545 140281354872576 logging_writer.py:48] [31800] global_step=31800, grad_norm=1.9661509990692139, loss=1.262618064880371
I0211 23:27:38.843881 140281363265280 logging_writer.py:48] [31900] global_step=31900, grad_norm=2.1807448863983154, loss=1.1560945510864258
I0211 23:29:00.243470 140281363265280 logging_writer.py:48] [32000] global_step=32000, grad_norm=2.166393280029297, loss=1.2058476209640503
I0211 23:30:15.721207 140281354872576 logging_writer.py:48] [32100] global_step=32100, grad_norm=3.0655741691589355, loss=1.237286925315857
I0211 23:31:30.969406 140281363265280 logging_writer.py:48] [32200] global_step=32200, grad_norm=1.9955612421035767, loss=1.1937206983566284
I0211 23:32:46.430332 140281354872576 logging_writer.py:48] [32300] global_step=32300, grad_norm=2.990582227706909, loss=1.2499197721481323
I0211 23:34:04.964028 140281363265280 logging_writer.py:48] [32400] global_step=32400, grad_norm=2.274930715560913, loss=1.2726705074310303
I0211 23:35:29.565436 140281354872576 logging_writer.py:48] [32500] global_step=32500, grad_norm=2.5147533416748047, loss=1.237037181854248
I0211 23:35:57.595501 140437690197824 spec.py:321] Evaluating on the training split.
I0211 23:36:53.610661 140437690197824 spec.py:333] Evaluating on the validation split.
I0211 23:37:45.194601 140437690197824 spec.py:349] Evaluating on the test split.
I0211 23:38:11.617613 140437690197824 submission_runner.py:408] Time since start: 28513.02s, 	Step: 32535, 	{'train/ctc_loss': Array(0.24887384, dtype=float32), 'train/wer': 0.08832523735924044, 'validation/ctc_loss': Array(0.46815404, dtype=float32), 'validation/wer': 0.13549340104463345, 'validation/num_examples': 5348, 'test/ctc_loss': Array(0.25137788, dtype=float32), 'test/wer': 0.08238376698555847, 'test/num_examples': 2472, 'score': 25940.439158916473, 'total_duration': 28513.021070718765, 'accumulated_submission_time': 25940.439158916473, 'accumulated_eval_time': 2570.2126417160034, 'accumulated_logging_time': 0.9131293296813965}
I0211 23:38:11.653307 140281363265280 logging_writer.py:48] [32535] accumulated_eval_time=2570.212642, accumulated_logging_time=0.913129, accumulated_submission_time=25940.439159, global_step=32535, preemption_count=0, score=25940.439159, test/ctc_loss=0.2513778805732727, test/num_examples=2472, test/wer=0.082384, total_duration=28513.021071, train/ctc_loss=0.24887384474277496, train/wer=0.088325, validation/ctc_loss=0.46815404295921326, validation/num_examples=5348, validation/wer=0.135493
I0211 23:39:01.258397 140281354872576 logging_writer.py:48] [32600] global_step=32600, grad_norm=2.3547022342681885, loss=1.2369030714035034
I0211 23:40:16.335001 140281363265280 logging_writer.py:48] [32700] global_step=32700, grad_norm=2.377936363220215, loss=1.251474142074585
I0211 23:41:31.120208 140281354872576 logging_writer.py:48] [32800] global_step=32800, grad_norm=2.874706268310547, loss=1.2059364318847656
I0211 23:42:48.882722 140281363265280 logging_writer.py:48] [32900] global_step=32900, grad_norm=3.433342456817627, loss=1.2005784511566162
I0211 23:44:12.208527 140280743745280 logging_writer.py:48] [33000] global_step=33000, grad_norm=2.29453706741333, loss=1.1799368858337402
I0211 23:45:27.200304 140280735352576 logging_writer.py:48] [33100] global_step=33100, grad_norm=2.3867578506469727, loss=1.2621166706085205
I0211 23:46:42.110141 140280743745280 logging_writer.py:48] [33200] global_step=33200, grad_norm=1.945859432220459, loss=1.2295647859573364
I0211 23:47:57.333140 140280735352576 logging_writer.py:48] [33300] global_step=33300, grad_norm=2.346346855163574, loss=1.259230136871338
I0211 23:49:12.344781 140280743745280 logging_writer.py:48] [33400] global_step=33400, grad_norm=2.5953242778778076, loss=1.2091587781906128
I0211 23:50:35.571755 140280735352576 logging_writer.py:48] [33500] global_step=33500, grad_norm=3.0423920154571533, loss=1.230946660041809
I0211 23:52:00.310420 140280743745280 logging_writer.py:48] [33600] global_step=33600, grad_norm=2.775395631790161, loss=1.233385443687439
I0211 23:53:24.943802 140280735352576 logging_writer.py:48] [33700] global_step=33700, grad_norm=2.529987335205078, loss=1.2073533535003662
I0211 23:54:49.948816 140280743745280 logging_writer.py:48] [33800] global_step=33800, grad_norm=1.726827621459961, loss=1.1707597970962524
I0211 23:56:15.292542 140280735352576 logging_writer.py:48] [33900] global_step=33900, grad_norm=1.7414007186889648, loss=1.165848970413208
I0211 23:57:42.552180 140280743745280 logging_writer.py:48] [34000] global_step=34000, grad_norm=2.2352635860443115, loss=1.2055872678756714
I0211 23:58:57.753664 140280735352576 logging_writer.py:48] [34100] global_step=34100, grad_norm=2.9568002223968506, loss=1.2609068155288696
I0212 00:00:12.773319 140280743745280 logging_writer.py:48] [34200] global_step=34200, grad_norm=2.819289207458496, loss=1.1855336427688599
I0212 00:01:27.768483 140280735352576 logging_writer.py:48] [34300] global_step=34300, grad_norm=2.3410747051239014, loss=1.2451236248016357
I0212 00:02:12.007503 140437690197824 spec.py:321] Evaluating on the training split.
I0212 00:03:05.735294 140437690197824 spec.py:333] Evaluating on the validation split.
I0212 00:03:57.037109 140437690197824 spec.py:349] Evaluating on the test split.
I0212 00:04:23.058829 140437690197824 submission_runner.py:408] Time since start: 30084.46s, 	Step: 34360, 	{'train/ctc_loss': Array(0.23843347, dtype=float32), 'train/wer': 0.08565072302558398, 'validation/ctc_loss': Array(0.45768866, dtype=float32), 'validation/wer': 0.1327418249225214, 'validation/num_examples': 5348, 'test/ctc_loss': Array(0.24266852, dtype=float32), 'test/wer': 0.0781183352629334, 'test/num_examples': 2472, 'score': 27380.701331615448, 'total_duration': 30084.456929922104, 'accumulated_submission_time': 27380.701331615448, 'accumulated_eval_time': 2701.2522921562195, 'accumulated_logging_time': 0.965153694152832}
I0212 00:04:23.098487 140280856385280 logging_writer.py:48] [34360] accumulated_eval_time=2701.252292, accumulated_logging_time=0.965154, accumulated_submission_time=27380.701332, global_step=34360, preemption_count=0, score=27380.701332, test/ctc_loss=0.2426685243844986, test/num_examples=2472, test/wer=0.078118, total_duration=30084.456930, train/ctc_loss=0.23843346536159515, train/wer=0.085651, validation/ctc_loss=0.45768865942955017, validation/num_examples=5348, validation/wer=0.132742
I0212 00:04:54.077483 140280847992576 logging_writer.py:48] [34400] global_step=34400, grad_norm=3.4120380878448486, loss=1.193703293800354
I0212 00:06:09.415178 140280856385280 logging_writer.py:48] [34500] global_step=34500, grad_norm=2.5503039360046387, loss=1.1865040063858032
I0212 00:07:25.193413 140280847992576 logging_writer.py:48] [34600] global_step=34600, grad_norm=2.1371400356292725, loss=1.205849289894104
I0212 00:08:40.804374 140280856385280 logging_writer.py:48] [34700] global_step=34700, grad_norm=2.5047125816345215, loss=1.189812183380127
I0212 00:10:06.210335 140280847992576 logging_writer.py:48] [34800] global_step=34800, grad_norm=2.2013041973114014, loss=1.1742618083953857
I0212 00:11:30.043132 140280856385280 logging_writer.py:48] [34900] global_step=34900, grad_norm=2.954566478729248, loss=1.247994065284729
I0212 00:12:54.561215 140280847992576 logging_writer.py:48] [35000] global_step=35000, grad_norm=2.730921983718872, loss=1.2196093797683716
I0212 00:14:14.907411 140280856385280 logging_writer.py:48] [35100] global_step=35100, grad_norm=1.857734203338623, loss=1.2060757875442505
I0212 00:15:30.331763 140280847992576 logging_writer.py:48] [35200] global_step=35200, grad_norm=2.3643643856048584, loss=1.154367446899414
I0212 00:16:45.284697 140280856385280 logging_writer.py:48] [35300] global_step=35300, grad_norm=2.2400734424591064, loss=1.1409661769866943
I0212 00:18:00.369827 140280847992576 logging_writer.py:48] [35400] global_step=35400, grad_norm=2.7991697788238525, loss=1.1407395601272583
I0212 00:19:15.452309 140280856385280 logging_writer.py:48] [35500] global_step=35500, grad_norm=3.0792975425720215, loss=1.2110350131988525
I0212 00:20:39.990499 140280847992576 logging_writer.py:48] [35600] global_step=35600, grad_norm=1.964099645614624, loss=1.1625059843063354
I0212 00:22:04.588432 140280856385280 logging_writer.py:48] [35700] global_step=35700, grad_norm=2.637451648712158, loss=1.1915682554244995
I0212 00:23:28.881666 140280847992576 logging_writer.py:48] [35800] global_step=35800, grad_norm=1.7224111557006836, loss=1.1326818466186523
I0212 00:24:54.268739 140280856385280 logging_writer.py:48] [35900] global_step=35900, grad_norm=1.91866934299469, loss=1.1754990816116333
I0212 00:26:18.717802 140280847992576 logging_writer.py:48] [36000] global_step=36000, grad_norm=2.7415287494659424, loss=1.1885958909988403
I0212 00:27:42.565868 140280856385280 logging_writer.py:48] [36100] global_step=36100, grad_norm=1.7507392168045044, loss=1.1602197885513306
I0212 00:28:23.644547 140437690197824 spec.py:321] Evaluating on the training split.
I0212 00:29:19.491863 140437690197824 spec.py:333] Evaluating on the validation split.
I0212 00:30:10.077355 140437690197824 spec.py:349] Evaluating on the test split.
I0212 00:30:36.176119 140437690197824 submission_runner.py:408] Time since start: 31657.58s, 	Step: 36156, 	{'train/ctc_loss': Array(0.22635128, dtype=float32), 'train/wer': 0.08115605409302812, 'validation/ctc_loss': Array(0.4513795, dtype=float32), 'validation/wer': 0.13103295133089393, 'validation/num_examples': 5348, 'test/ctc_loss': Array(0.23776175, dtype=float32), 'test/wer': 0.07759023419251315, 'test/num_examples': 2472, 'score': 28821.154938220978, 'total_duration': 31657.57952785492, 'accumulated_submission_time': 28821.154938220978, 'accumulated_eval_time': 2833.7774863243103, 'accumulated_logging_time': 1.021730661392212}
I0212 00:30:36.217342 140281071425280 logging_writer.py:48] [36156] accumulated_eval_time=2833.777486, accumulated_logging_time=1.021731, accumulated_submission_time=28821.154938, global_step=36156, preemption_count=0, score=28821.154938, test/ctc_loss=0.2377617508172989, test/num_examples=2472, test/wer=0.077590, total_duration=31657.579528, train/ctc_loss=0.2263512760400772, train/wer=0.081156, validation/ctc_loss=0.4513795077800751, validation/num_examples=5348, validation/wer=0.131033
I0212 00:31:09.995781 140281063032576 logging_writer.py:48] [36200] global_step=36200, grad_norm=2.686185598373413, loss=1.171797513961792
I0212 00:32:24.984961 140281071425280 logging_writer.py:48] [36300] global_step=36300, grad_norm=2.6874804496765137, loss=1.1631193161010742
I0212 00:33:39.879467 140281063032576 logging_writer.py:48] [36400] global_step=36400, grad_norm=2.8600566387176514, loss=1.1978353261947632
I0212 00:34:54.940277 140281071425280 logging_writer.py:48] [36500] global_step=36500, grad_norm=2.676574468612671, loss=1.1801562309265137
I0212 00:36:10.267918 140281063032576 logging_writer.py:48] [36600] global_step=36600, grad_norm=2.019138813018799, loss=1.2006467580795288
I0212 00:37:25.442330 140281071425280 logging_writer.py:48] [36700] global_step=36700, grad_norm=2.5787386894226074, loss=1.152748942375183
I0212 00:38:48.746329 140281063032576 logging_writer.py:48] [36800] global_step=36800, grad_norm=2.0800552368164062, loss=1.1231458187103271
I0212 00:40:13.278015 140281071425280 logging_writer.py:48] [36900] global_step=36900, grad_norm=1.9881800413131714, loss=1.1253459453582764
I0212 00:41:37.157377 140281063032576 logging_writer.py:48] [37000] global_step=37000, grad_norm=2.6534671783447266, loss=1.1793804168701172
I0212 00:43:03.885548 140280743745280 logging_writer.py:48] [37100] global_step=37100, grad_norm=2.414318561553955, loss=1.1662266254425049
I0212 00:44:18.905836 140280735352576 logging_writer.py:48] [37200] global_step=37200, grad_norm=2.4640417098999023, loss=1.1678262948989868
I0212 00:45:34.061022 140280743745280 logging_writer.py:48] [37300] global_step=37300, grad_norm=2.5064194202423096, loss=1.1839253902435303
I0212 00:46:49.219657 140280735352576 logging_writer.py:48] [37400] global_step=37400, grad_norm=1.928022027015686, loss=1.174633502960205
I0212 00:48:04.402202 140280743745280 logging_writer.py:48] [37500] global_step=37500, grad_norm=3.561441421508789, loss=1.126199722290039
I0212 00:49:19.688545 140280735352576 logging_writer.py:48] [37600] global_step=37600, grad_norm=4.564932823181152, loss=1.1961573362350464
I0212 00:50:40.471089 140280743745280 logging_writer.py:48] [37700] global_step=37700, grad_norm=2.2035772800445557, loss=1.2247453927993774
I0212 00:52:04.714986 140280735352576 logging_writer.py:48] [37800] global_step=37800, grad_norm=5.325834274291992, loss=1.151851773262024
I0212 00:53:29.298577 140280743745280 logging_writer.py:48] [37900] global_step=37900, grad_norm=2.1552231311798096, loss=1.148534893989563
I0212 00:54:36.636114 140437690197824 spec.py:321] Evaluating on the training split.
/usr/local/lib/python3.8/dist-packages/jax/_src/ops/scatter.py:92: FutureWarning: scatter inputs have incompatible types: cannot safely cast value from dtype=float32 to dtype=int32. In future JAX releases this will result in an error.
  warnings.warn("scatter inputs have incompatible types: cannot safely cast "
I0212 00:55:53.986411 140437690197824 spec.py:333] Evaluating on the validation split.
I0212 00:56:45.367954 140437690197824 spec.py:349] Evaluating on the test split.
I0212 00:57:11.679189 140437690197824 submission_runner.py:408] Time since start: 33253.08s, 	Step: 37981, 	{'train/ctc_loss': Array(0.13815072, dtype=float32), 'train/wer': 0.0506929093691549, 'validation/ctc_loss': Array(0.4403994, dtype=float32), 'validation/wer': 0.12775036929047956, 'validation/num_examples': 5348, 'test/ctc_loss': Array(0.2351409, dtype=float32), 'test/wer': 0.07588406150346312, 'test/num_examples': 2472, 'score': 30261.48275089264, 'total_duration': 33253.08378100395, 'accumulated_submission_time': 30261.48275089264, 'accumulated_eval_time': 2988.8153936862946, 'accumulated_logging_time': 1.078145980834961}
I0212 00:57:11.716890 140280743745280 logging_writer.py:48] [37981] accumulated_eval_time=2988.815394, accumulated_logging_time=1.078146, accumulated_submission_time=30261.482751, global_step=37981, preemption_count=0, score=30261.482751, test/ctc_loss=0.23514090478420258, test/num_examples=2472, test/wer=0.075884, total_duration=33253.083781, train/ctc_loss=0.13815072178840637, train/wer=0.050693, validation/ctc_loss=0.4403994083404541, validation/num_examples=5348, validation/wer=0.127750
I0212 00:57:26.875674 140280735352576 logging_writer.py:48] [38000] global_step=38000, grad_norm=2.840667247772217, loss=1.1942657232284546
I0212 00:58:41.937387 140280743745280 logging_writer.py:48] [38100] global_step=38100, grad_norm=1.8016934394836426, loss=1.1572556495666504
I0212 01:00:00.734249 140281071425280 logging_writer.py:48] [38200] global_step=38200, grad_norm=2.219133138656616, loss=1.1758373975753784
I0212 01:01:16.046221 140281063032576 logging_writer.py:48] [38300] global_step=38300, grad_norm=3.6824166774749756, loss=1.1792935132980347
I0212 01:02:31.459146 140281071425280 logging_writer.py:48] [38400] global_step=38400, grad_norm=2.197925329208374, loss=1.2254527807235718
I0212 01:03:46.725386 140281063032576 logging_writer.py:48] [38500] global_step=38500, grad_norm=3.4643313884735107, loss=1.1610153913497925
I0212 01:05:07.392279 140281071425280 logging_writer.py:48] [38600] global_step=38600, grad_norm=2.000121593475342, loss=1.1789501905441284
I0212 01:06:31.208833 140281063032576 logging_writer.py:48] [38700] global_step=38700, grad_norm=2.4066832065582275, loss=1.1617045402526855
I0212 01:07:55.285835 140281071425280 logging_writer.py:48] [38800] global_step=38800, grad_norm=1.9592751264572144, loss=1.1479582786560059
I0212 01:09:20.285166 140281063032576 logging_writer.py:48] [38900] global_step=38900, grad_norm=1.901694893836975, loss=1.17897367477417
I0212 01:10:45.987504 140281071425280 logging_writer.py:48] [39000] global_step=39000, grad_norm=3.292210578918457, loss=1.1729614734649658
I0212 01:12:10.177371 140281063032576 logging_writer.py:48] [39100] global_step=39100, grad_norm=2.3913285732269287, loss=1.139302134513855
I0212 01:13:32.238443 140281071425280 logging_writer.py:48] [39200] global_step=39200, grad_norm=3.8740150928497314, loss=1.1629971265792847
I0212 01:14:47.296351 140281063032576 logging_writer.py:48] [39300] global_step=39300, grad_norm=1.9434276819229126, loss=1.1034984588623047
I0212 01:16:02.286294 140281071425280 logging_writer.py:48] [39400] global_step=39400, grad_norm=3.22255277633667, loss=1.1592931747436523
I0212 01:17:17.238257 140281063032576 logging_writer.py:48] [39500] global_step=39500, grad_norm=2.764329195022583, loss=1.1364964246749878
I0212 01:18:32.269397 140281071425280 logging_writer.py:48] [39600] global_step=39600, grad_norm=2.9059524536132812, loss=1.1920859813690186
I0212 01:19:55.396976 140281063032576 logging_writer.py:48] [39700] global_step=39700, grad_norm=2.206453800201416, loss=1.1355043649673462
I0212 01:21:12.364309 140437690197824 spec.py:321] Evaluating on the training split.
I0212 01:22:09.719698 140437690197824 spec.py:333] Evaluating on the validation split.
I0212 01:23:02.634982 140437690197824 spec.py:349] Evaluating on the test split.
I0212 01:23:28.588202 140437690197824 submission_runner.py:408] Time since start: 34829.99s, 	Step: 39793, 	{'train/ctc_loss': Array(0.13410744, dtype=float32), 'train/wer': 0.047232886390673946, 'validation/ctc_loss': Array(0.43591997, dtype=float32), 'validation/wer': 0.12621527945393282, 'validation/num_examples': 5348, 'test/ctc_loss': Array(0.23304227, dtype=float32), 'test/wer': 0.0750715983182012, 'test/num_examples': 2472, 'score': 31702.03856253624, 'total_duration': 34829.99032139778, 'accumulated_submission_time': 31702.03856253624, 'accumulated_eval_time': 3125.0316421985626, 'accumulated_logging_time': 1.131788969039917}
I0212 01:23:28.628299 140281071425280 logging_writer.py:48] [39793] accumulated_eval_time=3125.031642, accumulated_logging_time=1.131789, accumulated_submission_time=31702.038563, global_step=39793, preemption_count=0, score=31702.038563, test/ctc_loss=0.23304226994514465, test/num_examples=2472, test/wer=0.075072, total_duration=34829.990321, train/ctc_loss=0.13410744071006775, train/wer=0.047233, validation/ctc_loss=0.43591997027397156, validation/num_examples=5348, validation/wer=0.126215
I0212 01:23:34.802995 140281063032576 logging_writer.py:48] [39800] global_step=39800, grad_norm=2.907356023788452, loss=1.1973203420639038
I0212 01:24:49.885279 140281071425280 logging_writer.py:48] [39900] global_step=39900, grad_norm=2.048090934753418, loss=1.1628382205963135
I0212 01:26:05.021775 140281063032576 logging_writer.py:48] [40000] global_step=40000, grad_norm=1.8332582712173462, loss=1.096993088722229
I0212 01:27:20.573510 140281071425280 logging_writer.py:48] [40100] global_step=40100, grad_norm=1.9743787050247192, loss=1.1224185228347778
I0212 01:28:44.864435 140281071425280 logging_writer.py:48] [40200] global_step=40200, grad_norm=3.8556668758392334, loss=1.123216986656189
I0212 01:30:00.305527 140281063032576 logging_writer.py:48] [40300] global_step=40300, grad_norm=2.030543327331543, loss=1.103610634803772
I0212 01:31:15.325886 140281071425280 logging_writer.py:48] [40400] global_step=40400, grad_norm=3.7781524658203125, loss=1.1739081144332886
I0212 01:32:30.277515 140281063032576 logging_writer.py:48] [40500] global_step=40500, grad_norm=2.972782850265503, loss=1.1549925804138184
I0212 01:33:46.567011 140281071425280 logging_writer.py:48] [40600] global_step=40600, grad_norm=1.9829493761062622, loss=1.1526601314544678
I0212 01:35:09.186070 140281063032576 logging_writer.py:48] [40700] global_step=40700, grad_norm=1.8708661794662476, loss=1.143985629081726
I0212 01:36:34.120210 140281071425280 logging_writer.py:48] [40800] global_step=40800, grad_norm=3.0030763149261475, loss=1.1044081449508667
I0212 01:37:59.206679 140281063032576 logging_writer.py:48] [40900] global_step=40900, grad_norm=2.3224613666534424, loss=1.1589380502700806
I0212 01:39:23.115729 140281071425280 logging_writer.py:48] [41000] global_step=41000, grad_norm=2.0908546447753906, loss=1.1112221479415894
I0212 01:40:48.126188 140281063032576 logging_writer.py:48] [41100] global_step=41100, grad_norm=2.6537351608276367, loss=1.1191810369491577
I0212 01:42:17.092032 140280743745280 logging_writer.py:48] [41200] global_step=41200, grad_norm=3.2420289516448975, loss=1.151583194732666
I0212 01:43:32.193372 140280735352576 logging_writer.py:48] [41300] global_step=41300, grad_norm=2.1310276985168457, loss=1.109669804573059
I0212 01:44:47.142854 140280743745280 logging_writer.py:48] [41400] global_step=41400, grad_norm=3.5031089782714844, loss=1.146195411682129
I0212 01:46:02.309669 140280735352576 logging_writer.py:48] [41500] global_step=41500, grad_norm=2.309084177017212, loss=1.1375383138656616
I0212 01:47:17.599740 140280743745280 logging_writer.py:48] [41600] global_step=41600, grad_norm=2.3289501667022705, loss=1.1331337690353394
I0212 01:47:28.747365 140437690197824 spec.py:321] Evaluating on the training split.
I0212 01:48:26.000127 140437690197824 spec.py:333] Evaluating on the validation split.
I0212 01:49:17.268501 140437690197824 spec.py:349] Evaluating on the test split.
I0212 01:49:43.376990 140437690197824 submission_runner.py:408] Time since start: 36404.78s, 	Step: 41616, 	{'train/ctc_loss': Array(0.14266028, dtype=float32), 'train/wer': 0.05091043632231296, 'validation/ctc_loss': Array(0.4308139, dtype=float32), 'validation/wer': 0.1242457302296842, 'validation/num_examples': 5348, 'test/ctc_loss': Array(0.22871488, dtype=float32), 'test/wer': 0.07320293299209879, 'test/num_examples': 2472, 'score': 33142.06616973877, 'total_duration': 36404.780586481094, 'accumulated_submission_time': 33142.06616973877, 'accumulated_eval_time': 3259.6550998687744, 'accumulated_logging_time': 1.1871211528778076}
I0212 01:49:43.415978 140281363265280 logging_writer.py:48] [41616] accumulated_eval_time=3259.655100, accumulated_logging_time=1.187121, accumulated_submission_time=33142.066170, global_step=41616, preemption_count=0, score=33142.066170, test/ctc_loss=0.22871488332748413, test/num_examples=2472, test/wer=0.073203, total_duration=36404.780586, train/ctc_loss=0.14266027510166168, train/wer=0.050910, validation/ctc_loss=0.43081390857696533, validation/num_examples=5348, validation/wer=0.124246
I0212 01:50:47.445612 140281354872576 logging_writer.py:48] [41700] global_step=41700, grad_norm=2.356257200241089, loss=1.0695428848266602
I0212 01:52:02.732695 140281363265280 logging_writer.py:48] [41800] global_step=41800, grad_norm=2.414691209793091, loss=1.0782967805862427
I0212 01:53:17.824161 140281354872576 logging_writer.py:48] [41900] global_step=41900, grad_norm=2.18560528755188, loss=1.1255398988723755
I0212 01:54:37.921985 140281363265280 logging_writer.py:48] [42000] global_step=42000, grad_norm=1.9609664678573608, loss=1.1601455211639404
I0212 01:56:02.156284 140281354872576 logging_writer.py:48] [42100] global_step=42100, grad_norm=2.593477249145508, loss=1.1480984687805176
I0212 01:57:26.302298 140281363265280 logging_writer.py:48] [42200] global_step=42200, grad_norm=2.035999059677124, loss=1.1535699367523193
I0212 01:58:47.402475 140281363265280 logging_writer.py:48] [42300] global_step=42300, grad_norm=2.441736936569214, loss=1.139743447303772
I0212 02:00:02.365601 140281354872576 logging_writer.py:48] [42400] global_step=42400, grad_norm=3.184516191482544, loss=1.1164264678955078
I0212 02:01:17.384022 140281363265280 logging_writer.py:48] [42500] global_step=42500, grad_norm=2.0572826862335205, loss=1.075451374053955
I0212 02:02:32.457299 140281354872576 logging_writer.py:48] [42600] global_step=42600, grad_norm=2.724914073944092, loss=1.1899691820144653
I0212 02:03:50.007917 140281363265280 logging_writer.py:48] [42700] global_step=42700, grad_norm=2.9430763721466064, loss=1.1248410940170288
I0212 02:05:14.659108 140281354872576 logging_writer.py:48] [42800] global_step=42800, grad_norm=2.0197913646698, loss=1.115083932876587
I0212 02:06:39.461667 140281363265280 logging_writer.py:48] [42900] global_step=42900, grad_norm=4.532193183898926, loss=1.1305729150772095
I0212 02:08:04.592178 140281354872576 logging_writer.py:48] [43000] global_step=43000, grad_norm=3.172600746154785, loss=1.1038998365402222
I0212 02:09:29.066939 140281363265280 logging_writer.py:48] [43100] global_step=43100, grad_norm=2.3670802116394043, loss=1.141448974609375
I0212 02:10:53.569974 140281354872576 logging_writer.py:48] [43200] global_step=43200, grad_norm=2.4524056911468506, loss=1.1750776767730713
I0212 02:12:18.392413 140280707905280 logging_writer.py:48] [43300] global_step=43300, grad_norm=2.5557217597961426, loss=1.1497719287872314
I0212 02:13:33.435244 140280699512576 logging_writer.py:48] [43400] global_step=43400, grad_norm=3.4587087631225586, loss=1.1287198066711426
I0212 02:13:43.797509 140437690197824 spec.py:321] Evaluating on the training split.
I0212 02:14:41.740923 140437690197824 spec.py:333] Evaluating on the validation split.
I0212 02:15:34.175074 140437690197824 spec.py:349] Evaluating on the test split.
I0212 02:16:00.160047 140437690197824 submission_runner.py:408] Time since start: 37981.56s, 	Step: 43415, 	{'train/ctc_loss': Array(0.12480412, dtype=float32), 'train/wer': 0.0457206361131981, 'validation/ctc_loss': Array(0.42841774, dtype=float32), 'validation/wer': 0.12410091043378356, 'validation/num_examples': 5348, 'test/ctc_loss': Array(0.2267602, dtype=float32), 'test/wer': 0.07271545508094164, 'test/num_examples': 2472, 'score': 34582.3564324379, 'total_duration': 37981.5632686615, 'accumulated_submission_time': 34582.3564324379, 'accumulated_eval_time': 3396.0110619068146, 'accumulated_logging_time': 1.2427010536193848}
I0212 02:16:00.202251 140280779585280 logging_writer.py:48] [43415] accumulated_eval_time=3396.011062, accumulated_logging_time=1.242701, accumulated_submission_time=34582.356432, global_step=43415, preemption_count=0, score=34582.356432, test/ctc_loss=0.22676019370555878, test/num_examples=2472, test/wer=0.072715, total_duration=37981.563269, train/ctc_loss=0.12480412423610687, train/wer=0.045721, validation/ctc_loss=0.42841774225234985, validation/num_examples=5348, validation/wer=0.124101
I0212 02:17:04.760636 140280771192576 logging_writer.py:48] [43500] global_step=43500, grad_norm=2.3521196842193604, loss=1.1165701150894165
I0212 02:18:19.889801 140280779585280 logging_writer.py:48] [43600] global_step=43600, grad_norm=2.603381633758545, loss=1.14922297000885
I0212 02:19:35.005673 140280771192576 logging_writer.py:48] [43700] global_step=43700, grad_norm=2.229865074157715, loss=1.1397840976715088
I0212 02:20:50.228565 140280779585280 logging_writer.py:48] [43800] global_step=43800, grad_norm=4.970867156982422, loss=1.1402665376663208
I0212 02:22:11.067282 140280771192576 logging_writer.py:48] [43900] global_step=43900, grad_norm=2.465156316757202, loss=1.1284675598144531
I0212 02:23:36.247516 140280779585280 logging_writer.py:48] [44000] global_step=44000, grad_norm=1.8197672367095947, loss=1.1287362575531006
I0212 02:25:00.738976 140280771192576 logging_writer.py:48] [44100] global_step=44100, grad_norm=1.6448602676391602, loss=1.1159263849258423
I0212 02:26:26.167965 140280779585280 logging_writer.py:48] [44200] global_step=44200, grad_norm=2.425328493118286, loss=1.0376023054122925
I0212 02:27:53.630300 140280779585280 logging_writer.py:48] [44300] global_step=44300, grad_norm=2.0130863189697266, loss=1.1797125339508057
I0212 02:29:08.558225 140280771192576 logging_writer.py:48] [44400] global_step=44400, grad_norm=2.103473663330078, loss=1.1336151361465454
I0212 02:30:23.469969 140280779585280 logging_writer.py:48] [44500] global_step=44500, grad_norm=6.7117438316345215, loss=1.103002667427063
I0212 02:31:38.331331 140280771192576 logging_writer.py:48] [44600] global_step=44600, grad_norm=2.748230218887329, loss=1.1424510478973389
I0212 02:32:54.600452 140280779585280 logging_writer.py:48] [44700] global_step=44700, grad_norm=3.9299943447113037, loss=1.1189926862716675
I0212 02:34:18.697706 140280771192576 logging_writer.py:48] [44800] global_step=44800, grad_norm=2.659147262573242, loss=1.122254729270935
I0212 02:35:44.339827 140280779585280 logging_writer.py:48] [44900] global_step=44900, grad_norm=2.8166592121124268, loss=1.1347935199737549
I0212 02:37:09.888464 140280771192576 logging_writer.py:48] [45000] global_step=45000, grad_norm=5.024527549743652, loss=1.1558091640472412
I0212 02:38:35.180029 140280779585280 logging_writer.py:48] [45100] global_step=45100, grad_norm=2.0316221714019775, loss=1.1205179691314697
I0212 02:40:00.373679 140280771192576 logging_writer.py:48] [45200] global_step=45200, grad_norm=3.044473648071289, loss=1.0907015800476074
I0212 02:40:00.379715 140437690197824 spec.py:321] Evaluating on the training split.
I0212 02:40:58.432464 140437690197824 spec.py:333] Evaluating on the validation split.
I0212 02:41:49.758508 140437690197824 spec.py:349] Evaluating on the test split.
I0212 02:42:15.785432 140437690197824 submission_runner.py:408] Time since start: 39557.19s, 	Step: 45201, 	{'train/ctc_loss': Array(0.13416459, dtype=float32), 'train/wer': 0.04780056618560438, 'validation/ctc_loss': Array(0.42583966, dtype=float32), 'validation/wer': 0.12288442414821824, 'validation/num_examples': 5348, 'test/ctc_loss': Array(0.22566003, dtype=float32), 'test/wer': 0.07285763613836248, 'test/num_examples': 2472, 'score': 36022.44448566437, 'total_duration': 39557.187906980515, 'accumulated_submission_time': 36022.44448566437, 'accumulated_eval_time': 3531.409448623657, 'accumulated_logging_time': 1.2997477054595947}
I0212 02:42:15.825268 140280779585280 logging_writer.py:48] [45201] accumulated_eval_time=3531.409449, accumulated_logging_time=1.299748, accumulated_submission_time=36022.444486, global_step=45201, preemption_count=0, score=36022.444486, test/ctc_loss=0.2256600260734558, test/num_examples=2472, test/wer=0.072858, total_duration=39557.187907, train/ctc_loss=0.13416458666324615, train/wer=0.047801, validation/ctc_loss=0.4258396625518799, validation/num_examples=5348, validation/wer=0.122884
I0212 02:43:30.539454 140280771192576 logging_writer.py:48] [45300] global_step=45300, grad_norm=3.5277488231658936, loss=1.0696641206741333
I0212 02:44:49.178115 140280779585280 logging_writer.py:48] [45400] global_step=45400, grad_norm=1.8897532224655151, loss=1.1023447513580322
I0212 02:46:04.271178 140280771192576 logging_writer.py:48] [45500] global_step=45500, grad_norm=2.450291156768799, loss=1.066914677619934
I0212 02:47:19.421813 140280779585280 logging_writer.py:48] [45600] global_step=45600, grad_norm=2.301150321960449, loss=1.0700334310531616
I0212 02:48:35.182026 140280771192576 logging_writer.py:48] [45700] global_step=45700, grad_norm=2.980929136276245, loss=1.0913195610046387
I0212 02:49:58.811495 140280779585280 logging_writer.py:48] [45800] global_step=45800, grad_norm=1.858083963394165, loss=1.061623454093933
I0212 02:51:24.091349 140280771192576 logging_writer.py:48] [45900] global_step=45900, grad_norm=1.8326764106750488, loss=1.1172220706939697
I0212 02:52:49.532051 140280779585280 logging_writer.py:48] [46000] global_step=46000, grad_norm=3.5069639682769775, loss=1.1065161228179932
I0212 02:54:15.683661 140280771192576 logging_writer.py:48] [46100] global_step=46100, grad_norm=2.9190447330474854, loss=1.0937767028808594
I0212 02:55:40.953628 140280779585280 logging_writer.py:48] [46200] global_step=46200, grad_norm=2.307570695877075, loss=1.1550014019012451
I0212 02:57:07.005964 140280771192576 logging_writer.py:48] [46300] global_step=46300, grad_norm=2.608276605606079, loss=1.1076018810272217
I0212 02:58:31.336751 140280779585280 logging_writer.py:48] [46400] global_step=46400, grad_norm=2.497053623199463, loss=1.1083390712738037
I0212 02:59:46.330256 140280771192576 logging_writer.py:48] [46500] global_step=46500, grad_norm=1.8709967136383057, loss=1.1402348279953003
I0212 03:01:01.438004 140280779585280 logging_writer.py:48] [46600] global_step=46600, grad_norm=2.3136050701141357, loss=1.0616430044174194
I0212 03:02:16.689888 140280771192576 logging_writer.py:48] [46700] global_step=46700, grad_norm=3.7416610717773438, loss=1.1237871646881104
I0212 03:03:34.380900 140280779585280 logging_writer.py:48] [46800] global_step=46800, grad_norm=2.7368557453155518, loss=1.118796706199646
I0212 03:04:59.947253 140280771192576 logging_writer.py:48] [46900] global_step=46900, grad_norm=2.0823609828948975, loss=1.0612542629241943
I0212 03:06:16.512245 140437690197824 spec.py:321] Evaluating on the training split.
I0212 03:07:13.721193 140437690197824 spec.py:333] Evaluating on the validation split.
I0212 03:08:06.310325 140437690197824 spec.py:349] Evaluating on the test split.
I0212 03:08:32.995337 140437690197824 submission_runner.py:408] Time since start: 41134.40s, 	Step: 46991, 	{'train/ctc_loss': Array(0.12691087, dtype=float32), 'train/wer': 0.04664109331424236, 'validation/ctc_loss': Array(0.42552513, dtype=float32), 'validation/wer': 0.12275891365843769, 'validation/num_examples': 5348, 'test/ctc_loss': Array(0.22541308, dtype=float32), 'test/wer': 0.07226860032904758, 'test/num_examples': 2472, 'score': 37463.04101443291, 'total_duration': 41134.39881324768, 'accumulated_submission_time': 37463.04101443291, 'accumulated_eval_time': 3667.8862357139587, 'accumulated_logging_time': 1.3547301292419434}
I0212 03:08:33.040644 140281363265280 logging_writer.py:48] [46991] accumulated_eval_time=3667.886236, accumulated_logging_time=1.354730, accumulated_submission_time=37463.041014, global_step=46991, preemption_count=0, score=37463.041014, test/ctc_loss=0.22541308403015137, test/num_examples=2472, test/wer=0.072269, total_duration=41134.398813, train/ctc_loss=0.12691086530685425, train/wer=0.046641, validation/ctc_loss=0.42552512884140015, validation/num_examples=5348, validation/wer=0.122759
I0212 03:08:40.693589 140281354872576 logging_writer.py:48] [47000] global_step=47000, grad_norm=2.5369205474853516, loss=1.1377493143081665
I0212 03:09:55.812497 140281363265280 logging_writer.py:48] [47100] global_step=47100, grad_norm=2.0934603214263916, loss=1.1525051593780518
I0212 03:11:11.308875 140281354872576 logging_writer.py:48] [47200] global_step=47200, grad_norm=3.7920522689819336, loss=1.1348447799682617
I0212 03:12:26.852266 140281363265280 logging_writer.py:48] [47300] global_step=47300, grad_norm=1.7602729797363281, loss=1.0908843278884888
I0212 03:13:53.285261 140280707905280 logging_writer.py:48] [47400] global_step=47400, grad_norm=5.635400772094727, loss=1.1535329818725586
I0212 03:15:08.450896 140280699512576 logging_writer.py:48] [47500] global_step=47500, grad_norm=4.741837024688721, loss=1.1389966011047363
I0212 03:16:23.654012 140280707905280 logging_writer.py:48] [47600] global_step=47600, grad_norm=2.44033145904541, loss=1.2013888359069824
I0212 03:17:38.955783 140280699512576 logging_writer.py:48] [47700] global_step=47700, grad_norm=2.421898603439331, loss=1.0489776134490967
I0212 03:18:56.018360 140280707905280 logging_writer.py:48] [47800] global_step=47800, grad_norm=2.2872188091278076, loss=1.1193805932998657
I0212 03:20:21.288431 140280699512576 logging_writer.py:48] [47900] global_step=47900, grad_norm=2.7132015228271484, loss=1.0743777751922607
I0212 03:21:45.293064 140437690197824 spec.py:321] Evaluating on the training split.
I0212 03:22:42.613020 140437690197824 spec.py:333] Evaluating on the validation split.
I0212 03:23:34.454323 140437690197824 spec.py:349] Evaluating on the test split.
I0212 03:24:00.955678 140437690197824 submission_runner.py:408] Time since start: 42062.36s, 	Step: 48000, 	{'train/ctc_loss': Array(0.15317775, dtype=float32), 'train/wer': 0.05205918963001116, 'validation/ctc_loss': Array(0.4256426, dtype=float32), 'validation/wer': 0.12272994969925756, 'validation/num_examples': 5348, 'test/ctc_loss': Array(0.22542043, dtype=float32), 'test/wer': 0.07234984664757378, 'test/num_examples': 2472, 'score': 38255.23158955574, 'total_duration': 42062.36226296425, 'accumulated_submission_time': 38255.23158955574, 'accumulated_eval_time': 3803.54567193985, 'accumulated_logging_time': 1.418626070022583}
I0212 03:24:00.987411 140281363265280 logging_writer.py:48] [48000] accumulated_eval_time=3803.545672, accumulated_logging_time=1.418626, accumulated_submission_time=38255.231590, global_step=48000, preemption_count=0, score=38255.231590, test/ctc_loss=0.22542043030261993, test/num_examples=2472, test/wer=0.072350, total_duration=42062.362263, train/ctc_loss=0.15317775309085846, train/wer=0.052059, validation/ctc_loss=0.42564260959625244, validation/num_examples=5348, validation/wer=0.122730
I0212 03:24:01.018435 140281354872576 logging_writer.py:48] [48000] global_step=48000, preemption_count=0, score=38255.231590
I0212 03:24:01.219894 140437690197824 checkpoints.py:490] Saving checkpoint at step: 48000
I0212 03:24:02.218995 140437690197824 checkpoints.py:422] Saved checkpoint at /experiment_runs/prize_qualification/study_4/librispeech_deepspeech_jax/trial_2/checkpoint_48000
I0212 03:24:02.239571 140437690197824 checkpoint_utils.py:240] Saved checkpoint to /experiment_runs/prize_qualification/study_4/librispeech_deepspeech_jax/trial_2/checkpoint_48000.
I0212 03:24:03.572824 140437690197824 submission_runner.py:583] Tuning trial 2/5
I0212 03:24:03.573181 140437690197824 submission_runner.py:584] Hyperparameters: Hyperparameters(dropout_rate=0.0, label_smoothing=0.2, learning_rate=0.0008445074561975979, one_minus_beta1=0.11042418465, beta2=0.9978504782314613, weight_decay=0.08135402759553023, warmup_factor=0.05)
