python3 submission_runner.py --framework=jax --workload=librispeech_deepspeech --submission_path=prize_qualification_baselines/external_tuning/jax_nadamw_full_budget.py --tuning_search_space=prize_qualification_baselines/external_tuning/tuning_search_space.json --data_dir=/data/librispeech --num_tuning_trials=1 --experiment_dir=/experiment_runs --experiment_name=prize_qualification/study_4 --overwrite=true --save_checkpoints=false --num_tuning_trials=5 --rng_seed=2216178884 --max_global_steps=48000 --librispeech_tokenizer_vocab_path=/data/librispeech/spm_model.vocab 2>&1 | tee -a /logs/librispeech_deepspeech_jax_02-11-2024-04-05-57.log
I0211 04:06:18.001473 140437690197824 logger_utils.py:76] Creating experiment directory at /experiment_runs/prize_qualification/study_4/librispeech_deepspeech_jax.
I0211 04:06:19.066691 140437690197824 xla_bridge.py:455] Unable to initialize backend 'rocm': NOT_FOUND: Could not find registered platform with name: "rocm". Available platform names are: Host CUDA Interpreter
I0211 04:06:19.067338 140437690197824 xla_bridge.py:455] Unable to initialize backend 'tpu': module 'jaxlib.xla_extension' has no attribute 'get_tpu_client'
I0211 04:06:19.067474 140437690197824 xla_bridge.py:455] Unable to initialize backend 'plugin': xla_extension has no attributes named get_plugin_device_client. Compile TensorFlow with //tensorflow/compiler/xla/python:enable_plugin_device set to true (defaults to false) to enable this.
I0211 04:06:19.068558 140437690197824 submission_runner.py:542] Using RNG seed 2216178884
I0211 04:06:25.004731 140437690197824 submission_runner.py:551] --- Tuning run 1/5 ---
I0211 04:06:25.004970 140437690197824 submission_runner.py:556] Creating tuning directory at /experiment_runs/prize_qualification/study_4/librispeech_deepspeech_jax/trial_1.
I0211 04:06:25.005141 140437690197824 logger_utils.py:92] Saving hparams to /experiment_runs/prize_qualification/study_4/librispeech_deepspeech_jax/trial_1/hparams.json.
I0211 04:06:25.188274 140437690197824 submission_runner.py:206] Initializing dataset.
I0211 04:06:25.188498 140437690197824 submission_runner.py:213] Initializing model.
I0211 04:06:27.659099 140437690197824 submission_runner.py:255] Initializing optimizer.
I0211 04:06:28.347617 140437690197824 submission_runner.py:262] Initializing metrics bundle.
I0211 04:06:28.347799 140437690197824 submission_runner.py:280] Initializing checkpoint and logger.
I0211 04:06:28.348853 140437690197824 checkpoints.py:915] Found no checkpoint files in /experiment_runs/prize_qualification/study_4/librispeech_deepspeech_jax/trial_1 with prefix checkpoint_
I0211 04:06:28.349000 140437690197824 submission_runner.py:300] Saving meta data to /experiment_runs/prize_qualification/study_4/librispeech_deepspeech_jax/trial_1/meta_data_0.json.
I0211 04:06:28.349191 140437690197824 logger_utils.py:257] Unable to record workload.train_mean information. Continuing without it.
I0211 04:06:28.349250 140437690197824 logger_utils.py:257] Unable to record workload.train_stddev information. Continuing without it.
fatal: detected dubious ownership in repository at '/algorithmic-efficiency'
To add an exception for this directory, call:

	git config --global --add safe.directory /algorithmic-efficiency
I0211 04:06:28.757297 140437690197824 logger_utils.py:220] Unable to record git information. Continuing without it.
I0211 04:06:29.133424 140437690197824 submission_runner.py:304] Saving flags to /experiment_runs/prize_qualification/study_4/librispeech_deepspeech_jax/trial_1/flags_0.json.
I0211 04:06:29.147250 140437690197824 submission_runner.py:314] Starting training loop.
I0211 04:06:29.438349 140437690197824 input_pipeline.py:20] Loading split = train-clean-100
I0211 04:06:29.505388 140437690197824 input_pipeline.py:20] Loading split = train-clean-360
I0211 04:06:29.664008 140437690197824 input_pipeline.py:20] Loading split = train-other-500
2024-02-11 04:07:21.668215: E external/xla/xla/service/rendezvous.cc:31] This thread has been waiting for 10 seconds and may be stuck:
2024-02-11 04:07:23.796852: E external/xla/xla/service/rendezvous.cc:36] Thread is unstuck! Warning above was a false-positive. Perhaps the timeout is too short.
/usr/local/lib/python3.8/dist-packages/jax/_src/interpreters/mlir.py:582: UserWarning: Some donated buffers were not usable: ShapedArray(float32[512]), ShapedArray(float32[512]), ShapedArray(float32[512]), ShapedArray(float32[512]), ShapedArray(float32[512]), ShapedArray(float32[512]), ShapedArray(float32[512]), ShapedArray(float32[512]), ShapedArray(float32[512]), ShapedArray(float32[512]), ShapedArray(float32[512]), ShapedArray(float32[512]), ShapedArray(float32[512]), ShapedArray(float32[512]), ShapedArray(float32[512]), ShapedArray(float32[512]), ShapedArray(float32[512]), ShapedArray(float32[512]).
See an explanation at https://jax.readthedocs.io/en/latest/faq.html#buffer-donation.
  warnings.warn(f"Some donated buffers were not usable: {', '.join(unused_donations)}.\n{msg}")
I0211 04:07:28.977197 140272736360192 logging_writer.py:48] [0] global_step=0, grad_norm=24.132890701293945, loss=33.28276443481445
I0211 04:07:29.013826 140437690197824 spec.py:321] Evaluating on the training split.
I0211 04:07:29.291976 140437690197824 input_pipeline.py:20] Loading split = train-clean-100
I0211 04:07:29.333136 140437690197824 input_pipeline.py:20] Loading split = train-clean-360
I0211 04:07:29.772316 140437690197824 input_pipeline.py:20] Loading split = train-other-500
/usr/local/lib/python3.8/dist-packages/jax/_src/ops/scatter.py:92: FutureWarning: scatter inputs have incompatible types: cannot safely cast value from dtype=float32 to dtype=int32. In future JAX releases this will result in an error.
  warnings.warn("scatter inputs have incompatible types: cannot safely cast "
I0211 04:09:31.427930 140437690197824 spec.py:333] Evaluating on the validation split.
I0211 04:09:31.623983 140437690197824 input_pipeline.py:20] Loading split = dev-clean
I0211 04:09:31.629609 140437690197824 input_pipeline.py:20] Loading split = dev-other
I0211 04:10:46.834535 140437690197824 spec.py:349] Evaluating on the test split.
I0211 04:10:47.033428 140437690197824 input_pipeline.py:20] Loading split = test-clean
I0211 04:11:30.300232 140437690197824 submission_runner.py:408] Time since start: 301.15s, 	Step: 1, 	{'train/ctc_loss': Array(31.83468, dtype=float32), 'train/wer': 3.780360452283281, 'validation/ctc_loss': Array(30.891884, dtype=float32), 'validation/wer': 3.3249370033887833, 'validation/num_examples': 5348, 'test/ctc_loss': Array(30.942284, dtype=float32), 'test/wer': 3.6987589624845123, 'test/num_examples': 2472, 'score': 59.86646819114685, 'total_duration': 301.15058636665344, 'accumulated_submission_time': 59.86646819114685, 'accumulated_eval_time': 241.28403306007385, 'accumulated_logging_time': 0}
I0211 04:11:30.326741 140270704256768 logging_writer.py:48] [1] accumulated_eval_time=241.284033, accumulated_logging_time=0, accumulated_submission_time=59.866468, global_step=1, preemption_count=0, score=59.866468, test/ctc_loss=30.942283630371094, test/num_examples=2472, test/wer=3.698759, total_duration=301.150586, train/ctc_loss=31.834680557250977, train/wer=3.780360, validation/ctc_loss=30.891883850097656, validation/num_examples=5348, validation/wer=3.324937
I0211 04:12:54.607614 140279321650944 logging_writer.py:48] [100] global_step=100, grad_norm=6.973601818084717, loss=10.838057518005371
I0211 04:14:10.706432 140279330043648 logging_writer.py:48] [200] global_step=200, grad_norm=1.4295144081115723, loss=6.339452266693115
I0211 04:15:26.699069 140279321650944 logging_writer.py:48] [300] global_step=300, grad_norm=0.6353589296340942, loss=5.897637844085693
I0211 04:16:42.782417 140279330043648 logging_writer.py:48] [400] global_step=400, grad_norm=0.5205574631690979, loss=5.834236145019531
I0211 04:17:59.038358 140279321650944 logging_writer.py:48] [500] global_step=500, grad_norm=0.3048621118068695, loss=5.804798603057861
I0211 04:19:15.344766 140279330043648 logging_writer.py:48] [600] global_step=600, grad_norm=0.3109830319881439, loss=5.793020248413086
I0211 04:20:31.516294 140279321650944 logging_writer.py:48] [700] global_step=700, grad_norm=0.33709225058555603, loss=5.705035209655762
I0211 04:21:47.840300 140279330043648 logging_writer.py:48] [800] global_step=800, grad_norm=0.45744410157203674, loss=5.566648960113525
I0211 04:23:04.329193 140279321650944 logging_writer.py:48] [900] global_step=900, grad_norm=0.5654468536376953, loss=5.340003967285156
I0211 04:24:20.669125 140279330043648 logging_writer.py:48] [1000] global_step=1000, grad_norm=0.859981894493103, loss=5.0257134437561035
I0211 04:25:39.956189 140280674334464 logging_writer.py:48] [1100] global_step=1100, grad_norm=1.5764256715774536, loss=4.680764198303223
I0211 04:26:56.004892 140280665941760 logging_writer.py:48] [1200] global_step=1200, grad_norm=0.9357448816299438, loss=4.339832305908203
I0211 04:28:11.939462 140280674334464 logging_writer.py:48] [1300] global_step=1300, grad_norm=1.0200728178024292, loss=4.096503257751465
I0211 04:29:27.986662 140280665941760 logging_writer.py:48] [1400] global_step=1400, grad_norm=2.6621174812316895, loss=3.867077112197876
I0211 04:30:44.021464 140280674334464 logging_writer.py:48] [1500] global_step=1500, grad_norm=2.4015390872955322, loss=3.6621127128601074
I0211 04:31:59.992469 140280665941760 logging_writer.py:48] [1600] global_step=1600, grad_norm=3.4418342113494873, loss=3.4585988521575928
I0211 04:33:19.027752 140280674334464 logging_writer.py:48] [1700] global_step=1700, grad_norm=3.192131280899048, loss=3.2711589336395264
I0211 04:34:42.016544 140280665941760 logging_writer.py:48] [1800] global_step=1800, grad_norm=1.5977002382278442, loss=3.2036244869232178
I0211 04:35:30.765244 140437690197824 spec.py:321] Evaluating on the training split.
I0211 04:36:10.510172 140437690197824 spec.py:333] Evaluating on the validation split.
I0211 04:36:56.131915 140437690197824 spec.py:349] Evaluating on the test split.
I0211 04:37:18.779065 140437690197824 submission_runner.py:408] Time since start: 1849.63s, 	Step: 1861, 	{'train/ctc_loss': Array(6.043958, dtype=float32), 'train/wer': 0.9349704434512163, 'validation/ctc_loss': Array(5.9683733, dtype=float32), 'validation/wer': 0.8930167894416714, 'validation/num_examples': 5348, 'test/ctc_loss': Array(5.865311, dtype=float32), 'test/wer': 0.8945016553937399, 'test/num_examples': 2472, 'score': 1500.21915102005, 'total_duration': 1849.6291027069092, 'accumulated_submission_time': 1500.21915102005, 'accumulated_eval_time': 349.2952125072479, 'accumulated_logging_time': 0.04060792922973633}
I0211 04:37:18.805990 140281329694464 logging_writer.py:48] [1861] accumulated_eval_time=349.295213, accumulated_logging_time=0.040608, accumulated_submission_time=1500.219151, global_step=1861, preemption_count=0, score=1500.219151, test/ctc_loss=5.865311145782471, test/num_examples=2472, test/wer=0.894502, total_duration=1849.629103, train/ctc_loss=6.0439581871032715, train/wer=0.934970, validation/ctc_loss=5.9683732986450195, validation/num_examples=5348, validation/wer=0.893017
I0211 04:37:49.056169 140281321301760 logging_writer.py:48] [1900] global_step=1900, grad_norm=2.2438981533050537, loss=3.0609593391418457
I0211 04:39:04.334234 140281329694464 logging_writer.py:48] [2000] global_step=2000, grad_norm=2.6607933044433594, loss=2.898206949234009
I0211 04:40:23.348086 140281329694464 logging_writer.py:48] [2100] global_step=2100, grad_norm=2.824780225753784, loss=2.836940050125122
I0211 04:41:38.611468 140281321301760 logging_writer.py:48] [2200] global_step=2200, grad_norm=2.0146851539611816, loss=2.7630672454833984
I0211 04:42:53.806296 140281329694464 logging_writer.py:48] [2300] global_step=2300, grad_norm=2.716064691543579, loss=2.695382833480835
I0211 04:44:09.179861 140281321301760 logging_writer.py:48] [2400] global_step=2400, grad_norm=2.6143996715545654, loss=2.585888624191284
I0211 04:45:24.353971 140281329694464 logging_writer.py:48] [2500] global_step=2500, grad_norm=2.4099173545837402, loss=2.5147507190704346
I0211 04:46:43.885772 140281321301760 logging_writer.py:48] [2600] global_step=2600, grad_norm=3.648984909057617, loss=2.4714736938476562
I0211 04:48:06.041116 140281329694464 logging_writer.py:48] [2700] global_step=2700, grad_norm=2.9737203121185303, loss=2.4700393676757812
I0211 04:49:27.924930 140281321301760 logging_writer.py:48] [2800] global_step=2800, grad_norm=3.6829254627227783, loss=2.3740172386169434
I0211 04:50:49.962388 140281329694464 logging_writer.py:48] [2900] global_step=2900, grad_norm=2.7775607109069824, loss=2.361030340194702
I0211 04:52:11.543829 140281321301760 logging_writer.py:48] [3000] global_step=3000, grad_norm=2.279010772705078, loss=2.3439745903015137
I0211 04:53:36.296783 140281329694464 logging_writer.py:48] [3100] global_step=3100, grad_norm=4.628521919250488, loss=2.341779947280884
I0211 04:54:51.148680 140281321301760 logging_writer.py:48] [3200] global_step=3200, grad_norm=3.14538311958313, loss=2.2392210960388184
I0211 04:56:05.872288 140281329694464 logging_writer.py:48] [3300] global_step=3300, grad_norm=3.957150459289551, loss=2.1795191764831543
I0211 04:57:20.760984 140281321301760 logging_writer.py:48] [3400] global_step=3400, grad_norm=3.1600289344787598, loss=2.188457489013672
I0211 04:58:35.936507 140281329694464 logging_writer.py:48] [3500] global_step=3500, grad_norm=3.004005193710327, loss=2.135619878768921
I0211 04:59:56.241183 140281321301760 logging_writer.py:48] [3600] global_step=3600, grad_norm=3.689927101135254, loss=2.13796329498291
I0211 05:01:19.025263 140281329694464 logging_writer.py:48] [3700] global_step=3700, grad_norm=3.6782031059265137, loss=2.125854015350342
I0211 05:01:19.031366 140437690197824 spec.py:321] Evaluating on the training split.
I0211 05:02:05.044887 140437690197824 spec.py:333] Evaluating on the validation split.
I0211 05:02:52.232520 140437690197824 spec.py:349] Evaluating on the test split.
I0211 05:03:16.386115 140437690197824 submission_runner.py:408] Time since start: 3407.24s, 	Step: 3701, 	{'train/ctc_loss': Array(3.299461, dtype=float32), 'train/wer': 0.7144394427722878, 'validation/ctc_loss': Array(3.655602, dtype=float32), 'validation/wer': 0.7556600403564497, 'validation/num_examples': 5348, 'test/ctc_loss': Array(3.1674793, dtype=float32), 'test/wer': 0.685657993622164, 'test/num_examples': 2472, 'score': 2940.3601796627045, 'total_duration': 3407.2356901168823, 'accumulated_submission_time': 2940.3601796627045, 'accumulated_eval_time': 466.6468231678009, 'accumulated_logging_time': 0.07855105400085449}
I0211 05:03:16.416727 140281329694464 logging_writer.py:48] [3701] accumulated_eval_time=466.646823, accumulated_logging_time=0.078551, accumulated_submission_time=2940.360180, global_step=3701, preemption_count=0, score=2940.360180, test/ctc_loss=3.1674792766571045, test/num_examples=2472, test/wer=0.685658, total_duration=3407.235690, train/ctc_loss=3.2994608879089355, train/wer=0.714439, validation/ctc_loss=3.655601978302002, validation/num_examples=5348, validation/wer=0.755660
I0211 05:04:31.535119 140281321301760 logging_writer.py:48] [3800] global_step=3800, grad_norm=3.9817752838134766, loss=2.0990190505981445
I0211 05:05:46.814938 140281329694464 logging_writer.py:48] [3900] global_step=3900, grad_norm=2.9464025497436523, loss=2.05297589302063
I0211 05:07:02.020318 140281321301760 logging_writer.py:48] [4000] global_step=4000, grad_norm=4.283279895782471, loss=2.1370797157287598
I0211 05:08:17.334402 140281329694464 logging_writer.py:48] [4100] global_step=4100, grad_norm=2.9281067848205566, loss=2.0989956855773926
I0211 05:09:36.541231 140281329694464 logging_writer.py:48] [4200] global_step=4200, grad_norm=3.208580493927002, loss=2.0267703533172607
I0211 05:10:51.649507 140281321301760 logging_writer.py:48] [4300] global_step=4300, grad_norm=4.944284915924072, loss=1.9949522018432617
I0211 05:12:06.675939 140281329694464 logging_writer.py:48] [4400] global_step=4400, grad_norm=3.022922992706299, loss=2.0343918800354004
I0211 05:13:21.954779 140281321301760 logging_writer.py:48] [4500] global_step=4500, grad_norm=3.1790664196014404, loss=1.968100666999817
I0211 05:14:38.931126 140281329694464 logging_writer.py:48] [4600] global_step=4600, grad_norm=3.2416388988494873, loss=1.961379051208496
I0211 05:16:00.691508 140281321301760 logging_writer.py:48] [4700] global_step=4700, grad_norm=3.146045446395874, loss=1.992058515548706
I0211 05:17:23.270397 140281329694464 logging_writer.py:48] [4800] global_step=4800, grad_norm=3.0246570110321045, loss=2.022918939590454
I0211 05:18:45.062671 140281321301760 logging_writer.py:48] [4900] global_step=4900, grad_norm=3.3875930309295654, loss=1.9290082454681396
I0211 05:20:07.921946 140281329694464 logging_writer.py:48] [5000] global_step=5000, grad_norm=3.2021915912628174, loss=1.9357326030731201
I0211 05:21:30.937331 140281321301760 logging_writer.py:48] [5100] global_step=5100, grad_norm=3.7202959060668945, loss=2.000232219696045
I0211 05:22:53.133434 140281329694464 logging_writer.py:48] [5200] global_step=5200, grad_norm=3.230227470397949, loss=1.8843419551849365
I0211 05:24:08.426692 140281321301760 logging_writer.py:48] [5300] global_step=5300, grad_norm=3.6086971759796143, loss=1.894846796989441
I0211 05:25:23.472295 140281329694464 logging_writer.py:48] [5400] global_step=5400, grad_norm=3.422835111618042, loss=1.7877144813537598
I0211 05:26:38.606448 140281321301760 logging_writer.py:48] [5500] global_step=5500, grad_norm=4.000411510467529, loss=1.8769193887710571
I0211 05:27:16.813736 140437690197824 spec.py:321] Evaluating on the training split.
I0211 05:28:16.539795 140437690197824 spec.py:333] Evaluating on the validation split.
I0211 05:29:06.818178 140437690197824 spec.py:349] Evaluating on the test split.
I0211 05:29:31.901253 140437690197824 submission_runner.py:408] Time since start: 4982.75s, 	Step: 5552, 	{'train/ctc_loss': Array(0.5416918, dtype=float32), 'train/wer': 0.18918776454712694, 'validation/ctc_loss': Array(0.92900485, dtype=float32), 'validation/wer': 0.2685924481303764, 'validation/num_examples': 5348, 'test/ctc_loss': Array(0.6076796, dtype=float32), 'test/wer': 0.19813945930575022, 'test/num_examples': 2472, 'score': 4380.670278787613, 'total_duration': 4982.7510821819305, 'accumulated_submission_time': 4380.670278787613, 'accumulated_eval_time': 601.7314755916595, 'accumulated_logging_time': 0.12032938003540039}
I0211 05:29:31.927419 140280899614464 logging_writer.py:48] [5552] accumulated_eval_time=601.731476, accumulated_logging_time=0.120329, accumulated_submission_time=4380.670279, global_step=5552, preemption_count=0, score=4380.670279, test/ctc_loss=0.6076796054840088, test/num_examples=2472, test/wer=0.198139, total_duration=4982.751082, train/ctc_loss=0.541691780090332, train/wer=0.189188, validation/ctc_loss=0.9290048480033875, validation/num_examples=5348, validation/wer=0.268592
I0211 05:30:08.672460 140280891221760 logging_writer.py:48] [5600] global_step=5600, grad_norm=2.4610235691070557, loss=1.859694004058838
I0211 05:31:23.615081 140280899614464 logging_writer.py:48] [5700] global_step=5700, grad_norm=3.3910763263702393, loss=1.8747614622116089
I0211 05:32:38.750695 140280891221760 logging_writer.py:48] [5800] global_step=5800, grad_norm=3.128918409347534, loss=1.832738995552063
I0211 05:33:53.956509 140280899614464 logging_writer.py:48] [5900] global_step=5900, grad_norm=3.3198981285095215, loss=1.8548487424850464
I0211 05:35:12.059612 140280891221760 logging_writer.py:48] [6000] global_step=6000, grad_norm=2.946429491043091, loss=1.8275541067123413
I0211 05:36:34.127761 140280899614464 logging_writer.py:48] [6100] global_step=6100, grad_norm=4.359184741973877, loss=1.8152666091918945
I0211 05:37:58.120320 140280899614464 logging_writer.py:48] [6200] global_step=6200, grad_norm=3.8521029949188232, loss=1.793069839477539
I0211 05:39:13.070912 140280891221760 logging_writer.py:48] [6300] global_step=6300, grad_norm=2.3026301860809326, loss=1.7060261964797974
I0211 05:40:28.027123 140280899614464 logging_writer.py:48] [6400] global_step=6400, grad_norm=3.5555264949798584, loss=1.742618203163147
I0211 05:41:43.112888 140280891221760 logging_writer.py:48] [6500] global_step=6500, grad_norm=3.786407232284546, loss=1.7120099067687988
I0211 05:42:58.199488 140280899614464 logging_writer.py:48] [6600] global_step=6600, grad_norm=3.2836098670959473, loss=1.8021819591522217
I0211 05:44:18.080335 140280891221760 logging_writer.py:48] [6700] global_step=6700, grad_norm=2.7911975383758545, loss=1.7755600214004517
I0211 05:45:40.529262 140280899614464 logging_writer.py:48] [6800] global_step=6800, grad_norm=3.3075132369995117, loss=1.8476530313491821
I0211 05:47:03.513208 140280891221760 logging_writer.py:48] [6900] global_step=6900, grad_norm=3.908726215362549, loss=1.7932286262512207
I0211 05:48:25.913886 140280899614464 logging_writer.py:48] [7000] global_step=7000, grad_norm=4.252893447875977, loss=1.765651822090149
I0211 05:49:47.710007 140280891221760 logging_writer.py:48] [7100] global_step=7100, grad_norm=2.8977062702178955, loss=1.7727433443069458
I0211 05:51:09.370202 140280899614464 logging_writer.py:48] [7200] global_step=7200, grad_norm=4.317750453948975, loss=1.7901231050491333
I0211 05:52:28.501435 140280899614464 logging_writer.py:48] [7300] global_step=7300, grad_norm=2.7343239784240723, loss=1.6912213563919067
I0211 05:53:32.590623 140437690197824 spec.py:321] Evaluating on the training split.
I0211 05:54:32.985127 140437690197824 spec.py:333] Evaluating on the validation split.
I0211 05:55:22.759214 140437690197824 spec.py:349] Evaluating on the test split.
I0211 05:55:47.934046 140437690197824 submission_runner.py:408] Time since start: 6558.78s, 	Step: 7387, 	{'train/ctc_loss': Array(0.49491432, dtype=float32), 'train/wer': 0.16986773345620962, 'validation/ctc_loss': Array(0.8487835, dtype=float32), 'validation/wer': 0.2476708149492648, 'validation/num_examples': 5348, 'test/ctc_loss': Array(0.5291419, dtype=float32), 'test/wer': 0.17484207746836472, 'test/num_examples': 2472, 'score': 5821.245131254196, 'total_duration': 6558.784062385559, 'accumulated_submission_time': 5821.245131254196, 'accumulated_eval_time': 737.0722260475159, 'accumulated_logging_time': 0.1613924503326416}
I0211 05:55:47.958574 140281329694464 logging_writer.py:48] [7387] accumulated_eval_time=737.072226, accumulated_logging_time=0.161392, accumulated_submission_time=5821.245131, global_step=7387, preemption_count=0, score=5821.245131, test/ctc_loss=0.529141902923584, test/num_examples=2472, test/wer=0.174842, total_duration=6558.784062, train/ctc_loss=0.49491432309150696, train/wer=0.169868, validation/ctc_loss=0.8487834930419922, validation/num_examples=5348, validation/wer=0.247671
I0211 05:55:58.576742 140281321301760 logging_writer.py:48] [7400] global_step=7400, grad_norm=3.2940099239349365, loss=1.746765375137329
I0211 05:57:13.454162 140281329694464 logging_writer.py:48] [7500] global_step=7500, grad_norm=3.3900551795959473, loss=1.7108550071716309
I0211 05:58:28.401121 140281321301760 logging_writer.py:48] [7600] global_step=7600, grad_norm=3.1690142154693604, loss=1.7463761568069458
I0211 05:59:43.288415 140281329694464 logging_writer.py:48] [7700] global_step=7700, grad_norm=3.655635118484497, loss=1.7607126235961914
I0211 06:00:58.586236 140281321301760 logging_writer.py:48] [7800] global_step=7800, grad_norm=2.0171971321105957, loss=1.790648102760315
I0211 06:02:16.586682 140281329694464 logging_writer.py:48] [7900] global_step=7900, grad_norm=3.0344150066375732, loss=1.7527782917022705
I0211 06:03:38.881141 140281321301760 logging_writer.py:48] [8000] global_step=8000, grad_norm=3.678908586502075, loss=1.675947904586792
I0211 06:05:01.266227 140281329694464 logging_writer.py:48] [8100] global_step=8100, grad_norm=3.641914129257202, loss=1.7845277786254883
I0211 06:06:23.652503 140281321301760 logging_writer.py:48] [8200] global_step=8200, grad_norm=3.0667803287506104, loss=1.6940137147903442
I0211 06:07:45.286945 140281329694464 logging_writer.py:48] [8300] global_step=8300, grad_norm=4.2801713943481445, loss=1.7092612981796265
I0211 06:09:00.433845 140281321301760 logging_writer.py:48] [8400] global_step=8400, grad_norm=3.185337543487549, loss=1.7143588066101074
I0211 06:10:15.604371 140281329694464 logging_writer.py:48] [8500] global_step=8500, grad_norm=4.423313617706299, loss=1.741980791091919
I0211 06:11:30.769405 140281321301760 logging_writer.py:48] [8600] global_step=8600, grad_norm=2.9350290298461914, loss=1.7294878959655762
I0211 06:12:48.414773 140281329694464 logging_writer.py:48] [8700] global_step=8700, grad_norm=3.19012451171875, loss=1.706868290901184
I0211 06:14:11.047330 140281321301760 logging_writer.py:48] [8800] global_step=8800, grad_norm=3.7358522415161133, loss=1.6773779392242432
I0211 06:15:34.624318 140281329694464 logging_writer.py:48] [8900] global_step=8900, grad_norm=3.0560264587402344, loss=1.663108229637146
I0211 06:16:56.882618 140281321301760 logging_writer.py:48] [9000] global_step=9000, grad_norm=3.0043084621429443, loss=1.7347588539123535
I0211 06:18:19.888197 140281329694464 logging_writer.py:48] [9100] global_step=9100, grad_norm=4.957992076873779, loss=1.7019014358520508
I0211 06:19:41.976257 140281321301760 logging_writer.py:48] [9200] global_step=9200, grad_norm=3.8453848361968994, loss=1.712232232093811
I0211 06:19:48.132553 140437690197824 spec.py:321] Evaluating on the training split.
I0211 06:20:44.236631 140437690197824 spec.py:333] Evaluating on the validation split.
I0211 06:21:35.783627 140437690197824 spec.py:349] Evaluating on the test split.
I0211 06:22:01.599430 140437690197824 submission_runner.py:408] Time since start: 8132.45s, 	Step: 9209, 	{'train/ctc_loss': Array(0.42755538, dtype=float32), 'train/wer': 0.14786144512818283, 'validation/ctc_loss': Array(0.773474, dtype=float32), 'validation/wer': 0.22343763576855866, 'validation/num_examples': 5348, 'test/ctc_loss': Array(0.47206378, dtype=float32), 'test/wer': 0.15566794629618344, 'test/num_examples': 2472, 'score': 7261.33238196373, 'total_duration': 8132.448884963989, 'accumulated_submission_time': 7261.33238196373, 'accumulated_eval_time': 870.5358927249908, 'accumulated_logging_time': 0.2001349925994873}
I0211 06:22:01.629011 140280607774464 logging_writer.py:48] [9209] accumulated_eval_time=870.535893, accumulated_logging_time=0.200135, accumulated_submission_time=7261.332382, global_step=9209, preemption_count=0, score=7261.332382, test/ctc_loss=0.4720637798309326, test/num_examples=2472, test/wer=0.155668, total_duration=8132.448885, train/ctc_loss=0.4275553822517395, train/wer=0.147861, validation/ctc_loss=0.7734739780426025, validation/num_examples=5348, validation/wer=0.223438
I0211 06:23:14.346511 140280280094464 logging_writer.py:48] [9300] global_step=9300, grad_norm=3.8430421352386475, loss=1.6607723236083984
I0211 06:24:29.352295 140280271701760 logging_writer.py:48] [9400] global_step=9400, grad_norm=2.6533095836639404, loss=1.7373104095458984
I0211 06:25:44.573874 140280280094464 logging_writer.py:48] [9500] global_step=9500, grad_norm=2.716732978820801, loss=1.644781231880188
I0211 06:26:59.759666 140280271701760 logging_writer.py:48] [9600] global_step=9600, grad_norm=3.561363935470581, loss=1.6722007989883423
I0211 06:28:17.400980 140280280094464 logging_writer.py:48] [9700] global_step=9700, grad_norm=2.0770151615142822, loss=1.6885919570922852
I0211 06:29:40.197959 140280271701760 logging_writer.py:48] [9800] global_step=9800, grad_norm=3.2199440002441406, loss=1.6775602102279663
I0211 06:31:02.240614 140280280094464 logging_writer.py:48] [9900] global_step=9900, grad_norm=3.1616787910461426, loss=1.66678786277771
I0211 06:32:24.250094 140280271701760 logging_writer.py:48] [10000] global_step=10000, grad_norm=2.6621103286743164, loss=1.7439855337142944
I0211 06:33:46.670452 140280280094464 logging_writer.py:48] [10100] global_step=10100, grad_norm=3.4155311584472656, loss=1.6701569557189941
I0211 06:35:08.875926 140280271701760 logging_writer.py:48] [10200] global_step=10200, grad_norm=3.172572612762451, loss=1.6386088132858276
I0211 06:36:35.608118 140280607774464 logging_writer.py:48] [10300] global_step=10300, grad_norm=3.4591619968414307, loss=1.5657713413238525
I0211 06:37:50.564727 140280599381760 logging_writer.py:48] [10400] global_step=10400, grad_norm=3.354982614517212, loss=1.6304386854171753
I0211 06:39:05.538534 140280607774464 logging_writer.py:48] [10500] global_step=10500, grad_norm=3.9872541427612305, loss=1.6178367137908936
I0211 06:40:20.428664 140280599381760 logging_writer.py:48] [10600] global_step=10600, grad_norm=4.5855021476745605, loss=1.6257216930389404
I0211 06:41:35.364406 140280607774464 logging_writer.py:48] [10700] global_step=10700, grad_norm=2.7564709186553955, loss=1.6443685293197632
I0211 06:42:55.437936 140280599381760 logging_writer.py:48] [10800] global_step=10800, grad_norm=3.8489882946014404, loss=1.6188676357269287
I0211 06:44:17.770907 140280607774464 logging_writer.py:48] [10900] global_step=10900, grad_norm=2.4714462757110596, loss=1.6437492370605469
I0211 06:45:40.066295 140280599381760 logging_writer.py:48] [11000] global_step=11000, grad_norm=3.251793146133423, loss=1.6821112632751465
I0211 06:46:01.947623 140437690197824 spec.py:321] Evaluating on the training split.
I0211 06:46:57.497860 140437690197824 spec.py:333] Evaluating on the validation split.
I0211 06:47:48.429567 140437690197824 spec.py:349] Evaluating on the test split.
I0211 06:48:14.463305 140437690197824 submission_runner.py:408] Time since start: 9705.31s, 	Step: 11028, 	{'train/ctc_loss': Array(0.42699566, dtype=float32), 'train/wer': 0.1452166166091405, 'validation/ctc_loss': Array(0.7293994, dtype=float32), 'validation/wer': 0.21420778744315824, 'validation/num_examples': 5348, 'test/ctc_loss': Array(0.4390526, dtype=float32), 'test/wer': 0.1433591290394654, 'test/num_examples': 2472, 'score': 8701.565061092377, 'total_duration': 9705.31336402893, 'accumulated_submission_time': 8701.565061092377, 'accumulated_eval_time': 1003.0489454269409, 'accumulated_logging_time': 0.24153900146484375}
I0211 06:48:14.490575 140281037854464 logging_writer.py:48] [11028] accumulated_eval_time=1003.048945, accumulated_logging_time=0.241539, accumulated_submission_time=8701.565061, global_step=11028, preemption_count=0, score=8701.565061, test/ctc_loss=0.43905261158943176, test/num_examples=2472, test/wer=0.143359, total_duration=9705.313364, train/ctc_loss=0.4269956648349762, train/wer=0.145217, validation/ctc_loss=0.7293993830680847, validation/num_examples=5348, validation/wer=0.214208
I0211 06:49:09.259045 140281029461760 logging_writer.py:48] [11100] global_step=11100, grad_norm=4.014669895172119, loss=1.6571590900421143
I0211 06:50:24.339020 140281037854464 logging_writer.py:48] [11200] global_step=11200, grad_norm=3.01427960395813, loss=1.6270538568496704
I0211 06:51:39.359811 140281029461760 logging_writer.py:48] [11300] global_step=11300, grad_norm=4.174481391906738, loss=1.67440927028656
I0211 06:52:58.122852 140280710174464 logging_writer.py:48] [11400] global_step=11400, grad_norm=2.6764166355133057, loss=1.6499732732772827
I0211 06:54:13.107317 140280701781760 logging_writer.py:48] [11500] global_step=11500, grad_norm=3.2579152584075928, loss=1.6418906450271606
I0211 06:55:28.153222 140280710174464 logging_writer.py:48] [11600] global_step=11600, grad_norm=2.8281970024108887, loss=1.584764838218689
I0211 06:56:43.430415 140280701781760 logging_writer.py:48] [11700] global_step=11700, grad_norm=3.464022397994995, loss=1.6864778995513916
I0211 06:58:01.055659 140280710174464 logging_writer.py:48] [11800] global_step=11800, grad_norm=2.5028140544891357, loss=1.5984103679656982
I0211 06:59:24.862381 140280701781760 logging_writer.py:48] [11900] global_step=11900, grad_norm=3.098822832107544, loss=1.609287977218628
I0211 07:00:47.299943 140280710174464 logging_writer.py:48] [12000] global_step=12000, grad_norm=4.0139479637146, loss=1.5773550271987915
I0211 07:02:10.029806 140280701781760 logging_writer.py:48] [12100] global_step=12100, grad_norm=3.711641550064087, loss=1.584823489189148
I0211 07:03:33.528314 140280710174464 logging_writer.py:48] [12200] global_step=12200, grad_norm=2.970078229904175, loss=1.6000995635986328
I0211 07:04:57.457339 140280701781760 logging_writer.py:48] [12300] global_step=12300, grad_norm=3.6299831867218018, loss=1.5894386768341064
I0211 07:06:20.802968 140281037854464 logging_writer.py:48] [12400] global_step=12400, grad_norm=2.113776922225952, loss=1.6367090940475464
I0211 07:07:35.764176 140281029461760 logging_writer.py:48] [12500] global_step=12500, grad_norm=3.97424578666687, loss=1.6207759380340576
I0211 07:08:50.839771 140281037854464 logging_writer.py:48] [12600] global_step=12600, grad_norm=4.7101640701293945, loss=1.612776279449463
I0211 07:10:06.023082 140281029461760 logging_writer.py:48] [12700] global_step=12700, grad_norm=2.611353635787964, loss=1.6300362348556519
I0211 07:11:21.155596 140281037854464 logging_writer.py:48] [12800] global_step=12800, grad_norm=3.0205225944519043, loss=1.6683628559112549
I0211 07:12:15.016903 140437690197824 spec.py:321] Evaluating on the training split.
I0211 07:13:16.201808 140437690197824 spec.py:333] Evaluating on the validation split.
I0211 07:14:06.839206 140437690197824 spec.py:349] Evaluating on the test split.
I0211 07:14:32.705075 140437690197824 submission_runner.py:408] Time since start: 11283.55s, 	Step: 12867, 	{'train/ctc_loss': Array(0.37451404, dtype=float32), 'train/wer': 0.12834747835705018, 'validation/ctc_loss': Array(0.6910725, dtype=float32), 'validation/wer': 0.20170501173040348, 'validation/num_examples': 5348, 'test/ctc_loss': Array(0.41152832, dtype=float32), 'test/wer': 0.13553917088131945, 'test/num_examples': 2472, 'score': 10142.004707336426, 'total_duration': 11283.554337739944, 'accumulated_submission_time': 10142.004707336426, 'accumulated_eval_time': 1140.7337267398834, 'accumulated_logging_time': 0.28154683113098145}
I0211 07:14:32.738401 140281037854464 logging_writer.py:48] [12867] accumulated_eval_time=1140.733727, accumulated_logging_time=0.281547, accumulated_submission_time=10142.004707, global_step=12867, preemption_count=0, score=10142.004707, test/ctc_loss=0.4115283191204071, test/num_examples=2472, test/wer=0.135539, total_duration=11283.554338, train/ctc_loss=0.37451404333114624, train/wer=0.128347, validation/ctc_loss=0.6910725235939026, validation/num_examples=5348, validation/wer=0.201705
I0211 07:14:58.287460 140281029461760 logging_writer.py:48] [12900] global_step=12900, grad_norm=3.193887948989868, loss=1.5916692018508911
I0211 07:16:13.590775 140281037854464 logging_writer.py:48] [13000] global_step=13000, grad_norm=2.061750650405884, loss=1.5779073238372803
I0211 07:17:28.635123 140281029461760 logging_writer.py:48] [13100] global_step=13100, grad_norm=3.2679994106292725, loss=1.6167739629745483
I0211 07:18:43.696045 140281037854464 logging_writer.py:48] [13200] global_step=13200, grad_norm=4.341536045074463, loss=1.59891676902771
I0211 07:19:59.850098 140281029461760 logging_writer.py:48] [13300] global_step=13300, grad_norm=5.605898380279541, loss=1.6152913570404053
I0211 07:21:26.036484 140281037854464 logging_writer.py:48] [13400] global_step=13400, grad_norm=2.6400485038757324, loss=1.596776008605957
I0211 07:22:41.180111 140281029461760 logging_writer.py:48] [13500] global_step=13500, grad_norm=3.007507085800171, loss=1.5939021110534668
I0211 07:23:56.236462 140281037854464 logging_writer.py:48] [13600] global_step=13600, grad_norm=3.0234463214874268, loss=1.5918216705322266
I0211 07:25:11.115760 140281029461760 logging_writer.py:48] [13700] global_step=13700, grad_norm=2.9826650619506836, loss=1.5157384872436523
I0211 07:26:25.876769 140281037854464 logging_writer.py:48] [13800] global_step=13800, grad_norm=2.7567007541656494, loss=1.5374776124954224
I0211 07:27:48.143378 140281029461760 logging_writer.py:48] [13900] global_step=13900, grad_norm=3.0666749477386475, loss=1.565615177154541
I0211 07:29:10.883201 140281037854464 logging_writer.py:48] [14000] global_step=14000, grad_norm=3.270960807800293, loss=1.6831268072128296
I0211 07:30:34.010572 140281029461760 logging_writer.py:48] [14100] global_step=14100, grad_norm=3.6852128505706787, loss=1.6152976751327515
I0211 07:31:57.779203 140281037854464 logging_writer.py:48] [14200] global_step=14200, grad_norm=2.111100196838379, loss=1.6368484497070312
I0211 07:33:19.467660 140281029461760 logging_writer.py:48] [14300] global_step=14300, grad_norm=4.518137454986572, loss=1.570584774017334
I0211 07:34:41.347116 140281037854464 logging_writer.py:48] [14400] global_step=14400, grad_norm=3.213972806930542, loss=1.5273301601409912
I0211 07:36:01.825083 140281037854464 logging_writer.py:48] [14500] global_step=14500, grad_norm=3.121537446975708, loss=1.576247215270996
I0211 07:37:16.861606 140281029461760 logging_writer.py:48] [14600] global_step=14600, grad_norm=3.273869514465332, loss=1.5633457899093628
I0211 07:38:32.174380 140281037854464 logging_writer.py:48] [14700] global_step=14700, grad_norm=2.8381905555725098, loss=1.5350475311279297
I0211 07:38:32.778358 140437690197824 spec.py:321] Evaluating on the training split.
I0211 07:39:29.682493 140437690197824 spec.py:333] Evaluating on the validation split.
I0211 07:40:21.262477 140437690197824 spec.py:349] Evaluating on the test split.
I0211 07:40:47.245190 140437690197824 submission_runner.py:408] Time since start: 12858.10s, 	Step: 14702, 	{'train/ctc_loss': Array(0.3195103, dtype=float32), 'train/wer': 0.11217140331261863, 'validation/ctc_loss': Array(0.6546651, dtype=float32), 'validation/wer': 0.19371095899668844, 'validation/num_examples': 5348, 'test/ctc_loss': Array(0.39033836, dtype=float32), 'test/wer': 0.12769890114354193, 'test/num_examples': 2472, 'score': 11581.955075740814, 'total_duration': 12858.095179080963, 'accumulated_submission_time': 11581.955075740814, 'accumulated_eval_time': 1275.1978507041931, 'accumulated_logging_time': 0.32950592041015625}
I0211 07:40:47.273392 140281037854464 logging_writer.py:48] [14702] accumulated_eval_time=1275.197851, accumulated_logging_time=0.329506, accumulated_submission_time=11581.955076, global_step=14702, preemption_count=0, score=11581.955076, test/ctc_loss=0.39033836126327515, test/num_examples=2472, test/wer=0.127699, total_duration=12858.095179, train/ctc_loss=0.3195103108882904, train/wer=0.112171, validation/ctc_loss=0.6546651124954224, validation/num_examples=5348, validation/wer=0.193711
I0211 07:42:01.633534 140281029461760 logging_writer.py:48] [14800] global_step=14800, grad_norm=2.0849993228912354, loss=1.598970890045166
I0211 07:43:16.763890 140281037854464 logging_writer.py:48] [14900] global_step=14900, grad_norm=3.057615280151367, loss=1.5000896453857422
I0211 07:44:31.855830 140281029461760 logging_writer.py:48] [15000] global_step=15000, grad_norm=3.1981682777404785, loss=1.5352911949157715
I0211 07:45:48.083533 140281037854464 logging_writer.py:48] [15100] global_step=15100, grad_norm=4.289189338684082, loss=1.562650442123413
I0211 07:47:10.401883 140281029461760 logging_writer.py:48] [15200] global_step=15200, grad_norm=2.8686842918395996, loss=1.6218512058258057
I0211 07:48:33.352780 140281037854464 logging_writer.py:48] [15300] global_step=15300, grad_norm=4.073192119598389, loss=1.562915325164795
I0211 07:49:56.461318 140281029461760 logging_writer.py:48] [15400] global_step=15400, grad_norm=2.5904507637023926, loss=1.6026407480239868
I0211 07:51:19.528733 140280710174464 logging_writer.py:48] [15500] global_step=15500, grad_norm=2.782431125640869, loss=1.563637614250183
I0211 07:52:34.651958 140280701781760 logging_writer.py:48] [15600] global_step=15600, grad_norm=3.69315767288208, loss=1.5773234367370605
I0211 07:53:49.733321 140280710174464 logging_writer.py:48] [15700] global_step=15700, grad_norm=2.151109218597412, loss=1.5681078433990479
I0211 07:55:04.705584 140280701781760 logging_writer.py:48] [15800] global_step=15800, grad_norm=3.2677907943725586, loss=1.5786621570587158
I0211 07:56:20.880050 140280710174464 logging_writer.py:48] [15900] global_step=15900, grad_norm=2.280291795730591, loss=1.5398160219192505
I0211 07:57:44.376554 140280701781760 logging_writer.py:48] [16000] global_step=16000, grad_norm=3.088852643966675, loss=1.5433835983276367
I0211 07:59:07.475642 140280710174464 logging_writer.py:48] [16100] global_step=16100, grad_norm=2.6277706623077393, loss=1.5109732151031494
I0211 08:00:29.947343 140280701781760 logging_writer.py:48] [16200] global_step=16200, grad_norm=2.9798619747161865, loss=1.4631165266036987
I0211 08:01:52.789315 140280710174464 logging_writer.py:48] [16300] global_step=16300, grad_norm=3.292534112930298, loss=1.5626720190048218
I0211 08:03:16.042159 140280701781760 logging_writer.py:48] [16400] global_step=16400, grad_norm=3.0155417919158936, loss=1.5539848804473877
I0211 08:04:41.462799 140280710174464 logging_writer.py:48] [16500] global_step=16500, grad_norm=3.2888340950012207, loss=1.4650472402572632
I0211 08:04:47.310190 140437690197824 spec.py:321] Evaluating on the training split.
I0211 08:05:47.122556 140437690197824 spec.py:333] Evaluating on the validation split.
I0211 08:06:38.186234 140437690197824 spec.py:349] Evaluating on the test split.
I0211 08:07:03.540656 140437690197824 submission_runner.py:408] Time since start: 14434.39s, 	Step: 16509, 	{'train/ctc_loss': Array(0.3045598, dtype=float32), 'train/wer': 0.10615580228654725, 'validation/ctc_loss': Array(0.63967645, dtype=float32), 'validation/wer': 0.1875995636096817, 'validation/num_examples': 5348, 'test/ctc_loss': Array(0.37663108, dtype=float32), 'test/wer': 0.12349440415981151, 'test/num_examples': 2472, 'score': 13021.907640695572, 'total_duration': 14434.39049911499, 'accumulated_submission_time': 13021.907640695572, 'accumulated_eval_time': 1411.4254655838013, 'accumulated_logging_time': 0.36938047409057617}
I0211 08:07:03.570786 140280121370368 logging_writer.py:48] [16509] accumulated_eval_time=1411.425466, accumulated_logging_time=0.369380, accumulated_submission_time=13021.907641, global_step=16509, preemption_count=0, score=13021.907641, test/ctc_loss=0.37663108110427856, test/num_examples=2472, test/wer=0.123494, total_duration=14434.390499, train/ctc_loss=0.3045597970485687, train/wer=0.106156, validation/ctc_loss=0.6396764516830444, validation/num_examples=5348, validation/wer=0.187600
I0211 08:08:12.594428 140280112977664 logging_writer.py:48] [16600] global_step=16600, grad_norm=2.631861686706543, loss=1.5331414937973022
I0211 08:09:27.583960 140280121370368 logging_writer.py:48] [16700] global_step=16700, grad_norm=3.444715976715088, loss=1.4815711975097656
I0211 08:10:42.631665 140280112977664 logging_writer.py:48] [16800] global_step=16800, grad_norm=2.192265748977661, loss=1.5017261505126953
I0211 08:11:57.780269 140280121370368 logging_writer.py:48] [16900] global_step=16900, grad_norm=2.5465352535247803, loss=1.5431768894195557
I0211 08:13:13.042964 140280112977664 logging_writer.py:48] [17000] global_step=17000, grad_norm=3.0760369300842285, loss=1.5123825073242188
I0211 08:14:29.160857 140280121370368 logging_writer.py:48] [17100] global_step=17100, grad_norm=2.687558650970459, loss=1.5088953971862793
I0211 08:15:51.309548 140280112977664 logging_writer.py:48] [17200] global_step=17200, grad_norm=2.5665595531463623, loss=1.5117390155792236
I0211 08:17:14.795235 140280121370368 logging_writer.py:48] [17300] global_step=17300, grad_norm=2.2775967121124268, loss=1.5805505514144897
I0211 08:18:37.452984 140280112977664 logging_writer.py:48] [17400] global_step=17400, grad_norm=2.3831324577331543, loss=1.5001474618911743
I0211 08:19:59.454024 140280121370368 logging_writer.py:48] [17500] global_step=17500, grad_norm=2.947502374649048, loss=1.5717360973358154
I0211 08:21:18.487642 140279793690368 logging_writer.py:48] [17600] global_step=17600, grad_norm=2.911094903945923, loss=1.491012692451477
I0211 08:22:33.507857 140279785297664 logging_writer.py:48] [17700] global_step=17700, grad_norm=2.871903896331787, loss=1.511971354484558
I0211 08:23:48.304347 140279793690368 logging_writer.py:48] [17800] global_step=17800, grad_norm=2.7241909503936768, loss=1.543664574623108
I0211 08:25:03.481072 140279785297664 logging_writer.py:48] [17900] global_step=17900, grad_norm=3.832263231277466, loss=1.5595896244049072
I0211 08:26:23.547167 140279793690368 logging_writer.py:48] [18000] global_step=18000, grad_norm=2.2196848392486572, loss=1.5042994022369385
I0211 08:27:47.563902 140279785297664 logging_writer.py:48] [18100] global_step=18100, grad_norm=2.3414924144744873, loss=1.4874818325042725
I0211 08:29:10.015338 140279793690368 logging_writer.py:48] [18200] global_step=18200, grad_norm=2.2679450511932373, loss=1.4898275136947632
I0211 08:30:32.805661 140279785297664 logging_writer.py:48] [18300] global_step=18300, grad_norm=3.902087688446045, loss=1.5138875246047974
I0211 08:31:03.750661 140437690197824 spec.py:321] Evaluating on the training split.
I0211 08:31:59.865609 140437690197824 spec.py:333] Evaluating on the validation split.
I0211 08:32:50.336543 140437690197824 spec.py:349] Evaluating on the test split.
I0211 08:33:15.685399 140437690197824 submission_runner.py:408] Time since start: 16006.54s, 	Step: 18338, 	{'train/ctc_loss': Array(0.30234045, dtype=float32), 'train/wer': 0.10668375637512267, 'validation/ctc_loss': Array(0.6237858, dtype=float32), 'validation/wer': 0.18155575079409522, 'validation/num_examples': 5348, 'test/ctc_loss': Array(0.35803446, dtype=float32), 'test/wer': 0.11723843763329474, 'test/num_examples': 2472, 'score': 14462.00174665451, 'total_duration': 16006.535148620605, 'accumulated_submission_time': 14462.00174665451, 'accumulated_eval_time': 1543.3572795391083, 'accumulated_logging_time': 0.41179323196411133}
I0211 08:33:15.712659 140279496726272 logging_writer.py:48] [18338] accumulated_eval_time=1543.357280, accumulated_logging_time=0.411793, accumulated_submission_time=14462.001747, global_step=18338, preemption_count=0, score=14462.001747, test/ctc_loss=0.3580344617366791, test/num_examples=2472, test/wer=0.117238, total_duration=16006.535149, train/ctc_loss=0.30234044790267944, train/wer=0.106684, validation/ctc_loss=0.6237857937812805, validation/num_examples=5348, validation/wer=0.181556
I0211 08:34:03.083754 140279488333568 logging_writer.py:48] [18400] global_step=18400, grad_norm=2.39939546585083, loss=1.4823689460754395
I0211 08:35:18.191185 140279496726272 logging_writer.py:48] [18500] global_step=18500, grad_norm=3.543790102005005, loss=1.5365726947784424
I0211 08:36:36.860213 140281037854464 logging_writer.py:48] [18600] global_step=18600, grad_norm=3.460911273956299, loss=1.4536850452423096
I0211 08:37:51.846740 140281029461760 logging_writer.py:48] [18700] global_step=18700, grad_norm=2.7809231281280518, loss=1.5212726593017578
I0211 08:39:06.792982 140281037854464 logging_writer.py:48] [18800] global_step=18800, grad_norm=3.065343141555786, loss=1.514319896697998
I0211 08:40:21.556405 140281029461760 logging_writer.py:48] [18900] global_step=18900, grad_norm=2.063896417617798, loss=1.5279525518417358
I0211 08:41:40.127601 140281037854464 logging_writer.py:48] [19000] global_step=19000, grad_norm=2.6115102767944336, loss=1.4446974992752075
I0211 08:43:03.534148 140281029461760 logging_writer.py:48] [19100] global_step=19100, grad_norm=3.1500089168548584, loss=1.5084879398345947
I0211 08:44:26.924178 140281037854464 logging_writer.py:48] [19200] global_step=19200, grad_norm=3.6216297149658203, loss=1.5805323123931885
I0211 08:45:49.901093 140281029461760 logging_writer.py:48] [19300] global_step=19300, grad_norm=3.1500847339630127, loss=1.5378730297088623
I0211 08:47:13.389710 140281037854464 logging_writer.py:48] [19400] global_step=19400, grad_norm=2.950761556625366, loss=1.4298391342163086
I0211 08:48:37.593631 140281029461760 logging_writer.py:48] [19500] global_step=19500, grad_norm=2.8327059745788574, loss=1.4274202585220337
I0211 08:50:02.478744 140279496726272 logging_writer.py:48] [19600] global_step=19600, grad_norm=2.275481939315796, loss=1.5150516033172607
I0211 08:51:17.544870 140279488333568 logging_writer.py:48] [19700] global_step=19700, grad_norm=2.617459774017334, loss=1.511034369468689
I0211 08:52:32.807161 140279496726272 logging_writer.py:48] [19800] global_step=19800, grad_norm=3.1402790546417236, loss=1.5371900796890259
I0211 08:53:47.835345 140279488333568 logging_writer.py:48] [19900] global_step=19900, grad_norm=2.7379953861236572, loss=1.4879977703094482
I0211 08:55:03.555919 140279496726272 logging_writer.py:48] [20000] global_step=20000, grad_norm=2.6624832153320312, loss=1.4982264041900635
I0211 08:56:26.393712 140279488333568 logging_writer.py:48] [20100] global_step=20100, grad_norm=1.9972463846206665, loss=1.4727379083633423
I0211 08:57:15.954510 140437690197824 spec.py:321] Evaluating on the training split.
I0211 08:58:13.305861 140437690197824 spec.py:333] Evaluating on the validation split.
I0211 08:59:04.595988 140437690197824 spec.py:349] Evaluating on the test split.
