python3 submission_runner.py --framework=jax --workload=imagenet_resnet --submission_path=prize_qualification_baselines/self_tuning/jax_nadamw_full_budget.py --data_dir=/data/imagenet/jax --num_tuning_trials=1 --experiment_dir=/experiment_runs --experiment_name=prize_qualification_self_tuning/study_2 --overwrite=true --save_checkpoints=false --rng_seed=2539760414 --max_global_steps=559998 --imagenet_v2_data_dir=/data/imagenet/jax --tuning_ruleset=self 2>&1 | tee -a /logs/imagenet_resnet_jax_02-29-2024-05-13-39.log
/usr/local/lib/python3.8/dist-packages/tensorflow_addons/utils/tfa_eol_msg.py:23: UserWarning: 

TensorFlow Addons (TFA) has ended development and introduction of new features.
TFA has entered a minimal maintenance and release mode until a planned end of life in May 2024.
Please modify downstream libraries to take dependencies from other repositories in our TensorFlow community (e.g. Keras, Keras-CV, and Keras-NLP). 

For more information see: https://github.com/tensorflow/addons/issues/2807 

  warnings.warn(
I0229 05:14:02.786832 140252611495744 logger_utils.py:76] Creating experiment directory at /experiment_runs/prize_qualification_self_tuning/study_2/imagenet_resnet_jax.
I0229 05:14:03.842217 140252611495744 xla_bridge.py:455] Unable to initialize backend 'rocm': NOT_FOUND: Could not find registered platform with name: "rocm". Available platform names are: Interpreter Host CUDA
I0229 05:14:03.843353 140252611495744 xla_bridge.py:455] Unable to initialize backend 'tpu': module 'jaxlib.xla_extension' has no attribute 'get_tpu_client'
I0229 05:14:03.843501 140252611495744 xla_bridge.py:455] Unable to initialize backend 'plugin': xla_extension has no attributes named get_plugin_device_client. Compile TensorFlow with //tensorflow/compiler/xla/python:enable_plugin_device set to true (defaults to false) to enable this.
I0229 05:14:04.788082 140252611495744 submission_runner.py:605] Creating directory at /experiment_runs/prize_qualification_self_tuning/study_2/imagenet_resnet_jax/trial_1.
I0229 05:14:04.989213 140252611495744 submission_runner.py:206] Initializing dataset.
I0229 05:14:05.005366 140252611495744 dataset_info.py:578] Load dataset info from /data/imagenet/jax/imagenet2012/5.1.0
I0229 05:14:05.015812 140252611495744 dataset_info.py:669] Fields info.[splits, supervised_keys] from disk and from code do not match. Keeping the one from code.
I0229 05:14:05.389250 140252611495744 logging_logger.py:49] Constructing tf.data.Dataset imagenet2012 for split train, from /data/imagenet/jax/imagenet2012/5.1.0
I0229 05:14:06.584688 140252611495744 submission_runner.py:213] Initializing model.
I0229 05:14:16.786664 140252611495744 submission_runner.py:255] Initializing optimizer.
I0229 05:14:18.502997 140252611495744 submission_runner.py:262] Initializing metrics bundle.
I0229 05:14:18.503187 140252611495744 submission_runner.py:280] Initializing checkpoint and logger.
I0229 05:14:18.504036 140252611495744 checkpoints.py:915] Found no checkpoint files in /experiment_runs/prize_qualification_self_tuning/study_2/imagenet_resnet_jax/trial_1 with prefix checkpoint_
I0229 05:14:18.504170 140252611495744 submission_runner.py:300] Saving meta data to /experiment_runs/prize_qualification_self_tuning/study_2/imagenet_resnet_jax/trial_1/meta_data_0.json.
fatal: detected dubious ownership in repository at '/algorithmic-efficiency'
To add an exception for this directory, call:

	git config --global --add safe.directory /algorithmic-efficiency
I0229 05:14:18.822137 140252611495744 logger_utils.py:220] Unable to record git information. Continuing without it.
I0229 05:14:19.110332 140252611495744 submission_runner.py:304] Saving flags to /experiment_runs/prize_qualification_self_tuning/study_2/imagenet_resnet_jax/trial_1/flags_0.json.
I0229 05:14:19.119860 140252611495744 submission_runner.py:314] Starting training loop.
I0229 05:15:10.514869 140084879812352 logging_writer.py:48] [0] global_step=0, grad_norm=0.6651390194892883, loss=6.923315525054932
I0229 05:15:10.531782 140252611495744 spec.py:321] Evaluating on the training split.
I0229 05:15:11.656787 140252611495744 dataset_info.py:578] Load dataset info from /data/imagenet/jax/imagenet2012/5.1.0
I0229 05:15:11.666288 140252611495744 dataset_info.py:669] Fields info.[splits, supervised_keys] from disk and from code do not match. Keeping the one from code.
I0229 05:15:11.749056 140252611495744 logging_logger.py:49] Constructing tf.data.Dataset imagenet2012 for split train, from /data/imagenet/jax/imagenet2012/5.1.0
I0229 05:15:24.980816 140252611495744 spec.py:333] Evaluating on the validation split.
I0229 05:15:26.757837 140252611495744 dataset_info.py:578] Load dataset info from /data/imagenet/jax/imagenet2012/5.1.0
I0229 05:15:26.767764 140252611495744 dataset_info.py:669] Fields info.[splits, supervised_keys] from disk and from code do not match. Keeping the one from code.
I0229 05:15:26.811564 140252611495744 logging_logger.py:49] Constructing tf.data.Dataset imagenet2012 for split validation, from /data/imagenet/jax/imagenet2012/5.1.0
I0229 05:15:42.262233 140252611495744 spec.py:349] Evaluating on the test split.
I0229 05:15:43.100014 140252611495744 dataset_info.py:578] Load dataset info from /data/imagenet/jax/imagenet_v2/matched-frequency/3.0.0
I0229 05:15:43.108741 140252611495744 dataset_builder.py:528] Reusing dataset imagenet_v2 (/data/imagenet/jax/imagenet_v2/matched-frequency/3.0.0)
I0229 05:15:43.154883 140252611495744 logging_logger.py:49] Constructing tf.data.Dataset imagenet_v2 for split test, from /data/imagenet/jax/imagenet_v2/matched-frequency/3.0.0
I0229 05:15:47.248838 140252611495744 submission_runner.py:411] Time since start: 88.13s, 	Step: 1, 	{'train/accuracy': 0.0008769132546149194, 'train/loss': 6.912364482879639, 'validation/accuracy': 0.0011399999493733048, 'validation/loss': 6.912585258483887, 'validation/num_examples': 50000, 'test/accuracy': 0.0017000001389533281, 'test/loss': 6.912716865539551, 'test/num_examples': 10000, 'score': 51.41184377670288, 'total_duration': 88.12890410423279, 'accumulated_submission_time': 51.41184377670288, 'accumulated_eval_time': 36.71697783470154, 'accumulated_logging_time': 0}
I0229 05:15:47.266683 140067758642944 logging_writer.py:48] [1] accumulated_eval_time=36.716978, accumulated_logging_time=0, accumulated_submission_time=51.411844, global_step=1, preemption_count=0, score=51.411844, test/accuracy=0.001700, test/loss=6.912717, test/num_examples=10000, total_duration=88.128904, train/accuracy=0.000877, train/loss=6.912364, validation/accuracy=0.001140, validation/loss=6.912585, validation/num_examples=50000
I0229 05:16:20.812207 140067674781440 logging_writer.py:48] [100] global_step=100, grad_norm=0.6590657830238342, loss=6.822249412536621
I0229 05:16:54.415264 140067758642944 logging_writer.py:48] [200] global_step=200, grad_norm=0.7855575680732727, loss=6.57682991027832
I0229 05:17:28.056850 140067674781440 logging_writer.py:48] [300] global_step=300, grad_norm=0.925727367401123, loss=6.281175136566162
I0229 05:18:01.686851 140067758642944 logging_writer.py:48] [400] global_step=400, grad_norm=1.6252986192703247, loss=5.977209091186523
I0229 05:18:35.299276 140067674781440 logging_writer.py:48] [500] global_step=500, grad_norm=5.455197811126709, loss=5.806455612182617
I0229 05:19:08.954315 140067758642944 logging_writer.py:48] [600] global_step=600, grad_norm=2.791689157485962, loss=5.646673202514648
I0229 05:19:42.569339 140067674781440 logging_writer.py:48] [700] global_step=700, grad_norm=4.07612419128418, loss=5.462644577026367
I0229 05:20:16.186784 140067758642944 logging_writer.py:48] [800] global_step=800, grad_norm=3.04201078414917, loss=5.357880115509033
I0229 05:20:49.866612 140067674781440 logging_writer.py:48] [900] global_step=900, grad_norm=4.411283016204834, loss=5.161393165588379
I0229 05:21:23.515261 140067758642944 logging_writer.py:48] [1000] global_step=1000, grad_norm=5.4629130363464355, loss=5.098167896270752
I0229 05:21:57.132964 140067674781440 logging_writer.py:48] [1100] global_step=1100, grad_norm=4.8197712898254395, loss=4.885373592376709
I0229 05:22:30.697265 140067758642944 logging_writer.py:48] [1200] global_step=1200, grad_norm=5.15078067779541, loss=4.801756858825684
I0229 05:23:04.268170 140067674781440 logging_writer.py:48] [1300] global_step=1300, grad_norm=3.6745691299438477, loss=4.706890106201172
I0229 05:23:37.843178 140067758642944 logging_writer.py:48] [1400] global_step=1400, grad_norm=7.369884490966797, loss=4.630002498626709
I0229 05:24:11.483911 140067674781440 logging_writer.py:48] [1500] global_step=1500, grad_norm=3.3774402141571045, loss=4.510443210601807
I0229 05:24:17.301784 140252611495744 spec.py:321] Evaluating on the training split.
I0229 05:24:24.499351 140252611495744 spec.py:333] Evaluating on the validation split.
I0229 05:24:32.541966 140252611495744 spec.py:349] Evaluating on the test split.
I0229 05:24:34.827839 140252611495744 submission_runner.py:411] Time since start: 615.71s, 	Step: 1519, 	{'train/accuracy': 0.16137196123600006, 'train/loss': 4.343627452850342, 'validation/accuracy': 0.1440799981355667, 'validation/loss': 4.503424167633057, 'validation/num_examples': 50000, 'test/accuracy': 0.10940000414848328, 'test/loss': 4.919663429260254, 'test/num_examples': 10000, 'score': 561.3822112083435, 'total_duration': 615.7079174518585, 'accumulated_submission_time': 561.3822112083435, 'accumulated_eval_time': 54.24302554130554, 'accumulated_logging_time': 0.027426719665527344}
I0229 05:24:34.844795 140067767035648 logging_writer.py:48] [1519] accumulated_eval_time=54.243026, accumulated_logging_time=0.027427, accumulated_submission_time=561.382211, global_step=1519, preemption_count=0, score=561.382211, test/accuracy=0.109400, test/loss=4.919663, test/num_examples=10000, total_duration=615.707917, train/accuracy=0.161372, train/loss=4.343627, validation/accuracy=0.144080, validation/loss=4.503424, validation/num_examples=50000
I0229 05:25:02.415338 140067775428352 logging_writer.py:48] [1600] global_step=1600, grad_norm=3.5852601528167725, loss=4.374115467071533
I0229 05:25:36.079992 140067767035648 logging_writer.py:48] [1700] global_step=1700, grad_norm=3.7626094818115234, loss=4.30474853515625
I0229 05:26:09.723563 140067775428352 logging_writer.py:48] [1800] global_step=1800, grad_norm=4.390382289886475, loss=4.292877674102783
I0229 05:26:43.284706 140067767035648 logging_writer.py:48] [1900] global_step=1900, grad_norm=3.250272750854492, loss=4.14080286026001
I0229 05:27:16.959413 140067775428352 logging_writer.py:48] [2000] global_step=2000, grad_norm=4.888949394226074, loss=4.026297569274902
I0229 05:27:50.630701 140067767035648 logging_writer.py:48] [2100] global_step=2100, grad_norm=6.911850452423096, loss=3.9091718196868896
I0229 05:28:24.284734 140067775428352 logging_writer.py:48] [2200] global_step=2200, grad_norm=3.5044028759002686, loss=3.8772764205932617
I0229 05:28:57.892732 140067767035648 logging_writer.py:48] [2300] global_step=2300, grad_norm=6.272110939025879, loss=3.851928949356079
I0229 05:29:31.544696 140067775428352 logging_writer.py:48] [2400] global_step=2400, grad_norm=5.365164756774902, loss=3.8055670261383057
I0229 05:30:05.123962 140067767035648 logging_writer.py:48] [2500] global_step=2500, grad_norm=3.92733097076416, loss=3.8045172691345215
I0229 05:30:38.779653 140067775428352 logging_writer.py:48] [2600] global_step=2600, grad_norm=3.335610866546631, loss=3.608466625213623
I0229 05:31:12.300759 140067767035648 logging_writer.py:48] [2700] global_step=2700, grad_norm=3.798499822616577, loss=3.4511921405792236
I0229 05:31:45.820826 140067775428352 logging_writer.py:48] [2800] global_step=2800, grad_norm=4.549655914306641, loss=3.6312813758850098
I0229 05:32:19.383225 140067767035648 logging_writer.py:48] [2900] global_step=2900, grad_norm=3.9052622318267822, loss=3.565258026123047
I0229 05:32:53.011813 140067775428352 logging_writer.py:48] [3000] global_step=3000, grad_norm=2.8333330154418945, loss=3.3753366470336914
I0229 05:33:04.989173 140252611495744 spec.py:321] Evaluating on the training split.
I0229 05:33:12.067699 140252611495744 spec.py:333] Evaluating on the validation split.
I0229 05:33:20.331620 140252611495744 spec.py:349] Evaluating on the test split.
I0229 05:33:22.533247 140252611495744 submission_runner.py:411] Time since start: 1143.41s, 	Step: 3037, 	{'train/accuracy': 0.3479352593421936, 'train/loss': 3.004847288131714, 'validation/accuracy': 0.32349997758865356, 'validation/loss': 3.174034833908081, 'validation/num_examples': 50000, 'test/accuracy': 0.23920001089572906, 'test/loss': 3.840391159057617, 'test/num_examples': 10000, 'score': 1071.4606931209564, 'total_duration': 1143.4133098125458, 'accumulated_submission_time': 1071.4606931209564, 'accumulated_eval_time': 71.78705096244812, 'accumulated_logging_time': 0.05564451217651367}
I0229 05:33:22.550113 140086557517568 logging_writer.py:48] [3037] accumulated_eval_time=71.787051, accumulated_logging_time=0.055645, accumulated_submission_time=1071.460693, global_step=3037, preemption_count=0, score=1071.460693, test/accuracy=0.239200, test/loss=3.840391, test/num_examples=10000, total_duration=1143.413310, train/accuracy=0.347935, train/loss=3.004847, validation/accuracy=0.323500, validation/loss=3.174035, validation/num_examples=50000
I0229 05:33:44.105322 140086599481088 logging_writer.py:48] [3100] global_step=3100, grad_norm=3.5848448276519775, loss=3.5435938835144043
I0229 05:34:17.704957 140086557517568 logging_writer.py:48] [3200] global_step=3200, grad_norm=3.513606548309326, loss=3.2353572845458984
I0229 05:34:51.231767 140086599481088 logging_writer.py:48] [3300] global_step=3300, grad_norm=4.236246585845947, loss=3.263357162475586
I0229 05:35:24.772073 140086557517568 logging_writer.py:48] [3400] global_step=3400, grad_norm=3.400383234024048, loss=3.2175490856170654
I0229 05:35:58.376047 140086599481088 logging_writer.py:48] [3500] global_step=3500, grad_norm=2.9312238693237305, loss=3.1602396965026855
I0229 05:36:31.958101 140086557517568 logging_writer.py:48] [3600] global_step=3600, grad_norm=4.2102437019348145, loss=3.0605149269104004
I0229 05:37:05.446698 140086599481088 logging_writer.py:48] [3700] global_step=3700, grad_norm=3.2607545852661133, loss=3.1797611713409424
I0229 05:37:38.989334 140086557517568 logging_writer.py:48] [3800] global_step=3800, grad_norm=3.4166486263275146, loss=3.051098108291626
I0229 05:38:12.493909 140086599481088 logging_writer.py:48] [3900] global_step=3900, grad_norm=3.1666083335876465, loss=3.105201244354248
I0229 05:38:46.061277 140086557517568 logging_writer.py:48] [4000] global_step=4000, grad_norm=2.70129132270813, loss=2.836501359939575
I0229 05:39:19.696401 140086599481088 logging_writer.py:48] [4100] global_step=4100, grad_norm=3.372875928878784, loss=2.977055549621582
I0229 05:39:53.259217 140086557517568 logging_writer.py:48] [4200] global_step=4200, grad_norm=2.0920729637145996, loss=3.019943952560425
I0229 05:40:26.797466 140086599481088 logging_writer.py:48] [4300] global_step=4300, grad_norm=2.66491961479187, loss=2.7817764282226562
I0229 05:41:00.325395 140086557517568 logging_writer.py:48] [4400] global_step=4400, grad_norm=1.9235870838165283, loss=2.815176486968994
I0229 05:41:33.951578 140086599481088 logging_writer.py:48] [4500] global_step=4500, grad_norm=1.9796189069747925, loss=2.761794328689575
I0229 05:41:52.863083 140252611495744 spec.py:321] Evaluating on the training split.
I0229 05:41:59.951586 140252611495744 spec.py:333] Evaluating on the validation split.
I0229 05:42:08.330098 140252611495744 spec.py:349] Evaluating on the test split.
I0229 05:42:10.609438 140252611495744 submission_runner.py:411] Time since start: 1671.49s, 	Step: 4558, 	{'train/accuracy': 0.46697622537612915, 'train/loss': 2.329172372817993, 'validation/accuracy': 0.4377799928188324, 'validation/loss': 2.5032687187194824, 'validation/num_examples': 50000, 'test/accuracy': 0.32360002398490906, 'test/loss': 3.25213885307312, 'test/num_examples': 10000, 'score': 1581.70814204216, 'total_duration': 1671.4895164966583, 'accumulated_submission_time': 1581.70814204216, 'accumulated_eval_time': 89.53337836265564, 'accumulated_logging_time': 0.08395624160766602}
I0229 05:42:10.625868 140086574302976 logging_writer.py:48] [4558] accumulated_eval_time=89.533378, accumulated_logging_time=0.083956, accumulated_submission_time=1581.708142, global_step=4558, preemption_count=0, score=1581.708142, test/accuracy=0.323600, test/loss=3.252139, test/num_examples=10000, total_duration=1671.489516, train/accuracy=0.466976, train/loss=2.329172, validation/accuracy=0.437780, validation/loss=2.503269, validation/num_examples=50000
I0229 05:42:25.071505 140086582695680 logging_writer.py:48] [4600] global_step=4600, grad_norm=2.235407590866089, loss=2.849905252456665
I0229 05:42:58.674278 140086574302976 logging_writer.py:48] [4700] global_step=4700, grad_norm=3.1595470905303955, loss=2.788796901702881
I0229 05:43:32.234664 140086582695680 logging_writer.py:48] [4800] global_step=4800, grad_norm=2.619371175765991, loss=2.7980728149414062
I0229 05:44:05.728595 140086574302976 logging_writer.py:48] [4900] global_step=4900, grad_norm=2.304267644882202, loss=2.6735363006591797
I0229 05:44:39.368252 140086582695680 logging_writer.py:48] [5000] global_step=5000, grad_norm=2.1350390911102295, loss=2.6540305614471436
I0229 05:45:13.031324 140086574302976 logging_writer.py:48] [5100] global_step=5100, grad_norm=3.2964017391204834, loss=2.675016403198242
I0229 05:45:46.664681 140086582695680 logging_writer.py:48] [5200] global_step=5200, grad_norm=2.6254703998565674, loss=2.709320545196533
I0229 05:46:20.268652 140086574302976 logging_writer.py:48] [5300] global_step=5300, grad_norm=2.6932616233825684, loss=2.636634588241577
I0229 05:46:53.760035 140086582695680 logging_writer.py:48] [5400] global_step=5400, grad_norm=2.620035409927368, loss=2.6463961601257324
I0229 05:47:27.302872 140086574302976 logging_writer.py:48] [5500] global_step=5500, grad_norm=3.045764684677124, loss=2.5517592430114746
I0229 05:48:00.796522 140086582695680 logging_writer.py:48] [5600] global_step=5600, grad_norm=1.9290945529937744, loss=2.373342514038086
I0229 05:48:34.396477 140086574302976 logging_writer.py:48] [5700] global_step=5700, grad_norm=2.285790205001831, loss=2.342287540435791
I0229 05:49:07.881008 140086582695680 logging_writer.py:48] [5800] global_step=5800, grad_norm=2.1958303451538086, loss=2.4761955738067627
I0229 05:49:41.449614 140086574302976 logging_writer.py:48] [5900] global_step=5900, grad_norm=2.0451455116271973, loss=2.4355664253234863
I0229 05:50:14.947508 140086582695680 logging_writer.py:48] [6000] global_step=6000, grad_norm=1.9684289693832397, loss=2.5001978874206543
I0229 05:50:40.850747 140252611495744 spec.py:321] Evaluating on the training split.
I0229 05:50:47.917789 140252611495744 spec.py:333] Evaluating on the validation split.
I0229 05:50:56.168492 140252611495744 spec.py:349] Evaluating on the test split.
I0229 05:50:58.380690 140252611495744 submission_runner.py:411] Time since start: 2199.26s, 	Step: 6079, 	{'train/accuracy': 0.5306122303009033, 'train/loss': 2.0072100162506104, 'validation/accuracy': 0.4969799816608429, 'validation/loss': 2.2160658836364746, 'validation/num_examples': 50000, 'test/accuracy': 0.3765000104904175, 'test/loss': 2.998728036880493, 'test/num_examples': 10000, 'score': 2091.871442079544, 'total_duration': 2199.260755300522, 'accumulated_submission_time': 2091.871442079544, 'accumulated_eval_time': 107.06326746940613, 'accumulated_logging_time': 0.10955691337585449}
I0229 05:50:58.397917 140087220213504 logging_writer.py:48] [6079] accumulated_eval_time=107.063267, accumulated_logging_time=0.109557, accumulated_submission_time=2091.871442, global_step=6079, preemption_count=0, score=2091.871442, test/accuracy=0.376500, test/loss=2.998728, test/num_examples=10000, total_duration=2199.260755, train/accuracy=0.530612, train/loss=2.007210, validation/accuracy=0.496980, validation/loss=2.216066, validation/num_examples=50000
I0229 05:51:05.775737 140087228606208 logging_writer.py:48] [6100] global_step=6100, grad_norm=2.4810914993286133, loss=2.3928680419921875
I0229 05:51:39.338845 140087220213504 logging_writer.py:48] [6200] global_step=6200, grad_norm=2.2609739303588867, loss=2.4552669525146484
I0229 05:52:12.859586 140087228606208 logging_writer.py:48] [6300] global_step=6300, grad_norm=1.8102134466171265, loss=2.4760701656341553
I0229 05:52:46.443245 140087220213504 logging_writer.py:48] [6400] global_step=6400, grad_norm=2.4458649158477783, loss=2.3212027549743652
I0229 05:53:19.961591 140087228606208 logging_writer.py:48] [6500] global_step=6500, grad_norm=1.810932993888855, loss=2.3876922130584717
I0229 05:53:53.505000 140087220213504 logging_writer.py:48] [6600] global_step=6600, grad_norm=2.3991007804870605, loss=2.459146499633789
I0229 05:54:27.026130 140087228606208 logging_writer.py:48] [6700] global_step=6700, grad_norm=2.1342992782592773, loss=2.4588096141815186
I0229 05:55:00.580885 140087220213504 logging_writer.py:48] [6800] global_step=6800, grad_norm=1.9989898204803467, loss=2.2618446350097656
I0229 05:55:34.101249 140087228606208 logging_writer.py:48] [6900] global_step=6900, grad_norm=1.7286511659622192, loss=2.4045844078063965
I0229 05:56:07.636096 140087220213504 logging_writer.py:48] [7000] global_step=7000, grad_norm=1.8733954429626465, loss=2.3233742713928223
I0229 05:56:41.153752 140087228606208 logging_writer.py:48] [7100] global_step=7100, grad_norm=2.2520875930786133, loss=2.317934989929199
I0229 05:57:14.710468 140087220213504 logging_writer.py:48] [7200] global_step=7200, grad_norm=2.084925889968872, loss=2.404911518096924
I0229 05:57:48.257811 140087228606208 logging_writer.py:48] [7300] global_step=7300, grad_norm=2.1842939853668213, loss=2.218564987182617
I0229 05:58:21.764819 140087220213504 logging_writer.py:48] [7400] global_step=7400, grad_norm=1.821149468421936, loss=2.2256662845611572
I0229 05:58:55.274270 140087228606208 logging_writer.py:48] [7500] global_step=7500, grad_norm=2.2137041091918945, loss=2.241825819015503
I0229 05:59:28.826158 140087220213504 logging_writer.py:48] [7600] global_step=7600, grad_norm=3.183464527130127, loss=2.189056873321533
I0229 05:59:28.834679 140252611495744 spec.py:321] Evaluating on the training split.
I0229 05:59:35.998664 140252611495744 spec.py:333] Evaluating on the validation split.
I0229 05:59:44.135567 140252611495744 spec.py:349] Evaluating on the test split.
I0229 05:59:46.400372 140252611495744 submission_runner.py:411] Time since start: 2727.28s, 	Step: 7601, 	{'train/accuracy': 0.5672432780265808, 'train/loss': 1.8172202110290527, 'validation/accuracy': 0.5317000150680542, 'validation/loss': 2.017817258834839, 'validation/num_examples': 50000, 'test/accuracy': 0.41760000586509705, 'test/loss': 2.7481794357299805, 'test/num_examples': 10000, 'score': 2602.244828939438, 'total_duration': 2727.28044962883, 'accumulated_submission_time': 2602.244828939438, 'accumulated_eval_time': 124.62890672683716, 'accumulated_logging_time': 0.13683772087097168}
I0229 05:59:46.417464 140087052457728 logging_writer.py:48] [7601] accumulated_eval_time=124.628907, accumulated_logging_time=0.136838, accumulated_submission_time=2602.244829, global_step=7601, preemption_count=0, score=2602.244829, test/accuracy=0.417600, test/loss=2.748179, test/num_examples=10000, total_duration=2727.280450, train/accuracy=0.567243, train/loss=1.817220, validation/accuracy=0.531700, validation/loss=2.017817, validation/num_examples=50000
I0229 06:00:19.918279 140087299913472 logging_writer.py:48] [7700] global_step=7700, grad_norm=1.7672452926635742, loss=2.231236219406128
I0229 06:00:53.476303 140087052457728 logging_writer.py:48] [7800] global_step=7800, grad_norm=1.768784999847412, loss=2.1522324085235596
I0229 06:01:26.985684 140087299913472 logging_writer.py:48] [7900] global_step=7900, grad_norm=1.5349395275115967, loss=2.159505844116211
I0229 06:02:00.576120 140087052457728 logging_writer.py:48] [8000] global_step=8000, grad_norm=1.618276834487915, loss=2.249558448791504
I0229 06:02:34.062473 140087299913472 logging_writer.py:48] [8100] global_step=8100, grad_norm=1.9892078638076782, loss=2.169372081756592
I0229 06:03:07.646001 140087052457728 logging_writer.py:48] [8200] global_step=8200, grad_norm=2.173586368560791, loss=2.215134382247925
I0229 06:03:41.189065 140087299913472 logging_writer.py:48] [8300] global_step=8300, grad_norm=1.281851887702942, loss=2.0845766067504883
I0229 06:04:14.708361 140087052457728 logging_writer.py:48] [8400] global_step=8400, grad_norm=2.0007388591766357, loss=2.1208090782165527
I0229 06:04:48.225938 140087299913472 logging_writer.py:48] [8500] global_step=8500, grad_norm=1.6040903329849243, loss=2.176740884780884
I0229 06:05:21.779632 140087052457728 logging_writer.py:48] [8600] global_step=8600, grad_norm=1.470590353012085, loss=2.0390625
I0229 06:05:55.304520 140087299913472 logging_writer.py:48] [8700] global_step=8700, grad_norm=1.7349836826324463, loss=2.1566309928894043
I0229 06:06:28.890851 140087052457728 logging_writer.py:48] [8800] global_step=8800, grad_norm=1.7756242752075195, loss=2.119288682937622
I0229 06:07:02.368949 140087299913472 logging_writer.py:48] [8900] global_step=8900, grad_norm=1.52931547164917, loss=2.1408021450042725
I0229 06:07:35.939647 140087052457728 logging_writer.py:48] [9000] global_step=9000, grad_norm=1.9981586933135986, loss=2.220524787902832
I0229 06:08:09.439823 140087299913472 logging_writer.py:48] [9100] global_step=9100, grad_norm=1.4134770631790161, loss=2.0747852325439453
I0229 06:08:16.591940 140252611495744 spec.py:321] Evaluating on the training split.
I0229 06:08:23.840265 140252611495744 spec.py:333] Evaluating on the validation split.
I0229 06:08:32.067001 140252611495744 spec.py:349] Evaluating on the test split.
I0229 06:08:34.349306 140252611495744 submission_runner.py:411] Time since start: 3255.23s, 	Step: 9123, 	{'train/accuracy': 0.6525231003761292, 'train/loss': 1.4047654867172241, 'validation/accuracy': 0.5640599727630615, 'validation/loss': 1.8469562530517578, 'validation/num_examples': 50000, 'test/accuracy': 0.43970000743865967, 'test/loss': 2.59698748588562, 'test/num_examples': 10000, 'score': 3112.356943130493, 'total_duration': 3255.2293422222137, 'accumulated_submission_time': 3112.356943130493, 'accumulated_eval_time': 142.38618516921997, 'accumulated_logging_time': 0.1638340950012207}
I0229 06:08:34.367125 140087320815360 logging_writer.py:48] [9123] accumulated_eval_time=142.386185, accumulated_logging_time=0.163834, accumulated_submission_time=3112.356943, global_step=9123, preemption_count=0, score=3112.356943, test/accuracy=0.439700, test/loss=2.596987, test/num_examples=10000, total_duration=3255.229342, train/accuracy=0.652523, train/loss=1.404765, validation/accuracy=0.564060, validation/loss=1.846956, validation/num_examples=50000
I0229 06:09:00.514325 140087362778880 logging_writer.py:48] [9200] global_step=9200, grad_norm=1.9854564666748047, loss=2.1381261348724365
I0229 06:09:34.035375 140087320815360 logging_writer.py:48] [9300] global_step=9300, grad_norm=1.7829711437225342, loss=2.3099803924560547
I0229 06:10:07.554367 140087362778880 logging_writer.py:48] [9400] global_step=9400, grad_norm=2.059434175491333, loss=1.9884001016616821
I0229 06:10:41.143485 140087320815360 logging_writer.py:48] [9500] global_step=9500, grad_norm=1.4637621641159058, loss=2.1965932846069336
I0229 06:11:14.647028 140087362778880 logging_writer.py:48] [9600] global_step=9600, grad_norm=1.8583135604858398, loss=2.1454527378082275
I0229 06:11:48.201482 140087320815360 logging_writer.py:48] [9700] global_step=9700, grad_norm=1.6223798990249634, loss=2.205392360687256
I0229 06:12:21.705513 140087362778880 logging_writer.py:48] [9800] global_step=9800, grad_norm=1.548146367073059, loss=2.1016974449157715
I0229 06:12:55.276867 140087320815360 logging_writer.py:48] [9900] global_step=9900, grad_norm=1.7440674304962158, loss=2.140529155731201
I0229 06:13:28.776438 140087362778880 logging_writer.py:48] [10000] global_step=10000, grad_norm=1.8628002405166626, loss=2.1662344932556152
I0229 06:14:02.341845 140087320815360 logging_writer.py:48] [10100] global_step=10100, grad_norm=1.6575541496276855, loss=2.1706931591033936
I0229 06:14:35.859423 140087362778880 logging_writer.py:48] [10200] global_step=10200, grad_norm=1.553413987159729, loss=2.125209331512451
I0229 06:15:09.446221 140087320815360 logging_writer.py:48] [10300] global_step=10300, grad_norm=1.599233865737915, loss=2.1590077877044678
I0229 06:15:42.988830 140087362778880 logging_writer.py:48] [10400] global_step=10400, grad_norm=1.5174006223678589, loss=2.162177324295044
I0229 06:16:16.533805 140087320815360 logging_writer.py:48] [10500] global_step=10500, grad_norm=1.4626331329345703, loss=1.8755565881729126
I0229 06:16:50.027804 140087362778880 logging_writer.py:48] [10600] global_step=10600, grad_norm=1.6510634422302246, loss=2.1372454166412354
I0229 06:17:04.591262 140252611495744 spec.py:321] Evaluating on the training split.
I0229 06:17:12.079251 140252611495744 spec.py:333] Evaluating on the validation split.
I0229 06:17:20.746057 140252611495744 spec.py:349] Evaluating on the test split.
I0229 06:17:22.988620 140252611495744 submission_runner.py:411] Time since start: 3783.87s, 	Step: 10645, 	{'train/accuracy': 0.6332509517669678, 'train/loss': 1.4783037900924683, 'validation/accuracy': 0.5731399655342102, 'validation/loss': 1.8122446537017822, 'validation/num_examples': 50000, 'test/accuracy': 0.4448000192642212, 'test/loss': 2.552358627319336, 'test/num_examples': 10000, 'score': 3622.518341064453, 'total_duration': 3783.8686969280243, 'accumulated_submission_time': 3622.518341064453, 'accumulated_eval_time': 160.78351044654846, 'accumulated_logging_time': 0.1913130283355713}
I0229 06:17:23.012580 140087337600768 logging_writer.py:48] [10645] accumulated_eval_time=160.783510, accumulated_logging_time=0.191313, accumulated_submission_time=3622.518341, global_step=10645, preemption_count=0, score=3622.518341, test/accuracy=0.444800, test/loss=2.552359, test/num_examples=10000, total_duration=3783.868697, train/accuracy=0.633251, train/loss=1.478304, validation/accuracy=0.573140, validation/loss=1.812245, validation/num_examples=50000
I0229 06:17:41.782677 140087345993472 logging_writer.py:48] [10700] global_step=10700, grad_norm=1.8061232566833496, loss=2.004608631134033
I0229 06:18:15.387898 140087337600768 logging_writer.py:48] [10800] global_step=10800, grad_norm=1.7186907529830933, loss=1.9887734651565552
I0229 06:18:48.923446 140087345993472 logging_writer.py:48] [10900] global_step=10900, grad_norm=1.7869563102722168, loss=2.054155111312866
I0229 06:19:22.469428 140087337600768 logging_writer.py:48] [11000] global_step=11000, grad_norm=1.9129873514175415, loss=2.073218822479248
I0229 06:19:56.048774 140087345993472 logging_writer.py:48] [11100] global_step=11100, grad_norm=1.7939177751541138, loss=2.0483431816101074
I0229 06:20:29.549354 140087337600768 logging_writer.py:48] [11200] global_step=11200, grad_norm=1.6470375061035156, loss=2.0467281341552734
I0229 06:21:03.087170 140087345993472 logging_writer.py:48] [11300] global_step=11300, grad_norm=1.909667730331421, loss=1.945342779159546
I0229 06:21:36.638064 140087337600768 logging_writer.py:48] [11400] global_step=11400, grad_norm=1.362447738647461, loss=1.9681484699249268
I0229 06:22:10.202043 140087345993472 logging_writer.py:48] [11500] global_step=11500, grad_norm=2.3127851486206055, loss=1.9806839227676392
I0229 06:22:43.702521 140087337600768 logging_writer.py:48] [11600] global_step=11600, grad_norm=1.6134496927261353, loss=2.083394765853882
I0229 06:23:17.278797 140087345993472 logging_writer.py:48] [11700] global_step=11700, grad_norm=1.7963148355484009, loss=2.083336591720581
I0229 06:23:50.794682 140087337600768 logging_writer.py:48] [11800] global_step=11800, grad_norm=1.7162669897079468, loss=2.0834648609161377
I0229 06:24:24.366187 140087345993472 logging_writer.py:48] [11900] global_step=11900, grad_norm=1.366700530052185, loss=1.9745309352874756
I0229 06:24:57.860300 140087337600768 logging_writer.py:48] [12000] global_step=12000, grad_norm=1.6749459505081177, loss=1.8665955066680908
I0229 06:25:31.398952 140087345993472 logging_writer.py:48] [12100] global_step=12100, grad_norm=2.0617334842681885, loss=1.974113941192627
I0229 06:25:53.274739 140252611495744 spec.py:321] Evaluating on the training split.
I0229 06:26:00.483086 140252611495744 spec.py:333] Evaluating on the validation split.
I0229 06:26:08.889828 140252611495744 spec.py:349] Evaluating on the test split.
I0229 06:26:11.138645 140252611495744 submission_runner.py:411] Time since start: 4312.02s, 	Step: 12167, 	{'train/accuracy': 0.6190608739852905, 'train/loss': 1.5576162338256836, 'validation/accuracy': 0.5658199787139893, 'validation/loss': 1.834885835647583, 'validation/num_examples': 50000, 'test/accuracy': 0.43650001287460327, 'test/loss': 2.630974054336548, 'test/num_examples': 10000, 'score': 4132.719137430191, 'total_duration': 4312.018725633621, 'accumulated_submission_time': 4132.719137430191, 'accumulated_eval_time': 178.64738535881042, 'accumulated_logging_time': 0.22454261779785156}
I0229 06:26:11.156821 140087379564288 logging_writer.py:48] [12167] accumulated_eval_time=178.647385, accumulated_logging_time=0.224543, accumulated_submission_time=4132.719137, global_step=12167, preemption_count=0, score=4132.719137, test/accuracy=0.436500, test/loss=2.630974, test/num_examples=10000, total_duration=4312.018726, train/accuracy=0.619061, train/loss=1.557616, validation/accuracy=0.565820, validation/loss=1.834886, validation/num_examples=50000
I0229 06:26:22.585556 140087387956992 logging_writer.py:48] [12200] global_step=12200, grad_norm=1.3177789449691772, loss=1.9102386236190796
I0229 06:26:56.103229 140087379564288 logging_writer.py:48] [12300] global_step=12300, grad_norm=1.6681382656097412, loss=2.0567033290863037
I0229 06:27:29.663400 140087387956992 logging_writer.py:48] [12400] global_step=12400, grad_norm=1.6568856239318848, loss=2.036893844604492
I0229 06:28:03.201006 140087379564288 logging_writer.py:48] [12500] global_step=12500, grad_norm=1.670182704925537, loss=1.875765323638916
I0229 06:28:36.709737 140087387956992 logging_writer.py:48] [12600] global_step=12600, grad_norm=1.4720420837402344, loss=1.9470596313476562
I0229 06:29:10.181251 140087379564288 logging_writer.py:48] [12700] global_step=12700, grad_norm=1.341119408607483, loss=1.893499732017517
I0229 06:29:43.693815 140087387956992 logging_writer.py:48] [12800] global_step=12800, grad_norm=1.730683445930481, loss=1.9452908039093018
I0229 06:30:17.194966 140087379564288 logging_writer.py:48] [12900] global_step=12900, grad_norm=1.4574856758117676, loss=1.9019412994384766
I0229 06:30:50.791473 140087387956992 logging_writer.py:48] [13000] global_step=13000, grad_norm=1.5968356132507324, loss=1.947038173675537
I0229 06:31:24.284636 140087379564288 logging_writer.py:48] [13100] global_step=13100, grad_norm=2.021397590637207, loss=1.91896390914917
I0229 06:31:57.839258 140087387956992 logging_writer.py:48] [13200] global_step=13200, grad_norm=1.7031339406967163, loss=1.9062620401382446
I0229 06:32:31.328636 140087379564288 logging_writer.py:48] [13300] global_step=13300, grad_norm=1.8746131658554077, loss=1.7812750339508057
I0229 06:33:04.894780 140087387956992 logging_writer.py:48] [13400] global_step=13400, grad_norm=1.5838844776153564, loss=1.9241806268692017
I0229 06:33:38.392147 140087379564288 logging_writer.py:48] [13500] global_step=13500, grad_norm=1.5680238008499146, loss=1.9574066400527954
I0229 06:34:11.933888 140087387956992 logging_writer.py:48] [13600] global_step=13600, grad_norm=1.4405615329742432, loss=1.8263252973556519
I0229 06:34:41.179833 140252611495744 spec.py:321] Evaluating on the training split.
I0229 06:34:48.504544 140252611495744 spec.py:333] Evaluating on the validation split.
I0229 06:34:56.664814 140252611495744 spec.py:349] Evaluating on the test split.
I0229 06:34:58.932971 140252611495744 submission_runner.py:411] Time since start: 4839.81s, 	Step: 13689, 	{'train/accuracy': 0.6477000713348389, 'train/loss': 1.4246323108673096, 'validation/accuracy': 0.5928399562835693, 'validation/loss': 1.7087825536727905, 'validation/num_examples': 50000, 'test/accuracy': 0.47700002789497375, 'test/loss': 2.4406228065490723, 'test/num_examples': 10000, 'score': 4642.680076122284, 'total_duration': 4839.813012838364, 'accumulated_submission_time': 4642.680076122284, 'accumulated_eval_time': 196.40045833587646, 'accumulated_logging_time': 0.2521340847015381}
I0229 06:34:58.957750 140088411420416 logging_writer.py:48] [13689] accumulated_eval_time=196.400458, accumulated_logging_time=0.252134, accumulated_submission_time=4642.680076, global_step=13689, preemption_count=0, score=4642.680076, test/accuracy=0.477000, test/loss=2.440623, test/num_examples=10000, total_duration=4839.813013, train/accuracy=0.647700, train/loss=1.424632, validation/accuracy=0.592840, validation/loss=1.708783, validation/num_examples=50000
I0229 06:35:02.987033 140088495281920 logging_writer.py:48] [13700] global_step=13700, grad_norm=1.7133736610412598, loss=1.8249146938323975
I0229 06:35:36.472193 140088411420416 logging_writer.py:48] [13800] global_step=13800, grad_norm=1.5975427627563477, loss=1.906488299369812
I0229 06:36:09.927080 140088495281920 logging_writer.py:48] [13900] global_step=13900, grad_norm=1.4287701845169067, loss=2.01133394241333
I0229 06:36:43.465926 140088411420416 logging_writer.py:48] [14000] global_step=14000, grad_norm=1.571990966796875, loss=1.9783594608306885
I0229 06:37:17.014065 140088495281920 logging_writer.py:48] [14100] global_step=14100, grad_norm=1.5663625001907349, loss=2.0072317123413086
I0229 06:37:50.559594 140088411420416 logging_writer.py:48] [14200] global_step=14200, grad_norm=1.4764933586120605, loss=1.87398362159729
I0229 06:38:24.048207 140088495281920 logging_writer.py:48] [14300] global_step=14300, grad_norm=1.625282645225525, loss=1.9214208126068115
I0229 06:38:57.542665 140088411420416 logging_writer.py:48] [14400] global_step=14400, grad_norm=2.034491777420044, loss=1.961064338684082
I0229 06:39:31.111138 140088495281920 logging_writer.py:48] [14500] global_step=14500, grad_norm=1.6121795177459717, loss=1.8636001348495483
I0229 06:40:04.706210 140088411420416 logging_writer.py:48] [14600] global_step=14600, grad_norm=1.454647183418274, loss=2.0112621784210205
I0229 06:40:38.170303 140088495281920 logging_writer.py:48] [14700] global_step=14700, grad_norm=1.5390452146530151, loss=1.8879921436309814
I0229 06:41:11.702318 140088411420416 logging_writer.py:48] [14800] global_step=14800, grad_norm=1.701295256614685, loss=1.9386738538742065
I0229 06:41:45.223287 140088495281920 logging_writer.py:48] [14900] global_step=14900, grad_norm=1.8303391933441162, loss=1.971622109413147
I0229 06:42:18.760989 140088411420416 logging_writer.py:48] [15000] global_step=15000, grad_norm=2.0096848011016846, loss=2.07802414894104
I0229 06:42:52.310530 140088495281920 logging_writer.py:48] [15100] global_step=15100, grad_norm=1.6852281093597412, loss=1.7712504863739014
I0229 06:43:25.852847 140088411420416 logging_writer.py:48] [15200] global_step=15200, grad_norm=1.4257736206054688, loss=1.9367141723632812
I0229 06:43:28.963967 140252611495744 spec.py:321] Evaluating on the training split.
I0229 06:43:36.944290 140252611495744 spec.py:333] Evaluating on the validation split.
I0229 06:43:45.161180 140252611495744 spec.py:349] Evaluating on the test split.
I0229 06:43:47.406137 140252611495744 submission_runner.py:411] Time since start: 5368.29s, 	Step: 15211, 	{'train/accuracy': 0.6474409699440002, 'train/loss': 1.4198980331420898, 'validation/accuracy': 0.5953800082206726, 'validation/loss': 1.6889138221740723, 'validation/num_examples': 50000, 'test/accuracy': 0.4726000130176544, 'test/loss': 2.4248533248901367, 'test/num_examples': 10000, 'score': 5152.619967222214, 'total_duration': 5368.286201000214, 'accumulated_submission_time': 5152.619967222214, 'accumulated_eval_time': 214.84256839752197, 'accumulated_logging_time': 0.289806604385376}
I0229 06:43:47.437841 140088403027712 logging_writer.py:48] [15211] accumulated_eval_time=214.842568, accumulated_logging_time=0.289807, accumulated_submission_time=5152.619967, global_step=15211, preemption_count=0, score=5152.619967, test/accuracy=0.472600, test/loss=2.424853, test/num_examples=10000, total_duration=5368.286201, train/accuracy=0.647441, train/loss=1.419898, validation/accuracy=0.595380, validation/loss=1.688914, validation/num_examples=50000
I0229 06:44:17.548445 140088411420416 logging_writer.py:48] [15300] global_step=15300, grad_norm=1.6349074840545654, loss=1.9324207305908203
I0229 06:44:51.027837 140088403027712 logging_writer.py:48] [15400] global_step=15400, grad_norm=2.1581172943115234, loss=1.8992865085601807
I0229 06:45:24.577848 140088411420416 logging_writer.py:48] [15500] global_step=15500, grad_norm=1.6249721050262451, loss=1.8890572786331177
I0229 06:45:58.091516 140088403027712 logging_writer.py:48] [15600] global_step=15600, grad_norm=1.752845048904419, loss=1.8851141929626465
I0229 06:46:31.608882 140088411420416 logging_writer.py:48] [15700] global_step=15700, grad_norm=1.492087483406067, loss=1.7865393161773682
I0229 06:47:05.101202 140088403027712 logging_writer.py:48] [15800] global_step=15800, grad_norm=1.8581041097640991, loss=1.9522621631622314
I0229 06:47:38.670204 140088411420416 logging_writer.py:48] [15900] global_step=15900, grad_norm=1.8216395378112793, loss=1.8446146249771118
I0229 06:48:12.157254 140088403027712 logging_writer.py:48] [16000] global_step=16000, grad_norm=1.7485597133636475, loss=1.8587819337844849
I0229 06:48:45.728864 140088411420416 logging_writer.py:48] [16100] global_step=16100, grad_norm=1.3955742120742798, loss=1.84818434715271
I0229 06:49:19.208103 140088403027712 logging_writer.py:48] [16200] global_step=16200, grad_norm=1.587443470954895, loss=1.8699064254760742
I0229 06:49:52.788657 140088411420416 logging_writer.py:48] [16300] global_step=16300, grad_norm=1.5327433347702026, loss=1.8736721277236938
I0229 06:50:26.274864 140088403027712 logging_writer.py:48] [16400] global_step=16400, grad_norm=1.6182258129119873, loss=1.9652252197265625
I0229 06:50:59.842099 140088411420416 logging_writer.py:48] [16500] global_step=16500, grad_norm=1.604727029800415, loss=1.8785278797149658
I0229 06:51:33.329064 140088403027712 logging_writer.py:48] [16600] global_step=16600, grad_norm=1.4265872240066528, loss=1.8820436000823975
I0229 06:52:06.902408 140088411420416 logging_writer.py:48] [16700] global_step=16700, grad_norm=1.7203843593597412, loss=1.8451422452926636
I0229 06:52:17.712767 140252611495744 spec.py:321] Evaluating on the training split.
I0229 06:52:25.265585 140252611495744 spec.py:333] Evaluating on the validation split.
I0229 06:52:33.589007 140252611495744 spec.py:349] Evaluating on the test split.
I0229 06:52:35.877225 140252611495744 submission_runner.py:411] Time since start: 5896.76s, 	Step: 16734, 	{'train/accuracy': 0.6482182741165161, 'train/loss': 1.4272924661636353, 'validation/accuracy': 0.6008999943733215, 'validation/loss': 1.6777706146240234, 'validation/num_examples': 50000, 'test/accuracy': 0.468500018119812, 'test/loss': 2.439729690551758, 'test/num_examples': 10000, 'score': 5662.831291437149, 'total_duration': 5896.7572984695435, 'accumulated_submission_time': 5662.831291437149, 'accumulated_eval_time': 233.00697684288025, 'accumulated_logging_time': 0.3311009407043457}
I0229 06:52:35.903805 140089820641024 logging_writer.py:48] [16734] accumulated_eval_time=233.006977, accumulated_logging_time=0.331101, accumulated_submission_time=5662.831291, global_step=16734, preemption_count=0, score=5662.831291, test/accuracy=0.468500, test/loss=2.439730, test/num_examples=10000, total_duration=5896.757298, train/accuracy=0.648218, train/loss=1.427292, validation/accuracy=0.600900, validation/loss=1.677771, validation/num_examples=50000
I0229 06:52:58.352572 140089845819136 logging_writer.py:48] [16800] global_step=16800, grad_norm=1.569945216178894, loss=1.8490207195281982
I0229 06:53:31.855742 140089820641024 logging_writer.py:48] [16900] global_step=16900, grad_norm=1.4669015407562256, loss=1.873547077178955
I0229 06:54:05.385922 140089845819136 logging_writer.py:48] [17000] global_step=17000, grad_norm=1.5789154767990112, loss=1.8818267583847046
I0229 06:54:38.918361 140089820641024 logging_writer.py:48] [17100] global_step=17100, grad_norm=1.4799162149429321, loss=1.8564480543136597
I0229 06:55:12.410062 140089845819136 logging_writer.py:48] [17200] global_step=17200, grad_norm=1.530189871788025, loss=1.7776784896850586
I0229 06:55:45.868642 140089820641024 logging_writer.py:48] [17300] global_step=17300, grad_norm=1.2825134992599487, loss=1.8799645900726318
I0229 06:56:19.326830 140089845819136 logging_writer.py:48] [17400] global_step=17400, grad_norm=1.808820366859436, loss=1.9041073322296143
I0229 06:56:52.832638 140089820641024 logging_writer.py:48] [17500] global_step=17500, grad_norm=1.6247445344924927, loss=1.9822866916656494
I0229 06:57:26.329030 140089845819136 logging_writer.py:48] [17600] global_step=17600, grad_norm=1.6237406730651855, loss=1.8502099514007568
I0229 06:57:59.894841 140089820641024 logging_writer.py:48] [17700] global_step=17700, grad_norm=1.8673819303512573, loss=1.8215519189834595
I0229 06:58:33.398589 140089845819136 logging_writer.py:48] [17800] global_step=17800, grad_norm=1.6348824501037598, loss=1.9150142669677734
I0229 06:59:06.899007 140089820641024 logging_writer.py:48] [17900] global_step=17900, grad_norm=1.638989806175232, loss=1.8583884239196777
I0229 06:59:40.441051 140089845819136 logging_writer.py:48] [18000] global_step=18000, grad_norm=1.6547824144363403, loss=1.8491566181182861
I0229 07:00:13.892065 140089820641024 logging_writer.py:48] [18100] global_step=18100, grad_norm=1.9096356630325317, loss=1.7242505550384521
I0229 07:00:47.342627 140089845819136 logging_writer.py:48] [18200] global_step=18200, grad_norm=1.590811014175415, loss=1.8184865713119507
I0229 07:01:06.211731 140252611495744 spec.py:321] Evaluating on the training split.
I0229 07:01:13.805104 140252611495744 spec.py:333] Evaluating on the validation split.
I0229 07:01:22.146475 140252611495744 spec.py:349] Evaluating on the test split.
I0229 07:01:24.403807 140252611495744 submission_runner.py:411] Time since start: 6425.28s, 	Step: 18258, 	{'train/accuracy': 0.6813018321990967, 'train/loss': 1.2537661790847778, 'validation/accuracy': 0.6010000109672546, 'validation/loss': 1.6689846515655518, 'validation/num_examples': 50000, 'test/accuracy': 0.4749000370502472, 'test/loss': 2.4517030715942383, 'test/num_examples': 10000, 'score': 6173.075484752655, 'total_duration': 6425.283870458603, 'accumulated_submission_time': 6173.075484752655, 'accumulated_eval_time': 251.19899654388428, 'accumulated_logging_time': 0.3682253360748291}
I0229 07:01:24.435533 140089870997248 logging_writer.py:48] [18258] accumulated_eval_time=251.198997, accumulated_logging_time=0.368225, accumulated_submission_time=6173.075485, global_step=18258, preemption_count=0, score=6173.075485, test/accuracy=0.474900, test/loss=2.451703, test/num_examples=10000, total_duration=6425.283870, train/accuracy=0.681302, train/loss=1.253766, validation/accuracy=0.601000, validation/loss=1.668985, validation/num_examples=50000
I0229 07:01:38.832763 140089879389952 logging_writer.py:48] [18300] global_step=18300, grad_norm=1.695557713508606, loss=1.8376253843307495
I0229 07:02:12.293605 140089870997248 logging_writer.py:48] [18400] global_step=18400, grad_norm=1.6847920417785645, loss=1.9226224422454834
I0229 07:02:45.793652 140089879389952 logging_writer.py:48] [18500] global_step=18500, grad_norm=1.7156202793121338, loss=1.8690073490142822
I0229 07:03:19.303301 140089870997248 logging_writer.py:48] [18600] global_step=18600, grad_norm=1.635928988456726, loss=1.8500384092330933
I0229 07:03:52.795373 140089879389952 logging_writer.py:48] [18700] global_step=18700, grad_norm=1.740034818649292, loss=1.860987901687622
I0229 07:04:26.261658 140089870997248 logging_writer.py:48] [18800] global_step=18800, grad_norm=1.7122584581375122, loss=1.8806127309799194
I0229 07:04:59.718832 140089879389952 logging_writer.py:48] [18900] global_step=18900, grad_norm=1.4608500003814697, loss=1.8614798784255981
I0229 07:05:33.235186 140089870997248 logging_writer.py:48] [19000] global_step=19000, grad_norm=1.7187871932983398, loss=1.8591753244400024
I0229 07:06:06.743599 140089879389952 logging_writer.py:48] [19100] global_step=19100, grad_norm=1.5184862613677979, loss=1.7799209356307983
I0229 07:06:40.317771 140089870997248 logging_writer.py:48] [19200] global_step=19200, grad_norm=1.5032988786697388, loss=1.7630119323730469
I0229 07:07:13.798044 140089879389952 logging_writer.py:48] [19300] global_step=19300, grad_norm=1.6740049123764038, loss=1.9623873233795166
I0229 07:07:47.359068 140089870997248 logging_writer.py:48] [19400] global_step=19400, grad_norm=1.8747310638427734, loss=1.940972924232483
I0229 07:08:20.840603 140089879389952 logging_writer.py:48] [19500] global_step=19500, grad_norm=1.5955851078033447, loss=1.8453822135925293
I0229 07:08:54.385284 140089870997248 logging_writer.py:48] [19600] global_step=19600, grad_norm=1.8858880996704102, loss=1.7034926414489746
I0229 07:09:27.871713 140089879389952 logging_writer.py:48] [19700] global_step=19700, grad_norm=1.5767793655395508, loss=1.809997320175171
I0229 07:09:54.477076 140252611495744 spec.py:321] Evaluating on the training split.
