python3 submission_runner.py --framework=jax --workload=librispeech_deepspeech --submission_path=prize_qualification_baselines/external_tuning/jax_nadamw_full_budget.py --tuning_search_space=prize_qualification_baselines/external_tuning/tuning_search_space.json --data_dir=/data/librispeech --num_tuning_trials=1 --experiment_dir=/experiment_runs --experiment_name=prize_qualification/study_1 --overwrite=true --save_checkpoints=false --num_tuning_trials=5 --rng_seed=808887856 --max_global_steps=48000 --librispeech_tokenizer_vocab_path=/data/librispeech/spm_model.vocab 2>&1 | tee -a /logs/librispeech_deepspeech_jax_02-11-2024-00-20-46.log
I0211 00:21:07.711077 139803787056960 logger_utils.py:76] Creating experiment directory at /experiment_runs/prize_qualification/study_1/librispeech_deepspeech_jax.
I0211 00:21:08.730232 139803787056960 xla_bridge.py:455] Unable to initialize backend 'rocm': NOT_FOUND: Could not find registered platform with name: "rocm". Available platform names are: Host Interpreter CUDA
I0211 00:21:08.731067 139803787056960 xla_bridge.py:455] Unable to initialize backend 'tpu': module 'jaxlib.xla_extension' has no attribute 'get_tpu_client'
I0211 00:21:08.731215 139803787056960 xla_bridge.py:455] Unable to initialize backend 'plugin': xla_extension has no attributes named get_plugin_device_client. Compile TensorFlow with //tensorflow/compiler/xla/python:enable_plugin_device set to true (defaults to false) to enable this.
I0211 00:21:08.732331 139803787056960 submission_runner.py:542] Using RNG seed 808887856
I0211 00:21:09.909762 139803787056960 submission_runner.py:551] --- Tuning run 1/5 ---
I0211 00:21:09.909960 139803787056960 submission_runner.py:556] Creating tuning directory at /experiment_runs/prize_qualification/study_1/librispeech_deepspeech_jax/trial_1.
I0211 00:21:09.910360 139803787056960 logger_utils.py:92] Saving hparams to /experiment_runs/prize_qualification/study_1/librispeech_deepspeech_jax/trial_1/hparams.json.
I0211 00:21:10.090837 139803787056960 submission_runner.py:206] Initializing dataset.
I0211 00:21:10.091049 139803787056960 submission_runner.py:213] Initializing model.
I0211 00:21:12.607678 139803787056960 submission_runner.py:255] Initializing optimizer.
I0211 00:21:13.314751 139803787056960 submission_runner.py:262] Initializing metrics bundle.
I0211 00:21:13.314935 139803787056960 submission_runner.py:280] Initializing checkpoint and logger.
I0211 00:21:13.315958 139803787056960 checkpoints.py:915] Found no checkpoint files in /experiment_runs/prize_qualification/study_1/librispeech_deepspeech_jax/trial_1 with prefix checkpoint_
I0211 00:21:13.316103 139803787056960 submission_runner.py:300] Saving meta data to /experiment_runs/prize_qualification/study_1/librispeech_deepspeech_jax/trial_1/meta_data_0.json.
I0211 00:21:13.316298 139803787056960 logger_utils.py:257] Unable to record workload.train_mean information. Continuing without it.
I0211 00:21:13.316365 139803787056960 logger_utils.py:257] Unable to record workload.train_stddev information. Continuing without it.
fatal: detected dubious ownership in repository at '/algorithmic-efficiency'
To add an exception for this directory, call:

	git config --global --add safe.directory /algorithmic-efficiency
I0211 00:21:13.616615 139803787056960 logger_utils.py:220] Unable to record git information. Continuing without it.
I0211 00:21:13.887423 139803787056960 submission_runner.py:304] Saving flags to /experiment_runs/prize_qualification/study_1/librispeech_deepspeech_jax/trial_1/flags_0.json.
I0211 00:21:13.901392 139803787056960 submission_runner.py:314] Starting training loop.
I0211 00:21:14.195926 139803787056960 input_pipeline.py:20] Loading split = train-clean-100
I0211 00:21:14.254532 139803787056960 input_pipeline.py:20] Loading split = train-clean-360
I0211 00:21:14.417147 139803787056960 input_pipeline.py:20] Loading split = train-other-500
/usr/local/lib/python3.8/dist-packages/jax/_src/interpreters/mlir.py:582: UserWarning: Some donated buffers were not usable: ShapedArray(float32[512]), ShapedArray(float32[512]), ShapedArray(float32[512]), ShapedArray(float32[512]), ShapedArray(float32[512]), ShapedArray(float32[512]), ShapedArray(float32[512]), ShapedArray(float32[512]), ShapedArray(float32[512]), ShapedArray(float32[512]), ShapedArray(float32[512]), ShapedArray(float32[512]), ShapedArray(float32[512]), ShapedArray(float32[512]), ShapedArray(float32[512]), ShapedArray(float32[512]), ShapedArray(float32[512]), ShapedArray(float32[512]).
See an explanation at https://jax.readthedocs.io/en/latest/faq.html#buffer-donation.
  warnings.warn(f"Some donated buffers were not usable: {', '.join(unused_donations)}.\n{msg}")
I0211 00:21:59.064043 139640939050752 logging_writer.py:48] [0] global_step=0, grad_norm=18.907827377319336, loss=33.32863235473633
I0211 00:21:59.098314 139803787056960 spec.py:321] Evaluating on the training split.
I0211 00:21:59.359864 139803787056960 input_pipeline.py:20] Loading split = train-clean-100
I0211 00:21:59.395740 139803787056960 input_pipeline.py:20] Loading split = train-clean-360
I0211 00:21:59.771725 139803787056960 input_pipeline.py:20] Loading split = train-other-500
/usr/local/lib/python3.8/dist-packages/jax/_src/ops/scatter.py:92: FutureWarning: scatter inputs have incompatible types: cannot safely cast value from dtype=float32 to dtype=int32. In future JAX releases this will result in an error.
  warnings.warn("scatter inputs have incompatible types: cannot safely cast "
I0211 00:24:14.695309 139803787056960 spec.py:333] Evaluating on the validation split.
I0211 00:24:14.893631 139803787056960 input_pipeline.py:20] Loading split = dev-clean
I0211 00:24:14.899504 139803787056960 input_pipeline.py:20] Loading split = dev-other
I0211 00:25:37.885773 139803787056960 spec.py:349] Evaluating on the test split.
I0211 00:25:38.085175 139803787056960 input_pipeline.py:20] Loading split = test-clean
I0211 00:26:24.621814 139803787056960 submission_runner.py:408] Time since start: 310.72s, 	Step: 1, 	{'train/ctc_loss': Array(31.839237, dtype=float32), 'train/wer': 4.706369864439956, 'validation/ctc_loss': Array(30.812881, dtype=float32), 'validation/wer': 4.233381928420402, 'validation/num_examples': 5348, 'test/ctc_loss': Array(30.939672, dtype=float32), 'test/wer': 4.561290191538196, 'test/num_examples': 2472, 'score': 45.19680690765381, 'total_duration': 310.71803855895996, 'accumulated_submission_time': 45.19680690765381, 'accumulated_eval_time': 265.52112197875977, 'accumulated_logging_time': 0}
I0211 00:26:24.652382 139634856163072 logging_writer.py:48] [1] accumulated_eval_time=265.521122, accumulated_logging_time=0, accumulated_submission_time=45.196807, global_step=1, preemption_count=0, score=45.196807, test/ctc_loss=30.939672470092773, test/num_examples=2472, test/wer=4.561290, total_duration=310.718039, train/ctc_loss=31.839237213134766, train/wer=4.706370, validation/ctc_loss=30.812881469726562, validation/num_examples=5348, validation/wer=4.233382
I0211 00:27:49.922492 139647309473536 logging_writer.py:48] [100] global_step=100, grad_norm=5.131544589996338, loss=8.375030517578125
I0211 00:29:06.825964 139647317866240 logging_writer.py:48] [200] global_step=200, grad_norm=1.0536582469940186, loss=6.452946186065674
I0211 00:30:25.393761 139647309473536 logging_writer.py:48] [300] global_step=300, grad_norm=0.5918302536010742, loss=6.039233207702637
I0211 00:31:43.505930 139647317866240 logging_writer.py:48] [400] global_step=400, grad_norm=0.5341817140579224, loss=5.867501735687256
I0211 00:33:00.545562 139647309473536 logging_writer.py:48] [500] global_step=500, grad_norm=0.5897762775421143, loss=5.834247589111328
I0211 00:34:21.704005 139647317866240 logging_writer.py:48] [600] global_step=600, grad_norm=0.5370457172393799, loss=5.8096513748168945
I0211 00:35:46.967269 139647309473536 logging_writer.py:48] [700] global_step=700, grad_norm=0.4610822796821594, loss=5.73892879486084
I0211 00:37:11.540218 139647317866240 logging_writer.py:48] [800] global_step=800, grad_norm=0.40557557344436646, loss=5.597835540771484
I0211 00:38:38.126525 139647309473536 logging_writer.py:48] [900] global_step=900, grad_norm=0.702613353729248, loss=5.370424747467041
I0211 00:40:03.208532 139647317866240 logging_writer.py:48] [1000] global_step=1000, grad_norm=1.0269855260849, loss=5.026307582855225
I0211 00:41:25.664177 139647359829760 logging_writer.py:48] [1100] global_step=1100, grad_norm=1.198407530784607, loss=4.509186267852783
I0211 00:42:43.940801 139647351437056 logging_writer.py:48] [1200] global_step=1200, grad_norm=0.9916284680366516, loss=4.246293544769287
I0211 00:44:00.673956 139647359829760 logging_writer.py:48] [1300] global_step=1300, grad_norm=1.2936592102050781, loss=3.9105842113494873
I0211 00:45:18.946665 139647351437056 logging_writer.py:48] [1400] global_step=1400, grad_norm=1.7837783098220825, loss=3.667926549911499
I0211 00:46:44.165318 139647359829760 logging_writer.py:48] [1500] global_step=1500, grad_norm=1.4682979583740234, loss=3.526956081390381
I0211 00:48:10.217452 139647351437056 logging_writer.py:48] [1600] global_step=1600, grad_norm=4.093447685241699, loss=3.2863776683807373
I0211 00:49:35.726092 139647359829760 logging_writer.py:48] [1700] global_step=1700, grad_norm=2.619372606277466, loss=3.185415267944336
I0211 00:50:25.231380 139803787056960 spec.py:321] Evaluating on the training split.
I0211 00:51:02.588948 139803787056960 spec.py:333] Evaluating on the validation split.
I0211 00:51:48.230319 139803787056960 spec.py:349] Evaluating on the test split.
I0211 00:52:10.913261 139803787056960 submission_runner.py:408] Time since start: 1857.01s, 	Step: 1756, 	{'train/ctc_loss': Array(6.2416306, dtype=float32), 'train/wer': 0.941288541945583, 'validation/ctc_loss': Array(6.160726, dtype=float32), 'validation/wer': 0.8952083956863011, 'validation/num_examples': 5348, 'test/ctc_loss': Array(6.0450172, dtype=float32), 'test/wer': 0.8979343123514716, 'test/num_examples': 2472, 'score': 1485.6898527145386, 'total_duration': 1857.0092232227325, 'accumulated_submission_time': 1485.6898527145386, 'accumulated_eval_time': 371.200421333313, 'accumulated_logging_time': 0.04808688163757324}
I0211 00:52:10.943000 139647359829760 logging_writer.py:48] [1756] accumulated_eval_time=371.200421, accumulated_logging_time=0.048087, accumulated_submission_time=1485.689853, global_step=1756, preemption_count=0, score=1485.689853, test/ctc_loss=6.045017242431641, test/num_examples=2472, test/wer=0.897934, total_duration=1857.009223, train/ctc_loss=6.241630554199219, train/wer=0.941289, validation/ctc_loss=6.160726070404053, validation/num_examples=5348, validation/wer=0.895208
I0211 00:52:45.230345 139647351437056 logging_writer.py:48] [1800] global_step=1800, grad_norm=2.7273380756378174, loss=3.0896928310394287
I0211 00:54:01.175138 139647359829760 logging_writer.py:48] [1900] global_step=1900, grad_norm=2.6139917373657227, loss=2.985832691192627
I0211 00:55:17.835905 139647351437056 logging_writer.py:48] [2000] global_step=2000, grad_norm=4.32314395904541, loss=2.862997531890869
I0211 00:56:38.853517 139647032149760 logging_writer.py:48] [2100] global_step=2100, grad_norm=1.8185456991195679, loss=2.767890691757202
I0211 00:57:56.021282 139647023757056 logging_writer.py:48] [2200] global_step=2200, grad_norm=2.861588478088379, loss=2.6941070556640625
I0211 00:59:13.939387 139647032149760 logging_writer.py:48] [2300] global_step=2300, grad_norm=3.0001211166381836, loss=2.6179685592651367
I0211 01:00:38.570522 139647023757056 logging_writer.py:48] [2400] global_step=2400, grad_norm=2.7142114639282227, loss=2.597555160522461
I0211 01:02:04.425052 139647032149760 logging_writer.py:48] [2500] global_step=2500, grad_norm=2.9538614749908447, loss=2.597254514694214
I0211 01:03:32.678597 139647023757056 logging_writer.py:48] [2600] global_step=2600, grad_norm=2.8153700828552246, loss=2.4670612812042236
I0211 01:04:58.962553 139647032149760 logging_writer.py:48] [2700] global_step=2700, grad_norm=2.508173942565918, loss=2.396179676055908
I0211 01:06:27.444043 139647023757056 logging_writer.py:48] [2800] global_step=2800, grad_norm=2.21309757232666, loss=2.4116251468658447
I0211 01:07:55.838003 139647032149760 logging_writer.py:48] [2900] global_step=2900, grad_norm=2.9920730590820312, loss=2.2821969985961914
I0211 01:09:24.310116 139647023757056 logging_writer.py:48] [3000] global_step=3000, grad_norm=4.228219032287598, loss=2.249695301055908
I0211 01:10:50.420083 139647359829760 logging_writer.py:48] [3100] global_step=3100, grad_norm=4.362528324127197, loss=2.2424733638763428
I0211 01:12:05.997289 139647351437056 logging_writer.py:48] [3200] global_step=3200, grad_norm=3.3008382320404053, loss=2.2098398208618164
I0211 01:13:24.286761 139647359829760 logging_writer.py:48] [3300] global_step=3300, grad_norm=3.299011707305908, loss=2.201037645339966
I0211 01:14:43.065491 139647351437056 logging_writer.py:48] [3400] global_step=3400, grad_norm=5.6953444480896, loss=2.174208402633667
I0211 01:16:05.004581 139647359829760 logging_writer.py:48] [3500] global_step=3500, grad_norm=3.598855495452881, loss=2.120543956756592
I0211 01:16:11.554705 139803787056960 spec.py:321] Evaluating on the training split.
I0211 01:17:04.960015 139803787056960 spec.py:333] Evaluating on the validation split.
I0211 01:17:51.926158 139803787056960 spec.py:349] Evaluating on the test split.
I0211 01:18:17.587223 139803787056960 submission_runner.py:408] Time since start: 3423.68s, 	Step: 3509, 	{'train/ctc_loss': Array(3.7979012, dtype=float32), 'train/wer': 0.7728577897344379, 'validation/ctc_loss': Array(4.057168, dtype=float32), 'validation/wer': 0.784469525087616, 'validation/num_examples': 5348, 'test/ctc_loss': Array(3.663008, dtype=float32), 'test/wer': 0.7430382060812869, 'test/num_examples': 2472, 'score': 2926.2204928398132, 'total_duration': 3423.682983160019, 'accumulated_submission_time': 2926.2204928398132, 'accumulated_eval_time': 497.2301824092865, 'accumulated_logging_time': 0.0906984806060791}
I0211 01:18:17.613247 139647359829760 logging_writer.py:48] [3509] accumulated_eval_time=497.230182, accumulated_logging_time=0.090698, accumulated_submission_time=2926.220493, global_step=3509, preemption_count=0, score=2926.220493, test/ctc_loss=3.663007974624634, test/num_examples=2472, test/wer=0.743038, total_duration=3423.682983, train/ctc_loss=3.797901153564453, train/wer=0.772858, validation/ctc_loss=4.057168006896973, validation/num_examples=5348, validation/wer=0.784470
I0211 01:19:26.802937 139647351437056 logging_writer.py:48] [3600] global_step=3600, grad_norm=3.2587664127349854, loss=2.1843619346618652
I0211 01:20:42.598731 139647359829760 logging_writer.py:48] [3700] global_step=3700, grad_norm=4.221707820892334, loss=2.1376569271087646
I0211 01:22:01.395105 139647351437056 logging_writer.py:48] [3800] global_step=3800, grad_norm=10.193707466125488, loss=2.0914571285247803
I0211 01:23:25.492430 139647359829760 logging_writer.py:48] [3900] global_step=3900, grad_norm=3.4663102626800537, loss=2.087495803833008
I0211 01:24:50.823951 139647351437056 logging_writer.py:48] [4000] global_step=4000, grad_norm=4.0582380294799805, loss=2.0314536094665527
I0211 01:26:20.181678 139647359829760 logging_writer.py:48] [4100] global_step=4100, grad_norm=2.8326163291931152, loss=2.0373356342315674
I0211 01:27:39.882352 139647032149760 logging_writer.py:48] [4200] global_step=4200, grad_norm=3.6495230197906494, loss=1.9670014381408691
I0211 01:28:58.224650 139647023757056 logging_writer.py:48] [4300] global_step=4300, grad_norm=3.198472738265991, loss=1.9724061489105225
I0211 01:30:19.265390 139647032149760 logging_writer.py:48] [4400] global_step=4400, grad_norm=3.3286564350128174, loss=1.9907665252685547
I0211 01:31:36.665083 139647023757056 logging_writer.py:48] [4500] global_step=4500, grad_norm=3.322932720184326, loss=1.9986714124679565
I0211 01:33:03.788922 139647032149760 logging_writer.py:48] [4600] global_step=4600, grad_norm=5.302097797393799, loss=2.0176050662994385
I0211 01:34:29.370846 139647023757056 logging_writer.py:48] [4700] global_step=4700, grad_norm=2.993861436843872, loss=1.915127158164978
I0211 01:35:54.326484 139647032149760 logging_writer.py:48] [4800] global_step=4800, grad_norm=4.378385543823242, loss=2.0062060356140137
I0211 01:37:20.817348 139647023757056 logging_writer.py:48] [4900] global_step=4900, grad_norm=4.627344131469727, loss=2.0002222061157227
I0211 01:38:50.801180 139647032149760 logging_writer.py:48] [5000] global_step=5000, grad_norm=5.017622947692871, loss=2.0095055103302
I0211 01:40:15.038268 139647023757056 logging_writer.py:48] [5100] global_step=5100, grad_norm=3.322375774383545, loss=1.908208966255188
I0211 01:41:40.215793 139647032149760 logging_writer.py:48] [5200] global_step=5200, grad_norm=3.085657835006714, loss=1.8919965028762817
I0211 01:42:17.714303 139803787056960 spec.py:321] Evaluating on the training split.
I0211 01:43:12.266809 139803787056960 spec.py:333] Evaluating on the validation split.
I0211 01:44:05.323616 139803787056960 spec.py:349] Evaluating on the test split.
I0211 01:44:32.098075 139803787056960 submission_runner.py:408] Time since start: 4998.19s, 	Step: 5251, 	{'train/ctc_loss': Array(0.6250547, dtype=float32), 'train/wer': 0.21471079694904355, 'validation/ctc_loss': Array(1.0514781, dtype=float32), 'validation/wer': 0.2947179393108509, 'validation/num_examples': 5348, 'test/ctc_loss': Array(0.7044876, dtype=float32), 'test/wer': 0.22361018016371134, 'test/num_examples': 2472, 'score': 4366.24077963829, 'total_duration': 4998.193810939789, 'accumulated_submission_time': 4366.24077963829, 'accumulated_eval_time': 631.6112017631531, 'accumulated_logging_time': 0.12792444229125977}
I0211 01:44:32.126070 139646740309760 logging_writer.py:48] [5251] accumulated_eval_time=631.611202, accumulated_logging_time=0.127924, accumulated_submission_time=4366.240780, global_step=5251, preemption_count=0, score=4366.240780, test/ctc_loss=0.7044876217842102, test/num_examples=2472, test/wer=0.223610, total_duration=4998.193811, train/ctc_loss=0.6250547170639038, train/wer=0.214711, validation/ctc_loss=1.0514781475067139, validation/num_examples=5348, validation/wer=0.294718
I0211 01:45:09.950634 139646731917056 logging_writer.py:48] [5300] global_step=5300, grad_norm=4.176156520843506, loss=1.8567184209823608
I0211 01:46:24.923891 139646740309760 logging_writer.py:48] [5400] global_step=5400, grad_norm=4.265374660491943, loss=1.8361849784851074
I0211 01:47:41.355714 139646731917056 logging_writer.py:48] [5500] global_step=5500, grad_norm=3.162346363067627, loss=1.8707683086395264
I0211 01:48:56.551910 139646740309760 logging_writer.py:48] [5600] global_step=5600, grad_norm=3.4739532470703125, loss=1.853661060333252
I0211 01:50:24.464813 139646731917056 logging_writer.py:48] [5700] global_step=5700, grad_norm=2.2800686359405518, loss=1.793788194656372
I0211 01:51:49.811901 139646740309760 logging_writer.py:48] [5800] global_step=5800, grad_norm=2.8026211261749268, loss=1.8865249156951904
I0211 01:53:15.467299 139646731917056 logging_writer.py:48] [5900] global_step=5900, grad_norm=2.9538004398345947, loss=1.9099127054214478
I0211 01:54:40.955626 139646740309760 logging_writer.py:48] [6000] global_step=6000, grad_norm=3.1795144081115723, loss=1.8006536960601807
I0211 01:56:09.632562 139646731917056 logging_writer.py:48] [6100] global_step=6100, grad_norm=3.7033751010894775, loss=1.8428623676300049
I0211 01:57:36.494910 139648015189760 logging_writer.py:48] [6200] global_step=6200, grad_norm=2.959261655807495, loss=1.8125618696212769
I0211 01:58:51.825346 139648006797056 logging_writer.py:48] [6300] global_step=6300, grad_norm=3.6089746952056885, loss=1.827085256576538
I0211 02:00:10.422340 139648015189760 logging_writer.py:48] [6400] global_step=6400, grad_norm=2.9748189449310303, loss=1.8101365566253662
I0211 02:01:28.456208 139648006797056 logging_writer.py:48] [6500] global_step=6500, grad_norm=2.625206708908081, loss=1.8054189682006836
I0211 02:02:48.626398 139648015189760 logging_writer.py:48] [6600] global_step=6600, grad_norm=3.31874942779541, loss=1.7837516069412231
I0211 02:04:15.253167 139648006797056 logging_writer.py:48] [6700] global_step=6700, grad_norm=3.6629936695098877, loss=1.7583128213882446
I0211 02:05:40.022079 139648015189760 logging_writer.py:48] [6800] global_step=6800, grad_norm=3.0085666179656982, loss=1.773826241493225
I0211 02:07:07.051633 139648006797056 logging_writer.py:48] [6900] global_step=6900, grad_norm=3.235292673110962, loss=1.7476445436477661
I0211 02:08:30.692570 139648015189760 logging_writer.py:48] [7000] global_step=7000, grad_norm=2.9389450550079346, loss=1.7727887630462646
I0211 02:08:32.420769 139803787056960 spec.py:321] Evaluating on the training split.
I0211 02:09:36.260926 139803787056960 spec.py:333] Evaluating on the validation split.
I0211 02:10:27.464638 139803787056960 spec.py:349] Evaluating on the test split.
I0211 02:10:53.536656 139803787056960 submission_runner.py:408] Time since start: 6579.63s, 	Step: 7003, 	{'train/ctc_loss': Array(0.48509657, dtype=float32), 'train/wer': 0.16434877315711757, 'validation/ctc_loss': Array(0.82567525, dtype=float32), 'validation/wer': 0.23964779825636967, 'validation/num_examples': 5348, 'test/ctc_loss': Array(0.522345, dtype=float32), 'test/wer': 0.17057664574573964, 'test/num_examples': 2472, 'score': 5806.4535665512085, 'total_duration': 6579.632403612137, 'accumulated_submission_time': 5806.4535665512085, 'accumulated_eval_time': 772.7243013381958, 'accumulated_logging_time': 0.16758346557617188}
I0211 02:10:53.564293 139648015189760 logging_writer.py:48] [7003] accumulated_eval_time=772.724301, accumulated_logging_time=0.167583, accumulated_submission_time=5806.453567, global_step=7003, preemption_count=0, score=5806.453567, test/ctc_loss=0.5223450064659119, test/num_examples=2472, test/wer=0.170577, total_duration=6579.632404, train/ctc_loss=0.4850965738296509, train/wer=0.164349, validation/ctc_loss=0.8256752490997314, validation/num_examples=5348, validation/wer=0.239648
I0211 02:12:07.189767 139648006797056 logging_writer.py:48] [7100] global_step=7100, grad_norm=2.4936447143554688, loss=1.7290805578231812
I0211 02:13:22.640533 139648015189760 logging_writer.py:48] [7200] global_step=7200, grad_norm=3.391585111618042, loss=1.7602070569992065
I0211 02:14:41.018894 139648015189760 logging_writer.py:48] [7300] global_step=7300, grad_norm=4.490617752075195, loss=1.7122644186019897
I0211 02:15:57.159069 139648006797056 logging_writer.py:48] [7400] global_step=7400, grad_norm=2.5008199214935303, loss=1.7018762826919556
I0211 02:17:14.411729 139648015189760 logging_writer.py:48] [7500] global_step=7500, grad_norm=3.7231955528259277, loss=1.7133982181549072
I0211 02:18:36.175950 139648006797056 logging_writer.py:48] [7600] global_step=7600, grad_norm=2.235790491104126, loss=1.7441866397857666
I0211 02:20:01.995776 139648015189760 logging_writer.py:48] [7700] global_step=7700, grad_norm=3.4222240447998047, loss=1.751357913017273
I0211 02:21:31.097446 139648006797056 logging_writer.py:48] [7800] global_step=7800, grad_norm=3.5172417163848877, loss=1.7593835592269897
I0211 02:22:58.539094 139648015189760 logging_writer.py:48] [7900] global_step=7900, grad_norm=3.5350522994995117, loss=1.71341872215271
I0211 02:24:26.299308 139648006797056 logging_writer.py:48] [8000] global_step=8000, grad_norm=2.978165626525879, loss=1.6720869541168213
I0211 02:25:51.260221 139648015189760 logging_writer.py:48] [8100] global_step=8100, grad_norm=2.5718185901641846, loss=1.6810832023620605
I0211 02:27:18.910723 139648006797056 logging_writer.py:48] [8200] global_step=8200, grad_norm=2.787795066833496, loss=1.7524919509887695
I0211 02:28:44.044406 139648015189760 logging_writer.py:48] [8300] global_step=8300, grad_norm=2.8851635456085205, loss=1.7076209783554077
I0211 02:29:59.759518 139648006797056 logging_writer.py:48] [8400] global_step=8400, grad_norm=2.9792304039001465, loss=1.694433569908142
I0211 02:31:17.584374 139648015189760 logging_writer.py:48] [8500] global_step=8500, grad_norm=3.4704740047454834, loss=1.7266783714294434
I0211 02:32:40.503417 139648006797056 logging_writer.py:48] [8600] global_step=8600, grad_norm=3.2805912494659424, loss=1.688355565071106
I0211 02:34:04.114844 139648015189760 logging_writer.py:48] [8700] global_step=8700, grad_norm=1.7813458442687988, loss=1.6521308422088623
I0211 02:34:53.690079 139803787056960 spec.py:321] Evaluating on the training split.
I0211 02:35:52.286606 139803787056960 spec.py:333] Evaluating on the validation split.
I0211 02:36:43.356117 139803787056960 spec.py:349] Evaluating on the test split.
I0211 02:37:09.824875 139803787056960 submission_runner.py:408] Time since start: 8155.92s, 	Step: 8757, 	{'train/ctc_loss': Array(0.42493558, dtype=float32), 'train/wer': 0.14487703581291178, 'validation/ctc_loss': Array(0.76556903, dtype=float32), 'validation/wer': 0.21989437809552315, 'validation/num_examples': 5348, 'test/ctc_loss': Array(0.4660455, dtype=float32), 'test/wer': 0.1513212682550322, 'test/num_examples': 2472, 'score': 7246.49645781517, 'total_duration': 8155.920823574066, 'accumulated_submission_time': 7246.49645781517, 'accumulated_eval_time': 908.856529712677, 'accumulated_logging_time': 0.20881009101867676}
I0211 02:37:09.852061 139647001429760 logging_writer.py:48] [8757] accumulated_eval_time=908.856530, accumulated_logging_time=0.208810, accumulated_submission_time=7246.496458, global_step=8757, preemption_count=0, score=7246.496458, test/ctc_loss=0.4660454988479614, test/num_examples=2472, test/wer=0.151321, total_duration=8155.920824, train/ctc_loss=0.42493557929992676, train/wer=0.144877, validation/ctc_loss=0.7655690312385559, validation/num_examples=5348, validation/wer=0.219894
I0211 02:37:43.527067 139646993037056 logging_writer.py:48] [8800] global_step=8800, grad_norm=2.2132911682128906, loss=1.6205379962921143
I0211 02:39:00.373985 139647001429760 logging_writer.py:48] [8900] global_step=8900, grad_norm=4.1262125968933105, loss=1.6476290225982666
I0211 02:40:15.439657 139646993037056 logging_writer.py:48] [9000] global_step=9000, grad_norm=2.9122796058654785, loss=1.7183743715286255
I0211 02:41:38.563798 139647001429760 logging_writer.py:48] [9100] global_step=9100, grad_norm=4.385451793670654, loss=1.6857576370239258
I0211 02:43:05.078965 139646993037056 logging_writer.py:48] [9200] global_step=9200, grad_norm=2.62835693359375, loss=1.6536741256713867
I0211 02:44:31.648551 139647001429760 logging_writer.py:48] [9300] global_step=9300, grad_norm=2.5660629272460938, loss=1.6345806121826172
I0211 02:45:47.399885 139646993037056 logging_writer.py:48] [9400] global_step=9400, grad_norm=3.1177546977996826, loss=1.675661563873291
I0211 02:47:04.506275 139647001429760 logging_writer.py:48] [9500] global_step=9500, grad_norm=2.7990214824676514, loss=1.6376614570617676
I0211 02:48:20.340895 139646993037056 logging_writer.py:48] [9600] global_step=9600, grad_norm=2.9441542625427246, loss=1.7014424800872803
I0211 02:49:43.341329 139647001429760 logging_writer.py:48] [9700] global_step=9700, grad_norm=3.6530632972717285, loss=1.6918896436691284
I0211 02:51:12.332288 139646993037056 logging_writer.py:48] [9800] global_step=9800, grad_norm=3.411895990371704, loss=1.6653918027877808
I0211 02:52:37.805147 139647001429760 logging_writer.py:48] [9900] global_step=9900, grad_norm=4.094379901885986, loss=1.570101261138916
I0211 02:54:08.133275 139646993037056 logging_writer.py:48] [10000] global_step=10000, grad_norm=2.6829986572265625, loss=1.5890591144561768
I0211 02:55:33.104004 139647001429760 logging_writer.py:48] [10100] global_step=10100, grad_norm=2.8822600841522217, loss=1.6493589878082275
I0211 02:57:00.396662 139646993037056 logging_writer.py:48] [10200] global_step=10200, grad_norm=3.230015754699707, loss=1.639818549156189
I0211 02:58:32.519598 139647001429760 logging_writer.py:48] [10300] global_step=10300, grad_norm=1.616878628730774, loss=1.5731936693191528
I0211 02:59:51.715274 139646993037056 logging_writer.py:48] [10400] global_step=10400, grad_norm=3.2129454612731934, loss=1.6374750137329102
I0211 03:01:10.222686 139647001429760 logging_writer.py:48] [10500] global_step=10500, grad_norm=4.36890172958374, loss=1.6257578134536743
I0211 03:01:10.228561 139803787056960 spec.py:321] Evaluating on the training split.
I0211 03:02:07.209467 139803787056960 spec.py:333] Evaluating on the validation split.
I0211 03:02:58.969363 139803787056960 spec.py:349] Evaluating on the test split.
I0211 03:03:26.106330 139803787056960 submission_runner.py:408] Time since start: 9732.20s, 	Step: 10501, 	{'train/ctc_loss': Array(0.41917217, dtype=float32), 'train/wer': 0.14101285135848834, 'validation/ctc_loss': Array(0.72048366, dtype=float32), 'validation/wer': 0.208675671239754, 'validation/num_examples': 5348, 'test/ctc_loss': Array(0.43311206, dtype=float32), 'test/wer': 0.1437044258932017, 'test/num_examples': 2472, 'score': 8686.787279844284, 'total_duration': 9732.202117919922, 'accumulated_submission_time': 8686.787279844284, 'accumulated_eval_time': 1044.7315225601196, 'accumulated_logging_time': 0.2510659694671631}
I0211 03:03:26.132536 139647001429760 logging_writer.py:48] [10501] accumulated_eval_time=1044.731523, accumulated_logging_time=0.251066, accumulated_submission_time=8686.787280, global_step=10501, preemption_count=0, score=8686.787280, test/ctc_loss=0.4331120550632477, test/num_examples=2472, test/wer=0.143704, total_duration=9732.202118, train/ctc_loss=0.41917216777801514, train/wer=0.141013, validation/ctc_loss=0.720483660697937, validation/num_examples=5348, validation/wer=0.208676
I0211 03:04:41.031225 139646993037056 logging_writer.py:48] [10600] global_step=10600, grad_norm=2.067746162414551, loss=1.5911030769348145
I0211 03:05:57.401492 139647001429760 logging_writer.py:48] [10700] global_step=10700, grad_norm=3.601412773132324, loss=1.6485755443572998
I0211 03:07:17.090353 139646993037056 logging_writer.py:48] [10800] global_step=10800, grad_norm=3.5842483043670654, loss=1.655178189277649
I0211 03:08:44.857552 139647001429760 logging_writer.py:48] [10900] global_step=10900, grad_norm=3.014280080795288, loss=1.6640056371688843
I0211 03:10:11.383203 139646993037056 logging_writer.py:48] [11000] global_step=11000, grad_norm=2.9522433280944824, loss=1.601648211479187
I0211 03:11:39.302329 139647001429760 logging_writer.py:48] [11100] global_step=11100, grad_norm=2.6340951919555664, loss=1.5954701900482178
I0211 03:13:06.631430 139646993037056 logging_writer.py:48] [11200] global_step=11200, grad_norm=2.8372440338134766, loss=1.573568344116211
I0211 03:14:35.713822 139647001429760 logging_writer.py:48] [11300] global_step=11300, grad_norm=3.582219123840332, loss=1.680881381034851
I0211 03:16:01.350891 139647001429760 logging_writer.py:48] [11400] global_step=11400, grad_norm=2.373464345932007, loss=1.6368087530136108
I0211 03:17:18.926284 139646993037056 logging_writer.py:48] [11500] global_step=11500, grad_norm=3.3255882263183594, loss=1.5847193002700806
I0211 03:18:36.588054 139647001429760 logging_writer.py:48] [11600] global_step=11600, grad_norm=3.167328119277954, loss=1.583288311958313
I0211 03:19:59.080811 139646993037056 logging_writer.py:48] [11700] global_step=11700, grad_norm=3.0539369583129883, loss=1.6048673391342163
I0211 03:21:25.952871 139647001429760 logging_writer.py:48] [11800] global_step=11800, grad_norm=3.631342649459839, loss=1.5977858304977417
I0211 03:22:55.735655 139646993037056 logging_writer.py:48] [11900] global_step=11900, grad_norm=2.6400585174560547, loss=1.6101027727127075
I0211 03:24:22.102587 139647001429760 logging_writer.py:48] [12000] global_step=12000, grad_norm=3.2355101108551025, loss=1.5900259017944336
I0211 03:25:47.761790 139646993037056 logging_writer.py:48] [12100] global_step=12100, grad_norm=3.00327205657959, loss=1.6647554636001587
I0211 03:27:16.545600 139647001429760 logging_writer.py:48] [12200] global_step=12200, grad_norm=2.8705646991729736, loss=1.5723844766616821
I0211 03:27:26.267045 139803787056960 spec.py:321] Evaluating on the training split.
I0211 03:28:26.979798 139803787056960 spec.py:333] Evaluating on the validation split.
I0211 03:29:18.139266 139803787056960 spec.py:349] Evaluating on the test split.
I0211 03:29:44.615149 139803787056960 submission_runner.py:408] Time since start: 11310.71s, 	Step: 12213, 	{'train/ctc_loss': Array(0.38169208, dtype=float32), 'train/wer': 0.12917171846085126, 'validation/ctc_loss': Array(0.70423025, dtype=float32), 'validation/wer': 0.20394489124033327, 'validation/num_examples': 5348, 'test/ctc_loss': Array(0.4196876, dtype=float32), 'test/wer': 0.13728596672963256, 'test/num_examples': 2472, 'score': 10126.841429710388, 'total_duration': 11310.710699796677, 'accumulated_submission_time': 10126.841429710388, 'accumulated_eval_time': 1183.076649427414, 'accumulated_logging_time': 0.2884364128112793}
I0211 03:29:44.641692 139647431509760 logging_writer.py:48] [12213] accumulated_eval_time=1183.076649, accumulated_logging_time=0.288436, accumulated_submission_time=10126.841430, global_step=12213, preemption_count=0, score=10126.841430, test/ctc_loss=0.4196875989437103, test/num_examples=2472, test/wer=0.137286, total_duration=11310.710700, train/ctc_loss=0.3816920816898346, train/wer=0.129172, validation/ctc_loss=0.7042302489280701, validation/num_examples=5348, validation/wer=0.203945
I0211 03:30:50.963031 139647423117056 logging_writer.py:48] [12300] global_step=12300, grad_norm=3.341167688369751, loss=1.625841498374939
I0211 03:32:12.437389 139646776149760 logging_writer.py:48] [12400] global_step=12400, grad_norm=2.0404248237609863, loss=1.5426853895187378
I0211 03:33:30.026417 139646767757056 logging_writer.py:48] [12500] global_step=12500, grad_norm=3.790127992630005, loss=1.5844652652740479
I0211 03:34:48.919454 139646776149760 logging_writer.py:48] [12600] global_step=12600, grad_norm=3.75459623336792, loss=1.6085408926010132
I0211 03:36:08.581359 139646767757056 logging_writer.py:48] [12700] global_step=12700, grad_norm=3.354726552963257, loss=1.5382903814315796
I0211 03:37:33.637780 139646776149760 logging_writer.py:48] [12800] global_step=12800, grad_norm=2.435901165008545, loss=1.612585186958313
I0211 03:39:00.826319 139646767757056 logging_writer.py:48] [12900] global_step=12900, grad_norm=3.7249362468719482, loss=1.5550315380096436
I0211 03:40:27.549193 139646776149760 logging_writer.py:48] [13000] global_step=13000, grad_norm=3.715796709060669, loss=1.6392085552215576
I0211 03:41:55.314031 139646767757056 logging_writer.py:48] [13100] global_step=13100, grad_norm=3.462203025817871, loss=1.5880554914474487
I0211 03:43:23.608156 139646776149760 logging_writer.py:48] [13200] global_step=13200, grad_norm=2.892800807952881, loss=1.5878971815109253
I0211 03:44:51.878673 139646767757056 logging_writer.py:48] [13300] global_step=13300, grad_norm=3.1053504943847656, loss=1.5679606199264526
I0211 03:46:17.153141 139646776149760 logging_writer.py:48] [13400] global_step=13400, grad_norm=5.298421859741211, loss=1.5693448781967163
I0211 03:47:34.587038 139646767757056 logging_writer.py:48] [13500] global_step=13500, grad_norm=3.040256977081299, loss=1.5938489437103271
I0211 03:48:51.062639 139646776149760 logging_writer.py:48] [13600] global_step=13600, grad_norm=3.501657009124756, loss=1.5473129749298096
I0211 03:50:10.173543 139646767757056 logging_writer.py:48] [13700] global_step=13700, grad_norm=3.859849452972412, loss=1.614911675453186
I0211 03:51:32.279866 139646776149760 logging_writer.py:48] [13800] global_step=13800, grad_norm=2.6652114391326904, loss=1.615319013595581
I0211 03:52:56.882385 139646767757056 logging_writer.py:48] [13900] global_step=13900, grad_norm=2.7443346977233887, loss=1.5562567710876465
I0211 03:53:45.460365 139803787056960 spec.py:321] Evaluating on the training split.
I0211 03:54:40.648293 139803787056960 spec.py:333] Evaluating on the validation split.
I0211 03:55:32.066437 139803787056960 spec.py:349] Evaluating on the test split.
I0211 03:55:58.239454 139803787056960 submission_runner.py:408] Time since start: 12884.34s, 	Step: 13956, 	{'train/ctc_loss': Array(0.3189625, dtype=float32), 'train/wer': 0.1119997919862711, 'validation/ctc_loss': Array(0.6466541, dtype=float32), 'validation/wer': 0.1890187976095079, 'validation/num_examples': 5348, 'test/ctc_loss': Array(0.38722602, dtype=float32), 'test/wer': 0.12702861901570084, 'test/num_examples': 2472, 'score': 11567.578044652939, 'total_duration': 12884.33522772789, 'accumulated_submission_time': 11567.578044652939, 'accumulated_eval_time': 1315.8529777526855, 'accumulated_logging_time': 0.32673048973083496}
I0211 03:55:58.269230 139646776149760 logging_writer.py:48] [13956] accumulated_eval_time=1315.852978, accumulated_logging_time=0.326730, accumulated_submission_time=11567.578045, global_step=13956, preemption_count=0, score=11567.578045, test/ctc_loss=0.38722601532936096, test/num_examples=2472, test/wer=0.127029, total_duration=12884.335228, train/ctc_loss=0.3189625144004822, train/wer=0.112000, validation/ctc_loss=0.6466541290283203, validation/num_examples=5348, validation/wer=0.189019
I0211 03:56:31.898863 139646767757056 logging_writer.py:48] [14000] global_step=14000, grad_norm=4.477115154266357, loss=1.5668529272079468
I0211 03:57:46.950370 139646776149760 logging_writer.py:48] [14100] global_step=14100, grad_norm=3.9511849880218506, loss=1.5716235637664795
I0211 03:59:02.497412 139646767757056 logging_writer.py:48] [14200] global_step=14200, grad_norm=4.244082450866699, loss=1.5179622173309326
I0211 04:00:29.741423 139646776149760 logging_writer.py:48] [14300] global_step=14300, grad_norm=3.128523826599121, loss=1.5169110298156738
I0211 04:01:56.523065 139646767757056 logging_writer.py:48] [14400] global_step=14400, grad_norm=3.485260486602783, loss=1.6125516891479492
I0211 04:03:20.511490 139647431509760 logging_writer.py:48] [14500] global_step=14500, grad_norm=2.2210311889648438, loss=1.4833520650863647
I0211 04:04:41.400228 139647423117056 logging_writer.py:48] [14600] global_step=14600, grad_norm=2.8984017372131348, loss=1.4979251623153687
I0211 04:05:58.645653 139647431509760 logging_writer.py:48] [14700] global_step=14700, grad_norm=2.4844298362731934, loss=1.526841163635254
I0211 04:07:22.182374 139647423117056 logging_writer.py:48] [14800] global_step=14800, grad_norm=2.189592123031616, loss=1.5701342821121216
I0211 04:08:47.122552 139647431509760 logging_writer.py:48] [14900] global_step=14900, grad_norm=2.6809256076812744, loss=1.5583902597427368
I0211 04:10:16.236566 139647423117056 logging_writer.py:48] [15000] global_step=15000, grad_norm=2.7555975914001465, loss=1.4916303157806396
I0211 04:11:46.082078 139647431509760 logging_writer.py:48] [15100] global_step=15100, grad_norm=4.392340183258057, loss=1.5303955078125
I0211 04:13:14.719873 139647423117056 logging_writer.py:48] [15200] global_step=15200, grad_norm=4.067487716674805, loss=1.5601118803024292
I0211 04:14:45.088178 139647431509760 logging_writer.py:48] [15300] global_step=15300, grad_norm=3.6347780227661133, loss=1.539668083190918
I0211 04:16:13.908953 139647423117056 logging_writer.py:48] [15400] global_step=15400, grad_norm=3.4891107082366943, loss=1.554335594177246
I0211 04:17:41.490517 139647431509760 logging_writer.py:48] [15500] global_step=15500, grad_norm=2.971856117248535, loss=1.4500030279159546
I0211 04:18:57.558238 139647423117056 logging_writer.py:48] [15600] global_step=15600, grad_norm=2.388181447982788, loss=1.5271092653274536
I0211 04:19:58.448931 139803787056960 spec.py:321] Evaluating on the training split.
I0211 04:20:52.872297 139803787056960 spec.py:333] Evaluating on the validation split.
I0211 04:21:46.038180 139803787056960 spec.py:349] Evaluating on the test split.
I0211 04:22:12.177273 139803787056960 submission_runner.py:408] Time since start: 14458.27s, 	Step: 15677, 	{'train/ctc_loss': Array(0.30618104, dtype=float32), 'train/wer': 0.1042991131516367, 'validation/ctc_loss': Array(0.6405959, dtype=float32), 'validation/wer': 0.1845680025488284, 'validation/num_examples': 5348, 'test/ctc_loss': Array(0.3840812, dtype=float32), 'test/wer': 0.1235756504783377, 'test/num_examples': 2472, 'score': 13007.677670955658, 'total_duration': 14458.273012399673, 'accumulated_submission_time': 13007.677670955658, 'accumulated_eval_time': 1449.5785381793976, 'accumulated_logging_time': 0.3680403232574463}
I0211 04:22:12.203029 139647431509760 logging_writer.py:48] [15677] accumulated_eval_time=1449.578538, accumulated_logging_time=0.368040, accumulated_submission_time=13007.677671, global_step=15677, preemption_count=0, score=13007.677671, test/ctc_loss=0.3840812146663666, test/num_examples=2472, test/wer=0.123576, total_duration=14458.273012, train/ctc_loss=0.30618104338645935, train/wer=0.104299, validation/ctc_loss=0.6405959129333496, validation/num_examples=5348, validation/wer=0.184568
I0211 04:22:30.806049 139647423117056 logging_writer.py:48] [15700] global_step=15700, grad_norm=2.211635112762451, loss=1.5208443403244019
I0211 04:23:46.205393 139647431509760 logging_writer.py:48] [15800] global_step=15800, grad_norm=4.478662967681885, loss=1.5438425540924072
I0211 04:25:01.357724 139647423117056 logging_writer.py:48] [15900] global_step=15900, grad_norm=2.7238094806671143, loss=1.4590741395950317
I0211 04:26:23.142215 139647431509760 logging_writer.py:48] [16000] global_step=16000, grad_norm=3.0260133743286133, loss=1.5846244096755981
I0211 04:27:51.799601 139647423117056 logging_writer.py:48] [16100] global_step=16100, grad_norm=2.627228260040283, loss=1.4935314655303955
I0211 04:29:18.934754 139647431509760 logging_writer.py:48] [16200] global_step=16200, grad_norm=2.869176149368286, loss=1.5565640926361084
I0211 04:30:44.531141 139647423117056 logging_writer.py:48] [16300] global_step=16300, grad_norm=3.0083229541778564, loss=1.5652472972869873
I0211 04:32:08.416664 139647431509760 logging_writer.py:48] [16400] global_step=16400, grad_norm=2.240834951400757, loss=1.478258490562439
I0211 04:33:37.328399 139647431509760 logging_writer.py:48] [16500] global_step=16500, grad_norm=3.271113157272339, loss=1.5486456155776978
I0211 04:34:54.159137 139647423117056 logging_writer.py:48] [16600] global_step=16600, grad_norm=2.5161774158477783, loss=1.5217084884643555
I0211 04:36:10.606107 139647431509760 logging_writer.py:48] [16700] global_step=16700, grad_norm=2.7338428497314453, loss=1.4333175420761108
I0211 04:37:27.842974 139647423117056 logging_writer.py:48] [16800] global_step=16800, grad_norm=4.422771453857422, loss=1.5653245449066162
I0211 04:38:54.136317 139647431509760 logging_writer.py:48] [16900] global_step=16900, grad_norm=2.774292230606079, loss=1.5245723724365234
I0211 04:40:21.323455 139647423117056 logging_writer.py:48] [17000] global_step=17000, grad_norm=2.8885953426361084, loss=1.5923174619674683
I0211 04:41:47.244533 139647431509760 logging_writer.py:48] [17100] global_step=17100, grad_norm=3.0488524436950684, loss=1.5060019493103027
I0211 04:43:16.942619 139647423117056 logging_writer.py:48] [17200] global_step=17200, grad_norm=2.83622145652771, loss=1.6000216007232666
I0211 04:44:43.156212 139647431509760 logging_writer.py:48] [17300] global_step=17300, grad_norm=2.4253170490264893, loss=1.5736234188079834
I0211 04:46:08.957064 139647423117056 logging_writer.py:48] [17400] global_step=17400, grad_norm=3.37007737159729, loss=1.5549907684326172
I0211 04:46:12.226051 139803787056960 spec.py:321] Evaluating on the training split.
I0211 04:47:16.288013 139803787056960 spec.py:333] Evaluating on the validation split.
I0211 04:48:08.680607 139803787056960 spec.py:349] Evaluating on the test split.
I0211 04:48:35.994057 139803787056960 submission_runner.py:408] Time since start: 16042.09s, 	Step: 17405, 	{'train/ctc_loss': Array(0.306939, dtype=float32), 'train/wer': 0.10795475875087818, 'validation/ctc_loss': Array(0.6359483, dtype=float32), 'validation/wer': 0.18245363352867916, 'validation/num_examples': 5348, 'test/ctc_loss': Array(0.36800343, dtype=float32), 'test/wer': 0.1195945808705543, 'test/num_examples': 2472, 'score': 14447.619881868362, 'total_duration': 16042.089720010757, 'accumulated_submission_time': 14447.619881868362, 'accumulated_eval_time': 1593.3436903953552, 'accumulated_logging_time': 0.40529966354370117}
I0211 04:48:36.022676 139647431509760 logging_writer.py:48] [17405] accumulated_eval_time=1593.343690, accumulated_logging_time=0.405300, accumulated_submission_time=14447.619882, global_step=17405, preemption_count=0, score=14447.619882, test/ctc_loss=0.3680034279823303, test/num_examples=2472, test/wer=0.119595, total_duration=16042.089720, train/ctc_loss=0.3069390058517456, train/wer=0.107955, validation/ctc_loss=0.6359483003616333, validation/num_examples=5348, validation/wer=0.182454
I0211 04:49:48.750751 139647423117056 logging_writer.py:48] [17500] global_step=17500, grad_norm=2.99718976020813, loss=1.520827054977417
I0211 04:51:10.238441 139646776149760 logging_writer.py:48] [17600] global_step=17600, grad_norm=3.2735166549682617, loss=1.4665896892547607
I0211 04:52:27.940495 139646767757056 logging_writer.py:48] [17700] global_step=17700, grad_norm=2.2705771923065186, loss=1.559656023979187
I0211 04:53:46.526013 139646776149760 logging_writer.py:48] [17800] global_step=17800, grad_norm=3.2979722023010254, loss=1.5468947887420654
I0211 04:55:11.855876 139646767757056 logging_writer.py:48] [17900] global_step=17900, grad_norm=4.4218058586120605, loss=1.4700826406478882
I0211 04:56:40.310148 139646776149760 logging_writer.py:48] [18000] global_step=18000, grad_norm=3.0426907539367676, loss=1.5637813806533813
I0211 04:58:09.540214 139646767757056 logging_writer.py:48] [18100] global_step=18100, grad_norm=2.691981077194214, loss=1.5194220542907715
I0211 04:59:33.757367 139646776149760 logging_writer.py:48] [18200] global_step=18200, grad_norm=2.414426565170288, loss=1.490257978439331
I0211 05:00:59.960815 139646767757056 logging_writer.py:48] [18300] global_step=18300, grad_norm=3.1350648403167725, loss=1.5421546697616577
I0211 05:02:28.835451 139646776149760 logging_writer.py:48] [18400] global_step=18400, grad_norm=2.892510414123535, loss=1.540515422821045
I0211 05:03:56.940281 139646767757056 logging_writer.py:48] [18500] global_step=18500, grad_norm=4.265777587890625, loss=1.5437768697738647
I0211 05:05:18.164622 139646776149760 logging_writer.py:48] [18600] global_step=18600, grad_norm=1.8456997871398926, loss=1.5080167055130005
I0211 05:06:35.425162 139646767757056 logging_writer.py:48] [18700] global_step=18700, grad_norm=3.0571532249450684, loss=1.499295711517334
I0211 05:07:53.525452 139646776149760 logging_writer.py:48] [18800] global_step=18800, grad_norm=2.675809621810913, loss=1.458747148513794
I0211 05:09:16.021278 139646767757056 logging_writer.py:48] [18900] global_step=18900, grad_norm=2.725855588912964, loss=1.4508253335952759
I0211 05:10:43.291664 139646776149760 logging_writer.py:48] [19000] global_step=19000, grad_norm=2.570739984512329, loss=1.5254366397857666
I0211 05:12:08.656347 139646767757056 logging_writer.py:48] [19100] global_step=19100, grad_norm=2.8707165718078613, loss=1.5119845867156982
I0211 05:12:36.613334 139803787056960 spec.py:321] Evaluating on the training split.
I0211 05:13:31.616735 139803787056960 spec.py:333] Evaluating on the validation split.
I0211 05:14:24.093871 139803787056960 spec.py:349] Evaluating on the test split.
I0211 05:14:50.853848 139803787056960 submission_runner.py:408] Time since start: 17616.95s, 	Step: 19134, 	{'train/ctc_loss': Array(0.3205848, dtype=float32), 'train/wer': 0.10751738544118036, 'validation/ctc_loss': Array(0.61774206, dtype=float32), 'validation/wer': 0.17917105148826476, 'validation/num_examples': 5348, 'test/ctc_loss': Array(0.35935163, dtype=float32), 'test/wer': 0.11469949017935124, 'test/num_examples': 2472, 'score': 15888.127633094788, 'total_duration': 17616.94973897934, 'accumulated_submission_time': 15888.127633094788, 'accumulated_eval_time': 1727.5816078186035, 'accumulated_logging_time': 0.44574427604675293}
I0211 05:14:50.882304 139646776149760 logging_writer.py:48] [19134] accumulated_eval_time=1727.581608, accumulated_logging_time=0.445744, accumulated_submission_time=15888.127633, global_step=19134, preemption_count=0, score=15888.127633, test/ctc_loss=0.35935163497924805, test/num_examples=2472, test/wer=0.114699, total_duration=17616.949739, train/ctc_loss=0.32058480381965637, train/wer=0.107517, validation/ctc_loss=0.6177420616149902, validation/num_examples=5348, validation/wer=0.179171
I0211 05:15:41.441492 139646767757056 logging_writer.py:48] [19200] global_step=19200, grad_norm=4.015627861022949, loss=1.5027703046798706
I0211 05:16:57.636581 139646776149760 logging_writer.py:48] [19300] global_step=19300, grad_norm=3.015108346939087, loss=1.5214377641677856
I0211 05:18:14.422406 139646767757056 logging_writer.py:48] [19400] global_step=19400, grad_norm=2.9676315784454346, loss=1.509463906288147
I0211 05:19:35.382108 139646776149760 logging_writer.py:48] [19500] global_step=19500, grad_norm=3.0748345851898193, loss=1.4396131038665771
I0211 05:21:01.024253 139647431509760 logging_writer.py:48] [19600] global_step=19600, grad_norm=2.0954718589782715, loss=1.4905567169189453
I0211 05:22:17.252840 139647423117056 logging_writer.py:48] [19700] global_step=19700, grad_norm=2.61444354057312, loss=1.5313199758529663
I0211 05:23:36.306481 139647431509760 logging_writer.py:48] [19800] global_step=19800, grad_norm=2.1095151901245117, loss=1.4836407899856567
I0211 05:24:58.783886 139647423117056 logging_writer.py:48] [19900] global_step=19900, grad_norm=3.5639193058013916, loss=1.506018042564392
