I0212 13:27:57.301211 139803787056960 checkpoints.py:915] Found no checkpoint files in /experiment_runs/prize_qualification/study_1/librispeech_deepspeech_jax/trial_4 with prefix checkpoint_
I0212 13:27:57.301352 139803787056960 submission_runner.py:300] Saving meta data to /experiment_runs/prize_qualification/study_1/librispeech_deepspeech_jax/trial_4/meta_data_0.json.
I0212 13:27:57.301680 139803787056960 logger_utils.py:257] Unable to record workload.train_mean information. Continuing without it.
I0212 13:27:57.301759 139803787056960 logger_utils.py:257] Unable to record workload.train_stddev information. Continuing without it.
fatal: detected dubious ownership in repository at '/algorithmic-efficiency'
To add an exception for this directory, call:

	git config --global --add safe.directory /algorithmic-efficiency
I0212 13:27:57.845394 139803787056960 logger_utils.py:220] Unable to record git information. Continuing without it.
I0212 13:27:58.333162 139803787056960 submission_runner.py:304] Saving flags to /experiment_runs/prize_qualification/study_1/librispeech_deepspeech_jax/trial_4/flags_0.json.
I0212 13:27:58.354084 139803787056960 submission_runner.py:314] Starting training loop.
I0212 13:27:58.357762 139803787056960 input_pipeline.py:20] Loading split = train-clean-100
I0212 13:27:58.877342 139803787056960 input_pipeline.py:20] Loading split = train-clean-360
I0212 13:27:59.011165 139803787056960 input_pipeline.py:20] Loading split = train-other-500
/usr/local/lib/python3.8/dist-packages/jax/_src/interpreters/mlir.py:582: UserWarning: Some donated buffers were not usable: ShapedArray(float32[512]), ShapedArray(float32[512]), ShapedArray(float32[512]), ShapedArray(float32[512]), ShapedArray(float32[512]), ShapedArray(float32[512]), ShapedArray(float32[512]), ShapedArray(float32[512]), ShapedArray(float32[512]), ShapedArray(float32[512]), ShapedArray(float32[512]), ShapedArray(float32[512]), ShapedArray(float32[512]), ShapedArray(float32[512]), ShapedArray(float32[512]), ShapedArray(float32[512]), ShapedArray(float32[512]), ShapedArray(float32[512]).
See an explanation at https://jax.readthedocs.io/en/latest/faq.html#buffer-donation.
  warnings.warn(f"Some donated buffers were not usable: {', '.join(unused_donations)}.\n{msg}")
I0212 13:28:14.471817 139646875539200 logging_writer.py:48] [0] global_step=0, grad_norm=18.24744415283203, loss=32.952850341796875
I0212 13:28:14.487015 139803787056960 spec.py:321] Evaluating on the training split.
I0212 13:30:05.408660 139803787056960 spec.py:333] Evaluating on the validation split.
I0212 13:31:13.536479 139803787056960 spec.py:349] Evaluating on the test split.
I0212 13:31:48.397418 139803787056960 submission_runner.py:408] Time since start: 230.04s, 	Step: 1, 	{'train/ctc_loss': Array(31.425632, dtype=float32), 'train/wer': 4.572452038869513, 'validation/ctc_loss': Array(30.812973, dtype=float32), 'validation/wer': 4.2336619133591435, 'validation/num_examples': 5348, 'test/ctc_loss': Array(30.93976, dtype=float32), 'test/wer': 4.561148010480775, 'test/num_examples': 2472, 'score': 16.132816791534424, 'total_duration': 230.04052543640137, 'accumulated_submission_time': 16.132816791534424, 'accumulated_eval_time': 213.90761828422546, 'accumulated_logging_time': 0}
I0212 13:31:48.414915 139647618680576 logging_writer.py:48] [1] accumulated_eval_time=213.907618, accumulated_logging_time=0, accumulated_submission_time=16.132817, global_step=1, preemption_count=0, score=16.132817, test/ctc_loss=30.939760208129883, test/num_examples=2472, test/wer=4.561148, total_duration=230.040525, train/ctc_loss=31.42563247680664, train/wer=4.572452, validation/ctc_loss=30.812973022460938, validation/num_examples=5348, validation/wer=4.233662
I0212 13:33:16.141736 139646892324608 logging_writer.py:48] [100] global_step=100, grad_norm=3.531517744064331, loss=5.840846538543701
I0212 13:34:33.308883 139646900717312 logging_writer.py:48] [200] global_step=200, grad_norm=2.114623785018921, loss=4.804646968841553
I0212 13:35:49.527672 139646892324608 logging_writer.py:48] [300] global_step=300, grad_norm=3.9947774410247803, loss=3.6787497997283936
I0212 13:37:07.225343 139646900717312 logging_writer.py:48] [400] global_step=400, grad_norm=3.177779197692871, loss=3.225188732147217
I0212 13:38:32.146643 139646892324608 logging_writer.py:48] [500] global_step=500, grad_norm=2.1979894638061523, loss=2.9968020915985107
I0212 13:40:02.820013 139646900717312 logging_writer.py:48] [600] global_step=600, grad_norm=2.9020936489105225, loss=2.907789945602417
I0212 13:41:30.077769 139646892324608 logging_writer.py:48] [700] global_step=700, grad_norm=1.9310024976730347, loss=2.7190656661987305
I0212 13:43:00.357852 139646900717312 logging_writer.py:48] [800] global_step=800, grad_norm=3.506096839904785, loss=2.608016014099121
I0212 13:44:31.497730 139646892324608 logging_writer.py:48] [900] global_step=900, grad_norm=3.035384178161621, loss=2.5369346141815186
I0212 13:46:02.181178 139646900717312 logging_writer.py:48] [1000] global_step=1000, grad_norm=3.122873544692993, loss=2.523362874984741
I0212 13:47:26.860476 139647618680576 logging_writer.py:48] [1100] global_step=1100, grad_norm=2.8050804138183594, loss=2.429924488067627
I0212 13:48:44.433473 139647610287872 logging_writer.py:48] [1200] global_step=1200, grad_norm=3.230290412902832, loss=2.5301499366760254
I0212 13:50:03.980624 139647618680576 logging_writer.py:48] [1300] global_step=1300, grad_norm=2.6413938999176025, loss=2.3672661781311035
I0212 13:51:25.983627 139647610287872 logging_writer.py:48] [1400] global_step=1400, grad_norm=2.9814445972442627, loss=2.341914176940918
I0212 13:52:54.653431 139647618680576 logging_writer.py:48] [1500] global_step=1500, grad_norm=2.770745277404785, loss=2.2997028827667236
I0212 13:54:23.815318 139647610287872 logging_writer.py:48] [1600] global_step=1600, grad_norm=2.658773183822632, loss=2.297691583633423
I0212 13:55:48.523332 139803787056960 spec.py:321] Evaluating on the training split.
I0212 13:56:41.155155 139803787056960 spec.py:333] Evaluating on the validation split.
I0212 13:57:34.060315 139803787056960 spec.py:349] Evaluating on the test split.
I0212 13:58:00.785938 139803787056960 submission_runner.py:408] Time since start: 1802.42s, 	Step: 1695, 	{'train/ctc_loss': Array(1.6061379, dtype=float32), 'train/wer': 0.43652306734930557, 'validation/ctc_loss': Array(1.737651, dtype=float32), 'validation/wer': 0.44028114349710845, 'validation/num_examples': 5348, 'test/ctc_loss': Array(1.3081437, dtype=float32), 'test/wer': 0.38206081286941684, 'test/num_examples': 2472, 'score': 1456.1565909385681, 'total_duration': 1802.423523426056, 'accumulated_submission_time': 1456.1565909385681, 'accumulated_eval_time': 346.16198992729187, 'accumulated_logging_time': 0.031929969787597656}
I0212 13:58:00.824768 139647035000576 logging_writer.py:48] [1695] accumulated_eval_time=346.161990, accumulated_logging_time=0.031930, accumulated_submission_time=1456.156591, global_step=1695, preemption_count=0, score=1456.156591, test/ctc_loss=1.3081437349319458, test/num_examples=2472, test/wer=0.382061, total_duration=1802.423523, train/ctc_loss=1.6061378717422485, train/wer=0.436523, validation/ctc_loss=1.737650990486145, validation/num_examples=5348, validation/wer=0.440281
I0212 13:58:05.622699 139647026607872 logging_writer.py:48] [1700] global_step=1700, grad_norm=3.396299123764038, loss=2.257751703262329
I0212 13:59:21.551188 139647035000576 logging_writer.py:48] [1800] global_step=1800, grad_norm=3.3218822479248047, loss=2.3230345249176025
I0212 14:00:37.519082 139647026607872 logging_writer.py:48] [1900] global_step=1900, grad_norm=2.119739294052124, loss=2.173126220703125
I0212 14:02:00.381116 139647035000576 logging_writer.py:48] [2000] global_step=2000, grad_norm=3.871584177017212, loss=2.211610794067383
I0212 14:03:31.056921 139647035000576 logging_writer.py:48] [2100] global_step=2100, grad_norm=2.9306812286376953, loss=2.1886117458343506
I0212 14:04:52.170099 139647026607872 logging_writer.py:48] [2200] global_step=2200, grad_norm=3.157576084136963, loss=2.1491827964782715
I0212 14:06:10.141082 139647035000576 logging_writer.py:48] [2300] global_step=2300, grad_norm=2.5049469470977783, loss=2.099112033843994
I0212 14:07:31.456849 139647026607872 logging_writer.py:48] [2400] global_step=2400, grad_norm=3.0561492443084717, loss=2.157116174697876
I0212 14:08:57.270223 139647035000576 logging_writer.py:48] [2500] global_step=2500, grad_norm=3.0273892879486084, loss=2.091714382171631
I0212 14:10:26.637814 139647026607872 logging_writer.py:48] [2600] global_step=2600, grad_norm=3.3064379692077637, loss=2.1035208702087402
I0212 14:11:54.924927 139647035000576 logging_writer.py:48] [2700] global_step=2700, grad_norm=5.218916893005371, loss=2.0834007263183594
I0212 14:13:25.554512 139647026607872 logging_writer.py:48] [2800] global_step=2800, grad_norm=3.2598254680633545, loss=2.1113736629486084
I0212 14:14:59.052368 139647035000576 logging_writer.py:48] [2900] global_step=2900, grad_norm=3.2173750400543213, loss=2.072175979614258
I0212 14:16:31.733586 139647026607872 logging_writer.py:48] [3000] global_step=3000, grad_norm=3.621152639389038, loss=2.099534511566162
I0212 14:18:00.829236 139647035000576 logging_writer.py:48] [3100] global_step=3100, grad_norm=2.791844129562378, loss=2.006990671157837
I0212 14:19:17.915208 139647026607872 logging_writer.py:48] [3200] global_step=3200, grad_norm=2.0760703086853027, loss=2.0424141883850098
I0212 14:20:36.714234 139647035000576 logging_writer.py:48] [3300] global_step=3300, grad_norm=3.429320812225342, loss=2.040874719619751
I0212 14:21:57.872902 139647026607872 logging_writer.py:48] [3400] global_step=3400, grad_norm=4.663326740264893, loss=1.9757094383239746
I0212 14:22:01.699933 139803787056960 spec.py:321] Evaluating on the training split.
I0212 14:22:55.177591 139803787056960 spec.py:333] Evaluating on the validation split.
I0212 14:23:49.084921 139803787056960 spec.py:349] Evaluating on the test split.
I0212 14:24:16.047840 139803787056960 submission_runner.py:408] Time since start: 3377.69s, 	Step: 3406, 	{'train/ctc_loss': Array(0.86962605, dtype=float32), 'train/wer': 0.25982874715626536, 'validation/ctc_loss': Array(1.0091406, dtype=float32), 'validation/wer': 0.2794732421290441, 'validation/num_examples': 5348, 'test/ctc_loss': Array(0.67142403, dtype=float32), 'test/wer': 0.20847805333820812, 'test/num_examples': 2472, 'score': 2896.9300112724304, 'total_duration': 3377.6903870105743, 'accumulated_submission_time': 2896.9300112724304, 'accumulated_eval_time': 480.506609916687, 'accumulated_logging_time': 0.09938645362854004}
I0212 14:24:16.074007 139648048760576 logging_writer.py:48] [3406] accumulated_eval_time=480.506610, accumulated_logging_time=0.099386, accumulated_submission_time=2896.930011, global_step=3406, preemption_count=0, score=2896.930011, test/ctc_loss=0.6714240312576294, test/num_examples=2472, test/wer=0.208478, total_duration=3377.690387, train/ctc_loss=0.8696260452270508, train/wer=0.259829, validation/ctc_loss=1.0091406106948853, validation/num_examples=5348, validation/wer=0.279473
I0212 14:25:27.959434 139648040367872 logging_writer.py:48] [3500] global_step=3500, grad_norm=2.1038658618927, loss=1.9123777151107788
I0212 14:26:43.853012 139648048760576 logging_writer.py:48] [3600] global_step=3600, grad_norm=3.377941131591797, loss=2.055893898010254
I0212 14:28:07.914911 139648040367872 logging_writer.py:48] [3700] global_step=3700, grad_norm=2.5580086708068848, loss=1.969295859336853
I0212 14:29:34.701359 139648048760576 logging_writer.py:48] [3800] global_step=3800, grad_norm=7.554489612579346, loss=2.0244596004486084
I0212 14:31:04.924249 139648040367872 logging_writer.py:48] [3900] global_step=3900, grad_norm=2.882530927658081, loss=1.9754226207733154
I0212 14:32:35.209229 139648048760576 logging_writer.py:48] [4000] global_step=4000, grad_norm=2.1680543422698975, loss=1.9773935079574585
I0212 14:34:04.211525 139648040367872 logging_writer.py:48] [4100] global_step=4100, grad_norm=2.019540309906006, loss=1.99569833278656
I0212 14:35:27.807816 139647721080576 logging_writer.py:48] [4200] global_step=4200, grad_norm=2.6503946781158447, loss=2.0271201133728027
I0212 14:36:46.780975 139647712687872 logging_writer.py:48] [4300] global_step=4300, grad_norm=2.162365436553955, loss=2.0016579627990723
I0212 14:38:07.898696 139647721080576 logging_writer.py:48] [4400] global_step=4400, grad_norm=2.481666326522827, loss=1.8868052959442139
I0212 14:39:30.177626 139647712687872 logging_writer.py:48] [4500] global_step=4500, grad_norm=2.2183477878570557, loss=1.9367763996124268
I0212 14:40:59.082783 139647721080576 logging_writer.py:48] [4600] global_step=4600, grad_norm=3.51434588432312, loss=1.993239164352417
I0212 14:42:29.476399 139647712687872 logging_writer.py:48] [4700] global_step=4700, grad_norm=2.695077896118164, loss=1.911024570465088
I0212 14:44:02.021116 139647721080576 logging_writer.py:48] [4800] global_step=4800, grad_norm=2.6572446823120117, loss=2.0211095809936523
I0212 14:45:32.462379 139647712687872 logging_writer.py:48] [4900] global_step=4900, grad_norm=4.46311092376709, loss=2.0300216674804688
I0212 14:47:06.081898 139647721080576 logging_writer.py:48] [5000] global_step=5000, grad_norm=4.09312629699707, loss=1.9314597845077515
I0212 14:48:17.352464 139803787056960 spec.py:321] Evaluating on the training split.
I0212 14:49:11.725255 139803787056960 spec.py:333] Evaluating on the validation split.
I0212 14:50:04.085144 139803787056960 spec.py:349] Evaluating on the test split.
I0212 14:50:31.427679 139803787056960 submission_runner.py:408] Time since start: 4953.07s, 	Step: 5080, 	{'train/ctc_loss': Array(0.8732126, dtype=float32), 'train/wer': 0.2650956794108236, 'validation/ctc_loss': Array(0.9360504, dtype=float32), 'validation/wer': 0.26124525715168423, 'validation/num_examples': 5348, 'test/ctc_loss': Array(0.6041575, dtype=float32), 'test/wer': 0.18893831373265899, 'test/num_examples': 2472, 'score': 4338.122195243835, 'total_duration': 4953.06637597084, 'accumulated_submission_time': 4338.122195243835, 'accumulated_eval_time': 614.574684381485, 'accumulated_logging_time': 0.14055585861206055}
I0212 14:50:31.465145 139647137400576 logging_writer.py:48] [5080] accumulated_eval_time=614.574684, accumulated_logging_time=0.140556, accumulated_submission_time=4338.122195, global_step=5080, preemption_count=0, score=4338.122195, test/ctc_loss=0.6041575074195862, test/num_examples=2472, test/wer=0.188938, total_duration=4953.066376, train/ctc_loss=0.8732125759124756, train/wer=0.265096, validation/ctc_loss=0.9360504150390625, validation/num_examples=5348, validation/wer=0.261245
I0212 14:50:47.514351 139647129007872 logging_writer.py:48] [5100] global_step=5100, grad_norm=2.436960220336914, loss=1.9691998958587646
I0212 14:52:08.072215 139647137400576 logging_writer.py:48] [5200] global_step=5200, grad_norm=1.9215866327285767, loss=2.014857530593872
I0212 14:53:28.031364 139647129007872 logging_writer.py:48] [5300] global_step=5300, grad_norm=2.540933847427368, loss=1.9567718505859375
I0212 14:54:49.588748 139647137400576 logging_writer.py:48] [5400] global_step=5400, grad_norm=4.290652275085449, loss=1.952436089515686
I0212 14:56:10.949581 139647129007872 logging_writer.py:48] [5500] global_step=5500, grad_norm=3.300837755203247, loss=1.9937553405761719
I0212 14:57:37.566244 139647137400576 logging_writer.py:48] [5600] global_step=5600, grad_norm=2.5136847496032715, loss=1.8549352884292603
I0212 14:59:07.857828 139647129007872 logging_writer.py:48] [5700] global_step=5700, grad_norm=3.1703591346740723, loss=1.8779999017715454
I0212 15:00:36.373326 139647137400576 logging_writer.py:48] [5800] global_step=5800, grad_norm=1.7713581323623657, loss=1.9921120405197144
I0212 15:02:06.726801 139647129007872 logging_writer.py:48] [5900] global_step=5900, grad_norm=1.766378402709961, loss=1.931836485862732
I0212 15:03:37.992211 139647137400576 logging_writer.py:48] [6000] global_step=6000, grad_norm=2.771909713745117, loss=1.912480354309082
I0212 15:05:07.521899 139647129007872 logging_writer.py:48] [6100] global_step=6100, grad_norm=4.20241641998291, loss=1.956581473350525
I0212 15:06:38.668291 139647137400576 logging_writer.py:48] [6200] global_step=6200, grad_norm=5.840641975402832, loss=1.9996557235717773
I0212 15:07:55.021839 139647129007872 logging_writer.py:48] [6300] global_step=6300, grad_norm=4.785707473754883, loss=1.930148959159851
I0212 15:09:16.746425 139647137400576 logging_writer.py:48] [6400] global_step=6400, grad_norm=3.437028169631958, loss=1.8669109344482422
I0212 15:10:36.981633 139647129007872 logging_writer.py:48] [6500] global_step=6500, grad_norm=4.253653526306152, loss=1.8936902284622192
I0212 15:12:01.191686 139647137400576 logging_writer.py:48] [6600] global_step=6600, grad_norm=5.16156005859375, loss=1.9342905282974243
I0212 15:13:29.104292 139647129007872 logging_writer.py:48] [6700] global_step=6700, grad_norm=4.453255653381348, loss=2.125277280807495
I0212 15:14:31.912709 139803787056960 spec.py:321] Evaluating on the training split.
I0212 15:15:26.429355 139803787056960 spec.py:333] Evaluating on the validation split.
I0212 15:16:18.949161 139803787056960 spec.py:349] Evaluating on the test split.
I0212 15:16:46.460179 139803787056960 submission_runner.py:408] Time since start: 6528.10s, 	Step: 6770, 	{'train/ctc_loss': Array(0.7836887, dtype=float32), 'train/wer': 0.23927822214244848, 'validation/ctc_loss': Array(0.9076595, dtype=float32), 'validation/wer': 0.25304845670370835, 'validation/num_examples': 5348, 'test/ctc_loss': Array(0.5918397, dtype=float32), 'test/wer': 0.18637905469908395, 'test/num_examples': 2472, 'score': 5778.4819252491, 'total_duration': 6528.09968495369, 'accumulated_submission_time': 5778.4819252491, 'accumulated_eval_time': 749.1158313751221, 'accumulated_logging_time': 0.19507622718811035}
I0212 15:16:46.496526 139647137400576 logging_writer.py:48] [6770] accumulated_eval_time=749.115831, accumulated_logging_time=0.195076, accumulated_submission_time=5778.481925, global_step=6770, preemption_count=0, score=5778.481925, test/ctc_loss=0.5918396711349487, test/num_examples=2472, test/wer=0.186379, total_duration=6528.099685, train/ctc_loss=0.7836887240409851, train/wer=0.239278, validation/ctc_loss=0.9076594710350037, validation/num_examples=5348, validation/wer=0.253048
I0212 15:17:10.233062 139647129007872 logging_writer.py:48] [6800] global_step=6800, grad_norm=3.15925931930542, loss=1.8930132389068604
I0212 15:18:25.558017 139647137400576 logging_writer.py:48] [6900] global_step=6900, grad_norm=1.8556562662124634, loss=1.812612771987915
I0212 15:19:43.350348 139647129007872 logging_writer.py:48] [7000] global_step=7000, grad_norm=3.386796236038208, loss=1.9742915630340576
I0212 15:21:12.734741 139647137400576 logging_writer.py:48] [7100] global_step=7100, grad_norm=3.2327373027801514, loss=1.887396216392517
I0212 15:22:41.904540 139647129007872 logging_writer.py:48] [7200] global_step=7200, grad_norm=2.3232266902923584, loss=1.8816757202148438
I0212 15:24:03.441888 139648048760576 logging_writer.py:48] [7300] global_step=7300, grad_norm=2.5411159992218018, loss=1.8889260292053223
I0212 15:25:20.825167 139648040367872 logging_writer.py:48] [7400] global_step=7400, grad_norm=4.617328643798828, loss=1.8953841924667358
I0212 15:26:38.227954 139648048760576 logging_writer.py:48] [7500] global_step=7500, grad_norm=4.9083051681518555, loss=1.924910068511963
I0212 15:28:01.792454 139648040367872 logging_writer.py:48] [7600] global_step=7600, grad_norm=2.44425630569458, loss=1.811381220817566
I0212 15:29:29.212370 139648048760576 logging_writer.py:48] [7700] global_step=7700, grad_norm=2.9560887813568115, loss=1.858917236328125
I0212 15:31:02.713355 139648040367872 logging_writer.py:48] [7800] global_step=7800, grad_norm=2.252519130706787, loss=1.8714449405670166
I0212 15:32:32.310536 139648048760576 logging_writer.py:48] [7900] global_step=7900, grad_norm=1.9419220685958862, loss=1.8690977096557617
I0212 15:34:04.194939 139648040367872 logging_writer.py:48] [8000] global_step=8000, grad_norm=3.0291409492492676, loss=1.8917183876037598
I0212 15:35:32.959089 139648048760576 logging_writer.py:48] [8100] global_step=8100, grad_norm=2.1451964378356934, loss=1.9055595397949219
I0212 15:37:05.304026 139648040367872 logging_writer.py:48] [8200] global_step=8200, grad_norm=2.684016466140747, loss=1.9270998239517212
I0212 15:38:32.320055 139647137400576 logging_writer.py:48] [8300] global_step=8300, grad_norm=2.5281178951263428, loss=1.884741187095642
I0212 15:39:50.376180 139647129007872 logging_writer.py:48] [8400] global_step=8400, grad_norm=1.5770140886306763, loss=1.860801339149475
I0212 15:40:47.439688 139803787056960 spec.py:321] Evaluating on the training split.
I0212 15:41:42.932163 139803787056960 spec.py:333] Evaluating on the validation split.
I0212 15:42:36.278486 139803787056960 spec.py:349] Evaluating on the test split.
I0212 15:43:03.376133 139803787056960 submission_runner.py:408] Time since start: 8105.02s, 	Step: 8473, 	{'train/ctc_loss': Array(0.7977896, dtype=float32), 'train/wer': 0.23808503154608807, 'validation/ctc_loss': Array(0.8691856, dtype=float32), 'validation/wer': 0.24392480956196838, 'validation/num_examples': 5348, 'test/ctc_loss': Array(0.5595584, dtype=float32), 'test/wer': 0.17303434688115696, 'test/num_examples': 2472, 'score': 7219.33767747879, 'total_duration': 8105.016730308533, 'accumulated_submission_time': 7219.33767747879, 'accumulated_eval_time': 885.0470359325409, 'accumulated_logging_time': 0.2474684715270996}
I0212 15:43:03.413762 139647137400576 logging_writer.py:48] [8473] accumulated_eval_time=885.047036, accumulated_logging_time=0.247468, accumulated_submission_time=7219.337677, global_step=8473, preemption_count=0, score=7219.337677, test/ctc_loss=0.5595583915710449, test/num_examples=2472, test/wer=0.173034, total_duration=8105.016730, train/ctc_loss=0.7977895736694336, train/wer=0.238085, validation/ctc_loss=0.8691856265068054, validation/num_examples=5348, validation/wer=0.243925
I0212 15:43:24.969651 139647129007872 logging_writer.py:48] [8500] global_step=8500, grad_norm=2.089789628982544, loss=1.797385334968567
I0212 15:44:40.762041 139647137400576 logging_writer.py:48] [8600] global_step=8600, grad_norm=2.8695497512817383, loss=1.8721919059753418
I0212 15:45:56.046115 139647129007872 logging_writer.py:48] [8700] global_step=8700, grad_norm=3.7681760787963867, loss=1.8186542987823486
I0212 15:47:23.412134 139647137400576 logging_writer.py:48] [8800] global_step=8800, grad_norm=2.706364631652832, loss=1.8327714204788208
I0212 15:48:53.179115 139647129007872 logging_writer.py:48] [8900] global_step=8900, grad_norm=4.499279975891113, loss=1.876714825630188
I0212 15:50:20.310663 139647137400576 logging_writer.py:48] [9000] global_step=9000, grad_norm=2.330402135848999, loss=1.8711445331573486
I0212 15:51:51.527573 139647129007872 logging_writer.py:48] [9100] global_step=9100, grad_norm=2.2568514347076416, loss=1.884703278541565
I0212 15:53:23.025262 139647137400576 logging_writer.py:48] [9200] global_step=9200, grad_norm=2.0019712448120117, loss=1.8311009407043457
I0212 15:54:52.970562 139648048760576 logging_writer.py:48] [9300] global_step=9300, grad_norm=2.0857152938842773, loss=1.820193886756897
I0212 15:56:09.234082 139648040367872 logging_writer.py:48] [9400] global_step=9400, grad_norm=2.5579731464385986, loss=1.8190525770187378
I0212 15:57:28.549303 139648048760576 logging_writer.py:48] [9500] global_step=9500, grad_norm=2.738819122314453, loss=1.8563117980957031
I0212 15:58:50.564641 139648040367872 logging_writer.py:48] [9600] global_step=9600, grad_norm=3.0206639766693115, loss=1.9356625080108643
I0212 16:00:17.528010 139648048760576 logging_writer.py:48] [9700] global_step=9700, grad_norm=2.52601957321167, loss=1.821936011314392
I0212 16:01:48.138192 139648040367872 logging_writer.py:48] [9800] global_step=9800, grad_norm=2.9519708156585693, loss=1.8488517999649048
I0212 16:03:19.196973 139648048760576 logging_writer.py:48] [9900] global_step=9900, grad_norm=2.277923822402954, loss=1.8450896739959717
I0212 16:04:48.663716 139648040367872 logging_writer.py:48] [10000] global_step=10000, grad_norm=3.19818377494812, loss=1.84511399269104
I0212 16:06:15.248385 139648048760576 logging_writer.py:48] [10100] global_step=10100, grad_norm=4.358137607574463, loss=1.8549017906188965
I0212 16:07:03.597903 139803787056960 spec.py:321] Evaluating on the training split.
I0212 16:07:58.499584 139803787056960 spec.py:333] Evaluating on the validation split.
I0212 16:08:51.143151 139803787056960 spec.py:349] Evaluating on the test split.
I0212 16:09:18.045016 139803787056960 submission_runner.py:408] Time since start: 9679.68s, 	Step: 10157, 	{'train/ctc_loss': Array(0.70206696, dtype=float32), 'train/wer': 0.21623922703828005, 'validation/ctc_loss': Array(0.8392556, dtype=float32), 'validation/wer': 0.236529345317976, 'validation/num_examples': 5348, 'test/ctc_loss': Array(0.5371239, dtype=float32), 'test/wer': 0.1710641236568968, 'test/num_examples': 2472, 'score': 8659.357873678207, 'total_duration': 9679.683911561966, 'accumulated_submission_time': 8659.357873678207, 'accumulated_eval_time': 1019.487206697464, 'accumulated_logging_time': 0.3779764175415039}
I0212 16:09:18.080564 139647618680576 logging_writer.py:48] [10157] accumulated_eval_time=1019.487207, accumulated_logging_time=0.377976, accumulated_submission_time=8659.357874, global_step=10157, preemption_count=0, score=8659.357874, test/ctc_loss=0.5371239185333252, test/num_examples=2472, test/wer=0.171064, total_duration=9679.683912, train/ctc_loss=0.702066957950592, train/wer=0.216239, validation/ctc_loss=0.8392555713653564, validation/num_examples=5348, validation/wer=0.236529
I0212 16:09:51.151478 139647610287872 logging_writer.py:48] [10200] global_step=10200, grad_norm=3.33205509185791, loss=1.8071492910385132
I0212 16:11:11.320685 139647618680576 logging_writer.py:48] [10300] global_step=10300, grad_norm=2.412304401397705, loss=1.7631891965866089
I0212 16:12:27.885243 139647610287872 logging_writer.py:48] [10400] global_step=10400, grad_norm=4.25335168838501, loss=1.8309993743896484
I0212 16:13:45.420372 139647618680576 logging_writer.py:48] [10500] global_step=10500, grad_norm=4.337802886962891, loss=1.795422077178955
I0212 16:15:06.870751 139647610287872 logging_writer.py:48] [10600] global_step=10600, grad_norm=2.1242613792419434, loss=1.8167147636413574
I0212 16:16:29.750232 139647618680576 logging_writer.py:48] [10700] global_step=10700, grad_norm=2.3655247688293457, loss=1.799721121788025
I0212 16:17:57.142626 139647610287872 logging_writer.py:48] [10800] global_step=10800, grad_norm=2.328446388244629, loss=1.8221803903579712
I0212 16:19:24.082978 139647618680576 logging_writer.py:48] [10900] global_step=10900, grad_norm=2.449197292327881, loss=1.9007763862609863
I0212 16:20:53.840065 139647610287872 logging_writer.py:48] [11000] global_step=11000, grad_norm=5.048068046569824, loss=1.7796802520751953
I0212 16:22:27.766907 139647618680576 logging_writer.py:48] [11100] global_step=11100, grad_norm=4.0536651611328125, loss=1.8508265018463135
I0212 16:23:57.547712 139647610287872 logging_writer.py:48] [11200] global_step=11200, grad_norm=2.3374698162078857, loss=1.8166719675064087
I0212 16:25:31.234295 139647618680576 logging_writer.py:48] [11300] global_step=11300, grad_norm=2.4591856002807617, loss=1.8151458501815796
I0212 16:26:54.010442 139647618680576 logging_writer.py:48] [11400] global_step=11400, grad_norm=4.543449878692627, loss=1.8405941724777222
I0212 16:28:12.728101 139647610287872 logging_writer.py:48] [11500] global_step=11500, grad_norm=2.111583709716797, loss=1.8284449577331543
I0212 16:29:33.636486 139647618680576 logging_writer.py:48] [11600] global_step=11600, grad_norm=4.110109329223633, loss=1.8189671039581299
I0212 16:31:00.320964 139647610287872 logging_writer.py:48] [11700] global_step=11700, grad_norm=2.1536829471588135, loss=1.8063138723373413
I0212 16:32:30.126057 139647618680576 logging_writer.py:48] [11800] global_step=11800, grad_norm=3.161432981491089, loss=1.808497428894043
I0212 16:33:18.822707 139803787056960 spec.py:321] Evaluating on the training split.
I0212 16:34:12.855045 139803787056960 spec.py:333] Evaluating on the validation split.
I0212 16:35:05.290356 139803787056960 spec.py:349] Evaluating on the test split.
I0212 16:35:31.916449 139803787056960 submission_runner.py:408] Time since start: 11253.56s, 	Step: 11856, 	{'train/ctc_loss': Array(0.71111774, dtype=float32), 'train/wer': 0.221663515637457, 'validation/ctc_loss': Array(0.8253648, dtype=float32), 'validation/wer': 0.23265782944089905, 'validation/num_examples': 5348, 'test/ctc_loss': Array(0.5218247, dtype=float32), 'test/wer': 0.16379257814880263, 'test/num_examples': 2472, 'score': 10100.010554075241, 'total_duration': 11253.55560541153, 'accumulated_submission_time': 10100.010554075241, 'accumulated_eval_time': 1152.574282169342, 'accumulated_logging_time': 0.43176698684692383}
I0212 16:35:31.952186 139647035000576 logging_writer.py:48] [11856] accumulated_eval_time=1152.574282, accumulated_logging_time=0.431767, accumulated_submission_time=10100.010554, global_step=11856, preemption_count=0, score=10100.010554, test/ctc_loss=0.5218247175216675, test/num_examples=2472, test/wer=0.163793, total_duration=11253.555605, train/ctc_loss=0.7111177444458008, train/wer=0.221664, validation/ctc_loss=0.8253648281097412, validation/num_examples=5348, validation/wer=0.232658
I0212 16:36:06.510174 139647026607872 logging_writer.py:48] [11900] global_step=11900, grad_norm=2.8193869590759277, loss=1.8068979978561401
I0212 16:37:21.755373 139647035000576 logging_writer.py:48] [12000] global_step=12000, grad_norm=2.9892337322235107, loss=1.7787340879440308
I0212 16:38:44.177770 139647026607872 logging_writer.py:48] [12100] global_step=12100, grad_norm=2.3531494140625, loss=1.7891217470169067
I0212 16:40:14.734617 139647035000576 logging_writer.py:48] [12200] global_step=12200, grad_norm=2.773684024810791, loss=1.775400996208191
I0212 16:41:42.178565 139647026607872 logging_writer.py:48] [12300] global_step=12300, grad_norm=2.035210371017456, loss=1.8008966445922852
I0212 16:43:12.744316 139647035000576 logging_writer.py:48] [12400] global_step=12400, grad_norm=2.5095272064208984, loss=1.7779921293258667
I0212 16:44:30.159628 139647026607872 logging_writer.py:48] [12500] global_step=12500, grad_norm=2.590230941772461, loss=1.834383249282837
I0212 16:45:48.167009 139647035000576 logging_writer.py:48] [12600] global_step=12600, grad_norm=4.017258167266846, loss=1.8219817876815796
I0212 16:47:07.643185 139647026607872 logging_writer.py:48] [12700] global_step=12700, grad_norm=3.8225088119506836, loss=1.742414116859436
I0212 16:48:34.870048 139647035000576 logging_writer.py:48] [12800] global_step=12800, grad_norm=2.1507747173309326, loss=1.7672419548034668
I0212 16:50:05.677541 139647026607872 logging_writer.py:48] [12900] global_step=12900, grad_norm=2.2647788524627686, loss=1.7676081657409668
I0212 16:51:35.697515 139647035000576 logging_writer.py:48] [13000] global_step=13000, grad_norm=2.6403491497039795, loss=1.8280185461044312
I0212 16:53:04.847981 139647026607872 logging_writer.py:48] [13100] global_step=13100, grad_norm=2.2313380241394043, loss=1.8094719648361206
I0212 16:54:34.218260 139647035000576 logging_writer.py:48] [13200] global_step=13200, grad_norm=2.6028778553009033, loss=1.8161453008651733
I0212 16:56:02.653128 139647026607872 logging_writer.py:48] [13300] global_step=13300, grad_norm=2.578352451324463, loss=1.7676653861999512
I0212 16:57:37.134747 139647035000576 logging_writer.py:48] [13400] global_step=13400, grad_norm=2.1461944580078125, loss=1.7526235580444336
I0212 16:58:54.890463 139647026607872 logging_writer.py:48] [13500] global_step=13500, grad_norm=3.5234029293060303, loss=1.8111408948898315
I0212 16:59:32.103215 139803787056960 spec.py:321] Evaluating on the training split.
I0212 17:00:26.502126 139803787056960 spec.py:333] Evaluating on the validation split.
I0212 17:01:18.573984 139803787056960 spec.py:349] Evaluating on the test split.
I0212 17:01:46.227972 139803787056960 submission_runner.py:408] Time since start: 12827.87s, 	Step: 13549, 	{'train/ctc_loss': Array(0.66694856, dtype=float32), 'train/wer': 0.20693933669420195, 'validation/ctc_loss': Array(0.79508895, dtype=float32), 'validation/wer': 0.22329281597265802, 'validation/num_examples': 5348, 'test/ctc_loss': Array(0.49158484, dtype=float32), 'test/wer': 0.15511953364613165, 'test/num_examples': 2472, 'score': 11540.073407173157, 'total_duration': 12827.867657899857, 'accumulated_submission_time': 11540.073407173157, 'accumulated_eval_time': 1286.6929433345795, 'accumulated_logging_time': 0.48450231552124023}
I0212 17:01:46.265214 139648048760576 logging_writer.py:48] [13549] accumulated_eval_time=1286.692943, accumulated_logging_time=0.484502, accumulated_submission_time=11540.073407, global_step=13549, preemption_count=0, score=11540.073407, test/ctc_loss=0.491584837436676, test/num_examples=2472, test/wer=0.155120, total_duration=12827.867658, train/ctc_loss=0.6669485569000244, train/wer=0.206939, validation/ctc_loss=0.7950889468193054, validation/num_examples=5348, validation/wer=0.223293
I0212 17:02:25.374643 139648040367872 logging_writer.py:48] [13600] global_step=13600, grad_norm=2.6519038677215576, loss=1.7164021730422974
I0212 17:03:40.719366 139648048760576 logging_writer.py:48] [13700] global_step=13700, grad_norm=2.0720484256744385, loss=1.7612330913543701
I0212 17:04:55.840398 139648040367872 logging_writer.py:48] [13800] global_step=13800, grad_norm=3.4036221504211426, loss=1.7848503589630127
I0212 17:06:18.276580 139648048760576 logging_writer.py:48] [13900] global_step=13900, grad_norm=1.9573110342025757, loss=1.7726268768310547
I0212 17:07:46.480512 139648040367872 logging_writer.py:48] [14000] global_step=14000, grad_norm=2.841176748275757, loss=1.8231502771377563
I0212 17:09:17.142590 139648048760576 logging_writer.py:48] [14100] global_step=14100, grad_norm=2.238607168197632, loss=1.754382610321045
I0212 17:10:43.789348 139648040367872 logging_writer.py:48] [14200] global_step=14200, grad_norm=1.824169635772705, loss=1.7291104793548584
I0212 17:12:12.063925 139648048760576 logging_writer.py:48] [14300] global_step=14300, grad_norm=3.1120059490203857, loss=1.7344367504119873
I0212 17:13:41.659148 139648040367872 logging_writer.py:48] [14400] global_step=14400, grad_norm=3.895988702774048, loss=1.7148308753967285
I0212 17:15:03.370069 139647721080576 logging_writer.py:48] [14500] global_step=14500, grad_norm=2.963336229324341, loss=1.7860337495803833
I0212 17:16:18.556834 139647712687872 logging_writer.py:48] [14600] global_step=14600, grad_norm=3.2313730716705322, loss=1.739124059677124
I0212 17:17:37.220392 139647721080576 logging_writer.py:48] [14700] global_step=14700, grad_norm=3.0643515586853027, loss=1.7578833103179932
I0212 17:19:00.125896 139647712687872 logging_writer.py:48] [14800] global_step=14800, grad_norm=4.5912699699401855, loss=1.725285530090332
I0212 17:20:25.299455 139647721080576 logging_writer.py:48] [14900] global_step=14900, grad_norm=3.893186092376709, loss=1.7533584833145142
I0212 17:21:54.772378 139647712687872 logging_writer.py:48] [15000] global_step=15000, grad_norm=2.9617249965667725, loss=1.803337812423706
I0212 17:23:24.419604 139647721080576 logging_writer.py:48] [15100] global_step=15100, grad_norm=3.280235528945923, loss=1.7967708110809326
I0212 17:24:51.604408 139647712687872 logging_writer.py:48] [15200] global_step=15200, grad_norm=3.244460344314575, loss=1.6981050968170166
I0212 17:25:47.679483 139803787056960 spec.py:321] Evaluating on the training split.
I0212 17:26:52.459302 139803787056960 spec.py:333] Evaluating on the validation split.
I0212 17:27:46.305417 139803787056960 spec.py:349] Evaluating on the test split.
I0212 17:28:13.833821 139803787056960 submission_runner.py:408] Time since start: 14415.47s, 	Step: 15263, 	{'train/ctc_loss': Array(0.44968167, dtype=float32), 'train/wer': 0.14862021894488905, 'validation/ctc_loss': Array(0.77568215, dtype=float32), 'validation/wer': 0.2198847234424631, 'validation/num_examples': 5348, 'test/ctc_loss': Array(0.47875628, dtype=float32), 'test/wer': 0.152722767249609, 'test/num_examples': 2472, 'score': 12981.39877486229, 'total_duration': 14415.474444389343, 'accumulated_submission_time': 12981.39877486229, 'accumulated_eval_time': 1432.8420944213867, 'accumulated_logging_time': 0.5385165214538574}
I0212 17:28:13.872242 139647137400576 logging_writer.py:48] [15263] accumulated_eval_time=1432.842094, accumulated_logging_time=0.538517, accumulated_submission_time=12981.398775, global_step=15263, preemption_count=0, score=12981.398775, test/ctc_loss=0.47875627875328064, test/num_examples=2472, test/wer=0.152723, total_duration=14415.474444, train/ctc_loss=0.44968166947364807, train/wer=0.148620, validation/ctc_loss=0.7756821513175964, validation/num_examples=5348, validation/wer=0.219885
I0212 17:28:42.541021 139647129007872 logging_writer.py:48] [15300] global_step=15300, grad_norm=3.491558790206909, loss=1.7681219577789307
I0212 17:29:57.795643 139647137400576 logging_writer.py:48] [15400] global_step=15400, grad_norm=3.068593740463257, loss=1.8042970895767212
I0212 17:31:17.959116 139648048760576 logging_writer.py:48] [15500] global_step=15500, grad_norm=4.144041538238525, loss=1.6934490203857422
I0212 17:32:35.056391 139648040367872 logging_writer.py:48] [15600] global_step=15600, grad_norm=2.9124979972839355, loss=1.6643949747085571
I0212 17:33:54.836842 139648048760576 logging_writer.py:48] [15700] global_step=15700, grad_norm=2.6758944988250732, loss=1.7780653238296509
I0212 17:35:16.557048 139648040367872 logging_writer.py:48] [15800] global_step=15800, grad_norm=6.151065349578857, loss=1.7838094234466553
I0212 17:36:42.286918 139648048760576 logging_writer.py:48] [15900] global_step=15900, grad_norm=2.5304737091064453, loss=1.6955469846725464
I0212 17:38:11.750303 139648040367872 logging_writer.py:48] [16000] global_step=16000, grad_norm=1.7402881383895874, loss=1.757046103477478
I0212 17:39:40.535242 139648048760576 logging_writer.py:48] [16100] global_step=16100, grad_norm=3.888204336166382, loss=1.729162335395813
I0212 17:41:12.142717 139648040367872 logging_writer.py:48] [16200] global_step=16200, grad_norm=2.678356885910034, loss=1.6735934019088745
I0212 17:42:41.712145 139648048760576 logging_writer.py:48] [16300] global_step=16300, grad_norm=5.708896160125732, loss=1.7320142984390259
I0212 17:44:13.541694 139648040367872 logging_writer.py:48] [16400] global_step=16400, grad_norm=2.958174705505371, loss=1.7280060052871704
I0212 17:45:44.225807 139648048760576 logging_writer.py:48] [16500] global_step=16500, grad_norm=1.7571090459823608, loss=1.7320579290390015
I0212 17:47:00.086843 139648040367872 logging_writer.py:48] [16600] global_step=16600, grad_norm=2.46683406829834, loss=1.7621320486068726
I0212 17:48:19.794208 139648048760576 logging_writer.py:48] [16700] global_step=16700, grad_norm=2.3116543292999268, loss=1.7247483730316162
I0212 17:49:39.879890 139648040367872 logging_writer.py:48] [16800] global_step=16800, grad_norm=2.7232885360717773, loss=1.8015761375427246
I0212 17:51:03.007067 139648048760576 logging_writer.py:48] [16900] global_step=16900, grad_norm=2.4042792320251465, loss=1.7334156036376953
I0212 17:52:15.116674 139803787056960 spec.py:321] Evaluating on the training split.
I0212 17:53:12.385193 139803787056960 spec.py:333] Evaluating on the validation split.
I0212 17:54:08.046408 139803787056960 spec.py:349] Evaluating on the test split.
I0212 17:54:34.468999 139803787056960 submission_runner.py:408] Time since start: 15996.11s, 	Step: 16982, 	{'train/ctc_loss': Array(0.42352477, dtype=float32), 'train/wer': 0.1388208673010756, 'validation/ctc_loss': Array(0.74860513, dtype=float32), 'validation/wer': 0.2146615561369802, 'validation/num_examples': 5348, 'test/ctc_loss': Array(0.46607754, dtype=float32), 'test/wer': 0.14851827026587858, 'test/num_examples': 2472, 'score': 14422.54798579216, 'total_duration': 15996.109202861786, 'accumulated_submission_time': 14422.54798579216, 'accumulated_eval_time': 1572.188811302185, 'accumulated_logging_time': 0.5987732410430908}
I0212 17:54:34.504939 139647465080576 logging_writer.py:48] [16982] accumulated_eval_time=1572.188811, accumulated_logging_time=0.598773, accumulated_submission_time=14422.547986, global_step=16982, preemption_count=0, score=14422.547986, test/ctc_loss=0.4660775363445282, test/num_examples=2472, test/wer=0.148518, total_duration=15996.109203, train/ctc_loss=0.42352476716041565, train/wer=0.138821, validation/ctc_loss=0.7486051321029663, validation/num_examples=5348, validation/wer=0.214662
I0212 17:54:49.180152 139647456687872 logging_writer.py:48] [17000] global_step=17000, grad_norm=2.5942351818084717, loss=1.6984206438064575
I0212 17:56:04.238423 139647465080576 logging_writer.py:48] [17100] global_step=17100, grad_norm=3.1081838607788086, loss=1.77198326587677
I0212 17:57:21.638170 139647456687872 logging_writer.py:48] [17200] global_step=17200, grad_norm=2.4454524517059326, loss=1.7188979387283325
I0212 17:58:53.074134 139647465080576 logging_writer.py:48] [17300] global_step=17300, grad_norm=2.7785580158233643, loss=1.7124916315078735
I0212 18:00:23.546718 139647456687872 logging_writer.py:48] [17400] global_step=17400, grad_norm=3.089444875717163, loss=1.7987229824066162
I0212 18:01:52.802882 139647465080576 logging_writer.py:48] [17500] global_step=17500, grad_norm=2.5188698768615723, loss=1.6867693662643433
I0212 18:03:18.027727 139647465080576 logging_writer.py:48] [17600] global_step=17600, grad_norm=2.548490285873413, loss=1.698153018951416
I0212 18:04:40.072182 139647456687872 logging_writer.py:48] [17700] global_step=17700, grad_norm=1.8413214683532715, loss=1.707287073135376
I0212 18:05:58.077488 139647465080576 logging_writer.py:48] [17800] global_step=17800, grad_norm=4.534060478210449, loss=1.6872706413269043
I0212 18:07:19.613023 139647456687872 logging_writer.py:48] [17900] global_step=17900, grad_norm=2.7440261840820312, loss=1.6532001495361328
I0212 18:08:45.655861 139647465080576 logging_writer.py:48] [18000] global_step=18000, grad_norm=3.884021759033203, loss=1.763545274734497
I0212 18:10:15.629147 139647456687872 logging_writer.py:48] [18100] global_step=18100, grad_norm=1.9321303367614746, loss=1.7138861417770386
I0212 18:11:44.024604 139647465080576 logging_writer.py:48] [18200] global_step=18200, grad_norm=2.1348118782043457, loss=1.7644696235656738
I0212 18:13:13.792262 139647456687872 logging_writer.py:48] [18300] global_step=18300, grad_norm=3.596648693084717, loss=1.7549092769622803
I0212 18:14:44.271803 139647465080576 logging_writer.py:48] [18400] global_step=18400, grad_norm=2.923536777496338, loss=1.6889421939849854
I0212 18:16:13.725206 139647456687872 logging_writer.py:48] [18500] global_step=18500, grad_norm=2.3448312282562256, loss=1.6528559923171997
I0212 18:17:40.907187 139647137400576 logging_writer.py:48] [18600] global_step=18600, grad_norm=3.487884283065796, loss=1.721449375152588
I0212 18:18:34.668343 139803787056960 spec.py:321] Evaluating on the training split.
I0212 18:19:30.881004 139803787056960 spec.py:333] Evaluating on the validation split.
I0212 18:20:25.044439 139803787056960 spec.py:349] Evaluating on the test split.
I0212 18:20:52.468559 139803787056960 submission_runner.py:408] Time since start: 17574.11s, 	Step: 18668, 	{'train/ctc_loss': Array(0.41050774, dtype=float32), 'train/wer': 0.13493603394696577, 'validation/ctc_loss': Array(0.7495671, dtype=float32), 'validation/wer': 0.21057763789258233, 'validation/num_examples': 5348, 'test/ctc_loss': Array(0.4562326, dtype=float32), 'test/wer': 0.14309507850425526, 'test/num_examples': 2472, 'score': 15862.62443113327, 'total_duration': 17574.10783100128, 'accumulated_submission_time': 15862.62443113327, 'accumulated_eval_time': 1709.9824848175049, 'accumulated_logging_time': 0.6509594917297363}
I0212 18:20:52.505835 139647137400576 logging_writer.py:48] [18668] accumulated_eval_time=1709.982485, accumulated_logging_time=0.650959, accumulated_submission_time=15862.624431, global_step=18668, preemption_count=0, score=15862.624431, test/ctc_loss=0.45623260736465454, test/num_examples=2472, test/wer=0.143095, total_duration=17574.107831, train/ctc_loss=0.4105077385902405, train/wer=0.134936, validation/ctc_loss=0.7495670914649963, validation/num_examples=5348, validation/wer=0.210578
I0212 18:21:17.409442 139647129007872 logging_writer.py:48] [18700] global_step=18700, grad_norm=2.399611234664917, loss=1.6118032932281494
I0212 18:22:33.124413 139647137400576 logging_writer.py:48] [18800] global_step=18800, grad_norm=2.325178384780884, loss=1.68459951877594
I0212 18:23:49.125164 139647129007872 logging_writer.py:48] [18900] global_step=18900, grad_norm=3.2093701362609863, loss=1.734899878501892
I0212 18:25:09.050686 139647137400576 logging_writer.py:48] [19000] global_step=19000, grad_norm=3.943361520767212, loss=1.6923264265060425
I0212 18:26:38.205034 139647129007872 logging_writer.py:48] [19100] global_step=19100, grad_norm=2.890267848968506, loss=1.6958156824111938
I0212 18:28:05.475266 139647137400576 logging_writer.py:48] [19200] global_step=19200, grad_norm=3.029494047164917, loss=1.6112983226776123
I0212 18:29:35.635375 139647129007872 logging_writer.py:48] [19300] global_step=19300, grad_norm=3.5870580673217773, loss=1.6922972202301025
I0212 18:31:07.893877 139647137400576 logging_writer.py:48] [19400] global_step=19400, grad_norm=2.418896198272705, loss=1.656938910484314
I0212 18:32:37.406090 139647129007872 logging_writer.py:48] [19500] global_step=19500, grad_norm=2.327988624572754, loss=1.6823514699935913
I0212 18:34:06.349836 139647465080576 logging_writer.py:48] [19600] global_step=19600, grad_norm=2.499631881713867, loss=1.6722756624221802
I0212 18:35:23.227777 139647456687872 logging_writer.py:48] [19700] global_step=19700, grad_norm=1.8594000339508057, loss=1.6819549798965454
I0212 18:36:42.374412 139647465080576 logging_writer.py:48] [19800] global_step=19800, grad_norm=2.8326148986816406, loss=1.7135220766067505
I0212 18:38:08.140664 139647456687872 logging_writer.py:48] [19900] global_step=19900, grad_norm=3.948509931564331, loss=1.6714543104171753
I0212 18:39:35.193499 139647465080576 logging_writer.py:48] [20000] global_step=20000, grad_norm=1.9961481094360352, loss=1.6657192707061768
I0212 18:41:06.868721 139647456687872 logging_writer.py:48] [20100] global_step=20100, grad_norm=1.9247266054153442, loss=1.6606365442276
I0212 18:42:35.434641 139647465080576 logging_writer.py:48] [20200] global_step=20200, grad_norm=4.3839030265808105, loss=1.7239866256713867
I0212 18:44:07.163340 139647456687872 logging_writer.py:48] [20300] global_step=20300, grad_norm=1.803037405014038, loss=1.661417007446289
I0212 18:44:52.663896 139803787056960 spec.py:321] Evaluating on the training split.
I0212 18:45:49.369005 139803787056960 spec.py:333] Evaluating on the validation split.
I0212 18:46:43.927596 139803787056960 spec.py:349] Evaluating on the test split.
I0212 18:47:10.949489 139803787056960 submission_runner.py:408] Time since start: 19152.58s, 	Step: 20356, 	{'train/ctc_loss': Array(0.380554, dtype=float32), 'train/wer': 0.1286975115825664, 'validation/ctc_loss': Array(0.72028995, dtype=float32), 'validation/wer': 0.20350077719957133, 'validation/num_examples': 5348, 'test/ctc_loss': Array(0.43282682, dtype=float32), 'test/wer': 0.1374281477870534, 'test/num_examples': 2472, 'score': 17302.69507241249, 'total_duration': 19152.583884239197, 'accumulated_submission_time': 17302.69507241249, 'accumulated_eval_time': 1848.2566344738007, 'accumulated_logging_time': 0.7045087814331055}
I0212 18:47:10.984638 139647465080576 logging_writer.py:48] [20356] accumulated_eval_time=1848.256634, accumulated_logging_time=0.704509, accumulated_submission_time=17302.695072, global_step=20356, preemption_count=0, score=17302.695072, test/ctc_loss=0.43282681703567505, test/num_examples=2472, test/wer=0.137428, total_duration=19152.583884, train/ctc_loss=0.3805539906024933, train/wer=0.128698, validation/ctc_loss=0.720289945602417, validation/num_examples=5348, validation/wer=0.203501
I0212 18:47:45.355147 139647456687872 logging_writer.py:48] [20400] global_step=20400, grad_norm=3.149635076522827, loss=1.7550569772720337
I0212 18:49:01.462277 139647465080576 logging_writer.py:48] [20500] global_step=20500, grad_norm=4.047664642333984, loss=1.7117937803268433
I0212 18:50:26.269582 139647137400576 logging_writer.py:48] [20600] global_step=20600, grad_norm=1.5811177492141724, loss=1.6346489191055298
I0212 18:51:42.716473 139647129007872 logging_writer.py:48] [20700] global_step=20700, grad_norm=3.128411054611206, loss=1.6711094379425049
I0212 18:52:59.037670 139647137400576 logging_writer.py:48] [20800] global_step=20800, grad_norm=5.630666255950928, loss=1.657379388809204
I0212 18:54:19.973795 139647129007872 logging_writer.py:48] [20900] global_step=20900, grad_norm=3.7282426357269287, loss=1.6390912532806396
I0212 18:55:44.410160 139647137400576 logging_writer.py:48] [21000] global_step=21000, grad_norm=1.8571313619613647, loss=1.739454984664917
I0212 18:57:12.256200 139647129007872 logging_writer.py:48] [21100] global_step=21100, grad_norm=2.10182785987854, loss=1.637182593345642
I0212 18:58:42.774890 139647137400576 logging_writer.py:48] [21200] global_step=21200, grad_norm=2.21217942237854, loss=1.6977275609970093
I0212 19:00:14.313868 139647129007872 logging_writer.py:48] [21300] global_step=21300, grad_norm=3.132479190826416, loss=1.6586968898773193
