I0211 20:06:58.903966 139647833720576 logging_writer.py:48] [29061] accumulated_eval_time=2483.136359, accumulated_logging_time=0.887343, accumulated_submission_time=24502.980469, global_step=29061, preemption_count=0, score=24502.980469, test/ctc_loss=0.2685104012489319, test/num_examples=2472, test/wer=0.085979, total_duration=26988.340623, train/ctc_loss=0.28284952044487, train/wer=0.097400, validation/ctc_loss=0.490274041891098, validation/num_examples=5348, validation/wer=0.140997
I0211 20:07:29.094871 139647825327872 logging_writer.py:48] [29100] global_step=29100, grad_norm=2.172086715698242, loss=1.2205673456192017
I0211 20:08:44.700517 139647833720576 logging_writer.py:48] [29200] global_step=29200, grad_norm=2.5437865257263184, loss=1.2692850828170776
I0211 20:10:00.037068 139647825327872 logging_writer.py:48] [29300] global_step=29300, grad_norm=2.921132802963257, loss=1.2766444683074951
I0211 20:11:28.434571 139647833720576 logging_writer.py:48] [29400] global_step=29400, grad_norm=3.178339719772339, loss=1.2490779161453247
I0211 20:12:59.288203 139647825327872 logging_writer.py:48] [29500] global_step=29500, grad_norm=2.2530405521392822, loss=1.282141923904419
I0211 20:14:28.241594 139647833720576 logging_writer.py:48] [29600] global_step=29600, grad_norm=2.2576019763946533, loss=1.3135102987289429
I0211 20:15:56.499647 139647825327872 logging_writer.py:48] [29700] global_step=29700, grad_norm=5.4916911125183105, loss=1.2860608100891113
I0211 20:17:24.353504 139647833720576 logging_writer.py:48] [29800] global_step=29800, grad_norm=4.907692909240723, loss=1.2436261177062988
I0211 20:18:52.777590 139647833720576 logging_writer.py:48] [29900] global_step=29900, grad_norm=4.083035469055176, loss=1.230334758758545
I0211 20:20:08.525206 139647825327872 logging_writer.py:48] [30000] global_step=30000, grad_norm=2.083855152130127, loss=1.2460219860076904
I0211 20:21:27.862899 139647833720576 logging_writer.py:48] [30100] global_step=30100, grad_norm=3.839254140853882, loss=1.2587366104125977
I0211 20:22:51.022601 139647825327872 logging_writer.py:48] [30200] global_step=30200, grad_norm=8.197991371154785, loss=1.3045339584350586
I0211 20:24:15.108424 139647833720576 logging_writer.py:48] [30300] global_step=30300, grad_norm=1.8541728258132935, loss=1.2385860681533813
I0211 20:25:46.133643 139647825327872 logging_writer.py:48] [30400] global_step=30400, grad_norm=2.273627281188965, loss=1.283927321434021
I0211 20:27:15.859808 139647833720576 logging_writer.py:48] [30500] global_step=30500, grad_norm=1.8504791259765625, loss=1.2225861549377441
I0211 20:28:45.826526 139647825327872 logging_writer.py:48] [30600] global_step=30600, grad_norm=2.031099557876587, loss=1.3117212057113647
I0211 20:30:12.715491 139647833720576 logging_writer.py:48] [30700] global_step=30700, grad_norm=2.973184108734131, loss=1.232795238494873
I0211 20:30:59.670950 139803787056960 spec.py:321] Evaluating on the training split.
I0211 20:31:53.436478 139803787056960 spec.py:333] Evaluating on the validation split.
I0211 20:32:46.951212 139803787056960 spec.py:349] Evaluating on the test split.
I0211 20:33:13.545229 139803787056960 submission_runner.py:408] Time since start: 28563.02s, 	Step: 30754, 	{'train/ctc_loss': Array(0.26444355, dtype=float32), 'train/wer': 0.0926417954318846, 'validation/ctc_loss': Array(0.47725204, dtype=float32), 'validation/wer': 0.13774293520762332, 'validation/num_examples': 5348, 'test/ctc_loss': Array(0.2558537, dtype=float32), 'test/wer': 0.08309467227266265, 'test/num_examples': 2472, 'score': 25943.658811092377, 'total_duration': 28563.02157688141, 'accumulated_submission_time': 25943.658811092377, 'accumulated_eval_time': 2617.004650115967, 'accumulated_logging_time': 0.9421923160552979}
I0211 20:33:13.581225 139647833720576 logging_writer.py:48] [30754] accumulated_eval_time=2617.004650, accumulated_logging_time=0.942192, accumulated_submission_time=25943.658811, global_step=30754, preemption_count=0, score=25943.658811, test/ctc_loss=0.25585371255874634, test/num_examples=2472, test/wer=0.083095, total_duration=28563.021577, train/ctc_loss=0.2644435465335846, train/wer=0.092642, validation/ctc_loss=0.4772520363330841, validation/num_examples=5348, validation/wer=0.137743
I0211 20:33:48.920264 139647825327872 logging_writer.py:48] [30800] global_step=30800, grad_norm=1.6342196464538574, loss=1.2381333112716675
I0211 20:35:07.892143 139647833720576 logging_writer.py:48] [30900] global_step=30900, grad_norm=2.1016321182250977, loss=1.2077929973602295
I0211 20:36:24.860585 139647825327872 logging_writer.py:48] [31000] global_step=31000, grad_norm=1.642496943473816, loss=1.1961313486099243
I0211 20:37:41.950312 139647833720576 logging_writer.py:48] [31100] global_step=31100, grad_norm=2.818814277648926, loss=1.2388101816177368
I0211 20:39:01.368298 139647825327872 logging_writer.py:48] [31200] global_step=31200, grad_norm=1.7794151306152344, loss=1.2563674449920654
I0211 20:40:23.391566 139647833720576 logging_writer.py:48] [31300] global_step=31300, grad_norm=3.084167957305908, loss=1.186914086341858
I0211 20:41:51.428175 139647825327872 logging_writer.py:48] [31400] global_step=31400, grad_norm=3.1322195529937744, loss=1.2197834253311157
I0211 20:43:22.387704 139647833720576 logging_writer.py:48] [31500] global_step=31500, grad_norm=1.7085564136505127, loss=1.2736568450927734
I0211 20:44:50.090930 139647825327872 logging_writer.py:48] [31600] global_step=31600, grad_norm=2.462881326675415, loss=1.2352838516235352
I0211 20:46:18.533069 139647833720576 logging_writer.py:48] [31700] global_step=31700, grad_norm=1.5759280920028687, loss=1.2859973907470703
I0211 20:47:46.121389 139647825327872 logging_writer.py:48] [31800] global_step=31800, grad_norm=1.7009286880493164, loss=1.2261974811553955
I0211 20:49:16.338807 139647833720576 logging_writer.py:48] [31900] global_step=31900, grad_norm=2.5405702590942383, loss=1.2394490242004395
I0211 20:50:39.751891 139647833720576 logging_writer.py:48] [32000] global_step=32000, grad_norm=3.1351211071014404, loss=1.222790241241455
I0211 20:51:56.599766 139647825327872 logging_writer.py:48] [32100] global_step=32100, grad_norm=4.003054141998291, loss=1.266539454460144
I0211 20:53:15.110336 139647833720576 logging_writer.py:48] [32200] global_step=32200, grad_norm=2.048490285873413, loss=1.2095071077346802
I0211 20:54:34.649906 139647825327872 logging_writer.py:48] [32300] global_step=32300, grad_norm=2.281975746154785, loss=1.2295873165130615
I0211 20:55:57.267256 139647833720576 logging_writer.py:48] [32400] global_step=32400, grad_norm=3.087923526763916, loss=1.2109956741333008
I0211 20:57:13.999446 139803787056960 spec.py:321] Evaluating on the training split.
I0211 20:58:08.900239 139803787056960 spec.py:333] Evaluating on the validation split.
I0211 20:59:01.331369 139803787056960 spec.py:349] Evaluating on the test split.
I0211 20:59:29.035252 139803787056960 submission_runner.py:408] Time since start: 30138.51s, 	Step: 32487, 	{'train/ctc_loss': Array(0.25097135, dtype=float32), 'train/wer': 0.08781035517125606, 'validation/ctc_loss': Array(0.46989283, dtype=float32), 'validation/wer': 0.136758160595499, 'validation/num_examples': 5348, 'test/ctc_loss': Array(0.2501571, dtype=float32), 'test/wer': 0.08171348485771739, 'test/num_examples': 2472, 'score': 27383.986397266388, 'total_duration': 30138.511751174927, 'accumulated_submission_time': 27383.986397266388, 'accumulated_eval_time': 2752.034639120102, 'accumulated_logging_time': 0.9958689212799072}
I0211 20:59:29.078737 139647833720576 logging_writer.py:48] [32487] accumulated_eval_time=2752.034639, accumulated_logging_time=0.995869, accumulated_submission_time=27383.986397, global_step=32487, preemption_count=0, score=27383.986397, test/ctc_loss=0.25015708804130554, test/num_examples=2472, test/wer=0.081713, total_duration=30138.511751, train/ctc_loss=0.25097134709358215, train/wer=0.087810, validation/ctc_loss=0.46989282965660095, validation/num_examples=5348, validation/wer=0.136758
I0211 20:59:39.947950 139647825327872 logging_writer.py:48] [32500] global_step=32500, grad_norm=2.323786973953247, loss=1.1995564699172974
I0211 21:00:55.090914 139647833720576 logging_writer.py:48] [32600] global_step=32600, grad_norm=2.367642879486084, loss=1.2299385070800781
I0211 21:02:12.102830 139647825327872 logging_writer.py:48] [32700] global_step=32700, grad_norm=1.802762746810913, loss=1.3023163080215454
I0211 21:03:40.839300 139647833720576 logging_writer.py:48] [32800] global_step=32800, grad_norm=3.250220537185669, loss=1.2570229768753052
I0211 21:05:11.619042 139647825327872 logging_writer.py:48] [32900] global_step=32900, grad_norm=2.7572245597839355, loss=1.2232862710952759
I0211 21:06:38.895494 139647833720576 logging_writer.py:48] [33000] global_step=33000, grad_norm=1.7882113456726074, loss=1.2676937580108643
I0211 21:07:55.087984 139647825327872 logging_writer.py:48] [33100] global_step=33100, grad_norm=2.3298535346984863, loss=1.226910948753357
I0211 21:09:10.306656 139647833720576 logging_writer.py:48] [33200] global_step=33200, grad_norm=1.467307209968567, loss=1.1863393783569336
I0211 21:10:28.491241 139647825327872 logging_writer.py:48] [33300] global_step=33300, grad_norm=2.210949182510376, loss=1.2710829973220825
I0211 21:11:49.756524 139647833720576 logging_writer.py:48] [33400] global_step=33400, grad_norm=1.5670849084854126, loss=1.1422615051269531
I0211 21:13:16.141382 139647825327872 logging_writer.py:48] [33500] global_step=33500, grad_norm=2.2162256240844727, loss=1.2489538192749023
I0211 21:14:45.698451 139647833720576 logging_writer.py:48] [33600] global_step=33600, grad_norm=2.016901969909668, loss=1.2543185949325562
I0211 21:16:14.657282 139647825327872 logging_writer.py:48] [33700] global_step=33700, grad_norm=2.4209232330322266, loss=1.226365327835083
I0211 21:17:43.891149 139647833720576 logging_writer.py:48] [33800] global_step=33800, grad_norm=3.9201743602752686, loss=1.197413682937622
I0211 21:19:13.176056 139647825327872 logging_writer.py:48] [33900] global_step=33900, grad_norm=3.2566380500793457, loss=1.2606894969940186
I0211 21:20:44.729151 139647833720576 logging_writer.py:48] [34000] global_step=34000, grad_norm=2.0775351524353027, loss=1.1877466440200806
I0211 21:22:00.031647 139647825327872 logging_writer.py:48] [34100] global_step=34100, grad_norm=2.7621212005615234, loss=1.1994837522506714
I0211 21:23:15.306288 139647833720576 logging_writer.py:48] [34200] global_step=34200, grad_norm=2.7032110691070557, loss=1.1557880640029907
I0211 21:23:29.440798 139803787056960 spec.py:321] Evaluating on the training split.
/usr/local/lib/python3.8/dist-packages/jax/_src/ops/scatter.py:92: FutureWarning: scatter inputs have incompatible types: cannot safely cast value from dtype=float32 to dtype=int32. In future JAX releases this will result in an error.
  warnings.warn("scatter inputs have incompatible types: cannot safely cast "
I0211 21:24:43.436791 139803787056960 spec.py:333] Evaluating on the validation split.
I0211 21:25:35.860582 139803787056960 spec.py:349] Evaluating on the test split.
I0211 21:26:02.224502 139803787056960 submission_runner.py:408] Time since start: 31731.70s, 	Step: 34220, 	{'train/ctc_loss': Array(0.15385501, dtype=float32), 'train/wer': 0.0554912004761095, 'validation/ctc_loss': Array(0.4573218, dtype=float32), 'validation/wer': 0.13210461782055863, 'validation/num_examples': 5348, 'test/ctc_loss': Array(0.24460703, dtype=float32), 'test/wer': 0.07889017528893222, 'test/num_examples': 2472, 'score': 28824.258416175842, 'total_duration': 31731.703934669495, 'accumulated_submission_time': 28824.258416175842, 'accumulated_eval_time': 2904.8154451847076, 'accumulated_logging_time': 1.0548536777496338}
I0211 21:26:02.256950 139647833720576 logging_writer.py:48] [34220] accumulated_eval_time=2904.815445, accumulated_logging_time=1.054854, accumulated_submission_time=28824.258416, global_step=34220, preemption_count=0, score=28824.258416, test/ctc_loss=0.24460703134536743, test/num_examples=2472, test/wer=0.078890, total_duration=31731.703935, train/ctc_loss=0.15385501086711884, train/wer=0.055491, validation/ctc_loss=0.45732179284095764, validation/num_examples=5348, validation/wer=0.132105
I0211 21:27:04.112681 139647825327872 logging_writer.py:48] [34300] global_step=34300, grad_norm=1.7590266466140747, loss=1.237589716911316
I0211 21:28:19.320961 139647833720576 logging_writer.py:48] [34400] global_step=34400, grad_norm=1.8646527528762817, loss=1.1766680479049683
I0211 21:29:37.237540 139647825327872 logging_writer.py:48] [34500] global_step=34500, grad_norm=2.9760279655456543, loss=1.1984103918075562
I0211 21:31:05.753740 139647833720576 logging_writer.py:48] [34600] global_step=34600, grad_norm=1.5040016174316406, loss=1.2119393348693848
I0211 21:32:34.295618 139647825327872 logging_writer.py:48] [34700] global_step=34700, grad_norm=3.5649912357330322, loss=1.1947615146636963
I0211 21:34:04.665491 139647833720576 logging_writer.py:48] [34800] global_step=34800, grad_norm=2.102776050567627, loss=1.2325775623321533
I0211 21:35:33.577939 139647825327872 logging_writer.py:48] [34900] global_step=34900, grad_norm=2.306626319885254, loss=1.1652687788009644
I0211 21:37:02.785175 139647833720576 logging_writer.py:48] [35000] global_step=35000, grad_norm=1.598448395729065, loss=1.1842411756515503
I0211 21:38:25.568666 139647833720576 logging_writer.py:48] [35100] global_step=35100, grad_norm=3.358767032623291, loss=1.2299587726593018
I0211 21:39:41.894344 139647825327872 logging_writer.py:48] [35200] global_step=35200, grad_norm=1.9829903841018677, loss=1.2102575302124023
I0211 21:41:02.599155 139647833720576 logging_writer.py:48] [35300] global_step=35300, grad_norm=2.892965316772461, loss=1.168238639831543
I0211 21:42:25.308173 139647825327872 logging_writer.py:48] [35400] global_step=35400, grad_norm=2.2916042804718018, loss=1.162959337234497
I0211 21:43:53.303314 139647833720576 logging_writer.py:48] [35500] global_step=35500, grad_norm=2.4904303550720215, loss=1.2324740886688232
I0211 21:45:25.067349 139647825327872 logging_writer.py:48] [35600] global_step=35600, grad_norm=3.031172513961792, loss=1.2202715873718262
I0211 21:46:54.041840 139647833720576 logging_writer.py:48] [35700] global_step=35700, grad_norm=2.63029146194458, loss=1.2034958600997925
I0211 21:48:21.458938 139647825327872 logging_writer.py:48] [35800] global_step=35800, grad_norm=4.274133682250977, loss=1.214101791381836
I0211 21:49:47.376048 139647833720576 logging_writer.py:48] [35900] global_step=35900, grad_norm=2.713757276535034, loss=1.2085093259811401
I0211 21:50:02.804199 139803787056960 spec.py:321] Evaluating on the training split.
I0211 21:50:59.411155 139803787056960 spec.py:333] Evaluating on the validation split.
I0211 21:51:52.957376 139803787056960 spec.py:349] Evaluating on the test split.
I0211 21:52:19.305438 139803787056960 submission_runner.py:408] Time since start: 33308.78s, 	Step: 35919, 	{'train/ctc_loss': Array(0.14717703, dtype=float32), 'train/wer': 0.050968087151221086, 'validation/ctc_loss': Array(0.44906735, dtype=float32), 'validation/wer': 0.12888961835156454, 'validation/num_examples': 5348, 'test/ctc_loss': Array(0.23849553, dtype=float32), 'test/wer': 0.07606686572014705, 'test/num_examples': 2472, 'score': 30264.718192100525, 'total_duration': 33308.779076337814, 'accumulated_submission_time': 30264.718192100525, 'accumulated_eval_time': 3041.3079862594604, 'accumulated_logging_time': 1.1017398834228516}
I0211 21:52:19.349987 139647833720576 logging_writer.py:48] [35919] accumulated_eval_time=3041.307986, accumulated_logging_time=1.101740, accumulated_submission_time=30264.718192, global_step=35919, preemption_count=0, score=30264.718192, test/ctc_loss=0.23849552869796753, test/num_examples=2472, test/wer=0.076067, total_duration=33308.779076, train/ctc_loss=0.14717702567577362, train/wer=0.050968, validation/ctc_loss=0.4490673542022705, validation/num_examples=5348, validation/wer=0.128890
I0211 21:53:22.235657 139647825327872 logging_writer.py:48] [36000] global_step=36000, grad_norm=1.880778431892395, loss=1.2065696716308594
I0211 21:54:42.262503 139647833720576 logging_writer.py:48] [36100] global_step=36100, grad_norm=2.216590404510498, loss=1.1708970069885254
I0211 21:55:59.457860 139647825327872 logging_writer.py:48] [36200] global_step=36200, grad_norm=2.2594592571258545, loss=1.1856063604354858
I0211 21:57:16.381308 139647833720576 logging_writer.py:48] [36300] global_step=36300, grad_norm=2.384655714035034, loss=1.2070997953414917
I0211 21:58:39.791585 139647825327872 logging_writer.py:48] [36400] global_step=36400, grad_norm=2.7299816608428955, loss=1.1607609987258911
I0211 22:00:06.761526 139647833720576 logging_writer.py:48] [36500] global_step=36500, grad_norm=1.722813606262207, loss=1.1292277574539185
I0211 22:01:33.009248 139647825327872 logging_writer.py:48] [36600] global_step=36600, grad_norm=3.368478536605835, loss=1.2002393007278442
I0211 22:03:01.632129 139647833720576 logging_writer.py:48] [36700] global_step=36700, grad_norm=2.4088351726531982, loss=1.1771639585494995
I0211 22:04:31.421191 139647825327872 logging_writer.py:48] [36800] global_step=36800, grad_norm=1.7328006029129028, loss=1.1881755590438843
I0211 22:06:00.156143 139647833720576 logging_writer.py:48] [36900] global_step=36900, grad_norm=1.8729814291000366, loss=1.1404320001602173
I0211 22:07:31.282912 139647825327872 logging_writer.py:48] [37000] global_step=37000, grad_norm=4.488489627838135, loss=1.173181176185608
I0211 22:09:02.147215 139647833720576 logging_writer.py:48] [37100] global_step=37100, grad_norm=2.418973922729492, loss=1.160858154296875
I0211 22:10:19.821023 139647825327872 logging_writer.py:48] [37200] global_step=37200, grad_norm=2.301226854324341, loss=1.2015759944915771
I0211 22:11:36.698407 139647833720576 logging_writer.py:48] [37300] global_step=37300, grad_norm=1.5740970373153687, loss=1.176294207572937
I0211 22:12:54.761026 139647825327872 logging_writer.py:48] [37400] global_step=37400, grad_norm=2.1498546600341797, loss=1.1521079540252686
I0211 22:14:19.106354 139647833720576 logging_writer.py:48] [37500] global_step=37500, grad_norm=1.8593528270721436, loss=1.1318962574005127
I0211 22:15:47.447460 139647825327872 logging_writer.py:48] [37600] global_step=37600, grad_norm=3.7029333114624023, loss=1.1545699834823608
I0211 22:16:20.328514 139803787056960 spec.py:321] Evaluating on the training split.
I0211 22:17:16.678989 139803787056960 spec.py:333] Evaluating on the validation split.
I0211 22:18:10.730837 139803787056960 spec.py:349] Evaluating on the test split.
I0211 22:18:37.628238 139803787056960 submission_runner.py:408] Time since start: 34887.10s, 	Step: 37639, 	{'train/ctc_loss': Array(0.15311022, dtype=float32), 'train/wer': 0.05433547398187056, 'validation/ctc_loss': Array(0.4453374, dtype=float32), 'validation/wer': 0.1284261950046825, 'validation/num_examples': 5348, 'test/ctc_loss': Array(0.23440033, dtype=float32), 'test/wer': 0.07395446143846607, 'test/num_examples': 2472, 'score': 31705.608791828156, 'total_duration': 34887.10219669342, 'accumulated_submission_time': 31705.608791828156, 'accumulated_eval_time': 3178.5993349552155, 'accumulated_logging_time': 1.1614861488342285}
I0211 22:18:37.668596 139647833720576 logging_writer.py:48] [37639] accumulated_eval_time=3178.599335, accumulated_logging_time=1.161486, accumulated_submission_time=31705.608792, global_step=37639, preemption_count=0, score=31705.608792, test/ctc_loss=0.23440033197402954, test/num_examples=2472, test/wer=0.073954, total_duration=34887.102197, train/ctc_loss=0.15311022102832794, train/wer=0.054335, validation/ctc_loss=0.4453374147415161, validation/num_examples=5348, validation/wer=0.128426
I0211 22:19:24.317000 139647825327872 logging_writer.py:48] [37700] global_step=37700, grad_norm=1.518358588218689, loss=1.157041072845459
I0211 22:20:39.978267 139647833720576 logging_writer.py:48] [37800] global_step=37800, grad_norm=2.5733654499053955, loss=1.198428750038147
I0211 22:22:03.942906 139647825327872 logging_writer.py:48] [37900] global_step=37900, grad_norm=3.455158233642578, loss=1.1500740051269531
I0211 22:23:35.006680 139647833720576 logging_writer.py:48] [38000] global_step=38000, grad_norm=2.6549763679504395, loss=1.1184983253479004
I0211 22:25:03.579872 139647825327872 logging_writer.py:48] [38100] global_step=38100, grad_norm=2.24835205078125, loss=1.1768819093704224
I0211 22:26:26.427611 139647833720576 logging_writer.py:48] [38200] global_step=38200, grad_norm=2.368673324584961, loss=1.2108865976333618
I0211 22:27:43.346810 139647825327872 logging_writer.py:48] [38300] global_step=38300, grad_norm=2.9377543926239014, loss=1.1020557880401611
I0211 22:29:02.869117 139647833720576 logging_writer.py:48] [38400] global_step=38400, grad_norm=3.8290727138519287, loss=1.0977208614349365
I0211 22:30:25.333980 139647825327872 logging_writer.py:48] [38500] global_step=38500, grad_norm=1.5168331861495972, loss=1.1501082181930542
I0211 22:31:52.492764 139647833720576 logging_writer.py:48] [38600] global_step=38600, grad_norm=2.280026435852051, loss=1.1079074144363403
I0211 22:33:21.632988 139647825327872 logging_writer.py:48] [38700] global_step=38700, grad_norm=2.5824713706970215, loss=1.1451663970947266
I0211 22:34:49.421641 139647833720576 logging_writer.py:48] [38800] global_step=38800, grad_norm=1.9482448101043701, loss=1.099292516708374
I0211 22:36:19.546466 139647825327872 logging_writer.py:48] [38900] global_step=38900, grad_norm=2.2853894233703613, loss=1.1710827350616455
I0211 22:37:50.357693 139647833720576 logging_writer.py:48] [39000] global_step=39000, grad_norm=2.110783576965332, loss=1.1330493688583374
I0211 22:39:18.429513 139647825327872 logging_writer.py:48] [39100] global_step=39100, grad_norm=2.203601121902466, loss=1.1833159923553467
I0211 22:40:44.033316 139647833720576 logging_writer.py:48] [39200] global_step=39200, grad_norm=3.153125047683716, loss=1.1785539388656616
I0211 22:42:01.334014 139647825327872 logging_writer.py:48] [39300] global_step=39300, grad_norm=3.1597142219543457, loss=1.1566616296768188
I0211 22:42:38.226490 139803787056960 spec.py:321] Evaluating on the training split.
I0211 22:43:34.324735 139803787056960 spec.py:333] Evaluating on the validation split.
I0211 22:44:26.804070 139803787056960 spec.py:349] Evaluating on the test split.
I0211 22:44:54.208293 139803787056960 submission_runner.py:408] Time since start: 36463.68s, 	Step: 39347, 	{'train/ctc_loss': Array(0.13366854, dtype=float32), 'train/wer': 0.04803719008264463, 'validation/ctc_loss': Array(0.43505618, dtype=float32), 'validation/wer': 0.12496017455612733, 'validation/num_examples': 5348, 'test/ctc_loss': Array(0.23139994, dtype=float32), 'test/wer': 0.07346698352730892, 'test/num_examples': 2472, 'score': 33146.07905125618, 'total_duration': 36463.68469786644, 'accumulated_submission_time': 33146.07905125618, 'accumulated_eval_time': 3314.5751991271973, 'accumulated_logging_time': 1.2173850536346436}
I0211 22:44:54.252392 139647833720576 logging_writer.py:48] [39347] accumulated_eval_time=3314.575199, accumulated_logging_time=1.217385, accumulated_submission_time=33146.079051, global_step=39347, preemption_count=0, score=33146.079051, test/ctc_loss=0.23139993846416473, test/num_examples=2472, test/wer=0.073467, total_duration=36463.684698, train/ctc_loss=0.13366854190826416, train/wer=0.048037, validation/ctc_loss=0.4350561797618866, validation/num_examples=5348, validation/wer=0.124960
I0211 22:45:35.449350 139647825327872 logging_writer.py:48] [39400] global_step=39400, grad_norm=1.7585816383361816, loss=1.1838138103485107
I0211 22:46:50.715100 139647833720576 logging_writer.py:48] [39500] global_step=39500, grad_norm=2.7436842918395996, loss=1.1790010929107666
I0211 22:48:06.009351 139647825327872 logging_writer.py:48] [39600] global_step=39600, grad_norm=2.360567331314087, loss=1.1425232887268066
I0211 22:49:34.033832 139647833720576 logging_writer.py:48] [39700] global_step=39700, grad_norm=3.6719493865966797, loss=1.1788899898529053
I0211 22:51:04.450466 139647825327872 logging_writer.py:48] [39800] global_step=39800, grad_norm=2.0562286376953125, loss=1.1589709520339966
I0211 22:52:34.816706 139647833720576 logging_writer.py:48] [39900] global_step=39900, grad_norm=2.3603200912475586, loss=1.2012369632720947
I0211 22:54:04.127290 139647825327872 logging_writer.py:48] [40000] global_step=40000, grad_norm=3.0095794200897217, loss=1.1234955787658691
I0211 22:55:34.233479 139647833720576 logging_writer.py:48] [40100] global_step=40100, grad_norm=3.3756518363952637, loss=1.2297959327697754
I0211 22:57:05.142769 139647833720576 logging_writer.py:48] [40200] global_step=40200, grad_norm=2.4385883808135986, loss=1.0923229455947876
I0211 22:58:21.270262 139647825327872 logging_writer.py:48] [40300] global_step=40300, grad_norm=2.085212230682373, loss=1.127669095993042
I0211 22:59:39.727073 139647833720576 logging_writer.py:48] [40400] global_step=40400, grad_norm=2.558190107345581, loss=1.1070952415466309
I0211 23:01:01.169330 139647825327872 logging_writer.py:48] [40500] global_step=40500, grad_norm=4.820621013641357, loss=1.1411670446395874
I0211 23:02:26.359297 139647833720576 logging_writer.py:48] [40600] global_step=40600, grad_norm=1.9977062940597534, loss=1.153394341468811
I0211 23:03:57.052098 139647825327872 logging_writer.py:48] [40700] global_step=40700, grad_norm=4.159877777099609, loss=1.167375922203064
I0211 23:05:27.344544 139647833720576 logging_writer.py:48] [40800] global_step=40800, grad_norm=1.4703819751739502, loss=1.1269296407699585
I0211 23:06:56.846913 139647825327872 logging_writer.py:48] [40900] global_step=40900, grad_norm=2.4345006942749023, loss=1.1578269004821777
I0211 23:08:23.251288 139647833720576 logging_writer.py:48] [41000] global_step=41000, grad_norm=7.617218494415283, loss=1.1688288450241089
I0211 23:08:54.678770 139803787056960 spec.py:321] Evaluating on the training split.
I0211 23:09:50.514838 139803787056960 spec.py:333] Evaluating on the validation split.
I0211 23:10:43.178295 139803787056960 spec.py:349] Evaluating on the test split.
I0211 23:11:10.352506 139803787056960 submission_runner.py:408] Time since start: 38039.83s, 	Step: 41036, 	{'train/ctc_loss': Array(0.14206897, dtype=float32), 'train/wer': 0.05088739730555363, 'validation/ctc_loss': Array(0.43153396, dtype=float32), 'validation/wer': 0.12453536982148547, 'validation/num_examples': 5348, 'test/ctc_loss': Array(0.22643007, dtype=float32), 'test/wer': 0.07287794771799402, 'test/num_examples': 2472, 'score': 34586.41890668869, 'total_duration': 38039.82860040665, 'accumulated_submission_time': 34586.41890668869, 'accumulated_eval_time': 3450.242693901062, 'accumulated_logging_time': 1.2768633365631104}
I0211 23:11:10.391860 139647833720576 logging_writer.py:48] [41036] accumulated_eval_time=3450.242694, accumulated_logging_time=1.276863, accumulated_submission_time=34586.418907, global_step=41036, preemption_count=0, score=34586.418907, test/ctc_loss=0.22643007338047028, test/num_examples=2472, test/wer=0.072878, total_duration=38039.828600, train/ctc_loss=0.14206896722316742, train/wer=0.050887, validation/ctc_loss=0.43153396248817444, validation/num_examples=5348, validation/wer=0.124535
I0211 23:11:59.336836 139647825327872 logging_writer.py:48] [41100] global_step=41100, grad_norm=1.7579972743988037, loss=1.0828335285186768
I0211 23:13:18.688443 139647833720576 logging_writer.py:48] [41200] global_step=41200, grad_norm=2.961876630783081, loss=1.1316769123077393
I0211 23:14:35.813696 139647825327872 logging_writer.py:48] [41300] global_step=41300, grad_norm=3.4126698970794678, loss=1.0813512802124023
I0211 23:15:55.285509 139647833720576 logging_writer.py:48] [41400] global_step=41400, grad_norm=2.9627928733825684, loss=1.1396678686141968
I0211 23:17:17.770404 139647825327872 logging_writer.py:48] [41500] global_step=41500, grad_norm=3.5638136863708496, loss=1.157787799835205
I0211 23:18:40.139064 139647833720576 logging_writer.py:48] [41600] global_step=41600, grad_norm=3.204838275909424, loss=1.1417086124420166
I0211 23:20:07.231426 139647825327872 logging_writer.py:48] [41700] global_step=41700, grad_norm=2.48940372467041, loss=1.1709191799163818
I0211 23:21:38.562124 139647833720576 logging_writer.py:48] [41800] global_step=41800, grad_norm=3.151171922683716, loss=1.1208361387252808
I0211 23:23:07.247630 139647825327872 logging_writer.py:48] [41900] global_step=41900, grad_norm=3.7612380981445312, loss=1.1065027713775635
I0211 23:24:37.080152 139647833720576 logging_writer.py:48] [42000] global_step=42000, grad_norm=2.2233941555023193, loss=1.1628763675689697
I0211 23:26:07.349655 139647825327872 logging_writer.py:48] [42100] global_step=42100, grad_norm=2.3494598865509033, loss=1.1219319105148315
I0211 23:27:36.297980 139647833720576 logging_writer.py:48] [42200] global_step=42200, grad_norm=3.022038459777832, loss=1.100888729095459
I0211 23:28:58.673035 139647833720576 logging_writer.py:48] [42300] global_step=42300, grad_norm=1.865530252456665, loss=1.065748691558838
I0211 23:30:18.153971 139647825327872 logging_writer.py:48] [42400] global_step=42400, grad_norm=2.9606516361236572, loss=1.1471251249313354
I0211 23:31:39.513737 139647833720576 logging_writer.py:48] [42500] global_step=42500, grad_norm=2.1729743480682373, loss=1.1572513580322266
I0211 23:33:01.345016 139647825327872 logging_writer.py:48] [42600] global_step=42600, grad_norm=2.379002809524536, loss=1.0908483266830444
I0211 23:34:28.835326 139647833720576 logging_writer.py:48] [42700] global_step=42700, grad_norm=1.6197024583816528, loss=1.1201056241989136
I0211 23:35:10.937161 139803787056960 spec.py:321] Evaluating on the training split.
I0211 23:36:08.775255 139803787056960 spec.py:333] Evaluating on the validation split.
I0211 23:37:02.952916 139803787056960 spec.py:349] Evaluating on the test split.
I0211 23:37:30.246009 139803787056960 submission_runner.py:408] Time since start: 39619.72s, 	Step: 42749, 	{'train/ctc_loss': Array(0.13182025, dtype=float32), 'train/wer': 0.04785386859286012, 'validation/ctc_loss': Array(0.42808613, dtype=float32), 'validation/wer': 0.12368576035220175, 'validation/num_examples': 5348, 'test/ctc_loss': Array(0.22455934, dtype=float32), 'test/wer': 0.0707452318566815, 'test/num_examples': 2472, 'score': 36026.87464380264, 'total_duration': 39619.72004675865, 'accumulated_submission_time': 36026.87464380264, 'accumulated_eval_time': 3589.543283224106, 'accumulated_logging_time': 1.3324298858642578}
I0211 23:37:30.288463 139647833720576 logging_writer.py:48] [42749] accumulated_eval_time=3589.543283, accumulated_logging_time=1.332430, accumulated_submission_time=36026.874644, global_step=42749, preemption_count=0, score=36026.874644, test/ctc_loss=0.22455933690071106, test/num_examples=2472, test/wer=0.070745, total_duration=39619.720047, train/ctc_loss=0.13182024657726288, train/wer=0.047854, validation/ctc_loss=0.42808613181114197, validation/num_examples=5348, validation/wer=0.123686
I0211 23:38:09.692498 139647825327872 logging_writer.py:48] [42800] global_step=42800, grad_norm=1.6764739751815796, loss=1.0834378004074097
I0211 23:39:24.864468 139647833720576 logging_writer.py:48] [42900] global_step=42900, grad_norm=4.440556526184082, loss=1.0915240049362183
I0211 23:40:44.468840 139647825327872 logging_writer.py:48] [43000] global_step=43000, grad_norm=2.3935530185699463, loss=1.134077787399292
I0211 23:42:12.304685 139647833720576 logging_writer.py:48] [43100] global_step=43100, grad_norm=2.6687960624694824, loss=1.1009067296981812
I0211 23:43:42.712789 139647825327872 logging_writer.py:48] [43200] global_step=43200, grad_norm=2.758016347885132, loss=1.1053082942962646
I0211 23:45:08.473042 139647833720576 logging_writer.py:48] [43300] global_step=43300, grad_norm=7.901157379150391, loss=1.2323096990585327
I0211 23:46:24.668455 139647825327872 logging_writer.py:48] [43400] global_step=43400, grad_norm=2.2895874977111816, loss=1.0950193405151367
I0211 23:47:43.254228 139647833720576 logging_writer.py:48] [43500] global_step=43500, grad_norm=2.6083250045776367, loss=1.0946887731552124
I0211 23:49:03.899612 139647825327872 logging_writer.py:48] [43600] global_step=43600, grad_norm=4.280158519744873, loss=1.1478731632232666
I0211 23:50:29.865442 139647833720576 logging_writer.py:48] [43700] global_step=43700, grad_norm=2.4341742992401123, loss=1.1517480611801147
I0211 23:51:55.298990 139647825327872 logging_writer.py:48] [43800] global_step=43800, grad_norm=1.728756308555603, loss=1.161556601524353
I0211 23:53:25.315902 139647833720576 logging_writer.py:48] [43900] global_step=43900, grad_norm=2.398367404937744, loss=1.1243376731872559
I0211 23:54:56.531524 139647825327872 logging_writer.py:48] [44000] global_step=44000, grad_norm=2.6505565643310547, loss=1.1046136617660522
I0211 23:56:29.460592 139647833720576 logging_writer.py:48] [44100] global_step=44100, grad_norm=1.9828455448150635, loss=1.1006911993026733
I0211 23:57:59.511016 139647825327872 logging_writer.py:48] [44200] global_step=44200, grad_norm=3.4867403507232666, loss=1.1285204887390137
I0211 23:59:32.373133 139647833720576 logging_writer.py:48] [44300] global_step=44300, grad_norm=2.722689390182495, loss=1.129749059677124
I0212 00:00:49.440045 139647825327872 logging_writer.py:48] [44400] global_step=44400, grad_norm=2.6295695304870605, loss=1.083397388458252
I0212 00:01:30.922969 139803787056960 spec.py:321] Evaluating on the training split.
I0212 00:02:26.688504 139803787056960 spec.py:333] Evaluating on the validation split.
I0212 00:03:21.606650 139803787056960 spec.py:349] Evaluating on the test split.
I0212 00:03:48.267300 139803787056960 submission_runner.py:408] Time since start: 41197.74s, 	Step: 44453, 	{'train/ctc_loss': Array(0.15589492, dtype=float32), 'train/wer': 0.05179092625976479, 'validation/ctc_loss': Array(0.42629203, dtype=float32), 'validation/wer': 0.12280718692373789, 'validation/num_examples': 5348, 'test/ctc_loss': Array(0.22446273, dtype=float32), 'test/wer': 0.0706233623788922, 'test/num_examples': 2472, 'score': 37467.42148900032, 'total_duration': 41197.74384975433, 'accumulated_submission_time': 37467.42148900032, 'accumulated_eval_time': 3726.8818225860596, 'accumulated_logging_time': 1.390561580657959}
I0212 00:03:48.312616 139647833720576 logging_writer.py:48] [44453] accumulated_eval_time=3726.881823, accumulated_logging_time=1.390562, accumulated_submission_time=37467.421489, global_step=44453, preemption_count=0, score=37467.421489, test/ctc_loss=0.22446273267269135, test/num_examples=2472, test/wer=0.070623, total_duration=41197.743850, train/ctc_loss=0.1558949202299118, train/wer=0.051791, validation/ctc_loss=0.4262920320034027, validation/num_examples=5348, validation/wer=0.122807
I0212 00:04:24.689222 139647825327872 logging_writer.py:48] [44500] global_step=44500, grad_norm=2.828962564468384, loss=1.1260513067245483
I0212 00:05:40.195672 139647833720576 logging_writer.py:48] [44600] global_step=44600, grad_norm=5.743124008178711, loss=1.1030468940734863
I0212 00:06:56.251677 139647825327872 logging_writer.py:48] [44700] global_step=44700, grad_norm=2.2321548461914062, loss=1.1827441453933716
I0212 00:08:18.282018 139647833720576 logging_writer.py:48] [44800] global_step=44800, grad_norm=2.379377841949463, loss=1.18699312210083
I0212 00:09:49.134529 139647825327872 logging_writer.py:48] [44900] global_step=44900, grad_norm=2.1594295501708984, loss=1.147541880607605
I0212 00:11:19.674766 139647833720576 logging_writer.py:48] [45000] global_step=45000, grad_norm=7.298234939575195, loss=1.0615888833999634
I0212 00:12:48.296921 139647825327872 logging_writer.py:48] [45100] global_step=45100, grad_norm=5.141013145446777, loss=1.093132495880127
I0212 00:14:17.144757 139647833720576 logging_writer.py:48] [45200] global_step=45200, grad_norm=2.6783180236816406, loss=1.144120454788208
I0212 00:15:48.930279 139647825327872 logging_writer.py:48] [45300] global_step=45300, grad_norm=2.133617401123047, loss=1.051910161972046
I0212 00:17:12.140669 139647833720576 logging_writer.py:48] [45400] global_step=45400, grad_norm=2.227928876876831, loss=1.0666320323944092
I0212 00:18:30.661612 139647825327872 logging_writer.py:48] [45500] global_step=45500, grad_norm=3.7350857257843018, loss=1.157508373260498
I0212 00:19:52.419484 139647833720576 logging_writer.py:48] [45600] global_step=45600, grad_norm=2.2412922382354736, loss=1.079030990600586
I0212 00:21:16.426400 139647825327872 logging_writer.py:48] [45700] global_step=45700, grad_norm=2.2712740898132324, loss=1.099956750869751
I0212 00:22:44.416572 139647833720576 logging_writer.py:48] [45800] global_step=45800, grad_norm=2.124265432357788, loss=1.0714218616485596
I0212 00:24:10.977656 139647825327872 logging_writer.py:48] [45900] global_step=45900, grad_norm=2.8901941776275635, loss=1.102367639541626
I0212 00:25:41.188002 139647833720576 logging_writer.py:48] [46000] global_step=46000, grad_norm=2.474900960922241, loss=1.1542121171951294
I0212 00:27:12.091045 139647825327872 logging_writer.py:48] [46100] global_step=46100, grad_norm=2.1430160999298096, loss=1.1121258735656738
I0212 00:27:48.588765 139803787056960 spec.py:321] Evaluating on the training split.
I0212 00:28:45.085058 139803787056960 spec.py:333] Evaluating on the validation split.
I0212 00:29:39.136009 139803787056960 spec.py:349] Evaluating on the test split.
I0212 00:30:06.611264 139803787056960 submission_runner.py:408] Time since start: 42776.09s, 	Step: 46141, 	{'train/ctc_loss': Array(0.13782987, dtype=float32), 'train/wer': 0.04953880407124682, 'validation/ctc_loss': Array(0.4256302, dtype=float32), 'validation/wer': 0.12244031010745629, 'validation/num_examples': 5348, 'test/ctc_loss': Array(0.2233816, dtype=float32), 'test/wer': 0.07060305079926066, 'test/num_examples': 2472, 'score': 38907.607313632965, 'total_duration': 42776.08789777756, 'accumulated_submission_time': 38907.607313632965, 'accumulated_eval_time': 3864.898614168167, 'accumulated_logging_time': 1.456418752670288}
I0212 00:30:06.650400 139647833720576 logging_writer.py:48] [46141] accumulated_eval_time=3864.898614, accumulated_logging_time=1.456419, accumulated_submission_time=38907.607314, global_step=46141, preemption_count=0, score=38907.607314, test/ctc_loss=0.22338159382343292, test/num_examples=2472, test/wer=0.070603, total_duration=42776.087898, train/ctc_loss=0.13782986998558044, train/wer=0.049539, validation/ctc_loss=0.42563021183013916, validation/num_examples=5348, validation/wer=0.122440
I0212 00:30:52.326073 139647825327872 logging_writer.py:48] [46200] global_step=46200, grad_norm=2.1348257064819336, loss=1.0856080055236816
I0212 00:32:08.841835 139647833720576 logging_writer.py:48] [46300] global_step=46300, grad_norm=2.406222343444824, loss=1.1065220832824707
I0212 00:33:29.579268 139647833720576 logging_writer.py:48] [46400] global_step=46400, grad_norm=3.457545042037964, loss=1.1520432233810425
I0212 00:34:49.768542 139647825327872 logging_writer.py:48] [46500] global_step=46500, grad_norm=2.51861834526062, loss=1.1194647550582886
I0212 00:36:10.652150 139647833720576 logging_writer.py:48] [46600] global_step=46600, grad_norm=2.401272773742676, loss=1.1098145246505737
I0212 00:37:32.540245 139647825327872 logging_writer.py:48] [46700] global_step=46700, grad_norm=2.7356348037719727, loss=1.1012921333312988
I0212 00:39:00.495475 139647833720576 logging_writer.py:48] [46800] global_step=46800, grad_norm=2.353146553039551, loss=1.0816203355789185
I0212 00:40:28.391485 139647825327872 logging_writer.py:48] [46900] global_step=46900, grad_norm=2.9303174018859863, loss=1.1457656621932983
I0212 00:41:58.903061 139647833720576 logging_writer.py:48] [47000] global_step=47000, grad_norm=1.9544731378555298, loss=1.0627167224884033
I0212 00:43:29.735259 139647825327872 logging_writer.py:48] [47100] global_step=47100, grad_norm=2.2601046562194824, loss=1.070360541343689
I0212 00:44:58.628843 139647833720576 logging_writer.py:48] [47200] global_step=47200, grad_norm=3.116266965866089, loss=1.0947425365447998
I0212 00:46:30.651376 139647825327872 logging_writer.py:48] [47300] global_step=47300, grad_norm=3.784693956375122, loss=1.127339482307434
I0212 00:48:01.468357 139647833720576 logging_writer.py:48] [47400] global_step=47400, grad_norm=2.1673598289489746, loss=1.1358153820037842
I0212 00:49:18.056969 139647825327872 logging_writer.py:48] [47500] global_step=47500, grad_norm=1.7593735456466675, loss=1.0819934606552124
I0212 00:50:39.569544 139647833720576 logging_writer.py:48] [47600] global_step=47600, grad_norm=4.43398904800415, loss=1.1153056621551514
I0212 00:52:03.358408 139647825327872 logging_writer.py:48] [47700] global_step=47700, grad_norm=2.802980661392212, loss=1.15535569190979
I0212 00:53:29.160836 139647833720576 logging_writer.py:48] [47800] global_step=47800, grad_norm=3.628182888031006, loss=1.128110408782959
I0212 00:54:06.867710 139803787056960 spec.py:321] Evaluating on the training split.
I0212 00:55:03.360548 139803787056960 spec.py:333] Evaluating on the validation split.
I0212 00:55:57.019472 139803787056960 spec.py:349] Evaluating on the test split.
I0212 00:56:24.860464 139803787056960 submission_runner.py:408] Time since start: 44354.34s, 	Step: 47843, 	{'train/ctc_loss': Array(0.11888938, dtype=float32), 'train/wer': 0.04392925380302572, 'validation/ctc_loss': Array(0.42518348, dtype=float32), 'validation/wer': 0.12226652635237553, 'validation/num_examples': 5348, 'test/ctc_loss': Array(0.22332466, dtype=float32), 'test/wer': 0.07054211606036602, 'test/num_examples': 2472, 'score': 40347.73718690872, 'total_duration': 44354.33743262291, 'accumulated_submission_time': 40347.73718690872, 'accumulated_eval_time': 4002.885982275009, 'accumulated_logging_time': 1.5108904838562012}
I0212 00:56:24.906273 139647833720576 logging_writer.py:48] [47843] accumulated_eval_time=4002.885982, accumulated_logging_time=1.510890, accumulated_submission_time=40347.737187, global_step=47843, preemption_count=0, score=40347.737187, test/ctc_loss=0.22332465648651123, test/num_examples=2472, test/wer=0.070542, total_duration=44354.337433, train/ctc_loss=0.11888938397169113, train/wer=0.043929, validation/ctc_loss=0.4251834750175476, validation/num_examples=5348, validation/wer=0.122267
I0212 00:57:08.884461 139647825327872 logging_writer.py:48] [47900] global_step=47900, grad_norm=6.070465564727783, loss=1.1320347785949707
I0212 00:58:24.230658 139803787056960 spec.py:321] Evaluating on the training split.
I0212 00:59:18.788022 139803787056960 spec.py:333] Evaluating on the validation split.
I0212 01:00:07.982860 139803787056960 spec.py:349] Evaluating on the test split.
I0212 01:00:32.675647 139803787056960 submission_runner.py:408] Time since start: 44602.16s, 	Step: 48000, 	{'train/ctc_loss': Array(0.12519462, dtype=float32), 'train/wer': 0.04541185510896711, 'validation/ctc_loss': Array(0.42519876, dtype=float32), 'validation/wer': 0.12229549031155565, 'validation/num_examples': 5348, 'test/ctc_loss': Array(0.22333445, dtype=float32), 'test/wer': 0.07048118132147137, 'test/num_examples': 2472, 'score': 40467.03829741478, 'total_duration': 44602.15502882004, 'accumulated_submission_time': 40467.03829741478, 'accumulated_eval_time': 4131.328007936478, 'accumulated_logging_time': 1.5726885795593262}
I0212 01:00:32.705995 139647833720576 logging_writer.py:48] [48000] accumulated_eval_time=4131.328008, accumulated_logging_time=1.572689, accumulated_submission_time=40467.038297, global_step=48000, preemption_count=0, score=40467.038297, test/ctc_loss=0.2233344465494156, test/num_examples=2472, test/wer=0.070481, total_duration=44602.155029, train/ctc_loss=0.12519462406635284, train/wer=0.045412, validation/ctc_loss=0.4251987636089325, validation/num_examples=5348, validation/wer=0.122295
I0212 01:00:32.729205 139647825327872 logging_writer.py:48] [48000] global_step=48000, preemption_count=0, score=40467.038297
I0212 01:00:32.968287 139803787056960 checkpoints.py:490] Saving checkpoint at step: 48000
I0212 01:00:33.971995 139803787056960 checkpoints.py:422] Saved checkpoint at /experiment_runs/prize_qualification/study_1/librispeech_deepspeech_jax/trial_2/checkpoint_48000
I0212 01:00:33.991300 139803787056960 checkpoint_utils.py:240] Saved checkpoint to /experiment_runs/prize_qualification/study_1/librispeech_deepspeech_jax/trial_2/checkpoint_48000.
I0212 01:00:35.362115 139803787056960 submission_runner.py:583] Tuning trial 2/5
I0212 01:00:35.362412 139803787056960 submission_runner.py:584] Hyperparameters: Hyperparameters(dropout_rate=0.0, label_smoothing=0.2, learning_rate=0.0008445074561975979, one_minus_beta1=0.11042418465, beta2=0.9978504782314613, weight_decay=0.08135402759553023, warmup_factor=0.05)
