python3 submission_runner.py --framework=jax --workload=librispeech_conformer_attention_temperature --submission_path=reference_algorithms/target_setting_algorithms/jax_nadamw.py --data_dir=/data/librispeech --num_tuning_trials=1 --experiment_dir=/experiment_runs --experiment_name=variants_target_setting/study_0 --overwrite=true --save_checkpoints=false --rng_seed=2060265407 --max_global_steps=80000 --librispeech_tokenizer_vocab_path=/data/librispeech/spm_model.vocab --tuning_ruleset=external --tuning_search_space=reference_algorithms/target_setting_algorithms/librispeech_conformer_attention_temperature/tuning_search_space.json --num_tuning_trials=1 2>&1 | tee -a /logs/librispeech_conformer_attention_temperature_jax_03-07-2024-13-29-07.log
I0307 13:29:27.646625 140017254528832 logger_utils.py:76] Creating experiment directory at /experiment_runs/variants_target_setting/study_0/librispeech_conformer_attention_temperature_jax.
I0307 13:29:28.647969 140017254528832 xla_bridge.py:455] Unable to initialize backend 'rocm': NOT_FOUND: Could not find registered platform with name: "rocm". Available platform names are: Interpreter Host CUDA
I0307 13:29:28.648593 140017254528832 xla_bridge.py:455] Unable to initialize backend 'tpu': module 'jaxlib.xla_extension' has no attribute 'get_tpu_client'
I0307 13:29:28.648721 140017254528832 xla_bridge.py:455] Unable to initialize backend 'plugin': xla_extension has no attributes named get_plugin_device_client. Compile TensorFlow with //tensorflow/compiler/xla/python:enable_plugin_device set to true (defaults to false) to enable this.
I0307 13:29:28.653835 140017254528832 submission_runner.py:547] Using RNG seed 2060265407
I0307 13:29:29.807612 140017254528832 submission_runner.py:556] --- Tuning run 1/1 ---
I0307 13:29:29.807807 140017254528832 submission_runner.py:561] Creating tuning directory at /experiment_runs/variants_target_setting/study_0/librispeech_conformer_attention_temperature_jax/trial_1.
I0307 13:29:29.807991 140017254528832 logger_utils.py:92] Saving hparams to /experiment_runs/variants_target_setting/study_0/librispeech_conformer_attention_temperature_jax/trial_1/hparams.json.
I0307 13:29:29.993545 140017254528832 submission_runner.py:206] Initializing dataset.
I0307 13:29:29.993769 140017254528832 submission_runner.py:213] Initializing model.
I0307 13:29:34.801619 140017254528832 submission_runner.py:255] Initializing optimizer.
I0307 13:29:36.015531 140017254528832 submission_runner.py:262] Initializing metrics bundle.
I0307 13:29:36.015725 140017254528832 submission_runner.py:280] Initializing checkpoint and logger.
I0307 13:29:36.016851 140017254528832 checkpoints.py:915] Found no checkpoint files in /experiment_runs/variants_target_setting/study_0/librispeech_conformer_attention_temperature_jax/trial_1 with prefix checkpoint_
I0307 13:29:36.016984 140017254528832 submission_runner.py:300] Saving meta data to /experiment_runs/variants_target_setting/study_0/librispeech_conformer_attention_temperature_jax/trial_1/meta_data_0.json.
I0307 13:29:36.017165 140017254528832 logger_utils.py:257] Unable to record workload.train_mean information. Continuing without it.
I0307 13:29:36.017223 140017254528832 logger_utils.py:257] Unable to record workload.train_stddev information. Continuing without it.
fatal: detected dubious ownership in repository at '/algorithmic-efficiency'
To add an exception for this directory, call:

	git config --global --add safe.directory /algorithmic-efficiency
I0307 13:29:36.302002 140017254528832 logger_utils.py:220] Unable to record git information. Continuing without it.
I0307 13:29:36.557766 140017254528832 submission_runner.py:304] Saving flags to /experiment_runs/variants_target_setting/study_0/librispeech_conformer_attention_temperature_jax/trial_1/flags_0.json.
I0307 13:29:36.572191 140017254528832 submission_runner.py:314] Starting training loop.
I0307 13:29:36.871540 140017254528832 input_pipeline.py:20] Loading split = train-clean-100
I0307 13:29:36.909734 140017254528832 input_pipeline.py:20] Loading split = train-clean-360
I0307 13:29:37.306989 140017254528832 input_pipeline.py:20] Loading split = train-other-500
/usr/local/lib/python3.8/dist-packages/jax/_src/interpreters/mlir.py:582: UserWarning: Some donated buffers were not usable: ShapedArray(float32[512]), ShapedArray(float32[512]), ShapedArray(float32[512]), ShapedArray(float32[512]), ShapedArray(float32[512]), ShapedArray(float32[512]), ShapedArray(float32[512]), ShapedArray(float32[512]).
See an explanation at https://jax.readthedocs.io/en/latest/faq.html#buffer-donation.
  warnings.warn(f"Some donated buffers were not usable: {', '.join(unused_donations)}.\n{msg}")
I0307 13:30:38.060091 139844521023232 logging_writer.py:48] [0] global_step=0, grad_norm=48.05097579956055, loss=32.137508392333984
I0307 13:30:38.100151 140017254528832 spec.py:321] Evaluating on the training split.
I0307 13:30:38.278594 140017254528832 input_pipeline.py:20] Loading split = train-clean-100
I0307 13:30:38.316589 140017254528832 input_pipeline.py:20] Loading split = train-clean-360
I0307 13:30:38.771484 140017254528832 input_pipeline.py:20] Loading split = train-other-500
/usr/local/lib/python3.8/dist-packages/jax/_src/ops/scatter.py:92: FutureWarning: scatter inputs have incompatible types: cannot safely cast value from dtype=float32 to dtype=int32. In future JAX releases this will result in an error.
  warnings.warn("scatter inputs have incompatible types: cannot safely cast "
I0307 13:31:31.943246 140017254528832 spec.py:333] Evaluating on the validation split.
I0307 13:31:32.063023 140017254528832 input_pipeline.py:20] Loading split = dev-clean
I0307 13:31:32.067892 140017254528832 input_pipeline.py:20] Loading split = dev-other
I0307 13:32:26.539308 140017254528832 spec.py:349] Evaluating on the test split.
I0307 13:32:26.655727 140017254528832 input_pipeline.py:20] Loading split = test-clean
I0307 13:32:59.812202 140017254528832 submission_runner.py:413] Time since start: 203.24s, 	Step: 1, 	{'train/ctc_loss': Array(31.646616, dtype=float32), 'train/wer': 0.9441569664535743, 'validation/ctc_loss': Array(30.636509, dtype=float32), 'validation/wer': 0.8989737103797175, 'validation/num_examples': 5348, 'test/ctc_loss': Array(30.752209, dtype=float32), 'test/wer': 0.9018138240610972, 'test/num_examples': 2472, 'score': 61.52786350250244, 'total_duration': 203.23771166801453, 'accumulated_submission_time': 61.52786350250244, 'accumulated_eval_time': 141.70978260040283, 'accumulated_logging_time': 0}
I0307 13:32:59.840360 139835444557568 logging_writer.py:48] [1] accumulated_eval_time=141.709783, accumulated_logging_time=0, accumulated_submission_time=61.527864, global_step=1, preemption_count=0, score=61.527864, test/ctc_loss=30.752208709716797, test/num_examples=2472, test/wer=0.901814, total_duration=203.237712, train/ctc_loss=31.646615982055664, train/wer=0.944157, validation/ctc_loss=30.63650894165039, validation/num_examples=5348, validation/wer=0.898974
I0307 13:33:23.846963 139846847776512 logging_writer.py:48] [1] global_step=1, grad_norm=61.16460037231445, loss=32.52214813232422
I0307 13:33:24.741751 139846856169216 logging_writer.py:48] [2] global_step=2, grad_norm=57.32834243774414, loss=32.131465911865234
I0307 13:33:25.635790 139846847776512 logging_writer.py:48] [3] global_step=3, grad_norm=63.64292907714844, loss=32.5694694519043
I0307 13:33:26.538999 139846856169216 logging_writer.py:48] [4] global_step=4, grad_norm=62.25773620605469, loss=31.76923179626465
I0307 13:33:27.440327 139846847776512 logging_writer.py:48] [5] global_step=5, grad_norm=72.36178588867188, loss=32.08964157104492
I0307 13:33:28.340613 139846856169216 logging_writer.py:48] [6] global_step=6, grad_norm=77.48860931396484, loss=32.63473129272461
I0307 13:33:29.234827 139846847776512 logging_writer.py:48] [7] global_step=7, grad_norm=85.9795150756836, loss=31.687694549560547
I0307 13:33:30.120015 139846856169216 logging_writer.py:48] [8] global_step=8, grad_norm=94.2949447631836, loss=31.37372398376465
I0307 13:33:31.013480 139846847776512 logging_writer.py:48] [9] global_step=9, grad_norm=96.06610107421875, loss=32.35019302368164
I0307 13:33:31.904823 139846856169216 logging_writer.py:48] [10] global_step=10, grad_norm=109.91362762451172, loss=32.15981674194336
I0307 13:33:32.800092 139846847776512 logging_writer.py:48] [11] global_step=11, grad_norm=94.77661895751953, loss=30.67860984802246
I0307 13:33:33.699343 139846856169216 logging_writer.py:48] [12] global_step=12, grad_norm=105.25074005126953, loss=30.268186569213867
I0307 13:33:34.606942 139846847776512 logging_writer.py:48] [13] global_step=13, grad_norm=114.66567993164062, loss=29.772254943847656
I0307 13:33:35.514385 139846856169216 logging_writer.py:48] [14] global_step=14, grad_norm=113.80933380126953, loss=30.17627716064453
I0307 13:33:36.406826 139846847776512 logging_writer.py:48] [15] global_step=15, grad_norm=112.82484436035156, loss=28.946866989135742
I0307 13:33:37.293279 139846856169216 logging_writer.py:48] [16] global_step=16, grad_norm=112.60874938964844, loss=29.01922035217285
I0307 13:33:38.187989 139846847776512 logging_writer.py:48] [17] global_step=17, grad_norm=121.89698028564453, loss=28.94314956665039
I0307 13:33:39.093131 139846856169216 logging_writer.py:48] [18] global_step=18, grad_norm=114.20651245117188, loss=27.740398406982422
I0307 13:33:39.984581 139846847776512 logging_writer.py:48] [19] global_step=19, grad_norm=100.93749237060547, loss=27.44719123840332
I0307 13:33:40.884425 139846856169216 logging_writer.py:48] [20] global_step=20, grad_norm=99.76428985595703, loss=27.19824981689453
I0307 13:33:41.781198 139846847776512 logging_writer.py:48] [21] global_step=21, grad_norm=108.6192855834961, loss=27.186826705932617
I0307 13:33:42.690216 139846856169216 logging_writer.py:48] [22] global_step=22, grad_norm=105.76724243164062, loss=25.937088012695312
I0307 13:33:43.583244 139846847776512 logging_writer.py:48] [23] global_step=23, grad_norm=87.5290756225586, loss=25.930984497070312
I0307 13:33:44.477618 139846856169216 logging_writer.py:48] [24] global_step=24, grad_norm=104.75358581542969, loss=24.042953491210938
I0307 13:33:45.370750 139846847776512 logging_writer.py:48] [25] global_step=25, grad_norm=79.91506958007812, loss=24.38340187072754
I0307 13:33:46.259013 139846856169216 logging_writer.py:48] [26] global_step=26, grad_norm=69.4893569946289, loss=24.18906593322754
I0307 13:33:47.146415 139846847776512 logging_writer.py:48] [27] global_step=27, grad_norm=57.302921295166016, loss=25.30801010131836
I0307 13:33:48.046460 139846856169216 logging_writer.py:48] [28] global_step=28, grad_norm=62.71635055541992, loss=22.49370002746582
I0307 13:33:48.953157 139846847776512 logging_writer.py:48] [29] global_step=29, grad_norm=43.0429573059082, loss=24.763547897338867
I0307 13:33:49.856197 139846856169216 logging_writer.py:48] [30] global_step=30, grad_norm=34.013954162597656, loss=24.316373825073242
I0307 13:33:50.748239 139846847776512 logging_writer.py:48] [31] global_step=31, grad_norm=32.854270935058594, loss=23.229446411132812
I0307 13:33:51.631854 139846856169216 logging_writer.py:48] [32] global_step=32, grad_norm=34.51655197143555, loss=23.07158851623535
I0307 13:33:52.541317 139846847776512 logging_writer.py:48] [33] global_step=33, grad_norm=25.011720657348633, loss=21.82012939453125
I0307 13:33:53.444703 139846856169216 logging_writer.py:48] [34] global_step=34, grad_norm=34.176490783691406, loss=22.59376335144043
I0307 13:33:54.343846 139846847776512 logging_writer.py:48] [35] global_step=35, grad_norm=51.56919479370117, loss=23.28571319580078
I0307 13:33:55.240101 139846856169216 logging_writer.py:48] [36] global_step=36, grad_norm=46.32991409301758, loss=21.594558715820312
I0307 13:33:56.144581 139846847776512 logging_writer.py:48] [37] global_step=37, grad_norm=54.221229553222656, loss=23.30790901184082
I0307 13:33:57.045376 139846856169216 logging_writer.py:48] [38] global_step=38, grad_norm=60.719635009765625, loss=23.601625442504883
I0307 13:33:57.938450 139846847776512 logging_writer.py:48] [39] global_step=39, grad_norm=64.75535583496094, loss=23.31270408630371
I0307 13:33:58.827430 139846856169216 logging_writer.py:48] [40] global_step=40, grad_norm=58.20951461791992, loss=22.415678024291992
I0307 13:33:59.721100 139846847776512 logging_writer.py:48] [41] global_step=41, grad_norm=66.431884765625, loss=23.07826042175293
I0307 13:34:00.623340 139846856169216 logging_writer.py:48] [42] global_step=42, grad_norm=73.77591705322266, loss=23.798707962036133
I0307 13:34:01.522455 139846847776512 logging_writer.py:48] [43] global_step=43, grad_norm=61.377464294433594, loss=22.145429611206055
I0307 13:34:02.431162 139846856169216 logging_writer.py:48] [44] global_step=44, grad_norm=68.23892211914062, loss=22.56920623779297
I0307 13:34:03.343637 139846847776512 logging_writer.py:48] [45] global_step=45, grad_norm=51.13955307006836, loss=21.662399291992188
I0307 13:34:04.250928 139846856169216 logging_writer.py:48] [46] global_step=46, grad_norm=70.78575897216797, loss=23.566171646118164
I0307 13:34:05.141366 139846847776512 logging_writer.py:48] [47] global_step=47, grad_norm=64.41971588134766, loss=22.622554779052734
I0307 13:34:06.034229 139846856169216 logging_writer.py:48] [48] global_step=48, grad_norm=61.216548919677734, loss=22.82856559753418
I0307 13:34:06.926506 139846847776512 logging_writer.py:48] [49] global_step=49, grad_norm=58.964080810546875, loss=22.04323387145996
I0307 13:34:07.816614 139846856169216 logging_writer.py:48] [50] global_step=50, grad_norm=36.68626403808594, loss=20.83504295349121
I0307 13:34:08.716916 139846847776512 logging_writer.py:48] [51] global_step=51, grad_norm=45.97040557861328, loss=21.436037063598633
I0307 13:34:09.618704 139846856169216 logging_writer.py:48] [52] global_step=52, grad_norm=54.23230743408203, loss=22.74518585205078
I0307 13:34:10.522808 139846847776512 logging_writer.py:48] [53] global_step=53, grad_norm=18.824052810668945, loss=19.210002899169922
I0307 13:34:11.430984 139846856169216 logging_writer.py:48] [54] global_step=54, grad_norm=22.769533157348633, loss=20.434572219848633
I0307 13:34:12.336329 139846847776512 logging_writer.py:48] [55] global_step=55, grad_norm=26.354265213012695, loss=21.528621673583984
I0307 13:34:13.229191 139846856169216 logging_writer.py:48] [56] global_step=56, grad_norm=14.61715316772461, loss=19.792579650878906
I0307 13:34:14.122326 139846847776512 logging_writer.py:48] [57] global_step=57, grad_norm=20.864795684814453, loss=21.472070693969727
I0307 13:34:15.012835 139846856169216 logging_writer.py:48] [58] global_step=58, grad_norm=16.39817237854004, loss=21.298280715942383
I0307 13:34:15.913151 139846847776512 logging_writer.py:48] [59] global_step=59, grad_norm=22.618616104125977, loss=19.683494567871094
I0307 13:34:16.823709 139846856169216 logging_writer.py:48] [60] global_step=60, grad_norm=26.909591674804688, loss=20.262235641479492
I0307 13:34:17.728598 139846847776512 logging_writer.py:48] [61] global_step=61, grad_norm=35.66477584838867, loss=20.84801483154297
I0307 13:34:18.633550 139846856169216 logging_writer.py:48] [62] global_step=62, grad_norm=38.35943603515625, loss=20.17183494567871
I0307 13:34:19.539634 139846847776512 logging_writer.py:48] [63] global_step=63, grad_norm=41.03558349609375, loss=21.006914138793945
I0307 13:34:20.431078 139846856169216 logging_writer.py:48] [64] global_step=64, grad_norm=42.50555419921875, loss=20.760786056518555
I0307 13:34:21.325943 139846847776512 logging_writer.py:48] [65] global_step=65, grad_norm=36.99201202392578, loss=21.38990592956543
I0307 13:34:22.208454 139846856169216 logging_writer.py:48] [66] global_step=66, grad_norm=39.482666015625, loss=20.637046813964844
I0307 13:34:23.100743 139846847776512 logging_writer.py:48] [67] global_step=67, grad_norm=40.046634674072266, loss=20.123367309570312
I0307 13:34:24.007874 139846856169216 logging_writer.py:48] [68] global_step=68, grad_norm=36.186912536621094, loss=21.27483367919922
I0307 13:34:24.915433 139846847776512 logging_writer.py:48] [69] global_step=69, grad_norm=32.79106140136719, loss=21.350135803222656
I0307 13:34:25.819057 139846856169216 logging_writer.py:48] [70] global_step=70, grad_norm=29.404733657836914, loss=22.05328941345215
I0307 13:34:26.720318 139846847776512 logging_writer.py:48] [71] global_step=71, grad_norm=30.126285552978516, loss=21.30245590209961
I0307 13:34:27.613712 139846856169216 logging_writer.py:48] [72] global_step=72, grad_norm=39.66709518432617, loss=19.901473999023438
I0307 13:34:28.506527 139846847776512 logging_writer.py:48] [73] global_step=73, grad_norm=39.4452018737793, loss=21.00924301147461
I0307 13:34:29.410317 139846856169216 logging_writer.py:48] [74] global_step=74, grad_norm=33.31745910644531, loss=20.826271057128906
I0307 13:34:30.306066 139846847776512 logging_writer.py:48] [75] global_step=75, grad_norm=40.81230163574219, loss=21.19617462158203
I0307 13:34:31.200444 139846856169216 logging_writer.py:48] [76] global_step=76, grad_norm=41.37428283691406, loss=19.70464324951172
I0307 13:34:32.108921 139846847776512 logging_writer.py:48] [77] global_step=77, grad_norm=42.06355285644531, loss=19.15786361694336
I0307 13:34:33.008430 139846856169216 logging_writer.py:48] [78] global_step=78, grad_norm=42.96949005126953, loss=19.415668487548828
I0307 13:34:33.907003 139846847776512 logging_writer.py:48] [79] global_step=79, grad_norm=32.03895568847656, loss=20.868560791015625
I0307 13:34:34.791196 139846856169216 logging_writer.py:48] [80] global_step=80, grad_norm=32.92867660522461, loss=19.066877365112305
I0307 13:34:35.683123 139846847776512 logging_writer.py:48] [81] global_step=81, grad_norm=33.566829681396484, loss=18.612224578857422
I0307 13:34:36.577563 139846856169216 logging_writer.py:48] [82] global_step=82, grad_norm=23.114025115966797, loss=18.244298934936523
I0307 13:34:37.467830 139846847776512 logging_writer.py:48] [83] global_step=83, grad_norm=21.92595863342285, loss=20.232154846191406
I0307 13:34:38.364219 139846856169216 logging_writer.py:48] [84] global_step=84, grad_norm=23.00580406188965, loss=19.527996063232422
I0307 13:34:39.263539 139846847776512 logging_writer.py:48] [85] global_step=85, grad_norm=20.9632511138916, loss=18.61344337463379
I0307 13:34:40.166923 139846856169216 logging_writer.py:48] [86] global_step=86, grad_norm=21.13602066040039, loss=18.625131607055664
I0307 13:34:41.071746 139846847776512 logging_writer.py:48] [87] global_step=87, grad_norm=18.387910842895508, loss=19.09469223022461
I0307 13:34:41.963513 139846856169216 logging_writer.py:48] [88] global_step=88, grad_norm=23.613887786865234, loss=19.281137466430664
I0307 13:34:42.846959 139846847776512 logging_writer.py:48] [89] global_step=89, grad_norm=22.53850555419922, loss=18.16582489013672
I0307 13:34:43.766324 139846856169216 logging_writer.py:48] [90] global_step=90, grad_norm=22.088489532470703, loss=18.564044952392578
I0307 13:34:44.668655 139846847776512 logging_writer.py:48] [91] global_step=91, grad_norm=20.159507751464844, loss=18.078819274902344
I0307 13:34:45.557953 139846856169216 logging_writer.py:48] [92] global_step=92, grad_norm=21.96746826171875, loss=17.950767517089844
I0307 13:34:46.464946 139846847776512 logging_writer.py:48] [93] global_step=93, grad_norm=23.66179847717285, loss=18.459590911865234
I0307 13:34:47.371617 139846856169216 logging_writer.py:48] [94] global_step=94, grad_norm=21.49105453491211, loss=17.3275146484375
I0307 13:34:48.270889 139846847776512 logging_writer.py:48] [95] global_step=95, grad_norm=26.471643447875977, loss=18.80909538269043
I0307 13:34:49.178030 139846856169216 logging_writer.py:48] [96] global_step=96, grad_norm=28.524213790893555, loss=17.985328674316406
I0307 13:34:50.069964 139846847776512 logging_writer.py:48] [97] global_step=97, grad_norm=22.23380470275879, loss=17.60284996032715
I0307 13:34:50.957532 139846856169216 logging_writer.py:48] [98] global_step=98, grad_norm=23.57373809814453, loss=17.807315826416016
I0307 13:34:51.853909 139846847776512 logging_writer.py:48] [99] global_step=99, grad_norm=22.786739349365234, loss=17.571077346801758
I0307 13:34:52.746456 139846856169216 logging_writer.py:48] [100] global_step=100, grad_norm=20.221071243286133, loss=17.433069229125977
I0307 13:40:00.506891 139846847776512 logging_writer.py:48] [500] global_step=500, grad_norm=0.540791392326355, loss=5.892580509185791
I0307 13:47:01.850183 139846856169216 logging_writer.py:48] [1000] global_step=1000, grad_norm=0.5996791124343872, loss=5.791827201843262
I0307 13:53:31.352063 139846906525440 logging_writer.py:48] [1500] global_step=1500, grad_norm=0.7664309144020081, loss=5.791614055633545
I0307 13:57:00.363354 140017254528832 spec.py:321] Evaluating on the training split.
I0307 13:57:36.384265 140017254528832 spec.py:333] Evaluating on the validation split.
I0307 13:58:20.525165 140017254528832 spec.py:349] Evaluating on the test split.
I0307 13:58:42.434353 140017254528832 submission_runner.py:413] Time since start: 1745.86s, 	Step: 1761, 	{'train/ctc_loss': Array(5.9389296, dtype=float32), 'train/wer': 0.944635537887994, 'validation/ctc_loss': Array(5.964965, dtype=float32), 'validation/wer': 0.8966179750330672, 'validation/num_examples': 5348, 'test/ctc_loss': Array(5.9309573, dtype=float32), 'test/wer': 0.899579550301627, 'test/num_examples': 2472, 'score': 1501.9751040935516, 'total_duration': 1745.8570942878723, 'accumulated_submission_time': 1501.9751040935516, 'accumulated_eval_time': 243.77579021453857, 'accumulated_logging_time': 0.04176211357116699}
I0307 13:58:42.467673 139846906525440 logging_writer.py:48] [1761] accumulated_eval_time=243.775790, accumulated_logging_time=0.041762, accumulated_submission_time=1501.975104, global_step=1761, preemption_count=0, score=1501.975104, test/ctc_loss=5.930957317352295, test/num_examples=2472, test/wer=0.899580, total_duration=1745.857094, train/ctc_loss=5.938929557800293, train/wer=0.944636, validation/ctc_loss=5.964964866638184, validation/num_examples=5348, validation/wer=0.896618
I0307 14:01:46.624939 139846898132736 logging_writer.py:48] [2000] global_step=2000, grad_norm=0.7942060232162476, loss=5.772058486938477
I0307 14:08:14.693712 139846906525440 logging_writer.py:48] [2500] global_step=2500, grad_norm=0.7037714719772339, loss=5.648930549621582
I0307 14:15:17.173582 139846898132736 logging_writer.py:48] [3000] global_step=3000, grad_norm=1.6703287363052368, loss=5.554168701171875
I0307 14:21:50.172946 139846906525440 logging_writer.py:48] [3500] global_step=3500, grad_norm=2.2902722358703613, loss=5.539026260375977
I0307 14:22:42.554074 140017254528832 spec.py:321] Evaluating on the training split.
I0307 14:23:18.875703 140017254528832 spec.py:333] Evaluating on the validation split.
I0307 14:24:02.828418 140017254528832 spec.py:349] Evaluating on the test split.
I0307 14:24:25.122916 140017254528832 submission_runner.py:413] Time since start: 3288.55s, 	Step: 3570, 	{'train/ctc_loss': Array(5.678523, dtype=float32), 'train/wer': 0.9427216791412514, 'validation/ctc_loss': Array(5.6549478, dtype=float32), 'validation/wer': 0.8966179750330672, 'validation/num_examples': 5348, 'test/ctc_loss': Array(5.644139, dtype=float32), 'test/wer': 0.899579550301627, 'test/num_examples': 2472, 'score': 2941.9806768894196, 'total_duration': 3288.545496702194, 'accumulated_submission_time': 2941.9806768894196, 'accumulated_eval_time': 346.3394613265991, 'accumulated_logging_time': 0.08922410011291504}
I0307 14:24:25.155630 139846906525440 logging_writer.py:48] [3570] accumulated_eval_time=346.339461, accumulated_logging_time=0.089224, accumulated_submission_time=2941.980677, global_step=3570, preemption_count=0, score=2941.980677, test/ctc_loss=5.644138813018799, test/num_examples=2472, test/wer=0.899580, total_duration=3288.545497, train/ctc_loss=5.678523063659668, train/wer=0.942722, validation/ctc_loss=5.654947757720947, validation/num_examples=5348, validation/wer=0.896618
I0307 14:30:07.905220 139846898132736 logging_writer.py:48] [4000] global_step=4000, grad_norm=1.321779489517212, loss=5.550782680511475
I0307 14:36:45.144573 139846906525440 logging_writer.py:48] [4500] global_step=4500, grad_norm=0.7193095088005066, loss=5.505916595458984
I0307 14:43:49.232366 139846898132736 logging_writer.py:48] [5000] global_step=5000, grad_norm=0.8297095894813538, loss=5.541741847991943
I0307 14:48:25.145385 140017254528832 spec.py:321] Evaluating on the training split.
I0307 14:49:01.235082 140017254528832 spec.py:333] Evaluating on the validation split.
I0307 14:49:45.524752 140017254528832 spec.py:349] Evaluating on the test split.
I0307 14:50:08.204304 140017254528832 submission_runner.py:413] Time since start: 4831.63s, 	Step: 5339, 	{'train/ctc_loss': Array(7.206813, dtype=float32), 'train/wer': 0.9433243196230056, 'validation/ctc_loss': Array(9.036783, dtype=float32), 'validation/wer': 0.8966179750330672, 'validation/num_examples': 5348, 'test/ctc_loss': Array(8.352105, dtype=float32), 'test/wer': 0.899579550301627, 'test/num_examples': 2472, 'score': 4381.889694213867, 'total_duration': 4831.627207994461, 'accumulated_submission_time': 4381.889694213867, 'accumulated_eval_time': 449.3937108516693, 'accumulated_logging_time': 0.13728642463684082}
I0307 14:50:08.239416 139846906525440 logging_writer.py:48] [5339] accumulated_eval_time=449.393711, accumulated_logging_time=0.137286, accumulated_submission_time=4381.889694, global_step=5339, preemption_count=0, score=4381.889694, test/ctc_loss=8.352105140686035, test/num_examples=2472, test/wer=0.899580, total_duration=4831.627208, train/ctc_loss=7.206812858581543, train/wer=0.943324, validation/ctc_loss=9.036783218383789, validation/num_examples=5348, validation/wer=0.896618
I0307 14:52:12.044407 139846898132736 logging_writer.py:48] [5500] global_step=5500, grad_norm=0.8413538336753845, loss=5.529685020446777
I0307 14:59:00.271105 139846906525440 logging_writer.py:48] [6000] global_step=6000, grad_norm=0.9012669324874878, loss=5.5499162673950195
I0307 15:05:44.935577 139846906525440 logging_writer.py:48] [6500] global_step=6500, grad_norm=0.5639044046401978, loss=5.5000996589660645
I0307 15:12:43.364375 139846898132736 logging_writer.py:48] [7000] global_step=7000, grad_norm=0.4400286376476288, loss=5.505295276641846
I0307 15:14:08.571685 140017254528832 spec.py:321] Evaluating on the training split.
I0307 15:14:45.964167 140017254528832 spec.py:333] Evaluating on the validation split.
I0307 15:15:30.742132 140017254528832 spec.py:349] Evaluating on the test split.
I0307 15:15:53.178268 140017254528832 submission_runner.py:413] Time since start: 6376.60s, 	Step: 7099, 	{'train/ctc_loss': Array(7.6976004, dtype=float32), 'train/wer': 0.9437003215030003, 'validation/ctc_loss': Array(9.880598, dtype=float32), 'validation/wer': 0.8966179750330672, 'validation/num_examples': 5348, 'test/ctc_loss': Array(9.57103, dtype=float32), 'test/wer': 0.899579550301627, 'test/num_examples': 2472, 'score': 5822.1394028663635, 'total_duration': 6376.600991487503, 'accumulated_submission_time': 5822.1394028663635, 'accumulated_eval_time': 553.9952628612518, 'accumulated_logging_time': 0.1885666847229004}
I0307 15:15:53.213029 139846906525440 logging_writer.py:48] [7099] accumulated_eval_time=553.995263, accumulated_logging_time=0.188567, accumulated_submission_time=5822.139403, global_step=7099, preemption_count=0, score=5822.139403, test/ctc_loss=9.571029663085938, test/num_examples=2472, test/wer=0.899580, total_duration=6376.600991, train/ctc_loss=7.697600364685059, train/wer=0.943700, validation/ctc_loss=9.880598068237305, validation/num_examples=5348, validation/wer=0.896618
I0307 15:21:03.276943 139846906525440 logging_writer.py:48] [7500] global_step=7500, grad_norm=1.5778841972351074, loss=5.523179054260254
I0307 15:28:05.215470 139846898132736 logging_writer.py:48] [8000] global_step=8000, grad_norm=0.506023645401001, loss=5.487238883972168
I0307 15:34:57.454920 139846906525440 logging_writer.py:48] [8500] global_step=8500, grad_norm=0.657090961933136, loss=5.481348991394043
I0307 15:39:53.834213 140017254528832 spec.py:321] Evaluating on the training split.
I0307 15:40:31.169414 140017254528832 spec.py:333] Evaluating on the validation split.
I0307 15:41:15.406043 140017254528832 spec.py:349] Evaluating on the test split.
I0307 15:41:37.701226 140017254528832 submission_runner.py:413] Time since start: 7921.12s, 	Step: 8863, 	{'train/ctc_loss': Array(5.786989, dtype=float32), 'train/wer': 0.9415512405140359, 'validation/ctc_loss': Array(5.6355996, dtype=float32), 'validation/wer': 0.8966179750330672, 'validation/num_examples': 5348, 'test/ctc_loss': Array(5.645039, dtype=float32), 'test/wer': 0.899579550301627, 'test/num_examples': 2472, 'score': 7262.676467657089, 'total_duration': 7921.123960733414, 'accumulated_submission_time': 7262.676467657089, 'accumulated_eval_time': 657.8572702407837, 'accumulated_logging_time': 0.2408149242401123}
I0307 15:41:37.738856 139846906525440 logging_writer.py:48] [8863] accumulated_eval_time=657.857270, accumulated_logging_time=0.240815, accumulated_submission_time=7262.676468, global_step=8863, preemption_count=0, score=7262.676468, test/ctc_loss=5.645039081573486, test/num_examples=2472, test/wer=0.899580, total_duration=7921.123961, train/ctc_loss=5.786989212036133, train/wer=0.941551, validation/ctc_loss=5.635599613189697, validation/num_examples=5348, validation/wer=0.896618
I0307 15:43:23.054693 139846898132736 logging_writer.py:48] [9000] global_step=9000, grad_norm=0.295857697725296, loss=5.489320278167725
I0307 15:49:55.880956 139846906525440 logging_writer.py:48] [9500] global_step=9500, grad_norm=0.3505402207374573, loss=5.485228061676025
I0307 15:56:49.714313 139846898132736 logging_writer.py:48] [10000] global_step=10000, grad_norm=0.42070022225379944, loss=5.563780307769775
I0307 16:03:42.701276 139846906525440 logging_writer.py:48] [10500] global_step=10500, grad_norm=0.2608318030834198, loss=5.500757694244385
I0307 16:05:37.923333 140017254528832 spec.py:321] Evaluating on the training split.
I0307 16:06:16.325604 140017254528832 spec.py:333] Evaluating on the validation split.
I0307 16:07:00.305404 140017254528832 spec.py:349] Evaluating on the test split.
I0307 16:07:23.077596 140017254528832 submission_runner.py:413] Time since start: 9466.50s, 	Step: 10653, 	{'train/ctc_loss': Array(5.8362217, dtype=float32), 'train/wer': 0.9285253212839623, 'validation/ctc_loss': Array(5.6233115, dtype=float32), 'validation/wer': 0.8941270745435763, 'validation/num_examples': 5348, 'test/ctc_loss': Array(5.6422524, dtype=float32), 'test/wer': 0.8957812849105274, 'test/num_examples': 2472, 'score': 8702.776113510132, 'total_duration': 9466.500397920609, 'accumulated_submission_time': 8702.776113510132, 'accumulated_eval_time': 763.006599187851, 'accumulated_logging_time': 0.29567575454711914}
I0307 16:07:23.109392 139846906525440 logging_writer.py:48] [10653] accumulated_eval_time=763.006599, accumulated_logging_time=0.295676, accumulated_submission_time=8702.776114, global_step=10653, preemption_count=0, score=8702.776114, test/ctc_loss=5.642252445220947, test/num_examples=2472, test/wer=0.895781, total_duration=9466.500398, train/ctc_loss=5.836221694946289, train/wer=0.928525, validation/ctc_loss=5.623311519622803, validation/num_examples=5348, validation/wer=0.894127
I0307 16:11:50.755236 139846898132736 logging_writer.py:48] [11000] global_step=11000, grad_norm=0.35962432622909546, loss=5.501194953918457
I0307 16:18:47.423911 139846906525440 logging_writer.py:48] [11500] global_step=11500, grad_norm=0.2395525574684143, loss=5.473858833312988
I0307 16:25:26.900497 139846898132736 logging_writer.py:48] [12000] global_step=12000, grad_norm=0.8794156908988953, loss=5.51468563079834
I0307 16:31:23.567775 140017254528832 spec.py:321] Evaluating on the training split.
I0307 16:32:03.223551 140017254528832 spec.py:333] Evaluating on the validation split.
I0307 16:32:47.728323 140017254528832 spec.py:349] Evaluating on the test split.
I0307 16:33:10.317151 140017254528832 submission_runner.py:413] Time since start: 11013.74s, 	Step: 12417, 	{'train/ctc_loss': Array(5.510566, dtype=float32), 'train/wer': 0.9294503647927169, 'validation/ctc_loss': Array(5.462328, dtype=float32), 'validation/wer': 0.894300858298657, 'validation/num_examples': 5348, 'test/ctc_loss': Array(5.4465885, dtype=float32), 'test/wer': 0.8958219080697906, 'test/num_examples': 2472, 'score': 10143.150477647781, 'total_duration': 11013.738177537918, 'accumulated_submission_time': 10143.150477647781, 'accumulated_eval_time': 869.7494282722473, 'accumulated_logging_time': 0.3447258472442627}
I0307 16:33:10.353208 139846906525440 logging_writer.py:48] [12417] accumulated_eval_time=869.749428, accumulated_logging_time=0.344726, accumulated_submission_time=10143.150478, global_step=12417, preemption_count=0, score=10143.150478, test/ctc_loss=5.446588516235352, test/num_examples=2472, test/wer=0.895822, total_duration=11013.738178, train/ctc_loss=5.510566234588623, train/wer=0.929450, validation/ctc_loss=5.46232795715332, validation/num_examples=5348, validation/wer=0.894301
I0307 16:34:14.068133 139846898132736 logging_writer.py:48] [12500] global_step=12500, grad_norm=0.29672786593437195, loss=5.480110168457031
I0307 16:40:40.440694 139846906525440 logging_writer.py:48] [13000] global_step=13000, grad_norm=0.30011531710624695, loss=5.479266166687012
I0307 16:47:42.654769 139846906525440 logging_writer.py:48] [13500] global_step=13500, grad_norm=0.340970516204834, loss=5.4446635246276855
I0307 16:54:17.055521 139846898132736 logging_writer.py:48] [14000] global_step=14000, grad_norm=0.4196029603481293, loss=5.477620601654053
I0307 16:57:11.047735 140017254528832 spec.py:321] Evaluating on the training split.
I0307 16:57:48.235289 140017254528832 spec.py:333] Evaluating on the validation split.
I0307 16:58:32.145591 140017254528832 spec.py:349] Evaluating on the test split.
I0307 16:58:54.552817 140017254528832 submission_runner.py:413] Time since start: 12557.98s, 	Step: 14203, 	{'train/ctc_loss': Array(5.4679193, dtype=float32), 'train/wer': 0.9440859096700382, 'validation/ctc_loss': Array(5.435099, dtype=float32), 'validation/wer': 0.8966179750330672, 'validation/num_examples': 5348, 'test/ctc_loss': Array(5.412527, dtype=float32), 'test/wer': 0.899579550301627, 'test/num_examples': 2472, 'score': 11583.75929760933, 'total_duration': 12557.975610017776, 'accumulated_submission_time': 11583.75929760933, 'accumulated_eval_time': 973.2495701313019, 'accumulated_logging_time': 0.40009021759033203}
I0307 16:58:54.584864 139846906525440 logging_writer.py:48] [14203] accumulated_eval_time=973.249570, accumulated_logging_time=0.400090, accumulated_submission_time=11583.759298, global_step=14203, preemption_count=0, score=11583.759298, test/ctc_loss=5.412527084350586, test/num_examples=2472, test/wer=0.899580, total_duration=12557.975610, train/ctc_loss=5.46791934967041, train/wer=0.944086, validation/ctc_loss=5.435099124908447, validation/num_examples=5348, validation/wer=0.896618
I0307 17:02:43.481513 139846906525440 logging_writer.py:48] [14500] global_step=14500, grad_norm=0.5489893555641174, loss=5.465061664581299
I0307 17:09:21.590112 139846898132736 logging_writer.py:48] [15000] global_step=15000, grad_norm=0.5473220348358154, loss=5.500636577606201
I0307 17:16:39.423037 139846906525440 logging_writer.py:48] [15500] global_step=15500, grad_norm=0.6509114503860474, loss=5.443511486053467
I0307 17:22:54.587654 140017254528832 spec.py:321] Evaluating on the training split.
I0307 17:23:31.914716 140017254528832 spec.py:333] Evaluating on the validation split.
I0307 17:24:16.369518 140017254528832 spec.py:349] Evaluating on the test split.
I0307 17:24:38.712560 140017254528832 submission_runner.py:413] Time since start: 14102.14s, 	Step: 15983, 	{'train/ctc_loss': Array(8.226454, dtype=float32), 'train/wer': 0.9427990785714666, 'validation/ctc_loss': Array(7.8200235, dtype=float32), 'validation/wer': 0.8966179750330672, 'validation/num_examples': 5348, 'test/ctc_loss': Array(7.9349136, dtype=float32), 'test/wer': 0.899579550301627, 'test/num_examples': 2472, 'score': 13023.681303739548, 'total_duration': 14102.13569688797, 'accumulated_submission_time': 13023.681303739548, 'accumulated_eval_time': 1077.3698818683624, 'accumulated_logging_time': 0.4471440315246582}
I0307 17:24:38.748890 139846906525440 logging_writer.py:48] [15983] accumulated_eval_time=1077.369882, accumulated_logging_time=0.447144, accumulated_submission_time=13023.681304, global_step=15983, preemption_count=0, score=13023.681304, test/ctc_loss=7.934913635253906, test/num_examples=2472, test/wer=0.899580, total_duration=14102.135697, train/ctc_loss=8.22645378112793, train/wer=0.942799, validation/ctc_loss=7.820023536682129, validation/num_examples=5348, validation/wer=0.896618
I0307 17:24:52.443749 139846898132736 logging_writer.py:48] [16000] global_step=16000, grad_norm=0.5296592712402344, loss=5.46295166015625
I0307 17:31:35.558561 139846906525440 logging_writer.py:48] [16500] global_step=16500, grad_norm=0.40581175684928894, loss=5.458922386169434
I0307 17:38:00.320042 139846898132736 logging_writer.py:48] [17000] global_step=17000, grad_norm=0.4433206021785736, loss=5.433351039886475
I0307 17:45:10.853732 139846906525440 logging_writer.py:48] [17500] global_step=17500, grad_norm=0.4203179180622101, loss=5.491558074951172
I0307 17:48:39.203191 140017254528832 spec.py:321] Evaluating on the training split.
I0307 17:49:16.278134 140017254528832 spec.py:333] Evaluating on the validation split.
I0307 17:50:00.441598 140017254528832 spec.py:349] Evaluating on the test split.
I0307 17:50:23.059663 140017254528832 submission_runner.py:413] Time since start: 15646.48s, 	Step: 17771, 	{'train/ctc_loss': Array(9.104383, dtype=float32), 'train/wer': 0.9423383225986367, 'validation/ctc_loss': Array(8.864255, dtype=float32), 'validation/wer': 0.8966179750330672, 'validation/num_examples': 5348, 'test/ctc_loss': Array(8.938903, dtype=float32), 'test/wer': 0.899579550301627, 'test/num_examples': 2472, 'score': 14464.052798748016, 'total_duration': 15646.482597112656, 'accumulated_submission_time': 14464.052798748016, 'accumulated_eval_time': 1181.2217242717743, 'accumulated_logging_time': 0.4993119239807129}
I0307 17:50:23.094722 139846906525440 logging_writer.py:48] [17771] accumulated_eval_time=1181.221724, accumulated_logging_time=0.499312, accumulated_submission_time=14464.052799, global_step=17771, preemption_count=0, score=14464.052799, test/ctc_loss=8.938902854919434, test/num_examples=2472, test/wer=0.899580, total_duration=15646.482597, train/ctc_loss=9.10438346862793, train/wer=0.942338, validation/ctc_loss=8.86425495147705, validation/num_examples=5348, validation/wer=0.896618
I0307 17:53:17.303039 139846898132736 logging_writer.py:48] [18000] global_step=18000, grad_norm=0.27690228819847107, loss=5.4959611892700195
I0307 18:00:16.385746 139846906525440 logging_writer.py:48] [18500] global_step=18500, grad_norm=0.3182556927204132, loss=5.470162391662598
I0307 18:06:46.673047 139846906525440 logging_writer.py:48] [19000] global_step=19000, grad_norm=0.28298017382621765, loss=5.479712009429932
I0307 18:14:05.665310 139846898132736 logging_writer.py:48] [19500] global_step=19500, grad_norm=0.36965638399124146, loss=5.4597487449646
I0307 18:14:23.386805 140017254528832 spec.py:321] Evaluating on the training split.
I0307 18:15:00.701452 140017254528832 spec.py:333] Evaluating on the validation split.
I0307 18:15:44.878176 140017254528832 spec.py:349] Evaluating on the test split.
I0307 18:16:07.184919 140017254528832 submission_runner.py:413] Time since start: 17190.61s, 	Step: 19522, 	{'train/ctc_loss': Array(5.4958663, dtype=float32), 'train/wer': 0.9431396916893625, 'validation/ctc_loss': Array(5.467418, dtype=float32), 'validation/wer': 0.8966179750330672, 'validation/num_examples': 5348, 'test/ctc_loss': Array(5.4494553, dtype=float32), 'test/wer': 0.899579550301627, 'test/num_examples': 2472, 'score': 15904.257827997208, 'total_duration': 17190.606981039047, 'accumulated_submission_time': 15904.257827997208, 'accumulated_eval_time': 1285.0141394138336, 'accumulated_logging_time': 0.5547926425933838}
I0307 18:16:07.220412 139846906525440 logging_writer.py:48] [19522] accumulated_eval_time=1285.014139, accumulated_logging_time=0.554793, accumulated_submission_time=15904.257828, global_step=19522, preemption_count=0, score=15904.257828, test/ctc_loss=5.449455261230469, test/num_examples=2472, test/wer=0.899580, total_duration=17190.606981, train/ctc_loss=5.495866298675537, train/wer=0.943140, validation/ctc_loss=5.467418193817139, validation/num_examples=5348, validation/wer=0.896618
I0307 18:22:17.559496 139846906525440 logging_writer.py:48] [20000] global_step=20000, grad_norm=0.6590219736099243, loss=5.469727993011475
I0307 18:29:33.397524 139846898132736 logging_writer.py:48] [20500] global_step=20500, grad_norm=0.3300698697566986, loss=5.4561686515808105
I0307 18:36:05.965371 139846906525440 logging_writer.py:48] [21000] global_step=21000, grad_norm=0.6509290337562561, loss=5.44356107711792
I0307 18:40:07.852743 140017254528832 spec.py:321] Evaluating on the training split.
I0307 18:40:45.285358 140017254528832 spec.py:333] Evaluating on the validation split.
I0307 18:41:29.705784 140017254528832 spec.py:349] Evaluating on the test split.
I0307 18:41:51.952607 140017254528832 submission_runner.py:413] Time since start: 18735.38s, 	Step: 21288, 	{'train/ctc_loss': Array(6.357177, dtype=float32), 'train/wer': 0.9432716912443612, 'validation/ctc_loss': Array(6.344222, dtype=float32), 'validation/wer': 0.8966179750330672, 'validation/num_examples': 5348, 'test/ctc_loss': Array(6.3780193, dtype=float32), 'test/wer': 0.899579550301627, 'test/num_examples': 2472, 'score': 17344.80734229088, 'total_duration': 18735.375351190567, 'accumulated_submission_time': 17344.80734229088, 'accumulated_eval_time': 1389.1090364456177, 'accumulated_logging_time': 0.6050007343292236}
I0307 18:41:51.986116 139846906525440 logging_writer.py:48] [21288] accumulated_eval_time=1389.109036, accumulated_logging_time=0.605001, accumulated_submission_time=17344.807342, global_step=21288, preemption_count=0, score=17344.807342, test/ctc_loss=6.378019332885742, test/num_examples=2472, test/wer=0.899580, total_duration=18735.375351, train/ctc_loss=6.357176780700684, train/wer=0.943272, validation/ctc_loss=6.344222068786621, validation/num_examples=5348, validation/wer=0.896618
I0307 18:44:33.532915 139846898132736 logging_writer.py:48] [21500] global_step=21500, grad_norm=0.35817068815231323, loss=5.441559314727783
I0307 18:50:58.392194 139846906525440 logging_writer.py:48] [22000] global_step=22000, grad_norm=0.284166157245636, loss=5.435043811798096
I0307 18:58:02.817013 139846898132736 logging_writer.py:48] [22500] global_step=22500, grad_norm=0.3798617422580719, loss=5.440423011779785
I0307 19:04:41.194914 139846906525440 logging_writer.py:48] [23000] global_step=23000, grad_norm=0.35023245215415955, loss=5.426255702972412
I0307 19:05:52.656683 140017254528832 spec.py:321] Evaluating on the training split.
I0307 19:06:30.343576 140017254528832 spec.py:333] Evaluating on the validation split.
I0307 19:07:14.494189 140017254528832 spec.py:349] Evaluating on the test split.
I0307 19:07:36.896092 140017254528832 submission_runner.py:413] Time since start: 20280.32s, 	Step: 23095, 	{'train/ctc_loss': Array(5.62643, dtype=float32), 'train/wer': 0.944685667249717, 'validation/ctc_loss': Array(5.537226, dtype=float32), 'validation/wer': 0.8966179750330672, 'validation/num_examples': 5348, 'test/ctc_loss': Array(5.536327, dtype=float32), 'test/wer': 0.899579550301627, 'test/num_examples': 2472, 'score': 18785.39287829399, 'total_duration': 20280.319013118744, 'accumulated_submission_time': 18785.39287829399, 'accumulated_eval_time': 1493.3436286449432, 'accumulated_logging_time': 0.6555466651916504}
I0307 19:07:36.928669 139846906525440 logging_writer.py:48] [23095] accumulated_eval_time=1493.343629, accumulated_logging_time=0.655547, accumulated_submission_time=18785.392878, global_step=23095, preemption_count=0, score=18785.392878, test/ctc_loss=5.536326885223389, test/num_examples=2472, test/wer=0.899580, total_duration=20280.319013, train/ctc_loss=5.626430034637451, train/wer=0.944686, validation/ctc_loss=5.53722620010376, validation/num_examples=5348, validation/wer=0.896618
I0307 19:12:54.661887 139846898132736 logging_writer.py:48] [23500] global_step=23500, grad_norm=0.394268274307251, loss=5.444490909576416
I0307 19:19:37.313836 139846906525440 logging_writer.py:48] [24000] global_step=24000, grad_norm=0.5788581967353821, loss=5.473756790161133
I0307 19:26:33.574154 139846898132736 logging_writer.py:48] [24500] global_step=24500, grad_norm=0.362383097410202, loss=5.439096927642822
I0307 19:31:36.935594 140017254528832 spec.py:321] Evaluating on the training split.
I0307 19:32:14.014741 140017254528832 spec.py:333] Evaluating on the validation split.
I0307 19:32:58.342058 140017254528832 spec.py:349] Evaluating on the test split.
I0307 19:33:21.208286 140017254528832 submission_runner.py:413] Time since start: 21824.63s, 	Step: 24866, 	{'train/ctc_loss': Array(5.5369515, dtype=float32), 'train/wer': 0.9432456399645285, 'validation/ctc_loss': Array(5.5097246, dtype=float32), 'validation/wer': 0.8966179750330672, 'validation/num_examples': 5348, 'test/ctc_loss': Array(5.4994817, dtype=float32), 'test/wer': 0.899579550301627, 'test/num_examples': 2472, 'score': 20225.317187309265, 'total_duration': 21824.630343437195, 'accumulated_submission_time': 20225.317187309265, 'accumulated_eval_time': 1597.6108083724976, 'accumulated_logging_time': 0.7038488388061523}
I0307 19:33:21.244596 139846906525440 logging_writer.py:48] [24866] accumulated_eval_time=1597.610808, accumulated_logging_time=0.703849, accumulated_submission_time=20225.317187, global_step=24866, preemption_count=0, score=20225.317187, test/ctc_loss=5.499481678009033, test/num_examples=2472, test/wer=0.899580, total_duration=21824.630343, train/ctc_loss=5.536951541900635, train/wer=0.943246, validation/ctc_loss=5.5097246170043945, validation/num_examples=5348, validation/wer=0.896618
I0307 19:35:03.507271 139846898132736 logging_writer.py:48] [25000] global_step=25000, grad_norm=0.2980706989765167, loss=5.464625835418701
I0307 19:41:43.149341 139846906525440 logging_writer.py:48] [25500] global_step=25500, grad_norm=0.43368256092071533, loss=5.441343307495117
I0307 19:48:30.984247 139846906525440 logging_writer.py:48] [26000] global_step=26000, grad_norm=0.48854464292526245, loss=5.441425800323486
I0307 19:55:17.720160 139846898132736 logging_writer.py:48] [26500] global_step=26500, grad_norm=0.4735528230667114, loss=5.431991100311279
I0307 19:57:21.267957 140017254528832 spec.py:321] Evaluating on the training split.
I0307 19:57:58.781207 140017254528832 spec.py:333] Evaluating on the validation split.
I0307 19:58:42.704077 140017254528832 spec.py:349] Evaluating on the test split.
I0307 19:59:04.797888 140017254528832 submission_runner.py:413] Time since start: 23368.22s, 	Step: 26645, 	{'train/ctc_loss': Array(5.503868, dtype=float32), 'train/wer': 0.9439109001278072, 'validation/ctc_loss': Array(5.458417, dtype=float32), 'validation/wer': 0.8966179750330672, 'validation/num_examples': 5348, 'test/ctc_loss': Array(5.44211, dtype=float32), 'test/wer': 0.899579550301627, 'test/num_examples': 2472, 'score': 21665.257386922836, 'total_duration': 23368.220731019974, 'accumulated_submission_time': 21665.257386922836, 'accumulated_eval_time': 1701.1358575820923, 'accumulated_logging_time': 0.7563469409942627}
I0307 19:59:04.830248 139846906525440 logging_writer.py:48] [26645] accumulated_eval_time=1701.135858, accumulated_logging_time=0.756347, accumulated_submission_time=21665.257387, global_step=26645, preemption_count=0, score=21665.257387, test/ctc_loss=5.442110061645508, test/num_examples=2472, test/wer=0.899580, total_duration=23368.220731, train/ctc_loss=5.503868103027344, train/wer=0.943911, validation/ctc_loss=5.458416938781738, validation/num_examples=5348, validation/wer=0.896618
I0307 20:03:38.490072 139846906525440 logging_writer.py:48] [27000] global_step=27000, grad_norm=0.31653961539268494, loss=5.4353437423706055
I0307 20:10:26.802621 139846898132736 logging_writer.py:48] [27500] global_step=27500, grad_norm=0.32459449768066406, loss=5.404058933258057
I0307 20:17:18.817628 139846906525440 logging_writer.py:48] [28000] global_step=28000, grad_norm=0.4693662226200104, loss=5.460217475891113
I0307 20:23:05.409525 140017254528832 spec.py:321] Evaluating on the training split.
I0307 20:23:42.752507 140017254528832 spec.py:333] Evaluating on the validation split.
I0307 20:24:26.739900 140017254528832 spec.py:349] Evaluating on the test split.
I0307 20:24:48.994481 140017254528832 submission_runner.py:413] Time since start: 24912.42s, 	Step: 28440, 	{'train/ctc_loss': Array(5.4748054, dtype=float32), 'train/wer': 0.9450143703143059, 'validation/ctc_loss': Array(5.4371943, dtype=float32), 'validation/wer': 0.8966179750330672, 'validation/num_examples': 5348, 'test/ctc_loss': Array(5.417845, dtype=float32), 'test/wer': 0.899579550301627, 'test/num_examples': 2472, 'score': 23105.754850387573, 'total_duration': 24912.41552066803, 'accumulated_submission_time': 23105.754850387573, 'accumulated_eval_time': 1804.7141313552856, 'accumulated_logging_time': 0.8027734756469727}
