python3 submission_runner.py --framework=jax --workload=wmt --submission_path=prize_qualification_baselines/self_tuning/jax_nadamw_full_budget.py --data_dir=/data/wmt --num_tuning_trials=1 --experiment_dir=/experiment_runs --experiment_name=prize_qualification_self_tuning/study_2 --overwrite=true --save_checkpoints=false --rng_seed=3630973847 --max_global_steps=399999 --tuning_ruleset=self 2>&1 | tee -a /logs/wmt_jax_03-12-2024-04-14-45.log
I0312 04:15:07.986014 140343717943104 logger_utils.py:61] Removing existing experiment directory /experiment_runs/prize_qualification_self_tuning/study_2/wmt_jax because --overwrite was set.
I0312 04:15:07.988962 140343717943104 logger_utils.py:76] Creating experiment directory at /experiment_runs/prize_qualification_self_tuning/study_2/wmt_jax.
I0312 04:15:08.944143 140343717943104 xla_bridge.py:455] Unable to initialize backend 'rocm': NOT_FOUND: Could not find registered platform with name: "rocm". Available platform names are: Host Interpreter CUDA
I0312 04:15:08.944884 140343717943104 xla_bridge.py:455] Unable to initialize backend 'tpu': module 'jaxlib.xla_extension' has no attribute 'get_tpu_client'
I0312 04:15:08.945017 140343717943104 xla_bridge.py:455] Unable to initialize backend 'plugin': xla_extension has no attributes named get_plugin_device_client. Compile TensorFlow with //tensorflow/compiler/xla/python:enable_plugin_device set to true (defaults to false) to enable this.
I0312 04:15:09.869872 140343717943104 submission_runner.py:612] Creating directory at /experiment_runs/prize_qualification_self_tuning/study_2/wmt_jax/trial_1.
I0312 04:15:10.068475 140343717943104 submission_runner.py:209] Initializing dataset.
I0312 04:15:10.080770 140343717943104 dataset_info.py:578] Load dataset info from /data/wmt/wmt17_translate/de-en/1.0.0
I0312 04:15:10.087477 140343717943104 dataset_info.py:669] Fields info.[splits, supervised_keys] from disk and from code do not match. Keeping the one from code.
I0312 04:15:10.241647 140343717943104 logging_logger.py:49] Constructing tf.data.Dataset wmt17_translate for split train, from /data/wmt/wmt17_translate/de-en/1.0.0
I0312 04:15:12.214544 140343717943104 submission_runner.py:220] Initializing model.
I0312 04:15:21.160763 140343717943104 submission_runner.py:262] Initializing optimizer.
I0312 04:15:22.156633 140343717943104 submission_runner.py:269] Initializing metrics bundle.
I0312 04:15:22.156822 140343717943104 submission_runner.py:287] Initializing checkpoint and logger.
I0312 04:15:22.157586 140343717943104 checkpoints.py:915] Found no checkpoint files in /experiment_runs/prize_qualification_self_tuning/study_2/wmt_jax/trial_1 with prefix checkpoint_
I0312 04:15:22.157733 140343717943104 submission_runner.py:307] Saving meta data to /experiment_runs/prize_qualification_self_tuning/study_2/wmt_jax/trial_1/meta_data_0.json.
I0312 04:15:22.157933 140343717943104 logger_utils.py:257] Unable to record workload.train_mean information. Continuing without it.
I0312 04:15:22.157992 140343717943104 logger_utils.py:257] Unable to record workload.train_stddev information. Continuing without it.
fatal: detected dubious ownership in repository at '/algorithmic-efficiency'
To add an exception for this directory, call:

	git config --global --add safe.directory /algorithmic-efficiency
I0312 04:15:22.442727 140343717943104 logger_utils.py:220] Unable to record git information. Continuing without it.
I0312 04:15:22.708857 140343717943104 submission_runner.py:311] Saving flags to /experiment_runs/prize_qualification_self_tuning/study_2/wmt_jax/trial_1/flags_0.json.
I0312 04:15:22.719012 140343717943104 submission_runner.py:321] Starting training loop.
I0312 04:16:01.028608 140178689611520 logging_writer.py:48] [0] global_step=0, grad_norm=4.971317291259766, loss=11.11501693725586
I0312 04:16:01.044714 140343717943104 spec.py:321] Evaluating on the training split.
I0312 04:16:01.048411 140343717943104 dataset_info.py:578] Load dataset info from /data/wmt/wmt17_translate/de-en/1.0.0
I0312 04:16:01.051251 140343717943104 dataset_info.py:669] Fields info.[splits, supervised_keys] from disk and from code do not match. Keeping the one from code.
I0312 04:16:01.090265 140343717943104 logging_logger.py:49] Constructing tf.data.Dataset wmt17_translate for split train, from /data/wmt/wmt17_translate/de-en/1.0.0
I0312 04:16:09.109571 140343717943104 workload.py:181] Translating evaluation dataset.
I0312 04:21:06.248442 140343717943104 spec.py:333] Evaluating on the validation split.
I0312 04:21:06.252264 140343717943104 dataset_info.py:578] Load dataset info from /data/wmt/wmt14_translate/de-en/1.0.0
I0312 04:21:06.259016 140343717943104 dataset_info.py:669] Fields info.[splits, supervised_keys] from disk and from code do not match. Keeping the one from code.
I0312 04:21:06.294180 140343717943104 logging_logger.py:49] Constructing tf.data.Dataset wmt14_translate for split validation, from /data/wmt/wmt14_translate/de-en/1.0.0
I0312 04:21:13.156321 140343717943104 workload.py:181] Translating evaluation dataset.
I0312 04:26:02.089699 140343717943104 spec.py:349] Evaluating on the test split.
I0312 04:26:02.092788 140343717943104 dataset_info.py:578] Load dataset info from /data/wmt/wmt14_translate/de-en/1.0.0
I0312 04:26:02.096559 140343717943104 dataset_info.py:669] Fields info.[splits, supervised_keys] from disk and from code do not match. Keeping the one from code.
I0312 04:26:02.143518 140343717943104 logging_logger.py:49] Constructing tf.data.Dataset wmt14_translate for split test, from /data/wmt/wmt14_translate/de-en/1.0.0
I0312 04:26:05.035049 140343717943104 workload.py:181] Translating evaluation dataset.
I0312 04:30:53.624378 140343717943104 submission_runner.py:420] Time since start: 930.91s, 	Step: 1, 	{'train/accuracy': 0.0006190601852722466, 'train/loss': 11.111475944519043, 'train/bleu': 0.0, 'validation/accuracy': 0.0004835649742744863, 'validation/loss': 11.119153022766113, 'validation/bleu': 0.0, 'validation/num_examples': 3000, 'test/accuracy': 0.0007088489946909249, 'test/loss': 11.12126636505127, 'test/bleu': 0.0, 'test/num_examples': 3003, 'score': 38.32567739486694, 'total_duration': 930.9052810668945, 'accumulated_submission_time': 38.32567739486694, 'accumulated_eval_time': 892.5795657634735, 'accumulated_logging_time': 0}
I0312 04:30:53.644535 140174032873216 logging_writer.py:48] [1] accumulated_eval_time=892.579566, accumulated_logging_time=0, accumulated_submission_time=38.325677, global_step=1, preemption_count=0, score=38.325677, test/accuracy=0.000709, test/bleu=0.000000, test/loss=11.121266, test/num_examples=3003, total_duration=930.905281, train/accuracy=0.000619, train/bleu=0.000000, train/loss=11.111476, validation/accuracy=0.000484, validation/bleu=0.000000, validation/loss=11.119153, validation/num_examples=3000
I0312 04:31:29.644834 140174024480512 logging_writer.py:48] [100] global_step=100, grad_norm=0.17473924160003662, loss=8.255207061767578
I0312 04:32:05.624936 140174032873216 logging_writer.py:48] [200] global_step=200, grad_norm=0.8806710839271545, loss=7.493631362915039
I0312 04:32:41.710265 140174024480512 logging_writer.py:48] [300] global_step=300, grad_norm=0.3187587261199951, loss=6.870786190032959
I0312 04:33:17.841609 140174032873216 logging_writer.py:48] [400] global_step=400, grad_norm=0.3404204249382019, loss=6.261580944061279
I0312 04:33:53.899036 140174024480512 logging_writer.py:48] [500] global_step=500, grad_norm=0.31365835666656494, loss=5.827999591827393
I0312 04:34:29.966428 140174032873216 logging_writer.py:48] [600] global_step=600, grad_norm=0.40159177780151367, loss=5.576822280883789
I0312 04:35:06.048508 140174024480512 logging_writer.py:48] [700] global_step=700, grad_norm=0.38505277037620544, loss=5.288134574890137
I0312 04:35:42.134708 140174032873216 logging_writer.py:48] [800] global_step=800, grad_norm=0.5153511166572571, loss=5.066572189331055
I0312 04:36:18.207996 140174024480512 logging_writer.py:48] [900] global_step=900, grad_norm=0.4545444846153259, loss=4.823561668395996
I0312 04:36:54.316874 140174032873216 logging_writer.py:48] [1000] global_step=1000, grad_norm=0.5963039398193359, loss=4.577527046203613
I0312 04:37:30.427968 140174024480512 logging_writer.py:48] [1100] global_step=1100, grad_norm=0.4669090509414673, loss=4.272845268249512
I0312 04:38:06.510589 140174032873216 logging_writer.py:48] [1200] global_step=1200, grad_norm=0.48743531107902527, loss=3.987823486328125
I0312 04:38:42.567214 140174024480512 logging_writer.py:48] [1300] global_step=1300, grad_norm=0.5474598407745361, loss=4.049308776855469
I0312 04:39:18.659222 140174032873216 logging_writer.py:48] [1400] global_step=1400, grad_norm=0.4928600490093231, loss=3.7997725009918213
I0312 04:39:54.741257 140174024480512 logging_writer.py:48] [1500] global_step=1500, grad_norm=0.5363072752952576, loss=3.579259157180786
I0312 04:40:30.819985 140174032873216 logging_writer.py:48] [1600] global_step=1600, grad_norm=0.5204704403877258, loss=3.5046682357788086
I0312 04:41:06.942715 140174024480512 logging_writer.py:48] [1700] global_step=1700, grad_norm=0.5932168960571289, loss=3.4855153560638428
I0312 04:41:43.023016 140174032873216 logging_writer.py:48] [1800] global_step=1800, grad_norm=0.5544502139091492, loss=3.3314762115478516
I0312 04:42:19.070063 140174024480512 logging_writer.py:48] [1900] global_step=1900, grad_norm=0.4438033103942871, loss=3.2393393516540527
I0312 04:42:55.127328 140174032873216 logging_writer.py:48] [2000] global_step=2000, grad_norm=0.42903876304626465, loss=3.194066286087036
I0312 04:43:31.232069 140174024480512 logging_writer.py:48] [2100] global_step=2100, grad_norm=0.36664989590644836, loss=3.0677881240844727
I0312 04:44:07.355768 140174032873216 logging_writer.py:48] [2200] global_step=2200, grad_norm=0.540774941444397, loss=3.1059391498565674
I0312 04:44:43.429918 140174024480512 logging_writer.py:48] [2300] global_step=2300, grad_norm=0.3610672056674957, loss=3.032392978668213
I0312 04:44:53.968487 140343717943104 spec.py:321] Evaluating on the training split.
I0312 04:44:56.993418 140343717943104 workload.py:181] Translating evaluation dataset.
I0312 04:47:30.748077 140343717943104 spec.py:333] Evaluating on the validation split.
I0312 04:47:33.470581 140343717943104 workload.py:181] Translating evaluation dataset.
I0312 04:50:10.870065 140343717943104 spec.py:349] Evaluating on the test split.
I0312 04:50:13.606147 140343717943104 workload.py:181] Translating evaluation dataset.
I0312 04:52:38.835132 140343717943104 submission_runner.py:420] Time since start: 2236.12s, 	Step: 2331, 	{'train/accuracy': 0.5102968215942383, 'train/loss': 2.8733136653900146, 'train/bleu': 21.65943524518221, 'validation/accuracy': 0.5102850198745728, 'validation/loss': 2.8761160373687744, 'validation/bleu': 17.68833473762671, 'validation/num_examples': 3000, 'test/accuracy': 0.5068154335021973, 'test/loss': 2.946174144744873, 'test/bleu': 16.345875563990155, 'test/num_examples': 3003, 'score': 878.5678820610046, 'total_duration': 2236.116005897522, 'accumulated_submission_time': 878.5678820610046, 'accumulated_eval_time': 1357.4461088180542, 'accumulated_logging_time': 0.029885053634643555}
I0312 04:52:38.852732 140174032873216 logging_writer.py:48] [2331] accumulated_eval_time=1357.446109, accumulated_logging_time=0.029885, accumulated_submission_time=878.567882, global_step=2331, preemption_count=0, score=878.567882, test/accuracy=0.506815, test/bleu=16.345876, test/loss=2.946174, test/num_examples=3003, total_duration=2236.116006, train/accuracy=0.510297, train/bleu=21.659435, train/loss=2.873314, validation/accuracy=0.510285, validation/bleu=17.688335, validation/loss=2.876116, validation/num_examples=3000
I0312 04:53:04.029147 140174024480512 logging_writer.py:48] [2400] global_step=2400, grad_norm=0.34228384494781494, loss=2.9053328037261963
I0312 04:53:39.969263 140174032873216 logging_writer.py:48] [2500] global_step=2500, grad_norm=0.42004361748695374, loss=2.899550199508667
I0312 04:54:15.991410 140174024480512 logging_writer.py:48] [2600] global_step=2600, grad_norm=0.3739925026893616, loss=2.815847158432007
I0312 04:54:52.045496 140174032873216 logging_writer.py:48] [2700] global_step=2700, grad_norm=0.3542821407318115, loss=2.8294425010681152
I0312 04:55:28.152170 140174024480512 logging_writer.py:48] [2800] global_step=2800, grad_norm=0.2945716679096222, loss=2.693711280822754
I0312 04:56:04.300152 140174032873216 logging_writer.py:48] [2900] global_step=2900, grad_norm=0.2411241978406906, loss=2.743170738220215
I0312 04:56:40.388434 140174024480512 logging_writer.py:48] [3000] global_step=3000, grad_norm=0.2983797788619995, loss=2.7556989192962646
I0312 04:57:16.449480 140174032873216 logging_writer.py:48] [3100] global_step=3100, grad_norm=0.260001540184021, loss=2.6501033306121826
I0312 04:57:52.522886 140174024480512 logging_writer.py:48] [3200] global_step=3200, grad_norm=0.23959846794605255, loss=2.6373040676116943
I0312 04:58:28.557101 140174032873216 logging_writer.py:48] [3300] global_step=3300, grad_norm=0.5042885541915894, loss=2.6760947704315186
I0312 04:59:04.631579 140174024480512 logging_writer.py:48] [3400] global_step=3400, grad_norm=0.22397828102111816, loss=2.608280897140503
I0312 04:59:40.678142 140174032873216 logging_writer.py:48] [3500] global_step=3500, grad_norm=0.2231975793838501, loss=2.502680540084839
I0312 05:00:16.747791 140174024480512 logging_writer.py:48] [3600] global_step=3600, grad_norm=0.21842165291309357, loss=2.6162452697753906
I0312 05:00:52.810825 140174032873216 logging_writer.py:48] [3700] global_step=3700, grad_norm=0.19884370267391205, loss=2.4896111488342285
I0312 05:01:28.876403 140174024480512 logging_writer.py:48] [3800] global_step=3800, grad_norm=0.22006623446941376, loss=2.472445249557495
I0312 05:02:04.945120 140174032873216 logging_writer.py:48] [3900] global_step=3900, grad_norm=0.21548983454704285, loss=2.4288337230682373
I0312 05:02:40.969678 140174024480512 logging_writer.py:48] [4000] global_step=4000, grad_norm=0.18380863964557648, loss=2.5786964893341064
I0312 05:03:17.016584 140174032873216 logging_writer.py:48] [4100] global_step=4100, grad_norm=0.1850951462984085, loss=2.4093735218048096
I0312 05:03:53.080536 140174024480512 logging_writer.py:48] [4200] global_step=4200, grad_norm=0.19215357303619385, loss=2.462735414505005
I0312 05:04:29.155119 140174032873216 logging_writer.py:48] [4300] global_step=4300, grad_norm=0.19404597580432892, loss=2.4369611740112305
I0312 05:05:05.224169 140174024480512 logging_writer.py:48] [4400] global_step=4400, grad_norm=0.18191270530223846, loss=2.407900333404541
I0312 05:05:41.306277 140174032873216 logging_writer.py:48] [4500] global_step=4500, grad_norm=0.1795128583908081, loss=2.2511720657348633
I0312 05:06:17.390059 140174024480512 logging_writer.py:48] [4600] global_step=4600, grad_norm=0.17488627135753632, loss=2.318326234817505
I0312 05:06:39.124281 140343717943104 spec.py:321] Evaluating on the training split.
I0312 05:06:42.142813 140343717943104 workload.py:181] Translating evaluation dataset.
I0312 05:09:20.432331 140343717943104 spec.py:333] Evaluating on the validation split.
I0312 05:09:23.146802 140343717943104 workload.py:181] Translating evaluation dataset.
I0312 05:11:50.656248 140343717943104 spec.py:349] Evaluating on the test split.
I0312 05:11:53.378606 140343717943104 workload.py:181] Translating evaluation dataset.
I0312 05:14:05.424872 140343717943104 submission_runner.py:420] Time since start: 3522.71s, 	Step: 4662, 	{'train/accuracy': 0.5730522871017456, 'train/loss': 2.2688934803009033, 'train/bleu': 27.330756374155918, 'validation/accuracy': 0.5891309380531311, 'validation/loss': 2.1536061763763428, 'validation/bleu': 23.586874302922432, 'validation/num_examples': 3000, 'test/accuracy': 0.5927139520645142, 'test/loss': 2.1307547092437744, 'test/bleu': 22.215112739406536, 'test/num_examples': 3003, 'score': 1718.7574768066406, 'total_duration': 3522.705801486969, 'accumulated_submission_time': 1718.7574768066406, 'accumulated_eval_time': 1803.7466485500336, 'accumulated_logging_time': 0.05802798271179199}
I0312 05:14:05.440290 140174032873216 logging_writer.py:48] [4662] accumulated_eval_time=1803.746649, accumulated_logging_time=0.058028, accumulated_submission_time=1718.757477, global_step=4662, preemption_count=0, score=1718.757477, test/accuracy=0.592714, test/bleu=22.215113, test/loss=2.130755, test/num_examples=3003, total_duration=3522.705801, train/accuracy=0.573052, train/bleu=27.330756, train/loss=2.268893, validation/accuracy=0.589131, validation/bleu=23.586874, validation/loss=2.153606, validation/num_examples=3000
I0312 05:14:19.463159 140174024480512 logging_writer.py:48] [4700] global_step=4700, grad_norm=0.1704208105802536, loss=2.3270905017852783
I0312 05:14:55.389591 140174032873216 logging_writer.py:48] [4800] global_step=4800, grad_norm=0.1786026656627655, loss=2.3114023208618164
I0312 05:15:31.372811 140174024480512 logging_writer.py:48] [4900] global_step=4900, grad_norm=0.16864995658397675, loss=2.29374098777771
I0312 05:16:07.464060 140174032873216 logging_writer.py:48] [5000] global_step=5000, grad_norm=0.16054949164390564, loss=2.294846296310425
I0312 05:16:43.497310 140174024480512 logging_writer.py:48] [5100] global_step=5100, grad_norm=0.21337653696537018, loss=2.3537700176239014
I0312 05:17:19.545614 140174032873216 logging_writer.py:48] [5200] global_step=5200, grad_norm=0.16260512173175812, loss=2.226245164871216
I0312 05:17:55.576626 140174024480512 logging_writer.py:48] [5300] global_step=5300, grad_norm=0.14996391534805298, loss=2.289274215698242
I0312 05:18:31.652831 140174032873216 logging_writer.py:48] [5400] global_step=5400, grad_norm=0.1573239117860794, loss=2.2836387157440186
I0312 05:19:07.707310 140174024480512 logging_writer.py:48] [5500] global_step=5500, grad_norm=0.15543892979621887, loss=2.2200419902801514
I0312 05:19:43.753357 140174032873216 logging_writer.py:48] [5600] global_step=5600, grad_norm=0.21213094890117645, loss=2.2747297286987305
I0312 05:20:19.814181 140174024480512 logging_writer.py:48] [5700] global_step=5700, grad_norm=0.15153878927230835, loss=2.235819101333618
I0312 05:20:55.903894 140174032873216 logging_writer.py:48] [5800] global_step=5800, grad_norm=0.17221999168395996, loss=2.237994432449341
I0312 05:21:31.951861 140174024480512 logging_writer.py:48] [5900] global_step=5900, grad_norm=0.15531985461711884, loss=2.2114155292510986
I0312 05:22:08.019238 140174032873216 logging_writer.py:48] [6000] global_step=6000, grad_norm=0.14976972341537476, loss=2.2021937370300293
I0312 05:22:44.057801 140174024480512 logging_writer.py:48] [6100] global_step=6100, grad_norm=0.183253675699234, loss=2.216001033782959
I0312 05:23:20.112851 140174032873216 logging_writer.py:48] [6200] global_step=6200, grad_norm=0.177773118019104, loss=2.2276089191436768
I0312 05:23:56.205624 140174024480512 logging_writer.py:48] [6300] global_step=6300, grad_norm=0.15728767216205597, loss=2.149390935897827
I0312 05:24:32.282317 140174032873216 logging_writer.py:48] [6400] global_step=6400, grad_norm=0.13939669728279114, loss=2.2183499336242676
I0312 05:25:08.311492 140174024480512 logging_writer.py:48] [6500] global_step=6500, grad_norm=0.15935975313186646, loss=2.216059684753418
I0312 05:25:44.344613 140174032873216 logging_writer.py:48] [6600] global_step=6600, grad_norm=0.16024014353752136, loss=2.283047676086426
I0312 05:26:20.429214 140174024480512 logging_writer.py:48] [6700] global_step=6700, grad_norm=0.16052064299583435, loss=2.1406052112579346
I0312 05:26:56.497040 140174032873216 logging_writer.py:48] [6800] global_step=6800, grad_norm=0.1521300971508026, loss=2.165273666381836
I0312 05:27:32.549363 140174024480512 logging_writer.py:48] [6900] global_step=6900, grad_norm=0.14633965492248535, loss=2.145885705947876
I0312 05:28:05.439796 140343717943104 spec.py:321] Evaluating on the training split.
I0312 05:28:08.455357 140343717943104 workload.py:181] Translating evaluation dataset.
I0312 05:30:46.204424 140343717943104 spec.py:333] Evaluating on the validation split.
I0312 05:30:48.926303 140343717943104 workload.py:181] Translating evaluation dataset.
I0312 05:33:16.273594 140343717943104 spec.py:349] Evaluating on the test split.
I0312 05:33:18.982910 140343717943104 workload.py:181] Translating evaluation dataset.
I0312 05:35:36.051356 140343717943104 submission_runner.py:420] Time since start: 4813.33s, 	Step: 6993, 	{'train/accuracy': 0.606548547744751, 'train/loss': 1.9968069791793823, 'train/bleu': 29.43806395732164, 'validation/accuracy': 0.6165453791618347, 'validation/loss': 1.9260854721069336, 'validation/bleu': 25.35945736848895, 'validation/num_examples': 3000, 'test/accuracy': 0.6202428936958313, 'test/loss': 1.8929826021194458, 'test/bleu': 23.74940006571612, 'test/num_examples': 3003, 'score': 2558.678544282913, 'total_duration': 4813.3322784900665, 'accumulated_submission_time': 2558.678544282913, 'accumulated_eval_time': 2254.3581516742706, 'accumulated_logging_time': 0.08297038078308105}
I0312 05:35:36.065708 140174032873216 logging_writer.py:48] [6993] accumulated_eval_time=2254.358152, accumulated_logging_time=0.082970, accumulated_submission_time=2558.678544, global_step=6993, preemption_count=0, score=2558.678544, test/accuracy=0.620243, test/bleu=23.749400, test/loss=1.892983, test/num_examples=3003, total_duration=4813.332278, train/accuracy=0.606549, train/bleu=29.438064, train/loss=1.996807, validation/accuracy=0.616545, validation/bleu=25.359457, validation/loss=1.926085, validation/num_examples=3000
I0312 05:35:38.950001 140174024480512 logging_writer.py:48] [7000] global_step=7000, grad_norm=0.14471635222434998, loss=2.0966882705688477
I0312 05:36:14.845132 140174032873216 logging_writer.py:48] [7100] global_step=7100, grad_norm=0.17276631295681, loss=2.1198835372924805
I0312 05:36:50.787979 140174024480512 logging_writer.py:48] [7200] global_step=7200, grad_norm=0.15143252909183502, loss=2.180427074432373
I0312 05:37:26.771117 140174032873216 logging_writer.py:48] [7300] global_step=7300, grad_norm=0.3148694932460785, loss=2.0454776287078857
I0312 05:38:02.778142 140174024480512 logging_writer.py:48] [7400] global_step=7400, grad_norm=0.16660337150096893, loss=2.0636861324310303
I0312 05:38:38.846006 140174032873216 logging_writer.py:48] [7500] global_step=7500, grad_norm=0.16457700729370117, loss=2.0036239624023438
I0312 05:39:14.917309 140174024480512 logging_writer.py:48] [7600] global_step=7600, grad_norm=0.2385954111814499, loss=2.1124446392059326
I0312 05:39:50.933003 140174032873216 logging_writer.py:48] [7700] global_step=7700, grad_norm=0.15180601179599762, loss=2.180150270462036
I0312 05:40:27.044412 140174024480512 logging_writer.py:48] [7800] global_step=7800, grad_norm=0.19357365369796753, loss=2.0441720485687256
I0312 05:41:03.120793 140174032873216 logging_writer.py:48] [7900] global_step=7900, grad_norm=0.2540154457092285, loss=2.067610502243042
I0312 05:41:39.132492 140174024480512 logging_writer.py:48] [8000] global_step=8000, grad_norm=0.1607658565044403, loss=2.0332484245300293
I0312 05:42:15.154323 140174032873216 logging_writer.py:48] [8100] global_step=8100, grad_norm=0.16683132946491241, loss=2.1173324584960938
I0312 05:42:51.195746 140174024480512 logging_writer.py:48] [8200] global_step=8200, grad_norm=0.17695367336273193, loss=2.061000347137451
I0312 05:43:27.228673 140174032873216 logging_writer.py:48] [8300] global_step=8300, grad_norm=0.19382180273532867, loss=2.0577452182769775
I0312 05:44:03.286185 140174024480512 logging_writer.py:48] [8400] global_step=8400, grad_norm=0.17446106672286987, loss=2.125330924987793
I0312 05:44:39.332716 140174032873216 logging_writer.py:48] [8500] global_step=8500, grad_norm=0.15022395551204681, loss=2.080540418624878
I0312 05:45:15.384735 140174024480512 logging_writer.py:48] [8600] global_step=8600, grad_norm=0.170714870095253, loss=2.067807197570801
I0312 05:45:51.451061 140174032873216 logging_writer.py:48] [8700] global_step=8700, grad_norm=0.17201286554336548, loss=1.9627208709716797
I0312 05:46:27.458448 140174024480512 logging_writer.py:48] [8800] global_step=8800, grad_norm=0.16169309616088867, loss=1.9637395143508911
I0312 05:47:03.515034 140174032873216 logging_writer.py:48] [8900] global_step=8900, grad_norm=0.15943530201911926, loss=2.0428926944732666
I0312 05:47:39.584512 140174024480512 logging_writer.py:48] [9000] global_step=9000, grad_norm=0.15826420485973358, loss=2.040125608444214
I0312 05:48:15.599599 140174032873216 logging_writer.py:48] [9100] global_step=9100, grad_norm=0.28326863050460815, loss=2.0732388496398926
I0312 05:48:51.616882 140174024480512 logging_writer.py:48] [9200] global_step=9200, grad_norm=0.24306133389472961, loss=2.084115982055664
I0312 05:49:27.631608 140174032873216 logging_writer.py:48] [9300] global_step=9300, grad_norm=0.2098219394683838, loss=2.020941972732544
I0312 05:49:36.348297 140343717943104 spec.py:321] Evaluating on the training split.
I0312 05:49:39.361235 140343717943104 workload.py:181] Translating evaluation dataset.
I0312 05:52:25.550647 140343717943104 spec.py:333] Evaluating on the validation split.
I0312 05:52:28.262251 140343717943104 workload.py:181] Translating evaluation dataset.
I0312 05:54:52.606587 140343717943104 spec.py:349] Evaluating on the test split.
I0312 05:54:55.321548 140343717943104 workload.py:181] Translating evaluation dataset.
I0312 05:57:11.229500 140343717943104 submission_runner.py:420] Time since start: 6108.51s, 	Step: 9326, 	{'train/accuracy': 0.6131796836853027, 'train/loss': 1.9451521635055542, 'train/bleu': 29.644693604374318, 'validation/accuracy': 0.6309779286384583, 'validation/loss': 1.8251482248306274, 'validation/bleu': 26.356215868632788, 'validation/num_examples': 3000, 'test/accuracy': 0.6364766955375671, 'test/loss': 1.7680728435516357, 'test/bleu': 24.992818880390896, 'test/num_examples': 3003, 'score': 3398.8785541057587, 'total_duration': 6108.510417699814, 'accumulated_submission_time': 3398.8785541057587, 'accumulated_eval_time': 2709.2392904758453, 'accumulated_logging_time': 0.10672211647033691}
I0312 05:57:11.244264 140174024480512 logging_writer.py:48] [9326] accumulated_eval_time=2709.239290, accumulated_logging_time=0.106722, accumulated_submission_time=3398.878554, global_step=9326, preemption_count=0, score=3398.878554, test/accuracy=0.636477, test/bleu=24.992819, test/loss=1.768073, test/num_examples=3003, total_duration=6108.510418, train/accuracy=0.613180, train/bleu=29.644694, train/loss=1.945152, validation/accuracy=0.630978, validation/bleu=26.356216, validation/loss=1.825148, validation/num_examples=3000
I0312 05:57:38.135529 140174032873216 logging_writer.py:48] [9400] global_step=9400, grad_norm=0.17275899648666382, loss=2.0091793537139893
I0312 05:58:14.036305 140174024480512 logging_writer.py:48] [9500] global_step=9500, grad_norm=0.15586133301258087, loss=2.0213687419891357
I0312 05:58:50.015523 140174032873216 logging_writer.py:48] [9600] global_step=9600, grad_norm=0.16982784867286682, loss=2.019777774810791
I0312 05:59:26.060625 140174024480512 logging_writer.py:48] [9700] global_step=9700, grad_norm=0.15531961619853973, loss=1.9895656108856201
I0312 06:00:02.160794 140174032873216 logging_writer.py:48] [9800] global_step=9800, grad_norm=0.17986558377742767, loss=2.0409698486328125
I0312 06:00:38.171653 140174024480512 logging_writer.py:48] [9900] global_step=9900, grad_norm=0.20827651023864746, loss=1.9868844747543335
I0312 06:01:14.210656 140174032873216 logging_writer.py:48] [10000] global_step=10000, grad_norm=0.17502284049987793, loss=2.0528147220611572
I0312 06:01:50.228785 140174024480512 logging_writer.py:48] [10100] global_step=10100, grad_norm=4.981083869934082, loss=3.964524984359741
I0312 06:02:26.245931 140174032873216 logging_writer.py:48] [10200] global_step=10200, grad_norm=0.24335871636867523, loss=2.034851312637329
I0312 06:03:02.265858 140174024480512 logging_writer.py:48] [10300] global_step=10300, grad_norm=0.15544477105140686, loss=2.050798177719116
I0312 06:03:38.268507 140174032873216 logging_writer.py:48] [10400] global_step=10400, grad_norm=0.16959801316261292, loss=1.9611726999282837
I0312 06:04:14.298797 140174024480512 logging_writer.py:48] [10500] global_step=10500, grad_norm=0.15140452980995178, loss=2.0697708129882812
I0312 06:04:50.332466 140174032873216 logging_writer.py:48] [10600] global_step=10600, grad_norm=0.16318044066429138, loss=1.9581210613250732
I0312 06:05:26.372424 140174024480512 logging_writer.py:48] [10700] global_step=10700, grad_norm=0.15956515073776245, loss=2.024702787399292
I0312 06:06:02.401767 140174032873216 logging_writer.py:48] [10800] global_step=10800, grad_norm=0.1664910614490509, loss=2.067329168319702
I0312 06:06:38.409352 140174024480512 logging_writer.py:48] [10900] global_step=10900, grad_norm=0.17335331439971924, loss=1.962673306465149
I0312 06:07:14.434530 140174032873216 logging_writer.py:48] [11000] global_step=11000, grad_norm=0.18436485528945923, loss=1.9955806732177734
I0312 06:07:50.480444 140174024480512 logging_writer.py:48] [11100] global_step=11100, grad_norm=0.17096415162086487, loss=1.9544175863265991
I0312 06:08:26.513285 140174032873216 logging_writer.py:48] [11200] global_step=11200, grad_norm=0.176912322640419, loss=1.938102126121521
I0312 06:09:02.511928 140174024480512 logging_writer.py:48] [11300] global_step=11300, grad_norm=0.1983007788658142, loss=2.0314724445343018
I0312 06:09:38.514986 140174032873216 logging_writer.py:48] [11400] global_step=11400, grad_norm=0.1732325255870819, loss=1.9289681911468506
I0312 06:10:14.549653 140174024480512 logging_writer.py:48] [11500] global_step=11500, grad_norm=0.1924913376569748, loss=2.0210695266723633
I0312 06:10:50.623312 140174032873216 logging_writer.py:48] [11600] global_step=11600, grad_norm=0.1619088053703308, loss=1.925803542137146
I0312 06:11:11.253319 140343717943104 spec.py:321] Evaluating on the training split.
I0312 06:11:14.257980 140343717943104 workload.py:181] Translating evaluation dataset.
I0312 06:14:08.749154 140343717943104 spec.py:333] Evaluating on the validation split.
I0312 06:14:11.461668 140343717943104 workload.py:181] Translating evaluation dataset.
I0312 06:16:36.337504 140343717943104 spec.py:349] Evaluating on the test split.
I0312 06:16:39.054691 140343717943104 workload.py:181] Translating evaluation dataset.
I0312 06:18:47.689918 140343717943104 submission_runner.py:420] Time since start: 7404.97s, 	Step: 11659, 	{'train/accuracy': 0.616400420665741, 'train/loss': 1.916278600692749, 'train/bleu': 29.702261241348175, 'validation/accuracy': 0.6364831328392029, 'validation/loss': 1.7651243209838867, 'validation/bleu': 26.524825522377707, 'validation/num_examples': 3000, 'test/accuracy': 0.6424728631973267, 'test/loss': 1.711891770362854, 'test/bleu': 25.21233941447844, 'test/num_examples': 3003, 'score': 4238.8062624931335, 'total_duration': 7404.970848798752, 'accumulated_submission_time': 4238.8062624931335, 'accumulated_eval_time': 3165.6758439540863, 'accumulated_logging_time': 0.13177037239074707}
I0312 06:18:47.706748 140174024480512 logging_writer.py:48] [11659] accumulated_eval_time=3165.675844, accumulated_logging_time=0.131770, accumulated_submission_time=4238.806262, global_step=11659, preemption_count=0, score=4238.806262, test/accuracy=0.642473, test/bleu=25.212339, test/loss=1.711892, test/num_examples=3003, total_duration=7404.970849, train/accuracy=0.616400, train/bleu=29.702261, train/loss=1.916279, validation/accuracy=0.636483, validation/bleu=26.524826, validation/loss=1.765124, validation/num_examples=3000
I0312 06:19:02.800624 140174032873216 logging_writer.py:48] [11700] global_step=11700, grad_norm=0.15551821887493134, loss=2.017218589782715
I0312 06:19:38.732023 140174024480512 logging_writer.py:48] [11800] global_step=11800, grad_norm=0.1503525823354721, loss=1.9220945835113525
I0312 06:20:14.690961 140174032873216 logging_writer.py:48] [11900] global_step=11900, grad_norm=0.19101475179195404, loss=1.976414442062378
I0312 06:20:50.720318 140174024480512 logging_writer.py:48] [12000] global_step=12000, grad_norm=0.19950906932353973, loss=2.0021190643310547
I0312 06:21:26.736217 140174032873216 logging_writer.py:48] [12100] global_step=12100, grad_norm=0.18404987454414368, loss=1.8656104803085327
I0312 06:22:02.719208 140174024480512 logging_writer.py:48] [12200] global_step=12200, grad_norm=0.20200957357883453, loss=1.9983819723129272
I0312 06:22:38.756560 140174032873216 logging_writer.py:48] [12300] global_step=12300, grad_norm=0.1560540646314621, loss=1.9384572505950928
I0312 06:23:14.802021 140174024480512 logging_writer.py:48] [12400] global_step=12400, grad_norm=0.2225750982761383, loss=1.8988553285598755
I0312 06:23:50.818579 140174032873216 logging_writer.py:48] [12500] global_step=12500, grad_norm=0.28939273953437805, loss=2.0021958351135254
I0312 06:24:26.862506 140174024480512 logging_writer.py:48] [12600] global_step=12600, grad_norm=0.18149228394031525, loss=1.9986844062805176
I0312 06:25:02.937170 140174032873216 logging_writer.py:48] [12700] global_step=12700, grad_norm=0.23209112882614136, loss=1.9137418270111084
I0312 06:25:39.016373 140174024480512 logging_writer.py:48] [12800] global_step=12800, grad_norm=0.1645023375749588, loss=1.9688109159469604
I0312 06:26:15.056303 140174032873216 logging_writer.py:48] [12900] global_step=12900, grad_norm=0.1986365169286728, loss=2.015049457550049
I0312 06:26:51.086646 140174024480512 logging_writer.py:48] [13000] global_step=13000, grad_norm=0.16807889938354492, loss=1.948562741279602
I0312 06:27:27.149941 140174032873216 logging_writer.py:48] [13100] global_step=13100, grad_norm=0.1704930067062378, loss=1.915921688079834
I0312 06:28:03.157833 140174024480512 logging_writer.py:48] [13200] global_step=13200, grad_norm=0.17794887721538544, loss=1.9764200448989868
I0312 06:28:39.155362 140174032873216 logging_writer.py:48] [13300] global_step=13300, grad_norm=0.23389273881912231, loss=1.9369066953659058
I0312 06:29:15.143135 140174024480512 logging_writer.py:48] [13400] global_step=13400, grad_norm=0.300861656665802, loss=1.9596134424209595
I0312 06:29:51.147640 140174032873216 logging_writer.py:48] [13500] global_step=13500, grad_norm=0.16770301759243011, loss=1.9618492126464844
I0312 06:30:27.230715 140174024480512 logging_writer.py:48] [13600] global_step=13600, grad_norm=0.2000802755355835, loss=1.8864142894744873
I0312 06:31:03.275155 140174032873216 logging_writer.py:48] [13700] global_step=13700, grad_norm=0.19207948446273804, loss=1.9161821603775024
I0312 06:31:39.308042 140174024480512 logging_writer.py:48] [13800] global_step=13800, grad_norm=0.18045958876609802, loss=2.011087656021118
I0312 06:32:15.319475 140174032873216 logging_writer.py:48] [13900] global_step=13900, grad_norm=0.19927452504634857, loss=1.9252923727035522
I0312 06:32:47.810944 140343717943104 spec.py:321] Evaluating on the training split.
I0312 06:32:50.821096 140343717943104 workload.py:181] Translating evaluation dataset.
I0312 06:35:52.160586 140343717943104 spec.py:333] Evaluating on the validation split.
I0312 06:35:54.880586 140343717943104 workload.py:181] Translating evaluation dataset.
I0312 06:38:31.023103 140343717943104 spec.py:349] Evaluating on the test split.
I0312 06:38:33.732620 140343717943104 workload.py:181] Translating evaluation dataset.
I0312 06:41:03.014663 140343717943104 submission_runner.py:420] Time since start: 8740.30s, 	Step: 13992, 	{'train/accuracy': 0.6251095533370972, 'train/loss': 1.8352748155593872, 'train/bleu': 29.719058614662316, 'validation/accuracy': 0.6442325711250305, 'validation/loss': 1.7129203081130981, 'validation/bleu': 27.30846081869481, 'validation/num_examples': 3000, 'test/accuracy': 0.6517343521118164, 'test/loss': 1.6489189863204956, 'test/bleu': 25.849126741883687, 'test/num_examples': 3003, 'score': 5078.8299243450165, 'total_duration': 8740.295587062836, 'accumulated_submission_time': 5078.8299243450165, 'accumulated_eval_time': 3660.879511117935, 'accumulated_logging_time': 0.15905261039733887}
I0312 06:41:03.030112 140174024480512 logging_writer.py:48] [13992] accumulated_eval_time=3660.879511, accumulated_logging_time=0.159053, accumulated_submission_time=5078.829924, global_step=13992, preemption_count=0, score=5078.829924, test/accuracy=0.651734, test/bleu=25.849127, test/loss=1.648919, test/num_examples=3003, total_duration=8740.295587, train/accuracy=0.625110, train/bleu=29.719059, train/loss=1.835275, validation/accuracy=0.644233, validation/bleu=27.308461, validation/loss=1.712920, validation/num_examples=3000
I0312 06:41:06.269089 140174032873216 logging_writer.py:48] [14000] global_step=14000, grad_norm=0.1969333440065384, loss=1.831770420074463
I0312 06:41:42.148857 140174024480512 logging_writer.py:48] [14100] global_step=14100, grad_norm=0.25680288672447205, loss=1.9532959461212158
I0312 06:42:18.116409 140174032873216 logging_writer.py:48] [14200] global_step=14200, grad_norm=0.2086784690618515, loss=2.0119669437408447
I0312 06:42:54.112344 140174024480512 logging_writer.py:48] [14300] global_step=14300, grad_norm=0.16443926095962524, loss=1.9504131078720093
I0312 06:43:30.128437 140174032873216 logging_writer.py:48] [14400] global_step=14400, grad_norm=0.24800501763820648, loss=1.8499006032943726
I0312 06:44:06.168353 140174024480512 logging_writer.py:48] [14500] global_step=14500, grad_norm=0.18601861596107483, loss=1.8599497079849243
I0312 06:44:42.324922 140174032873216 logging_writer.py:48] [14600] global_step=14600, grad_norm=0.1952708214521408, loss=1.8775204420089722
I0312 06:45:18.507999 140174024480512 logging_writer.py:48] [14700] global_step=14700, grad_norm=0.21222595870494843, loss=1.9041310548782349
I0312 06:45:54.512620 140174032873216 logging_writer.py:48] [14800] global_step=14800, grad_norm=0.2077767550945282, loss=2.0337893962860107
I0312 06:46:30.523956 140174024480512 logging_writer.py:48] [14900] global_step=14900, grad_norm=0.19153904914855957, loss=1.9299520254135132
I0312 06:47:06.530707 140174032873216 logging_writer.py:48] [15000] global_step=15000, grad_norm=0.1784730702638626, loss=1.98300039768219
I0312 06:47:42.554489 140174024480512 logging_writer.py:48] [15100] global_step=15100, grad_norm=0.18983453512191772, loss=1.9188326597213745
I0312 06:48:18.581946 140174032873216 logging_writer.py:48] [15200] global_step=15200, grad_norm=0.193741574883461, loss=1.923961877822876
I0312 06:48:54.626049 140174024480512 logging_writer.py:48] [15300] global_step=15300, grad_norm=0.1828833371400833, loss=1.8778839111328125
I0312 06:49:30.668604 140174032873216 logging_writer.py:48] [15400] global_step=15400, grad_norm=0.22373174130916595, loss=1.8775619268417358
I0312 06:50:06.709792 140174024480512 logging_writer.py:48] [15500] global_step=15500, grad_norm=0.24434205889701843, loss=1.8744697570800781
I0312 06:50:42.746503 140174032873216 logging_writer.py:48] [15600] global_step=15600, grad_norm=0.20686805248260498, loss=1.793493390083313
I0312 06:51:18.789203 140174024480512 logging_writer.py:48] [15700] global_step=15700, grad_norm=0.1875944286584854, loss=1.8985028266906738
I0312 06:51:54.855180 140174032873216 logging_writer.py:48] [15800] global_step=15800, grad_norm=0.2623019516468048, loss=1.806244969367981
I0312 06:52:30.885395 140174024480512 logging_writer.py:48] [15900] global_step=15900, grad_norm=0.20532262325286865, loss=1.9705746173858643
I0312 06:53:06.939279 140174032873216 logging_writer.py:48] [16000] global_step=16000, grad_norm=0.20743465423583984, loss=1.9262620210647583
I0312 06:53:42.975057 140174024480512 logging_writer.py:48] [16100] global_step=16100, grad_norm=0.19935519993305206, loss=1.906488060951233
I0312 06:54:19.015729 140174032873216 logging_writer.py:48] [16200] global_step=16200, grad_norm=0.18888434767723083, loss=1.8348402976989746
I0312 06:54:55.044948 140174024480512 logging_writer.py:48] [16300] global_step=16300, grad_norm=0.22438329458236694, loss=1.932952880859375
I0312 06:55:03.059604 140343717943104 spec.py:321] Evaluating on the training split.
I0312 06:55:06.075793 140343717943104 workload.py:181] Translating evaluation dataset.
I0312 06:58:03.988713 140343717943104 spec.py:333] Evaluating on the validation split.
I0312 06:58:06.698827 140343717943104 workload.py:181] Translating evaluation dataset.
I0312 07:00:35.484914 140343717943104 spec.py:349] Evaluating on the test split.
I0312 07:00:38.201567 140343717943104 workload.py:181] Translating evaluation dataset.
I0312 07:03:04.749911 140343717943104 submission_runner.py:420] Time since start: 10062.03s, 	Step: 16324, 	{'train/accuracy': 0.6289481520652771, 'train/loss': 1.8222870826721191, 'train/bleu': 30.144586752731794, 'validation/accuracy': 0.6479398608207703, 'validation/loss': 1.6811655759811401, 'validation/bleu': 27.3637250719459, 'validation/num_examples': 3000, 'test/accuracy': 0.6576956510543823, 'test/loss': 1.614374041557312, 'test/bleu': 26.30162304760944, 'test/num_examples': 3003, 'score': 5918.779824733734, 'total_duration': 10062.03084230423, 'accumulated_submission_time': 5918.779824733734, 'accumulated_eval_time': 4142.569768667221, 'accumulated_logging_time': 0.1852412223815918}
I0312 07:03:04.766352 140174032873216 logging_writer.py:48] [16324] accumulated_eval_time=4142.569769, accumulated_logging_time=0.185241, accumulated_submission_time=5918.779825, global_step=16324, preemption_count=0, score=5918.779825, test/accuracy=0.657696, test/bleu=26.301623, test/loss=1.614374, test/num_examples=3003, total_duration=10062.030842, train/accuracy=0.628948, train/bleu=30.144587, train/loss=1.822287, validation/accuracy=0.647940, validation/bleu=27.363725, validation/loss=1.681166, validation/num_examples=3000
I0312 07:03:32.405040 140174024480512 logging_writer.py:48] [16400] global_step=16400, grad_norm=0.25757327675819397, loss=1.9323071241378784
I0312 07:04:08.365478 140174032873216 logging_writer.py:48] [16500] global_step=16500, grad_norm=0.17982935905456543, loss=1.8971621990203857
I0312 07:04:44.378071 140174024480512 logging_writer.py:48] [16600] global_step=16600, grad_norm=0.16904404759407043, loss=1.8361574411392212
I0312 07:05:20.412914 140174032873216 logging_writer.py:48] [16700] global_step=16700, grad_norm=0.18432314693927765, loss=1.925376296043396
I0312 07:05:56.420528 140174024480512 logging_writer.py:48] [16800] global_step=16800, grad_norm=0.21076689660549164, loss=1.9255270957946777
I0312 07:06:32.431328 140174032873216 logging_writer.py:48] [16900] global_step=16900, grad_norm=0.2110159546136856, loss=1.9487608671188354
I0312 07:07:08.475296 140174024480512 logging_writer.py:48] [17000] global_step=17000, grad_norm=0.1938343644142151, loss=1.8927586078643799
I0312 07:07:44.487944 140174032873216 logging_writer.py:48] [17100] global_step=17100, grad_norm=0.19650863111019135, loss=1.9962692260742188
I0312 07:08:20.531958 140174024480512 logging_writer.py:48] [17200] global_step=17200, grad_norm=0.19330379366874695, loss=1.858691930770874
I0312 07:08:56.562700 140174032873216 logging_writer.py:48] [17300] global_step=17300, grad_norm=0.18127962946891785, loss=1.8810750246047974
I0312 07:09:32.602254 140174024480512 logging_writer.py:48] [17400] global_step=17400, grad_norm=0.18531560897827148, loss=1.92533540725708
I0312 07:10:08.658984 140174032873216 logging_writer.py:48] [17500] global_step=17500, grad_norm=0.18550832569599152, loss=1.8516833782196045
I0312 07:10:44.695954 140174024480512 logging_writer.py:48] [17600] global_step=17600, grad_norm=1.7489784955978394, loss=1.997820496559143
I0312 07:11:20.758123 140174032873216 logging_writer.py:48] [17700] global_step=17700, grad_norm=0.2061815857887268, loss=1.8747588396072388
I0312 07:11:56.784010 140174024480512 logging_writer.py:48] [17800] global_step=17800, grad_norm=0.17613570392131805, loss=1.8989137411117554
I0312 07:12:32.810763 140174032873216 logging_writer.py:48] [17900] global_step=17900, grad_norm=0.19284534454345703, loss=1.9276870489120483
I0312 07:13:08.852504 140174024480512 logging_writer.py:48] [18000] global_step=18000, grad_norm=0.21118685603141785, loss=1.9733245372772217
I0312 07:13:44.909630 140174032873216 logging_writer.py:48] [18100] global_step=18100, grad_norm=0.1894332766532898, loss=1.8489501476287842
I0312 07:14:20.939974 140174024480512 logging_writer.py:48] [18200] global_step=18200, grad_norm=0.7105435132980347, loss=1.9229342937469482
I0312 07:14:56.973200 140174032873216 logging_writer.py:48] [18300] global_step=18300, grad_norm=0.18089227378368378, loss=1.8650063276290894
I0312 07:15:33.052868 140174024480512 logging_writer.py:48] [18400] global_step=18400, grad_norm=0.19099578261375427, loss=1.9607583284378052
I0312 07:16:09.085007 140174032873216 logging_writer.py:48] [18500] global_step=18500, grad_norm=0.2017296999692917, loss=1.8884280920028687
I0312 07:16:45.108951 140174024480512 logging_writer.py:48] [18600] global_step=18600, grad_norm=0.22619368135929108, loss=1.8479206562042236
I0312 07:17:05.005957 140343717943104 spec.py:321] Evaluating on the training split.
I0312 07:17:08.017564 140343717943104 workload.py:181] Translating evaluation dataset.
I0312 07:20:38.361497 140343717943104 spec.py:333] Evaluating on the validation split.
I0312 07:20:41.075962 140343717943104 workload.py:181] Translating evaluation dataset.
I0312 07:22:55.721607 140343717943104 spec.py:349] Evaluating on the test split.
I0312 07:22:58.439587 140343717943104 workload.py:181] Translating evaluation dataset.
I0312 07:25:19.857679 140343717943104 submission_runner.py:420] Time since start: 11397.14s, 	Step: 18657, 	{'train/accuracy': 0.6277276873588562, 'train/loss': 1.8295557498931885, 'train/bleu': 30.65094670772645, 'validation/accuracy': 0.6513124108314514, 'validation/loss': 1.6622154712677002, 'validation/bleu': 27.49430518378227, 'validation/num_examples': 3000, 'test/accuracy': 0.660449743270874, 'test/loss': 1.6002322435379028, 'test/bleu': 26.631281905157557, 'test/num_examples': 3003, 'score': 6758.940435886383, 'total_duration': 11397.138581991196, 'accumulated_submission_time': 6758.940435886383, 'accumulated_eval_time': 4637.421412944794, 'accumulated_logging_time': 0.21120810508728027}
I0312 07:25:19.877236 140174032873216 logging_writer.py:48] [18657] accumulated_eval_time=4637.421413, accumulated_logging_time=0.211208, accumulated_submission_time=6758.940436, global_step=18657, preemption_count=0, score=6758.940436, test/accuracy=0.660450, test/bleu=26.631282, test/loss=1.600232, test/num_examples=3003, total_duration=11397.138582, train/accuracy=0.627728, train/bleu=30.650947, train/loss=1.829556, validation/accuracy=0.651312, validation/bleu=27.494305, validation/loss=1.662215, validation/num_examples=3000
I0312 07:25:35.709442 140174024480512 logging_writer.py:48] [18700] global_step=18700, grad_norm=0.18722859025001526, loss=1.8153722286224365
I0312 07:26:11.632565 140174032873216 logging_writer.py:48] [18800] global_step=18800, grad_norm=0.19304277002811432, loss=1.907247543334961
I0312 07:26:47.615165 140174024480512 logging_writer.py:48] [18900] global_step=18900, grad_norm=0.18872807919979095, loss=1.8391640186309814
I0312 07:27:23.577097 140174032873216 logging_writer.py:48] [19000] global_step=19000, grad_norm=0.16861452162265778, loss=1.8323835134506226
I0312 07:27:59.593975 140174024480512 logging_writer.py:48] [19100] global_step=19100, grad_norm=0.22462768852710724, loss=1.885810375213623
I0312 07:28:35.619642 140174032873216 logging_writer.py:48] [19200] global_step=19200, grad_norm=0.17812702059745789, loss=1.8458576202392578
I0312 07:29:11.650166 140174024480512 logging_writer.py:48] [19300] global_step=19300, grad_norm=0.18946573138237, loss=1.8158440589904785
I0312 07:29:47.687119 140174032873216 logging_writer.py:48] [19400] global_step=19400, grad_norm=0.24319827556610107, loss=1.8536978960037231
I0312 07:30:23.707402 140174024480512 logging_writer.py:48] [19500] global_step=19500, grad_norm=0.2195425182580948, loss=1.865050196647644
I0312 07:30:59.761290 140174032873216 logging_writer.py:48] [19600] global_step=19600, grad_norm=0.2030474841594696, loss=1.8227241039276123
I0312 07:31:35.800301 140174024480512 logging_writer.py:48] [19700] global_step=19700, grad_norm=0.18854309618473053, loss=1.8427674770355225
I0312 07:32:11.863874 140174032873216 logging_writer.py:48] [19800] global_step=19800, grad_norm=0.21480801701545715, loss=1.7751421928405762
I0312 07:32:47.910888 140174024480512 logging_writer.py:48] [19900] global_step=19900, grad_norm=0.2744835317134857, loss=1.842241883277893
I0312 07:33:23.972516 140174032873216 logging_writer.py:48] [20000] global_step=20000, grad_norm=0.17144381999969482, loss=1.8597712516784668
I0312 07:33:59.983844 140174024480512 logging_writer.py:48] [20100] global_step=20100, grad_norm=0.21100373566150665, loss=1.871552586555481
I0312 07:34:36.064940 140174032873216 logging_writer.py:48] [20200] global_step=20200, grad_norm=0.2144833505153656, loss=1.8968955278396606
I0312 07:35:12.098766 140174024480512 logging_writer.py:48] [20300] global_step=20300, grad_norm=0.2091303914785385, loss=1.8289964199066162
I0312 07:35:48.143433 140174032873216 logging_writer.py:48] [20400] global_step=20400, grad_norm=0.17574554681777954, loss=1.903995156288147
I0312 07:36:24.190031 140174024480512 logging_writer.py:48] [20500] global_step=20500, grad_norm=0.191559836268425, loss=1.8373429775238037
I0312 07:37:00.225128 140174032873216 logging_writer.py:48] [20600] global_step=20600, grad_norm=0.17176489531993866, loss=1.8607747554779053
I0312 07:37:36.321148 140174024480512 logging_writer.py:48] [20700] global_step=20700, grad_norm=0.21466940641403198, loss=1.8639510869979858
