python3 submission_runner.py --framework=jax --workload=librispeech_deepspeech --submission_path=prize_qualification_baselines/self_tuning/jax_nadamw_full_budget.py --data_dir=/data/librispeech --num_tuning_trials=1 --experiment_dir=/experiment_runs --experiment_name=prize_qualification_self_tuning/study_0 --overwrite=true --save_checkpoints=false --rng_seed=3989991060 --max_global_steps=144000 --librispeech_tokenizer_vocab_path=/data/librispeech/spm_model.vocab --tuning_ruleset=self 2>&1 | tee -a /logs/librispeech_deepspeech_jax_03-12-2024-23-07-50.log
I0312 23:08:10.500719 139838575679296 logger_utils.py:61] Removing existing experiment directory /experiment_runs/prize_qualification_self_tuning/study_0/librispeech_deepspeech_jax because --overwrite was set.
I0312 23:08:10.508029 139838575679296 logger_utils.py:76] Creating experiment directory at /experiment_runs/prize_qualification_self_tuning/study_0/librispeech_deepspeech_jax.
I0312 23:08:11.528502 139838575679296 xla_bridge.py:455] Unable to initialize backend 'rocm': NOT_FOUND: Could not find registered platform with name: "rocm". Available platform names are: Interpreter CUDA Host
I0312 23:08:11.529321 139838575679296 xla_bridge.py:455] Unable to initialize backend 'tpu': module 'jaxlib.xla_extension' has no attribute 'get_tpu_client'
I0312 23:08:11.529461 139838575679296 xla_bridge.py:455] Unable to initialize backend 'plugin': xla_extension has no attributes named get_plugin_device_client. Compile TensorFlow with //tensorflow/compiler/xla/python:enable_plugin_device set to true (defaults to false) to enable this.
I0312 23:08:12.406984 139838575679296 submission_runner.py:612] Creating directory at /experiment_runs/prize_qualification_self_tuning/study_0/librispeech_deepspeech_jax/trial_1.
I0312 23:08:12.607170 139838575679296 submission_runner.py:209] Initializing dataset.
I0312 23:08:12.607410 139838575679296 submission_runner.py:220] Initializing model.
I0312 23:08:15.224867 139838575679296 submission_runner.py:262] Initializing optimizer.
I0312 23:08:15.919718 139838575679296 submission_runner.py:269] Initializing metrics bundle.
I0312 23:08:15.919904 139838575679296 submission_runner.py:287] Initializing checkpoint and logger.
I0312 23:08:15.920614 139838575679296 checkpoints.py:915] Found no checkpoint files in /experiment_runs/prize_qualification_self_tuning/study_0/librispeech_deepspeech_jax/trial_1 with prefix checkpoint_
I0312 23:08:15.920779 139838575679296 submission_runner.py:307] Saving meta data to /experiment_runs/prize_qualification_self_tuning/study_0/librispeech_deepspeech_jax/trial_1/meta_data_0.json.
I0312 23:08:15.921003 139838575679296 logger_utils.py:257] Unable to record workload.train_mean information. Continuing without it.
I0312 23:08:15.921074 139838575679296 logger_utils.py:257] Unable to record workload.train_stddev information. Continuing without it.
fatal: detected dubious ownership in repository at '/algorithmic-efficiency'
To add an exception for this directory, call:

	git config --global --add safe.directory /algorithmic-efficiency
I0312 23:08:16.215563 139838575679296 logger_utils.py:220] Unable to record git information. Continuing without it.
I0312 23:08:16.484534 139838575679296 submission_runner.py:311] Saving flags to /experiment_runs/prize_qualification_self_tuning/study_0/librispeech_deepspeech_jax/trial_1/flags_0.json.
I0312 23:08:16.497618 139838575679296 submission_runner.py:321] Starting training loop.
I0312 23:08:16.790586 139838575679296 input_pipeline.py:20] Loading split = train-clean-100
I0312 23:08:16.827019 139838575679296 input_pipeline.py:20] Loading split = train-clean-360
I0312 23:08:16.953076 139838575679296 input_pipeline.py:20] Loading split = train-other-500
/usr/local/lib/python3.8/dist-packages/jax/_src/interpreters/mlir.py:582: UserWarning: Some donated buffers were not usable: ShapedArray(float32[512]), ShapedArray(float32[512]), ShapedArray(float32[512]), ShapedArray(float32[512]), ShapedArray(float32[512]), ShapedArray(float32[512]), ShapedArray(float32[512]), ShapedArray(float32[512]), ShapedArray(float32[512]), ShapedArray(float32[512]), ShapedArray(float32[512]), ShapedArray(float32[512]), ShapedArray(float32[512]), ShapedArray(float32[512]), ShapedArray(float32[512]), ShapedArray(float32[512]), ShapedArray(float32[512]), ShapedArray(float32[512]).
See an explanation at https://jax.readthedocs.io/en/latest/faq.html#buffer-donation.
  warnings.warn(f"Some donated buffers were not usable: {', '.join(unused_donations)}.\n{msg}")
I0312 23:08:58.052330 139675524134656 logging_writer.py:48] [0] global_step=0, grad_norm=21.763967514038086, loss=33.37896728515625
I0312 23:08:58.082559 139838575679296 spec.py:321] Evaluating on the training split.
I0312 23:08:58.344244 139838575679296 input_pipeline.py:20] Loading split = train-clean-100
I0312 23:08:58.379040 139838575679296 input_pipeline.py:20] Loading split = train-clean-360
I0312 23:08:58.757526 139838575679296 input_pipeline.py:20] Loading split = train-other-500
/usr/local/lib/python3.8/dist-packages/jax/_src/ops/scatter.py:92: FutureWarning: scatter inputs have incompatible types: cannot safely cast value from dtype=float32 to dtype=int32. In future JAX releases this will result in an error.
  warnings.warn("scatter inputs have incompatible types: cannot safely cast "
I0312 23:10:19.145142 139838575679296 spec.py:333] Evaluating on the validation split.
I0312 23:10:19.339473 139838575679296 input_pipeline.py:20] Loading split = dev-clean
I0312 23:10:19.344617 139838575679296 input_pipeline.py:20] Loading split = dev-other
I0312 23:11:22.914915 139838575679296 spec.py:349] Evaluating on the test split.
I0312 23:11:23.113088 139838575679296 input_pipeline.py:20] Loading split = test-clean
I0312 23:11:59.455176 139838575679296 submission_runner.py:420] Time since start: 222.96s, 	Step: 1, 	{'train/ctc_loss': Array(30.794819, dtype=float32), 'train/wer': 1.6620837931824335, 'validation/ctc_loss': Array(29.931355, dtype=float32), 'validation/wer': 1.4281742085598155, 'validation/num_examples': 5348, 'test/ctc_loss': Array(30.129211, dtype=float32), 'test/wer': 1.6001665549529787, 'test/num_examples': 2472, 'score': 41.58487391471863, 'total_duration': 222.95522713661194, 'accumulated_submission_time': 41.58487391471863, 'accumulated_eval_time': 181.37029123306274, 'accumulated_logging_time': 0}
I0312 23:11:59.483246 139670751012608 logging_writer.py:48] [1] accumulated_eval_time=181.370291, accumulated_logging_time=0, accumulated_submission_time=41.584874, global_step=1, preemption_count=0, score=41.584874, test/ctc_loss=30.12921142578125, test/num_examples=2472, test/wer=1.600167, total_duration=222.955227, train/ctc_loss=30.794818878173828, train/wer=1.662084, validation/ctc_loss=29.931354522705078, validation/num_examples=5348, validation/wer=1.428174
I0312 23:13:25.829738 139682735617792 logging_writer.py:48] [100] global_step=100, grad_norm=0.6703399419784546, loss=6.121869087219238
I0312 23:14:42.767088 139682744010496 logging_writer.py:48] [200] global_step=200, grad_norm=0.37407881021499634, loss=5.839669227600098
I0312 23:16:00.212778 139682735617792 logging_writer.py:48] [300] global_step=300, grad_norm=0.832456111907959, loss=5.6766767501831055
I0312 23:17:18.845972 139682744010496 logging_writer.py:48] [400] global_step=400, grad_norm=0.5828044414520264, loss=5.162965774536133
I0312 23:18:39.468003 139682735617792 logging_writer.py:48] [500] global_step=500, grad_norm=1.5972025394439697, loss=4.31797456741333
I0312 23:20:04.843043 139682744010496 logging_writer.py:48] [600] global_step=600, grad_norm=1.7649776935577393, loss=3.69926118850708
I0312 23:21:27.994185 139682735617792 logging_writer.py:48] [700] global_step=700, grad_norm=2.2306196689605713, loss=3.421360969543457
I0312 23:22:52.464108 139682744010496 logging_writer.py:48] [800] global_step=800, grad_norm=2.7735321521759033, loss=3.131822109222412
I0312 23:24:15.253607 139682735617792 logging_writer.py:48] [900] global_step=900, grad_norm=2.0546233654022217, loss=2.93615984916687
I0312 23:25:42.525560 139682744010496 logging_writer.py:48] [1000] global_step=1000, grad_norm=2.266545295715332, loss=2.8014237880706787
I0312 23:27:03.677746 139682777581312 logging_writer.py:48] [1100] global_step=1100, grad_norm=1.9623944759368896, loss=2.6943602561950684
I0312 23:28:20.319028 139682769188608 logging_writer.py:48] [1200] global_step=1200, grad_norm=1.8854458332061768, loss=2.5311758518218994
I0312 23:29:37.986705 139682777581312 logging_writer.py:48] [1300] global_step=1300, grad_norm=2.0509533882141113, loss=2.5597763061523438
I0312 23:30:57.124357 139682769188608 logging_writer.py:48] [1400] global_step=1400, grad_norm=2.823340892791748, loss=2.5098798274993896
I0312 23:32:22.414216 139682777581312 logging_writer.py:48] [1500] global_step=1500, grad_norm=1.6493990421295166, loss=2.3210091590881348
I0312 23:33:50.773370 139682769188608 logging_writer.py:48] [1600] global_step=1600, grad_norm=2.170583963394165, loss=2.3141942024230957
I0312 23:35:15.235288 139682777581312 logging_writer.py:48] [1700] global_step=1700, grad_norm=2.2263569831848145, loss=2.2729833126068115
I0312 23:35:59.740122 139838575679296 spec.py:321] Evaluating on the training split.
I0312 23:36:53.334360 139838575679296 spec.py:333] Evaluating on the validation split.
I0312 23:37:44.328655 139838575679296 spec.py:349] Evaluating on the test split.
I0312 23:38:10.758212 139838575679296 submission_runner.py:420] Time since start: 1794.26s, 	Step: 1753, 	{'train/ctc_loss': Array(1.7393318, dtype=float32), 'train/wer': 0.4204444810611522, 'validation/ctc_loss': Array(2.1726947, dtype=float32), 'validation/wer': 0.4895681473686243, 'validation/num_examples': 5348, 'test/ctc_loss': Array(1.6972979, dtype=float32), 'test/wer': 0.418763837263624, 'test/num_examples': 2472, 'score': 1481.7585852146149, 'total_duration': 1794.2577757835388, 'accumulated_submission_time': 1481.7585852146149, 'accumulated_eval_time': 312.3856499195099, 'accumulated_logging_time': 0.042595863342285156}
I0312 23:38:10.787209 139682777581312 logging_writer.py:48] [1753] accumulated_eval_time=312.385650, accumulated_logging_time=0.042596, accumulated_submission_time=1481.758585, global_step=1753, preemption_count=0, score=1481.758585, test/ctc_loss=1.6972979307174683, test/num_examples=2472, test/wer=0.418764, total_duration=1794.257776, train/ctc_loss=1.739331841468811, train/wer=0.420444, validation/ctc_loss=2.172694683074951, validation/num_examples=5348, validation/wer=0.489568
I0312 23:38:47.159516 139682769188608 logging_writer.py:48] [1800] global_step=1800, grad_norm=2.1612510681152344, loss=2.1271567344665527
I0312 23:40:02.946269 139682777581312 logging_writer.py:48] [1900] global_step=1900, grad_norm=2.352257013320923, loss=2.176135540008545
I0312 23:41:19.761510 139682769188608 logging_writer.py:48] [2000] global_step=2000, grad_norm=2.028306007385254, loss=2.1935033798217773
I0312 23:42:42.138318 139682777581312 logging_writer.py:48] [2100] global_step=2100, grad_norm=3.357675552368164, loss=2.0766422748565674
I0312 23:44:00.466548 139682769188608 logging_writer.py:48] [2200] global_step=2200, grad_norm=3.932788848876953, loss=2.0814220905303955
I0312 23:45:17.875909 139682777581312 logging_writer.py:48] [2300] global_step=2300, grad_norm=2.4022159576416016, loss=1.983624815940857
I0312 23:46:36.479206 139682769188608 logging_writer.py:48] [2400] global_step=2400, grad_norm=2.256681203842163, loss=1.9992377758026123
I0312 23:48:01.071238 139682777581312 logging_writer.py:48] [2500] global_step=2500, grad_norm=2.212346076965332, loss=2.0314342975616455
I0312 23:49:26.134425 139682769188608 logging_writer.py:48] [2600] global_step=2600, grad_norm=2.7127788066864014, loss=2.048923969268799
I0312 23:50:56.414669 139682777581312 logging_writer.py:48] [2700] global_step=2700, grad_norm=2.6491236686706543, loss=2.056396722793579
I0312 23:52:23.508315 139682769188608 logging_writer.py:48] [2800] global_step=2800, grad_norm=2.4701976776123047, loss=1.9745323657989502
I0312 23:53:49.616739 139682777581312 logging_writer.py:48] [2900] global_step=2900, grad_norm=2.735280990600586, loss=1.9543753862380981
I0312 23:55:19.383622 139682769188608 logging_writer.py:48] [3000] global_step=3000, grad_norm=2.6966800689697266, loss=1.9302442073822021
I0312 23:56:48.773842 139682777581312 logging_writer.py:48] [3100] global_step=3100, grad_norm=2.39723539352417, loss=1.9228038787841797
I0312 23:58:04.721087 139682769188608 logging_writer.py:48] [3200] global_step=3200, grad_norm=3.4134936332702637, loss=1.8641173839569092
I0312 23:59:23.422898 139682777581312 logging_writer.py:48] [3300] global_step=3300, grad_norm=2.513594150543213, loss=1.906235933303833
I0313 00:00:40.938084 139682769188608 logging_writer.py:48] [3400] global_step=3400, grad_norm=2.5291266441345215, loss=1.8423000574111938
I0313 00:02:02.280854 139682777581312 logging_writer.py:48] [3500] global_step=3500, grad_norm=4.321199893951416, loss=1.876737117767334
I0313 00:02:10.892562 139838575679296 spec.py:321] Evaluating on the training split.
I0313 00:03:08.991253 139838575679296 spec.py:333] Evaluating on the validation split.
I0313 00:04:00.090626 139838575679296 spec.py:349] Evaluating on the test split.
I0313 00:04:26.829483 139838575679296 submission_runner.py:420] Time since start: 3370.33s, 	Step: 3512, 	{'train/ctc_loss': Array(0.57093966, dtype=float32), 'train/wer': 0.18715073382521374, 'validation/ctc_loss': Array(0.9262279, dtype=float32), 'validation/wer': 0.26263552719233035, 'validation/num_examples': 5348, 'test/ctc_loss': Array(0.60292125, dtype=float32), 'test/wer': 0.18930392216602684, 'test/num_examples': 2472, 'score': 2921.7802641391754, 'total_duration': 3370.3286230564117, 'accumulated_submission_time': 2921.7802641391754, 'accumulated_eval_time': 448.3193964958191, 'accumulated_logging_time': 0.0848848819732666}
I0313 00:04:26.857415 139682777581312 logging_writer.py:48] [3512] accumulated_eval_time=448.319396, accumulated_logging_time=0.084885, accumulated_submission_time=2921.780264, global_step=3512, preemption_count=0, score=2921.780264, test/ctc_loss=0.6029212474822998, test/num_examples=2472, test/wer=0.189304, total_duration=3370.328623, train/ctc_loss=0.5709396600723267, train/wer=0.187151, validation/ctc_loss=0.9262279272079468, validation/num_examples=5348, validation/wer=0.262636
I0313 00:05:34.848935 139682769188608 logging_writer.py:48] [3600] global_step=3600, grad_norm=2.9836525917053223, loss=1.7981023788452148
I0313 00:06:51.191515 139682777581312 logging_writer.py:48] [3700] global_step=3700, grad_norm=3.06274676322937, loss=1.8938959836959839
I0313 00:08:07.204381 139682769188608 logging_writer.py:48] [3800] global_step=3800, grad_norm=3.1085596084594727, loss=1.8669096231460571
I0313 00:09:32.903181 139682777581312 logging_writer.py:48] [3900] global_step=3900, grad_norm=2.864140748977661, loss=1.8248519897460938
I0313 00:10:57.621731 139682769188608 logging_writer.py:48] [4000] global_step=4000, grad_norm=2.709446907043457, loss=1.8856064081192017
I0313 00:12:24.717653 139682777581312 logging_writer.py:48] [4100] global_step=4100, grad_norm=2.476818323135376, loss=1.8240156173706055
I0313 00:13:47.404935 139682777581312 logging_writer.py:48] [4200] global_step=4200, grad_norm=2.171454668045044, loss=1.7664051055908203
I0313 00:15:03.719521 139682769188608 logging_writer.py:48] [4300] global_step=4300, grad_norm=2.5198240280151367, loss=1.8771326541900635
I0313 00:16:24.198251 139682777581312 logging_writer.py:48] [4400] global_step=4400, grad_norm=1.936090111732483, loss=1.832223653793335
I0313 00:17:47.372846 139682769188608 logging_writer.py:48] [4500] global_step=4500, grad_norm=2.488293409347534, loss=1.7502163648605347
I0313 00:19:13.112725 139682777581312 logging_writer.py:48] [4600] global_step=4600, grad_norm=2.6977851390838623, loss=1.7606276273727417
I0313 00:20:44.503364 139682769188608 logging_writer.py:48] [4700] global_step=4700, grad_norm=2.761044502258301, loss=1.7837493419647217
I0313 00:22:15.900855 139682777581312 logging_writer.py:48] [4800] global_step=4800, grad_norm=1.8954932689666748, loss=1.8103748559951782
I0313 00:23:45.379911 139682769188608 logging_writer.py:48] [4900] global_step=4900, grad_norm=3.541245698928833, loss=1.7481048107147217
I0313 00:25:13.809335 139682777581312 logging_writer.py:48] [5000] global_step=5000, grad_norm=3.3210136890411377, loss=1.779778242111206
I0313 00:26:44.428881 139682769188608 logging_writer.py:48] [5100] global_step=5100, grad_norm=2.45953369140625, loss=1.7570483684539795
I0313 00:28:11.343162 139682777581312 logging_writer.py:48] [5200] global_step=5200, grad_norm=2.2442426681518555, loss=1.715924620628357
I0313 00:28:27.408084 139838575679296 spec.py:321] Evaluating on the training split.
I0313 00:29:26.150688 139838575679296 spec.py:333] Evaluating on the validation split.
I0313 00:30:16.851069 139838575679296 spec.py:349] Evaluating on the test split.
I0313 00:30:43.233743 139838575679296 submission_runner.py:420] Time since start: 4946.73s, 	Step: 5222, 	{'train/ctc_loss': Array(0.42450523, dtype=float32), 'train/wer': 0.1461907849307631, 'validation/ctc_loss': Array(0.7988043, dtype=float32), 'validation/wer': 0.22792704944147832, 'validation/num_examples': 5348, 'test/ctc_loss': Array(0.49402905, dtype=float32), 'test/wer': 0.1591209148335466, 'test/num_examples': 2472, 'score': 4362.251379489899, 'total_duration': 4946.733110427856, 'accumulated_submission_time': 4362.251379489899, 'accumulated_eval_time': 584.1421117782593, 'accumulated_logging_time': 0.12407922744750977}
I0313 00:30:43.260251 139682777581312 logging_writer.py:48] [5222] accumulated_eval_time=584.142112, accumulated_logging_time=0.124079, accumulated_submission_time=4362.251379, global_step=5222, preemption_count=0, score=4362.251379, test/ctc_loss=0.49402904510498047, test/num_examples=2472, test/wer=0.159121, total_duration=4946.733110, train/ctc_loss=0.42450523376464844, train/wer=0.146191, validation/ctc_loss=0.7988042831420898, validation/num_examples=5348, validation/wer=0.227927
I0313 00:31:43.138382 139682769188608 logging_writer.py:48] [5300] global_step=5300, grad_norm=1.7397594451904297, loss=1.7128742933273315
I0313 00:32:58.771321 139682777581312 logging_writer.py:48] [5400] global_step=5400, grad_norm=4.292904376983643, loss=1.678813099861145
I0313 00:34:14.120962 139682769188608 logging_writer.py:48] [5500] global_step=5500, grad_norm=3.770137310028076, loss=1.7536495923995972
I0313 00:35:31.504058 139682777581312 logging_writer.py:48] [5600] global_step=5600, grad_norm=2.043203115463257, loss=1.7519673109054565
I0313 00:36:58.963062 139682769188608 logging_writer.py:48] [5700] global_step=5700, grad_norm=2.337824583053589, loss=1.6454442739486694
I0313 00:38:28.805511 139682777581312 logging_writer.py:48] [5800] global_step=5800, grad_norm=3.544328451156616, loss=1.6907219886779785
I0313 00:39:55.303848 139682769188608 logging_writer.py:48] [5900] global_step=5900, grad_norm=2.800546646118164, loss=1.7580482959747314
I0313 00:41:21.977169 139682777581312 logging_writer.py:48] [6000] global_step=6000, grad_norm=2.1133248805999756, loss=1.6699637174606323
I0313 00:42:49.771716 139682769188608 logging_writer.py:48] [6100] global_step=6100, grad_norm=2.6339869499206543, loss=1.6873328685760498
I0313 00:44:19.265920 139682777581312 logging_writer.py:48] [6200] global_step=6200, grad_norm=2.1281654834747314, loss=1.677695393562317
I0313 00:45:35.020861 139682769188608 logging_writer.py:48] [6300] global_step=6300, grad_norm=2.2804362773895264, loss=1.696207880973816
I0313 00:46:51.844880 139682777581312 logging_writer.py:48] [6400] global_step=6400, grad_norm=2.845463275909424, loss=1.6550496816635132
I0313 00:48:14.602594 139682769188608 logging_writer.py:48] [6500] global_step=6500, grad_norm=3.0664284229278564, loss=1.672720193862915
I0313 00:49:39.787411 139682777581312 logging_writer.py:48] [6600] global_step=6600, grad_norm=2.447808265686035, loss=1.7200927734375
I0313 00:51:08.092803 139682769188608 logging_writer.py:48] [6700] global_step=6700, grad_norm=2.2409653663635254, loss=1.6759835481643677
I0313 00:52:35.001616 139682777581312 logging_writer.py:48] [6800] global_step=6800, grad_norm=2.1300134658813477, loss=1.6025853157043457
I0313 00:54:02.244482 139682769188608 logging_writer.py:48] [6900] global_step=6900, grad_norm=3.5161423683166504, loss=1.6654455661773682
I0313 00:54:43.555897 139838575679296 spec.py:321] Evaluating on the training split.
I0313 00:55:43.516038 139838575679296 spec.py:333] Evaluating on the validation split.
I0313 00:56:35.329336 139838575679296 spec.py:349] Evaluating on the test split.
I0313 00:57:01.073452 139838575679296 submission_runner.py:420] Time since start: 6524.57s, 	Step: 6949, 	{'train/ctc_loss': Array(0.4194605, dtype=float32), 'train/wer': 0.14200064928944695, 'validation/ctc_loss': Array(0.76416, dtype=float32), 'validation/wer': 0.21945991870782122, 'validation/num_examples': 5348, 'test/ctc_loss': Array(0.46259597, dtype=float32), 'test/wer': 0.14859951658440476, 'test/num_examples': 2472, 'score': 5802.464230775833, 'total_duration': 6524.573171615601, 'accumulated_submission_time': 5802.464230775833, 'accumulated_eval_time': 721.6570925712585, 'accumulated_logging_time': 0.16357851028442383}
I0313 00:57:01.101124 139682193901312 logging_writer.py:48] [6949] accumulated_eval_time=721.657093, accumulated_logging_time=0.163579, accumulated_submission_time=5802.464231, global_step=6949, preemption_count=0, score=5802.464231, test/ctc_loss=0.46259596943855286, test/num_examples=2472, test/wer=0.148600, total_duration=6524.573172, train/ctc_loss=0.4194605052471161, train/wer=0.142001, validation/ctc_loss=0.7641599774360657, validation/num_examples=5348, validation/wer=0.219460
I0313 00:57:41.276954 139682185508608 logging_writer.py:48] [7000] global_step=7000, grad_norm=2.9302737712860107, loss=1.7244482040405273
I0313 00:58:56.851047 139682193901312 logging_writer.py:48] [7100] global_step=7100, grad_norm=4.502430438995361, loss=1.7049217224121094
I0313 01:00:12.372427 139682185508608 logging_writer.py:48] [7200] global_step=7200, grad_norm=3.177572727203369, loss=1.6760470867156982
I0313 01:01:32.962609 139682193901312 logging_writer.py:48] [7300] global_step=7300, grad_norm=2.623260021209717, loss=1.6381075382232666
I0313 01:02:52.380723 139682185508608 logging_writer.py:48] [7400] global_step=7400, grad_norm=2.8911683559417725, loss=1.6720837354660034
I0313 01:04:13.705809 139682193901312 logging_writer.py:48] [7500] global_step=7500, grad_norm=3.1219582557678223, loss=1.6966406106948853
I0313 01:05:38.391826 139682185508608 logging_writer.py:48] [7600] global_step=7600, grad_norm=1.8845689296722412, loss=1.6232370138168335
I0313 01:07:01.770689 139682193901312 logging_writer.py:48] [7700] global_step=7700, grad_norm=2.431739091873169, loss=1.609394907951355
I0313 01:08:31.281692 139682185508608 logging_writer.py:48] [7800] global_step=7800, grad_norm=2.474158525466919, loss=1.6549924612045288
I0313 01:10:01.342112 139682193901312 logging_writer.py:48] [7900] global_step=7900, grad_norm=3.7116613388061523, loss=1.624711275100708
I0313 01:11:25.850865 139682185508608 logging_writer.py:48] [8000] global_step=8000, grad_norm=2.8342998027801514, loss=1.6497243642807007
I0313 01:12:54.297776 139682193901312 logging_writer.py:48] [8100] global_step=8100, grad_norm=3.4157638549804688, loss=1.6778454780578613
I0313 01:14:22.178014 139682185508608 logging_writer.py:48] [8200] global_step=8200, grad_norm=1.9290459156036377, loss=1.670878291130066
I0313 01:15:45.170975 139682193901312 logging_writer.py:48] [8300] global_step=8300, grad_norm=2.1571757793426514, loss=1.6038013696670532
I0313 01:17:00.909580 139682185508608 logging_writer.py:48] [8400] global_step=8400, grad_norm=3.035845994949341, loss=1.6249643564224243
I0313 01:18:17.689396 139682193901312 logging_writer.py:48] [8500] global_step=8500, grad_norm=3.2032506465911865, loss=1.6502711772918701
I0313 01:19:39.731818 139682185508608 logging_writer.py:48] [8600] global_step=8600, grad_norm=3.648193597793579, loss=1.6422994136810303
I0313 01:21:01.236205 139838575679296 spec.py:321] Evaluating on the training split.
I0313 01:21:55.231042 139838575679296 spec.py:333] Evaluating on the validation split.
I0313 01:22:48.390481 139838575679296 spec.py:349] Evaluating on the test split.
I0313 01:23:15.112080 139838575679296 submission_runner.py:420] Time since start: 8098.61s, 	Step: 8699, 	{'train/ctc_loss': Array(0.36787793, dtype=float32), 'train/wer': 0.12604100980669292, 'validation/ctc_loss': Array(0.6959745, dtype=float32), 'validation/wer': 0.1992237658939726, 'validation/num_examples': 5348, 'test/ctc_loss': Array(0.41620168, dtype=float32), 'test/wer': 0.13324396238295452, 'test/num_examples': 2472, 'score': 7242.510432720184, 'total_duration': 8098.611032485962, 'accumulated_submission_time': 7242.510432720184, 'accumulated_eval_time': 855.529622554779, 'accumulated_logging_time': 0.2090013027191162}
I0313 01:23:15.140478 139682193901312 logging_writer.py:48] [8699] accumulated_eval_time=855.529623, accumulated_logging_time=0.209001, accumulated_submission_time=7242.510433, global_step=8699, preemption_count=0, score=7242.510433, test/ctc_loss=0.4162016808986664, test/num_examples=2472, test/wer=0.133244, total_duration=8098.611032, train/ctc_loss=0.36787793040275574, train/wer=0.126041, validation/ctc_loss=0.6959745287895203, validation/num_examples=5348, validation/wer=0.199224
I0313 01:23:16.783023 139682185508608 logging_writer.py:48] [8700] global_step=8700, grad_norm=2.4993741512298584, loss=1.5914039611816406
I0313 01:24:32.209037 139682193901312 logging_writer.py:48] [8800] global_step=8800, grad_norm=2.7159600257873535, loss=1.6154804229736328
I0313 01:25:48.548856 139682185508608 logging_writer.py:48] [8900] global_step=8900, grad_norm=2.8591485023498535, loss=1.590311050415039
I0313 01:27:09.957066 139682193901312 logging_writer.py:48] [9000] global_step=9000, grad_norm=2.6340880393981934, loss=1.5728561878204346
I0313 01:28:34.550431 139682185508608 logging_writer.py:48] [9100] global_step=9100, grad_norm=6.234757900238037, loss=1.6599302291870117
I0313 01:30:01.228965 139682193901312 logging_writer.py:48] [9200] global_step=9200, grad_norm=1.6973342895507812, loss=1.6971631050109863
I0313 01:31:29.046539 139682193901312 logging_writer.py:48] [9300] global_step=9300, grad_norm=2.5407416820526123, loss=1.588729739189148
I0313 01:32:46.070385 139682185508608 logging_writer.py:48] [9400] global_step=9400, grad_norm=2.8837578296661377, loss=1.6707525253295898
I0313 01:34:07.304473 139682193901312 logging_writer.py:48] [9500] global_step=9500, grad_norm=4.47183895111084, loss=1.6176486015319824
I0313 01:35:23.554832 139682185508608 logging_writer.py:48] [9600] global_step=9600, grad_norm=2.0276291370391846, loss=1.6078191995620728
I0313 01:36:49.208059 139682193901312 logging_writer.py:48] [9700] global_step=9700, grad_norm=2.0790951251983643, loss=1.6167895793914795
I0313 01:38:16.795417 139682185508608 logging_writer.py:48] [9800] global_step=9800, grad_norm=3.302419900894165, loss=1.6196376085281372
I0313 01:39:42.328775 139682193901312 logging_writer.py:48] [9900] global_step=9900, grad_norm=2.7081105709075928, loss=1.6418126821517944
I0313 01:41:10.761394 139682185508608 logging_writer.py:48] [10000] global_step=10000, grad_norm=2.297370195388794, loss=1.5559277534484863
I0313 01:42:38.968752 139682193901312 logging_writer.py:48] [10100] global_step=10100, grad_norm=2.104684591293335, loss=1.6325527429580688
I0313 01:44:05.303261 139682185508608 logging_writer.py:48] [10200] global_step=10200, grad_norm=1.9933059215545654, loss=1.632018804550171
I0313 01:45:36.921275 139682193901312 logging_writer.py:48] [10300] global_step=10300, grad_norm=3.7776682376861572, loss=1.5970147848129272
I0313 01:46:54.851288 139682185508608 logging_writer.py:48] [10400] global_step=10400, grad_norm=2.2410151958465576, loss=1.5724538564682007
I0313 01:47:15.262038 139838575679296 spec.py:321] Evaluating on the training split.
I0313 01:48:10.100675 139838575679296 spec.py:333] Evaluating on the validation split.
I0313 01:49:02.022597 139838575679296 spec.py:349] Evaluating on the test split.
I0313 01:49:28.137726 139838575679296 submission_runner.py:420] Time since start: 9671.64s, 	Step: 10428, 	{'train/ctc_loss': Array(0.37247258, dtype=float32), 'train/wer': 0.12496065638486858, 'validation/ctc_loss': Array(0.6662017, dtype=float32), 'validation/wer': 0.1914131515683984, 'validation/num_examples': 5348, 'test/ctc_loss': Array(0.39532664, dtype=float32), 'test/wer': 0.12702861901570084, 'test/num_examples': 2472, 'score': 8682.545643806458, 'total_duration': 9671.63682961464, 'accumulated_submission_time': 8682.545643806458, 'accumulated_eval_time': 988.4021236896515, 'accumulated_logging_time': 0.2537970542907715}
I0313 01:49:28.165528 139682347501312 logging_writer.py:48] [10428] accumulated_eval_time=988.402124, accumulated_logging_time=0.253797, accumulated_submission_time=8682.545644, global_step=10428, preemption_count=0, score=8682.545644, test/ctc_loss=0.3953266441822052, test/num_examples=2472, test/wer=0.127029, total_duration=9671.636830, train/ctc_loss=0.3724725842475891, train/wer=0.124961, validation/ctc_loss=0.6662017107009888, validation/num_examples=5348, validation/wer=0.191413
I0313 01:50:23.563207 139682339108608 logging_writer.py:48] [10500] global_step=10500, grad_norm=5.215191841125488, loss=1.6912819147109985
I0313 01:51:39.535833 139682347501312 logging_writer.py:48] [10600] global_step=10600, grad_norm=3.28399920463562, loss=1.568964958190918
I0313 01:52:55.095388 139682339108608 logging_writer.py:48] [10700] global_step=10700, grad_norm=2.622575521469116, loss=1.6617240905761719
I0313 01:54:14.451345 139682347501312 logging_writer.py:48] [10800] global_step=10800, grad_norm=3.0325217247009277, loss=1.572706937789917
I0313 01:55:44.054256 139682339108608 logging_writer.py:48] [10900] global_step=10900, grad_norm=3.795646905899048, loss=1.6221522092819214
I0313 01:57:12.231614 139682347501312 logging_writer.py:48] [11000] global_step=11000, grad_norm=2.253931760787964, loss=1.6141479015350342
I0313 01:58:39.921610 139682339108608 logging_writer.py:48] [11100] global_step=11100, grad_norm=4.325418472290039, loss=1.5597511529922485
I0313 02:00:08.782582 139682347501312 logging_writer.py:48] [11200] global_step=11200, grad_norm=2.016758441925049, loss=1.5404514074325562
I0313 02:01:38.041137 139682339108608 logging_writer.py:48] [11300] global_step=11300, grad_norm=2.623396158218384, loss=1.5540416240692139
I0313 02:03:00.453016 139682347501312 logging_writer.py:48] [11400] global_step=11400, grad_norm=6.021386623382568, loss=1.586793303489685
I0313 02:04:17.104431 139682339108608 logging_writer.py:48] [11500] global_step=11500, grad_norm=3.321225881576538, loss=1.5943056344985962
I0313 02:05:36.581186 139682347501312 logging_writer.py:48] [11600] global_step=11600, grad_norm=2.9636197090148926, loss=1.5836119651794434
I0313 02:06:58.026928 139682339108608 logging_writer.py:48] [11700] global_step=11700, grad_norm=3.487636089324951, loss=1.5801148414611816
I0313 02:08:27.309678 139682347501312 logging_writer.py:48] [11800] global_step=11800, grad_norm=2.3553178310394287, loss=1.497138261795044
I0313 02:09:56.659343 139682339108608 logging_writer.py:48] [11900] global_step=11900, grad_norm=4.401296138763428, loss=1.6185563802719116
I0313 02:11:25.772714 139682347501312 logging_writer.py:48] [12000] global_step=12000, grad_norm=3.3224737644195557, loss=1.578454613685608
I0313 02:12:53.574030 139682339108608 logging_writer.py:48] [12100] global_step=12100, grad_norm=2.095543384552002, loss=1.5523964166641235
I0313 02:13:28.737227 139838575679296 spec.py:321] Evaluating on the training split.
I0313 02:14:24.011365 139838575679296 spec.py:333] Evaluating on the validation split.
I0313 02:15:16.915702 139838575679296 spec.py:349] Evaluating on the test split.
I0313 02:15:44.372454 139838575679296 submission_runner.py:420] Time since start: 11247.87s, 	Step: 12141, 	{'train/ctc_loss': Array(0.33491787, dtype=float32), 'train/wer': 0.11481398762044541, 'validation/ctc_loss': Array(0.6525444, dtype=float32), 'validation/wer': 0.18813056952798402, 'validation/num_examples': 5348, 'test/ctc_loss': Array(0.38549662, dtype=float32), 'test/wer': 0.12465216419880974, 'test/num_examples': 2472, 'score': 10123.035349369049, 'total_duration': 11247.871819019318, 'accumulated_submission_time': 10123.035349369049, 'accumulated_eval_time': 1124.0344214439392, 'accumulated_logging_time': 0.2944934368133545}
I0313 02:15:44.398463 139682347501312 logging_writer.py:48] [12141] accumulated_eval_time=1124.034421, accumulated_logging_time=0.294493, accumulated_submission_time=10123.035349, global_step=12141, preemption_count=0, score=10123.035349, test/ctc_loss=0.3854966163635254, test/num_examples=2472, test/wer=0.124652, total_duration=11247.871819, train/ctc_loss=0.3349178731441498, train/wer=0.114814, validation/ctc_loss=0.652544379234314, validation/num_examples=5348, validation/wer=0.188131
I0313 02:16:29.738318 139682339108608 logging_writer.py:48] [12200] global_step=12200, grad_norm=2.6500027179718018, loss=1.573133111000061
I0313 02:17:45.630374 139682347501312 logging_writer.py:48] [12300] global_step=12300, grad_norm=2.5298991203308105, loss=1.6117122173309326
I0313 02:19:04.778839 139682347501312 logging_writer.py:48] [12400] global_step=12400, grad_norm=2.8526253700256348, loss=1.546512484550476
I0313 02:20:21.582417 139682339108608 logging_writer.py:48] [12500] global_step=12500, grad_norm=2.811295509338379, loss=1.556061029434204
I0313 02:21:38.753875 139682347501312 logging_writer.py:48] [12600] global_step=12600, grad_norm=2.5077812671661377, loss=1.5301215648651123
I0313 02:22:56.870484 139682339108608 logging_writer.py:48] [12700] global_step=12700, grad_norm=4.191009998321533, loss=1.5428273677825928
I0313 02:24:20.398403 139682347501312 logging_writer.py:48] [12800] global_step=12800, grad_norm=1.7928507328033447, loss=1.5496842861175537
I0313 02:25:46.150634 139682339108608 logging_writer.py:48] [12900] global_step=12900, grad_norm=3.3897452354431152, loss=1.5232757329940796
I0313 02:27:14.883551 139682347501312 logging_writer.py:48] [13000] global_step=13000, grad_norm=3.097505569458008, loss=1.5452901124954224
I0313 02:28:42.492678 139682339108608 logging_writer.py:48] [13100] global_step=13100, grad_norm=2.3084280490875244, loss=1.5666189193725586
I0313 02:30:08.715977 139682347501312 logging_writer.py:48] [13200] global_step=13200, grad_norm=2.1545565128326416, loss=1.5886121988296509
I0313 02:31:34.674228 139682339108608 logging_writer.py:48] [13300] global_step=13300, grad_norm=2.526843547821045, loss=1.5922160148620605
I0313 02:33:06.518226 139682347501312 logging_writer.py:48] [13400] global_step=13400, grad_norm=2.974395513534546, loss=1.5536233186721802
I0313 02:34:23.568684 139682339108608 logging_writer.py:48] [13500] global_step=13500, grad_norm=2.511338710784912, loss=1.4857165813446045
I0313 02:35:44.567625 139682347501312 logging_writer.py:48] [13600] global_step=13600, grad_norm=1.8271732330322266, loss=1.578951358795166
I0313 02:37:03.711623 139682339108608 logging_writer.py:48] [13700] global_step=13700, grad_norm=2.7953720092773438, loss=1.4769303798675537
I0313 02:38:24.567852 139682347501312 logging_writer.py:48] [13800] global_step=13800, grad_norm=2.466001033782959, loss=1.548904538154602
I0313 02:39:44.563910 139838575679296 spec.py:321] Evaluating on the training split.
I0313 02:40:40.463320 139838575679296 spec.py:333] Evaluating on the validation split.
I0313 02:41:32.788861 139838575679296 spec.py:349] Evaluating on the test split.
I0313 02:42:00.377482 139838575679296 submission_runner.py:420] Time since start: 12823.88s, 	Step: 13894, 	{'train/ctc_loss': Array(0.2947174, dtype=float32), 'train/wer': 0.1042824826438545, 'validation/ctc_loss': Array(0.65284616, dtype=float32), 'validation/wer': 0.18804367765044364, 'validation/num_examples': 5348, 'test/ctc_loss': Array(0.37729406, dtype=float32), 'test/wer': 0.12182885463002457, 'test/num_examples': 2472, 'score': 11563.117947101593, 'total_duration': 12823.876756429672, 'accumulated_submission_time': 11563.117947101593, 'accumulated_eval_time': 1259.844975233078, 'accumulated_logging_time': 0.33184099197387695}
I0313 02:42:00.407596 139682347501312 logging_writer.py:48] [13894] accumulated_eval_time=1259.844975, accumulated_logging_time=0.331841, accumulated_submission_time=11563.117947, global_step=13894, preemption_count=0, score=11563.117947, test/ctc_loss=0.37729406356811523, test/num_examples=2472, test/wer=0.121829, total_duration=12823.876756, train/ctc_loss=0.294717401266098, train/wer=0.104282, validation/ctc_loss=0.6528461575508118, validation/num_examples=5348, validation/wer=0.188044
I0313 02:42:05.982792 139682339108608 logging_writer.py:48] [13900] global_step=13900, grad_norm=2.7719900608062744, loss=1.5339550971984863
I0313 02:43:21.322651 139682347501312 logging_writer.py:48] [14000] global_step=14000, grad_norm=12.782513618469238, loss=1.5690102577209473
I0313 02:44:36.681452 139682339108608 logging_writer.py:48] [14100] global_step=14100, grad_norm=1.984499454498291, loss=1.5592557191848755
I0313 02:46:00.604099 139682347501312 logging_writer.py:48] [14200] global_step=14200, grad_norm=4.479492664337158, loss=1.562623143196106
I0313 02:47:28.188084 139682339108608 logging_writer.py:48] [14300] global_step=14300, grad_norm=2.043422222137451, loss=1.5249972343444824
I0313 02:48:56.137692 139682347501312 logging_writer.py:48] [14400] global_step=14400, grad_norm=2.053373336791992, loss=1.4998875856399536
I0313 02:50:19.398643 139682347501312 logging_writer.py:48] [14500] global_step=14500, grad_norm=3.2825725078582764, loss=1.5350611209869385
I0313 02:51:35.137672 139682339108608 logging_writer.py:48] [14600] global_step=14600, grad_norm=1.9995877742767334, loss=1.4876090288162231
I0313 02:52:52.888480 139682347501312 logging_writer.py:48] [14700] global_step=14700, grad_norm=2.26478910446167, loss=1.5154969692230225
I0313 02:54:15.885342 139682339108608 logging_writer.py:48] [14800] global_step=14800, grad_norm=3.46921968460083, loss=1.521364450454712
I0313 02:55:44.257253 139682347501312 logging_writer.py:48] [14900] global_step=14900, grad_norm=3.6531600952148438, loss=1.5577867031097412
I0313 02:57:13.193125 139682339108608 logging_writer.py:48] [15000] global_step=15000, grad_norm=2.424546241760254, loss=1.528600811958313
I0313 02:58:42.417327 139682347501312 logging_writer.py:48] [15100] global_step=15100, grad_norm=2.7174267768859863, loss=1.5678634643554688
I0313 03:00:08.887688 139682339108608 logging_writer.py:48] [15200] global_step=15200, grad_norm=2.344774007797241, loss=1.5145021677017212
I0313 03:01:36.629468 139682347501312 logging_writer.py:48] [15300] global_step=15300, grad_norm=2.75441575050354, loss=1.5611686706542969
I0313 03:03:01.447803 139682339108608 logging_writer.py:48] [15400] global_step=15400, grad_norm=3.6795766353607178, loss=1.4971648454666138
I0313 03:04:26.346392 139682347501312 logging_writer.py:48] [15500] global_step=15500, grad_norm=2.032052516937256, loss=1.4978479146957397
I0313 03:05:44.521003 139682339108608 logging_writer.py:48] [15600] global_step=15600, grad_norm=3.09759259223938, loss=1.5015853643417358
I0313 03:06:00.932075 139838575679296 spec.py:321] Evaluating on the training split.
I0313 03:07:03.638200 139838575679296 spec.py:333] Evaluating on the validation split.
I0313 03:07:55.660912 139838575679296 spec.py:349] Evaluating on the test split.
I0313 03:08:21.980708 139838575679296 submission_runner.py:420] Time since start: 14405.48s, 	Step: 15623, 	{'train/ctc_loss': Array(0.27732593, dtype=float32), 'train/wer': 0.09698407716165963, 'validation/ctc_loss': Array(0.61508054, dtype=float32), 'validation/wer': 0.176709114957954, 'validation/num_examples': 5348, 'test/ctc_loss': Array(0.36129552, dtype=float32), 'test/wer': 0.11581662705908638, 'test/num_examples': 2472, 'score': 13003.560472249985, 'total_duration': 14405.480276107788, 'accumulated_submission_time': 13003.560472249985, 'accumulated_eval_time': 1400.8908877372742, 'accumulated_logging_time': 0.3732874393463135}
I0313 03:08:22.007750 139682777581312 logging_writer.py:48] [15623] accumulated_eval_time=1400.890888, accumulated_logging_time=0.373287, accumulated_submission_time=13003.560472, global_step=15623, preemption_count=0, score=13003.560472, test/ctc_loss=0.36129552125930786, test/num_examples=2472, test/wer=0.115817, total_duration=14405.480276, train/ctc_loss=0.27732592821121216, train/wer=0.096984, validation/ctc_loss=0.6150805354118347, validation/num_examples=5348, validation/wer=0.176709
I0313 03:09:22.121839 139682769188608 logging_writer.py:48] [15700] global_step=15700, grad_norm=2.4632060527801514, loss=1.432999849319458
I0313 03:10:37.562027 139682777581312 logging_writer.py:48] [15800] global_step=15800, grad_norm=2.967463970184326, loss=1.4690585136413574
I0313 03:11:53.012340 139682769188608 logging_writer.py:48] [15900] global_step=15900, grad_norm=3.069164991378784, loss=1.5021814107894897
I0313 03:13:17.879102 139682777581312 logging_writer.py:48] [16000] global_step=16000, grad_norm=3.1960787773132324, loss=1.5781716108322144
I0313 03:14:43.144541 139682769188608 logging_writer.py:48] [16100] global_step=16100, grad_norm=2.490802526473999, loss=1.5358760356903076
I0313 03:16:11.516592 139682777581312 logging_writer.py:48] [16200] global_step=16200, grad_norm=3.9665143489837646, loss=1.4821571111679077
I0313 03:17:39.066244 139682769188608 logging_writer.py:48] [16300] global_step=16300, grad_norm=2.5606682300567627, loss=1.4941966533660889
I0313 03:19:07.873815 139682777581312 logging_writer.py:48] [16400] global_step=16400, grad_norm=2.8002538681030273, loss=1.5359524488449097
I0313 03:20:35.945059 139682777581312 logging_writer.py:48] [16500] global_step=16500, grad_norm=1.992739200592041, loss=1.471070408821106
I0313 03:21:52.236804 139682769188608 logging_writer.py:48] [16600] global_step=16600, grad_norm=2.41347336769104, loss=1.4982779026031494
I0313 03:23:13.198549 139682777581312 logging_writer.py:48] [16700] global_step=16700, grad_norm=2.060852289199829, loss=1.5246882438659668
I0313 03:24:34.562631 139682769188608 logging_writer.py:48] [16800] global_step=16800, grad_norm=2.9755568504333496, loss=1.5082093477249146
I0313 03:26:03.144622 139682777581312 logging_writer.py:48] [16900] global_step=16900, grad_norm=2.1738595962524414, loss=1.4956554174423218
I0313 03:27:30.967412 139682769188608 logging_writer.py:48] [17000] global_step=17000, grad_norm=2.8054776191711426, loss=1.520005464553833
I0313 03:28:57.057710 139682777581312 logging_writer.py:48] [17100] global_step=17100, grad_norm=1.5767762660980225, loss=1.4999302625656128
I0313 03:30:23.962980 139682769188608 logging_writer.py:48] [17200] global_step=17200, grad_norm=3.1845219135284424, loss=1.535476803779602
I0313 03:31:49.866060 139682777581312 logging_writer.py:48] [17300] global_step=17300, grad_norm=1.6865159273147583, loss=1.5031477212905884
I0313 03:32:22.591868 139838575679296 spec.py:321] Evaluating on the training split.
I0313 03:33:17.448329 139838575679296 spec.py:333] Evaluating on the validation split.
I0313 03:34:10.385613 139838575679296 spec.py:349] Evaluating on the test split.
I0313 03:34:37.622930 139838575679296 submission_runner.py:420] Time since start: 15981.12s, 	Step: 17340, 	{'train/ctc_loss': Array(0.28093824, dtype=float32), 'train/wer': 0.0972719033394649, 'validation/ctc_loss': Array(0.61341965, dtype=float32), 'validation/wer': 0.17546366471320854, 'validation/num_examples': 5348, 'test/ctc_loss': Array(0.34505987, dtype=float32), 'test/wer': 0.11240428168098633, 'test/num_examples': 2472, 'score': 14444.06426525116, 'total_duration': 15981.121856212616, 'accumulated_submission_time': 14444.06426525116, 'accumulated_eval_time': 1535.9185712337494, 'accumulated_logging_time': 0.4116241931915283}
I0313 03:34:37.652436 139682777581312 logging_writer.py:48] [17340] accumulated_eval_time=1535.918571, accumulated_logging_time=0.411624, accumulated_submission_time=14444.064265, global_step=17340, preemption_count=0, score=14444.064265, test/ctc_loss=0.345059871673584, test/num_examples=2472, test/wer=0.112404, total_duration=15981.121856, train/ctc_loss=0.2809382379055023, train/wer=0.097272, validation/ctc_loss=0.6134196519851685, validation/num_examples=5348, validation/wer=0.175464
I0313 03:35:23.784584 139682769188608 logging_writer.py:48] [17400] global_step=17400, grad_norm=2.9262099266052246, loss=1.5085359811782837
I0313 03:36:39.937699 139682777581312 logging_writer.py:48] [17500] global_step=17500, grad_norm=2.316096067428589, loss=1.4861233234405518
I0313 03:38:00.363686 139682777581312 logging_writer.py:48] [17600] global_step=17600, grad_norm=3.85882830619812, loss=1.4836182594299316
I0313 03:39:18.421528 139682769188608 logging_writer.py:48] [17700] global_step=17700, grad_norm=2.7259011268615723, loss=1.4641245603561401
I0313 03:40:38.424830 139682777581312 logging_writer.py:48] [17800] global_step=17800, grad_norm=3.080610990524292, loss=1.5000813007354736
I0313 03:42:05.088348 139682769188608 logging_writer.py:48] [17900] global_step=17900, grad_norm=3.757694721221924, loss=1.4406957626342773
I0313 03:43:30.961126 139682777581312 logging_writer.py:48] [18000] global_step=18000, grad_norm=1.8336995840072632, loss=1.478171944618225
I0313 03:44:57.901744 139682769188608 logging_writer.py:48] [18100] global_step=18100, grad_norm=2.9121947288513184, loss=1.4438756704330444
I0313 03:46:25.300635 139682777581312 logging_writer.py:48] [18200] global_step=18200, grad_norm=2.531895637512207, loss=1.4984921216964722
I0313 03:47:54.184070 139682769188608 logging_writer.py:48] [18300] global_step=18300, grad_norm=2.9185633659362793, loss=1.5471371412277222
I0313 03:49:25.532520 139682777581312 logging_writer.py:48] [18400] global_step=18400, grad_norm=1.6412928104400635, loss=1.444967269897461
I0313 03:50:54.074986 139682769188608 logging_writer.py:48] [18500] global_step=18500, grad_norm=1.9682596921920776, loss=1.4983984231948853
I0313 03:52:17.675780 139682777581312 logging_writer.py:48] [18600] global_step=18600, grad_norm=2.966682195663452, loss=1.5254924297332764
I0313 03:53:36.683808 139682769188608 logging_writer.py:48] [18700] global_step=18700, grad_norm=5.1230974197387695, loss=1.5033888816833496
I0313 03:54:55.773530 139682777581312 logging_writer.py:48] [18800] global_step=18800, grad_norm=3.4170405864715576, loss=1.425042986869812
I0313 03:56:18.700817 139682769188608 logging_writer.py:48] [18900] global_step=18900, grad_norm=2.9268958568573, loss=1.438751220703125
I0313 03:57:42.924477 139682777581312 logging_writer.py:48] [19000] global_step=19000, grad_norm=5.293274402618408, loss=1.5181858539581299
I0313 03:58:38.590091 139838575679296 spec.py:321] Evaluating on the training split.
I0313 03:59:34.074116 139838575679296 spec.py:333] Evaluating on the validation split.
I0313 04:00:27.818019 139838575679296 spec.py:349] Evaluating on the test split.
I0313 04:00:55.458795 139838575679296 submission_runner.py:420] Time since start: 17558.96s, 	Step: 19066, 	{'train/ctc_loss': Array(0.29000315, dtype=float32), 'train/wer': 0.09951082789074275, 'validation/ctc_loss': Array(0.59839016, dtype=float32), 'validation/wer': 0.17252865018295568, 'validation/num_examples': 5348, 'test/ctc_loss': Array(0.34121943, dtype=float32), 'test/wer': 0.10974346474925355, 'test/num_examples': 2472, 'score': 15884.91688466072, 'total_duration': 17558.958316087723, 'accumulated_submission_time': 15884.91688466072, 'accumulated_eval_time': 1672.7844877243042, 'accumulated_logging_time': 0.45601940155029297}
I0313 04:00:55.486475 139682777581312 logging_writer.py:48] [19066] accumulated_eval_time=1672.784488, accumulated_logging_time=0.456019, accumulated_submission_time=15884.916885, global_step=19066, preemption_count=0, score=15884.916885, test/ctc_loss=0.341219425201416, test/num_examples=2472, test/wer=0.109743, total_duration=17558.958316, train/ctc_loss=0.2900031507015228, train/wer=0.099511, validation/ctc_loss=0.5983901619911194, validation/num_examples=5348, validation/wer=0.172529
I0313 04:01:21.912156 139682769188608 logging_writer.py:48] [19100] global_step=19100, grad_norm=2.4393680095672607, loss=1.5012264251708984
I0313 04:02:37.539214 139682777581312 logging_writer.py:48] [19200] global_step=19200, grad_norm=2.858276844024658, loss=1.5114281177520752
I0313 04:03:53.085856 139682769188608 logging_writer.py:48] [19300] global_step=19300, grad_norm=3.0355660915374756, loss=1.4628463983535767
I0313 04:05:20.262029 139682777581312 logging_writer.py:48] [19400] global_step=19400, grad_norm=5.353709697723389, loss=1.4644975662231445
I0313 04:06:48.667743 139682769188608 logging_writer.py:48] [19500] global_step=19500, grad_norm=2.256892204284668, loss=1.4632797241210938
I0313 04:08:17.763092 139682449901312 logging_writer.py:48] [19600] global_step=19600, grad_norm=2.064488649368286, loss=1.4776877164840698
I0313 04:09:34.410095 139682441508608 logging_writer.py:48] [19700] global_step=19700, grad_norm=2.213602304458618, loss=1.5056991577148438
I0313 04:10:50.750619 139682449901312 logging_writer.py:48] [19800] global_step=19800, grad_norm=2.750985622406006, loss=1.4217664003372192
I0313 04:12:10.816927 139682441508608 logging_writer.py:48] [19900] global_step=19900, grad_norm=3.5334510803222656, loss=1.4005988836288452
I0313 04:13:33.253762 139682449901312 logging_writer.py:48] [20000] global_step=20000, grad_norm=2.7666573524475098, loss=1.4661433696746826
