python3 submission_runner.py --framework=jax --workload=imagenet_vit --submission_path=prize_qualification_baselines/external_tuning/jax_nadamw_full_budget.py --tuning_search_space=prize_qualification_baselines/external_tuning/tuning_search_space.json --data_dir=/data/imagenet/jax --num_tuning_trials=1 --experiment_dir=/experiment_runs --experiment_name=prize_qualification/study_1 --overwrite=true --save_checkpoints=false --num_tuning_trials=5 --rng_seed=3390244169 --max_global_steps=186666 --imagenet_v2_data_dir=/data/imagenet/jax 2>&1 | tee -a /logs/imagenet_vit_jax_01-30-2024-13-42-02.log
/usr/local/lib/python3.8/dist-packages/tensorflow_addons/utils/tfa_eol_msg.py:23: UserWarning: 

TensorFlow Addons (TFA) has ended development and introduction of new features.
TFA has entered a minimal maintenance and release mode until a planned end of life in May 2024.
Please modify downstream libraries to take dependencies from other repositories in our TensorFlow community (e.g. Keras, Keras-CV, and Keras-NLP). 

For more information see: https://github.com/tensorflow/addons/issues/2807 

  warnings.warn(
I0130 13:42:23.273298 140184451094336 logger_utils.py:76] Creating experiment directory at /experiment_runs/prize_qualification/study_1/imagenet_vit_jax.
I0130 13:42:24.281774 140184451094336 xla_bridge.py:455] Unable to initialize backend 'rocm': NOT_FOUND: Could not find registered platform with name: "rocm". Available platform names are: Interpreter Host CUDA
I0130 13:42:24.282432 140184451094336 xla_bridge.py:455] Unable to initialize backend 'tpu': module 'jaxlib.xla_extension' has no attribute 'get_tpu_client'
I0130 13:42:24.282564 140184451094336 xla_bridge.py:455] Unable to initialize backend 'plugin': xla_extension has no attributes named get_plugin_device_client. Compile TensorFlow with //tensorflow/compiler/xla/python:enable_plugin_device set to true (defaults to false) to enable this.
I0130 13:42:24.283888 140184451094336 submission_runner.py:542] Using RNG seed 3390244169
I0130 13:42:25.403271 140184451094336 submission_runner.py:551] --- Tuning run 1/5 ---
I0130 13:42:25.403483 140184451094336 submission_runner.py:556] Creating tuning directory at /experiment_runs/prize_qualification/study_1/imagenet_vit_jax/trial_1.
I0130 13:42:25.403867 140184451094336 logger_utils.py:92] Saving hparams to /experiment_runs/prize_qualification/study_1/imagenet_vit_jax/trial_1/hparams.json.
I0130 13:42:25.587249 140184451094336 submission_runner.py:206] Initializing dataset.
I0130 13:42:25.602551 140184451094336 dataset_info.py:578] Load dataset info from /data/imagenet/jax/imagenet2012/5.1.0
I0130 13:42:25.612580 140184451094336 dataset_info.py:669] Fields info.[splits, supervised_keys] from disk and from code do not match. Keeping the one from code.
I0130 13:42:26.000024 140184451094336 logging_logger.py:49] Constructing tf.data.Dataset imagenet2012 for split train, from /data/imagenet/jax/imagenet2012/5.1.0
I0130 13:42:35.199589 140184451094336 submission_runner.py:213] Initializing model.
I0130 13:42:44.331734 140184451094336 submission_runner.py:255] Initializing optimizer.
I0130 13:42:45.490308 140184451094336 submission_runner.py:262] Initializing metrics bundle.
I0130 13:42:45.490490 140184451094336 submission_runner.py:280] Initializing checkpoint and logger.
I0130 13:42:45.491719 140184451094336 checkpoints.py:915] Found no checkpoint files in /experiment_runs/prize_qualification/study_1/imagenet_vit_jax/trial_1 with prefix checkpoint_
I0130 13:42:45.491863 140184451094336 submission_runner.py:300] Saving meta data to /experiment_runs/prize_qualification/study_1/imagenet_vit_jax/trial_1/meta_data_0.json.
fatal: detected dubious ownership in repository at '/algorithmic-efficiency'
To add an exception for this directory, call:

	git config --global --add safe.directory /algorithmic-efficiency
I0130 13:42:45.841309 140184451094336 logger_utils.py:220] Unable to record git information. Continuing without it.
I0130 13:42:46.158723 140184451094336 submission_runner.py:304] Saving flags to /experiment_runs/prize_qualification/study_1/imagenet_vit_jax/trial_1/flags_0.json.
I0130 13:42:46.172049 140184451094336 submission_runner.py:314] Starting training loop.
I0130 13:43:28.898046 140022527284992 logging_writer.py:48] [0] global_step=0, grad_norm=0.32914111018180847, loss=6.907756805419922
I0130 13:43:28.915353 140184451094336 spec.py:321] Evaluating on the training split.
I0130 13:43:28.924068 140184451094336 dataset_info.py:578] Load dataset info from /data/imagenet/jax/imagenet2012/5.1.0
I0130 13:43:28.932916 140184451094336 dataset_info.py:669] Fields info.[splits, supervised_keys] from disk and from code do not match. Keeping the one from code.
I0130 13:43:29.015213 140184451094336 logging_logger.py:49] Constructing tf.data.Dataset imagenet2012 for split train, from /data/imagenet/jax/imagenet2012/5.1.0
I0130 13:43:46.178168 140184451094336 spec.py:333] Evaluating on the validation split.
I0130 13:43:46.186662 140184451094336 dataset_info.py:578] Load dataset info from /data/imagenet/jax/imagenet2012/5.1.0
I0130 13:43:46.199814 140184451094336 dataset_info.py:669] Fields info.[splits, supervised_keys] from disk and from code do not match. Keeping the one from code.
I0130 13:43:46.278445 140184451094336 logging_logger.py:49] Constructing tf.data.Dataset imagenet2012 for split validation, from /data/imagenet/jax/imagenet2012/5.1.0
I0130 13:44:03.856960 140184451094336 spec.py:349] Evaluating on the test split.
I0130 13:44:03.864255 140184451094336 dataset_info.py:578] Load dataset info from /data/imagenet/jax/imagenet_v2/matched-frequency/3.0.0
I0130 13:44:03.869584 140184451094336 dataset_builder.py:528] Reusing dataset imagenet_v2 (/data/imagenet/jax/imagenet_v2/matched-frequency/3.0.0)
I0130 13:44:03.920896 140184451094336 logging_logger.py:49] Constructing tf.data.Dataset imagenet_v2 for split test, from /data/imagenet/jax/imagenet_v2/matched-frequency/3.0.0
I0130 13:44:09.141895 140184451094336 submission_runner.py:408] Time since start: 82.97s, 	Step: 1, 	{'train/accuracy': 0.0009179687476716936, 'train/loss': 6.907756328582764, 'validation/accuracy': 0.0009999999310821295, 'validation/loss': 6.9077558517456055, 'validation/num_examples': 50000, 'test/accuracy': 0.0010000000474974513, 'test/loss': 6.907756805419922, 'test/num_examples': 10000, 'score': 42.74321413040161, 'total_duration': 82.96978783607483, 'accumulated_submission_time': 42.74321413040161, 'accumulated_eval_time': 40.2264838218689, 'accumulated_logging_time': 0}
I0130 13:44:09.161339 139990482802432 logging_writer.py:48] [1] accumulated_eval_time=40.226484, accumulated_logging_time=0, accumulated_submission_time=42.743214, global_step=1, preemption_count=0, score=42.743214, test/accuracy=0.001000, test/loss=6.907757, test/num_examples=10000, total_duration=82.969788, train/accuracy=0.000918, train/loss=6.907756, validation/accuracy=0.001000, validation/loss=6.907756, validation/num_examples=50000
I0130 13:45:12.495258 140021361272576 logging_writer.py:48] [100] global_step=100, grad_norm=0.3865211009979248, loss=6.906054973602295
I0130 13:45:55.666210 140021369665280 logging_writer.py:48] [200] global_step=200, grad_norm=0.3772917091846466, loss=6.898754119873047
I0130 13:46:41.030359 140021361272576 logging_writer.py:48] [300] global_step=300, grad_norm=0.541094183921814, loss=6.8608527183532715
I0130 13:47:26.226457 140021369665280 logging_writer.py:48] [400] global_step=400, grad_norm=0.6423545479774475, loss=6.81467866897583
I0130 13:48:11.336325 140021361272576 logging_writer.py:48] [500] global_step=500, grad_norm=1.0609103441238403, loss=6.820887565612793
I0130 13:48:56.322953 140021369665280 logging_writer.py:48] [600] global_step=600, grad_norm=1.0887295007705688, loss=6.748291969299316
I0130 13:49:41.642390 140021361272576 logging_writer.py:48] [700] global_step=700, grad_norm=0.902330219745636, loss=6.688329696655273
I0130 13:50:26.519514 140021369665280 logging_writer.py:48] [800] global_step=800, grad_norm=1.198623776435852, loss=6.623266696929932
I0130 13:51:09.602023 140184451094336 spec.py:321] Evaluating on the training split.
I0130 13:51:21.457688 140184451094336 spec.py:333] Evaluating on the validation split.
I0130 13:51:29.609147 140184451094336 spec.py:349] Evaluating on the test split.
I0130 13:51:31.354834 140184451094336 submission_runner.py:408] Time since start: 525.18s, 	Step: 897, 	{'train/accuracy': 0.013144531287252903, 'train/loss': 6.433816909790039, 'validation/accuracy': 0.012319999746978283, 'validation/loss': 6.444516181945801, 'validation/num_examples': 50000, 'test/accuracy': 0.009400000795722008, 'test/loss': 6.486231803894043, 'test/num_examples': 10000, 'score': 463.12793254852295, 'total_duration': 525.1827142238617, 'accumulated_submission_time': 463.12793254852295, 'accumulated_eval_time': 61.97929525375366, 'accumulated_logging_time': 0.0289614200592041}
I0130 13:51:31.372377 139990491195136 logging_writer.py:48] [897] accumulated_eval_time=61.979295, accumulated_logging_time=0.028961, accumulated_submission_time=463.127933, global_step=897, preemption_count=0, score=463.127933, test/accuracy=0.009400, test/loss=6.486232, test/num_examples=10000, total_duration=525.182714, train/accuracy=0.013145, train/loss=6.433817, validation/accuracy=0.012320, validation/loss=6.444516, validation/num_examples=50000
I0130 13:51:33.029853 139990499587840 logging_writer.py:48] [900] global_step=900, grad_norm=0.9506202936172485, loss=6.568531513214111
I0130 13:52:13.105429 139990491195136 logging_writer.py:48] [1000] global_step=1000, grad_norm=2.217010259628296, loss=6.588651180267334
I0130 13:52:58.235827 139990499587840 logging_writer.py:48] [1100] global_step=1100, grad_norm=1.4745036363601685, loss=6.617262363433838
I0130 13:53:43.477166 139990491195136 logging_writer.py:48] [1200] global_step=1200, grad_norm=1.3848999738693237, loss=6.459885597229004
I0130 13:54:28.957737 139990499587840 logging_writer.py:48] [1300] global_step=1300, grad_norm=1.2306503057479858, loss=6.666186809539795
I0130 13:55:14.166765 139990491195136 logging_writer.py:48] [1400] global_step=1400, grad_norm=1.5689690113067627, loss=6.416594505310059
I0130 13:55:58.949455 139990499587840 logging_writer.py:48] [1500] global_step=1500, grad_norm=1.6667418479919434, loss=6.666590690612793
I0130 13:56:44.126224 139990491195136 logging_writer.py:48] [1600] global_step=1600, grad_norm=1.7794758081436157, loss=6.2571210861206055
I0130 13:57:29.291961 139990499587840 logging_writer.py:48] [1700] global_step=1700, grad_norm=1.4973371028900146, loss=6.252086639404297
I0130 13:58:14.416240 139990491195136 logging_writer.py:48] [1800] global_step=1800, grad_norm=1.6543091535568237, loss=6.26201057434082
I0130 13:58:31.606652 140184451094336 spec.py:321] Evaluating on the training split.
I0130 13:58:43.346545 140184451094336 spec.py:333] Evaluating on the validation split.
I0130 13:58:51.394227 140184451094336 spec.py:349] Evaluating on the test split.
I0130 13:58:53.009392 140184451094336 submission_runner.py:408] Time since start: 966.84s, 	Step: 1840, 	{'train/accuracy': 0.04189452901482582, 'train/loss': 5.843362808227539, 'validation/accuracy': 0.03983999788761139, 'validation/loss': 5.8705878257751465, 'validation/num_examples': 50000, 'test/accuracy': 0.033400002866983414, 'test/loss': 5.988006591796875, 'test/num_examples': 10000, 'score': 883.3025920391083, 'total_duration': 966.8372595310211, 'accumulated_submission_time': 883.3025920391083, 'accumulated_eval_time': 83.38200998306274, 'accumulated_logging_time': 0.056799888610839844}
I0130 13:58:53.026873 139990499587840 logging_writer.py:48] [1840] accumulated_eval_time=83.382010, accumulated_logging_time=0.056800, accumulated_submission_time=883.302592, global_step=1840, preemption_count=0, score=883.302592, test/accuracy=0.033400, test/loss=5.988007, test/num_examples=10000, total_duration=966.837260, train/accuracy=0.041895, train/loss=5.843363, validation/accuracy=0.039840, validation/loss=5.870588, validation/num_examples=50000
I0130 13:59:17.454396 139990491195136 logging_writer.py:48] [1900] global_step=1900, grad_norm=3.0175461769104004, loss=6.21044921875
I0130 14:00:00.612098 139990499587840 logging_writer.py:48] [2000] global_step=2000, grad_norm=1.7718685865402222, loss=6.453032493591309
I0130 14:00:45.640396 139990491195136 logging_writer.py:48] [2100] global_step=2100, grad_norm=1.9056745767593384, loss=6.120102405548096
I0130 14:01:30.724100 139990499587840 logging_writer.py:48] [2200] global_step=2200, grad_norm=1.657209873199463, loss=6.135160446166992
I0130 14:02:16.012695 139990491195136 logging_writer.py:48] [2300] global_step=2300, grad_norm=1.8283368349075317, loss=6.090671062469482
I0130 14:03:00.680885 139990499587840 logging_writer.py:48] [2400] global_step=2400, grad_norm=1.6611088514328003, loss=6.027038097381592
I0130 14:03:45.656572 139990491195136 logging_writer.py:48] [2500] global_step=2500, grad_norm=1.7603594064712524, loss=6.551357269287109
I0130 14:04:30.878906 139990499587840 logging_writer.py:48] [2600] global_step=2600, grad_norm=2.23032808303833, loss=6.031240463256836
I0130 14:05:15.930330 139990491195136 logging_writer.py:48] [2700] global_step=2700, grad_norm=1.5463231801986694, loss=6.296196937561035
I0130 14:05:53.425520 140184451094336 spec.py:321] Evaluating on the training split.
I0130 14:06:05.490081 140184451094336 spec.py:333] Evaluating on the validation split.
I0130 14:06:13.598607 140184451094336 spec.py:349] Evaluating on the test split.
I0130 14:06:15.217582 140184451094336 submission_runner.py:408] Time since start: 1409.05s, 	Step: 2785, 	{'train/accuracy': 0.07291015237569809, 'train/loss': 5.394949436187744, 'validation/accuracy': 0.06604000180959702, 'validation/loss': 5.446426868438721, 'validation/num_examples': 50000, 'test/accuracy': 0.049400001764297485, 'test/loss': 5.625874996185303, 'test/num_examples': 10000, 'score': 1303.642668247223, 'total_duration': 1409.0454559326172, 'accumulated_submission_time': 1303.642668247223, 'accumulated_eval_time': 105.17406916618347, 'accumulated_logging_time': 0.08444643020629883}
I0130 14:06:15.235379 139990499587840 logging_writer.py:48] [2785] accumulated_eval_time=105.174069, accumulated_logging_time=0.084446, accumulated_submission_time=1303.642668, global_step=2785, preemption_count=0, score=1303.642668, test/accuracy=0.049400, test/loss=5.625875, test/num_examples=10000, total_duration=1409.045456, train/accuracy=0.072910, train/loss=5.394949, validation/accuracy=0.066040, validation/loss=5.446427, validation/num_examples=50000
I0130 14:06:21.658457 139990491195136 logging_writer.py:48] [2800] global_step=2800, grad_norm=2.2406537532806396, loss=6.029984951019287
I0130 14:07:01.871467 139990499587840 logging_writer.py:48] [2900] global_step=2900, grad_norm=1.8309412002563477, loss=5.974533557891846
I0130 14:07:46.879390 139990491195136 logging_writer.py:48] [3000] global_step=3000, grad_norm=1.4174001216888428, loss=6.379247665405273
I0130 14:08:32.019082 139990499587840 logging_writer.py:48] [3100] global_step=3100, grad_norm=1.8938871622085571, loss=5.92416524887085
I0130 14:09:16.965250 139990491195136 logging_writer.py:48] [3200] global_step=3200, grad_norm=1.5646814107894897, loss=6.579897880554199
I0130 14:10:02.053122 139990499587840 logging_writer.py:48] [3300] global_step=3300, grad_norm=2.466343879699707, loss=5.883175849914551
I0130 14:10:46.984909 139990491195136 logging_writer.py:48] [3400] global_step=3400, grad_norm=1.8414762020111084, loss=5.899253845214844
I0130 14:11:32.172423 139990499587840 logging_writer.py:48] [3500] global_step=3500, grad_norm=1.6443192958831787, loss=5.834131240844727
I0130 14:12:17.422112 139990491195136 logging_writer.py:48] [3600] global_step=3600, grad_norm=1.7070825099945068, loss=5.911438941955566
I0130 14:13:02.496701 139990499587840 logging_writer.py:48] [3700] global_step=3700, grad_norm=1.5703760385513306, loss=6.162324905395508
I0130 14:13:15.220405 140184451094336 spec.py:321] Evaluating on the training split.
I0130 14:13:27.158672 140184451094336 spec.py:333] Evaluating on the validation split.
I0130 14:13:35.382632 140184451094336 spec.py:349] Evaluating on the test split.
I0130 14:13:37.006002 140184451094336 submission_runner.py:408] Time since start: 1850.83s, 	Step: 3730, 	{'train/accuracy': 0.10576171427965164, 'train/loss': 5.051905155181885, 'validation/accuracy': 0.09595999866724014, 'validation/loss': 5.101688385009766, 'validation/num_examples': 50000, 'test/accuracy': 0.07540000230073929, 'test/loss': 5.3332037925720215, 'test/num_examples': 10000, 'score': 1723.5683901309967, 'total_duration': 1850.8338613510132, 'accumulated_submission_time': 1723.5683901309967, 'accumulated_eval_time': 126.95962452888489, 'accumulated_logging_time': 0.11334896087646484}
I0130 14:13:37.026851 139990491195136 logging_writer.py:48] [3730] accumulated_eval_time=126.959625, accumulated_logging_time=0.113349, accumulated_submission_time=1723.568390, global_step=3730, preemption_count=0, score=1723.568390, test/accuracy=0.075400, test/loss=5.333204, test/num_examples=10000, total_duration=1850.833861, train/accuracy=0.105762, train/loss=5.051905, validation/accuracy=0.095960, validation/loss=5.101688, validation/num_examples=50000
I0130 14:14:07.146925 139990499587840 logging_writer.py:48] [3800] global_step=3800, grad_norm=1.5859217643737793, loss=5.983300685882568
I0130 14:14:51.622714 139990491195136 logging_writer.py:48] [3900] global_step=3900, grad_norm=1.6097651720046997, loss=5.692972183227539
I0130 14:15:36.706959 139990499587840 logging_writer.py:48] [4000] global_step=4000, grad_norm=1.3656221628189087, loss=6.348203659057617
I0130 14:16:21.607897 139990491195136 logging_writer.py:48] [4100] global_step=4100, grad_norm=1.7011265754699707, loss=5.889796257019043
I0130 14:17:06.975316 139990499587840 logging_writer.py:48] [4200] global_step=4200, grad_norm=1.5402050018310547, loss=5.6458420753479
I0130 14:17:52.028118 139990491195136 logging_writer.py:48] [4300] global_step=4300, grad_norm=1.4306156635284424, loss=5.597650527954102
I0130 14:18:37.194782 139990499587840 logging_writer.py:48] [4400] global_step=4400, grad_norm=1.3056679964065552, loss=6.185180187225342
I0130 14:19:22.433911 139990491195136 logging_writer.py:48] [4500] global_step=4500, grad_norm=1.5547940731048584, loss=5.569180965423584
I0130 14:20:07.670854 139990499587840 logging_writer.py:48] [4600] global_step=4600, grad_norm=1.0891996622085571, loss=6.550442695617676
I0130 14:20:37.184187 140184451094336 spec.py:321] Evaluating on the training split.
I0130 14:20:49.180150 140184451094336 spec.py:333] Evaluating on the validation split.
I0130 14:20:57.493286 140184451094336 spec.py:349] Evaluating on the test split.
I0130 14:20:59.111443 140184451094336 submission_runner.py:408] Time since start: 2292.94s, 	Step: 4667, 	{'train/accuracy': 0.13990233838558197, 'train/loss': 4.692224025726318, 'validation/accuracy': 0.12933999300003052, 'validation/loss': 4.748983860015869, 'validation/num_examples': 50000, 'test/accuracy': 0.09700000286102295, 'test/loss': 5.055785179138184, 'test/num_examples': 10000, 'score': 2143.667026281357, 'total_duration': 2292.9393298625946, 'accumulated_submission_time': 2143.667026281357, 'accumulated_eval_time': 148.88687324523926, 'accumulated_logging_time': 0.14498591423034668}
I0130 14:20:59.128597 139990491195136 logging_writer.py:48] [4667] accumulated_eval_time=148.886873, accumulated_logging_time=0.144986, accumulated_submission_time=2143.667026, global_step=4667, preemption_count=0, score=2143.667026, test/accuracy=0.097000, test/loss=5.055785, test/num_examples=10000, total_duration=2292.939330, train/accuracy=0.139902, train/loss=4.692224, validation/accuracy=0.129340, validation/loss=4.748984, validation/num_examples=50000
I0130 14:21:12.762649 139990499587840 logging_writer.py:48] [4700] global_step=4700, grad_norm=1.6689212322235107, loss=5.601174354553223
I0130 14:21:54.682282 139990491195136 logging_writer.py:48] [4800] global_step=4800, grad_norm=1.6071416139602661, loss=5.759624481201172
I0130 14:22:39.979624 139990499587840 logging_writer.py:48] [4900] global_step=4900, grad_norm=1.1182467937469482, loss=6.500463008880615
I0130 14:23:26.059708 139990491195136 logging_writer.py:48] [5000] global_step=5000, grad_norm=1.23354971408844, loss=6.299657344818115
I0130 14:24:11.594043 139990499587840 logging_writer.py:48] [5100] global_step=5100, grad_norm=1.7901734113693237, loss=5.324480056762695
I0130 14:24:56.781583 139990491195136 logging_writer.py:48] [5200] global_step=5200, grad_norm=1.8064014911651611, loss=5.577021598815918
I0130 14:25:41.662012 139990499587840 logging_writer.py:48] [5300] global_step=5300, grad_norm=1.7485671043395996, loss=5.381826400756836
I0130 14:26:26.709637 139990491195136 logging_writer.py:48] [5400] global_step=5400, grad_norm=1.3401061296463013, loss=5.8896098136901855
I0130 14:27:12.022162 139990499587840 logging_writer.py:48] [5500] global_step=5500, grad_norm=2.173908233642578, loss=5.451757907867432
I0130 14:27:57.031623 139990491195136 logging_writer.py:48] [5600] global_step=5600, grad_norm=1.603018879890442, loss=5.869570732116699
I0130 14:27:59.420996 140184451094336 spec.py:321] Evaluating on the training split.
I0130 14:28:11.588214 140184451094336 spec.py:333] Evaluating on the validation split.
I0130 14:28:19.740236 140184451094336 spec.py:349] Evaluating on the test split.
I0130 14:28:21.368369 140184451094336 submission_runner.py:408] Time since start: 2735.20s, 	Step: 5607, 	{'train/accuracy': 0.19443358480930328, 'train/loss': 4.300422191619873, 'validation/accuracy': 0.17613999545574188, 'validation/loss': 4.393296718597412, 'validation/num_examples': 50000, 'test/accuracy': 0.13379999995231628, 'test/loss': 4.728091716766357, 'test/num_examples': 10000, 'score': 2563.898540019989, 'total_duration': 2735.196244239807, 'accumulated_submission_time': 2563.898540019989, 'accumulated_eval_time': 170.83421778678894, 'accumulated_logging_time': 0.17491602897644043}
I0130 14:28:21.385258 139990499587840 logging_writer.py:48] [5607] accumulated_eval_time=170.834218, accumulated_logging_time=0.174916, accumulated_submission_time=2563.898540, global_step=5607, preemption_count=0, score=2563.898540, test/accuracy=0.133800, test/loss=4.728092, test/num_examples=10000, total_duration=2735.196244, train/accuracy=0.194434, train/loss=4.300422, validation/accuracy=0.176140, validation/loss=4.393297, validation/num_examples=50000
I0130 14:28:59.093636 139990491195136 logging_writer.py:48] [5700] global_step=5700, grad_norm=1.6568408012390137, loss=5.469358921051025
I0130 14:29:44.316768 139990499587840 logging_writer.py:48] [5800] global_step=5800, grad_norm=1.575666904449463, loss=5.2276129722595215
I0130 14:30:29.537880 139990491195136 logging_writer.py:48] [5900] global_step=5900, grad_norm=1.444048523902893, loss=5.618692398071289
I0130 14:31:14.847326 139990499587840 logging_writer.py:48] [6000] global_step=6000, grad_norm=1.5180810689926147, loss=5.03950834274292
I0130 14:32:00.180305 139990491195136 logging_writer.py:48] [6100] global_step=6100, grad_norm=1.4119378328323364, loss=6.423209190368652
I0130 14:32:45.974252 139990499587840 logging_writer.py:48] [6200] global_step=6200, grad_norm=1.4786310195922852, loss=5.886030197143555
I0130 14:33:31.903969 139990491195136 logging_writer.py:48] [6300] global_step=6300, grad_norm=1.153920292854309, loss=6.217538356781006
I0130 14:34:17.518829 139990499587840 logging_writer.py:48] [6400] global_step=6400, grad_norm=1.6855792999267578, loss=5.032085418701172
I0130 14:35:02.668715 139990491195136 logging_writer.py:48] [6500] global_step=6500, grad_norm=1.648835301399231, loss=6.288179397583008
I0130 14:35:21.858832 140184451094336 spec.py:321] Evaluating on the training split.
I0130 14:35:33.812963 140184451094336 spec.py:333] Evaluating on the validation split.
I0130 14:35:43.820076 140184451094336 spec.py:349] Evaluating on the test split.
I0130 14:35:45.449711 140184451094336 submission_runner.py:408] Time since start: 3179.28s, 	Step: 6544, 	{'train/accuracy': 0.2354101538658142, 'train/loss': 3.982255458831787, 'validation/accuracy': 0.21879999339580536, 'validation/loss': 4.063016891479492, 'validation/num_examples': 50000, 'test/accuracy': 0.16630001366138458, 'test/loss': 4.450675010681152, 'test/num_examples': 10000, 'score': 2984.3140094280243, 'total_duration': 3179.2775950431824, 'accumulated_submission_time': 2984.3140094280243, 'accumulated_eval_time': 194.42507314682007, 'accumulated_logging_time': 0.2019352912902832}
I0130 14:35:45.470715 139990499587840 logging_writer.py:48] [6544] accumulated_eval_time=194.425073, accumulated_logging_time=0.201935, accumulated_submission_time=2984.314009, global_step=6544, preemption_count=0, score=2984.314009, test/accuracy=0.166300, test/loss=4.450675, test/num_examples=10000, total_duration=3179.277595, train/accuracy=0.235410, train/loss=3.982255, validation/accuracy=0.218800, validation/loss=4.063017, validation/num_examples=50000
I0130 14:36:08.277681 139990491195136 logging_writer.py:48] [6600] global_step=6600, grad_norm=1.7616173028945923, loss=5.0389723777771
I0130 14:36:51.693028 139990499587840 logging_writer.py:48] [6700] global_step=6700, grad_norm=1.5688859224319458, loss=4.962404251098633
I0130 14:37:36.985889 139990491195136 logging_writer.py:48] [6800] global_step=6800, grad_norm=1.139816164970398, loss=6.311656475067139
I0130 14:38:22.306335 139990499587840 logging_writer.py:48] [6900] global_step=6900, grad_norm=1.5026440620422363, loss=5.066608428955078
I0130 14:39:07.362980 139990491195136 logging_writer.py:48] [7000] global_step=7000, grad_norm=1.7703524827957153, loss=4.998900890350342
I0130 14:39:52.509549 139990499587840 logging_writer.py:48] [7100] global_step=7100, grad_norm=1.8418914079666138, loss=4.843635082244873
I0130 14:40:37.651607 139990491195136 logging_writer.py:48] [7200] global_step=7200, grad_norm=1.3002572059631348, loss=5.972620010375977
I0130 14:41:23.012757 139990499587840 logging_writer.py:48] [7300] global_step=7300, grad_norm=1.8652777671813965, loss=4.885505676269531
I0130 14:42:08.860108 139990491195136 logging_writer.py:48] [7400] global_step=7400, grad_norm=1.5086485147476196, loss=6.267533302307129
I0130 14:42:45.832479 140184451094336 spec.py:321] Evaluating on the training split.
I0130 14:43:00.484780 140184451094336 spec.py:333] Evaluating on the validation split.
I0130 14:43:15.124639 140184451094336 spec.py:349] Evaluating on the test split.
I0130 14:43:16.749530 140184451094336 submission_runner.py:408] Time since start: 3630.58s, 	Step: 7483, 	{'train/accuracy': 0.2684960961341858, 'train/loss': 3.741316556930542, 'validation/accuracy': 0.25015997886657715, 'validation/loss': 3.8385329246520996, 'validation/num_examples': 50000, 'test/accuracy': 0.19110001623630524, 'test/loss': 4.25723123550415, 'test/num_examples': 10000, 'score': 3404.61616230011, 'total_duration': 3630.5774047374725, 'accumulated_submission_time': 3404.61616230011, 'accumulated_eval_time': 225.34209632873535, 'accumulated_logging_time': 0.2349696159362793}
I0130 14:43:16.772625 139990499587840 logging_writer.py:48] [7483] accumulated_eval_time=225.342096, accumulated_logging_time=0.234970, accumulated_submission_time=3404.616162, global_step=7483, preemption_count=0, score=3404.616162, test/accuracy=0.191100, test/loss=4.257231, test/num_examples=10000, total_duration=3630.577405, train/accuracy=0.268496, train/loss=3.741317, validation/accuracy=0.250160, validation/loss=3.838533, validation/num_examples=50000
I0130 14:43:24.185123 139990491195136 logging_writer.py:48] [7500] global_step=7500, grad_norm=1.7215838432312012, loss=4.823868274688721
I0130 14:44:05.817435 139990499587840 logging_writer.py:48] [7600] global_step=7600, grad_norm=1.7119688987731934, loss=4.730626106262207
I0130 14:44:50.854017 139990491195136 logging_writer.py:48] [7700] global_step=7700, grad_norm=1.6416105031967163, loss=4.914402961730957
I0130 14:45:36.034918 139990499587840 logging_writer.py:48] [7800] global_step=7800, grad_norm=1.5059642791748047, loss=4.772788047790527
I0130 14:46:21.209088 139990491195136 logging_writer.py:48] [7900] global_step=7900, grad_norm=1.1783407926559448, loss=5.76662540435791
I0130 14:47:06.446301 139990499587840 logging_writer.py:48] [8000] global_step=8000, grad_norm=1.9468117952346802, loss=4.816465854644775
I0130 14:47:51.606664 139990491195136 logging_writer.py:48] [8100] global_step=8100, grad_norm=1.5175256729125977, loss=4.876980781555176
I0130 14:48:36.913103 139990499587840 logging_writer.py:48] [8200] global_step=8200, grad_norm=1.594990849494934, loss=4.983175754547119
I0130 14:49:21.934156 139990491195136 logging_writer.py:48] [8300] global_step=8300, grad_norm=1.5380440950393677, loss=4.767671585083008
I0130 14:50:07.186121 139990499587840 logging_writer.py:48] [8400] global_step=8400, grad_norm=1.4212690591812134, loss=5.963482856750488
I0130 14:50:16.913456 140184451094336 spec.py:321] Evaluating on the training split.
I0130 14:50:28.763100 140184451094336 spec.py:333] Evaluating on the validation split.
I0130 14:50:40.286279 140184451094336 spec.py:349] Evaluating on the test split.
I0130 14:50:41.894946 140184451094336 submission_runner.py:408] Time since start: 4075.72s, 	Step: 8423, 	{'train/accuracy': 0.31019529700279236, 'train/loss': 3.4238476753234863, 'validation/accuracy': 0.2865000069141388, 'validation/loss': 3.551166534423828, 'validation/num_examples': 50000, 'test/accuracy': 0.22040000557899475, 'test/loss': 4.016154766082764, 'test/num_examples': 10000, 'score': 3824.698988676071, 'total_duration': 4075.722831964493, 'accumulated_submission_time': 3824.698988676071, 'accumulated_eval_time': 250.32358050346375, 'accumulated_logging_time': 0.2688426971435547}
I0130 14:50:41.913730 139990491195136 logging_writer.py:48] [8423] accumulated_eval_time=250.323581, accumulated_logging_time=0.268843, accumulated_submission_time=3824.698989, global_step=8423, preemption_count=0, score=3824.698989, test/accuracy=0.220400, test/loss=4.016155, test/num_examples=10000, total_duration=4075.722832, train/accuracy=0.310195, train/loss=3.423848, validation/accuracy=0.286500, validation/loss=3.551167, validation/num_examples=50000
I0130 14:51:13.097325 139990499587840 logging_writer.py:48] [8500] global_step=8500, grad_norm=1.5768166780471802, loss=4.964874744415283
I0130 14:51:58.038055 139990491195136 logging_writer.py:48] [8600] global_step=8600, grad_norm=1.6908015012741089, loss=4.5881757736206055
I0130 14:52:43.535900 139990499587840 logging_writer.py:48] [8700] global_step=8700, grad_norm=1.3443337678909302, loss=5.793058395385742
I0130 14:53:29.410499 139990491195136 logging_writer.py:48] [8800] global_step=8800, grad_norm=1.7369377613067627, loss=4.562419414520264
I0130 14:54:14.535802 139990499587840 logging_writer.py:48] [8900] global_step=8900, grad_norm=1.246155858039856, loss=5.766653060913086
I0130 14:54:59.617553 139990491195136 logging_writer.py:48] [9000] global_step=9000, grad_norm=1.203993797302246, loss=6.206511497497559
I0130 14:55:44.834206 139990499587840 logging_writer.py:48] [9100] global_step=9100, grad_norm=1.0742594003677368, loss=6.216817855834961
I0130 14:56:30.041675 139990491195136 logging_writer.py:48] [9200] global_step=9200, grad_norm=1.6162848472595215, loss=4.468288898468018
I0130 14:57:14.786592 139990499587840 logging_writer.py:48] [9300] global_step=9300, grad_norm=1.1930478811264038, loss=5.396079063415527
I0130 14:57:41.896651 140184451094336 spec.py:321] Evaluating on the training split.
I0130 14:57:53.989781 140184451094336 spec.py:333] Evaluating on the validation split.
I0130 14:58:07.617878 140184451094336 spec.py:349] Evaluating on the test split.
I0130 14:58:09.241576 140184451094336 submission_runner.py:408] Time since start: 4523.07s, 	Step: 9362, 	{'train/accuracy': 0.36613279581069946, 'train/loss': 3.119126558303833, 'validation/accuracy': 0.3231000006198883, 'validation/loss': 3.3199212551116943, 'validation/num_examples': 50000, 'test/accuracy': 0.25030001997947693, 'test/loss': 3.823859453201294, 'test/num_examples': 10000, 'score': 4244.6240670681, 'total_duration': 4523.069453001022, 'accumulated_submission_time': 4244.6240670681, 'accumulated_eval_time': 277.6685001850128, 'accumulated_logging_time': 0.29800844192504883}
I0130 14:58:09.268560 139990491195136 logging_writer.py:48] [9362] accumulated_eval_time=277.668500, accumulated_logging_time=0.298008, accumulated_submission_time=4244.624067, global_step=9362, preemption_count=0, score=4244.624067, test/accuracy=0.250300, test/loss=3.823859, test/num_examples=10000, total_duration=4523.069453, train/accuracy=0.366133, train/loss=3.119127, validation/accuracy=0.323100, validation/loss=3.319921, validation/num_examples=50000
I0130 14:58:24.916217 139990499587840 logging_writer.py:48] [9400] global_step=9400, grad_norm=1.8013845682144165, loss=4.77291202545166
I0130 14:59:07.621220 139990491195136 logging_writer.py:48] [9500] global_step=9500, grad_norm=1.3697007894515991, loss=5.024934768676758
I0130 14:59:52.556452 139990499587840 logging_writer.py:48] [9600] global_step=9600, grad_norm=1.5129890441894531, loss=4.463255882263184
I0130 15:00:37.891556 139990491195136 logging_writer.py:48] [9700] global_step=9700, grad_norm=1.3071892261505127, loss=5.316513538360596
I0130 15:01:23.425121 139990499587840 logging_writer.py:48] [9800] global_step=9800, grad_norm=1.6287689208984375, loss=4.433424949645996
I0130 15:02:09.019140 139990491195136 logging_writer.py:48] [9900] global_step=9900, grad_norm=1.6824418306350708, loss=4.666973114013672
I0130 15:02:54.221564 139990499587840 logging_writer.py:48] [10000] global_step=10000, grad_norm=1.2442213296890259, loss=5.618276596069336
I0130 15:03:39.667747 139990491195136 logging_writer.py:48] [10100] global_step=10100, grad_norm=1.8271301984786987, loss=4.4341583251953125
I0130 15:04:25.226805 139990499587840 logging_writer.py:48] [10200] global_step=10200, grad_norm=1.503998875617981, loss=4.607532501220703
I0130 15:05:09.491646 140184451094336 spec.py:321] Evaluating on the training split.
I0130 15:05:21.877479 140184451094336 spec.py:333] Evaluating on the validation split.
I0130 15:05:38.476508 140184451094336 spec.py:349] Evaluating on the test split.
I0130 15:05:40.089838 140184451094336 submission_runner.py:408] Time since start: 4973.92s, 	Step: 10299, 	{'train/accuracy': 0.3646875023841858, 'train/loss': 3.0610296726226807, 'validation/accuracy': 0.3439199924468994, 'validation/loss': 3.1753134727478027, 'validation/num_examples': 50000, 'test/accuracy': 0.26570001244544983, 'test/loss': 3.6979408264160156, 'test/num_examples': 10000, 'score': 4664.77720451355, 'total_duration': 4973.9177231788635, 'accumulated_submission_time': 4664.77720451355, 'accumulated_eval_time': 308.2666883468628, 'accumulated_logging_time': 0.3484940528869629}
I0130 15:05:40.108911 139990491195136 logging_writer.py:48] [10299] accumulated_eval_time=308.266688, accumulated_logging_time=0.348494, accumulated_submission_time=4664.777205, global_step=10299, preemption_count=0, score=4664.777205, test/accuracy=0.265700, test/loss=3.697941, test/num_examples=10000, total_duration=4973.917723, train/accuracy=0.364688, train/loss=3.061030, validation/accuracy=0.343920, validation/loss=3.175313, validation/num_examples=50000
I0130 15:05:40.921339 139990499587840 logging_writer.py:48] [10300] global_step=10300, grad_norm=1.635239839553833, loss=4.410063743591309
I0130 15:06:21.675345 139990491195136 logging_writer.py:48] [10400] global_step=10400, grad_norm=1.89126718044281, loss=4.2357072830200195
I0130 15:07:07.157973 139990499587840 logging_writer.py:48] [10500] global_step=10500, grad_norm=1.8231927156448364, loss=4.313989162445068
I0130 15:07:52.337008 139990491195136 logging_writer.py:48] [10600] global_step=10600, grad_norm=1.055945873260498, loss=5.672284126281738
I0130 15:08:37.159781 139990499587840 logging_writer.py:48] [10700] global_step=10700, grad_norm=1.1102499961853027, loss=5.811826229095459
I0130 15:09:22.535685 139990491195136 logging_writer.py:48] [10800] global_step=10800, grad_norm=1.5117419958114624, loss=4.309699058532715
I0130 15:10:07.651640 139990499587840 logging_writer.py:48] [10900] global_step=10900, grad_norm=1.4092563390731812, loss=4.656362056732178
I0130 15:10:52.988844 139990491195136 logging_writer.py:48] [11000] global_step=11000, grad_norm=1.7270973920822144, loss=4.487980842590332
I0130 15:11:38.272550 139990499587840 logging_writer.py:48] [11100] global_step=11100, grad_norm=1.350661277770996, loss=4.459987640380859
I0130 15:12:23.919881 139990491195136 logging_writer.py:48] [11200] global_step=11200, grad_norm=1.2337387800216675, loss=5.477513790130615
I0130 15:12:40.542088 140184451094336 spec.py:321] Evaluating on the training split.
I0130 15:12:52.978986 140184451094336 spec.py:333] Evaluating on the validation split.
I0130 15:13:06.707686 140184451094336 spec.py:349] Evaluating on the test split.
I0130 15:13:08.321800 140184451094336 submission_runner.py:408] Time since start: 5422.15s, 	Step: 11238, 	{'train/accuracy': 0.3969140648841858, 'train/loss': 2.903132915496826, 'validation/accuracy': 0.3653799891471863, 'validation/loss': 3.0522048473358154, 'validation/num_examples': 50000, 'test/accuracy': 0.2824000120162964, 'test/loss': 3.593581438064575, 'test/num_examples': 10000, 'score': 5085.150776386261, 'total_duration': 5422.149684429169, 'accumulated_submission_time': 5085.150776386261, 'accumulated_eval_time': 336.04639506340027, 'accumulated_logging_time': 0.37902069091796875}
I0130 15:13:08.345374 139990499587840 logging_writer.py:48] [11238] accumulated_eval_time=336.046395, accumulated_logging_time=0.379021, accumulated_submission_time=5085.150776, global_step=11238, preemption_count=0, score=5085.150776, test/accuracy=0.282400, test/loss=3.593581, test/num_examples=10000, total_duration=5422.149684, train/accuracy=0.396914, train/loss=2.903133, validation/accuracy=0.365380, validation/loss=3.052205, validation/num_examples=50000
I0130 15:13:33.519495 139990491195136 logging_writer.py:48] [11300] global_step=11300, grad_norm=1.4619601964950562, loss=4.178302764892578
I0130 15:14:17.936077 139990499587840 logging_writer.py:48] [11400] global_step=11400, grad_norm=1.4362716674804688, loss=5.077298641204834
I0130 15:15:03.350046 139990491195136 logging_writer.py:48] [11500] global_step=11500, grad_norm=1.3588887453079224, loss=4.444948673248291
I0130 15:15:48.406979 139990499587840 logging_writer.py:48] [11600] global_step=11600, grad_norm=1.6400268077850342, loss=4.445829391479492
I0130 15:16:33.777486 139990491195136 logging_writer.py:48] [11700] global_step=11700, grad_norm=1.4262182712554932, loss=4.253189563751221
I0130 15:17:19.130615 139990499587840 logging_writer.py:48] [11800] global_step=11800, grad_norm=1.7124263048171997, loss=4.2555060386657715
I0130 15:18:04.092379 139990491195136 logging_writer.py:48] [11900] global_step=11900, grad_norm=1.6147722005844116, loss=4.159179210662842
I0130 15:18:48.850922 139990499587840 logging_writer.py:48] [12000] global_step=12000, grad_norm=1.3558157682418823, loss=4.661101341247559
I0130 15:19:34.024292 139990491195136 logging_writer.py:48] [12100] global_step=12100, grad_norm=1.403770923614502, loss=4.27171516418457
I0130 15:20:08.347383 140184451094336 spec.py:321] Evaluating on the training split.
I0130 15:20:20.755342 140184451094336 spec.py:333] Evaluating on the validation split.
I0130 15:20:34.570461 140184451094336 spec.py:349] Evaluating on the test split.
I0130 15:20:36.189408 140184451094336 submission_runner.py:408] Time since start: 5870.02s, 	Step: 12177, 	{'train/accuracy': 0.4346679449081421, 'train/loss': 2.682563304901123, 'validation/accuracy': 0.3948400020599365, 'validation/loss': 2.876403570175171, 'validation/num_examples': 50000, 'test/accuracy': 0.3043000102043152, 'test/loss': 3.4292190074920654, 'test/num_examples': 10000, 'score': 5505.0947265625, 'total_duration': 5870.017268896103, 'accumulated_submission_time': 5505.0947265625, 'accumulated_eval_time': 363.88840103149414, 'accumulated_logging_time': 0.41297030448913574}
I0130 15:20:36.209868 139990499587840 logging_writer.py:48] [12177] accumulated_eval_time=363.888401, accumulated_logging_time=0.412970, accumulated_submission_time=5505.094727, global_step=12177, preemption_count=0, score=5505.094727, test/accuracy=0.304300, test/loss=3.429219, test/num_examples=10000, total_duration=5870.017269, train/accuracy=0.434668, train/loss=2.682563, validation/accuracy=0.394840, validation/loss=2.876404, validation/num_examples=50000
I0130 15:20:45.829879 139990491195136 logging_writer.py:48] [12200] global_step=12200, grad_norm=1.7914388179779053, loss=4.367741584777832
I0130 15:21:27.817392 139990499587840 logging_writer.py:48] [12300] global_step=12300, grad_norm=1.0961722135543823, loss=6.067523956298828
I0130 15:22:13.769629 139990491195136 logging_writer.py:48] [12400] global_step=12400, grad_norm=1.0946519374847412, loss=5.209117889404297
I0130 15:22:59.526216 139990499587840 logging_writer.py:48] [12500] global_step=12500, grad_norm=1.070637583732605, loss=5.784761428833008
I0130 15:23:44.711503 139990491195136 logging_writer.py:48] [12600] global_step=12600, grad_norm=1.610099196434021, loss=4.13007116317749
I0130 15:24:29.815311 139990499587840 logging_writer.py:48] [12700] global_step=12700, grad_norm=1.2522200345993042, loss=5.2811994552612305
I0130 15:25:15.277993 139990491195136 logging_writer.py:48] [12800] global_step=12800, grad_norm=1.3460503816604614, loss=4.543999671936035
I0130 15:26:00.372352 139990499587840 logging_writer.py:48] [12900] global_step=12900, grad_norm=1.1771042346954346, loss=5.742062568664551
I0130 15:26:45.862488 139990491195136 logging_writer.py:48] [13000] global_step=13000, grad_norm=1.2454949617385864, loss=5.245078086853027
I0130 15:27:31.021383 139990499587840 logging_writer.py:48] [13100] global_step=13100, grad_norm=1.5202600955963135, loss=4.191991806030273
I0130 15:27:36.591050 140184451094336 spec.py:321] Evaluating on the training split.
I0130 15:27:49.599076 140184451094336 spec.py:333] Evaluating on the validation split.
I0130 15:28:04.783356 140184451094336 spec.py:349] Evaluating on the test split.
I0130 15:28:06.395312 140184451094336 submission_runner.py:408] Time since start: 6320.22s, 	Step: 13114, 	{'train/accuracy': 0.4341992139816284, 'train/loss': 2.6847686767578125, 'validation/accuracy': 0.40498000383377075, 'validation/loss': 2.8233370780944824, 'validation/num_examples': 50000, 'test/accuracy': 0.32040002942085266, 'test/loss': 3.36568021774292, 'test/num_examples': 10000, 'score': 5925.405028104782, 'total_duration': 6320.223189115524, 'accumulated_submission_time': 5925.405028104782, 'accumulated_eval_time': 393.6926965713501, 'accumulated_logging_time': 0.45781588554382324}
I0130 15:28:06.418959 139990491195136 logging_writer.py:48] [13114] accumulated_eval_time=393.692697, accumulated_logging_time=0.457816, accumulated_submission_time=5925.405028, global_step=13114, preemption_count=0, score=5925.405028, test/accuracy=0.320400, test/loss=3.365680, test/num_examples=10000, total_duration=6320.223189, train/accuracy=0.434199, train/loss=2.684769, validation/accuracy=0.404980, validation/loss=2.823337, validation/num_examples=50000
I0130 15:28:41.344311 139990499587840 logging_writer.py:48] [13200] global_step=13200, grad_norm=0.9956525564193726, loss=6.068511009216309
I0130 15:29:26.984318 139990491195136 logging_writer.py:48] [13300] global_step=13300, grad_norm=1.6473357677459717, loss=4.0821685791015625
I0130 15:30:12.486581 139990499587840 logging_writer.py:48] [13400] global_step=13400, grad_norm=1.4816638231277466, loss=4.161062717437744
I0130 15:30:58.452952 139990491195136 logging_writer.py:48] [13500] global_step=13500, grad_norm=1.874664306640625, loss=4.086776256561279
I0130 15:31:44.397880 139990499587840 logging_writer.py:48] [13600] global_step=13600, grad_norm=1.4722614288330078, loss=4.088231563568115
I0130 15:32:30.118424 139990491195136 logging_writer.py:48] [13700] global_step=13700, grad_norm=1.5021841526031494, loss=4.077174186706543
I0130 15:33:16.015475 139990499587840 logging_writer.py:48] [13800] global_step=13800, grad_norm=1.1629490852355957, loss=5.641823768615723
I0130 15:34:01.254909 139990491195136 logging_writer.py:48] [13900] global_step=13900, grad_norm=1.4029713869094849, loss=4.061066627502441
I0130 15:34:46.592357 139990499587840 logging_writer.py:48] [14000] global_step=14000, grad_norm=0.9028776288032532, loss=5.964545726776123
I0130 15:35:06.717616 140184451094336 spec.py:321] Evaluating on the training split.
I0130 15:35:20.073815 140184451094336 spec.py:333] Evaluating on the validation split.
I0130 15:35:33.977499 140184451094336 spec.py:349] Evaluating on the test split.
I0130 15:35:35.590300 140184451094336 submission_runner.py:408] Time since start: 6769.42s, 	Step: 14045, 	{'train/accuracy': 0.4446093738079071, 'train/loss': 2.6638307571411133, 'validation/accuracy': 0.4107399880886078, 'validation/loss': 2.8218674659729004, 'validation/num_examples': 50000, 'test/accuracy': 0.3206000030040741, 'test/loss': 3.385582685470581, 'test/num_examples': 10000, 'score': 6345.643961429596, 'total_duration': 6769.418182611465, 'accumulated_submission_time': 6345.643961429596, 'accumulated_eval_time': 422.5653555393219, 'accumulated_logging_time': 0.495150089263916}
I0130 15:35:35.612496 139990491195136 logging_writer.py:48] [14045] accumulated_eval_time=422.565356, accumulated_logging_time=0.495150, accumulated_submission_time=6345.643961, global_step=14045, preemption_count=0, score=6345.643961, test/accuracy=0.320600, test/loss=3.385583, test/num_examples=10000, total_duration=6769.418183, train/accuracy=0.444609, train/loss=2.663831, validation/accuracy=0.410740, validation/loss=2.821867, validation/num_examples=50000
I0130 15:35:58.010504 139990499587840 logging_writer.py:48] [14100] global_step=14100, grad_norm=1.4328705072402954, loss=4.076382637023926
I0130 15:36:42.425700 139990491195136 logging_writer.py:48] [14200] global_step=14200, grad_norm=1.5900918245315552, loss=4.043241500854492
I0130 15:37:28.410652 139990499587840 logging_writer.py:48] [14300] global_step=14300, grad_norm=1.536202073097229, loss=4.08493185043335
I0130 15:38:14.436918 139990491195136 logging_writer.py:48] [14400] global_step=14400, grad_norm=1.3548963069915771, loss=4.152199745178223
I0130 15:39:00.464163 139990499587840 logging_writer.py:48] [14500] global_step=14500, grad_norm=1.375208854675293, loss=4.0445556640625
I0130 15:39:45.684066 139990491195136 logging_writer.py:48] [14600] global_step=14600, grad_norm=1.1663734912872314, loss=4.38067626953125
I0130 15:40:31.290524 139990499587840 logging_writer.py:48] [14700] global_step=14700, grad_norm=0.9381045699119568, loss=5.620486259460449
I0130 15:41:17.105767 139990491195136 logging_writer.py:48] [14800] global_step=14800, grad_norm=1.1366358995437622, loss=5.544763088226318
I0130 15:42:03.065485 139990499587840 logging_writer.py:48] [14900] global_step=14900, grad_norm=1.1665502786636353, loss=4.860767364501953
I0130 15:42:35.649638 140184451094336 spec.py:321] Evaluating on the training split.
I0130 15:42:48.413433 140184451094336 spec.py:333] Evaluating on the validation split.
I0130 15:43:02.877653 140184451094336 spec.py:349] Evaluating on the test split.
I0130 15:43:04.487747 140184451094336 submission_runner.py:408] Time since start: 7218.32s, 	Step: 14974, 	{'train/accuracy': 0.4664062261581421, 'train/loss': 2.4795210361480713, 'validation/accuracy': 0.4297599792480469, 'validation/loss': 2.666552782058716, 'validation/num_examples': 50000, 'test/accuracy': 0.33500000834465027, 'test/loss': 3.2387516498565674, 'test/num_examples': 10000, 'score': 6765.623802185059, 'total_duration': 7218.315635204315, 'accumulated_submission_time': 6765.623802185059, 'accumulated_eval_time': 451.4034585952759, 'accumulated_logging_time': 0.5285844802856445}
I0130 15:43:04.507300 139990491195136 logging_writer.py:48] [14974] accumulated_eval_time=451.403459, accumulated_logging_time=0.528584, accumulated_submission_time=6765.623802, global_step=14974, preemption_count=0, score=6765.623802, test/accuracy=0.335000, test/loss=3.238752, test/num_examples=10000, total_duration=7218.315635, train/accuracy=0.466406, train/loss=2.479521, validation/accuracy=0.429760, validation/loss=2.666553, validation/num_examples=50000
I0130 15:43:15.509136 139990499587840 logging_writer.py:48] [15000] global_step=15000, grad_norm=0.9825131297111511, loss=5.072032451629639
I0130 15:43:58.033548 139990491195136 logging_writer.py:48] [15100] global_step=15100, grad_norm=1.4970546960830688, loss=4.070737361907959
I0130 15:44:43.551872 139990499587840 logging_writer.py:48] [15200] global_step=15200, grad_norm=1.0155032873153687, loss=5.94342041015625
I0130 15:45:29.057210 139990491195136 logging_writer.py:48] [15300] global_step=15300, grad_norm=1.3331108093261719, loss=4.044200420379639
I0130 15:46:14.475103 139990499587840 logging_writer.py:48] [15400] global_step=15400, grad_norm=1.6053345203399658, loss=4.259178161621094
I0130 15:47:00.001780 139990491195136 logging_writer.py:48] [15500] global_step=15500, grad_norm=1.4205092191696167, loss=4.136560440063477
I0130 15:47:45.433106 139990499587840 logging_writer.py:48] [15600] global_step=15600, grad_norm=1.0868995189666748, loss=5.037866115570068
I0130 15:48:30.950235 139990491195136 logging_writer.py:48] [15700] global_step=15700, grad_norm=1.8385627269744873, loss=3.9477410316467285
I0130 15:49:16.476523 139990499587840 logging_writer.py:48] [15800] global_step=15800, grad_norm=1.3663662672042847, loss=3.904937982559204
