I0131 10:56:26.870988 139990491195136 logging_writer.py:48] [156800] global_step=156800, grad_norm=3.903381824493408, loss=2.3714494705200195
I0131 10:57:12.671216 139990499587840 logging_writer.py:48] [156900] global_step=156900, grad_norm=3.984405040740967, loss=3.373422145843506
I0131 10:57:58.290862 139990491195136 logging_writer.py:48] [157000] global_step=157000, grad_norm=4.704190254211426, loss=4.3804612159729
I0131 10:58:43.206106 140184451094336 spec.py:321] Evaluating on the training split.
I0131 10:58:53.784365 140184451094336 spec.py:333] Evaluating on the validation split.
I0131 10:59:15.662838 140184451094336 spec.py:349] Evaluating on the test split.
I0131 10:59:17.284503 140184451094336 submission_runner.py:408] Time since start: 76591.11s, 	Step: 157100, 	{'train/accuracy': 0.8145312070846558, 'train/loss': 0.8163199424743652, 'validation/accuracy': 0.7399199604988098, 'validation/loss': 1.1327764987945557, 'validation/num_examples': 50000, 'test/accuracy': 0.6218000054359436, 'test/loss': 1.7313672304153442, 'test/num_examples': 10000, 'score': 71046.6845676899, 'total_duration': 76591.11240267754, 'accumulated_submission_time': 71046.6845676899, 'accumulated_eval_time': 5529.437774181366, 'accumulated_logging_time': 7.078781843185425}
I0131 10:59:17.326856 139990499587840 logging_writer.py:48] [157100] accumulated_eval_time=5529.437774, accumulated_logging_time=7.078782, accumulated_submission_time=71046.684568, global_step=157100, preemption_count=0, score=71046.684568, test/accuracy=0.621800, test/loss=1.731367, test/num_examples=10000, total_duration=76591.112403, train/accuracy=0.814531, train/loss=0.816320, validation/accuracy=0.739920, validation/loss=1.132776, validation/num_examples=50000
I0131 10:59:17.735405 139990491195136 logging_writer.py:48] [157100] global_step=157100, grad_norm=4.222475051879883, loss=2.3870272636413574
I0131 10:59:58.563334 139990499587840 logging_writer.py:48] [157200] global_step=157200, grad_norm=4.126521110534668, loss=2.392216444015503
I0131 11:00:43.988656 139990491195136 logging_writer.py:48] [157300] global_step=157300, grad_norm=3.997830629348755, loss=3.687790632247925
I0131 11:01:30.383527 139990499587840 logging_writer.py:48] [157400] global_step=157400, grad_norm=4.0265116691589355, loss=3.1107945442199707
I0131 11:02:16.049563 139990491195136 logging_writer.py:48] [157500] global_step=157500, grad_norm=3.9344606399536133, loss=3.236030101776123
I0131 11:03:01.674567 139990499587840 logging_writer.py:48] [157600] global_step=157600, grad_norm=4.126699447631836, loss=2.7360267639160156
I0131 11:03:47.813201 139990491195136 logging_writer.py:48] [157700] global_step=157700, grad_norm=4.219270706176758, loss=3.6123785972595215
I0131 11:04:33.363913 139990499587840 logging_writer.py:48] [157800] global_step=157800, grad_norm=4.155362606048584, loss=2.3719587326049805
I0131 11:05:19.293200 139990491195136 logging_writer.py:48] [157900] global_step=157900, grad_norm=5.174490451812744, loss=4.36675500869751
I0131 11:06:05.081723 139990499587840 logging_writer.py:48] [158000] global_step=158000, grad_norm=4.134871006011963, loss=3.3186774253845215
I0131 11:06:17.477457 140184451094336 spec.py:321] Evaluating on the training split.
I0131 11:06:27.841728 140184451094336 spec.py:333] Evaluating on the validation split.
I0131 11:06:50.266027 140184451094336 spec.py:349] Evaluating on the test split.
I0131 11:06:51.866387 140184451094336 submission_runner.py:408] Time since start: 77045.69s, 	Step: 158029, 	{'train/accuracy': 0.8168163895606995, 'train/loss': 0.8214466571807861, 'validation/accuracy': 0.7429199814796448, 'validation/loss': 1.1342238187789917, 'validation/num_examples': 50000, 'test/accuracy': 0.6199000477790833, 'test/loss': 1.7298482656478882, 'test/num_examples': 10000, 'score': 71466.77744364738, 'total_duration': 77045.694283247, 'accumulated_submission_time': 71466.77744364738, 'accumulated_eval_time': 5563.826683521271, 'accumulated_logging_time': 7.130944013595581}
I0131 11:06:51.909031 139990491195136 logging_writer.py:48] [158029] accumulated_eval_time=5563.826684, accumulated_logging_time=7.130944, accumulated_submission_time=71466.777444, global_step=158029, preemption_count=0, score=71466.777444, test/accuracy=0.619900, test/loss=1.729848, test/num_examples=10000, total_duration=77045.694283, train/accuracy=0.816816, train/loss=0.821447, validation/accuracy=0.742920, validation/loss=1.134224, validation/num_examples=50000
I0131 11:07:20.686425 139990499587840 logging_writer.py:48] [158100] global_step=158100, grad_norm=4.668417453765869, loss=2.503028631210327
I0131 11:08:05.547411 139990491195136 logging_writer.py:48] [158200] global_step=158200, grad_norm=5.0042724609375, loss=4.416528701782227
I0131 11:08:51.438302 139990499587840 logging_writer.py:48] [158300] global_step=158300, grad_norm=4.486215114593506, loss=2.404064178466797
I0131 11:09:36.882229 139990491195136 logging_writer.py:48] [158400] global_step=158400, grad_norm=3.9748458862304688, loss=3.6112847328186035
I0131 11:10:22.627082 139990499587840 logging_writer.py:48] [158500] global_step=158500, grad_norm=5.250807762145996, loss=4.334778308868408
I0131 11:11:08.693240 139990491195136 logging_writer.py:48] [158600] global_step=158600, grad_norm=4.5475850105285645, loss=2.6251015663146973
I0131 11:11:54.554044 139990499587840 logging_writer.py:48] [158700] global_step=158700, grad_norm=3.8457298278808594, loss=2.485665798187256
I0131 11:12:40.189946 139990491195136 logging_writer.py:48] [158800] global_step=158800, grad_norm=3.9004647731781006, loss=2.3857901096343994
I0131 11:13:26.019121 139990499587840 logging_writer.py:48] [158900] global_step=158900, grad_norm=4.4556660652160645, loss=2.4012444019317627
I0131 11:13:52.094775 140184451094336 spec.py:321] Evaluating on the training split.
I0131 11:14:02.539292 140184451094336 spec.py:333] Evaluating on the validation split.
I0131 11:14:24.624301 140184451094336 spec.py:349] Evaluating on the test split.
I0131 11:14:26.223040 140184451094336 submission_runner.py:408] Time since start: 77500.05s, 	Step: 158959, 	{'train/accuracy': 0.823535144329071, 'train/loss': 0.7854181528091431, 'validation/accuracy': 0.7455799579620361, 'validation/loss': 1.114540696144104, 'validation/num_examples': 50000, 'test/accuracy': 0.6255000233650208, 'test/loss': 1.7001981735229492, 'test/num_examples': 10000, 'score': 71886.9072842598, 'total_duration': 77500.05093717575, 'accumulated_submission_time': 71886.9072842598, 'accumulated_eval_time': 5597.954945802689, 'accumulated_logging_time': 7.182467699050903}
I0131 11:14:26.262580 139990491195136 logging_writer.py:48] [158959] accumulated_eval_time=5597.954946, accumulated_logging_time=7.182468, accumulated_submission_time=71886.907284, global_step=158959, preemption_count=0, score=71886.907284, test/accuracy=0.625500, test/loss=1.700198, test/num_examples=10000, total_duration=77500.050937, train/accuracy=0.823535, train/loss=0.785418, validation/accuracy=0.745580, validation/loss=1.114541, validation/num_examples=50000
I0131 11:14:43.063131 139990499587840 logging_writer.py:48] [159000] global_step=159000, grad_norm=3.959411859512329, loss=2.273609161376953
I0131 11:15:25.898397 139990491195136 logging_writer.py:48] [159100] global_step=159100, grad_norm=4.183597087860107, loss=3.8059167861938477
I0131 11:16:11.551459 139990499587840 logging_writer.py:48] [159200] global_step=159200, grad_norm=4.258070945739746, loss=4.145602703094482
I0131 11:16:57.087138 139990491195136 logging_writer.py:48] [159300] global_step=159300, grad_norm=4.52512264251709, loss=2.4445583820343018
I0131 11:17:42.775764 139990499587840 logging_writer.py:48] [159400] global_step=159400, grad_norm=4.353348255157471, loss=2.494079113006592
I0131 11:18:28.657543 139990491195136 logging_writer.py:48] [159500] global_step=159500, grad_norm=4.580502033233643, loss=2.522879123687744
I0131 11:19:14.487754 139990499587840 logging_writer.py:48] [159600] global_step=159600, grad_norm=4.390028953552246, loss=2.414738178253174
I0131 11:20:00.070545 139990491195136 logging_writer.py:48] [159700] global_step=159700, grad_norm=4.018033504486084, loss=3.2757575511932373
I0131 11:20:45.717578 139990499587840 logging_writer.py:48] [159800] global_step=159800, grad_norm=4.794394016265869, loss=3.315114974975586
I0131 11:21:26.260242 140184451094336 spec.py:321] Evaluating on the training split.
I0131 11:21:36.836278 140184451094336 spec.py:333] Evaluating on the validation split.
I0131 11:21:58.842262 140184451094336 spec.py:349] Evaluating on the test split.
I0131 11:22:00.446468 140184451094336 submission_runner.py:408] Time since start: 77954.27s, 	Step: 159890, 	{'train/accuracy': 0.8223828077316284, 'train/loss': 0.7984592914581299, 'validation/accuracy': 0.7449600100517273, 'validation/loss': 1.1174359321594238, 'validation/num_examples': 50000, 'test/accuracy': 0.6300000548362732, 'test/loss': 1.702431082725525, 'test/num_examples': 10000, 'score': 72306.84834432602, 'total_duration': 77954.27435541153, 'accumulated_submission_time': 72306.84834432602, 'accumulated_eval_time': 5632.141172647476, 'accumulated_logging_time': 7.231976747512817}
I0131 11:22:00.492836 139990491195136 logging_writer.py:48] [159890] accumulated_eval_time=5632.141173, accumulated_logging_time=7.231977, accumulated_submission_time=72306.848344, global_step=159890, preemption_count=0, score=72306.848344, test/accuracy=0.630000, test/loss=1.702431, test/num_examples=10000, total_duration=77954.274355, train/accuracy=0.822383, train/loss=0.798459, validation/accuracy=0.744960, validation/loss=1.117436, validation/num_examples=50000
I0131 11:22:04.897741 139990499587840 logging_writer.py:48] [159900] global_step=159900, grad_norm=4.633045196533203, loss=2.367496967315674
I0131 11:22:46.140243 139990491195136 logging_writer.py:48] [160000] global_step=160000, grad_norm=5.114899158477783, loss=4.089269638061523
I0131 11:23:31.879805 139990499587840 logging_writer.py:48] [160100] global_step=160100, grad_norm=4.528280258178711, loss=2.4150118827819824
I0131 11:24:17.934615 139990491195136 logging_writer.py:48] [160200] global_step=160200, grad_norm=4.8669843673706055, loss=2.3738186359405518
I0131 11:25:03.622332 139990499587840 logging_writer.py:48] [160300] global_step=160300, grad_norm=4.452373504638672, loss=2.390115261077881
I0131 11:25:49.339084 139990491195136 logging_writer.py:48] [160400] global_step=160400, grad_norm=4.119550704956055, loss=2.3941023349761963
I0131 11:26:35.110670 139990499587840 logging_writer.py:48] [160500] global_step=160500, grad_norm=4.360532760620117, loss=2.3826708793640137
I0131 11:27:20.890575 139990491195136 logging_writer.py:48] [160600] global_step=160600, grad_norm=4.239888668060303, loss=2.377441167831421
I0131 11:28:06.670712 139990499587840 logging_writer.py:48] [160700] global_step=160700, grad_norm=4.499963283538818, loss=2.399127721786499
I0131 11:28:52.534823 139990491195136 logging_writer.py:48] [160800] global_step=160800, grad_norm=4.157538414001465, loss=3.436685085296631
I0131 11:29:00.536525 140184451094336 spec.py:321] Evaluating on the training split.
I0131 11:29:10.912472 140184451094336 spec.py:333] Evaluating on the validation split.
I0131 11:29:33.384965 140184451094336 spec.py:349] Evaluating on the test split.
I0131 11:29:34.997525 140184451094336 submission_runner.py:408] Time since start: 78408.83s, 	Step: 160819, 	{'train/accuracy': 0.82386714220047, 'train/loss': 0.7823898196220398, 'validation/accuracy': 0.7475000023841858, 'validation/loss': 1.1016745567321777, 'validation/num_examples': 50000, 'test/accuracy': 0.6273000240325928, 'test/loss': 1.6906828880310059, 'test/num_examples': 10000, 'score': 72726.83613228798, 'total_duration': 78408.82541036606, 'accumulated_submission_time': 72726.83613228798, 'accumulated_eval_time': 5666.60213804245, 'accumulated_logging_time': 7.287751197814941}
I0131 11:29:35.046299 139990499587840 logging_writer.py:48] [160819] accumulated_eval_time=5666.602138, accumulated_logging_time=7.287751, accumulated_submission_time=72726.836132, global_step=160819, preemption_count=0, score=72726.836132, test/accuracy=0.627300, test/loss=1.690683, test/num_examples=10000, total_duration=78408.825410, train/accuracy=0.823867, train/loss=0.782390, validation/accuracy=0.747500, validation/loss=1.101675, validation/num_examples=50000
I0131 11:30:07.837479 139990491195136 logging_writer.py:48] [160900] global_step=160900, grad_norm=4.412084102630615, loss=2.8477585315704346
I0131 11:30:53.286114 139990499587840 logging_writer.py:48] [161000] global_step=161000, grad_norm=4.57852029800415, loss=3.4393386840820312
I0131 11:31:39.156696 139990491195136 logging_writer.py:48] [161100] global_step=161100, grad_norm=4.679264068603516, loss=2.5800938606262207
I0131 11:32:25.036474 139990499587840 logging_writer.py:48] [161200] global_step=161200, grad_norm=4.221089839935303, loss=2.807621955871582
I0131 11:33:10.970211 139990491195136 logging_writer.py:48] [161300] global_step=161300, grad_norm=4.592694282531738, loss=2.3462071418762207
I0131 11:33:56.760029 139990499587840 logging_writer.py:48] [161400] global_step=161400, grad_norm=4.946259021759033, loss=3.2892045974731445
I0131 11:34:42.529209 139990491195136 logging_writer.py:48] [161500] global_step=161500, grad_norm=4.4783406257629395, loss=3.9059691429138184
I0131 11:35:28.419066 139990499587840 logging_writer.py:48] [161600] global_step=161600, grad_norm=4.479285717010498, loss=2.3431200981140137
I0131 11:36:14.215052 139990491195136 logging_writer.py:48] [161700] global_step=161700, grad_norm=4.881128311157227, loss=3.0548205375671387
I0131 11:36:35.387477 140184451094336 spec.py:321] Evaluating on the training split.
I0131 11:36:45.971280 140184451094336 spec.py:333] Evaluating on the validation split.
I0131 11:37:08.430204 140184451094336 spec.py:349] Evaluating on the test split.
I0131 11:37:10.044326 140184451094336 submission_runner.py:408] Time since start: 78863.87s, 	Step: 161748, 	{'train/accuracy': 0.8251367211341858, 'train/loss': 0.7654830813407898, 'validation/accuracy': 0.7488999962806702, 'validation/loss': 1.0918009281158447, 'validation/num_examples': 50000, 'test/accuracy': 0.6290000081062317, 'test/loss': 1.686492681503296, 'test/num_examples': 10000, 'score': 73147.12069392204, 'total_duration': 78863.87222862244, 'accumulated_submission_time': 73147.12069392204, 'accumulated_eval_time': 5701.25897192955, 'accumulated_logging_time': 7.346428871154785}
I0131 11:37:10.089161 139990499587840 logging_writer.py:48] [161748] accumulated_eval_time=5701.258972, accumulated_logging_time=7.346429, accumulated_submission_time=73147.120694, global_step=161748, preemption_count=0, score=73147.120694, test/accuracy=0.629000, test/loss=1.686493, test/num_examples=10000, total_duration=78863.872229, train/accuracy=0.825137, train/loss=0.765483, validation/accuracy=0.748900, validation/loss=1.091801, validation/num_examples=50000
I0131 11:37:31.372590 139990491195136 logging_writer.py:48] [161800] global_step=161800, grad_norm=5.855355262756348, loss=4.404886245727539
I0131 11:38:15.233171 139990499587840 logging_writer.py:48] [161900] global_step=161900, grad_norm=4.020142555236816, loss=2.7883074283599854
I0131 11:39:01.071262 139990491195136 logging_writer.py:48] [162000] global_step=162000, grad_norm=4.852241516113281, loss=3.732577323913574
I0131 11:39:47.060425 139990499587840 logging_writer.py:48] [162100] global_step=162100, grad_norm=4.345895290374756, loss=2.705768346786499
I0131 11:40:32.760335 139990491195136 logging_writer.py:48] [162200] global_step=162200, grad_norm=4.187781810760498, loss=2.4537596702575684
I0131 11:41:18.634999 139990499587840 logging_writer.py:48] [162300] global_step=162300, grad_norm=4.349236011505127, loss=2.7107174396514893
I0131 11:42:04.654976 139990491195136 logging_writer.py:48] [162400] global_step=162400, grad_norm=4.449388027191162, loss=2.2821309566497803
I0131 11:42:50.316454 139990499587840 logging_writer.py:48] [162500] global_step=162500, grad_norm=5.82417106628418, loss=4.345536231994629
I0131 11:43:35.888092 139990491195136 logging_writer.py:48] [162600] global_step=162600, grad_norm=4.110722064971924, loss=2.9181904792785645
I0131 11:44:10.081597 140184451094336 spec.py:321] Evaluating on the training split.
I0131 11:44:20.358494 140184451094336 spec.py:333] Evaluating on the validation split.
I0131 11:44:42.074926 140184451094336 spec.py:349] Evaluating on the test split.
I0131 11:44:43.675517 140184451094336 submission_runner.py:408] Time since start: 79317.50s, 	Step: 162676, 	{'train/accuracy': 0.8285351395606995, 'train/loss': 0.7643269896507263, 'validation/accuracy': 0.7503599524497986, 'validation/loss': 1.0934828519821167, 'validation/num_examples': 50000, 'test/accuracy': 0.633400022983551, 'test/loss': 1.6805967092514038, 'test/num_examples': 10000, 'score': 73567.05645251274, 'total_duration': 79317.50340890884, 'accumulated_submission_time': 73567.05645251274, 'accumulated_eval_time': 5734.852890491486, 'accumulated_logging_time': 7.401033163070679}
I0131 11:44:43.718864 139990499587840 logging_writer.py:48] [162676] accumulated_eval_time=5734.852890, accumulated_logging_time=7.401033, accumulated_submission_time=73567.056453, global_step=162676, preemption_count=0, score=73567.056453, test/accuracy=0.633400, test/loss=1.680597, test/num_examples=10000, total_duration=79317.503409, train/accuracy=0.828535, train/loss=0.764327, validation/accuracy=0.750360, validation/loss=1.093483, validation/num_examples=50000
I0131 11:44:53.724600 139990491195136 logging_writer.py:48] [162700] global_step=162700, grad_norm=5.4149651527404785, loss=3.9646596908569336
I0131 11:45:35.803924 139990499587840 logging_writer.py:48] [162800] global_step=162800, grad_norm=4.767482757568359, loss=2.924856424331665
I0131 11:46:21.837181 139990491195136 logging_writer.py:48] [162900] global_step=162900, grad_norm=4.914585590362549, loss=2.3751060962677
I0131 11:47:07.929043 139990499587840 logging_writer.py:48] [163000] global_step=163000, grad_norm=4.705143451690674, loss=3.57027530670166
I0131 11:47:53.698637 139990491195136 logging_writer.py:48] [163100] global_step=163100, grad_norm=6.094576835632324, loss=4.439189910888672
I0131 11:48:39.788039 139990499587840 logging_writer.py:48] [163200] global_step=163200, grad_norm=4.540975570678711, loss=2.333127975463867
I0131 11:49:25.648901 139990491195136 logging_writer.py:48] [163300] global_step=163300, grad_norm=4.5540595054626465, loss=3.172402858734131
I0131 11:50:11.548759 139990499587840 logging_writer.py:48] [163400] global_step=163400, grad_norm=4.649197578430176, loss=2.659557819366455
I0131 11:50:57.023583 139990491195136 logging_writer.py:48] [163500] global_step=163500, grad_norm=4.274932861328125, loss=2.298455238342285
I0131 11:51:43.160764 139990499587840 logging_writer.py:48] [163600] global_step=163600, grad_norm=4.866875648498535, loss=2.2531514167785645
I0131 11:51:43.778459 140184451094336 spec.py:321] Evaluating on the training split.
I0131 11:51:54.185592 140184451094336 spec.py:333] Evaluating on the validation split.
I0131 11:52:15.120184 140184451094336 spec.py:349] Evaluating on the test split.
I0131 11:52:16.729848 140184451094336 submission_runner.py:408] Time since start: 79770.56s, 	Step: 163603, 	{'train/accuracy': 0.8294531106948853, 'train/loss': 0.7535117268562317, 'validation/accuracy': 0.7529199719429016, 'validation/loss': 1.0765010118484497, 'validation/num_examples': 50000, 'test/accuracy': 0.6317000389099121, 'test/loss': 1.6685441732406616, 'test/num_examples': 10000, 'score': 73987.05826282501, 'total_duration': 79770.55769276619, 'accumulated_submission_time': 73987.05826282501, 'accumulated_eval_time': 5767.8042142391205, 'accumulated_logging_time': 7.45538067817688}
I0131 11:52:16.782030 139990491195136 logging_writer.py:48] [163603] accumulated_eval_time=5767.804214, accumulated_logging_time=7.455381, accumulated_submission_time=73987.058263, global_step=163603, preemption_count=0, score=73987.058263, test/accuracy=0.631700, test/loss=1.668544, test/num_examples=10000, total_duration=79770.557693, train/accuracy=0.829453, train/loss=0.753512, validation/accuracy=0.752920, validation/loss=1.076501, validation/num_examples=50000
I0131 11:52:56.813969 139990499587840 logging_writer.py:48] [163700] global_step=163700, grad_norm=4.7539777755737305, loss=2.52193021774292
I0131 11:53:42.481469 139990491195136 logging_writer.py:48] [163800] global_step=163800, grad_norm=5.778669834136963, loss=4.328885555267334
I0131 11:54:28.534243 139990499587840 logging_writer.py:48] [163900] global_step=163900, grad_norm=5.181985855102539, loss=4.120195388793945
I0131 11:55:14.301479 139990491195136 logging_writer.py:48] [164000] global_step=164000, grad_norm=4.514476776123047, loss=2.301089286804199
I0131 11:56:00.102537 139990499587840 logging_writer.py:48] [164100] global_step=164100, grad_norm=4.189593315124512, loss=2.22552227973938
I0131 11:56:46.208917 139990491195136 logging_writer.py:48] [164200] global_step=164200, grad_norm=5.011338233947754, loss=2.544616222381592
I0131 11:57:32.006507 139990499587840 logging_writer.py:48] [164300] global_step=164300, grad_norm=5.341061115264893, loss=3.6525826454162598
I0131 11:58:18.067382 139990491195136 logging_writer.py:48] [164400] global_step=164400, grad_norm=4.88178825378418, loss=2.688124656677246
I0131 11:59:03.984057 139990499587840 logging_writer.py:48] [164500] global_step=164500, grad_norm=4.758171558380127, loss=3.5602149963378906
I0131 11:59:16.798964 140184451094336 spec.py:321] Evaluating on the training split.
I0131 11:59:27.215703 140184451094336 spec.py:333] Evaluating on the validation split.
I0131 11:59:49.503827 140184451094336 spec.py:349] Evaluating on the test split.
I0131 11:59:51.103927 140184451094336 submission_runner.py:408] Time since start: 80224.93s, 	Step: 164530, 	{'train/accuracy': 0.82923823595047, 'train/loss': 0.7566958665847778, 'validation/accuracy': 0.751039981842041, 'validation/loss': 1.0820822715759277, 'validation/num_examples': 50000, 'test/accuracy': 0.6342000365257263, 'test/loss': 1.6714333295822144, 'test/num_examples': 10000, 'score': 74407.01922512054, 'total_duration': 80224.93182849884, 'accumulated_submission_time': 74407.01922512054, 'accumulated_eval_time': 5802.109175443649, 'accumulated_logging_time': 7.517110109329224}
I0131 11:59:51.145838 139990491195136 logging_writer.py:48] [164530] accumulated_eval_time=5802.109175, accumulated_logging_time=7.517110, accumulated_submission_time=74407.019225, global_step=164530, preemption_count=0, score=74407.019225, test/accuracy=0.634200, test/loss=1.671433, test/num_examples=10000, total_duration=80224.931828, train/accuracy=0.829238, train/loss=0.756696, validation/accuracy=0.751040, validation/loss=1.082082, validation/num_examples=50000
I0131 12:00:19.521361 139990499587840 logging_writer.py:48] [164600] global_step=164600, grad_norm=4.858669757843018, loss=2.1648247241973877
I0131 12:01:04.322538 139990491195136 logging_writer.py:48] [164700] global_step=164700, grad_norm=4.533074378967285, loss=3.1086137294769287
I0131 12:01:50.565687 139990499587840 logging_writer.py:48] [164800] global_step=164800, grad_norm=4.533170700073242, loss=2.279130697250366
I0131 12:02:36.515972 139990491195136 logging_writer.py:48] [164900] global_step=164900, grad_norm=4.349419593811035, loss=2.848113775253296
I0131 12:03:22.552269 139990499587840 logging_writer.py:48] [165000] global_step=165000, grad_norm=4.612374305725098, loss=2.419182062149048
I0131 12:04:08.415037 139990491195136 logging_writer.py:48] [165100] global_step=165100, grad_norm=4.4862380027771, loss=2.388485908508301
I0131 12:04:54.243501 139990499587840 logging_writer.py:48] [165200] global_step=165200, grad_norm=4.83319616317749, loss=2.376816987991333
I0131 12:05:39.898093 139990491195136 logging_writer.py:48] [165300] global_step=165300, grad_norm=5.140459060668945, loss=2.369637966156006
I0131 12:06:25.663276 139990499587840 logging_writer.py:48] [165400] global_step=165400, grad_norm=5.303359508514404, loss=3.500558614730835
I0131 12:06:51.325719 140184451094336 spec.py:321] Evaluating on the training split.
I0131 12:07:01.514208 140184451094336 spec.py:333] Evaluating on the validation split.
I0131 12:07:25.115955 140184451094336 spec.py:349] Evaluating on the test split.
I0131 12:07:26.710068 140184451094336 submission_runner.py:408] Time since start: 80680.54s, 	Step: 165458, 	{'train/accuracy': 0.8375976085662842, 'train/loss': 0.7356262803077698, 'validation/accuracy': 0.754859983921051, 'validation/loss': 1.0842537879943848, 'validation/num_examples': 50000, 'test/accuracy': 0.6332000494003296, 'test/loss': 1.685017704963684, 'test/num_examples': 10000, 'score': 74827.14331531525, 'total_duration': 80680.53797078133, 'accumulated_submission_time': 74827.14331531525, 'accumulated_eval_time': 5837.49352812767, 'accumulated_logging_time': 7.5688605308532715}
I0131 12:07:26.749704 139990491195136 logging_writer.py:48] [165458] accumulated_eval_time=5837.493528, accumulated_logging_time=7.568861, accumulated_submission_time=74827.143315, global_step=165458, preemption_count=0, score=74827.143315, test/accuracy=0.633200, test/loss=1.685018, test/num_examples=10000, total_duration=80680.537971, train/accuracy=0.837598, train/loss=0.735626, validation/accuracy=0.754860, validation/loss=1.084254, validation/num_examples=50000
I0131 12:07:43.960557 139990499587840 logging_writer.py:48] [165500] global_step=165500, grad_norm=5.258614540100098, loss=2.390932559967041
I0131 12:08:27.025683 139990491195136 logging_writer.py:48] [165600] global_step=165600, grad_norm=5.227793216705322, loss=3.403738021850586
I0131 12:09:12.764071 139990499587840 logging_writer.py:48] [165700] global_step=165700, grad_norm=5.742443561553955, loss=4.138405799865723
I0131 12:09:58.497592 139990491195136 logging_writer.py:48] [165800] global_step=165800, grad_norm=4.98813533782959, loss=2.712667226791382
I0131 12:10:44.306133 139990499587840 logging_writer.py:48] [165900] global_step=165900, grad_norm=5.144749164581299, loss=2.2780251502990723
I0131 12:11:30.092019 139990491195136 logging_writer.py:48] [166000] global_step=166000, grad_norm=4.933440208435059, loss=2.295673370361328
I0131 12:12:15.817901 139990499587840 logging_writer.py:48] [166100] global_step=166100, grad_norm=4.754571914672852, loss=2.3663039207458496
I0131 12:13:01.493526 139990491195136 logging_writer.py:48] [166200] global_step=166200, grad_norm=4.556707382202148, loss=3.0305733680725098
I0131 12:13:47.018152 139990499587840 logging_writer.py:48] [166300] global_step=166300, grad_norm=4.982768535614014, loss=3.1521878242492676
I0131 12:14:27.042721 140184451094336 spec.py:321] Evaluating on the training split.
I0131 12:14:37.639137 140184451094336 spec.py:333] Evaluating on the validation split.
I0131 12:14:59.918230 140184451094336 spec.py:349] Evaluating on the test split.
I0131 12:15:01.518530 140184451094336 submission_runner.py:408] Time since start: 81135.35s, 	Step: 166389, 	{'train/accuracy': 0.8311718702316284, 'train/loss': 0.7485712170600891, 'validation/accuracy': 0.7549999952316284, 'validation/loss': 1.0757715702056885, 'validation/num_examples': 50000, 'test/accuracy': 0.6389000415802002, 'test/loss': 1.6692404747009277, 'test/num_examples': 10000, 'score': 75247.37900185585, 'total_duration': 81135.34643173218, 'accumulated_submission_time': 75247.37900185585, 'accumulated_eval_time': 5871.969348192215, 'accumulated_logging_time': 7.618942499160767}
I0131 12:15:01.558718 139990491195136 logging_writer.py:48] [166389] accumulated_eval_time=5871.969348, accumulated_logging_time=7.618942, accumulated_submission_time=75247.379002, global_step=166389, preemption_count=0, score=75247.379002, test/accuracy=0.638900, test/loss=1.669240, test/num_examples=10000, total_duration=81135.346432, train/accuracy=0.831172, train/loss=0.748571, validation/accuracy=0.755000, validation/loss=1.075772, validation/num_examples=50000
I0131 12:15:06.358953 139990499587840 logging_writer.py:48] [166400] global_step=166400, grad_norm=4.903982162475586, loss=2.5919106006622314
I0131 12:15:47.768636 139990491195136 logging_writer.py:48] [166500] global_step=166500, grad_norm=5.336282730102539, loss=2.231478452682495
I0131 12:16:33.642769 139990499587840 logging_writer.py:48] [166600] global_step=166600, grad_norm=5.396726608276367, loss=4.113094806671143
I0131 12:17:19.589140 139990491195136 logging_writer.py:48] [166700] global_step=166700, grad_norm=5.125961780548096, loss=2.3757989406585693
I0131 12:18:05.456922 139990499587840 logging_writer.py:48] [166800] global_step=166800, grad_norm=4.501397132873535, loss=2.3535845279693604
I0131 12:18:51.390640 139990491195136 logging_writer.py:48] [166900] global_step=166900, grad_norm=5.728916645050049, loss=2.281618118286133
I0131 12:19:37.181066 139990499587840 logging_writer.py:48] [167000] global_step=167000, grad_norm=4.94627046585083, loss=2.28550124168396
I0131 12:20:22.989547 139990491195136 logging_writer.py:48] [167100] global_step=167100, grad_norm=5.108484745025635, loss=2.485382556915283
I0131 12:21:08.674659 139990499587840 logging_writer.py:48] [167200] global_step=167200, grad_norm=5.747127056121826, loss=2.855180501937866
I0131 12:21:54.589865 139990491195136 logging_writer.py:48] [167300] global_step=167300, grad_norm=4.838705539703369, loss=3.525186061859131
I0131 12:22:01.718427 140184451094336 spec.py:321] Evaluating on the training split.
I0131 12:22:12.341651 140184451094336 spec.py:333] Evaluating on the validation split.
I0131 12:22:34.806351 140184451094336 spec.py:349] Evaluating on the test split.
I0131 12:22:36.418659 140184451094336 submission_runner.py:408] Time since start: 81590.25s, 	Step: 167317, 	{'train/accuracy': 0.8334569931030273, 'train/loss': 0.7626773715019226, 'validation/accuracy': 0.7558599710464478, 'validation/loss': 1.091723918914795, 'validation/num_examples': 50000, 'test/accuracy': 0.6389000415802002, 'test/loss': 1.6732136011123657, 'test/num_examples': 10000, 'score': 75667.48089122772, 'total_duration': 81590.24653863907, 'accumulated_submission_time': 75667.48089122772, 'accumulated_eval_time': 5906.669553279877, 'accumulated_logging_time': 7.6705286502838135}
I0131 12:22:36.469485 139990499587840 logging_writer.py:48] [167317] accumulated_eval_time=5906.669553, accumulated_logging_time=7.670529, accumulated_submission_time=75667.480891, global_step=167317, preemption_count=0, score=75667.480891, test/accuracy=0.638900, test/loss=1.673214, test/num_examples=10000, total_duration=81590.246539, train/accuracy=0.833457, train/loss=0.762677, validation/accuracy=0.755860, validation/loss=1.091724, validation/num_examples=50000
I0131 12:23:10.089593 139990491195136 logging_writer.py:48] [167400] global_step=167400, grad_norm=4.890959739685059, loss=2.3106462955474854
I0131 12:23:55.691056 139990499587840 logging_writer.py:48] [167500] global_step=167500, grad_norm=5.45590353012085, loss=3.467590093612671
I0131 12:24:41.628302 139990491195136 logging_writer.py:48] [167600] global_step=167600, grad_norm=5.236008167266846, loss=2.2398924827575684
I0131 12:25:27.733995 139990499587840 logging_writer.py:48] [167700] global_step=167700, grad_norm=4.958635330200195, loss=2.8890552520751953
I0131 12:26:13.667079 139990491195136 logging_writer.py:48] [167800] global_step=167800, grad_norm=5.320523738861084, loss=2.313811779022217
I0131 12:26:59.418587 139990499587840 logging_writer.py:48] [167900] global_step=167900, grad_norm=5.167618751525879, loss=2.218843460083008
I0131 12:27:44.980965 139990491195136 logging_writer.py:48] [168000] global_step=168000, grad_norm=5.025832176208496, loss=2.1622931957244873
I0131 12:28:30.563535 139990499587840 logging_writer.py:48] [168100] global_step=168100, grad_norm=4.622838973999023, loss=2.3190650939941406
I0131 12:29:16.285320 139990491195136 logging_writer.py:48] [168200] global_step=168200, grad_norm=5.189889430999756, loss=2.268051862716675
I0131 12:29:36.570836 140184451094336 spec.py:321] Evaluating on the training split.
I0131 12:29:46.998898 140184451094336 spec.py:333] Evaluating on the validation split.
I0131 12:30:09.531959 140184451094336 spec.py:349] Evaluating on the test split.
I0131 12:30:11.126052 140184451094336 submission_runner.py:408] Time since start: 82044.95s, 	Step: 168246, 	{'train/accuracy': 0.8374999761581421, 'train/loss': 0.7262058258056641, 'validation/accuracy': 0.7564399838447571, 'validation/loss': 1.0680700540542603, 'validation/num_examples': 50000, 'test/accuracy': 0.6396000385284424, 'test/loss': 1.6480201482772827, 'test/num_examples': 10000, 'score': 76087.52441835403, 'total_duration': 82044.95395517349, 'accumulated_submission_time': 76087.52441835403, 'accumulated_eval_time': 5941.224766492844, 'accumulated_logging_time': 7.7321436405181885}
I0131 12:30:11.167210 139990499587840 logging_writer.py:48] [168246] accumulated_eval_time=5941.224766, accumulated_logging_time=7.732144, accumulated_submission_time=76087.524418, global_step=168246, preemption_count=0, score=76087.524418, test/accuracy=0.639600, test/loss=1.648020, test/num_examples=10000, total_duration=82044.953955, train/accuracy=0.837500, train/loss=0.726206, validation/accuracy=0.756440, validation/loss=1.068070, validation/num_examples=50000
I0131 12:30:33.174317 139990491195136 logging_writer.py:48] [168300] global_step=168300, grad_norm=4.970620632171631, loss=2.7691421508789062
I0131 12:31:16.894882 139990499587840 logging_writer.py:48] [168400] global_step=168400, grad_norm=5.059593677520752, loss=3.008131980895996
I0131 12:32:02.978419 139990491195136 logging_writer.py:48] [168500] global_step=168500, grad_norm=4.605887413024902, loss=2.990110397338867
I0131 12:32:48.825029 139990499587840 logging_writer.py:48] [168600] global_step=168600, grad_norm=5.341492652893066, loss=2.2402191162109375
I0131 12:33:34.643366 139990491195136 logging_writer.py:48] [168700] global_step=168700, grad_norm=5.200689315795898, loss=2.273353338241577
I0131 12:34:20.590617 139990499587840 logging_writer.py:48] [168800] global_step=168800, grad_norm=5.299084186553955, loss=2.2793431282043457
I0131 12:35:06.355277 139990491195136 logging_writer.py:48] [168900] global_step=168900, grad_norm=5.072972297668457, loss=2.3197131156921387
I0131 12:35:51.971140 139990499587840 logging_writer.py:48] [169000] global_step=169000, grad_norm=4.995937824249268, loss=2.2824792861938477
I0131 12:36:37.601814 139990491195136 logging_writer.py:48] [169100] global_step=169100, grad_norm=5.75147819519043, loss=3.939493179321289
I0131 12:37:11.351578 140184451094336 spec.py:321] Evaluating on the training split.
I0131 12:37:21.858458 140184451094336 spec.py:333] Evaluating on the validation split.
I0131 12:37:44.088177 140184451094336 spec.py:349] Evaluating on the test split.
I0131 12:37:45.687517 140184451094336 submission_runner.py:408] Time since start: 82499.52s, 	Step: 169175, 	{'train/accuracy': 0.83607417345047, 'train/loss': 0.7408673167228699, 'validation/accuracy': 0.7595399618148804, 'validation/loss': 1.0654107332229614, 'validation/num_examples': 50000, 'test/accuracy': 0.6421000361442566, 'test/loss': 1.6457515954971313, 'test/num_examples': 10000, 'score': 76507.65330696106, 'total_duration': 82499.51538085938, 'accumulated_submission_time': 76507.65330696106, 'accumulated_eval_time': 5975.560669898987, 'accumulated_logging_time': 7.782688856124878}
I0131 12:37:45.738723 139990499587840 logging_writer.py:48] [169175] accumulated_eval_time=5975.560670, accumulated_logging_time=7.782689, accumulated_submission_time=76507.653307, global_step=169175, preemption_count=0, score=76507.653307, test/accuracy=0.642100, test/loss=1.645752, test/num_examples=10000, total_duration=82499.515381, train/accuracy=0.836074, train/loss=0.740867, validation/accuracy=0.759540, validation/loss=1.065411, validation/num_examples=50000
I0131 12:37:56.143628 139990491195136 logging_writer.py:48] [169200] global_step=169200, grad_norm=5.383334159851074, loss=2.4649410247802734
I0131 12:38:38.278587 139990499587840 logging_writer.py:48] [169300] global_step=169300, grad_norm=5.444721698760986, loss=3.085865020751953
I0131 12:39:24.291303 139990491195136 logging_writer.py:48] [169400] global_step=169400, grad_norm=5.494101047515869, loss=3.1967616081237793
I0131 12:40:10.607948 139990499587840 logging_writer.py:48] [169500] global_step=169500, grad_norm=5.182959079742432, loss=2.3596904277801514
I0131 12:40:56.223629 139990491195136 logging_writer.py:48] [169600] global_step=169600, grad_norm=5.542735576629639, loss=2.2665257453918457
I0131 12:41:42.110465 139990499587840 logging_writer.py:48] [169700] global_step=169700, grad_norm=5.137189865112305, loss=2.2538270950317383
I0131 12:42:28.034343 139990491195136 logging_writer.py:48] [169800] global_step=169800, grad_norm=4.998607158660889, loss=2.232100009918213
I0131 12:43:13.876593 139990499587840 logging_writer.py:48] [169900] global_step=169900, grad_norm=5.238073348999023, loss=2.251091957092285
I0131 12:43:59.668798 139990491195136 logging_writer.py:48] [170000] global_step=170000, grad_norm=6.1382155418396, loss=3.8072922229766846
I0131 12:44:45.506765 139990499587840 logging_writer.py:48] [170100] global_step=170100, grad_norm=5.062934398651123, loss=2.3633153438568115
I0131 12:44:46.099275 140184451094336 spec.py:321] Evaluating on the training split.
I0131 12:44:56.481538 140184451094336 spec.py:333] Evaluating on the validation split.
I0131 12:45:16.417032 140184451094336 spec.py:349] Evaluating on the test split.
I0131 12:45:18.030021 140184451094336 submission_runner.py:408] Time since start: 82951.86s, 	Step: 170103, 	{'train/accuracy': 0.8408398032188416, 'train/loss': 0.7134418487548828, 'validation/accuracy': 0.7605199813842773, 'validation/loss': 1.0481165647506714, 'validation/num_examples': 50000, 'test/accuracy': 0.6447000503540039, 'test/loss': 1.6202740669250488, 'test/num_examples': 10000, 'score': 76927.95672249794, 'total_duration': 82951.85792160034, 'accumulated_submission_time': 76927.95672249794, 'accumulated_eval_time': 6007.491415500641, 'accumulated_logging_time': 7.8443825244903564}
I0131 12:45:18.075260 139990491195136 logging_writer.py:48] [170103] accumulated_eval_time=6007.491416, accumulated_logging_time=7.844383, accumulated_submission_time=76927.956722, global_step=170103, preemption_count=0, score=76927.956722, test/accuracy=0.644700, test/loss=1.620274, test/num_examples=10000, total_duration=82951.857922, train/accuracy=0.840840, train/loss=0.713442, validation/accuracy=0.760520, validation/loss=1.048117, validation/num_examples=50000
I0131 12:45:57.994168 139990499587840 logging_writer.py:48] [170200] global_step=170200, grad_norm=5.432248115539551, loss=2.2473702430725098
I0131 12:46:43.572618 139990491195136 logging_writer.py:48] [170300] global_step=170300, grad_norm=5.129003047943115, loss=2.350541830062866
I0131 12:47:29.618794 139990499587840 logging_writer.py:48] [170400] global_step=170400, grad_norm=4.763493537902832, loss=3.1422388553619385
I0131 12:48:15.210322 139990491195136 logging_writer.py:48] [170500] global_step=170500, grad_norm=5.741328239440918, loss=2.578456401824951
I0131 12:49:00.879949 139990499587840 logging_writer.py:48] [170600] global_step=170600, grad_norm=6.4601030349731445, loss=3.838563919067383
I0131 12:49:46.561210 139990491195136 logging_writer.py:48] [170700] global_step=170700, grad_norm=4.966878414154053, loss=2.2644472122192383
I0131 12:50:32.281070 139990499587840 logging_writer.py:48] [170800] global_step=170800, grad_norm=4.686822891235352, loss=2.7704288959503174
I0131 12:51:18.083363 139990491195136 logging_writer.py:48] [170900] global_step=170900, grad_norm=4.848903656005859, loss=2.790578842163086
I0131 12:52:04.022939 139990499587840 logging_writer.py:48] [171000] global_step=171000, grad_norm=5.451107978820801, loss=2.3271374702453613
I0131 12:52:18.323530 140184451094336 spec.py:321] Evaluating on the training split.
I0131 12:52:28.809257 140184451094336 spec.py:333] Evaluating on the validation split.
I0131 12:52:49.507620 140184451094336 spec.py:349] Evaluating on the test split.
I0131 12:52:51.115510 140184451094336 submission_runner.py:408] Time since start: 83404.94s, 	Step: 171033, 	{'train/accuracy': 0.8424023389816284, 'train/loss': 0.7111977934837341, 'validation/accuracy': 0.7627399563789368, 'validation/loss': 1.051758050918579, 'validation/num_examples': 50000, 'test/accuracy': 0.6460000276565552, 'test/loss': 1.633678674697876, 'test/num_examples': 10000, 'score': 77348.14902710915, 'total_duration': 83404.94340229034, 'accumulated_submission_time': 77348.14902710915, 'accumulated_eval_time': 6040.283388137817, 'accumulated_logging_time': 7.898629903793335}
I0131 12:52:51.160821 139990491195136 logging_writer.py:48] [171033] accumulated_eval_time=6040.283388, accumulated_logging_time=7.898630, accumulated_submission_time=77348.149027, global_step=171033, preemption_count=0, score=77348.149027, test/accuracy=0.646000, test/loss=1.633679, test/num_examples=10000, total_duration=83404.943402, train/accuracy=0.842402, train/loss=0.711198, validation/accuracy=0.762740, validation/loss=1.051758, validation/num_examples=50000
I0131 12:53:18.325634 139990499587840 logging_writer.py:48] [171100] global_step=171100, grad_norm=6.191476345062256, loss=4.187788486480713
I0131 12:54:03.513287 139990491195136 logging_writer.py:48] [171200] global_step=171200, grad_norm=5.422298431396484, loss=2.3475191593170166
I0131 12:54:49.299919 139990499587840 logging_writer.py:48] [171300] global_step=171300, grad_norm=5.0696797370910645, loss=2.375725269317627
I0131 12:55:35.514410 139990491195136 logging_writer.py:48] [171400] global_step=171400, grad_norm=4.805070400238037, loss=2.122511863708496
I0131 12:55:43.416581 139990499587840 logging_writer.py:48] [171419] global_step=171419, preemption_count=0, score=77520.331688
I0131 12:55:44.033454 140184451094336 checkpoints.py:490] Saving checkpoint at step: 171419
I0131 12:55:45.156454 140184451094336 checkpoints.py:422] Saved checkpoint at /experiment_runs/prize_qualification/study_1/imagenet_vit_jax/trial_1/checkpoint_171419
I0131 12:55:45.173536 140184451094336 checkpoint_utils.py:240] Saved checkpoint to /experiment_runs/prize_qualification/study_1/imagenet_vit_jax/trial_1/checkpoint_171419.
I0131 12:55:46.100225 140184451094336 submission_runner.py:583] Tuning trial 1/5
I0131 12:55:46.100442 140184451094336 submission_runner.py:584] Hyperparameters: Hyperparameters(dropout_rate=0.0, label_smoothing=0.1, learning_rate=0.001308209823469072, one_minus_beta1=0.02686663061, beta2=0.9981232922116359, weight_decay=0.16375311233774334, warmup_factor=0.1)
