I0131 11:17:40.573715 139741768959744 logging_writer.py:48] [156500] global_step=156500, grad_norm=4.17082405090332, loss=3.5077476501464844
I0131 11:17:43.479442 139936116377408 spec.py:321] Evaluating on the training split.
I0131 11:17:55.294815 139936116377408 spec.py:333] Evaluating on the validation split.
I0131 11:18:19.996201 139936116377408 spec.py:349] Evaluating on the test split.
I0131 11:18:21.608130 139936116377408 submission_runner.py:408] Time since start: 77375.43s, 	Step: 156508, 	{'train/accuracy': 0.8138476610183716, 'train/loss': 0.8137789964675903, 'validation/accuracy': 0.7384200096130371, 'validation/loss': 1.1399335861206055, 'validation/num_examples': 50000, 'test/accuracy': 0.6134000420570374, 'test/loss': 1.7455615997314453, 'test/num_examples': 10000, 'score': 71050.56174874306, 'total_duration': 77375.42791485786, 'accumulated_submission_time': 71050.56174874306, 'accumulated_eval_time': 6309.6483726501465, 'accumulated_logging_time': 7.052521228790283}
I0131 11:18:21.651360 139741760567040 logging_writer.py:48] [156508] accumulated_eval_time=6309.648373, accumulated_logging_time=7.052521, accumulated_submission_time=71050.561749, global_step=156508, preemption_count=0, score=71050.561749, test/accuracy=0.613400, test/loss=1.745562, test/num_examples=10000, total_duration=77375.427915, train/accuracy=0.813848, train/loss=0.813779, validation/accuracy=0.738420, validation/loss=1.139934, validation/num_examples=50000
I0131 11:18:59.479018 139741768959744 logging_writer.py:48] [156600] global_step=156600, grad_norm=4.359539031982422, loss=2.858372449874878
I0131 11:19:45.413303 139741760567040 logging_writer.py:48] [156700] global_step=156700, grad_norm=4.361527442932129, loss=2.6990325450897217
I0131 11:20:31.807057 139741768959744 logging_writer.py:48] [156800] global_step=156800, grad_norm=4.428271293640137, loss=4.283901214599609
I0131 11:21:17.920569 139741760567040 logging_writer.py:48] [156900] global_step=156900, grad_norm=4.121919631958008, loss=2.397158145904541
I0131 11:22:04.164908 139741768959744 logging_writer.py:48] [157000] global_step=157000, grad_norm=4.0694708824157715, loss=2.7472004890441895
I0131 11:22:50.032331 139741760567040 logging_writer.py:48] [157100] global_step=157100, grad_norm=4.320922374725342, loss=2.4844629764556885
I0131 11:23:35.943416 139741768959744 logging_writer.py:48] [157200] global_step=157200, grad_norm=3.9388961791992188, loss=3.1467413902282715
I0131 11:24:22.141296 139741760567040 logging_writer.py:48] [157300] global_step=157300, grad_norm=4.221240997314453, loss=2.4100611209869385
I0131 11:25:08.308683 139741768959744 logging_writer.py:48] [157400] global_step=157400, grad_norm=4.108593940734863, loss=3.159719705581665
I0131 11:25:21.829321 139936116377408 spec.py:321] Evaluating on the training split.
I0131 11:25:33.791441 139936116377408 spec.py:333] Evaluating on the validation split.
I0131 11:25:59.584012 139936116377408 spec.py:349] Evaluating on the test split.
I0131 11:26:01.197749 139936116377408 submission_runner.py:408] Time since start: 77835.02s, 	Step: 157431, 	{'train/accuracy': 0.8206444978713989, 'train/loss': 0.7946438193321228, 'validation/accuracy': 0.7416599988937378, 'validation/loss': 1.1222891807556152, 'validation/num_examples': 50000, 'test/accuracy': 0.619100034236908, 'test/loss': 1.722597599029541, 'test/num_examples': 10000, 'score': 71470.68224668503, 'total_duration': 77835.01753425598, 'accumulated_submission_time': 71470.68224668503, 'accumulated_eval_time': 6349.01679110527, 'accumulated_logging_time': 7.105899810791016}
I0131 11:26:01.239837 139741760567040 logging_writer.py:48] [157431] accumulated_eval_time=6349.016791, accumulated_logging_time=7.105900, accumulated_submission_time=71470.682247, global_step=157431, preemption_count=0, score=71470.682247, test/accuracy=0.619100, test/loss=1.722598, test/num_examples=10000, total_duration=77835.017534, train/accuracy=0.820644, train/loss=0.794644, validation/accuracy=0.741660, validation/loss=1.122289, validation/num_examples=50000
I0131 11:26:29.013679 139741768959744 logging_writer.py:48] [157500] global_step=157500, grad_norm=4.602550029754639, loss=2.4151320457458496
I0131 11:27:13.713140 139741760567040 logging_writer.py:48] [157600] global_step=157600, grad_norm=4.525763988494873, loss=3.9275879859924316
I0131 11:28:16.784820 139741768959744 logging_writer.py:48] [157700] global_step=157700, grad_norm=4.206340789794922, loss=2.410815954208374
I0131 11:29:18.024705 139741760567040 logging_writer.py:48] [157800] global_step=157800, grad_norm=4.530459880828857, loss=2.494194984436035
I0131 11:30:04.736041 139741768959744 logging_writer.py:48] [157900] global_step=157900, grad_norm=3.983595609664917, loss=2.2825610637664795
I0131 11:30:50.702926 139741760567040 logging_writer.py:48] [158000] global_step=158000, grad_norm=4.4031758308410645, loss=2.3933372497558594
I0131 11:31:36.941048 139741768959744 logging_writer.py:48] [158100] global_step=158100, grad_norm=4.031956672668457, loss=3.449378728866577
I0131 11:32:23.207965 139741760567040 logging_writer.py:48] [158200] global_step=158200, grad_norm=3.849426507949829, loss=2.5490381717681885
I0131 11:33:01.541485 139936116377408 spec.py:321] Evaluating on the training split.
I0131 11:33:13.523687 139936116377408 spec.py:333] Evaluating on the validation split.
I0131 11:33:41.683571 139936116377408 spec.py:349] Evaluating on the test split.
I0131 11:33:43.286309 139936116377408 submission_runner.py:408] Time since start: 78297.11s, 	Step: 158285, 	{'train/accuracy': 0.81201171875, 'train/loss': 0.8173814415931702, 'validation/accuracy': 0.7415399551391602, 'validation/loss': 1.131630539894104, 'validation/num_examples': 50000, 'test/accuracy': 0.6203000545501709, 'test/loss': 1.7233086824417114, 'test/num_examples': 10000, 'score': 71890.93097662926, 'total_duration': 78297.10611104965, 'accumulated_submission_time': 71890.93097662926, 'accumulated_eval_time': 6390.761610031128, 'accumulated_logging_time': 7.158337116241455}
I0131 11:33:43.327448 139741768959744 logging_writer.py:48] [158285] accumulated_eval_time=6390.761610, accumulated_logging_time=7.158337, accumulated_submission_time=71890.930977, global_step=158285, preemption_count=0, score=71890.930977, test/accuracy=0.620300, test/loss=1.723309, test/num_examples=10000, total_duration=78297.106111, train/accuracy=0.812012, train/loss=0.817381, validation/accuracy=0.741540, validation/loss=1.131631, validation/num_examples=50000
I0131 11:33:49.679995 139741760567040 logging_writer.py:48] [158300] global_step=158300, grad_norm=3.818326234817505, loss=2.3625431060791016
I0131 11:34:31.690691 139741768959744 logging_writer.py:48] [158400] global_step=158400, grad_norm=4.675299644470215, loss=2.381337881088257
I0131 11:35:17.878061 139741760567040 logging_writer.py:48] [158500] global_step=158500, grad_norm=5.126248359680176, loss=4.275540351867676
I0131 11:36:04.185356 139741768959744 logging_writer.py:48] [158600] global_step=158600, grad_norm=4.021653652191162, loss=2.610393524169922
I0131 11:36:50.033277 139741760567040 logging_writer.py:48] [158700] global_step=158700, grad_norm=4.5750508308410645, loss=4.0347723960876465
I0131 11:37:36.088754 139741768959744 logging_writer.py:48] [158800] global_step=158800, grad_norm=4.463932037353516, loss=2.8567771911621094
I0131 11:38:22.442536 139741760567040 logging_writer.py:48] [158900] global_step=158900, grad_norm=4.5015974044799805, loss=2.3590261936187744
I0131 11:39:08.371500 139741768959744 logging_writer.py:48] [159000] global_step=159000, grad_norm=4.177829265594482, loss=3.370253324508667
I0131 11:39:54.546965 139741760567040 logging_writer.py:48] [159100] global_step=159100, grad_norm=4.2864556312561035, loss=3.71822452545166
I0131 11:40:40.785260 139741768959744 logging_writer.py:48] [159200] global_step=159200, grad_norm=4.415660381317139, loss=2.5364060401916504
I0131 11:40:43.441638 139936116377408 spec.py:321] Evaluating on the training split.
I0131 11:40:55.286910 139936116377408 spec.py:333] Evaluating on the validation split.
I0131 11:41:18.196316 139936116377408 spec.py:349] Evaluating on the test split.
I0131 11:41:19.808883 139936116377408 submission_runner.py:408] Time since start: 78753.63s, 	Step: 159207, 	{'train/accuracy': 0.8217968344688416, 'train/loss': 0.7972414493560791, 'validation/accuracy': 0.7410199642181396, 'validation/loss': 1.1312137842178345, 'validation/num_examples': 50000, 'test/accuracy': 0.625700056552887, 'test/loss': 1.7257004976272583, 'test/num_examples': 10000, 'score': 72310.98796439171, 'total_duration': 78753.62868118286, 'accumulated_submission_time': 72310.98796439171, 'accumulated_eval_time': 6427.128840446472, 'accumulated_logging_time': 7.209970235824585}
I0131 11:41:19.851789 139741760567040 logging_writer.py:48] [159207] accumulated_eval_time=6427.128840, accumulated_logging_time=7.209970, accumulated_submission_time=72310.987964, global_step=159207, preemption_count=0, score=72310.987964, test/accuracy=0.625700, test/loss=1.725700, test/num_examples=10000, total_duration=78753.628681, train/accuracy=0.821797, train/loss=0.797241, validation/accuracy=0.741020, validation/loss=1.131214, validation/num_examples=50000
I0131 11:41:58.234788 139741768959744 logging_writer.py:48] [159300] global_step=159300, grad_norm=4.2302751541137695, loss=2.4866228103637695
I0131 11:42:44.387778 139741760567040 logging_writer.py:48] [159400] global_step=159400, grad_norm=4.1695098876953125, loss=2.692453622817993
I0131 11:43:30.738639 139741768959744 logging_writer.py:48] [159500] global_step=159500, grad_norm=4.38233757019043, loss=2.3508994579315186
I0131 11:44:16.818596 139741760567040 logging_writer.py:48] [159600] global_step=159600, grad_norm=4.784768581390381, loss=2.3563101291656494
I0131 11:45:02.997725 139741768959744 logging_writer.py:48] [159700] global_step=159700, grad_norm=4.403548717498779, loss=2.3670783042907715
I0131 11:45:49.166735 139741760567040 logging_writer.py:48] [159800] global_step=159800, grad_norm=4.669744491577148, loss=2.485447406768799
I0131 11:46:35.315429 139741768959744 logging_writer.py:48] [159900] global_step=159900, grad_norm=4.270205497741699, loss=3.5266518592834473
I0131 11:47:21.337839 139741760567040 logging_writer.py:48] [160000] global_step=160000, grad_norm=4.4343485832214355, loss=3.1122727394104004
I0131 11:48:07.483748 139741768959744 logging_writer.py:48] [160100] global_step=160100, grad_norm=4.606395721435547, loss=2.36930513381958
I0131 11:48:20.139567 139936116377408 spec.py:321] Evaluating on the training split.
I0131 11:48:32.050405 139936116377408 spec.py:333] Evaluating on the validation split.
I0131 11:48:59.244988 139936116377408 spec.py:349] Evaluating on the test split.
I0131 11:49:00.860876 139936116377408 submission_runner.py:408] Time since start: 79214.68s, 	Step: 160129, 	{'train/accuracy': 0.8250585794448853, 'train/loss': 0.7695590257644653, 'validation/accuracy': 0.7425199747085571, 'validation/loss': 1.1162033081054688, 'validation/num_examples': 50000, 'test/accuracy': 0.6238000392913818, 'test/loss': 1.7093664407730103, 'test/num_examples': 10000, 'score': 72731.21923279762, 'total_duration': 79214.68068003654, 'accumulated_submission_time': 72731.21923279762, 'accumulated_eval_time': 6467.8501443862915, 'accumulated_logging_time': 7.2619194984436035}
I0131 11:49:00.902260 139741760567040 logging_writer.py:48] [160129] accumulated_eval_time=6467.850144, accumulated_logging_time=7.261919, accumulated_submission_time=72731.219233, global_step=160129, preemption_count=0, score=72731.219233, test/accuracy=0.623800, test/loss=1.709366, test/num_examples=10000, total_duration=79214.680680, train/accuracy=0.825059, train/loss=0.769559, validation/accuracy=0.742520, validation/loss=1.116203, validation/num_examples=50000
I0131 11:49:29.465363 139741768959744 logging_writer.py:48] [160200] global_step=160200, grad_norm=4.471478462219238, loss=2.821300983428955
I0131 11:50:14.647897 139741760567040 logging_writer.py:48] [160300] global_step=160300, grad_norm=4.204908847808838, loss=3.731616973876953
I0131 11:51:01.075982 139741768959744 logging_writer.py:48] [160400] global_step=160400, grad_norm=4.456357002258301, loss=2.3424148559570312
I0131 11:51:47.149884 139741760567040 logging_writer.py:48] [160500] global_step=160500, grad_norm=4.088897228240967, loss=3.0116748809814453
I0131 11:52:33.096184 139741768959744 logging_writer.py:48] [160600] global_step=160600, grad_norm=4.286914825439453, loss=3.114971399307251
I0131 11:53:19.237439 139741760567040 logging_writer.py:48] [160700] global_step=160700, grad_norm=4.855698108673096, loss=3.5356950759887695
I0131 11:54:05.131732 139741768959744 logging_writer.py:48] [160800] global_step=160800, grad_norm=4.32844877243042, loss=3.873276472091675
I0131 11:54:51.144451 139741760567040 logging_writer.py:48] [160900] global_step=160900, grad_norm=4.458340167999268, loss=2.3506698608398438
I0131 11:55:37.013390 139741768959744 logging_writer.py:48] [161000] global_step=161000, grad_norm=4.071206092834473, loss=3.1405181884765625
I0131 11:56:01.207665 139936116377408 spec.py:321] Evaluating on the training split.
I0131 11:56:13.275412 139936116377408 spec.py:333] Evaluating on the validation split.
I0131 11:56:39.942636 139936116377408 spec.py:349] Evaluating on the test split.
I0131 11:56:41.543397 139936116377408 submission_runner.py:408] Time since start: 79675.36s, 	Step: 161054, 	{'train/accuracy': 0.8220117092132568, 'train/loss': 0.7986540794372559, 'validation/accuracy': 0.7463399767875671, 'validation/loss': 1.1236673593521118, 'validation/num_examples': 50000, 'test/accuracy': 0.62090003490448, 'test/loss': 1.7323718070983887, 'test/num_examples': 10000, 'score': 73151.4669148922, 'total_duration': 79675.36319732666, 'accumulated_submission_time': 73151.4669148922, 'accumulated_eval_time': 6508.185884714127, 'accumulated_logging_time': 7.314181804656982}
I0131 11:56:41.586853 139741760567040 logging_writer.py:48] [161054] accumulated_eval_time=6508.185885, accumulated_logging_time=7.314182, accumulated_submission_time=73151.466915, global_step=161054, preemption_count=0, score=73151.466915, test/accuracy=0.620900, test/loss=1.732372, test/num_examples=10000, total_duration=79675.363197, train/accuracy=0.822012, train/loss=0.798654, validation/accuracy=0.746340, validation/loss=1.123667, validation/num_examples=50000
I0131 11:57:00.234821 139741768959744 logging_writer.py:48] [161100] global_step=161100, grad_norm=4.529212951660156, loss=2.448882579803467
I0131 11:57:43.704180 139741760567040 logging_writer.py:48] [161200] global_step=161200, grad_norm=4.550463676452637, loss=2.329991579055786
I0131 11:58:29.575924 139741768959744 logging_writer.py:48] [161300] global_step=161300, grad_norm=5.356501579284668, loss=2.475174903869629
I0131 11:59:15.855396 139741760567040 logging_writer.py:48] [161400] global_step=161400, grad_norm=4.055300235748291, loss=3.6812195777893066
I0131 12:00:01.894906 139741768959744 logging_writer.py:48] [161500] global_step=161500, grad_norm=4.548767566680908, loss=2.304859161376953
I0131 12:00:47.988677 139741760567040 logging_writer.py:48] [161600] global_step=161600, grad_norm=4.5111188888549805, loss=2.38553786277771
I0131 12:01:34.136766 139741768959744 logging_writer.py:48] [161700] global_step=161700, grad_norm=4.346784591674805, loss=2.659179210662842
I0131 12:02:20.175707 139741760567040 logging_writer.py:48] [161800] global_step=161800, grad_norm=4.5380682945251465, loss=3.8066930770874023
I0131 12:03:06.244034 139741768959744 logging_writer.py:48] [161900] global_step=161900, grad_norm=4.5737762451171875, loss=2.377840995788574
I0131 12:03:41.797545 139936116377408 spec.py:321] Evaluating on the training split.
I0131 12:03:53.738420 139936116377408 spec.py:333] Evaluating on the validation split.
I0131 12:04:19.052524 139936116377408 spec.py:349] Evaluating on the test split.
I0131 12:04:20.658164 139936116377408 submission_runner.py:408] Time since start: 80134.48s, 	Step: 161979, 	{'train/accuracy': 0.82289057970047, 'train/loss': 0.774276852607727, 'validation/accuracy': 0.7457799911499023, 'validation/loss': 1.096876859664917, 'validation/num_examples': 50000, 'test/accuracy': 0.6240000128746033, 'test/loss': 1.6988554000854492, 'test/num_examples': 10000, 'score': 73571.6182346344, 'total_duration': 80134.4779574871, 'accumulated_submission_time': 73571.6182346344, 'accumulated_eval_time': 6547.046494960785, 'accumulated_logging_time': 7.370314836502075}
I0131 12:04:20.709859 139741760567040 logging_writer.py:48] [161979] accumulated_eval_time=6547.046495, accumulated_logging_time=7.370315, accumulated_submission_time=73571.618235, global_step=161979, preemption_count=0, score=73571.618235, test/accuracy=0.624000, test/loss=1.698855, test/num_examples=10000, total_duration=80134.477957, train/accuracy=0.822891, train/loss=0.774277, validation/accuracy=0.745780, validation/loss=1.096877, validation/num_examples=50000
I0131 12:04:29.436800 139741768959744 logging_writer.py:48] [162000] global_step=162000, grad_norm=4.599302291870117, loss=3.128159761428833
I0131 12:05:11.645364 139741760567040 logging_writer.py:48] [162100] global_step=162100, grad_norm=4.871201515197754, loss=2.305326223373413
I0131 12:05:57.681678 139741768959744 logging_writer.py:48] [162200] global_step=162200, grad_norm=4.683084487915039, loss=2.3780336380004883
I0131 12:06:43.937861 139741760567040 logging_writer.py:48] [162300] global_step=162300, grad_norm=5.260918617248535, loss=4.165488243103027
I0131 12:07:29.852847 139741768959744 logging_writer.py:48] [162400] global_step=162400, grad_norm=4.712433815002441, loss=2.4345219135284424
I0131 12:08:16.173613 139741760567040 logging_writer.py:48] [162500] global_step=162500, grad_norm=4.55731725692749, loss=2.2824673652648926
I0131 12:09:02.280123 139741768959744 logging_writer.py:48] [162600] global_step=162600, grad_norm=4.827246189117432, loss=2.5693156719207764
I0131 12:09:48.302270 139741760567040 logging_writer.py:48] [162700] global_step=162700, grad_norm=4.348931789398193, loss=2.8025150299072266
I0131 12:10:34.346750 139741768959744 logging_writer.py:48] [162800] global_step=162800, grad_norm=5.549857139587402, loss=4.402683734893799
I0131 12:11:20.558683 139741760567040 logging_writer.py:48] [162900] global_step=162900, grad_norm=4.6437249183654785, loss=2.351776599884033
I0131 12:11:20.809909 139936116377408 spec.py:321] Evaluating on the training split.
I0131 12:11:32.730274 139936116377408 spec.py:333] Evaluating on the validation split.
I0131 12:11:59.357640 139936116377408 spec.py:349] Evaluating on the test split.
I0131 12:12:00.960302 139936116377408 submission_runner.py:408] Time since start: 80594.78s, 	Step: 162902, 	{'train/accuracy': 0.82958984375, 'train/loss': 0.768218994140625, 'validation/accuracy': 0.7471399903297424, 'validation/loss': 1.1131218671798706, 'validation/num_examples': 50000, 'test/accuracy': 0.6278000473976135, 'test/loss': 1.7115119695663452, 'test/num_examples': 10000, 'score': 73991.6619336605, 'total_duration': 80594.78010439873, 'accumulated_submission_time': 73991.6619336605, 'accumulated_eval_time': 6587.196877479553, 'accumulated_logging_time': 7.43206524848938}
I0131 12:12:00.999764 139741768959744 logging_writer.py:48] [162902] accumulated_eval_time=6587.196877, accumulated_logging_time=7.432065, accumulated_submission_time=73991.661934, global_step=162902, preemption_count=0, score=73991.661934, test/accuracy=0.627800, test/loss=1.711512, test/num_examples=10000, total_duration=80594.780104, train/accuracy=0.829590, train/loss=0.768219, validation/accuracy=0.747140, validation/loss=1.113122, validation/num_examples=50000
I0131 12:12:41.170123 139741760567040 logging_writer.py:48] [163000] global_step=163000, grad_norm=4.903655529022217, loss=2.404125690460205
I0131 12:13:26.977157 139741768959744 logging_writer.py:48] [163100] global_step=163100, grad_norm=4.440646171569824, loss=2.3177340030670166
I0131 12:14:13.295220 139741760567040 logging_writer.py:48] [163200] global_step=163200, grad_norm=4.386372089385986, loss=2.5908939838409424
I0131 12:14:58.909250 139741768959744 logging_writer.py:48] [163300] global_step=163300, grad_norm=4.346588611602783, loss=3.208228826522827
I0131 12:15:45.035036 139741760567040 logging_writer.py:48] [163400] global_step=163400, grad_norm=4.2427778244018555, loss=2.665696144104004
I0131 12:16:30.889287 139741768959744 logging_writer.py:48] [163500] global_step=163500, grad_norm=4.583412170410156, loss=2.238755702972412
I0131 12:17:17.192955 139741760567040 logging_writer.py:48] [163600] global_step=163600, grad_norm=5.4845991134643555, loss=4.228647708892822
I0131 12:18:03.158393 139741768959744 logging_writer.py:48] [163700] global_step=163700, grad_norm=4.80646276473999, loss=2.3847439289093018
I0131 12:18:48.873531 139741760567040 logging_writer.py:48] [163800] global_step=163800, grad_norm=5.589351177215576, loss=2.3226070404052734
I0131 12:19:01.462159 139936116377408 spec.py:321] Evaluating on the training split.
I0131 12:19:13.569185 139936116377408 spec.py:333] Evaluating on the validation split.
I0131 12:19:38.323226 139936116377408 spec.py:349] Evaluating on the test split.
I0131 12:19:39.928182 139936116377408 submission_runner.py:408] Time since start: 81053.75s, 	Step: 163829, 	{'train/accuracy': 0.8261523246765137, 'train/loss': 0.7748673558235168, 'validation/accuracy': 0.747219979763031, 'validation/loss': 1.0991054773330688, 'validation/num_examples': 50000, 'test/accuracy': 0.624500036239624, 'test/loss': 1.695138692855835, 'test/num_examples': 10000, 'score': 74412.06664991379, 'total_duration': 81053.74798631668, 'accumulated_submission_time': 74412.06664991379, 'accumulated_eval_time': 6625.662905454636, 'accumulated_logging_time': 7.482219219207764}
I0131 12:19:39.968691 139741768959744 logging_writer.py:48] [163829] accumulated_eval_time=6625.662905, accumulated_logging_time=7.482219, accumulated_submission_time=74412.066650, global_step=163829, preemption_count=0, score=74412.066650, test/accuracy=0.624500, test/loss=1.695139, test/num_examples=10000, total_duration=81053.747986, train/accuracy=0.826152, train/loss=0.774867, validation/accuracy=0.747220, validation/loss=1.099105, validation/num_examples=50000
I0131 12:20:08.808864 139741760567040 logging_writer.py:48] [163900] global_step=163900, grad_norm=4.681860446929932, loss=2.3784236907958984
I0131 12:20:53.707029 139741768959744 logging_writer.py:48] [164000] global_step=164000, grad_norm=4.504324436187744, loss=2.380831480026245
I0131 12:21:39.984814 139741760567040 logging_writer.py:48] [164100] global_step=164100, grad_norm=4.415276527404785, loss=3.3470852375030518
I0131 12:22:26.045726 139741768959744 logging_writer.py:48] [164200] global_step=164200, grad_norm=4.469690799713135, loss=2.438966989517212
I0131 12:23:12.147186 139741760567040 logging_writer.py:48] [164300] global_step=164300, grad_norm=4.691882133483887, loss=2.323707103729248
I0131 12:23:58.021111 139741768959744 logging_writer.py:48] [164400] global_step=164400, grad_norm=4.825070858001709, loss=3.4843063354492188
I0131 12:24:44.051250 139741760567040 logging_writer.py:48] [164500] global_step=164500, grad_norm=4.653610706329346, loss=2.3735811710357666
I0131 12:25:29.991903 139741768959744 logging_writer.py:48] [164600] global_step=164600, grad_norm=4.960951328277588, loss=2.3120369911193848
I0131 12:26:15.811447 139741760567040 logging_writer.py:48] [164700] global_step=164700, grad_norm=5.207300662994385, loss=2.349033832550049
I0131 12:26:39.958352 139936116377408 spec.py:321] Evaluating on the training split.
I0131 12:26:51.959285 139936116377408 spec.py:333] Evaluating on the validation split.
I0131 12:27:17.901900 139936116377408 spec.py:349] Evaluating on the test split.
I0131 12:27:19.511358 139936116377408 submission_runner.py:408] Time since start: 81513.33s, 	Step: 164754, 	{'train/accuracy': 0.8268163800239563, 'train/loss': 0.7791228890419006, 'validation/accuracy': 0.7498199939727783, 'validation/loss': 1.0978347063064575, 'validation/num_examples': 50000, 'test/accuracy': 0.6292000412940979, 'test/loss': 1.695865511894226, 'test/num_examples': 10000, 'score': 74831.999625206, 'total_duration': 81513.33116149902, 'accumulated_submission_time': 74831.999625206, 'accumulated_eval_time': 6665.215897798538, 'accumulated_logging_time': 7.531557321548462}
I0131 12:27:19.550445 139741768959744 logging_writer.py:48] [164754] accumulated_eval_time=6665.215898, accumulated_logging_time=7.531557, accumulated_submission_time=74831.999625, global_step=164754, preemption_count=0, score=74831.999625, test/accuracy=0.629200, test/loss=1.695866, test/num_examples=10000, total_duration=81513.331161, train/accuracy=0.826816, train/loss=0.779123, validation/accuracy=0.749820, validation/loss=1.097835, validation/num_examples=50000
I0131 12:27:38.204119 139741760567040 logging_writer.py:48] [164800] global_step=164800, grad_norm=5.048680305480957, loss=2.3232157230377197
I0131 12:28:22.016036 139741768959744 logging_writer.py:48] [164900] global_step=164900, grad_norm=5.05192232131958, loss=2.4317965507507324
I0131 12:29:07.987787 139741760567040 logging_writer.py:48] [165000] global_step=165000, grad_norm=4.533421993255615, loss=2.376443862915039
I0131 12:29:54.024415 139741768959744 logging_writer.py:48] [165100] global_step=165100, grad_norm=4.951350212097168, loss=2.398609161376953
I0131 12:30:40.210454 139741760567040 logging_writer.py:48] [165200] global_step=165200, grad_norm=4.800879955291748, loss=2.374451160430908
I0131 12:31:26.309149 139741768959744 logging_writer.py:48] [165300] global_step=165300, grad_norm=6.426562786102295, loss=4.302764892578125
I0131 12:32:12.868000 139741760567040 logging_writer.py:48] [165400] global_step=165400, grad_norm=4.938412666320801, loss=2.3129591941833496
I0131 12:32:59.019709 139741768959744 logging_writer.py:48] [165500] global_step=165500, grad_norm=4.910811424255371, loss=2.682720184326172
I0131 12:33:45.376078 139741760567040 logging_writer.py:48] [165600] global_step=165600, grad_norm=4.637269496917725, loss=2.399796724319458
I0131 12:34:19.761821 139936116377408 spec.py:321] Evaluating on the training split.
I0131 12:34:31.744048 139936116377408 spec.py:333] Evaluating on the validation split.
I0131 12:34:55.651693 139936116377408 spec.py:349] Evaluating on the test split.
I0131 12:34:57.257839 139936116377408 submission_runner.py:408] Time since start: 81971.08s, 	Step: 165676, 	{'train/accuracy': 0.8290429711341858, 'train/loss': 0.7599804997444153, 'validation/accuracy': 0.749239981174469, 'validation/loss': 1.0925363302230835, 'validation/num_examples': 50000, 'test/accuracy': 0.6304000020027161, 'test/loss': 1.6812580823898315, 'test/num_examples': 10000, 'score': 75252.15470719337, 'total_duration': 81971.07764077187, 'accumulated_submission_time': 75252.15470719337, 'accumulated_eval_time': 6702.711914539337, 'accumulated_logging_time': 7.5804502964019775}
I0131 12:34:57.302323 139741768959744 logging_writer.py:48] [165676] accumulated_eval_time=6702.711915, accumulated_logging_time=7.580450, accumulated_submission_time=75252.154707, global_step=165676, preemption_count=0, score=75252.154707, test/accuracy=0.630400, test/loss=1.681258, test/num_examples=10000, total_duration=81971.077641, train/accuracy=0.829043, train/loss=0.759980, validation/accuracy=0.749240, validation/loss=1.092536, validation/num_examples=50000
I0131 12:35:07.214715 139741760567040 logging_writer.py:48] [165700] global_step=165700, grad_norm=5.046837329864502, loss=2.2463581562042236
I0131 12:35:49.305012 139741768959744 logging_writer.py:48] [165800] global_step=165800, grad_norm=5.3499603271484375, loss=4.081335544586182
I0131 12:36:35.555731 139741760567040 logging_writer.py:48] [165900] global_step=165900, grad_norm=5.67651891708374, loss=4.3200554847717285
I0131 12:37:21.896809 139741768959744 logging_writer.py:48] [166000] global_step=166000, grad_norm=5.091495513916016, loss=2.320167064666748
I0131 12:38:07.892249 139741760567040 logging_writer.py:48] [166100] global_step=166100, grad_norm=4.609360694885254, loss=2.4294354915618896
I0131 12:38:53.997798 139741768959744 logging_writer.py:48] [166200] global_step=166200, grad_norm=4.77024507522583, loss=2.263587236404419
I0131 12:39:39.754058 139741760567040 logging_writer.py:48] [166300] global_step=166300, grad_norm=4.6214118003845215, loss=2.3838984966278076
I0131 12:40:25.933304 139741768959744 logging_writer.py:48] [166400] global_step=166400, grad_norm=5.478831768035889, loss=3.968888759613037
I0131 12:41:11.834046 139741760567040 logging_writer.py:48] [166500] global_step=166500, grad_norm=5.040825843811035, loss=2.4204652309417725
I0131 12:41:57.260764 139936116377408 spec.py:321] Evaluating on the training split.
I0131 12:42:09.193012 139936116377408 spec.py:333] Evaluating on the validation split.
I0131 12:42:37.103340 139936116377408 spec.py:349] Evaluating on the test split.
I0131 12:42:38.707753 139936116377408 submission_runner.py:408] Time since start: 82432.53s, 	Step: 166600, 	{'train/accuracy': 0.8282421827316284, 'train/loss': 0.7497026920318604, 'validation/accuracy': 0.7534399628639221, 'validation/loss': 1.0718141794204712, 'validation/num_examples': 50000, 'test/accuracy': 0.6350000500679016, 'test/loss': 1.662460446357727, 'test/num_examples': 10000, 'score': 75672.05558896065, 'total_duration': 82432.52755188942, 'accumulated_submission_time': 75672.05558896065, 'accumulated_eval_time': 6744.158909320831, 'accumulated_logging_time': 7.63471245765686}
I0131 12:42:38.749471 139741768959744 logging_writer.py:48] [166600] accumulated_eval_time=6744.158909, accumulated_logging_time=7.634712, accumulated_submission_time=75672.055589, global_step=166600, preemption_count=0, score=75672.055589, test/accuracy=0.635000, test/loss=1.662460, test/num_examples=10000, total_duration=82432.527552, train/accuracy=0.828242, train/loss=0.749703, validation/accuracy=0.753440, validation/loss=1.071814, validation/num_examples=50000
I0131 12:42:39.146713 139741760567040 logging_writer.py:48] [166600] global_step=166600, grad_norm=6.464906215667725, loss=4.324336051940918
I0131 12:43:20.291651 139741768959744 logging_writer.py:48] [166700] global_step=166700, grad_norm=5.317203521728516, loss=2.2194085121154785
I0131 12:44:06.178390 139741760567040 logging_writer.py:48] [166800] global_step=166800, grad_norm=5.215380668640137, loss=2.875434160232544
I0131 12:44:52.228009 139741768959744 logging_writer.py:48] [166900] global_step=166900, grad_norm=5.439581394195557, loss=2.9570436477661133
I0131 12:45:38.193814 139741760567040 logging_writer.py:48] [167000] global_step=167000, grad_norm=4.985898971557617, loss=2.3264334201812744
I0131 12:46:24.253309 139741768959744 logging_writer.py:48] [167100] global_step=167100, grad_norm=5.342129230499268, loss=2.693105697631836
I0131 12:47:10.250749 139741760567040 logging_writer.py:48] [167200] global_step=167200, grad_norm=5.288568496704102, loss=2.3749942779541016
I0131 12:47:56.109233 139741768959744 logging_writer.py:48] [167300] global_step=167300, grad_norm=5.227532863616943, loss=2.899791717529297
I0131 12:48:42.413877 139741760567040 logging_writer.py:48] [167400] global_step=167400, grad_norm=6.328924655914307, loss=3.1181414127349854
I0131 12:49:28.492428 139741768959744 logging_writer.py:48] [167500] global_step=167500, grad_norm=5.957146167755127, loss=2.2388741970062256
I0131 12:49:39.070918 139936116377408 spec.py:321] Evaluating on the training split.
I0131 12:49:50.886785 139936116377408 spec.py:333] Evaluating on the validation split.
I0131 12:50:17.017363 139936116377408 spec.py:349] Evaluating on the test split.
I0131 12:50:18.623616 139936116377408 submission_runner.py:408] Time since start: 82892.44s, 	Step: 167525, 	{'train/accuracy': 0.8338280916213989, 'train/loss': 0.7270570993423462, 'validation/accuracy': 0.7521399855613708, 'validation/loss': 1.0613549947738647, 'validation/num_examples': 50000, 'test/accuracy': 0.6344000101089478, 'test/loss': 1.6501274108886719, 'test/num_examples': 10000, 'score': 76092.31971812248, 'total_duration': 82892.44341945648, 'accumulated_submission_time': 76092.31971812248, 'accumulated_eval_time': 6783.7116050720215, 'accumulated_logging_time': 7.687152862548828}
I0131 12:50:18.670147 139741760567040 logging_writer.py:48] [167525] accumulated_eval_time=6783.711605, accumulated_logging_time=7.687153, accumulated_submission_time=76092.319718, global_step=167525, preemption_count=0, score=76092.319718, test/accuracy=0.634400, test/loss=1.650127, test/num_examples=10000, total_duration=82892.443419, train/accuracy=0.833828, train/loss=0.727057, validation/accuracy=0.752140, validation/loss=1.061355, validation/num_examples=50000
I0131 12:50:48.858309 139741768959744 logging_writer.py:48] [167600] global_step=167600, grad_norm=5.381686210632324, loss=2.396760940551758
I0131 12:51:34.517293 139741760567040 logging_writer.py:48] [167700] global_step=167700, grad_norm=6.207218170166016, loss=4.260158538818359
I0131 12:52:20.708629 139741768959744 logging_writer.py:48] [167800] global_step=167800, grad_norm=4.84618616104126, loss=2.2780284881591797
I0131 12:53:07.284604 139741760567040 logging_writer.py:48] [167900] global_step=167900, grad_norm=5.806460857391357, loss=2.4463443756103516
I0131 12:53:53.345592 139741768959744 logging_writer.py:48] [168000] global_step=168000, grad_norm=4.745864391326904, loss=2.2724621295928955
I0131 12:54:39.541641 139741760567040 logging_writer.py:48] [168100] global_step=168100, grad_norm=5.331946849822998, loss=2.6108362674713135
I0131 12:55:25.495523 139741768959744 logging_writer.py:48] [168200] global_step=168200, grad_norm=5.675297737121582, loss=2.405988931655884
I0131 12:56:11.808396 139741760567040 logging_writer.py:48] [168300] global_step=168300, grad_norm=4.839433193206787, loss=2.237276554107666
I0131 12:56:57.779660 139741768959744 logging_writer.py:48] [168400] global_step=168400, grad_norm=5.377491474151611, loss=4.102245807647705
I0131 12:57:18.759382 139936116377408 spec.py:321] Evaluating on the training split.
I0131 12:57:30.749499 139936116377408 spec.py:333] Evaluating on the validation split.
I0131 12:57:54.739491 139936116377408 spec.py:349] Evaluating on the test split.
I0131 12:57:56.345444 139936116377408 submission_runner.py:408] Time since start: 83350.17s, 	Step: 168447, 	{'train/accuracy': 0.8368163704872131, 'train/loss': 0.721832275390625, 'validation/accuracy': 0.755840003490448, 'validation/loss': 1.0656956434249878, 'validation/num_examples': 50000, 'test/accuracy': 0.6376000046730042, 'test/loss': 1.6524871587753296, 'test/num_examples': 10000, 'score': 76512.35372972488, 'total_duration': 83350.1652495861, 'accumulated_submission_time': 76512.35372972488, 'accumulated_eval_time': 6821.297668457031, 'accumulated_logging_time': 7.742358684539795}
I0131 12:57:56.389359 139741760567040 logging_writer.py:48] [168447] accumulated_eval_time=6821.297668, accumulated_logging_time=7.742359, accumulated_submission_time=76512.353730, global_step=168447, preemption_count=0, score=76512.353730, test/accuracy=0.637600, test/loss=1.652487, test/num_examples=10000, total_duration=83350.165250, train/accuracy=0.836816, train/loss=0.721832, validation/accuracy=0.755840, validation/loss=1.065696, validation/num_examples=50000
I0131 12:58:17.831115 139741768959744 logging_writer.py:48] [168500] global_step=168500, grad_norm=4.953656196594238, loss=2.408423900604248
I0131 12:59:01.910809 139741760567040 logging_writer.py:48] [168600] global_step=168600, grad_norm=4.9410881996154785, loss=2.4331727027893066
I0131 12:59:48.184070 139741768959744 logging_writer.py:48] [168700] global_step=168700, grad_norm=5.225963115692139, loss=3.620210886001587
I0131 13:00:34.727287 139741760567040 logging_writer.py:48] [168800] global_step=168800, grad_norm=6.1085686683654785, loss=4.176998615264893
I0131 13:01:20.774402 139741768959744 logging_writer.py:48] [168900] global_step=168900, grad_norm=4.962438106536865, loss=2.23781681060791
I0131 13:02:07.181067 139741760567040 logging_writer.py:48] [169000] global_step=169000, grad_norm=5.735518932342529, loss=4.049716949462891
I0131 13:02:53.191917 139741768959744 logging_writer.py:48] [169100] global_step=169100, grad_norm=6.163852214813232, loss=4.127035617828369
I0131 13:03:39.501314 139741760567040 logging_writer.py:48] [169200] global_step=169200, grad_norm=5.197423934936523, loss=2.265141725540161
I0131 13:04:25.717945 139741768959744 logging_writer.py:48] [169300] global_step=169300, grad_norm=5.044521808624268, loss=2.3414196968078613
I0131 13:04:56.558052 139936116377408 spec.py:321] Evaluating on the training split.
I0131 13:05:08.678656 139936116377408 spec.py:333] Evaluating on the validation split.
I0131 13:05:36.103554 139936116377408 spec.py:349] Evaluating on the test split.
I0131 13:05:37.713078 139936116377408 submission_runner.py:408] Time since start: 83811.53s, 	Step: 169369, 	{'train/accuracy': 0.8389843702316284, 'train/loss': 0.7196028828620911, 'validation/accuracy': 0.7570399641990662, 'validation/loss': 1.0582653284072876, 'validation/num_examples': 50000, 'test/accuracy': 0.6318000555038452, 'test/loss': 1.6552094221115112, 'test/num_examples': 10000, 'score': 76932.46559858322, 'total_duration': 83811.53285884857, 'accumulated_submission_time': 76932.46559858322, 'accumulated_eval_time': 6862.45266699791, 'accumulated_logging_time': 7.796396732330322}
I0131 13:05:37.761953 139741760567040 logging_writer.py:48] [169369] accumulated_eval_time=6862.452667, accumulated_logging_time=7.796397, accumulated_submission_time=76932.465599, global_step=169369, preemption_count=0, score=76932.465599, test/accuracy=0.631800, test/loss=1.655209, test/num_examples=10000, total_duration=83811.532859, train/accuracy=0.838984, train/loss=0.719603, validation/accuracy=0.757040, validation/loss=1.058265, validation/num_examples=50000
I0131 13:05:50.450383 139741768959744 logging_writer.py:48] [169400] global_step=169400, grad_norm=4.992339134216309, loss=2.277115821838379
I0131 13:06:33.446049 139741760567040 logging_writer.py:48] [169500] global_step=169500, grad_norm=5.00510835647583, loss=3.307861328125
I0131 13:07:19.446944 139741768959744 logging_writer.py:48] [169600] global_step=169600, grad_norm=5.0267181396484375, loss=2.225163698196411
I0131 13:08:05.898136 139741760567040 logging_writer.py:48] [169700] global_step=169700, grad_norm=4.831604957580566, loss=2.2440850734710693
I0131 13:08:51.864242 139741768959744 logging_writer.py:48] [169800] global_step=169800, grad_norm=4.8781890869140625, loss=2.2851476669311523
I0131 13:09:38.156163 139741760567040 logging_writer.py:48] [169900] global_step=169900, grad_norm=4.792594909667969, loss=2.9387025833129883
I0131 13:10:24.200125 139741768959744 logging_writer.py:48] [170000] global_step=170000, grad_norm=5.029643535614014, loss=3.2587311267852783
I0131 13:11:10.142639 139741760567040 logging_writer.py:48] [170100] global_step=170100, grad_norm=5.380467414855957, loss=3.229461193084717
I0131 13:11:56.533718 139741768959744 logging_writer.py:48] [170200] global_step=170200, grad_norm=4.938982009887695, loss=2.172924280166626
I0131 13:12:38.029011 139936116377408 spec.py:321] Evaluating on the training split.
I0131 13:12:49.907912 139936116377408 spec.py:333] Evaluating on the validation split.
I0131 13:13:17.556008 139936116377408 spec.py:349] Evaluating on the test split.
I0131 13:13:19.164231 139936116377408 submission_runner.py:408] Time since start: 84272.98s, 	Step: 170291, 	{'train/accuracy': 0.8350781202316284, 'train/loss': 0.7398861646652222, 'validation/accuracy': 0.7601999640464783, 'validation/loss': 1.0654001235961914, 'validation/num_examples': 50000, 'test/accuracy': 0.6374000310897827, 'test/loss': 1.660707950592041, 'test/num_examples': 10000, 'score': 77352.67522978783, 'total_duration': 84272.98402452469, 'accumulated_submission_time': 77352.67522978783, 'accumulated_eval_time': 6903.587861776352, 'accumulated_logging_time': 7.856116533279419}
I0131 13:13:19.210421 139741760567040 logging_writer.py:48] [170291] accumulated_eval_time=6903.587862, accumulated_logging_time=7.856117, accumulated_submission_time=77352.675230, global_step=170291, preemption_count=0, score=77352.675230, test/accuracy=0.637400, test/loss=1.660708, test/num_examples=10000, total_duration=84272.984025, train/accuracy=0.835078, train/loss=0.739886, validation/accuracy=0.760200, validation/loss=1.065400, validation/num_examples=50000
I0131 13:13:23.186640 139741768959744 logging_writer.py:48] [170300] global_step=170300, grad_norm=5.37992525100708, loss=2.4137630462646484
I0131 13:14:04.839914 139741760567040 logging_writer.py:48] [170400] global_step=170400, grad_norm=5.168771266937256, loss=2.249723196029663
I0131 13:14:50.895389 139741768959744 logging_writer.py:48] [170500] global_step=170500, grad_norm=5.115676403045654, loss=2.413041591644287
I0131 13:15:37.145112 139741760567040 logging_writer.py:48] [170600] global_step=170600, grad_norm=5.4443230628967285, loss=2.4511547088623047
I0131 13:16:06.894114 139741768959744 logging_writer.py:48] [170666] global_step=170666, preemption_count=0, score=77520.274422
I0131 13:16:07.632377 139936116377408 checkpoints.py:490] Saving checkpoint at step: 170666
I0131 13:16:08.993200 139936116377408 checkpoints.py:422] Saved checkpoint at /experiment_runs/prize_qualification/study_2/imagenet_vit_jax/trial_1/checkpoint_170666
I0131 13:16:09.019243 139936116377408 checkpoint_utils.py:240] Saved checkpoint to /experiment_runs/prize_qualification/study_2/imagenet_vit_jax/trial_1/checkpoint_170666.
I0131 13:16:10.095204 139936116377408 submission_runner.py:583] Tuning trial 1/5
I0131 13:16:10.095437 139936116377408 submission_runner.py:584] Hyperparameters: Hyperparameters(dropout_rate=0.0, label_smoothing=0.1, learning_rate=0.001308209823469072, one_minus_beta1=0.02686663061, beta2=0.9981232922116359, weight_decay=0.16375311233774334, warmup_factor=0.1)
