python3 submission_runner.py --framework=jax --workload=imagenet_vit --submission_path=prize_qualification_baselines/external_tuning/jax_nadamw_full_budget.py --tuning_search_space=prize_qualification_baselines/external_tuning/tuning_search_space.json --data_dir=/data/imagenet/jax --num_tuning_trials=1 --experiment_dir=/experiment_runs --experiment_name=prize_qualification/study_2 --overwrite=true --save_checkpoints=false --num_tuning_trials=5 --rng_seed=2064292405 --max_global_steps=186666 --imagenet_v2_data_dir=/data/imagenet/jax 2>&1 | tee -a /logs/imagenet_vit_jax_01-30-2024-13-48-02.log
/usr/local/lib/python3.8/dist-packages/tensorflow_addons/utils/tfa_eol_msg.py:23: UserWarning: 

TensorFlow Addons (TFA) has ended development and introduction of new features.
TFA has entered a minimal maintenance and release mode until a planned end of life in May 2024.
Please modify downstream libraries to take dependencies from other repositories in our TensorFlow community (e.g. Keras, Keras-CV, and Keras-NLP). 

For more information see: https://github.com/tensorflow/addons/issues/2807 

  warnings.warn(
I0130 13:48:22.687041 139936116377408 logger_utils.py:76] Creating experiment directory at /experiment_runs/prize_qualification/study_2/imagenet_vit_jax.
I0130 13:48:23.675494 139936116377408 xla_bridge.py:455] Unable to initialize backend 'rocm': NOT_FOUND: Could not find registered platform with name: "rocm". Available platform names are: CUDA Interpreter Host
I0130 13:48:23.676198 139936116377408 xla_bridge.py:455] Unable to initialize backend 'tpu': module 'jaxlib.xla_extension' has no attribute 'get_tpu_client'
I0130 13:48:23.676348 139936116377408 xla_bridge.py:455] Unable to initialize backend 'plugin': xla_extension has no attributes named get_plugin_device_client. Compile TensorFlow with //tensorflow/compiler/xla/python:enable_plugin_device set to true (defaults to false) to enable this.
I0130 13:48:23.677331 139936116377408 submission_runner.py:542] Using RNG seed 2064292405
I0130 13:48:24.742400 139936116377408 submission_runner.py:551] --- Tuning run 1/5 ---
I0130 13:48:24.742605 139936116377408 submission_runner.py:556] Creating tuning directory at /experiment_runs/prize_qualification/study_2/imagenet_vit_jax/trial_1.
I0130 13:48:24.742886 139936116377408 logger_utils.py:92] Saving hparams to /experiment_runs/prize_qualification/study_2/imagenet_vit_jax/trial_1/hparams.json.
I0130 13:48:24.924158 139936116377408 submission_runner.py:206] Initializing dataset.
I0130 13:48:24.940316 139936116377408 dataset_info.py:578] Load dataset info from /data/imagenet/jax/imagenet2012/5.1.0
I0130 13:48:24.950530 139936116377408 dataset_info.py:669] Fields info.[splits, supervised_keys] from disk and from code do not match. Keeping the one from code.
I0130 13:48:25.324513 139936116377408 logging_logger.py:49] Constructing tf.data.Dataset imagenet2012 for split train, from /data/imagenet/jax/imagenet2012/5.1.0
I0130 13:48:34.513033 139936116377408 submission_runner.py:213] Initializing model.
I0130 13:48:44.414196 139936116377408 submission_runner.py:255] Initializing optimizer.
I0130 13:48:45.449509 139936116377408 submission_runner.py:262] Initializing metrics bundle.
I0130 13:48:45.449758 139936116377408 submission_runner.py:280] Initializing checkpoint and logger.
I0130 13:48:45.451239 139936116377408 checkpoints.py:915] Found no checkpoint files in /experiment_runs/prize_qualification/study_2/imagenet_vit_jax/trial_1 with prefix checkpoint_
I0130 13:48:45.451391 139936116377408 submission_runner.py:300] Saving meta data to /experiment_runs/prize_qualification/study_2/imagenet_vit_jax/trial_1/meta_data_0.json.
fatal: detected dubious ownership in repository at '/algorithmic-efficiency'
To add an exception for this directory, call:

	git config --global --add safe.directory /algorithmic-efficiency
I0130 13:48:45.818353 139936116377408 logger_utils.py:220] Unable to record git information. Continuing without it.
I0130 13:48:46.169906 139936116377408 submission_runner.py:304] Saving flags to /experiment_runs/prize_qualification/study_2/imagenet_vit_jax/trial_1/flags_0.json.
I0130 13:48:46.180156 139936116377408 submission_runner.py:314] Starting training loop.
I0130 13:49:28.618366 139774241273600 logging_writer.py:48] [0] global_step=0, grad_norm=0.3286792039871216, loss=6.907756805419922
I0130 13:49:28.635400 139936116377408 spec.py:321] Evaluating on the training split.
I0130 13:49:28.644416 139936116377408 dataset_info.py:578] Load dataset info from /data/imagenet/jax/imagenet2012/5.1.0
I0130 13:49:28.653532 139936116377408 dataset_info.py:669] Fields info.[splits, supervised_keys] from disk and from code do not match. Keeping the one from code.
I0130 13:49:28.738049 139936116377408 logging_logger.py:49] Constructing tf.data.Dataset imagenet2012 for split train, from /data/imagenet/jax/imagenet2012/5.1.0
I0130 13:49:45.790259 139936116377408 spec.py:333] Evaluating on the validation split.
I0130 13:49:45.800988 139936116377408 dataset_info.py:578] Load dataset info from /data/imagenet/jax/imagenet2012/5.1.0
I0130 13:49:45.820966 139936116377408 dataset_info.py:669] Fields info.[splits, supervised_keys] from disk and from code do not match. Keeping the one from code.
I0130 13:49:45.899092 139936116377408 logging_logger.py:49] Constructing tf.data.Dataset imagenet2012 for split validation, from /data/imagenet/jax/imagenet2012/5.1.0
I0130 13:50:03.299891 139936116377408 spec.py:349] Evaluating on the test split.
I0130 13:50:03.306435 139936116377408 dataset_info.py:578] Load dataset info from /data/imagenet/jax/imagenet_v2/matched-frequency/3.0.0
I0130 13:50:03.313532 139936116377408 dataset_builder.py:528] Reusing dataset imagenet_v2 (/data/imagenet/jax/imagenet_v2/matched-frequency/3.0.0)
I0130 13:50:03.363344 139936116377408 logging_logger.py:49] Constructing tf.data.Dataset imagenet_v2 for split test, from /data/imagenet/jax/imagenet_v2/matched-frequency/3.0.0
I0130 13:50:08.698066 139936116377408 submission_runner.py:408] Time since start: 82.52s, 	Step: 1, 	{'train/accuracy': 0.0010351561941206455, 'train/loss': 6.907756328582764, 'validation/accuracy': 0.0009999999310821295, 'validation/loss': 6.9077558517456055, 'validation/num_examples': 50000, 'test/accuracy': 0.0010000000474974513, 'test/loss': 6.907756805419922, 'test/num_examples': 10000, 'score': 42.45515441894531, 'total_duration': 82.5178644657135, 'accumulated_submission_time': 42.45515441894531, 'accumulated_eval_time': 40.06261396408081, 'accumulated_logging_time': 0}
I0130 13:50:08.716047 139741752174336 logging_writer.py:48] [1] accumulated_eval_time=40.062614, accumulated_logging_time=0, accumulated_submission_time=42.455154, global_step=1, preemption_count=0, score=42.455154, test/accuracy=0.001000, test/loss=6.907757, test/num_examples=10000, total_duration=82.517864, train/accuracy=0.001035, train/loss=6.907756, validation/accuracy=0.001000, validation/loss=6.907756, validation/num_examples=50000
I0130 13:51:10.292100 139772246845184 logging_writer.py:48] [100] global_step=100, grad_norm=0.34918680787086487, loss=6.906249046325684
I0130 13:51:54.075622 139772255237888 logging_writer.py:48] [200] global_step=200, grad_norm=0.43331021070480347, loss=6.894942283630371
I0130 13:52:39.415931 139772246845184 logging_writer.py:48] [300] global_step=300, grad_norm=0.6003257036209106, loss=6.858579158782959
I0130 13:53:24.679045 139772255237888 logging_writer.py:48] [400] global_step=400, grad_norm=0.6580072641372681, loss=6.82118558883667
I0130 13:54:09.993439 139772246845184 logging_writer.py:48] [500] global_step=500, grad_norm=0.9131408333778381, loss=6.835170269012451
I0130 13:54:55.077675 139772255237888 logging_writer.py:48] [600] global_step=600, grad_norm=0.9715859889984131, loss=6.757582187652588
I0130 13:55:40.173753 139772246845184 logging_writer.py:48] [700] global_step=700, grad_norm=1.7296198606491089, loss=6.665935039520264
I0130 13:56:25.432221 139772255237888 logging_writer.py:48] [800] global_step=800, grad_norm=0.9966913461685181, loss=6.733123779296875
I0130 13:57:08.937826 139936116377408 spec.py:321] Evaluating on the training split.
I0130 13:57:20.939442 139936116377408 spec.py:333] Evaluating on the validation split.
I0130 13:57:29.163796 139936116377408 spec.py:349] Evaluating on the test split.
I0130 13:57:30.816429 139936116377408 submission_runner.py:408] Time since start: 524.64s, 	Step: 898, 	{'train/accuracy': 0.013769530691206455, 'train/loss': 6.404803276062012, 'validation/accuracy': 0.013580000028014183, 'validation/loss': 6.413737773895264, 'validation/num_examples': 50000, 'test/accuracy': 0.01080000028014183, 'test/loss': 6.456206321716309, 'test/num_examples': 10000, 'score': 462.6178922653198, 'total_duration': 524.6362130641937, 'accumulated_submission_time': 462.6178922653198, 'accumulated_eval_time': 61.94122099876404, 'accumulated_logging_time': 0.02863001823425293}
I0130 13:57:30.834515 139741760567040 logging_writer.py:48] [898] accumulated_eval_time=61.941221, accumulated_logging_time=0.028630, accumulated_submission_time=462.617892, global_step=898, preemption_count=0, score=462.617892, test/accuracy=0.010800, test/loss=6.456206, test/num_examples=10000, total_duration=524.636213, train/accuracy=0.013770, train/loss=6.404803, validation/accuracy=0.013580, validation/loss=6.413738, validation/num_examples=50000
I0130 13:57:32.061286 139741768959744 logging_writer.py:48] [900] global_step=900, grad_norm=1.5052900314331055, loss=6.696053981781006
I0130 13:58:11.892600 139741760567040 logging_writer.py:48] [1000] global_step=1000, grad_norm=1.650515079498291, loss=6.542445182800293
I0130 13:58:56.930809 139741768959744 logging_writer.py:48] [1100] global_step=1100, grad_norm=1.7018461227416992, loss=6.765303134918213
I0130 13:59:42.302449 139741760567040 logging_writer.py:48] [1200] global_step=1200, grad_norm=2.298552989959717, loss=6.467925548553467
I0130 14:00:27.492378 139741768959744 logging_writer.py:48] [1300] global_step=1300, grad_norm=1.5578536987304688, loss=6.742947578430176
I0130 14:01:12.551294 139741760567040 logging_writer.py:48] [1400] global_step=1400, grad_norm=1.5815385580062866, loss=6.481950759887695
I0130 14:01:57.737624 139741768959744 logging_writer.py:48] [1500] global_step=1500, grad_norm=1.5045583248138428, loss=6.494715213775635
I0130 14:02:42.956502 139741760567040 logging_writer.py:48] [1600] global_step=1600, grad_norm=1.6224985122680664, loss=6.272870063781738
I0130 14:03:28.093772 139741768959744 logging_writer.py:48] [1700] global_step=1700, grad_norm=2.1008453369140625, loss=6.232130527496338
I0130 14:04:13.223056 139741760567040 logging_writer.py:48] [1800] global_step=1800, grad_norm=1.5846893787384033, loss=6.261770248413086
I0130 14:04:31.269587 139936116377408 spec.py:321] Evaluating on the training split.
I0130 14:04:43.058644 139936116377408 spec.py:333] Evaluating on the validation split.
I0130 14:04:51.279431 139936116377408 spec.py:349] Evaluating on the test split.
I0130 14:04:52.903045 139936116377408 submission_runner.py:408] Time since start: 966.72s, 	Step: 1842, 	{'train/accuracy': 0.04136718809604645, 'train/loss': 5.8381195068359375, 'validation/accuracy': 0.03776000067591667, 'validation/loss': 5.869866847991943, 'validation/num_examples': 50000, 'test/accuracy': 0.03060000203549862, 'test/loss': 5.982430934906006, 'test/num_examples': 10000, 'score': 882.9875965118408, 'total_duration': 966.72283244133, 'accumulated_submission_time': 882.9875965118408, 'accumulated_eval_time': 83.57465052604675, 'accumulated_logging_time': 0.06095552444458008}
I0130 14:04:52.919842 139741768959744 logging_writer.py:48] [1842] accumulated_eval_time=83.574651, accumulated_logging_time=0.060956, accumulated_submission_time=882.987597, global_step=1842, preemption_count=0, score=882.987597, test/accuracy=0.030600, test/loss=5.982431, test/num_examples=10000, total_duration=966.722832, train/accuracy=0.041367, train/loss=5.838120, validation/accuracy=0.037760, validation/loss=5.869867, validation/num_examples=50000
I0130 14:05:16.373246 139741760567040 logging_writer.py:48] [1900] global_step=1900, grad_norm=1.7387218475341797, loss=6.5428361892700195
I0130 14:05:59.264531 139741768959744 logging_writer.py:48] [2000] global_step=2000, grad_norm=1.743584156036377, loss=6.637528896331787
I0130 14:06:44.444137 139741760567040 logging_writer.py:48] [2100] global_step=2100, grad_norm=1.9850839376449585, loss=6.144577503204346
I0130 14:07:29.519951 139741768959744 logging_writer.py:48] [2200] global_step=2200, grad_norm=1.5393717288970947, loss=6.4177141189575195
I0130 14:08:14.432499 139741760567040 logging_writer.py:48] [2300] global_step=2300, grad_norm=1.9603855609893799, loss=6.129576683044434
I0130 14:08:59.377514 139741768959744 logging_writer.py:48] [2400] global_step=2400, grad_norm=1.8304433822631836, loss=6.042595386505127
I0130 14:09:44.354745 139741760567040 logging_writer.py:48] [2500] global_step=2500, grad_norm=1.2487843036651611, loss=6.551854133605957
I0130 14:10:29.298455 139741768959744 logging_writer.py:48] [2600] global_step=2600, grad_norm=1.7542860507965088, loss=6.364750862121582
I0130 14:11:14.285190 139741760567040 logging_writer.py:48] [2700] global_step=2700, grad_norm=1.2047022581100464, loss=6.196743965148926
I0130 14:11:53.198285 139936116377408 spec.py:321] Evaluating on the training split.
I0130 14:12:05.279661 139936116377408 spec.py:333] Evaluating on the validation split.
I0130 14:12:13.434509 139936116377408 spec.py:349] Evaluating on the test split.
I0130 14:12:15.054708 139936116377408 submission_runner.py:408] Time since start: 1408.87s, 	Step: 2788, 	{'train/accuracy': 0.07021484524011612, 'train/loss': 5.4130401611328125, 'validation/accuracy': 0.06375999748706818, 'validation/loss': 5.468223571777344, 'validation/num_examples': 50000, 'test/accuracy': 0.05180000141263008, 'test/loss': 5.644834041595459, 'test/num_examples': 10000, 'score': 1303.2035462856293, 'total_duration': 1408.8744959831238, 'accumulated_submission_time': 1303.2035462856293, 'accumulated_eval_time': 105.43107485771179, 'accumulated_logging_time': 0.08992552757263184}
I0130 14:12:15.072398 139741768959744 logging_writer.py:48] [2788] accumulated_eval_time=105.431075, accumulated_logging_time=0.089926, accumulated_submission_time=1303.203546, global_step=2788, preemption_count=0, score=1303.203546, test/accuracy=0.051800, test/loss=5.644834, test/num_examples=10000, total_duration=1408.874496, train/accuracy=0.070215, train/loss=5.413040, validation/accuracy=0.063760, validation/loss=5.468224, validation/num_examples=50000
I0130 14:12:20.271743 139741760567040 logging_writer.py:48] [2800] global_step=2800, grad_norm=1.956847906112671, loss=6.033196926116943
I0130 14:13:00.717562 139741768959744 logging_writer.py:48] [2900] global_step=2900, grad_norm=1.9357738494873047, loss=6.011171817779541
I0130 14:13:45.789550 139741760567040 logging_writer.py:48] [3000] global_step=3000, grad_norm=1.7649513483047485, loss=5.926673889160156
I0130 14:14:30.921372 139741768959744 logging_writer.py:48] [3100] global_step=3100, grad_norm=1.3825181722640991, loss=5.8831915855407715
I0130 14:15:16.006845 139741760567040 logging_writer.py:48] [3200] global_step=3200, grad_norm=1.4217485189437866, loss=6.631226539611816
I0130 14:16:00.902239 139741768959744 logging_writer.py:48] [3300] global_step=3300, grad_norm=1.6542344093322754, loss=5.89897346496582
I0130 14:16:46.008729 139741760567040 logging_writer.py:48] [3400] global_step=3400, grad_norm=1.2877212762832642, loss=6.151626110076904
I0130 14:17:31.285691 139741768959744 logging_writer.py:48] [3500] global_step=3500, grad_norm=1.656225562095642, loss=5.8411478996276855
I0130 14:18:16.385035 139741760567040 logging_writer.py:48] [3600] global_step=3600, grad_norm=1.7618433237075806, loss=5.9018025398254395
I0130 14:19:01.202839 139741768959744 logging_writer.py:48] [3700] global_step=3700, grad_norm=2.059375762939453, loss=5.788522720336914
I0130 14:19:15.294959 139936116377408 spec.py:321] Evaluating on the training split.
I0130 14:19:27.197944 139936116377408 spec.py:333] Evaluating on the validation split.
I0130 14:19:35.401630 139936116377408 spec.py:349] Evaluating on the test split.
I0130 14:19:37.035677 139936116377408 submission_runner.py:408] Time since start: 1850.86s, 	Step: 3733, 	{'train/accuracy': 0.10271484404802322, 'train/loss': 5.1039581298828125, 'validation/accuracy': 0.09443999826908112, 'validation/loss': 5.144573211669922, 'validation/num_examples': 50000, 'test/accuracy': 0.07150000333786011, 'test/loss': 5.371340274810791, 'test/num_examples': 10000, 'score': 1723.3643689155579, 'total_duration': 1850.8554532527924, 'accumulated_submission_time': 1723.3643689155579, 'accumulated_eval_time': 127.17176485061646, 'accumulated_logging_time': 0.11867594718933105}
I0130 14:19:37.052663 139741760567040 logging_writer.py:48] [3733] accumulated_eval_time=127.171765, accumulated_logging_time=0.118676, accumulated_submission_time=1723.364369, global_step=3733, preemption_count=0, score=1723.364369, test/accuracy=0.071500, test/loss=5.371340, test/num_examples=10000, total_duration=1850.855453, train/accuracy=0.102715, train/loss=5.103958, validation/accuracy=0.094440, validation/loss=5.144573, validation/num_examples=50000
I0130 14:20:04.086924 139741768959744 logging_writer.py:48] [3800] global_step=3800, grad_norm=1.557178258895874, loss=5.804905891418457
I0130 14:20:48.154743 139741760567040 logging_writer.py:48] [3900] global_step=3900, grad_norm=1.7640923261642456, loss=5.7201385498046875
I0130 14:21:33.429643 139741768959744 logging_writer.py:48] [4000] global_step=4000, grad_norm=1.357598066329956, loss=6.538231372833252
I0130 14:22:18.716171 139741760567040 logging_writer.py:48] [4100] global_step=4100, grad_norm=1.432373285293579, loss=6.515148639678955
I0130 14:23:04.040784 139741768959744 logging_writer.py:48] [4200] global_step=4200, grad_norm=1.4955580234527588, loss=5.794456958770752
I0130 14:23:48.903130 139741760567040 logging_writer.py:48] [4300] global_step=4300, grad_norm=1.2876421213150024, loss=6.510432243347168
I0130 14:24:34.383830 139741768959744 logging_writer.py:48] [4400] global_step=4400, grad_norm=1.7652639150619507, loss=5.626123905181885
I0130 14:25:19.790097 139741760567040 logging_writer.py:48] [4500] global_step=4500, grad_norm=1.2792888879776, loss=6.289567947387695
I0130 14:26:04.981732 139741768959744 logging_writer.py:48] [4600] global_step=4600, grad_norm=1.763120412826538, loss=5.535326957702637
I0130 14:26:37.366470 139936116377408 spec.py:321] Evaluating on the training split.
I0130 14:26:49.121522 139936116377408 spec.py:333] Evaluating on the validation split.
I0130 14:26:57.560768 139936116377408 spec.py:349] Evaluating on the test split.
I0130 14:26:59.168998 139936116377408 submission_runner.py:408] Time since start: 2292.99s, 	Step: 4673, 	{'train/accuracy': 0.13539062440395355, 'train/loss': 4.738257884979248, 'validation/accuracy': 0.12799999117851257, 'validation/loss': 4.791199207305908, 'validation/num_examples': 50000, 'test/accuracy': 0.09760000556707382, 'test/loss': 5.071451663970947, 'test/num_examples': 10000, 'score': 2143.616794347763, 'total_duration': 2292.988788843155, 'accumulated_submission_time': 2143.616794347763, 'accumulated_eval_time': 148.97430968284607, 'accumulated_logging_time': 0.14718222618103027}
I0130 14:26:59.186668 139741760567040 logging_writer.py:48] [4673] accumulated_eval_time=148.974310, accumulated_logging_time=0.147182, accumulated_submission_time=2143.616794, global_step=4673, preemption_count=0, score=2143.616794, test/accuracy=0.097600, test/loss=5.071452, test/num_examples=10000, total_duration=2292.988789, train/accuracy=0.135391, train/loss=4.738258, validation/accuracy=0.128000, validation/loss=4.791199, validation/num_examples=50000
I0130 14:27:10.374476 139741768959744 logging_writer.py:48] [4700] global_step=4700, grad_norm=1.6352256536483765, loss=5.639646530151367
I0130 14:27:51.858141 139741760567040 logging_writer.py:48] [4800] global_step=4800, grad_norm=1.5143948793411255, loss=5.446117401123047
I0130 14:28:37.028525 139741768959744 logging_writer.py:48] [4900] global_step=4900, grad_norm=1.6944825649261475, loss=6.0450944900512695
I0130 14:29:23.036768 139741760567040 logging_writer.py:48] [5000] global_step=5000, grad_norm=1.5045932531356812, loss=5.928247928619385
I0130 14:30:08.941924 139741768959744 logging_writer.py:48] [5100] global_step=5100, grad_norm=1.5830668210983276, loss=5.614555835723877
I0130 14:30:54.775308 139741760567040 logging_writer.py:48] [5200] global_step=5200, grad_norm=1.561802625656128, loss=5.487425804138184
I0130 14:31:40.559224 139741768959744 logging_writer.py:48] [5300] global_step=5300, grad_norm=1.7955149412155151, loss=5.415988445281982
I0130 14:32:25.807564 139741760567040 logging_writer.py:48] [5400] global_step=5400, grad_norm=1.5797743797302246, loss=5.315223217010498
I0130 14:33:11.117716 139741768959744 logging_writer.py:48] [5500] global_step=5500, grad_norm=1.6490964889526367, loss=5.355499744415283
I0130 14:33:56.170511 139741760567040 logging_writer.py:48] [5600] global_step=5600, grad_norm=1.171875238418579, loss=6.354504585266113
I0130 14:33:59.512906 139936116377408 spec.py:321] Evaluating on the training split.
I0130 14:34:11.641788 139936116377408 spec.py:333] Evaluating on the validation split.
I0130 14:34:19.796397 139936116377408 spec.py:349] Evaluating on the test split.
I0130 14:34:21.417642 139936116377408 submission_runner.py:408] Time since start: 2735.24s, 	Step: 5609, 	{'train/accuracy': 0.1873828023672104, 'train/loss': 4.345278739929199, 'validation/accuracy': 0.1711599975824356, 'validation/loss': 4.43392276763916, 'validation/num_examples': 50000, 'test/accuracy': 0.12640000879764557, 'test/loss': 4.761846542358398, 'test/num_examples': 10000, 'score': 2563.884337425232, 'total_duration': 2735.237434864044, 'accumulated_submission_time': 2563.884337425232, 'accumulated_eval_time': 170.8790421485901, 'accumulated_logging_time': 0.1756596565246582}
I0130 14:34:21.436359 139741768959744 logging_writer.py:48] [5609] accumulated_eval_time=170.879042, accumulated_logging_time=0.175660, accumulated_submission_time=2563.884337, global_step=5609, preemption_count=0, score=2563.884337, test/accuracy=0.126400, test/loss=4.761847, test/num_examples=10000, total_duration=2735.237435, train/accuracy=0.187383, train/loss=4.345279, validation/accuracy=0.171160, validation/loss=4.433923, validation/num_examples=50000
I0130 14:34:58.101537 139741760567040 logging_writer.py:48] [5700] global_step=5700, grad_norm=1.1174432039260864, loss=6.414262294769287
I0130 14:35:42.930815 139741768959744 logging_writer.py:48] [5800] global_step=5800, grad_norm=1.4455318450927734, loss=5.394261837005615
I0130 14:36:28.336874 139741760567040 logging_writer.py:48] [5900] global_step=5900, grad_norm=1.6759750843048096, loss=5.1558837890625
I0130 14:37:13.716446 139741768959744 logging_writer.py:48] [6000] global_step=6000, grad_norm=1.4524495601654053, loss=5.233353614807129
I0130 14:37:58.776806 139741760567040 logging_writer.py:48] [6100] global_step=6100, grad_norm=1.8172513246536255, loss=5.213385105133057
I0130 14:38:44.371011 139741768959744 logging_writer.py:48] [6200] global_step=6200, grad_norm=1.6185715198516846, loss=5.457916259765625
I0130 14:39:30.648303 139741760567040 logging_writer.py:48] [6300] global_step=6300, grad_norm=1.2367314100265503, loss=6.351158142089844
I0130 14:40:16.235753 139741768959744 logging_writer.py:48] [6400] global_step=6400, grad_norm=1.213525414466858, loss=5.855071067810059
I0130 14:41:01.802320 139741760567040 logging_writer.py:48] [6500] global_step=6500, grad_norm=1.9450174570083618, loss=5.256561279296875
I0130 14:41:21.834011 139936116377408 spec.py:321] Evaluating on the training split.
I0130 14:41:33.884166 139936116377408 spec.py:333] Evaluating on the validation split.
I0130 14:41:45.225507 139936116377408 spec.py:349] Evaluating on the test split.
I0130 14:41:46.844934 139936116377408 submission_runner.py:408] Time since start: 3180.66s, 	Step: 6546, 	{'train/accuracy': 0.23087890446186066, 'train/loss': 3.9954845905303955, 'validation/accuracy': 0.21111999452114105, 'validation/loss': 4.086441993713379, 'validation/num_examples': 50000, 'test/accuracy': 0.15630000829696655, 'test/loss': 4.464807987213135, 'test/num_examples': 10000, 'score': 2984.2211933135986, 'total_duration': 3180.6647255420685, 'accumulated_submission_time': 2984.2211933135986, 'accumulated_eval_time': 195.88995552062988, 'accumulated_logging_time': 0.2058713436126709}
I0130 14:41:46.867095 139741768959744 logging_writer.py:48] [6546] accumulated_eval_time=195.889956, accumulated_logging_time=0.205871, accumulated_submission_time=2984.221193, global_step=6546, preemption_count=0, score=2984.221193, test/accuracy=0.156300, test/loss=4.464808, test/num_examples=10000, total_duration=3180.664726, train/accuracy=0.230879, train/loss=3.995485, validation/accuracy=0.211120, validation/loss=4.086442, validation/num_examples=50000
I0130 14:42:08.768338 139741760567040 logging_writer.py:48] [6600] global_step=6600, grad_norm=1.6446846723556519, loss=5.201990127563477
I0130 14:42:51.885360 139741768959744 logging_writer.py:48] [6700] global_step=6700, grad_norm=1.4615428447723389, loss=5.379145622253418
I0130 14:43:37.197134 139741760567040 logging_writer.py:48] [6800] global_step=6800, grad_norm=1.476068377494812, loss=5.206360340118408
I0130 14:44:22.421543 139741768959744 logging_writer.py:48] [6900] global_step=6900, grad_norm=1.7748156785964966, loss=4.985867023468018
I0130 14:45:07.561709 139741760567040 logging_writer.py:48] [7000] global_step=7000, grad_norm=1.5776673555374146, loss=5.021708011627197
I0130 14:45:52.521939 139741768959744 logging_writer.py:48] [7100] global_step=7100, grad_norm=2.0037128925323486, loss=4.913602352142334
I0130 14:46:37.823933 139741760567040 logging_writer.py:48] [7200] global_step=7200, grad_norm=1.7263649702072144, loss=4.995832443237305
I0130 14:47:23.067355 139741768959744 logging_writer.py:48] [7300] global_step=7300, grad_norm=1.1851682662963867, loss=6.309526443481445
I0130 14:48:08.631721 139741760567040 logging_writer.py:48] [7400] global_step=7400, grad_norm=1.9657135009765625, loss=4.900970935821533
I0130 14:48:47.234944 139936116377408 spec.py:321] Evaluating on the training split.
I0130 14:48:59.367982 139936116377408 spec.py:333] Evaluating on the validation split.
I0130 14:49:11.855348 139936116377408 spec.py:349] Evaluating on the test split.
I0130 14:49:13.463283 139936116377408 submission_runner.py:408] Time since start: 3627.28s, 	Step: 7486, 	{'train/accuracy': 0.2678515613079071, 'train/loss': 3.742283821105957, 'validation/accuracy': 0.24859999120235443, 'validation/loss': 3.837204694747925, 'validation/num_examples': 50000, 'test/accuracy': 0.18870000541210175, 'test/loss': 4.262177467346191, 'test/num_examples': 10000, 'score': 3404.525137901306, 'total_duration': 3627.2830555438995, 'accumulated_submission_time': 3404.525137901306, 'accumulated_eval_time': 222.11826848983765, 'accumulated_logging_time': 0.23824262619018555}
I0130 14:49:13.487788 139741768959744 logging_writer.py:48] [7486] accumulated_eval_time=222.118268, accumulated_logging_time=0.238243, accumulated_submission_time=3404.525138, global_step=7486, preemption_count=0, score=3404.525138, test/accuracy=0.188700, test/loss=4.262177, test/num_examples=10000, total_duration=3627.283056, train/accuracy=0.267852, train/loss=3.742284, validation/accuracy=0.248600, validation/loss=3.837205, validation/num_examples=50000
I0130 14:49:19.472937 139741760567040 logging_writer.py:48] [7500] global_step=7500, grad_norm=1.6636217832565308, loss=4.769843101501465
I0130 14:50:00.396029 139741768959744 logging_writer.py:48] [7600] global_step=7600, grad_norm=1.4910914897918701, loss=5.091312885284424
I0130 14:50:45.471517 139741760567040 logging_writer.py:48] [7700] global_step=7700, grad_norm=1.6612563133239746, loss=4.818792819976807
I0130 14:51:30.869476 139741768959744 logging_writer.py:48] [7800] global_step=7800, grad_norm=1.682180643081665, loss=4.884369373321533
I0130 14:52:16.312540 139741760567040 logging_writer.py:48] [7900] global_step=7900, grad_norm=2.01019024848938, loss=5.1667680740356445
I0130 14:53:01.390752 139741768959744 logging_writer.py:48] [8000] global_step=8000, grad_norm=1.3780807256698608, loss=6.16922664642334
I0130 14:53:46.706958 139741760567040 logging_writer.py:48] [8100] global_step=8100, grad_norm=1.6807790994644165, loss=4.856742858886719
I0130 14:54:31.783433 139741768959744 logging_writer.py:48] [8200] global_step=8200, grad_norm=1.315602421760559, loss=5.534570693969727
I0130 14:55:16.988910 139741760567040 logging_writer.py:48] [8300] global_step=8300, grad_norm=1.7860560417175293, loss=4.826779365539551
I0130 14:56:02.147086 139741768959744 logging_writer.py:48] [8400] global_step=8400, grad_norm=1.5731655359268188, loss=4.662837982177734
I0130 14:56:13.874782 139936116377408 spec.py:321] Evaluating on the training split.
I0130 14:56:25.850920 139936116377408 spec.py:333] Evaluating on the validation split.
I0130 14:56:43.361909 139936116377408 spec.py:349] Evaluating on the test split.
I0130 14:56:44.982839 139936116377408 submission_runner.py:408] Time since start: 4078.80s, 	Step: 8427, 	{'train/accuracy': 0.3073437511920929, 'train/loss': 3.5018374919891357, 'validation/accuracy': 0.28248000144958496, 'validation/loss': 3.621398448944092, 'validation/num_examples': 50000, 'test/accuracy': 0.2143000066280365, 'test/loss': 4.080821514129639, 'test/num_examples': 10000, 'score': 3824.85044836998, 'total_duration': 4078.8026208877563, 'accumulated_submission_time': 3824.85044836998, 'accumulated_eval_time': 253.22631406784058, 'accumulated_logging_time': 0.2754535675048828}
I0130 14:56:45.001589 139741760567040 logging_writer.py:48] [8427] accumulated_eval_time=253.226314, accumulated_logging_time=0.275454, accumulated_submission_time=3824.850448, global_step=8427, preemption_count=0, score=3824.850448, test/accuracy=0.214300, test/loss=4.080822, test/num_examples=10000, total_duration=4078.802621, train/accuracy=0.307344, train/loss=3.501837, validation/accuracy=0.282480, validation/loss=3.621398, validation/num_examples=50000
I0130 14:57:14.443655 139741768959744 logging_writer.py:48] [8500] global_step=8500, grad_norm=1.8224469423294067, loss=4.72355318069458
I0130 14:57:58.687461 139741760567040 logging_writer.py:48] [8600] global_step=8600, grad_norm=1.4958105087280273, loss=5.406982421875
I0130 14:58:43.951335 139741768959744 logging_writer.py:48] [8700] global_step=8700, grad_norm=1.1203980445861816, loss=6.009604454040527
I0130 14:59:29.421345 139741760567040 logging_writer.py:48] [8800] global_step=8800, grad_norm=1.7965362071990967, loss=4.588654518127441
I0130 15:00:14.634171 139741768959744 logging_writer.py:48] [8900] global_step=8900, grad_norm=1.2199009656906128, loss=5.842665195465088
I0130 15:00:59.656565 139741760567040 logging_writer.py:48] [9000] global_step=9000, grad_norm=1.4874722957611084, loss=4.933285713195801
I0130 15:01:45.204166 139741768959744 logging_writer.py:48] [9100] global_step=9100, grad_norm=1.8032910823822021, loss=4.583003044128418
I0130 15:02:30.609094 139741760567040 logging_writer.py:48] [9200] global_step=9200, grad_norm=1.6840686798095703, loss=4.520804405212402
I0130 15:03:15.811976 139741768959744 logging_writer.py:48] [9300] global_step=9300, grad_norm=1.2059276103973389, loss=5.644423484802246
I0130 15:03:45.215244 139936116377408 spec.py:321] Evaluating on the training split.
I0130 15:03:57.852091 139936116377408 spec.py:333] Evaluating on the validation split.
I0130 15:04:09.274807 139936116377408 spec.py:349] Evaluating on the test split.
I0130 15:04:10.932988 139936116377408 submission_runner.py:408] Time since start: 4524.75s, 	Step: 9367, 	{'train/accuracy': 0.353339821100235, 'train/loss': 3.1838603019714355, 'validation/accuracy': 0.315420001745224, 'validation/loss': 3.375602960586548, 'validation/num_examples': 50000, 'test/accuracy': 0.242000013589859, 'test/loss': 3.8549141883850098, 'test/num_examples': 10000, 'score': 4245.004207611084, 'total_duration': 4524.752751588821, 'accumulated_submission_time': 4245.004207611084, 'accumulated_eval_time': 278.9440326690674, 'accumulated_logging_time': 0.30495738983154297}
I0130 15:04:10.959729 139741760567040 logging_writer.py:48] [9367] accumulated_eval_time=278.944033, accumulated_logging_time=0.304957, accumulated_submission_time=4245.004208, global_step=9367, preemption_count=0, score=4245.004208, test/accuracy=0.242000, test/loss=3.854914, test/num_examples=10000, total_duration=4524.752752, train/accuracy=0.353340, train/loss=3.183860, validation/accuracy=0.315420, validation/loss=3.375603, validation/num_examples=50000
I0130 15:04:24.519939 139741768959744 logging_writer.py:48] [9400] global_step=9400, grad_norm=1.7881317138671875, loss=4.460725784301758
I0130 15:05:06.268830 139741760567040 logging_writer.py:48] [9500] global_step=9500, grad_norm=1.2700763940811157, loss=6.1924614906311035
I0130 15:05:51.668293 139741768959744 logging_writer.py:48] [9600] global_step=9600, grad_norm=1.4239256381988525, loss=5.949153900146484
I0130 15:06:37.360335 139741760567040 logging_writer.py:48] [9700] global_step=9700, grad_norm=1.151298999786377, loss=6.043115615844727
I0130 15:07:22.638553 139741768959744 logging_writer.py:48] [9800] global_step=9800, grad_norm=1.5978387594223022, loss=4.4552459716796875
I0130 15:08:08.124691 139741760567040 logging_writer.py:48] [9900] global_step=9900, grad_norm=1.1169373989105225, loss=6.097369194030762
I0130 15:08:53.344506 139741768959744 logging_writer.py:48] [10000] global_step=10000, grad_norm=1.923211693763733, loss=4.378747463226318
I0130 15:09:38.507842 139741760567040 logging_writer.py:48] [10100] global_step=10100, grad_norm=1.0659624338150024, loss=6.089102268218994
I0130 15:10:23.981745 139741768959744 logging_writer.py:48] [10200] global_step=10200, grad_norm=1.4592726230621338, loss=5.520472049713135
I0130 15:11:09.297356 139741760567040 logging_writer.py:48] [10300] global_step=10300, grad_norm=1.1690868139266968, loss=5.4197869300842285
I0130 15:11:11.330918 139936116377408 spec.py:321] Evaluating on the training split.
I0130 15:11:23.340116 139936116377408 spec.py:333] Evaluating on the validation split.
I0130 15:11:38.375141 139936116377408 spec.py:349] Evaluating on the test split.
I0130 15:11:40.003430 139936116377408 submission_runner.py:408] Time since start: 4973.82s, 	Step: 10306, 	{'train/accuracy': 0.37101560831069946, 'train/loss': 3.0405492782592773, 'validation/accuracy': 0.34401997923851013, 'validation/loss': 3.174036741256714, 'validation/num_examples': 50000, 'test/accuracy': 0.26600000262260437, 'test/loss': 3.685535430908203, 'test/num_examples': 10000, 'score': 4665.314122676849, 'total_duration': 4973.823203802109, 'accumulated_submission_time': 4665.314122676849, 'accumulated_eval_time': 307.616507768631, 'accumulated_logging_time': 0.3441452980041504}
I0130 15:11:40.022779 139741768959744 logging_writer.py:48] [10306] accumulated_eval_time=307.616508, accumulated_logging_time=0.344145, accumulated_submission_time=4665.314123, global_step=10306, preemption_count=0, score=4665.314123, test/accuracy=0.266000, test/loss=3.685535, test/num_examples=10000, total_duration=4973.823204, train/accuracy=0.371016, train/loss=3.040549, validation/accuracy=0.344020, validation/loss=3.174037, validation/num_examples=50000
I0130 15:12:17.939646 139741760567040 logging_writer.py:48] [10400] global_step=10400, grad_norm=1.4706628322601318, loss=5.0122175216674805
I0130 15:13:03.611842 139741768959744 logging_writer.py:48] [10500] global_step=10500, grad_norm=1.7354456186294556, loss=4.997095108032227
I0130 15:13:49.131325 139741760567040 logging_writer.py:48] [10600] global_step=10600, grad_norm=1.5101662874221802, loss=4.38527774810791
I0130 15:14:34.412189 139741768959744 logging_writer.py:48] [10700] global_step=10700, grad_norm=1.7639055252075195, loss=4.413652420043945
I0130 15:15:19.866997 139741760567040 logging_writer.py:48] [10800] global_step=10800, grad_norm=1.447096347808838, loss=4.369044303894043
I0130 15:16:05.550800 139741768959744 logging_writer.py:48] [10900] global_step=10900, grad_norm=1.139418363571167, loss=5.306131362915039
I0130 15:16:51.016538 139741760567040 logging_writer.py:48] [11000] global_step=11000, grad_norm=2.5757734775543213, loss=4.271786689758301
I0130 15:17:36.208663 139741768959744 logging_writer.py:48] [11100] global_step=11100, grad_norm=1.5169947147369385, loss=4.3066301345825195
I0130 15:18:21.627853 139741760567040 logging_writer.py:48] [11200] global_step=11200, grad_norm=1.496589183807373, loss=4.436069011688232
I0130 15:18:40.285035 139936116377408 spec.py:321] Evaluating on the training split.
I0130 15:18:53.781486 139936116377408 spec.py:333] Evaluating on the validation split.
I0130 15:19:06.336083 139936116377408 spec.py:349] Evaluating on the test split.
I0130 15:19:07.948442 139936116377408 submission_runner.py:408] Time since start: 5421.77s, 	Step: 11243, 	{'train/accuracy': 0.3888476490974426, 'train/loss': 2.948613166809082, 'validation/accuracy': 0.36027997732162476, 'validation/loss': 3.093329668045044, 'validation/num_examples': 50000, 'test/accuracy': 0.27720001339912415, 'test/loss': 3.618096351623535, 'test/num_examples': 10000, 'score': 5085.516779184341, 'total_duration': 5421.768236398697, 'accumulated_submission_time': 5085.516779184341, 'accumulated_eval_time': 335.2799074649811, 'accumulated_logging_time': 0.3747379779815674}
I0130 15:19:07.969686 139741768959744 logging_writer.py:48] [11243] accumulated_eval_time=335.279907, accumulated_logging_time=0.374738, accumulated_submission_time=5085.516779, global_step=11243, preemption_count=0, score=5085.516779, test/accuracy=0.277200, test/loss=3.618096, test/num_examples=10000, total_duration=5421.768236, train/accuracy=0.388848, train/loss=2.948613, validation/accuracy=0.360280, validation/loss=3.093330, validation/num_examples=50000
I0130 15:19:31.065657 139741760567040 logging_writer.py:48] [11300] global_step=11300, grad_norm=1.3768397569656372, loss=4.357163429260254
I0130 15:20:15.335408 139741768959744 logging_writer.py:48] [11400] global_step=11400, grad_norm=1.1241627931594849, loss=5.935842514038086
I0130 15:21:00.515199 139741760567040 logging_writer.py:48] [11500] global_step=11500, grad_norm=1.3704191446304321, loss=4.8967814445495605
I0130 15:21:46.202569 139741768959744 logging_writer.py:48] [11600] global_step=11600, grad_norm=1.8054312467575073, loss=4.293083667755127
I0130 15:22:31.487880 139741760567040 logging_writer.py:48] [11700] global_step=11700, grad_norm=1.1390453577041626, loss=5.39995002746582
I0130 15:23:16.635072 139741768959744 logging_writer.py:48] [11800] global_step=11800, grad_norm=1.6318106651306152, loss=4.220737457275391
I0130 15:24:01.583739 139741760567040 logging_writer.py:48] [11900] global_step=11900, grad_norm=1.0817549228668213, loss=5.955562114715576
I0130 15:24:46.879842 139741768959744 logging_writer.py:48] [12000] global_step=12000, grad_norm=1.6022518873214722, loss=4.056201457977295
I0130 15:25:32.125205 139741760567040 logging_writer.py:48] [12100] global_step=12100, grad_norm=1.4730206727981567, loss=4.669613838195801
I0130 15:26:08.108730 139936116377408 spec.py:321] Evaluating on the training split.
I0130 15:26:21.107660 139936116377408 spec.py:333] Evaluating on the validation split.
I0130 15:26:38.214434 139936116377408 spec.py:349] Evaluating on the test split.
I0130 15:26:39.843838 139936116377408 submission_runner.py:408] Time since start: 5873.66s, 	Step: 12180, 	{'train/accuracy': 0.4136328101158142, 'train/loss': 2.8385469913482666, 'validation/accuracy': 0.37389999628067017, 'validation/loss': 3.021648406982422, 'validation/num_examples': 50000, 'test/accuracy': 0.28790000081062317, 'test/loss': 3.568051338195801, 'test/num_examples': 10000, 'score': 5505.593339443207, 'total_duration': 5873.66360616684, 'accumulated_submission_time': 5505.593339443207, 'accumulated_eval_time': 367.0149767398834, 'accumulated_logging_time': 0.4094424247741699}
I0130 15:26:39.866011 139741768959744 logging_writer.py:48] [12180] accumulated_eval_time=367.014977, accumulated_logging_time=0.409442, accumulated_submission_time=5505.593339, global_step=12180, preemption_count=0, score=5505.593339, test/accuracy=0.287900, test/loss=3.568051, test/num_examples=10000, total_duration=5873.663606, train/accuracy=0.413633, train/loss=2.838547, validation/accuracy=0.373900, validation/loss=3.021648, validation/num_examples=50000
I0130 15:26:48.217604 139741760567040 logging_writer.py:48] [12200] global_step=12200, grad_norm=1.2776784896850586, loss=4.304296493530273
I0130 15:27:29.108757 139741768959744 logging_writer.py:48] [12300] global_step=12300, grad_norm=1.7131478786468506, loss=4.126785755157471
I0130 15:28:15.045664 139741760567040 logging_writer.py:48] [12400] global_step=12400, grad_norm=1.5979684591293335, loss=4.2983293533325195
I0130 15:29:00.823234 139741768959744 logging_writer.py:48] [12500] global_step=12500, grad_norm=1.9700018167495728, loss=4.136612892150879
I0130 15:29:46.535611 139741760567040 logging_writer.py:48] [12600] global_step=12600, grad_norm=1.3084913492202759, loss=4.713408470153809
I0130 15:30:32.043944 139741768959744 logging_writer.py:48] [12700] global_step=12700, grad_norm=1.403967022895813, loss=4.163977146148682
I0130 15:31:17.709169 139741760567040 logging_writer.py:48] [12800] global_step=12800, grad_norm=1.1788197755813599, loss=5.3377532958984375
I0130 15:32:03.520147 139741768959744 logging_writer.py:48] [12900] global_step=12900, grad_norm=1.342603325843811, loss=4.146725654602051
I0130 15:32:48.961685 139741760567040 logging_writer.py:48] [13000] global_step=13000, grad_norm=1.3902970552444458, loss=4.101583957672119
I0130 15:33:34.815429 139741768959744 logging_writer.py:48] [13100] global_step=13100, grad_norm=1.3730872869491577, loss=4.229142665863037
I0130 15:33:40.009785 139936116377408 spec.py:321] Evaluating on the training split.
I0130 15:33:53.613778 139936116377408 spec.py:333] Evaluating on the validation split.
I0130 15:34:11.737906 139936116377408 spec.py:349] Evaluating on the test split.
I0130 15:34:13.349639 139936116377408 submission_runner.py:408] Time since start: 6327.17s, 	Step: 13113, 	{'train/accuracy': 0.4274218678474426, 'train/loss': 2.7390637397766113, 'validation/accuracy': 0.39733999967575073, 'validation/loss': 2.8888654708862305, 'validation/num_examples': 50000, 'test/accuracy': 0.3093000054359436, 'test/loss': 3.4295434951782227, 'test/num_examples': 10000, 'score': 5925.677830457687, 'total_duration': 6327.169443368912, 'accumulated_submission_time': 5925.677830457687, 'accumulated_eval_time': 400.35482573509216, 'accumulated_logging_time': 0.441788911819458}
I0130 15:34:13.366474 139741760567040 logging_writer.py:48] [13113] accumulated_eval_time=400.354826, accumulated_logging_time=0.441789, accumulated_submission_time=5925.677830, global_step=13113, preemption_count=0, score=5925.677830, test/accuracy=0.309300, test/loss=3.429543, test/num_examples=10000, total_duration=6327.169443, train/accuracy=0.427422, train/loss=2.739064, validation/accuracy=0.397340, validation/loss=2.888865, validation/num_examples=50000
I0130 15:34:48.332757 139741768959744 logging_writer.py:48] [13200] global_step=13200, grad_norm=1.719050645828247, loss=4.107598304748535
I0130 15:35:32.260094 139741760567040 logging_writer.py:48] [13300] global_step=13300, grad_norm=1.4494153261184692, loss=4.078512668609619
I0130 15:36:17.979633 139741768959744 logging_writer.py:48] [13400] global_step=13400, grad_norm=0.9878590106964111, loss=6.054774761199951
I0130 15:37:03.695518 139741760567040 logging_writer.py:48] [13500] global_step=13500, grad_norm=1.3848507404327393, loss=4.1127214431762695
I0130 15:37:49.581797 139741768959744 logging_writer.py:48] [13600] global_step=13600, grad_norm=1.369407057762146, loss=5.415308475494385
I0130 15:38:35.256218 139741760567040 logging_writer.py:48] [13700] global_step=13700, grad_norm=1.0953524112701416, loss=5.330229759216309
I0130 15:39:20.909597 139741768959744 logging_writer.py:48] [13800] global_step=13800, grad_norm=1.1432790756225586, loss=4.954446792602539
I0130 15:40:06.744469 139741760567040 logging_writer.py:48] [13900] global_step=13900, grad_norm=0.9169301390647888, loss=5.723358631134033
I0130 15:40:52.089977 139741768959744 logging_writer.py:48] [14000] global_step=14000, grad_norm=1.6359279155731201, loss=4.074666500091553
I0130 15:41:13.619480 139936116377408 spec.py:321] Evaluating on the training split.
I0130 15:41:27.710176 139936116377408 spec.py:333] Evaluating on the validation split.
I0130 15:41:48.815574 139936116377408 spec.py:349] Evaluating on the test split.
I0130 15:41:50.421696 139936116377408 submission_runner.py:408] Time since start: 6784.24s, 	Step: 14049, 	{'train/accuracy': 0.44376951456069946, 'train/loss': 2.6229381561279297, 'validation/accuracy': 0.41033998131752014, 'validation/loss': 2.784433364868164, 'validation/num_examples': 50000, 'test/accuracy': 0.3188000023365021, 'test/loss': 3.3676393032073975, 'test/num_examples': 10000, 'score': 6345.869318246841, 'total_duration': 6784.241494894028, 'accumulated_submission_time': 6345.869318246841, 'accumulated_eval_time': 437.1570258140564, 'accumulated_logging_time': 0.47129106521606445}
I0130 15:41:50.441715 139741760567040 logging_writer.py:48] [14049] accumulated_eval_time=437.157026, accumulated_logging_time=0.471291, accumulated_submission_time=6345.869318, global_step=14049, preemption_count=0, score=6345.869318, test/accuracy=0.318800, test/loss=3.367639, test/num_examples=10000, total_duration=6784.241495, train/accuracy=0.443770, train/loss=2.622938, validation/accuracy=0.410340, validation/loss=2.784433, validation/num_examples=50000
I0130 15:42:11.079167 139741768959744 logging_writer.py:48] [14100] global_step=14100, grad_norm=1.4783611297607422, loss=4.038317680358887
I0130 15:42:53.409754 139741760567040 logging_writer.py:48] [14200] global_step=14200, grad_norm=1.6438761949539185, loss=4.094578266143799
I0130 15:43:39.100436 139741768959744 logging_writer.py:48] [14300] global_step=14300, grad_norm=1.040342926979065, loss=5.214268207550049
I0130 15:44:24.585142 139741760567040 logging_writer.py:48] [14400] global_step=14400, grad_norm=1.5043588876724243, loss=4.153425216674805
I0130 15:45:09.996903 139741768959744 logging_writer.py:48] [14500] global_step=14500, grad_norm=1.4801243543624878, loss=3.9621007442474365
I0130 15:45:55.000275 139741760567040 logging_writer.py:48] [14600] global_step=14600, grad_norm=1.3483151197433472, loss=4.078253269195557
I0130 15:46:40.705778 139741768959744 logging_writer.py:48] [14700] global_step=14700, grad_norm=1.4424864053726196, loss=3.9575581550598145
I0130 15:47:26.661092 139741760567040 logging_writer.py:48] [14800] global_step=14800, grad_norm=1.3654576539993286, loss=4.084779739379883
I0130 15:48:12.352752 139741768959744 logging_writer.py:48] [14900] global_step=14900, grad_norm=1.0136103630065918, loss=6.073407173156738
I0130 15:48:50.422312 139936116377408 spec.py:321] Evaluating on the training split.
I0130 15:49:05.385875 139936116377408 spec.py:333] Evaluating on the validation split.
I0130 15:49:25.220427 139936116377408 spec.py:349] Evaluating on the test split.
I0130 15:49:26.833984 139936116377408 submission_runner.py:408] Time since start: 7240.65s, 	Step: 14985, 	{'train/accuracy': 0.4652148187160492, 'train/loss': 2.516399383544922, 'validation/accuracy': 0.4221400022506714, 'validation/loss': 2.725985288619995, 'validation/num_examples': 50000, 'test/accuracy': 0.32660001516342163, 'test/loss': 3.2856686115264893, 'test/num_examples': 10000, 'score': 6765.7920479774475, 'total_duration': 7240.653775691986, 'accumulated_submission_time': 6765.7920479774475, 'accumulated_eval_time': 473.5686767101288, 'accumulated_logging_time': 0.5005159378051758}
I0130 15:49:26.854135 139741760567040 logging_writer.py:48] [14985] accumulated_eval_time=473.568677, accumulated_logging_time=0.500516, accumulated_submission_time=6765.792048, global_step=14985, preemption_count=0, score=6765.792048, test/accuracy=0.326600, test/loss=3.285669, test/num_examples=10000, total_duration=7240.653776, train/accuracy=0.465215, train/loss=2.516399, validation/accuracy=0.422140, validation/loss=2.725985, validation/num_examples=50000
I0130 15:49:33.220345 139741768959744 logging_writer.py:48] [15000] global_step=15000, grad_norm=1.2760416269302368, loss=4.769414901733398
I0130 15:50:14.661623 139741760567040 logging_writer.py:48] [15100] global_step=15100, grad_norm=1.4831547737121582, loss=4.051008224487305
I0130 15:51:00.269247 139741768959744 logging_writer.py:48] [15200] global_step=15200, grad_norm=1.3265115022659302, loss=4.458902359008789
I0130 15:51:46.331423 139741760567040 logging_writer.py:48] [15300] global_step=15300, grad_norm=1.5147571563720703, loss=4.32001256942749
I0130 15:52:32.294795 139741768959744 logging_writer.py:48] [15400] global_step=15400, grad_norm=1.3316445350646973, loss=3.916020154953003
I0130 15:53:18.129844 139741760567040 logging_writer.py:48] [15500] global_step=15500, grad_norm=0.9367555975914001, loss=5.651531219482422
I0130 15:54:03.698321 139741768959744 logging_writer.py:48] [15600] global_step=15600, grad_norm=1.2364698648452759, loss=4.909947872161865
I0130 15:54:49.631340 139741760567040 logging_writer.py:48] [15700] global_step=15700, grad_norm=1.2933769226074219, loss=3.934527635574341
I0130 15:55:35.322114 139741768959744 logging_writer.py:48] [15800] global_step=15800, grad_norm=0.8705866932868958, loss=5.901880264282227
